[INFO] [launch]: All log files can be found below /home/skbt2/.ros/log/2026-04-23-09-29-37-897995-DESKTOP-90MQDL6-892929
[INFO] [launch]: Default logging verbosity is set to INFO
[INFO] [gazebo-1]: process started with pid [892987]
[INFO] [parameter_bridge-2]: process started with pid [892988]
[INFO] [pedestrian_state_publisher-3]: process started with pid [892989]
[INFO] [uav_trajectory_controller-4]: process started with pid [892990]
[INFO] [image_pointcloud_relay-5]: process started with pid [892991]
[INFO] [lvdot_yolo_node-6]: process started with pid [892992]
[INFO] [lvdot_detector_main-7]: process started with pid [892993]
[parameter_bridge-2] [INFO] [1776907778.491796785] [ros_gz_bridge]: Creating GZ->ROS Bridge: [/rgbd_camera/image (gz.msgs.Image) -> /rgbd_camera/image (sensor_msgs/msg/Image)] (Lazy 0)
[parameter_bridge-2] [INFO] [1776907778.497611777] [ros_gz_bridge]: Creating GZ->ROS Bridge: [/rgbd_camera/camera_info (gz.msgs.CameraInfo) -> /rgbd_camera/camera_info (sensor_msgs/msg/CameraInfo)] (Lazy 0)
[parameter_bridge-2] [INFO] [1776907778.498696208] [ros_gz_bridge]: Creating GZ->ROS Bridge: [/rgbd_camera/depth_image (gz.msgs.Image) -> /rgbd_camera/depth_image (sensor_msgs/msg/Image)] (Lazy 0)
[parameter_bridge-2] [INFO] [1776907778.499330545] [ros_gz_bridge]: Creating GZ->ROS Bridge: [/rgbd_camera/points (gz.msgs.PointCloudPacked) -> /rgbd_camera/points (sensor_msgs/msg/PointCloud2)] (Lazy 0)
[parameter_bridge-2] [INFO] [1776907778.500544050] [ros_gz_bridge]: Creating GZ->ROS Bridge: [/camera/imu (gz.msgs.IMU) -> /camera/imu (sensor_msgs/msg/Imu)] (Lazy 0)
[parameter_bridge-2] [INFO] [1776907778.502581461] [ros_gz_bridge]: Creating ROS->GZ service bridge [/world/pedestrian_prototype/set_pose (ros_gz_interfaces/srv/SetEntityPose -> /)]
[parameter_bridge-2] [INFO] [1776907778.505305713] [ros_gz_bridge]: Creating ROS->GZ service bridge [/world/pedestrian_prototype/set_pose/blocking (ros_gz_interfaces/srv/SetEntityPose -> /)]
[lvdot_detector_main-7] [INFO] [1776907779.338101008] [lvdot_detector_node]: Config loaded: localization_mode=0 dt=0.033 image=640x480 depth_range=[0.20, 12.00] stage_timers=true
[lvdot_detector_main-7] [INFO] [1776907780.404320237] [lvdot_detector_node]: LV-DOT ROS2 skeleton started. depth=/camera/depth/image_rect_raw color=/camera/color/image_raw lidar=/rgbd_camera/points pose=/mavros/local_position/pose odom=/mavros/local_position/odom yolo=/yolo_detector/detected_bounding_boxes
[gazebo-1] [INFO] [1776907781.897791366] [pedestrian_pose_sync_system]: Configured pedestrian pose sync plugin on topic [/pedestrian_sim/agent_states] for 8 models.
[lvdot_detector_main-7] [INFO] [1776907782.405266272] [lvdot_detector_node]: Input health: depth=0 color=2 lidar=0 pose=33 odom=33 yolo=1 depth_pose_sync=0 lidar_pose_sync=0 depth_odom_sync=0 lidar_odom_sync=0
[lvdot_detector_main-7] [INFO] [1776907782.408044836] [lvdot_detector_node]: Stage timers: detection=59 lidar_detection=59 tracking=59 classification=59 vis=59
[lvdot_detector_main-7] [INFO] [1776907782.408090397] [lvdot_detector_node]: Processing phases: detection=waiting_depth lidar_detection=waiting_new_lidar tracking=waiting_filtered_bboxes classification=idle
[lvdot_detector_main-7] [INFO] [1776907782.408107043] [lvdot_detector_node]: Pipeline stats: depth_samples=0/0 u_map=0 depth_boxes=0 u_map_merge=0 u_map_db=0 u_map_visual=0 u_map_fused=0 u_map_filtered=0 lidar_samples=0/0 uv=0 db=0 lidar=0 fused=0 filtered=0 tracks=0 dynamic=0 dyn_points=0 raw_dyn_points=0 service=0/0 split=0->0 (0 outputs) fusion_components=0 visual_only=0 lidar_only=0 fixed_size=0 size_reject=0
[uav_trajectory_controller-4] [WARN] [1776907782.891428072] [uav_trajectory_controller]: SetEntityPose request timed out after 0.60s on /world/pedestrian_prototype/set_pose/blocking; dropping the pending request and retrying.
[uav_trajectory_controller-4] [WARN] [1776907782.897057394] [uav_trajectory_controller]: Falling back from /world/pedestrian_prototype/set_pose/blocking to /world/pedestrian_prototype/set_pose.
[uav_trajectory_controller-4] [WARN] [1776907783.556896578] [uav_trajectory_controller]: SetEntityPose request timed out after 0.62s on /world/pedestrian_prototype/set_pose; dropping the pending request and retrying.
[uav_trajectory_controller-4] [WARN] [1776907784.314560684] [uav_trajectory_controller]: SetEntityPose request timed out after 0.61s on /world/pedestrian_prototype/set_pose; dropping the pending request and retrying.
[uav_trajectory_controller-4] [WARN] [1776907785.058162580] [uav_trajectory_controller]: SetEntityPose request timed out after 0.62s on /world/pedestrian_prototype/set_pose; dropping the pending request and retrying.
[uav_trajectory_controller-4] [WARN] [1776907785.813625719] [uav_trajectory_controller]: SetEntityPose request timed out after 0.62s on /world/pedestrian_prototype/set_pose; dropping the pending request and retrying.
[uav_trajectory_controller-4] [WARN] [1776907786.560498694] [uav_trajectory_controller]: SetEntityPose request timed out after 0.61s on /world/pedestrian_prototype/set_pose; dropping the pending request and retrying.
[uav_trajectory_controller-4] [WARN] [1776907787.185380298] [uav_trajectory_controller]: SetEntityPose request timed out after 0.50s on /world/pedestrian_prototype/set_pose; dropping the pending request and retrying.
[uav_trajectory_controller-4] [WARN] [1776907787.936446905] [uav_trajectory_controller]: SetEntityPose request timed out after 0.62s on /world/pedestrian_prototype/set_pose; dropping the pending request and retrying.
[lvdot_detector_main-7] [INFO] [1776907788.408365364] [lvdot_detector_node]: Input health: depth=19 color=21 lidar=1 pose=33 odom=33 yolo=7 depth_pose_sync=0 lidar_pose_sync=0 depth_odom_sync=0 lidar_odom_sync=0
[lvdot_detector_main-7] [INFO] [1776907788.408433663] [lvdot_detector_node]: Stage timers: detection=67 lidar_detection=206 tracking=239 classification=237 vis=193
[lvdot_detector_main-7] [INFO] [1776907788.408449073] [lvdot_detector_node]: Processing phases: detection=build_input lidar_detection=run_lidar_detector/project tracking=waiting_filtered_bboxes classification=idle
[lvdot_detector_main-7] [INFO] [1776907788.408461249] [lvdot_detector_node]: Pipeline stats: depth_samples=125/71300 u_map=0 depth_boxes=0 u_map_merge=0 u_map_db=0 u_map_visual=0 u_map_fused=0 u_map_filtered=0 lidar_samples=0/0 uv=0 db=2 lidar=0 fused=0 filtered=0 tracks=0 dynamic=0 dyn_points=0 raw_dyn_points=0 service=0/0 split=0->0 (0 outputs) fusion_components=0 visual_only=0 lidar_only=0 fixed_size=0 size_reject=0
[uav_trajectory_controller-4] [WARN] [1776907788.562282601] [uav_trajectory_controller]: SetEntityPose request timed out after 0.50s on /world/pedestrian_prototype/set_pose; dropping the pending request and retrying.
[uav_trajectory_controller-4] [WARN] [1776907789.188813178] [uav_trajectory_controller]: SetEntityPose request timed out after 0.50s on /world/pedestrian_prototype/set_pose; dropping the pending request and retrying.
[lvdot_detector_main-7] [INFO] [1776907794.063105962] [lvdot_detector_node]: Input health: depth=24 color=41 lidar=2 pose=179 odom=181 yolo=8 depth_pose_sync=0 lidar_pose_sync=0 depth_odom_sync=0 lidar_odom_sync=0
[lvdot_detector_main-7] [INFO] [1776907794.063175307] [lvdot_detector_node]: Stage timers: detection=70 lidar_detection=207 tracking=348 classification=352 vis=285
[lvdot_detector_main-7] [INFO] [1776907794.063191193] [lvdot_detector_node]: Processing phases: detection=run_core lidar_detection=run_lidar_detector/project tracking=waiting_filtered_bboxes classification=idle
[lvdot_detector_main-7] [INFO] [1776907794.063206888] [lvdot_detector_node]: Pipeline stats: depth_samples=174/71300 u_map=1 depth_boxes=0 u_map_merge=0 u_map_db=0 u_map_visual=0 u_map_fused=0 u_map_filtered=0 lidar_samples=2273/101142 uv=0 db=1 lidar=0 fused=0 filtered=0 tracks=0 dynamic=0 dyn_points=0 raw_dyn_points=0 service=0/0 split=0->0 (0 outputs) fusion_components=0 visual_only=0 lidar_only=0 fixed_size=0 size_reject=0
[lvdot_detector_main-7] [INFO] [1776907800.086107922] [lvdot_detector_node]: Input health: depth=38 color=77 lidar=3 pose=462 odom=464 yolo=11 depth_pose_sync=0 lidar_pose_sync=0 depth_odom_sync=0 lidar_odom_sync=0
[lvdot_detector_main-7] [INFO] [1776907800.086169700] [lvdot_detector_node]: Stage timers: detection=73 lidar_detection=207 tracking=525 classification=528 vis=426
[lvdot_detector_main-7] [INFO] [1776907800.086181409] [lvdot_detector_node]: Processing phases: detection=run_core lidar_detection=run_lidar_detector/dbscan tracking=waiting_filtered_bboxes classification=idle
[lvdot_detector_main-7] [INFO] [1776907800.086191594] [lvdot_detector_node]: Pipeline stats: depth_samples=114/71300 u_map=3 depth_boxes=0 u_map_merge=0 u_map_db=0 u_map_visual=0 u_map_fused=0 u_map_filtered=0 lidar_samples=2273/101142 uv=0 db=2 lidar=0 fused=0 filtered=0 tracks=0 dynamic=0 dyn_points=0 raw_dyn_points=0 service=0/0 split=0->0 (0 outputs) fusion_components=0 visual_only=0 lidar_only=0 fixed_size=0 size_reject=0
[lvdot_detector_main-7] [INFO] [1776907806.067150859] [lvdot_detector_node]: Input health: depth=50 color=113 lidar=3 pose=733 odom=736 yolo=15 depth_pose_sync=0 lidar_pose_sync=0 depth_odom_sync=0 lidar_odom_sync=0
[lvdot_detector_main-7] [INFO] [1776907806.067222662] [lvdot_detector_node]: Stage timers: detection=77 lidar_detection=208 tracking=696 classification=700 vis=572
[lvdot_detector_main-7] [INFO] [1776907806.067237783] [lvdot_detector_node]: Processing phases: detection=run_core lidar_detection=run_lidar_detector/dbscan tracking=waiting_filtered_bboxes classification=idle
[lvdot_detector_main-7] [INFO] [1776907806.067250717] [lvdot_detector_node]: Pipeline stats: depth_samples=173/71300 u_map=1 depth_boxes=0 u_map_merge=0 u_map_db=0 u_map_visual=0 u_map_fused=0 u_map_filtered=0 lidar_samples=2296/113786 uv=0 db=2 lidar=0 fused=0 filtered=0 tracks=0 dynamic=0 dyn_points=0 raw_dyn_points=0 service=0/0 split=0->0 (0 outputs) fusion_components=0 visual_only=0 lidar_only=0 fixed_size=0 size_reject=0
[lvdot_detector_main-7] [INFO] [1776907812.068340873] [lvdot_detector_node]: Input health: depth=61 color=147 lidar=3 pose=1018 odom=1021 yolo=20 depth_pose_sync=0 lidar_pose_sync=0 depth_odom_sync=0 lidar_odom_sync=0
[lvdot_detector_main-7] [INFO] [1776907812.068405834] [lvdot_detector_node]: Stage timers: detection=81 lidar_detection=361 tracking=865 classification=870 vis=723
[lvdot_detector_main-7] [INFO] [1776907812.068417913] [lvdot_detector_node]: Processing phases: detection=run_core lidar_detection=waiting_new_lidar tracking=waiting_filtered_bboxes classification=idle
[lvdot_detector_main-7] [INFO] [1776907812.068432370] [lvdot_detector_node]: Pipeline stats: depth_samples=110/71300 u_map=0 depth_boxes=0 u_map_merge=0 u_map_db=0 u_map_visual=0 u_map_fused=0 u_map_filtered=0 lidar_samples=2314/141738 uv=0 db=1 lidar=0 fused=0 filtered=0 tracks=0 dynamic=0 dyn_points=0 raw_dyn_points=0 service=0/0 split=0->0 (0 outputs) fusion_components=0 visual_only=0 lidar_only=0 fixed_size=0 size_reject=0
[lvdot_detector_main-7] [INFO] [1776907818.065225016] [lvdot_detector_node]: Input health: depth=78 color=167 lidar=3 pose=1304 odom=1307 yolo=24 depth_pose_sync=0 lidar_pose_sync=0 depth_odom_sync=0 lidar_odom_sync=0
[lvdot_detector_main-7] [INFO] [1776907818.066141604] [lvdot_detector_node]: Stage timers: detection=85 lidar_detection=537 tracking=1041 classification=1044 vis=866
[lvdot_detector_main-7] [INFO] [1776907818.066159009] [lvdot_detector_node]: Processing phases: detection=run_core lidar_detection=waiting_new_lidar tracking=waiting_filtered_bboxes classification=idle
[lvdot_detector_main-7] [INFO] [1776907818.066167760] [lvdot_detector_node]: Pipeline stats: depth_samples=114/71300 u_map=0 depth_boxes=0 u_map_merge=0 u_map_db=0 u_map_visual=0 u_map_fused=0 u_map_filtered=0 lidar_samples=2314/141738 uv=0 db=2 lidar=0 fused=0 filtered=0 tracks=0 dynamic=0 dyn_points=0 raw_dyn_points=0 service=0/0 split=0->0 (0 outputs) fusion_components=0 visual_only=0 lidar_only=0 fixed_size=0 size_reject=0
[lvdot_detector_main-7] [INFO] [1776907824.151666990] [lvdot_detector_node]: Input health: depth=96 color=200 lidar=3 pose=1577 odom=1580 yolo=29 depth_pose_sync=0 lidar_pose_sync=0 depth_odom_sync=0 lidar_odom_sync=0
[lvdot_detector_main-7] [INFO] [1776907824.151726347] [lvdot_detector_node]: Stage timers: detection=88 lidar_detection=709 tracking=1219 classification=1220 vis=1012
[lvdot_detector_main-7] [INFO] [1776907824.151737000] [lvdot_detector_node]: Processing phases: detection=idle lidar_detection=waiting_new_lidar tracking=waiting_filtered_bboxes classification=idle
[lvdot_detector_main-7] [INFO] [1776907824.151745561] [lvdot_detector_node]: Pipeline stats: depth_samples=105/71300 u_map=0 depth_boxes=0 u_map_merge=0 u_map_db=0 u_map_visual=0 u_map_fused=0 u_map_filtered=0 lidar_samples=2314/141738 uv=0 db=0 lidar=0 fused=0 filtered=0 tracks=0 dynamic=0 dyn_points=0 raw_dyn_points=0 service=0/0 split=0->0 (0 outputs) fusion_components=0 visual_only=0 lidar_only=0 fixed_size=0 size_reject=0
[uav_trajectory_controller-4] [WARN] [1776907827.890423944] [uav_trajectory_controller]: SetEntityPose request timed out after 1.70s on /world/pedestrian_prototype/set_pose; dropping the pending request and retrying.
[lvdot_detector_main-7] [INFO] [1776907829.717724895] [lvdot_detector_node]: Input health: depth=103 color=214 lidar=3 pose=1760 odom=1763 yolo=32 depth_pose_sync=0 lidar_pose_sync=0 depth_odom_sync=0 lidar_odom_sync=0
[lvdot_detector_main-7] [INFO] [1776907829.717804908] [lvdot_detector_node]: Stage timers: detection=91 lidar_detection=825 tracking=1336 classification=1339 vis=1110
[lvdot_detector_main-7] [INFO] [1776907829.717821367] [lvdot_detector_node]: Processing phases: detection=run_core lidar_detection=waiting_new_lidar tracking=waiting_filtered_bboxes classification=idle
[lvdot_detector_main-7] [INFO] [1776907829.717834402] [lvdot_detector_node]: Pipeline stats: depth_samples=130/71300 u_map=2 depth_boxes=0 u_map_merge=0 u_map_db=0 u_map_visual=0 u_map_fused=0 u_map_filtered=0 lidar_samples=2314/141738 uv=0 db=1 lidar=0 fused=0 filtered=0 tracks=0 dynamic=0 dyn_points=0 raw_dyn_points=0 service=0/0 split=0->0 (0 outputs) fusion_components=0 visual_only=0 lidar_only=0 fixed_size=0 size_reject=0
[lvdot_detector_main-7] [INFO] [1776907835.717771700] [lvdot_detector_node]: Input health: depth=109 color=239 lidar=3 pose=2043 odom=2047 yolo=37 depth_pose_sync=0 lidar_pose_sync=0 depth_odom_sync=0 lidar_odom_sync=0
[lvdot_detector_main-7] [INFO] [1776907835.718598092] [lvdot_detector_node]: Stage timers: detection=95 lidar_detection=997 tracking=1500 classification=1509 vis=1247
[lvdot_detector_main-7] [INFO] [1776907835.718710738] [lvdot_detector_node]: Processing phases: detection=run_core lidar_detection=waiting_new_lidar tracking=waiting_filtered_bboxes classification=idle
[lvdot_detector_main-7] [INFO] [1776907835.718731860] [lvdot_detector_node]: Pipeline stats: depth_samples=114/71300 u_map=0 depth_boxes=0 u_map_merge=0 u_map_db=0 u_map_visual=0 u_map_fused=0 u_map_filtered=0 lidar_samples=2314/141738 uv=0 db=2 lidar=0 fused=0 filtered=0 tracks=0 dynamic=0 dyn_points=0 raw_dyn_points=0 service=0/0 split=0->0 (0 outputs) fusion_components=0 visual_only=0 lidar_only=0 fixed_size=0 size_reject=0
[lvdot_detector_main-7] [INFO] [1776907841.761049609] [lvdot_detector_node]: Input health: depth=119 color=259 lidar=3 pose=2319 odom=2325 yolo=41 depth_pose_sync=0 lidar_pose_sync=0 depth_odom_sync=0 lidar_odom_sync=0
[lvdot_detector_main-7] [INFO] [1776907841.761181618] [lvdot_detector_node]: Stage timers: detection=98 lidar_detection=1172 tracking=1671 classification=1685 vis=1374
[lvdot_detector_main-7] [INFO] [1776907841.761200178] [lvdot_detector_node]: Processing phases: detection=idle lidar_detection=waiting_new_lidar tracking=snapshot classification=snapshot
[lvdot_detector_main-7] [INFO] [1776907841.761212075] [lvdot_detector_node]: Pipeline stats: depth_samples=114/71300 u_map=0 depth_boxes=0 u_map_merge=0 u_map_db=0 u_map_visual=0 u_map_fused=0 u_map_filtered=0 lidar_samples=2314/141738 uv=0 db=2 lidar=0 fused=0 filtered=0 tracks=0 dynamic=0 dyn_points=0 raw_dyn_points=0 service=0/0 split=0->0 (0 outputs) fusion_components=0 visual_only=0 lidar_only=0 fixed_size=0 size_reject=0
[lvdot_detector_main-7] [INFO] [1776907847.722414739] [lvdot_detector_node]: Input health: depth=132 color=295 lidar=3 pose=2599 odom=2605 yolo=45 depth_pose_sync=0 lidar_pose_sync=0 depth_odom_sync=0 lidar_odom_sync=0
[lvdot_detector_main-7] [INFO] [1776907847.722474926] [lvdot_detector_node]: Stage timers: detection=102 lidar_detection=1344 tracking=1838 classification=1851 vis=1506
[lvdot_detector_main-7] [INFO] [1776907847.722485956] [lvdot_detector_node]: Processing phases: detection=run_core lidar_detection=waiting_new_lidar tracking=snapshot classification=idle
[lvdot_detector_main-7] [INFO] [1776907847.722494418] [lvdot_detector_node]: Pipeline stats: depth_samples=105/71300 u_map=0 depth_boxes=0 u_map_merge=0 u_map_db=0 u_map_visual=0 u_map_fused=0 u_map_filtered=0 lidar_samples=2314/141738 uv=0 db=1 lidar=0 fused=0 filtered=0 tracks=0 dynamic=0 dyn_points=0 raw_dyn_points=0 service=0/0 split=0->0 (0 outputs) fusion_components=0 visual_only=0 lidar_only=0 fixed_size=0 size_reject=0
[lvdot_detector_main-7] [INFO] [1776907853.729453508] [lvdot_detector_node]: Input health: depth=145 color=314 lidar=3 pose=2873 odom=2879 yolo=50 depth_pose_sync=0 lidar_pose_sync=0 depth_odom_sync=0 lidar_odom_sync=0
[lvdot_detector_main-7] [INFO] [1776907853.729541488] [lvdot_detector_node]: Stage timers: detection=106 lidar_detection=1515 tracking=2015 classification=2027 vis=1646
[lvdot_detector_main-7] [INFO] [1776907853.729559750] [lvdot_detector_node]: Processing phases: detection=run_core lidar_detection=snapshot tracking=waiting_filtered_bboxes classification=idle
[lvdot_detector_main-7] [INFO] [1776907853.729572781] [lvdot_detector_node]: Pipeline stats: depth_samples=105/71300 u_map=0 depth_boxes=0 u_map_merge=0 u_map_db=0 u_map_visual=0 u_map_fused=0 u_map_filtered=0 lidar_samples=2314/141738 uv=0 db=1 lidar=0 fused=0 filtered=0 tracks=0 dynamic=0 dyn_points=0 raw_dyn_points=0 service=0/0 split=0->0 (0 outputs) fusion_components=0 visual_only=0 lidar_only=0 fixed_size=0 size_reject=0
[lvdot_detector_main-7] [INFO] [1776907859.782153671] [lvdot_detector_node]: Input health: depth=159 color=332 lidar=3 pose=3150 odom=3156 yolo=55 depth_pose_sync=0 lidar_pose_sync=0 depth_odom_sync=0 lidar_odom_sync=0
[lvdot_detector_main-7] [INFO] [1776907859.782225007] [lvdot_detector_node]: Stage timers: detection=110 lidar_detection=1691 tracking=2188 classification=2205 vis=1782
[lvdot_detector_main-7] [INFO] [1776907859.782236040] [lvdot_detector_node]: Processing phases: detection=run_core lidar_detection=snapshot tracking=waiting_filtered_bboxes classification=idle
[lvdot_detector_main-7] [INFO] [1776907859.782245076] [lvdot_detector_node]: Pipeline stats: depth_samples=129/71300 u_map=0 depth_boxes=0 u_map_merge=0 u_map_db=0 u_map_visual=0 u_map_fused=0 u_map_filtered=0 lidar_samples=2314/141738 uv=0 db=1 lidar=0 fused=0 filtered=0 tracks=0 dynamic=0 dyn_points=0 raw_dyn_points=0 service=0/0 split=0->0 (0 outputs) fusion_components=0 visual_only=0 lidar_only=0 fixed_size=0 size_reject=0
[lvdot_detector_main-7] [INFO] [1776907865.414173074] [lvdot_detector_node]: Input health: depth=168 color=348 lidar=3 pose=3335 odom=3341 yolo=59 depth_pose_sync=0 lidar_pose_sync=0 depth_odom_sync=0 lidar_odom_sync=0
[lvdot_detector_main-7] [INFO] [1776907865.414276816] [lvdot_detector_node]: Stage timers: detection=113 lidar_detection=1803 tracking=2304 classification=2315 vis=1871
[lvdot_detector_main-7] [INFO] [1776907865.414290616] [lvdot_detector_node]: Processing phases: detection=run_core lidar_detection=waiting_new_lidar tracking=waiting_filtered_bboxes classification=idle
[lvdot_detector_main-7] [INFO] [1776907865.414299277] [lvdot_detector_node]: Pipeline stats: depth_samples=125/71300 u_map=0 depth_boxes=0 u_map_merge=0 u_map_db=0 u_map_visual=0 u_map_fused=0 u_map_filtered=0 lidar_samples=2314/141738 uv=0 db=2 lidar=0 fused=0 filtered=0 tracks=0 dynamic=0 dyn_points=0 raw_dyn_points=0 service=0/0 split=0->0 (0 outputs) fusion_components=0 visual_only=0 lidar_only=0 fixed_size=0 size_reject=0
[lvdot_detector_main-7] [INFO] [1776907871.399494719] [lvdot_detector_node]: Input health: depth=190 color=379 lidar=3 pose=3615 odom=3623 yolo=62 depth_pose_sync=0 lidar_pose_sync=0 depth_odom_sync=0 lidar_odom_sync=0
[lvdot_detector_main-7] [INFO] [1776907871.399552372] [lvdot_detector_node]: Stage timers: detection=116 lidar_detection=1970 tracking=2469 classification=2482 vis=1992
[lvdot_detector_main-7] [INFO] [1776907871.399563408] [lvdot_detector_node]: Processing phases: detection=run_core lidar_detection=waiting_new_lidar tracking=snapshot classification=idle
[lvdot_detector_main-7] [INFO] [1776907871.399571971] [lvdot_detector_node]: Pipeline stats: depth_samples=114/71300 u_map=0 depth_boxes=0 u_map_merge=0 u_map_db=0 u_map_visual=0 u_map_fused=0 u_map_filtered=0 lidar_samples=2314/141738 uv=0 db=2 lidar=0 fused=0 filtered=0 tracks=0 dynamic=0 dyn_points=0 raw_dyn_points=0 service=0/0 split=0->0 (0 outputs) fusion_components=0 visual_only=0 lidar_only=0 fixed_size=0 size_reject=0
[lvdot_detector_main-7] [INFO] [1776907877.393050077] [lvdot_detector_node]: Input health: depth=210 color=404 lidar=3 pose=3903 odom=3911 yolo=67 depth_pose_sync=0 lidar_pose_sync=0 depth_odom_sync=0 lidar_odom_sync=0
[lvdot_detector_main-7] [INFO] [1776907877.393109634] [lvdot_detector_node]: Stage timers: detection=120 lidar_detection=2141 tracking=2635 classification=2653 vis=2114
[lvdot_detector_main-7] [INFO] [1776907877.393120479] [lvdot_detector_node]: Processing phases: detection=run_core lidar_detection=waiting_new_lidar tracking=waiting_filtered_bboxes classification=idle
[lvdot_detector_main-7] [INFO] [1776907877.393129232] [lvdot_detector_node]: Pipeline stats: depth_samples=128/71300 u_map=4 depth_boxes=0 u_map_merge=0 u_map_db=0 u_map_visual=0 u_map_fused=0 u_map_filtered=0 lidar_samples=2314/141738 uv=0 db=3 lidar=0 fused=0 filtered=0 tracks=0 dynamic=0 dyn_points=0 raw_dyn_points=0 service=0/0 split=0->0 (0 outputs) fusion_components=0 visual_only=0 lidar_only=0 fixed_size=0 size_reject=0
[lvdot_detector_main-7] [INFO] [1776907883.395922233] [lvdot_detector_node]: Input health: depth=222 color=428 lidar=4 pose=4154 odom=4162 yolo=72 depth_pose_sync=0 lidar_pose_sync=0 depth_odom_sync=0 lidar_odom_sync=0
[lvdot_detector_main-7] [INFO] [1776907883.397003684] [lvdot_detector_node]: Stage timers: detection=123 lidar_detection=2217 tracking=2808 classification=2826 vis=2247
[lvdot_detector_main-7] [INFO] [1776907883.397036473] [lvdot_detector_node]: Processing phases: detection=run_core lidar_detection=run_lidar_detector/project tracking=waiting_filtered_bboxes classification=idle
[lvdot_detector_main-7] [INFO] [1776907883.397058237] [lvdot_detector_node]: Pipeline stats: depth_samples=110/71300 u_map=1 depth_boxes=0 u_map_merge=0 u_map_db=0 u_map_visual=0 u_map_fused=0 u_map_filtered=0 lidar_samples=2314/141738 uv=0 db=1 lidar=0 fused=0 filtered=0 tracks=0 dynamic=0 dyn_points=0 raw_dyn_points=0 service=0/0 split=0->0 (0 outputs) fusion_components=0 visual_only=0 lidar_only=0 fixed_size=0 size_reject=0
[lvdot_detector_main-7] [INFO] [1776907889.406394809] [lvdot_detector_node]: Input health: depth=234 color=472 lidar=4 pose=4389 odom=4400 yolo=76 depth_pose_sync=0 lidar_pose_sync=0 depth_odom_sync=0 lidar_odom_sync=0
[lvdot_detector_main-7] [INFO] [1776907889.406454848] [lvdot_detector_node]: Stage timers: detection=127 lidar_detection=2245 tracking=2956 classification=2978 vis=2354
[lvdot_detector_main-7] [INFO] [1776907889.406465521] [lvdot_detector_node]: Processing phases: detection=run_core lidar_detection=waiting_new_lidar tracking=waiting_filtered_bboxes classification=idle
[lvdot_detector_main-7] [INFO] [1776907889.406474289] [lvdot_detector_node]: Pipeline stats: depth_samples=150/71300 u_map=3 depth_boxes=0 u_map_merge=0 u_map_db=0 u_map_visual=0 u_map_fused=0 u_map_filtered=0 lidar_samples=2340/144969 uv=0 db=2 lidar=0 fused=0 filtered=0 tracks=0 dynamic=0 dyn_points=0 raw_dyn_points=0 service=0/0 split=0->0 (0 outputs) fusion_components=0 visual_only=0 lidar_only=0 fixed_size=0 size_reject=0
[lvdot_detector_main-7] [INFO] [1776907897.043344399] [lvdot_detector_node]: Input health: depth=251 color=495 lidar=4 pose=4671 odom=4684 yolo=80 depth_pose_sync=0 lidar_pose_sync=0 depth_odom_sync=0 lidar_odom_sync=0
[lvdot_detector_main-7] [INFO] [1776907897.064030749] [lvdot_detector_node]: Stage timers: detection=130 lidar_detection=2417 tracking=3135 classification=3153 vis=2486
[lvdot_detector_main-7] [INFO] [1776907897.064080586] [lvdot_detector_node]: Processing phases: detection=run_core lidar_detection=waiting_new_lidar tracking=waiting_filtered_bboxes classification=snapshot
[lvdot_detector_main-7] [INFO] [1776907897.064099644] [lvdot_detector_node]: Pipeline stats: depth_samples=124/71300 u_map=1 depth_boxes=0 u_map_merge=0 u_map_db=0 u_map_visual=0 u_map_fused=0 u_map_filtered=0 lidar_samples=2340/144969 uv=0 db=1 lidar=0 fused=0 filtered=0 tracks=0 dynamic=0 dyn_points=0 raw_dyn_points=0 service=0/0 split=0->0 (0 outputs) fusion_components=0 visual_only=0 lidar_only=0 fixed_size=0 size_reject=0
[lvdot_detector_main-7] [INFO] [1776907903.048274863] [lvdot_detector_node]: Input health: depth=271 color=525 lidar=4 pose=4938 odom=4951 yolo=85 depth_pose_sync=0 lidar_pose_sync=0 depth_odom_sync=0 lidar_odom_sync=0
[lvdot_detector_main-7] [INFO] [1776907903.048387783] [lvdot_detector_node]: Stage timers: detection=134 lidar_detection=2590 tracking=3305 classification=3319 vis=2618
[lvdot_detector_main-7] [INFO] [1776907903.048411034] [lvdot_detector_node]: Processing phases: detection=run_core lidar_detection=snapshot tracking=waiting_filtered_bboxes classification=idle
[lvdot_detector_main-7] [INFO] [1776907903.048420849] [lvdot_detector_node]: Pipeline stats: depth_samples=105/71300 u_map=3 depth_boxes=0 u_map_merge=0 u_map_db=0 u_map_visual=0 u_map_fused=0 u_map_filtered=0 lidar_samples=2340/144969 uv=0 db=0 lidar=0 fused=0 filtered=0 tracks=0 dynamic=0 dyn_points=0 raw_dyn_points=0 service=0/0 split=0->0 (0 outputs) fusion_components=0 visual_only=0 lidar_only=0 fixed_size=0 size_reject=0
[lvdot_detector_main-7] [INFO] [1776907909.035976701] [lvdot_detector_node]: Input health: depth=283 color=551 lidar=4 pose=5220 odom=5233 yolo=90 depth_pose_sync=0 lidar_pose_sync=0 depth_odom_sync=0 lidar_odom_sync=0
[lvdot_detector_main-7] [INFO] [1776907909.036031221] [lvdot_detector_node]: Stage timers: detection=138 lidar_detection=2763 tracking=3479 classification=3490 vis=2751
[lvdot_detector_main-7] [INFO] [1776907909.036041936] [lvdot_detector_node]: Processing phases: detection=run_core lidar_detection=waiting_new_lidar tracking=waiting_filtered_bboxes classification=idle
[lvdot_detector_main-7] [INFO] [1776907909.036050659] [lvdot_detector_node]: Pipeline stats: depth_samples=114/71300 u_map=0 depth_boxes=0 u_map_merge=0 u_map_db=0 u_map_visual=0 u_map_fused=0 u_map_filtered=0 lidar_samples=2340/144969 uv=0 db=2 lidar=0 fused=0 filtered=0 tracks=0 dynamic=0 dyn_points=0 raw_dyn_points=0 service=0/0 split=0->0 (0 outputs) fusion_components=0 visual_only=0 lidar_only=0 fixed_size=0 size_reject=0
[lvdot_detector_main-7] [INFO] [1776907915.038609385] [lvdot_detector_node]: Input health: depth=302 color=586 lidar=4 pose=5501 odom=5513 yolo=94 depth_pose_sync=0 lidar_pose_sync=0 depth_odom_sync=0 lidar_odom_sync=0
[lvdot_detector_main-7] [INFO] [1776907915.038676431] [lvdot_detector_node]: Stage timers: detection=142 lidar_detection=2939 tracking=3656 classification=3662 vis=2900
[lvdot_detector_main-7] [INFO] [1776907915.038687132] [lvdot_detector_node]: Processing phases: detection=run_core lidar_detection=waiting_new_lidar tracking=waiting_filtered_bboxes classification=idle
[lvdot_detector_main-7] [INFO] [1776907915.038696128] [lvdot_detector_node]: Pipeline stats: depth_samples=128/71300 u_map=0 depth_boxes=0 u_map_merge=0 u_map_db=0 u_map_visual=0 u_map_fused=0 u_map_filtered=0 lidar_samples=2340/144969 uv=0 db=3 lidar=0 fused=0 filtered=0 tracks=0 dynamic=0 dyn_points=0 raw_dyn_points=0 service=0/0 split=0->0 (0 outputs) fusion_components=0 visual_only=0 lidar_only=0 fixed_size=0 size_reject=0
[lvdot_detector_main-7] [INFO] [1776907921.036201407] [lvdot_detector_node]: Input health: depth=310 color=623 lidar=4 pose=5777 odom=5791 yolo=99 depth_pose_sync=0 lidar_pose_sync=0 depth_odom_sync=0 lidar_odom_sync=0
[lvdot_detector_main-7] [INFO] [1776907921.036257480] [lvdot_detector_node]: Stage timers: detection=146 lidar_detection=3110 tracking=3824 classification=3829 vis=3029
[lvdot_detector_main-7] [INFO] [1776907921.036268255] [lvdot_detector_node]: Processing phases: detection=run_core lidar_detection=waiting_new_lidar tracking=waiting_filtered_bboxes classification=idle
[lvdot_detector_main-7] [INFO] [1776907921.036276743] [lvdot_detector_node]: Pipeline stats: depth_samples=125/71300 u_map=0 depth_boxes=0 u_map_merge=0 u_map_db=0 u_map_visual=0 u_map_fused=0 u_map_filtered=0 lidar_samples=2340/144969 uv=0 db=2 lidar=0 fused=0 filtered=0 tracks=0 dynamic=0 dyn_points=0 raw_dyn_points=0 service=0/0 split=0->0 (0 outputs) fusion_components=0 visual_only=0 lidar_only=0 fixed_size=0 size_reject=0
[lvdot_detector_main-7] [INFO] [1776907927.042221629] [lvdot_detector_node]: Input health: depth=325 color=663 lidar=4 pose=6042 odom=6056 yolo=103 depth_pose_sync=0 lidar_pose_sync=0 depth_odom_sync=0 lidar_odom_sync=0
[lvdot_detector_main-7] [INFO] [1776907927.042362384] [lvdot_detector_node]: Stage timers: detection=149 lidar_detection=3286 tracking=3998 classification=3994 vis=3171
[lvdot_detector_main-7] [INFO] [1776907927.042384031] [lvdot_detector_node]: Processing phases: detection=run_core lidar_detection=snapshot tracking=waiting_filtered_bboxes classification=idle
[lvdot_detector_main-7] [INFO] [1776907927.042397286] [lvdot_detector_node]: Pipeline stats: depth_samples=110/71300 u_map=0 depth_boxes=0 u_map_merge=0 u_map_db=0 u_map_visual=0 u_map_fused=0 u_map_filtered=0 lidar_samples=2340/144969 uv=0 db=1 lidar=0 fused=0 filtered=0 tracks=0 dynamic=0 dyn_points=0 raw_dyn_points=0 service=0/0 split=0->0 (0 outputs) fusion_components=0 visual_only=0 lidar_only=0 fixed_size=0 size_reject=0
[lvdot_detector_main-7] [INFO] [1776907932.764492365] [lvdot_detector_node]: Input health: depth=341 color=687 lidar=4 pose=6234 odom=6248 yolo=106 depth_pose_sync=0 lidar_pose_sync=0 depth_odom_sync=0 lidar_odom_sync=0
[lvdot_detector_main-7] [INFO] [1776907932.765509978] [lvdot_detector_node]: Stage timers: detection=151 lidar_detection=3402 tracking=4112 classification=4110 vis=3271
[lvdot_detector_main-7] [INFO] [1776907932.765537360] [lvdot_detector_node]: Processing phases: detection=run_core lidar_detection=waiting_new_lidar tracking=waiting_filtered_bboxes classification=build_input
[lvdot_detector_main-7] [INFO] [1776907932.766356621] [lvdot_detector_node]: Pipeline stats: depth_samples=128/71300 u_map=0 depth_boxes=0 u_map_merge=0 u_map_db=0 u_map_visual=0 u_map_fused=0 u_map_filtered=0 lidar_samples=2340/144969 uv=0 db=3 lidar=0 fused=0 filtered=0 tracks=0 dynamic=0 dyn_points=0 raw_dyn_points=0 service=0/0 split=0->0 (0 outputs) fusion_components=0 visual_only=0 lidar_only=0 fixed_size=0 size_reject=0
[lvdot_detector_main-7] [INFO] [1776907938.752421831] [lvdot_detector_node]: Input health: depth=362 color=720 lidar=4 pose=6515 odom=6529 yolo=110 depth_pose_sync=0 lidar_pose_sync=0 depth_odom_sync=0 lidar_odom_sync=0
[lvdot_detector_main-7] [INFO] [1776907938.752499486] [lvdot_detector_node]: Stage timers: detection=155 lidar_detection=3572 tracking=4279 classification=4276 vis=3388
[lvdot_detector_main-7] [INFO] [1776907938.752515073] [lvdot_detector_node]: Processing phases: detection=run_core lidar_detection=waiting_new_lidar tracking=waiting_filtered_bboxes classification=idle
[lvdot_detector_main-7] [INFO] [1776907938.752527260] [lvdot_detector_node]: Pipeline stats: depth_samples=105/71300 u_map=0 depth_boxes=0 u_map_merge=0 u_map_db=0 u_map_visual=0 u_map_fused=0 u_map_filtered=0 lidar_samples=2340/144969 uv=0 db=1 lidar=0 fused=0 filtered=0 tracks=0 dynamic=0 dyn_points=0 raw_dyn_points=0 service=0/0 split=0->0 (0 outputs) fusion_components=0 visual_only=0 lidar_only=0 fixed_size=0 size_reject=0
[lvdot_detector_main-7] [INFO] [1776907944.754983147] [lvdot_detector_node]: Input health: depth=380 color=756 lidar=4 pose=6787 odom=6801 yolo=115 depth_pose_sync=0 lidar_pose_sync=0 depth_odom_sync=0 lidar_odom_sync=0
[lvdot_detector_main-7] [INFO] [1776907944.755115027] [lvdot_detector_node]: Stage timers: detection=158 lidar_detection=3740 tracking=4449 classification=4442 vis=3512
[lvdot_detector_main-7] [INFO] [1776907944.755138173] [lvdot_detector_node]: Processing phases: detection=run_core lidar_detection=waiting_new_lidar tracking=waiting_filtered_bboxes classification=idle
[lvdot_detector_main-7] [INFO] [1776907944.755150265] [lvdot_detector_node]: Pipeline stats: depth_samples=128/71300 u_map=0 depth_boxes=0 u_map_merge=0 u_map_db=0 u_map_visual=0 u_map_fused=0 u_map_filtered=0 lidar_samples=2340/144969 uv=0 db=3 lidar=0 fused=0 filtered=0 tracks=0 dynamic=0 dyn_points=0 raw_dyn_points=0 service=0/0 split=0->0 (0 outputs) fusion_components=0 visual_only=0 lidar_only=0 fixed_size=0 size_reject=0
[lvdot_detector_main-7] [INFO] [1776907950.752415759] [lvdot_detector_node]: Input health: depth=397 color=789 lidar=5 pose=7065 odom=7079 yolo=119 depth_pose_sync=0 lidar_pose_sync=0 depth_odom_sync=0 lidar_odom_sync=0
[lvdot_detector_main-7] [INFO] [1776907950.752473101] [lvdot_detector_node]: Stage timers: detection=162 lidar_detection=3758 tracking=4626 classification=4616 vis=3651
[lvdot_detector_main-7] [INFO] [1776907950.752483647] [lvdot_detector_node]: Processing phases: detection=run_core lidar_detection=run_lidar_detector/dbscan tracking=waiting_filtered_bboxes classification=idle
[lvdot_detector_main-7] [INFO] [1776907950.752492592] [lvdot_detector_node]: Pipeline stats: depth_samples=114/71300 u_map=0 depth_boxes=0 u_map_merge=0 u_map_db=0 u_map_visual=0 u_map_fused=0 u_map_filtered=0 lidar_samples=2340/144969 uv=0 db=2 lidar=0 fused=0 filtered=0 tracks=0 dynamic=0 dyn_points=0 raw_dyn_points=0 service=0/0 split=0->0 (0 outputs) fusion_components=0 visual_only=0 lidar_only=0 fixed_size=0 size_reject=0
[lvdot_detector_main-7] [INFO] [1776907956.754135269] [lvdot_detector_node]: Input health: depth=405 color=812 lidar=6 pose=7345 odom=7361 yolo=123 depth_pose_sync=0 lidar_pose_sync=0 depth_odom_sync=0 lidar_odom_sync=0
[lvdot_detector_main-7] [INFO] [1776907956.754211200] [lvdot_detector_node]: Stage timers: detection=165 lidar_detection=3876 tracking=4795 classification=4782 vis=3774
[lvdot_detector_main-7] [INFO] [1776907956.754228370] [lvdot_detector_node]: Processing phases: detection=run_core lidar_detection=run_lidar_detector/project tracking=waiting_filtered_bboxes classification=idle
[lvdot_detector_main-7] [INFO] [1776907956.754240676] [lvdot_detector_node]: Pipeline stats: depth_samples=130/71300 u_map=1 depth_boxes=0 u_map_merge=0 u_map_db=0 u_map_visual=0 u_map_fused=0 u_map_filtered=0 lidar_samples=2285/101052 uv=0 db=1 lidar=1 fused=1 filtered=1 tracks=0 dynamic=0 dyn_points=0 raw_dyn_points=0 service=0/0 split=1->0 (1 outputs) fusion_components=1 visual_only=0 lidar_only=1 fixed_size=0 size_reject=0
[lvdot_detector_main-7] [INFO] [1776907958.282997388] [lvdot_detector_node]: get_dynamic_obstacles responded with 0 obstacles from 0 tracked dynamic boxes.
