[INFO] [launch]: All log files can be found below /home/skbt2/.ros/log/2026-04-22-16-11-49-730006-DESKTOP-90MQDL6-599407
[INFO] [launch]: Default logging verbosity is set to INFO
[INFO] [gazebo-1]: process started with pid [599461]
[INFO] [parameter_bridge-2]: process started with pid [599462]
[INFO] [pedestrian_state_publisher-3]: process started with pid [599463]
[INFO] [uav_trajectory_controller-4]: process started with pid [599464]
[INFO] [image_pointcloud_relay-5]: process started with pid [599465]
[INFO] [lvdot_yolo_node-6]: process started with pid [599466]
[INFO] [lvdot_detector_main-7]: process started with pid [599467]
[parameter_bridge-2] [INFO] [1776845509.983995195] [ros_gz_bridge]: Creating GZ->ROS Bridge: [/rgbd_camera/image (gz.msgs.Image) -> /rgbd_camera/image (sensor_msgs/msg/Image)] (Lazy 0)
[parameter_bridge-2] [INFO] [1776845509.989405044] [ros_gz_bridge]: Creating ROS->GZ Bridge: [/rgbd_camera/image (sensor_msgs/msg/Image) -> /rgbd_camera/image (gz.msgs.Image)] (Lazy 0)
[parameter_bridge-2] [INFO] [1776845509.990710748] [ros_gz_bridge]: Creating GZ->ROS Bridge: [/rgbd_camera/camera_info (gz.msgs.CameraInfo) -> /rgbd_camera/camera_info (sensor_msgs/msg/CameraInfo)] (Lazy 0)
[parameter_bridge-2] [INFO] [1776845509.991697704] [ros_gz_bridge]: Creating ROS->GZ Bridge: [/rgbd_camera/camera_info (sensor_msgs/msg/CameraInfo) -> /rgbd_camera/camera_info (gz.msgs.CameraInfo)] (Lazy 0)
[parameter_bridge-2] [INFO] [1776845509.992773649] [ros_gz_bridge]: Creating GZ->ROS Bridge: [/rgbd_camera/depth_image (gz.msgs.Image) -> /rgbd_camera/depth_image (sensor_msgs/msg/Image)] (Lazy 0)
[parameter_bridge-2] [INFO] [1776845509.993951677] [ros_gz_bridge]: Creating ROS->GZ Bridge: [/rgbd_camera/depth_image (sensor_msgs/msg/Image) -> /rgbd_camera/depth_image (gz.msgs.Image)] (Lazy 0)
[parameter_bridge-2] [INFO] [1776845509.994848363] [ros_gz_bridge]: Creating GZ->ROS Bridge: [/rgbd_camera/points (gz.msgs.PointCloudPacked) -> /rgbd_camera/points (sensor_msgs/msg/PointCloud2)] (Lazy 0)
[parameter_bridge-2] [INFO] [1776845509.996150523] [ros_gz_bridge]: Creating ROS->GZ Bridge: [/rgbd_camera/points (sensor_msgs/msg/PointCloud2) -> /rgbd_camera/points (gz.msgs.PointCloudPacked)] (Lazy 0)
[parameter_bridge-2] [INFO] [1776845509.997315163] [ros_gz_bridge]: Creating GZ->ROS Bridge: [/camera/imu (gz.msgs.IMU) -> /camera/imu (sensor_msgs/msg/Imu)] (Lazy 0)
[parameter_bridge-2] [INFO] [1776845509.999212784] [ros_gz_bridge]: Creating ROS->GZ Bridge: [/camera/imu (sensor_msgs/msg/Imu) -> /camera/imu (gz.msgs.IMU)] (Lazy 0)
[parameter_bridge-2] [INFO] [1776845510.000413747] [ros_gz_bridge]: Creating ROS->GZ service bridge [/world/pedestrian_prototype/set_pose (ros_gz_interfaces/srv/SetEntityPose -> /)]
[parameter_bridge-2] [INFO] [1776845510.002356749] [ros_gz_bridge]: Creating ROS->GZ service bridge [/world/pedestrian_prototype/set_pose/blocking (ros_gz_interfaces/srv/SetEntityPose -> /)]
[lvdot_detector_main-7] [INFO] [1776845510.093334674] [lvdot_detector_node]: Config loaded: localization_mode=0 dt=0.033 image=640x480 depth_range=[0.20, 12.00] stage_timers=true
[lvdot_detector_main-7] [INFO] [1776845510.145503948] [lvdot_detector_node]: LV-DOT ROS2 skeleton started. depth=/camera/depth/image_rect_raw color=/camera/color/image_raw lidar=/pointcloud pose=/mavros/local_position/pose odom=/mavros/local_position/odom yolo=/yolo_detector/detected_bounding_boxes
[gazebo-1] [INFO] [1776845511.074803383] [pedestrian_pose_sync_system]: Configured pedestrian pose sync plugin on topic [/pedestrian_sim/agent_states] for 8 models.
[uav_trajectory_controller-4] [WARN] [1776845511.599977440] [uav_trajectory_controller]: SetEntityPose request timed out after 0.62s on /world/pedestrian_prototype/set_pose/blocking; dropping the pending request and retrying.
[uav_trajectory_controller-4] [WARN] [1776845511.600637183] [uav_trajectory_controller]: Falling back from /world/pedestrian_prototype/set_pose/blocking to /world/pedestrian_prototype/set_pose.
[lvdot_detector_main-7] [INFO] [1776845512.142750636] [lvdot_detector_node]: Input health: depth=0 color=0 lidar=0 pose=0 odom=0 yolo=0 depth_pose_sync=0 lidar_pose_sync=0 depth_odom_sync=0 lidar_odom_sync=0
[lvdot_detector_main-7] [INFO] [1776845512.142919559] [lvdot_detector_node]: Stage timers: detection=60 lidar_detection=60 tracking=60 classification=60 vis=60
[lvdot_detector_main-7] [INFO] [1776845512.142960017] [lvdot_detector_node]: Pipeline stats: depth_samples=0/0 u_map=0 depth_boxes=0 u_map_merge=0 u_map_db=0 u_map_visual=0 u_map_fused=0 u_map_filtered=0 lidar_samples=0/0 uv=0 db=0 lidar=0 fused=0 filtered=0 tracks=0 dynamic=0 dyn_points=0 raw_dyn_points=0 service=0/0 split=0->0 (0 outputs) fusion_components=0 visual_only=0 lidar_only=0 fixed_size=0 size_reject=0
[lvdot_detector_main-7] [INFO] [1776845518.142305059] [lvdot_detector_node]: Input health: depth=1 color=0 lidar=0 pose=18 odom=18 yolo=0 depth_pose_sync=0 lidar_pose_sync=0 depth_odom_sync=0 lidar_odom_sync=0
[lvdot_detector_main-7] [INFO] [1776845518.142396770] [lvdot_detector_node]: Stage timers: detection=135 lidar_detection=135 tracking=135 classification=135 vis=136
[lvdot_detector_main-7] [INFO] [1776845518.142409058] [lvdot_detector_node]: Pipeline stats: depth_samples=128/71300 u_map=2 depth_boxes=0 u_map_merge=0 u_map_db=0 u_map_visual=0 u_map_fused=0 u_map_filtered=0 lidar_samples=0/0 uv=0 db=3 lidar=0 fused=0 filtered=0 tracks=0 dynamic=0 dyn_points=0 raw_dyn_points=0 service=0/0 split=0->0 (0 outputs) fusion_components=0 visual_only=0 lidar_only=0 fixed_size=0 size_reject=0
[lvdot_detector_main-7] [INFO] [1776845524.142292717] [lvdot_detector_node]: Input health: depth=1 color=0 lidar=0 pose=18 odom=19 yolo=0 depth_pose_sync=0 lidar_pose_sync=0 depth_odom_sync=0 lidar_odom_sync=0
[lvdot_detector_main-7] [INFO] [1776845524.142381578] [lvdot_detector_node]: Stage timers: detection=151 lidar_detection=151 tracking=151 classification=151 vis=153
[lvdot_detector_main-7] [INFO] [1776845524.142393276] [lvdot_detector_node]: Pipeline stats: depth_samples=114/71300 u_map=2 depth_boxes=0 u_map_merge=0 u_map_db=0 u_map_visual=0 u_map_fused=0 u_map_filtered=0 lidar_samples=0/0 uv=0 db=2 lidar=0 fused=0 filtered=0 tracks=0 dynamic=0 dyn_points=0 raw_dyn_points=0 service=0/0 split=0->0 (0 outputs) fusion_components=0 visual_only=0 lidar_only=0 fixed_size=0 size_reject=0
[lvdot_detector_main-7] [INFO] [1776845530.673765913] [lvdot_detector_node]: Input health: depth=1 color=0 lidar=0 pose=18 odom=19 yolo=0 depth_pose_sync=0 lidar_pose_sync=0 depth_odom_sync=0 lidar_odom_sync=0
[lvdot_detector_main-7] [INFO] [1776845530.673860137] [lvdot_detector_node]: Stage timers: detection=169 lidar_detection=169 tracking=169 classification=169 vis=171
[lvdot_detector_main-7] [INFO] [1776845530.673878094] [lvdot_detector_node]: Pipeline stats: depth_samples=114/71300 u_map=2 depth_boxes=0 u_map_merge=0 u_map_db=0 u_map_visual=0 u_map_fused=0 u_map_filtered=0 lidar_samples=0/0 uv=0 db=2 lidar=0 fused=0 filtered=0 tracks=0 dynamic=0 dyn_points=0 raw_dyn_points=0 service=0/0 split=0->0 (0 outputs) fusion_components=0 visual_only=0 lidar_only=0 fixed_size=0 size_reject=0
[lvdot_detector_main-7] [INFO] [1776845536.673789779] [lvdot_detector_node]: Input health: depth=1 color=0 lidar=0 pose=18 odom=19 yolo=0 depth_pose_sync=0 lidar_pose_sync=0 depth_odom_sync=0 lidar_odom_sync=0
[lvdot_detector_main-7] [INFO] [1776845536.673902851] [lvdot_detector_node]: Stage timers: detection=186 lidar_detection=186 tracking=186 classification=186 vis=189
[lvdot_detector_main-7] [INFO] [1776845536.673917921] [lvdot_detector_node]: Pipeline stats: depth_samples=114/71300 u_map=2 depth_boxes=0 u_map_merge=0 u_map_db=0 u_map_visual=0 u_map_fused=0 u_map_filtered=0 lidar_samples=0/0 uv=0 db=2 lidar=0 fused=0 filtered=0 tracks=0 dynamic=0 dyn_points=0 raw_dyn_points=0 service=0/0 split=0->0 (0 outputs) fusion_components=0 visual_only=0 lidar_only=0 fixed_size=0 size_reject=0
[lvdot_detector_main-7] [INFO] [1776845542.673771001] [lvdot_detector_node]: Input health: depth=1 color=0 lidar=0 pose=18 odom=19 yolo=0 depth_pose_sync=0 lidar_pose_sync=0 depth_odom_sync=0 lidar_odom_sync=0
[lvdot_detector_main-7] [INFO] [1776845542.673874681] [lvdot_detector_node]: Stage timers: detection=203 lidar_detection=203 tracking=203 classification=203 vis=209
[lvdot_detector_main-7] [INFO] [1776845542.673885414] [lvdot_detector_node]: Pipeline stats: depth_samples=114/71300 u_map=2 depth_boxes=0 u_map_merge=0 u_map_db=0 u_map_visual=0 u_map_fused=0 u_map_filtered=0 lidar_samples=0/0 uv=0 db=2 lidar=0 fused=0 filtered=0 tracks=0 dynamic=0 dyn_points=0 raw_dyn_points=0 service=0/0 split=0->0 (0 outputs) fusion_components=0 visual_only=0 lidar_only=0 fixed_size=0 size_reject=0
[lvdot_detector_main-7] [INFO] [1776845548.673777840] [lvdot_detector_node]: Input health: depth=1 color=0 lidar=0 pose=18 odom=19 yolo=0 depth_pose_sync=0 lidar_pose_sync=0 depth_odom_sync=0 lidar_odom_sync=0
[lvdot_detector_main-7] [INFO] [1776845548.673856216] [lvdot_detector_node]: Stage timers: detection=221 lidar_detection=222 tracking=222 classification=222 vis=229
[lvdot_detector_main-7] [INFO] [1776845548.673866653] [lvdot_detector_node]: Pipeline stats: depth_samples=114/71300 u_map=2 depth_boxes=0 u_map_merge=0 u_map_db=0 u_map_visual=0 u_map_fused=0 u_map_filtered=0 lidar_samples=0/0 uv=0 db=2 lidar=0 fused=0 filtered=0 tracks=0 dynamic=0 dyn_points=0 raw_dyn_points=0 service=0/0 split=0->0 (0 outputs) fusion_components=0 visual_only=0 lidar_only=0 fixed_size=0 size_reject=0
[lvdot_detector_main-7] [INFO] [1776845554.673892042] [lvdot_detector_node]: Input health: depth=1 color=0 lidar=0 pose=18 odom=19 yolo=0 depth_pose_sync=0 lidar_pose_sync=0 depth_odom_sync=0 lidar_odom_sync=0
[lvdot_detector_main-7] [INFO] [1776845554.674049979] [lvdot_detector_node]: Stage timers: detection=239 lidar_detection=240 tracking=240 classification=240 vis=248
[lvdot_detector_main-7] [INFO] [1776845554.674065231] [lvdot_detector_node]: Pipeline stats: depth_samples=114/71300 u_map=2 depth_boxes=0 u_map_merge=0 u_map_db=0 u_map_visual=0 u_map_fused=0 u_map_filtered=0 lidar_samples=0/0 uv=0 db=2 lidar=0 fused=0 filtered=0 tracks=0 dynamic=0 dyn_points=0 raw_dyn_points=0 service=0/0 split=0->0 (0 outputs) fusion_components=0 visual_only=0 lidar_only=0 fixed_size=0 size_reject=0
[lvdot_detector_main-7] [INFO] [1776845561.184658505] [lvdot_detector_node]: Input health: depth=1 color=1 lidar=0 pose=18 odom=19 yolo=0 depth_pose_sync=0 lidar_pose_sync=0 depth_odom_sync=0 lidar_odom_sync=0
[lvdot_detector_main-7] [INFO] [1776845561.184734249] [lvdot_detector_node]: Stage timers: detection=256 lidar_detection=256 tracking=256 classification=256 vis=264
[lvdot_detector_main-7] [INFO] [1776845561.184744283] [lvdot_detector_node]: Pipeline stats: depth_samples=114/71300 u_map=2 depth_boxes=0 u_map_merge=0 u_map_db=0 u_map_visual=0 u_map_fused=0 u_map_filtered=0 lidar_samples=0/0 uv=0 db=2 lidar=0 fused=0 filtered=0 tracks=0 dynamic=0 dyn_points=0 raw_dyn_points=0 service=0/0 split=0->0 (0 outputs) fusion_components=0 visual_only=0 lidar_only=0 fixed_size=0 size_reject=0
[lvdot_detector_main-7] [INFO] [1776845567.184659428] [lvdot_detector_node]: Input health: depth=2 color=1 lidar=0 pose=18 odom=19 yolo=0 depth_pose_sync=0 lidar_pose_sync=0 depth_odom_sync=0 lidar_odom_sync=0
[lvdot_detector_main-7] [INFO] [1776845567.184752188] [lvdot_detector_node]: Stage timers: detection=274 lidar_detection=275 tracking=275 classification=275 vis=283
[lvdot_detector_main-7] [INFO] [1776845567.184765665] [lvdot_detector_node]: Pipeline stats: depth_samples=114/71300 u_map=0 depth_boxes=0 u_map_merge=0 u_map_db=0 u_map_visual=0 u_map_fused=0 u_map_filtered=0 lidar_samples=0/0 uv=0 db=2 lidar=0 fused=0 filtered=0 tracks=0 dynamic=0 dyn_points=0 raw_dyn_points=0 service=0/0 split=0->0 (0 outputs) fusion_components=0 visual_only=0 lidar_only=0 fixed_size=0 size_reject=0
[lvdot_detector_main-7] [INFO] [1776845573.184662227] [lvdot_detector_node]: Input health: depth=2 color=1 lidar=0 pose=18 odom=19 yolo=0 depth_pose_sync=0 lidar_pose_sync=0 depth_odom_sync=0 lidar_odom_sync=0
[lvdot_detector_main-7] [INFO] [1776845573.184736987] [lvdot_detector_node]: Stage timers: detection=292 lidar_detection=294 tracking=294 classification=294 vis=303
[lvdot_detector_main-7] [INFO] [1776845573.184747414] [lvdot_detector_node]: Pipeline stats: depth_samples=114/71300 u_map=0 depth_boxes=0 u_map_merge=0 u_map_db=0 u_map_visual=0 u_map_fused=0 u_map_filtered=0 lidar_samples=0/0 uv=0 db=2 lidar=0 fused=0 filtered=0 tracks=0 dynamic=0 dyn_points=0 raw_dyn_points=0 service=0/0 split=0->0 (0 outputs) fusion_components=0 visual_only=0 lidar_only=0 fixed_size=0 size_reject=0
[lvdot_detector_main-7] [INFO] [1776845579.184701847] [lvdot_detector_node]: Input health: depth=2 color=1 lidar=0 pose=18 odom=19 yolo=0 depth_pose_sync=0 lidar_pose_sync=0 depth_odom_sync=0 lidar_odom_sync=0
[lvdot_detector_main-7] [INFO] [1776845579.184824096] [lvdot_detector_node]: Stage timers: detection=309 lidar_detection=311 tracking=311 classification=313 vis=322
[lvdot_detector_main-7] [INFO] [1776845579.184837570] [lvdot_detector_node]: Pipeline stats: depth_samples=114/71300 u_map=0 depth_boxes=0 u_map_merge=0 u_map_db=0 u_map_visual=0 u_map_fused=0 u_map_filtered=0 lidar_samples=0/0 uv=0 db=2 lidar=0 fused=0 filtered=0 tracks=0 dynamic=0 dyn_points=0 raw_dyn_points=0 service=0/0 split=0->0 (0 outputs) fusion_components=0 visual_only=0 lidar_only=0 fixed_size=0 size_reject=0
[lvdot_detector_main-7] [INFO] [1776845585.184655269] [lvdot_detector_node]: Input health: depth=2 color=1 lidar=0 pose=18 odom=19 yolo=0 depth_pose_sync=0 lidar_pose_sync=0 depth_odom_sync=0 lidar_odom_sync=0
[lvdot_detector_main-7] [INFO] [1776845585.184734248] [lvdot_detector_node]: Stage timers: detection=327 lidar_detection=329 tracking=329 classification=331 vis=342
[lvdot_detector_main-7] [INFO] [1776845585.184744476] [lvdot_detector_node]: Pipeline stats: depth_samples=114/71300 u_map=0 depth_boxes=0 u_map_merge=0 u_map_db=0 u_map_visual=0 u_map_fused=0 u_map_filtered=0 lidar_samples=0/0 uv=0 db=2 lidar=0 fused=0 filtered=0 tracks=0 dynamic=0 dyn_points=0 raw_dyn_points=0 service=0/0 split=0->0 (0 outputs) fusion_components=0 visual_only=0 lidar_only=0 fixed_size=0 size_reject=0
[lvdot_detector_main-7] [INFO] [1776845591.184676342] [lvdot_detector_node]: Input health: depth=2 color=1 lidar=0 pose=18 odom=19 yolo=0 depth_pose_sync=0 lidar_pose_sync=0 depth_odom_sync=0 lidar_odom_sync=0
[lvdot_detector_main-7] [INFO] [1776845591.184796533] [lvdot_detector_node]: Stage timers: detection=344 lidar_detection=347 tracking=347 classification=349 vis=360
[lvdot_detector_main-7] [INFO] [1776845591.184814532] [lvdot_detector_node]: Pipeline stats: depth_samples=114/71300 u_map=0 depth_boxes=0 u_map_merge=0 u_map_db=0 u_map_visual=0 u_map_fused=0 u_map_filtered=0 lidar_samples=0/0 uv=0 db=2 lidar=0 fused=0 filtered=0 tracks=0 dynamic=0 dyn_points=0 raw_dyn_points=0 service=0/0 split=0->0 (0 outputs) fusion_components=0 visual_only=0 lidar_only=0 fixed_size=0 size_reject=0
[lvdot_detector_main-7] [INFO] [1776845597.719561478] [lvdot_detector_node]: Input health: depth=2 color=2 lidar=0 pose=18 odom=19 yolo=1 depth_pose_sync=0 lidar_pose_sync=0 depth_odom_sync=0 lidar_odom_sync=0
[lvdot_detector_main-7] [INFO] [1776845597.719680291] [lvdot_detector_node]: Stage timers: detection=360 lidar_detection=363 tracking=363 classification=365 vis=379
[lvdot_detector_main-7] [INFO] [1776845597.719703602] [lvdot_detector_node]: Pipeline stats: depth_samples=114/71300 u_map=0 depth_boxes=0 u_map_merge=0 u_map_db=0 u_map_visual=0 u_map_fused=0 u_map_filtered=0 lidar_samples=0/0 uv=0 db=2 lidar=0 fused=0 filtered=0 tracks=0 dynamic=0 dyn_points=0 raw_dyn_points=0 service=0/0 split=0->0 (0 outputs) fusion_components=0 visual_only=0 lidar_only=0 fixed_size=0 size_reject=0
[lvdot_detector_main-7] [INFO] [1776845603.719624226] [lvdot_detector_node]: Input health: depth=2 color=2 lidar=0 pose=18 odom=19 yolo=1 depth_pose_sync=0 lidar_pose_sync=0 depth_odom_sync=0 lidar_odom_sync=0
[lvdot_detector_main-7] [INFO] [1776845603.719727804] [lvdot_detector_node]: Stage timers: detection=375 lidar_detection=378 tracking=378 classification=380 vis=398
[lvdot_detector_main-7] [INFO] [1776845603.719742460] [lvdot_detector_node]: Pipeline stats: depth_samples=114/71300 u_map=0 depth_boxes=0 u_map_merge=0 u_map_db=0 u_map_visual=0 u_map_fused=0 u_map_filtered=0 lidar_samples=0/0 uv=0 db=2 lidar=0 fused=0 filtered=0 tracks=0 dynamic=0 dyn_points=0 raw_dyn_points=0 service=0/0 split=0->0 (0 outputs) fusion_components=0 visual_only=0 lidar_only=0 fixed_size=0 size_reject=0
[lvdot_detector_main-7] [INFO] [1776845609.719550121] [lvdot_detector_node]: Input health: depth=2 color=3 lidar=0 pose=18 odom=19 yolo=1 depth_pose_sync=0 lidar_pose_sync=0 depth_odom_sync=0 lidar_odom_sync=0
[lvdot_detector_main-7] [INFO] [1776845609.719657026] [lvdot_detector_node]: Stage timers: detection=392 lidar_detection=395 tracking=395 classification=397 vis=417
[lvdot_detector_main-7] [INFO] [1776845609.719674827] [lvdot_detector_node]: Pipeline stats: depth_samples=114/71300 u_map=0 depth_boxes=0 u_map_merge=0 u_map_db=0 u_map_visual=0 u_map_fused=0 u_map_filtered=0 lidar_samples=0/0 uv=0 db=2 lidar=0 fused=0 filtered=0 tracks=0 dynamic=0 dyn_points=0 raw_dyn_points=0 service=0/0 split=0->0 (0 outputs) fusion_components=0 visual_only=0 lidar_only=0 fixed_size=0 size_reject=0
[lvdot_detector_main-7] [INFO] [1776845615.719540577] [lvdot_detector_node]: Input health: depth=2 color=3 lidar=0 pose=18 odom=19 yolo=1 depth_pose_sync=0 lidar_pose_sync=0 depth_odom_sync=0 lidar_odom_sync=0
[lvdot_detector_main-7] [INFO] [1776845615.719655453] [lvdot_detector_node]: Stage timers: detection=410 lidar_detection=414 tracking=414 classification=416 vis=437
[lvdot_detector_main-7] [INFO] [1776845615.719673255] [lvdot_detector_node]: Pipeline stats: depth_samples=114/71300 u_map=0 depth_boxes=0 u_map_merge=0 u_map_db=0 u_map_visual=0 u_map_fused=0 u_map_filtered=0 lidar_samples=0/0 uv=0 db=2 lidar=0 fused=0 filtered=0 tracks=0 dynamic=0 dyn_points=0 raw_dyn_points=0 service=0/0 split=0->0 (0 outputs) fusion_components=0 visual_only=0 lidar_only=0 fixed_size=0 size_reject=0
[lvdot_detector_main-7] [INFO] [1776845621.719598251] [lvdot_detector_node]: Input health: depth=2 color=3 lidar=0 pose=18 odom=19 yolo=1 depth_pose_sync=0 lidar_pose_sync=0 depth_odom_sync=0 lidar_odom_sync=0
[lvdot_detector_main-7] [INFO] [1776845621.719675655] [lvdot_detector_node]: Stage timers: detection=428 lidar_detection=433 tracking=433 classification=435 vis=457
[lvdot_detector_main-7] [INFO] [1776845621.719685982] [lvdot_detector_node]: Pipeline stats: depth_samples=114/71300 u_map=0 depth_boxes=0 u_map_merge=0 u_map_db=0 u_map_visual=0 u_map_fused=0 u_map_filtered=0 lidar_samples=0/0 uv=0 db=2 lidar=0 fused=0 filtered=0 tracks=0 dynamic=0 dyn_points=0 raw_dyn_points=0 service=0/0 split=0->0 (0 outputs) fusion_components=0 visual_only=0 lidar_only=0 fixed_size=0 size_reject=0
[lvdot_detector_main-7] [INFO] [1776845628.260893977] [lvdot_detector_node]: Input health: depth=2 color=3 lidar=0 pose=18 odom=19 yolo=1 depth_pose_sync=0 lidar_pose_sync=0 depth_odom_sync=0 lidar_odom_sync=0
[lvdot_detector_main-7] [INFO] [1776845628.260984069] [lvdot_detector_node]: Stage timers: detection=445 lidar_detection=450 tracking=450 classification=452 vis=476
[lvdot_detector_main-7] [INFO] [1776845628.260997150] [lvdot_detector_node]: Pipeline stats: depth_samples=114/71300 u_map=0 depth_boxes=0 u_map_merge=0 u_map_db=0 u_map_visual=0 u_map_fused=0 u_map_filtered=0 lidar_samples=0/0 uv=0 db=2 lidar=0 fused=0 filtered=0 tracks=0 dynamic=0 dyn_points=0 raw_dyn_points=0 service=0/0 split=0->0 (0 outputs) fusion_components=0 visual_only=0 lidar_only=0 fixed_size=0 size_reject=0
[lvdot_detector_main-7] [INFO] [1776845634.261003948] [lvdot_detector_node]: Input health: depth=2 color=3 lidar=1 pose=18 odom=19 yolo=1 depth_pose_sync=0 lidar_pose_sync=0 depth_odom_sync=0 lidar_odom_sync=0
[lvdot_detector_main-7] [INFO] [1776845634.261096704] [lvdot_detector_node]: Stage timers: detection=460 lidar_detection=466 tracking=466 classification=469 vis=495
[lvdot_detector_main-7] [INFO] [1776845634.261108606] [lvdot_detector_node]: Pipeline stats: depth_samples=114/71300 u_map=0 depth_boxes=0 u_map_merge=0 u_map_db=0 u_map_visual=0 u_map_fused=0 u_map_filtered=0 lidar_samples=0/0 uv=0 db=2 lidar=0 fused=0 filtered=0 tracks=0 dynamic=0 dyn_points=0 raw_dyn_points=0 service=0/0 split=0->0 (0 outputs) fusion_components=0 visual_only=0 lidar_only=0 fixed_size=0 size_reject=0
[lvdot_detector_main-7] [INFO] [1776845640.261051077] [lvdot_detector_node]: Input health: depth=2 color=3 lidar=1 pose=18 odom=19 yolo=1 depth_pose_sync=0 lidar_pose_sync=0 depth_odom_sync=0 lidar_odom_sync=0
[lvdot_detector_main-7] [INFO] [1776845640.261178043] [lvdot_detector_node]: Stage timers: detection=460 lidar_detection=466 tracking=466 classification=469 vis=495
[lvdot_detector_main-7] [INFO] [1776845640.261207548] [lvdot_detector_node]: Pipeline stats: depth_samples=114/71300 u_map=0 depth_boxes=0 u_map_merge=0 u_map_db=0 u_map_visual=0 u_map_fused=0 u_map_filtered=0 lidar_samples=0/0 uv=0 db=2 lidar=0 fused=0 filtered=0 tracks=0 dynamic=0 dyn_points=0 raw_dyn_points=0 service=0/0 split=0->0 (0 outputs) fusion_components=0 visual_only=0 lidar_only=0 fixed_size=0 size_reject=0
[lvdot_detector_main-7] [INFO] [1776845646.260981947] [lvdot_detector_node]: Input health: depth=2 color=3 lidar=1 pose=18 odom=19 yolo=1 depth_pose_sync=0 lidar_pose_sync=0 depth_odom_sync=0 lidar_odom_sync=0
[lvdot_detector_main-7] [INFO] [1776845646.261061609] [lvdot_detector_node]: Stage timers: detection=460 lidar_detection=466 tracking=466 classification=469 vis=495
[lvdot_detector_main-7] [INFO] [1776845646.261071837] [lvdot_detector_node]: Pipeline stats: depth_samples=114/71300 u_map=0 depth_boxes=0 u_map_merge=0 u_map_db=0 u_map_visual=0 u_map_fused=0 u_map_filtered=0 lidar_samples=0/0 uv=0 db=2 lidar=0 fused=0 filtered=0 tracks=0 dynamic=0 dyn_points=0 raw_dyn_points=0 service=0/0 split=0->0 (0 outputs) fusion_components=0 visual_only=0 lidar_only=0 fixed_size=0 size_reject=0
[lvdot_detector_main-7] [INFO] [1776845652.261041453] [lvdot_detector_node]: Input health: depth=2 color=3 lidar=1 pose=18 odom=19 yolo=1 depth_pose_sync=0 lidar_pose_sync=0 depth_odom_sync=0 lidar_odom_sync=0
[lvdot_detector_main-7] [INFO] [1776845652.261145607] [lvdot_detector_node]: Stage timers: detection=460 lidar_detection=466 tracking=466 classification=469 vis=495
[lvdot_detector_main-7] [INFO] [1776845652.261161835] [lvdot_detector_node]: Pipeline stats: depth_samples=114/71300 u_map=0 depth_boxes=0 u_map_merge=0 u_map_db=0 u_map_visual=0 u_map_fused=0 u_map_filtered=0 lidar_samples=0/0 uv=0 db=2 lidar=0 fused=0 filtered=0 tracks=0 dynamic=0 dyn_points=0 raw_dyn_points=0 service=0/0 split=0->0 (0 outputs) fusion_components=0 visual_only=0 lidar_only=0 fixed_size=0 size_reject=0
[lvdot_detector_main-7] [INFO] [1776845658.261013505] [lvdot_detector_node]: Input health: depth=2 color=3 lidar=1 pose=18 odom=19 yolo=1 depth_pose_sync=0 lidar_pose_sync=0 depth_odom_sync=0 lidar_odom_sync=0
[lvdot_detector_main-7] [INFO] [1776845658.261089335] [lvdot_detector_node]: Stage timers: detection=460 lidar_detection=466 tracking=466 classification=469 vis=495
[lvdot_detector_main-7] [INFO] [1776845658.261099563] [lvdot_detector_node]: Pipeline stats: depth_samples=114/71300 u_map=0 depth_boxes=0 u_map_merge=0 u_map_db=0 u_map_visual=0 u_map_fused=0 u_map_filtered=0 lidar_samples=0/0 uv=0 db=2 lidar=0 fused=0 filtered=0 tracks=0 dynamic=0 dyn_points=0 raw_dyn_points=0 service=0/0 split=0->0 (0 outputs) fusion_components=0 visual_only=0 lidar_only=0 fixed_size=0 size_reject=0
[lvdot_detector_main-7] [INFO] [1776845664.802994019] [lvdot_detector_node]: Input health: depth=2 color=3 lidar=1 pose=18 odom=19 yolo=1 depth_pose_sync=0 lidar_pose_sync=0 depth_odom_sync=0 lidar_odom_sync=0
[lvdot_detector_main-7] [INFO] [1776845664.803082250] [lvdot_detector_node]: Stage timers: detection=460 lidar_detection=466 tracking=466 classification=469 vis=495
[lvdot_detector_main-7] [INFO] [1776845664.803093266] [lvdot_detector_node]: Pipeline stats: depth_samples=114/71300 u_map=0 depth_boxes=0 u_map_merge=0 u_map_db=0 u_map_visual=0 u_map_fused=0 u_map_filtered=0 lidar_samples=0/0 uv=0 db=2 lidar=0 fused=0 filtered=0 tracks=0 dynamic=0 dyn_points=0 raw_dyn_points=0 service=0/0 split=0->0 (0 outputs) fusion_components=0 visual_only=0 lidar_only=0 fixed_size=0 size_reject=0
[lvdot_detector_main-7] [INFO] [1776845670.802984063] [lvdot_detector_node]: Input health: depth=2 color=3 lidar=1 pose=18 odom=19 yolo=1 depth_pose_sync=0 lidar_pose_sync=0 depth_odom_sync=0 lidar_odom_sync=0
[lvdot_detector_main-7] [INFO] [1776845670.803063539] [lvdot_detector_node]: Stage timers: detection=460 lidar_detection=466 tracking=466 classification=469 vis=495
[lvdot_detector_main-7] [INFO] [1776845670.803073572] [lvdot_detector_node]: Pipeline stats: depth_samples=114/71300 u_map=0 depth_boxes=0 u_map_merge=0 u_map_db=0 u_map_visual=0 u_map_fused=0 u_map_filtered=0 lidar_samples=0/0 uv=0 db=2 lidar=0 fused=0 filtered=0 tracks=0 dynamic=0 dyn_points=0 raw_dyn_points=0 service=0/0 split=0->0 (0 outputs) fusion_components=0 visual_only=0 lidar_only=0 fixed_size=0 size_reject=0
[lvdot_detector_main-7] [INFO] [1776845676.803002100] [lvdot_detector_node]: Input health: depth=2 color=3 lidar=1 pose=18 odom=19 yolo=1 depth_pose_sync=0 lidar_pose_sync=0 depth_odom_sync=0 lidar_odom_sync=0
[lvdot_detector_main-7] [INFO] [1776845676.803096119] [lvdot_detector_node]: Stage timers: detection=460 lidar_detection=466 tracking=466 classification=469 vis=495
[lvdot_detector_main-7] [INFO] [1776845676.803108707] [lvdot_detector_node]: Pipeline stats: depth_samples=114/71300 u_map=0 depth_boxes=0 u_map_merge=0 u_map_db=0 u_map_visual=0 u_map_fused=0 u_map_filtered=0 lidar_samples=0/0 uv=0 db=2 lidar=0 fused=0 filtered=0 tracks=0 dynamic=0 dyn_points=0 raw_dyn_points=0 service=0/0 split=0->0 (0 outputs) fusion_components=0 visual_only=0 lidar_only=0 fixed_size=0 size_reject=0
[lvdot_detector_main-7] [INFO] [1776845682.802986495] [lvdot_detector_node]: Input health: depth=2 color=3 lidar=1 pose=18 odom=19 yolo=1 depth_pose_sync=0 lidar_pose_sync=0 depth_odom_sync=0 lidar_odom_sync=0
[lvdot_detector_main-7] [INFO] [1776845682.803064290] [lvdot_detector_node]: Stage timers: detection=460 lidar_detection=466 tracking=466 classification=469 vis=495
[lvdot_detector_main-7] [INFO] [1776845682.803074223] [lvdot_detector_node]: Pipeline stats: depth_samples=114/71300 u_map=0 depth_boxes=0 u_map_merge=0 u_map_db=0 u_map_visual=0 u_map_fused=0 u_map_filtered=0 lidar_samples=0/0 uv=0 db=2 lidar=0 fused=0 filtered=0 tracks=0 dynamic=0 dyn_points=0 raw_dyn_points=0 service=0/0 split=0->0 (0 outputs) fusion_components=0 visual_only=0 lidar_only=0 fixed_size=0 size_reject=0
[lvdot_detector_main-7] [INFO] [1776845688.802978566] [lvdot_detector_node]: Input health: depth=2 color=3 lidar=1 pose=18 odom=19 yolo=1 depth_pose_sync=0 lidar_pose_sync=0 depth_odom_sync=0 lidar_odom_sync=0
[lvdot_detector_main-7] [INFO] [1776845688.803052625] [lvdot_detector_node]: Stage timers: detection=460 lidar_detection=466 tracking=466 classification=469 vis=495
[lvdot_detector_main-7] [INFO] [1776845688.803062657] [lvdot_detector_node]: Pipeline stats: depth_samples=114/71300 u_map=0 depth_boxes=0 u_map_merge=0 u_map_db=0 u_map_visual=0 u_map_fused=0 u_map_filtered=0 lidar_samples=0/0 uv=0 db=2 lidar=0 fused=0 filtered=0 tracks=0 dynamic=0 dyn_points=0 raw_dyn_points=0 service=0/0 split=0->0 (0 outputs) fusion_components=0 visual_only=0 lidar_only=0 fixed_size=0 size_reject=0
[lvdot_detector_main-7] [INFO] [1776845695.352344940] [lvdot_detector_node]: Input health: depth=2 color=3 lidar=1 pose=18 odom=19 yolo=1 depth_pose_sync=0 lidar_pose_sync=0 depth_odom_sync=0 lidar_odom_sync=0
[lvdot_detector_main-7] [INFO] [1776845695.352426376] [lvdot_detector_node]: Stage timers: detection=460 lidar_detection=466 tracking=466 classification=469 vis=495
[lvdot_detector_main-7] [INFO] [1776845695.352436309] [lvdot_detector_node]: Pipeline stats: depth_samples=114/71300 u_map=0 depth_boxes=0 u_map_merge=0 u_map_db=0 u_map_visual=0 u_map_fused=0 u_map_filtered=0 lidar_samples=0/0 uv=0 db=2 lidar=0 fused=0 filtered=0 tracks=0 dynamic=0 dyn_points=0 raw_dyn_points=0 service=0/0 split=0->0 (0 outputs) fusion_components=0 visual_only=0 lidar_only=0 fixed_size=0 size_reject=0
[lvdot_detector_main-7] [INFO] [1776845701.352315528] [lvdot_detector_node]: Input health: depth=2 color=3 lidar=1 pose=18 odom=19 yolo=1 depth_pose_sync=0 lidar_pose_sync=0 depth_odom_sync=0 lidar_odom_sync=0
[lvdot_detector_main-7] [INFO] [1776845701.352433167] [lvdot_detector_node]: Stage timers: detection=460 lidar_detection=466 tracking=466 classification=469 vis=495
[lvdot_detector_main-7] [INFO] [1776845701.352447429] [lvdot_detector_node]: Pipeline stats: depth_samples=114/71300 u_map=0 depth_boxes=0 u_map_merge=0 u_map_db=0 u_map_visual=0 u_map_fused=0 u_map_filtered=0 lidar_samples=0/0 uv=0 db=2 lidar=0 fused=0 filtered=0 tracks=0 dynamic=0 dyn_points=0 raw_dyn_points=0 service=0/0 split=0->0 (0 outputs) fusion_components=0 visual_only=0 lidar_only=0 fixed_size=0 size_reject=0
[lvdot_detector_main-7] [INFO] [1776845707.352402000] [lvdot_detector_node]: Input health: depth=2 color=3 lidar=1 pose=18 odom=19 yolo=1 depth_pose_sync=0 lidar_pose_sync=0 depth_odom_sync=0 lidar_odom_sync=0
[lvdot_detector_main-7] [INFO] [1776845707.352628589] [lvdot_detector_node]: Stage timers: detection=460 lidar_detection=467 tracking=467 classification=470 vis=498
[lvdot_detector_main-7] [INFO] [1776845707.352659371] [lvdot_detector_node]: Pipeline stats: depth_samples=114/71300 u_map=0 depth_boxes=0 u_map_merge=0 u_map_db=0 u_map_visual=0 u_map_fused=0 u_map_filtered=0 lidar_samples=24325/145949 uv=0 db=2 lidar=0 fused=0 filtered=0 tracks=0 dynamic=0 dyn_points=0 raw_dyn_points=0 service=0/0 split=0->0 (0 outputs) fusion_components=0 visual_only=0 lidar_only=0 fixed_size=0 size_reject=0
[lvdot_detector_main-7] [INFO] [1776845713.352368862] [lvdot_detector_node]: Input health: depth=2 color=3 lidar=1 pose=18 odom=19 yolo=1 depth_pose_sync=0 lidar_pose_sync=0 depth_odom_sync=0 lidar_odom_sync=0
[lvdot_detector_main-7] [INFO] [1776845713.352449508] [lvdot_detector_node]: Stage timers: detection=460 lidar_detection=467 tracking=467 classification=470 vis=498
[lvdot_detector_main-7] [INFO] [1776845713.352459933] [lvdot_detector_node]: Pipeline stats: depth_samples=114/71300 u_map=0 depth_boxes=0 u_map_merge=0 u_map_db=0 u_map_visual=0 u_map_fused=0 u_map_filtered=0 lidar_samples=24325/145949 uv=0 db=2 lidar=0 fused=0 filtered=0 tracks=0 dynamic=0 dyn_points=0 raw_dyn_points=0 service=0/0 split=0->0 (0 outputs) fusion_components=0 visual_only=0 lidar_only=0 fixed_size=0 size_reject=0
[lvdot_detector_main-7] [INFO] [1776845719.352541181] [lvdot_detector_node]: Input health: depth=2 color=3 lidar=1 pose=18 odom=19 yolo=1 depth_pose_sync=0 lidar_pose_sync=0 depth_odom_sync=0 lidar_odom_sync=0
[lvdot_detector_main-7] [INFO] [1776845719.352697456] [lvdot_detector_node]: Stage timers: detection=460 lidar_detection=467 tracking=467 classification=470 vis=498
[lvdot_detector_main-7] [INFO] [1776845719.352725879] [lvdot_detector_node]: Pipeline stats: depth_samples=114/71300 u_map=0 depth_boxes=0 u_map_merge=0 u_map_db=0 u_map_visual=0 u_map_fused=0 u_map_filtered=0 lidar_samples=24325/145949 uv=0 db=2 lidar=0 fused=0 filtered=0 tracks=0 dynamic=0 dyn_points=0 raw_dyn_points=0 service=0/0 split=0->0 (0 outputs) fusion_components=0 visual_only=0 lidar_only=0 fixed_size=0 size_reject=0
[lvdot_detector_main-7] [INFO] [1776845725.901292148] [lvdot_detector_node]: Input health: depth=2 color=3 lidar=1 pose=18 odom=19 yolo=1 depth_pose_sync=0 lidar_pose_sync=0 depth_odom_sync=0 lidar_odom_sync=0
[lvdot_detector_main-7] [INFO] [1776845725.901359322] [lvdot_detector_node]: Stage timers: detection=460 lidar_detection=467 tracking=467 classification=470 vis=498
[lvdot_detector_main-7] [INFO] [1776845725.901370632] [lvdot_detector_node]: Pipeline stats: depth_samples=114/71300 u_map=0 depth_boxes=0 u_map_merge=0 u_map_db=0 u_map_visual=0 u_map_fused=0 u_map_filtered=0 lidar_samples=24325/145949 uv=0 db=2 lidar=0 fused=0 filtered=0 tracks=0 dynamic=0 dyn_points=0 raw_dyn_points=0 service=0/0 split=0->0 (0 outputs) fusion_components=0 visual_only=0 lidar_only=0 fixed_size=0 size_reject=0
[lvdot_detector_main-7] [INFO] [1776845731.901270528] [lvdot_detector_node]: Input health: depth=2 color=3 lidar=1 pose=18 odom=19 yolo=1 depth_pose_sync=0 lidar_pose_sync=0 depth_odom_sync=0 lidar_odom_sync=0
[lvdot_detector_main-7] [INFO] [1776845731.901324527] [lvdot_detector_node]: Stage timers: detection=460 lidar_detection=467 tracking=467 classification=470 vis=498
[lvdot_detector_main-7] [INFO] [1776845731.901333084] [lvdot_detector_node]: Pipeline stats: depth_samples=114/71300 u_map=0 depth_boxes=0 u_map_merge=0 u_map_db=0 u_map_visual=0 u_map_fused=0 u_map_filtered=0 lidar_samples=24325/145949 uv=0 db=2 lidar=0 fused=0 filtered=0 tracks=0 dynamic=0 dyn_points=0 raw_dyn_points=0 service=0/0 split=0->0 (0 outputs) fusion_components=0 visual_only=0 lidar_only=0 fixed_size=0 size_reject=0
