[INFO] [launch]: All log files can be found below /home/skbt2/.ros/log/2026-04-24-11-04-26-789054-DESKTOP-90MQDL6-40897
[INFO] [launch]: Default logging verbosity is set to INFO
[INFO] [gazebo-1]: process started with pid [40935]
[INFO] [parameter_bridge-2]: process started with pid [40936]
[INFO] [pedestrian_state_publisher-3]: process started with pid [40937]
[INFO] [uav_trajectory_controller-4]: process started with pid [40938]
[INFO] [image_pointcloud_relay-5]: process started with pid [40939]
[INFO] [image_pointcloud_relay-6]: process started with pid [40940]
[INFO] [lvdot_yolo_node-7]: process started with pid [40941]
[INFO] [lvdot_detector_main-8]: process started with pid [40942]
[parameter_bridge-2] [INFO] [1776999867.175815012] [ros_gz_bridge]: Creating GZ->ROS Bridge: [/rgbd_camera/image (gz.msgs.Image) -> /rgbd_camera/image (sensor_msgs/msg/Image)] (Lazy 0)
[parameter_bridge-2] [INFO] [1776999867.183005274] [ros_gz_bridge]: Creating GZ->ROS Bridge: [/rgbd_camera/camera_info (gz.msgs.CameraInfo) -> /rgbd_camera/camera_info (sensor_msgs/msg/CameraInfo)] (Lazy 0)
[parameter_bridge-2] [INFO] [1776999867.184311919] [ros_gz_bridge]: Creating GZ->ROS Bridge: [/rgbd_camera/depth_image (gz.msgs.Image) -> /rgbd_camera/depth_image (sensor_msgs/msg/Image)] (Lazy 0)
[parameter_bridge-2] [INFO] [1776999867.184725754] [ros_gz_bridge]: Creating GZ->ROS Bridge: [/rgbd_camera/points (gz.msgs.PointCloudPacked) -> /rgbd_camera/points (sensor_msgs/msg/PointCloud2)] (Lazy 0)
[parameter_bridge-2] [INFO] [1776999867.185345351] [ros_gz_bridge]: Creating GZ->ROS Bridge: [/camera/imu (gz.msgs.IMU) -> /camera/imu (sensor_msgs/msg/Imu)] (Lazy 0)
[parameter_bridge-2] [INFO] [1776999867.186182054] [ros_gz_bridge]: Creating ROS->GZ service bridge [/world/pedestrian_prototype/set_pose (ros_gz_interfaces/srv/SetEntityPose -> /)]
[parameter_bridge-2] [INFO] [1776999867.188014650] [ros_gz_bridge]: Creating ROS->GZ service bridge [/world/pedestrian_prototype/set_pose/blocking (ros_gz_interfaces/srv/SetEntityPose -> /)]
[lvdot_detector_main-8] [INFO] [1776999867.416685090] [lvdot_detector_node]: Config loaded: localization_mode=0 dt=0.033 image=640x480 depth_range=[0.50, 5.00] stage_timers=true vis_stage=false executor_threads=1
[lvdot_detector_main-8] [INFO] [1776999867.468792311] [lvdot_detector_node]: LV-DOT ROS2 skeleton started. depth=/camera/depth/image_rect_raw color=/camera/color/image_raw lidar=/pointcloud pose=/mavros/local_position/pose odom=/mavros/local_position/odom yolo=/yolo_detector/detected_bounding_boxes
[lvdot_detector_main-8] [INFO] [1776999867.468880438] [lvdot_detector_node]: Starting executor with executor_threads=1
[lvdot_detector_main-8] [WARN] [1776999867.468992051] [rclcpp]: MultiThreadedExecutor is used with a single thread.
[lvdot_detector_main-8] Use the SingleThreadedExecutor instead.
[gazebo-1] [INFO] [1776999868.338418099] [pedestrian_pose_sync_system]: Configured pedestrian pose sync plugin on topic [/pedestrian_sim/agent_states] for 8 models.
[uav_trajectory_controller-4] [WARN] [1776999868.497627729] [uav_trajectory_controller]: SetEntityPose service /world/pedestrian_prototype/set_pose/blocking is unavailable; UAV state publication is paused until Gazebo pose control is reachable.
[lvdot_detector_main-8] [INFO] [1776999869.469489245] [lvdot_detector_node]: Input health: depth=0 color=0 lidar=0 pose=0 odom=0 yolo=0 depth_pose_sync=0 lidar_pose_sync=0 depth_odom_sync=0 lidar_odom_sync=0
[lvdot_detector_main-8] [INFO] [1776999869.469842495] [lvdot_detector_node]: Stage timers: detection=60 lidar_detection=60 tracking=60 classification=60 vis=0
[lvdot_detector_main-8] [INFO] [1776999869.469977133] [lvdot_detector_node]: Processing phases: detection=waiting_sensor_pose lidar_detection=waiting_new_lidar tracking=waiting_new_filtered_update classification=waiting_new_tracking_update
[lvdot_detector_main-8] [INFO] [1776999869.469993888] [lvdot_detector_node]: Pipeline stats: depth_samples=0/0 u_map=0 depth_boxes=0 u_map_merge=0 u_map_db=0 u_map_visual=0 u_map_fused=0 u_map_filtered=0 lidar_samples=0/0 uv=0 db=0 lidar=0 fused=0 filtered=0 tracks=0 dynamic=0 dyn_points=0 raw_dyn_points=0 service=0/0 split=0->0 (0 outputs) fusion_components=0 visual_only=0 lidar_only=0 yolo_in=0 yolo_match3d=0 yolo_match_det=0 yolo_human=0 fixed_size=0 size_reject=0
[lvdot_detector_main-8] [INFO] [1776999878.264584650] [lvdot_detector_node]: Input health: depth=4 color=2 lidar=2 pose=4 odom=4 yolo=2 depth_pose_sync=0 lidar_pose_sync=0 depth_odom_sync=0 lidar_odom_sync=0
[lvdot_detector_main-8] [INFO] [1776999878.264702386] [lvdot_detector_node]: Stage timers: detection=126 lidar_detection=126 tracking=126 classification=126 vis=0
[lvdot_detector_main-8] [INFO] [1776999878.264722358] [lvdot_detector_node]: Processing phases: detection=idle lidar_detection=idle tracking=idle classification=idle
[lvdot_detector_main-8] [INFO] [1776999878.264738435] [lvdot_detector_node]: Pipeline stats: depth_samples=1273/71300 u_map=3 depth_boxes=0 u_map_merge=0 u_map_db=0 u_map_visual=0 u_map_fused=0 u_map_filtered=0 lidar_samples=3214/137517 uv=0 db=11 lidar=64 fused=64 filtered=64 tracks=10 dynamic=0 dyn_points=0 raw_dyn_points=0 service=0/0 split=64->0 (64 outputs) fusion_components=64 visual_only=0 lidar_only=64 yolo_in=0 yolo_match3d=0 yolo_match_det=0 yolo_human=0 fixed_size=0 size_reject=0
[lvdot_detector_main-8] [INFO] [1776999883.825854020] [lvdot_detector_node]: Input health: depth=6 color=4 lidar=4 pose=6 odom=6 yolo=4 depth_pose_sync=0 lidar_pose_sync=0 depth_odom_sync=0 lidar_odom_sync=0
[lvdot_detector_main-8] [INFO] [1776999883.825953589] [lvdot_detector_node]: Stage timers: detection=128 lidar_detection=128 tracking=128 classification=128 vis=0
[lvdot_detector_main-8] [INFO] [1776999883.825967555] [lvdot_detector_node]: Processing phases: detection=idle lidar_detection=idle tracking=idle classification=idle
[lvdot_detector_main-8] [INFO] [1776999883.825979712] [lvdot_detector_node]: Pipeline stats: depth_samples=1291/71300 u_map=3 depth_boxes=0 u_map_merge=0 u_map_db=0 u_map_visual=0 u_map_fused=0 u_map_filtered=0 lidar_samples=2547/198249 uv=0 db=10 lidar=1 fused=1 filtered=1 tracks=13 dynamic=0 dyn_points=0 raw_dyn_points=0 service=0/0 split=1->1 (1 outputs) fusion_components=1 visual_only=0 lidar_only=1 yolo_in=3 yolo_match3d=1 yolo_match_det=3 yolo_human=1 fixed_size=0 size_reject=0
[lvdot_detector_main-8] [INFO] [1776999889.580152012] [lvdot_detector_node]: Input health: depth=8 color=6 lidar=6 pose=8 odom=8 yolo=6 depth_pose_sync=0 lidar_pose_sync=0 depth_odom_sync=0 lidar_odom_sync=0
[lvdot_detector_main-8] [INFO] [1776999889.580241387] [lvdot_detector_node]: Stage timers: detection=130 lidar_detection=130 tracking=130 classification=130 vis=0
[lvdot_detector_main-8] [INFO] [1776999889.580259302] [lvdot_detector_node]: Processing phases: detection=idle lidar_detection=idle tracking=idle classification=idle
[lvdot_detector_main-8] [INFO] [1776999889.580282250] [lvdot_detector_node]: Pipeline stats: depth_samples=1322/71300 u_map=0 depth_boxes=0 u_map_merge=0 u_map_db=0 u_map_visual=0 u_map_fused=0 u_map_filtered=0 lidar_samples=3378/108243 uv=0 db=14 lidar=7 fused=7 filtered=7 tracks=67 dynamic=1 dyn_points=0 raw_dyn_points=0 service=0/0 split=7->0 (7 outputs) fusion_components=7 visual_only=0 lidar_only=7 yolo_in=0 yolo_match3d=0 yolo_match_det=0 yolo_human=0 fixed_size=0 size_reject=0
[lvdot_detector_main-8] [INFO] [1776999895.133097144] [lvdot_detector_node]: Input health: depth=10 color=8 lidar=8 pose=10 odom=10 yolo=8 depth_pose_sync=0 lidar_pose_sync=0 depth_odom_sync=0 lidar_odom_sync=0
[lvdot_detector_main-8] [INFO] [1776999895.133186517] [lvdot_detector_node]: Stage timers: detection=132 lidar_detection=132 tracking=132 classification=132 vis=0
[lvdot_detector_main-8] [INFO] [1776999895.133196414] [lvdot_detector_node]: Processing phases: detection=idle lidar_detection=idle tracking=idle classification=idle
[lvdot_detector_main-8] [INFO] [1776999895.133203712] [lvdot_detector_node]: Pipeline stats: depth_samples=1457/71300 u_map=2 depth_boxes=0 u_map_merge=0 u_map_db=0 u_map_visual=0 u_map_fused=0 u_map_filtered=0 lidar_samples=3369/121941 uv=1 db=11 lidar=24 fused=25 filtered=26 tracks=15 dynamic=0 dyn_points=0 raw_dyn_points=0 service=0/0 split=25->1 (26 outputs) fusion_components=25 visual_only=1 lidar_only=24 yolo_in=3 yolo_match3d=2 yolo_match_det=3 yolo_human=3 fixed_size=0 size_reject=0
[lvdot_detector_main-8] [INFO] [1776999901.441185070] [lvdot_detector_node]: Input health: depth=12 color=10 lidar=10 pose=12 odom=12 yolo=10 depth_pose_sync=0 lidar_pose_sync=0 depth_odom_sync=0 lidar_odom_sync=0
[lvdot_detector_main-8] [INFO] [1776999901.441273077] [lvdot_detector_node]: Stage timers: detection=134 lidar_detection=134 tracking=134 classification=134 vis=0
[lvdot_detector_main-8] [INFO] [1776999901.441282878] [lvdot_detector_node]: Processing phases: detection=idle lidar_detection=idle tracking=idle classification=idle
[lvdot_detector_main-8] [INFO] [1776999901.441290079] [lvdot_detector_node]: Pipeline stats: depth_samples=1319/67620 u_map=3 depth_boxes=0 u_map_merge=0 u_map_db=0 u_map_visual=0 u_map_fused=0 u_map_filtered=0 lidar_samples=3326/164648 uv=0 db=12 lidar=1 fused=1 filtered=1 tracks=25 dynamic=2 dyn_points=0 raw_dyn_points=0 service=0/0 split=1->0 (1 outputs) fusion_components=1 visual_only=0 lidar_only=1 yolo_in=1 yolo_match3d=0 yolo_match_det=0 yolo_human=0 fixed_size=0 size_reject=1
[lvdot_detector_main-8] [INFO] [1776999906.716065026] [lvdot_detector_node]: Input health: depth=14 color=12 lidar=12 pose=14 odom=14 yolo=12 depth_pose_sync=0 lidar_pose_sync=0 depth_odom_sync=0 lidar_odom_sync=0
[lvdot_detector_main-8] [INFO] [1776999906.716150234] [lvdot_detector_node]: Stage timers: detection=136 lidar_detection=136 tracking=136 classification=136 vis=0
[lvdot_detector_main-8] [INFO] [1776999906.716160134] [lvdot_detector_node]: Processing phases: detection=idle lidar_detection=idle tracking=idle classification=idle
[lvdot_detector_main-8] [INFO] [1776999906.716167435] [lvdot_detector_node]: Pipeline stats: depth_samples=1322/71300 u_map=0 depth_boxes=0 u_map_merge=0 u_map_db=0 u_map_visual=0 u_map_fused=0 u_map_filtered=0 lidar_samples=3364/107856 uv=0 db=14 lidar=4 fused=4 filtered=4 tracks=10 dynamic=0 dyn_points=0 raw_dyn_points=0 service=0/0 split=4->0 (4 outputs) fusion_components=4 visual_only=0 lidar_only=4 yolo_in=0 yolo_match3d=0 yolo_match_det=0 yolo_human=0 fixed_size=0 size_reject=0
[lvdot_detector_main-8] [WARN] [1776999909.536731101] [lvdot_detector_node.rclcpp]: failed to send response to /lvdot_detector_node/get_parameters (timeout): client will not receive response, at ./src/rmw_response.cpp:153, at ./src/rcl/service.c:400
[lvdot_detector_main-8] [INFO] [1776999912.460642203] [lvdot_detector_node]: Input health: depth=16 color=14 lidar=14 pose=16 odom=16 yolo=14 depth_pose_sync=0 lidar_pose_sync=0 depth_odom_sync=0 lidar_odom_sync=0
[lvdot_detector_main-8] [INFO] [1776999912.460724618] [lvdot_detector_node]: Stage timers: detection=138 lidar_detection=138 tracking=138 classification=138 vis=0
[lvdot_detector_main-8] [INFO] [1776999912.460734319] [lvdot_detector_node]: Processing phases: detection=idle lidar_detection=idle tracking=idle classification=idle
[lvdot_detector_main-8] [INFO] [1776999912.460741321] [lvdot_detector_node]: Pipeline stats: depth_samples=1472/71300 u_map=1 depth_boxes=0 u_map_merge=0 u_map_db=0 u_map_visual=0 u_map_fused=0 u_map_filtered=0 lidar_samples=3463/119858 uv=1 db=10 lidar=28 fused=28 filtered=29 tracks=4 dynamic=0 dyn_points=0 raw_dyn_points=0 service=0/0 split=28->1 (29 outputs) fusion_components=28 visual_only=0 lidar_only=27 yolo_in=5 yolo_match3d=3 yolo_match_det=5 yolo_human=4 fixed_size=0 size_reject=0
[lvdot_detector_main-8] [WARN] [1776999912.562920362] [lvdot_detector_node.rclcpp]: failed to send response to /lvdot_detector_node/get_parameters (timeout): client will not receive response, at ./src/rmw_response.cpp:153, at ./src/rcl/service.c:400
[lvdot_detector_main-8] [INFO] [1776999918.733672836] [lvdot_detector_node]: Input health: depth=18 color=16 lidar=16 pose=18 odom=18 yolo=16 depth_pose_sync=0 lidar_pose_sync=0 depth_odom_sync=0 lidar_odom_sync=0
[lvdot_detector_main-8] [INFO] [1776999918.733810108] [lvdot_detector_node]: Stage timers: detection=140 lidar_detection=140 tracking=140 classification=140 vis=0
[lvdot_detector_main-8] [INFO] [1776999918.733827704] [lvdot_detector_node]: Processing phases: detection=idle lidar_detection=idle tracking=idle classification=idle
[lvdot_detector_main-8] [INFO] [1776999918.733839902] [lvdot_detector_node]: Pipeline stats: depth_samples=1492/71300 u_map=3 depth_boxes=0 u_map_merge=0 u_map_db=0 u_map_visual=0 u_map_fused=0 u_map_filtered=0 lidar_samples=3241/173184 uv=2 db=10 lidar=14 fused=16 filtered=16 tracks=78 dynamic=3 dyn_points=0 raw_dyn_points=0 service=0/0 split=16->0 (16 outputs) fusion_components=16 visual_only=2 lidar_only=14 yolo_in=2 yolo_match3d=1 yolo_match_det=1 yolo_human=1 fixed_size=0 size_reject=1
[lvdot_detector_main-8] [INFO] [1776999918.736358680] [lvdot_detector_node]: get_dynamic_obstacles responded with 3 obstacles from 3 tracked dynamic boxes.
[lvdot_detector_main-8] [WARN] [1776999918.836557424] [lvdot_detector_node.rclcpp]: failed to send response to /onboard_detector/get_dynamic_obstacles (timeout): client will not receive response, at ./src/rmw_response.cpp:153, at ./src/rcl/service.c:400
[lvdot_detector_main-8] [INFO] [1776999924.999191513] [lvdot_detector_node]: Input health: depth=20 color=18 lidar=18 pose=20 odom=20 yolo=18 depth_pose_sync=0 lidar_pose_sync=0 depth_odom_sync=0 lidar_odom_sync=0
[lvdot_detector_main-8] [INFO] [1776999924.999305782] [lvdot_detector_node]: Stage timers: detection=142 lidar_detection=142 tracking=142 classification=142 vis=0
[lvdot_detector_main-8] [INFO] [1776999924.999319419] [lvdot_detector_node]: Processing phases: detection=idle lidar_detection=idle tracking=idle classification=idle
[lvdot_detector_main-8] [INFO] [1776999924.999329074] [lvdot_detector_node]: Pipeline stats: depth_samples=1322/71300 u_map=0 depth_boxes=0 u_map_merge=0 u_map_db=0 u_map_visual=0 u_map_fused=0 u_map_filtered=0 lidar_samples=3149/147958 uv=0 db=14 lidar=72 fused=72 filtered=72 tracks=48 dynamic=1 dyn_points=0 raw_dyn_points=0 service=1/3 split=72->0 (72 outputs) fusion_components=72 visual_only=0 lidar_only=72 yolo_in=0 yolo_match3d=0 yolo_match_det=0 yolo_human=0 fixed_size=0 size_reject=0
[lvdot_detector_main-8] [INFO] [1776999925.001399270] [lvdot_detector_node]: get_dynamic_obstacles responded with 1 obstacles from 1 tracked dynamic boxes.
[lvdot_detector_main-8] [WARN] [1776999925.101595689] [lvdot_detector_node.rclcpp]: failed to send response to /onboard_detector/get_dynamic_obstacles (timeout): client will not receive response, at ./src/rmw_response.cpp:153, at ./src/rcl/service.c:400
[lvdot_detector_main-8] [INFO] [1776999930.522100752] [lvdot_detector_node]: Input health: depth=22 color=20 lidar=20 pose=22 odom=22 yolo=20 depth_pose_sync=0 lidar_pose_sync=0 depth_odom_sync=0 lidar_odom_sync=0
[lvdot_detector_main-8] [INFO] [1776999930.522175644] [lvdot_detector_node]: Stage timers: detection=144 lidar_detection=144 tracking=144 classification=144 vis=0
[lvdot_detector_main-8] [INFO] [1776999930.522188009] [lvdot_detector_node]: Processing phases: detection=idle lidar_detection=idle tracking=idle classification=idle
[lvdot_detector_main-8] [INFO] [1776999930.522197760] [lvdot_detector_node]: Pipeline stats: depth_samples=1421/71300 u_map=1 depth_boxes=0 u_map_merge=0 u_map_db=0 u_map_visual=0 u_map_fused=0 u_map_filtered=0 lidar_samples=3244/125898 uv=1 db=10 lidar=18 fused=19 filtered=19 tracks=5 dynamic=0 dyn_points=0 raw_dyn_points=0 service=2/1 split=19->0 (19 outputs) fusion_components=19 visual_only=1 lidar_only=18 yolo_in=5 yolo_match3d=3 yolo_match_det=3 yolo_human=3 fixed_size=0 size_reject=0
[lvdot_detector_main-8] [INFO] [1776999933.596479048] [lvdot_detector_node]: get_dynamic_obstacles responded with 0 obstacles from 0 tracked dynamic boxes.
[lvdot_detector_main-8] [WARN] [1776999933.699249473] [lvdot_detector_node.rclcpp]: failed to send response to /onboard_detector/get_dynamic_obstacles (timeout): client will not receive response, at ./src/rmw_response.cpp:153, at ./src/rcl/service.c:400
[lvdot_detector_main-8] [INFO] [1776999936.684859496] [lvdot_detector_node]: Input health: depth=24 color=22 lidar=22 pose=24 odom=24 yolo=22 depth_pose_sync=0 lidar_pose_sync=0 depth_odom_sync=0 lidar_odom_sync=0
[lvdot_detector_main-8] [INFO] [1776999936.684945534] [lvdot_detector_node]: Stage timers: detection=146 lidar_detection=146 tracking=146 classification=146 vis=0
[lvdot_detector_main-8] [INFO] [1776999936.684955586] [lvdot_detector_node]: Processing phases: detection=idle lidar_detection=idle tracking=idle classification=idle
[lvdot_detector_main-8] [INFO] [1776999936.684963325] [lvdot_detector_node]: Pipeline stats: depth_samples=856/50837 u_map=2 depth_boxes=0 u_map_merge=0 u_map_db=0 u_map_visual=0 u_map_fused=0 u_map_filtered=0 lidar_samples=3173/205257 uv=0 db=9 lidar=11 fused=11 filtered=11 tracks=26 dynamic=3 dyn_points=0 raw_dyn_points=0 service=3/0 split=11->0 (11 outputs) fusion_components=11 visual_only=0 lidar_only=11 yolo_in=1 yolo_match3d=1 yolo_match_det=1 yolo_human=1 fixed_size=0 size_reject=0
[lvdot_detector_main-8] [INFO] [1776999936.688143842] [lvdot_detector_node]: get_dynamic_obstacles responded with 3 obstacles from 3 tracked dynamic boxes.
[lvdot_detector_main-8] [WARN] [1776999936.788393815] [lvdot_detector_node.rclcpp]: failed to send response to /onboard_detector/get_dynamic_obstacles (timeout): client will not receive response, at ./src/rmw_response.cpp:153, at ./src/rcl/service.c:400
[lvdot_detector_main-8] [INFO] [1776999942.193359353] [lvdot_detector_node]: Input health: depth=26 color=24 lidar=24 pose=26 odom=26 yolo=24 depth_pose_sync=0 lidar_pose_sync=0 depth_odom_sync=0 lidar_odom_sync=0
[lvdot_detector_main-8] [INFO] [1776999942.193441653] [lvdot_detector_node]: Stage timers: detection=148 lidar_detection=148 tracking=148 classification=148 vis=0
[lvdot_detector_main-8] [INFO] [1776999942.193457633] [lvdot_detector_node]: Processing phases: detection=idle lidar_detection=idle tracking=idle classification=idle
[lvdot_detector_main-8] [INFO] [1776999942.193472415] [lvdot_detector_node]: Pipeline stats: depth_samples=1116/71300 u_map=2 depth_boxes=0 u_map_merge=0 u_map_db=0 u_map_visual=0 u_map_fused=0 u_map_filtered=0 lidar_samples=3250/133370 uv=0 db=11 lidar=70 fused=70 filtered=70 tracks=1 dynamic=1 dyn_points=0 raw_dyn_points=0 service=4/3 split=70->0 (70 outputs) fusion_components=70 visual_only=0 lidar_only=70 yolo_in=1 yolo_match3d=1 yolo_match_det=1 yolo_human=1 fixed_size=0 size_reject=0
[lvdot_detector_main-8] [INFO] [1776999944.916012550] [lvdot_detector_node]: get_dynamic_obstacles responded with 0 obstacles from 0 tracked dynamic boxes.
[lvdot_detector_main-8] [WARN] [1776999945.016254364] [lvdot_detector_node.rclcpp]: failed to send response to /onboard_detector/get_dynamic_obstacles (timeout): client will not receive response, at ./src/rmw_response.cpp:153, at ./src/rcl/service.c:400
[lvdot_detector_main-8] [INFO] [1776999947.687091378] [lvdot_detector_node]: Input health: depth=28 color=26 lidar=26 pose=28 odom=28 yolo=26 depth_pose_sync=0 lidar_pose_sync=0 depth_odom_sync=0 lidar_odom_sync=0
[lvdot_detector_main-8] [INFO] [1776999947.687171462] [lvdot_detector_node]: Stage timers: detection=150 lidar_detection=150 tracking=150 classification=150 vis=0
[lvdot_detector_main-8] [INFO] [1776999947.687181610] [lvdot_detector_node]: Processing phases: detection=idle lidar_detection=idle tracking=idle classification=idle
[lvdot_detector_main-8] [INFO] [1776999947.687188946] [lvdot_detector_node]: Pipeline stats: depth_samples=1455/71300 u_map=3 depth_boxes=0 u_map_merge=0 u_map_db=0 u_map_visual=0 u_map_fused=0 u_map_filtered=0 lidar_samples=3236/127380 uv=0 db=11 lidar=17 fused=17 filtered=18 tracks=4 dynamic=1 dyn_points=0 raw_dyn_points=0 service=5/0 split=17->1 (18 outputs) fusion_components=17 visual_only=0 lidar_only=17 yolo_in=2 yolo_match3d=1 yolo_match_det=2 yolo_human=2 fixed_size=0 size_reject=0
[lvdot_detector_main-8] [INFO] [1776999953.598380751] [lvdot_detector_node]: Input health: depth=30 color=28 lidar=28 pose=30 odom=30 yolo=28 depth_pose_sync=0 lidar_pose_sync=0 depth_odom_sync=0 lidar_odom_sync=0
[lvdot_detector_main-8] [INFO] [1776999953.598468503] [lvdot_detector_node]: Stage timers: detection=152 lidar_detection=152 tracking=152 classification=152 vis=0
[lvdot_detector_main-8] [INFO] [1776999953.598477930] [lvdot_detector_node]: Processing phases: detection=idle lidar_detection=idle tracking=idle classification=idle
[lvdot_detector_main-8] [INFO] [1776999953.598485452] [lvdot_detector_node]: Pipeline stats: depth_samples=1214/71300 u_map=3 depth_boxes=0 u_map_merge=0 u_map_db=0 u_map_visual=0 u_map_fused=0 u_map_filtered=0 lidar_samples=3402/158399 uv=3 db=7 lidar=26 fused=28 filtered=30 tracks=21 dynamic=2 dyn_points=0 raw_dyn_points=0 service=6/1 split=28->2 (30 outputs) fusion_components=28 visual_only=2 lidar_only=25 yolo_in=5 yolo_match3d=3 yolo_match_det=5 yolo_human=5 fixed_size=0 size_reject=0
[lvdot_detector_main-8] [INFO] [1776999956.531165638] [lvdot_detector_node]: get_dynamic_obstacles responded with 2 obstacles from 2 tracked dynamic boxes.
[lvdot_detector_main-8] [WARN] [1776999956.634071411] [lvdot_detector_node.rclcpp]: failed to send response to /onboard_detector/get_dynamic_obstacles (timeout): client will not receive response, at ./src/rmw_response.cpp:153, at ./src/rcl/service.c:400
[lvdot_detector_main-8] [INFO] [1776999959.814926624] [lvdot_detector_node]: Input health: depth=32 color=30 lidar=30 pose=32 odom=32 yolo=30 depth_pose_sync=0 lidar_pose_sync=0 depth_odom_sync=0 lidar_odom_sync=0
[lvdot_detector_main-8] [INFO] [1776999959.815430034] [lvdot_detector_node]: Stage timers: detection=154 lidar_detection=154 tracking=154 classification=154 vis=0
[lvdot_detector_main-8] [INFO] [1776999959.815443231] [lvdot_detector_node]: Processing phases: detection=idle lidar_detection=idle tracking=idle classification=idle
[lvdot_detector_main-8] [INFO] [1776999959.815453530] [lvdot_detector_node]: Pipeline stats: depth_samples=1463/71300 u_map=2 depth_boxes=0 u_map_merge=0 u_map_db=0 u_map_visual=0 u_map_fused=0 u_map_filtered=0 lidar_samples=3409/117776 uv=1 db=14 lidar=56 fused=57 filtered=57 tracks=14 dynamic=5 dyn_points=0 raw_dyn_points=0 service=7/2 split=57->0 (57 outputs) fusion_components=57 visual_only=1 lidar_only=56 yolo_in=1 yolo_match3d=1 yolo_match_det=1 yolo_human=1 fixed_size=0 size_reject=0
[lvdot_detector_main-8] [INFO] [1776999962.620853798] [lvdot_detector_node]: get_dynamic_obstacles responded with 1 obstacles from 1 tracked dynamic boxes.
[lvdot_detector_main-8] [WARN] [1776999962.721070551] [lvdot_detector_node.rclcpp]: failed to send response to /onboard_detector/get_dynamic_obstacles (timeout): client will not receive response, at ./src/rmw_response.cpp:153, at ./src/rcl/service.c:400
[lvdot_detector_main-8] [INFO] [1776999965.462785299] [lvdot_detector_node]: Input health: depth=34 color=32 lidar=32 pose=34 odom=34 yolo=32 depth_pose_sync=0 lidar_pose_sync=0 depth_odom_sync=0 lidar_odom_sync=0
[lvdot_detector_main-8] [INFO] [1776999965.462869526] [lvdot_detector_node]: Stage timers: detection=156 lidar_detection=156 tracking=156 classification=156 vis=0
[lvdot_detector_main-8] [INFO] [1776999965.462879929] [lvdot_detector_node]: Processing phases: detection=idle lidar_detection=idle tracking=idle classification=idle
[lvdot_detector_main-8] [INFO] [1776999965.462887632] [lvdot_detector_node]: Pipeline stats: depth_samples=1316/71300 u_map=0 depth_boxes=0 u_map_merge=0 u_map_db=0 u_map_visual=0 u_map_fused=0 u_map_filtered=0 lidar_samples=3419/107935 uv=0 db=9 lidar=13 fused=13 filtered=13 tracks=7 dynamic=1 dyn_points=0 raw_dyn_points=0 service=8/1 split=13->0 (13 outputs) fusion_components=13 visual_only=0 lidar_only=13 yolo_in=0 yolo_match3d=0 yolo_match_det=0 yolo_human=0 fixed_size=0 size_reject=0
[lvdot_detector_main-8] [INFO] [1776999968.267380499] [lvdot_detector_node]: get_dynamic_obstacles responded with 0 obstacles from 0 tracked dynamic boxes.
[lvdot_detector_main-8] [WARN] [1776999968.367601276] [lvdot_detector_node.rclcpp]: failed to send response to /onboard_detector/get_dynamic_obstacles (timeout): client will not receive response, at ./src/rmw_response.cpp:153, at ./src/rcl/service.c:400
[lvdot_detector_main-8] [INFO] [1776999971.224119643] [lvdot_detector_node]: Input health: depth=36 color=34 lidar=34 pose=36 odom=36 yolo=34 depth_pose_sync=0 lidar_pose_sync=0 depth_odom_sync=0 lidar_odom_sync=0
[lvdot_detector_main-8] [INFO] [1776999971.224206351] [lvdot_detector_node]: Stage timers: detection=158 lidar_detection=158 tracking=158 classification=158 vis=0
[lvdot_detector_main-8] [INFO] [1776999971.224216452] [lvdot_detector_node]: Processing phases: detection=idle lidar_detection=idle tracking=idle classification=idle
[lvdot_detector_main-8] [INFO] [1776999971.224223953] [lvdot_detector_node]: Pipeline stats: depth_samples=1309/71300 u_map=3 depth_boxes=0 u_map_merge=0 u_map_db=0 u_map_visual=0 u_map_fused=0 u_map_filtered=0 lidar_samples=3063/168481 uv=3 db=8 lidar=19 fused=21 filtered=21 tracks=18 dynamic=0 dyn_points=0 raw_dyn_points=0 service=9/0 split=21->0 (21 outputs) fusion_components=21 visual_only=2 lidar_only=18 yolo_in=2 yolo_match3d=2 yolo_match_det=2 yolo_human=2 fixed_size=0 size_reject=0
[lvdot_detector_main-8] [INFO] [1776999974.287372757] [lvdot_detector_node]: get_dynamic_obstacles responded with 2 obstacles from 2 tracked dynamic boxes.
[lvdot_detector_main-8] [WARN] [1776999974.387621977] [lvdot_detector_node.rclcpp]: failed to send response to /onboard_detector/get_dynamic_obstacles (timeout): client will not receive response, at ./src/rmw_response.cpp:153, at ./src/rcl/service.c:400
[lvdot_detector_main-8] [INFO] [1776999977.662075327] [lvdot_detector_node]: Input health: depth=38 color=36 lidar=36 pose=38 odom=38 yolo=36 depth_pose_sync=0 lidar_pose_sync=0 depth_odom_sync=0 lidar_odom_sync=0
[lvdot_detector_main-8] [INFO] [1776999977.662189799] [lvdot_detector_node]: Stage timers: detection=160 lidar_detection=160 tracking=160 classification=160 vis=0
[lvdot_detector_main-8] [INFO] [1776999977.662204683] [lvdot_detector_node]: Processing phases: detection=idle lidar_detection=idle tracking=idle classification=idle
[lvdot_detector_main-8] [INFO] [1776999977.662221963] [lvdot_detector_node]: Pipeline stats: depth_samples=1568/71300 u_map=2 depth_boxes=0 u_map_merge=0 u_map_db=0 u_map_visual=0 u_map_fused=0 u_map_filtered=0 lidar_samples=3500/124001 uv=0 db=14 lidar=6 fused=6 filtered=6 tracks=21 dynamic=2 dyn_points=0 raw_dyn_points=0 service=10/2 split=6->0 (6 outputs) fusion_components=6 visual_only=0 lidar_only=6 yolo_in=1 yolo_match3d=0 yolo_match_det=0 yolo_human=0 fixed_size=0 size_reject=0
[lvdot_detector_main-8] [INFO] [1776999980.379673211] [lvdot_detector_node]: get_dynamic_obstacles responded with 2 obstacles from 2 tracked dynamic boxes.
[lvdot_detector_main-8] [WARN] [1776999980.479914234] [lvdot_detector_node.rclcpp]: failed to send response to /onboard_detector/get_dynamic_obstacles (timeout): client will not receive response, at ./src/rmw_response.cpp:153, at ./src/rcl/service.c:400
[lvdot_detector_main-8] [INFO] [1776999983.173425304] [lvdot_detector_node]: Input health: depth=40 color=38 lidar=38 pose=40 odom=40 yolo=38 depth_pose_sync=0 lidar_pose_sync=0 depth_odom_sync=0 lidar_odom_sync=0
[lvdot_detector_main-8] [INFO] [1776999983.173518724] [lvdot_detector_node]: Stage timers: detection=162 lidar_detection=162 tracking=162 classification=162 vis=0
[lvdot_detector_main-8] [INFO] [1776999983.173528553] [lvdot_detector_node]: Processing phases: detection=idle lidar_detection=idle tracking=idle classification=idle
[lvdot_detector_main-8] [INFO] [1776999983.173536296] [lvdot_detector_node]: Pipeline stats: depth_samples=1316/71300 u_map=0 depth_boxes=0 u_map_merge=0 u_map_db=0 u_map_visual=0 u_map_fused=0 u_map_filtered=0 lidar_samples=3410/108155 uv=0 db=9 lidar=8 fused=8 filtered=8 tracks=7 dynamic=0 dyn_points=0 raw_dyn_points=0 service=11/2 split=8->0 (8 outputs) fusion_components=8 visual_only=0 lidar_only=8 yolo_in=0 yolo_match3d=0 yolo_match_det=0 yolo_human=0 fixed_size=0 size_reject=0
[lvdot_detector_main-8] [INFO] [1776999985.666044401] [lvdot_detector_node]: get_dynamic_obstacles responded with 0 obstacles from 0 tracked dynamic boxes.
[lvdot_detector_main-8] [INFO] [1776999988.509414088] [lvdot_detector_node]: Input health: depth=42 color=40 lidar=40 pose=42 odom=42 yolo=40 depth_pose_sync=0 lidar_pose_sync=0 depth_odom_sync=0 lidar_odom_sync=0
[lvdot_detector_main-8] [INFO] [1776999988.509521316] [lvdot_detector_node]: Stage timers: detection=164 lidar_detection=164 tracking=164 classification=164 vis=0
[lvdot_detector_main-8] [INFO] [1776999988.509533351] [lvdot_detector_node]: Processing phases: detection=idle lidar_detection=idle tracking=idle classification=idle
[lvdot_detector_main-8] [INFO] [1776999988.509543199] [lvdot_detector_node]: Pipeline stats: depth_samples=1542/71300 u_map=3 depth_boxes=0 u_map_merge=0 u_map_db=0 u_map_visual=0 u_map_fused=0 u_map_filtered=0 lidar_samples=3321/121916 uv=0 db=12 lidar=21 fused=21 filtered=21 tracks=13 dynamic=0 dyn_points=0 raw_dyn_points=0 service=12/0 split=21->0 (21 outputs) fusion_components=21 visual_only=0 lidar_only=21 yolo_in=2 yolo_match3d=0 yolo_match_det=0 yolo_human=0 fixed_size=0 size_reject=0
[lvdot_detector_main-8] [INFO] [1776999994.769526810] [lvdot_detector_node]: Input health: depth=44 color=42 lidar=42 pose=44 odom=44 yolo=42 depth_pose_sync=0 lidar_pose_sync=0 depth_odom_sync=0 lidar_odom_sync=0
[lvdot_detector_main-8] [INFO] [1776999994.769614671] [lvdot_detector_node]: Stage timers: detection=166 lidar_detection=166 tracking=166 classification=166 vis=0
[lvdot_detector_main-8] [INFO] [1776999994.769624656] [lvdot_detector_node]: Processing phases: detection=idle lidar_detection=idle tracking=idle classification=idle
[lvdot_detector_main-8] [INFO] [1776999994.769632044] [lvdot_detector_node]: Pipeline stats: depth_samples=1248/53360 u_map=1 depth_boxes=0 u_map_merge=0 u_map_db=0 u_map_visual=0 u_map_fused=0 u_map_filtered=0 lidar_samples=2816/195703 uv=0 db=10 lidar=2 fused=2 filtered=2 tracks=10 dynamic=0 dyn_points=0 raw_dyn_points=0 service=12/0 split=2->0 (2 outputs) fusion_components=2 visual_only=0 lidar_only=2 yolo_in=1 yolo_match3d=0 yolo_match_det=0 yolo_human=0 fixed_size=0 size_reject=0
[lvdot_detector_main-8] [INFO] [1776999994.771918648] [lvdot_detector_node]: get_dynamic_obstacles responded with 0 obstacles from 0 tracked dynamic boxes.
[lvdot_detector_main-8] [WARN] [1776999994.872125929] [lvdot_detector_node.rclcpp]: failed to send response to /onboard_detector/get_dynamic_obstacles (timeout): client will not receive response, at ./src/rmw_response.cpp:153, at ./src/rcl/service.c:400
[lvdot_detector_main-8] [INFO] [1776999998.011219250] [lvdot_detector_node]: get_dynamic_obstacles responded with 2 obstacles from 2 tracked dynamic boxes.
[lvdot_detector_main-8] [INFO] [1777000000.884358691] [lvdot_detector_node]: Input health: depth=46 color=44 lidar=44 pose=46 odom=46 yolo=44 depth_pose_sync=0 lidar_pose_sync=0 depth_odom_sync=0 lidar_odom_sync=0
[lvdot_detector_main-8] [INFO] [1777000000.884443999] [lvdot_detector_node]: Stage timers: detection=168 lidar_detection=168 tracking=168 classification=168 vis=0
[lvdot_detector_main-8] [INFO] [1777000000.884453467] [lvdot_detector_node]: Processing phases: detection=idle lidar_detection=idle tracking=idle classification=idle
[lvdot_detector_main-8] [INFO] [1777000000.884460819] [lvdot_detector_node]: Pipeline stats: depth_samples=1322/71300 u_map=0 depth_boxes=0 u_map_merge=0 u_map_db=0 u_map_visual=0 u_map_fused=0 u_map_filtered=0 lidar_samples=3368/108117 uv=0 db=14 lidar=4 fused=4 filtered=4 tracks=72 dynamic=0 dyn_points=0 raw_dyn_points=0 service=14/2 split=4->0 (4 outputs) fusion_components=4 visual_only=0 lidar_only=4 yolo_in=0 yolo_match3d=0 yolo_match_det=0 yolo_human=0 fixed_size=0 size_reject=0
[lvdot_detector_main-8] [INFO] [1777000006.861768507] [lvdot_detector_node]: Input health: depth=48 color=46 lidar=46 pose=48 odom=48 yolo=46 depth_pose_sync=0 lidar_pose_sync=0 depth_odom_sync=0 lidar_odom_sync=0
[lvdot_detector_main-8] [INFO] [1777000006.861854797] [lvdot_detector_node]: Stage timers: detection=170 lidar_detection=170 tracking=170 classification=170 vis=0
[lvdot_detector_main-8] [INFO] [1777000006.861864485] [lvdot_detector_node]: Processing phases: detection=idle lidar_detection=idle tracking=idle classification=idle
[lvdot_detector_main-8] [INFO] [1777000006.861871676] [lvdot_detector_node]: Pipeline stats: depth_samples=1494/71300 u_map=3 depth_boxes=0 u_map_merge=0 u_map_db=0 u_map_visual=0 u_map_fused=0 u_map_filtered=0 lidar_samples=3406/169907 uv=1 db=13 lidar=23 fused=24 filtered=24 tracks=16 dynamic=0 dyn_points=0 raw_dyn_points=0 service=14/2 split=24->1 (24 outputs) fusion_components=24 visual_only=1 lidar_only=23 yolo_in=3 yolo_match3d=1 yolo_match_det=3 yolo_human=1 fixed_size=0 size_reject=0
[lvdot_detector_main-8] [INFO] [1777000006.867188918] [lvdot_detector_node]: get_dynamic_obstacles responded with 0 obstacles from 0 tracked dynamic boxes.
[lvdot_detector_main-8] [WARN] [1777000006.967397257] [lvdot_detector_node.rclcpp]: failed to send response to /onboard_detector/get_dynamic_obstacles (timeout): client will not receive response, at ./src/rmw_response.cpp:153, at ./src/rcl/service.c:400
[lvdot_detector_main-8] [INFO] [1777000013.267681206] [lvdot_detector_node]: Input health: depth=50 color=48 lidar=48 pose=50 odom=50 yolo=48 depth_pose_sync=0 lidar_pose_sync=0 depth_odom_sync=0 lidar_odom_sync=0
[lvdot_detector_main-8] [INFO] [1777000013.267760254] [lvdot_detector_node]: Stage timers: detection=172 lidar_detection=172 tracking=172 classification=172 vis=0
[lvdot_detector_main-8] [INFO] [1777000013.267775944] [lvdot_detector_node]: Processing phases: detection=idle lidar_detection=idle tracking=idle classification=idle
[lvdot_detector_main-8] [INFO] [1777000013.267783539] [lvdot_detector_node]: Pipeline stats: depth_samples=1451/71300 u_map=4 depth_boxes=0 u_map_merge=0 u_map_db=0 u_map_visual=0 u_map_fused=0 u_map_filtered=0 lidar_samples=3284/138229 uv=1 db=13 lidar=18 fused=18 filtered=18 tracks=18 dynamic=0 dyn_points=0 raw_dyn_points=0 service=15/0 split=18->1 (18 outputs) fusion_components=18 visual_only=0 lidar_only=17 yolo_in=2 yolo_match3d=1 yolo_match_det=2 yolo_human=1 fixed_size=0 size_reject=1
[lvdot_detector_main-8] [INFO] [1777000013.271228711] [lvdot_detector_node]: get_dynamic_obstacles responded with 0 obstacles from 0 tracked dynamic boxes.
[lvdot_detector_main-8] [WARN] [1777000013.371426912] [lvdot_detector_node.rclcpp]: failed to send response to /onboard_detector/get_dynamic_obstacles (timeout): client will not receive response, at ./src/rmw_response.cpp:153, at ./src/rcl/service.c:400
[lvdot_detector_main-8] [INFO] [1777000019.120780071] [lvdot_detector_node]: Input health: depth=52 color=50 lidar=50 pose=52 odom=52 yolo=50 depth_pose_sync=0 lidar_pose_sync=0 depth_odom_sync=0 lidar_odom_sync=0
[lvdot_detector_main-8] [INFO] [1777000019.120861615] [lvdot_detector_node]: Stage timers: detection=174 lidar_detection=174 tracking=174 classification=174 vis=0
[lvdot_detector_main-8] [INFO] [1777000019.120871657] [lvdot_detector_node]: Processing phases: detection=idle lidar_detection=idle tracking=idle classification=idle
[lvdot_detector_main-8] [INFO] [1777000019.120878687] [lvdot_detector_node]: Pipeline stats: depth_samples=1322/71300 u_map=0 depth_boxes=0 u_map_merge=0 u_map_db=0 u_map_visual=0 u_map_fused=0 u_map_filtered=0 lidar_samples=3374/107999 uv=0 db=14 lidar=6 fused=6 filtered=6 tracks=74 dynamic=1 dyn_points=0 raw_dyn_points=0 service=16/0 split=6->0 (6 outputs) fusion_components=6 visual_only=0 lidar_only=6 yolo_in=0 yolo_match3d=0 yolo_match_det=0 yolo_human=0 fixed_size=0 size_reject=0
[lvdot_detector_main-8] [INFO] [1777000019.123012696] [lvdot_detector_node]: get_dynamic_obstacles responded with 1 obstacles from 1 tracked dynamic boxes.
[lvdot_detector_main-8] [WARN] [1777000019.226689185] [lvdot_detector_node.rclcpp]: failed to send response to /onboard_detector/get_dynamic_obstacles (timeout): client will not receive response, at ./src/rmw_response.cpp:153, at ./src/rcl/service.c:400
[lvdot_detector_main-8] [INFO] [1777000025.213833660] [lvdot_detector_node]: Input health: depth=54 color=52 lidar=52 pose=54 odom=54 yolo=52 depth_pose_sync=0 lidar_pose_sync=0 depth_odom_sync=0 lidar_odom_sync=0
[lvdot_detector_main-8] [INFO] [1777000025.213958773] [lvdot_detector_node]: Stage timers: detection=176 lidar_detection=176 tracking=176 classification=176 vis=0
[lvdot_detector_main-8] [INFO] [1777000025.213984275] [lvdot_detector_node]: Processing phases: detection=idle lidar_detection=idle tracking=idle classification=idle
[lvdot_detector_main-8] [INFO] [1777000025.213998777] [lvdot_detector_node]: Pipeline stats: depth_samples=1447/71300 u_map=2 depth_boxes=0 u_map_merge=0 u_map_db=0 u_map_visual=0 u_map_fused=0 u_map_filtered=0 lidar_samples=3272/122421 uv=0 db=10 lidar=17 fused=17 filtered=17 tracks=74 dynamic=0 dyn_points=0 raw_dyn_points=0 service=17/1 split=17->0 (17 outputs) fusion_components=17 visual_only=0 lidar_only=17 yolo_in=2 yolo_match3d=0 yolo_match_det=0 yolo_human=0 fixed_size=0 size_reject=0
[lvdot_detector_main-8] [INFO] [1777000025.216661050] [lvdot_detector_node]: get_dynamic_obstacles responded with 0 obstacles from 0 tracked dynamic boxes.
[lvdot_detector_main-8] [WARN] [1777000025.316889123] [lvdot_detector_node.rclcpp]: failed to send response to /onboard_detector/get_dynamic_obstacles (timeout): client will not receive response, at ./src/rmw_response.cpp:153, at ./src/rcl/service.c:400
[lvdot_detector_main-8] [INFO] [1777000031.316491584] [lvdot_detector_node]: Input health: depth=56 color=54 lidar=54 pose=56 odom=56 yolo=54 depth_pose_sync=0 lidar_pose_sync=0 depth_odom_sync=0 lidar_odom_sync=0
[lvdot_detector_main-8] [INFO] [1777000031.316572806] [lvdot_detector_node]: Stage timers: detection=178 lidar_detection=178 tracking=178 classification=178 vis=0
[lvdot_detector_main-8] [INFO] [1777000031.316582408] [lvdot_detector_node]: Processing phases: detection=idle lidar_detection=idle tracking=idle classification=idle
[lvdot_detector_main-8] [INFO] [1777000031.316589610] [lvdot_detector_node]: Pipeline stats: depth_samples=1127/61640 u_map=2 depth_boxes=0 u_map_merge=0 u_map_db=0 u_map_visual=0 u_map_fused=0 u_map_filtered=0 lidar_samples=3284/161940 uv=0 db=9 lidar=1 fused=1 filtered=1 tracks=22 dynamic=0 dyn_points=0 raw_dyn_points=0 service=18/0 split=1->0 (1 outputs) fusion_components=1 visual_only=0 lidar_only=1 yolo_in=2 yolo_match3d=0 yolo_match_det=0 yolo_human=0 fixed_size=0 size_reject=0
[lvdot_detector_main-8] [INFO] [1777000031.318889317] [lvdot_detector_node]: get_dynamic_obstacles responded with 0 obstacles from 0 tracked dynamic boxes.
[lvdot_detector_main-8] [WARN] [1777000031.419222195] [lvdot_detector_node.rclcpp]: failed to send response to /onboard_detector/get_dynamic_obstacles (timeout): client will not receive response, at ./src/rmw_response.cpp:153, at ./src/rcl/service.c:400
[lvdot_detector_main-8] [INFO] [1777000037.572027687] [lvdot_detector_node]: Input health: depth=58 color=56 lidar=56 pose=58 odom=58 yolo=56 depth_pose_sync=0 lidar_pose_sync=0 depth_odom_sync=0 lidar_odom_sync=0
[lvdot_detector_main-8] [INFO] [1777000037.572126306] [lvdot_detector_node]: Stage timers: detection=180 lidar_detection=180 tracking=180 classification=180 vis=0
[lvdot_detector_main-8] [INFO] [1777000037.572153212] [lvdot_detector_node]: Processing phases: detection=idle lidar_detection=idle tracking=idle classification=idle
[lvdot_detector_main-8] [INFO] [1777000037.572179417] [lvdot_detector_node]: Pipeline stats: depth_samples=1322/71300 u_map=0 depth_boxes=0 u_map_merge=0 u_map_db=0 u_map_visual=0 u_map_fused=0 u_map_filtered=0 lidar_samples=3390/107987 uv=0 db=14 lidar=5 fused=5 filtered=5 tracks=83 dynamic=0 dyn_points=0 raw_dyn_points=0 service=19/0 split=5->0 (5 outputs) fusion_components=5 visual_only=0 lidar_only=5 yolo_in=0 yolo_match3d=0 yolo_match_det=0 yolo_human=0 fixed_size=0 size_reject=0
[lvdot_detector_main-8] [INFO] [1777000037.574920358] [lvdot_detector_node]: get_dynamic_obstacles responded with 0 obstacles from 0 tracked dynamic boxes.
[lvdot_detector_main-8] [WARN] [1777000037.675130742] [lvdot_detector_node.rclcpp]: failed to send response to /onboard_detector/get_dynamic_obstacles (timeout): client will not receive response, at ./src/rmw_response.cpp:153, at ./src/rcl/service.c:400
[lvdot_detector_main-8] [INFO] [1777000043.418868195] [lvdot_detector_node]: Input health: depth=60 color=58 lidar=58 pose=60 odom=60 yolo=58 depth_pose_sync=0 lidar_pose_sync=0 depth_odom_sync=0 lidar_odom_sync=0
[lvdot_detector_main-8] [INFO] [1777000043.418993227] [lvdot_detector_node]: Stage timers: detection=182 lidar_detection=182 tracking=182 classification=182 vis=0
[lvdot_detector_main-8] [INFO] [1777000043.419013915] [lvdot_detector_node]: Processing phases: detection=idle lidar_detection=idle tracking=idle classification=idle
[lvdot_detector_main-8] [INFO] [1777000043.419035503] [lvdot_detector_node]: Pipeline stats: depth_samples=1501/71300 u_map=3 depth_boxes=0 u_map_merge=0 u_map_db=0 u_map_visual=0 u_map_fused=0 u_map_filtered=0 lidar_samples=3292/132681 uv=3 db=12 lidar=13 fused=14 filtered=15 tracks=20 dynamic=0 dyn_points=0 raw_dyn_points=0 service=20/0 split=14->1 (15 outputs) fusion_components=14 visual_only=1 lidar_only=11 yolo_in=4 yolo_match3d=3 yolo_match_det=4 yolo_human=4 fixed_size=0 size_reject=0
[lvdot_detector_main-8] [INFO] [1777000043.421661267] [lvdot_detector_node]: get_dynamic_obstacles responded with 0 obstacles from 0 tracked dynamic boxes.
[lvdot_detector_main-8] [WARN] [1777000043.526693206] [lvdot_detector_node.rclcpp]: failed to send response to /onboard_detector/get_dynamic_obstacles (timeout): client will not receive response, at ./src/rmw_response.cpp:153, at ./src/rcl/service.c:400
[lvdot_detector_main-8] [INFO] [1777000049.551984955] [lvdot_detector_node]: get_dynamic_obstacles responded with 4 obstacles from 4 tracked dynamic boxes.
[lvdot_detector_main-8] [INFO] [1777000052.848667320] [lvdot_detector_node]: Input health: depth=63 color=61 lidar=61 pose=63 odom=63 yolo=61 depth_pose_sync=0 lidar_pose_sync=0 depth_odom_sync=0 lidar_odom_sync=0
[lvdot_detector_main-8] [INFO] [1777000052.848774048] [lvdot_detector_node]: Stage timers: detection=185 lidar_detection=185 tracking=185 classification=185 vis=0
[lvdot_detector_main-8] [INFO] [1777000052.848786084] [lvdot_detector_node]: Processing phases: detection=idle lidar_detection=idle tracking=idle classification=idle
[lvdot_detector_main-8] [INFO] [1777000052.848795434] [lvdot_detector_node]: Pipeline stats: depth_samples=1430/71300 u_map=2 depth_boxes=0 u_map_merge=0 u_map_db=0 u_map_visual=0 u_map_fused=0 u_map_filtered=0 lidar_samples=3482/116231 uv=1 db=13 lidar=71 fused=71 filtered=71 tracks=2 dynamic=1 dyn_points=0 raw_dyn_points=0 service=22/4 split=71->0 (71 outputs) fusion_components=71 visual_only=0 lidar_only=70 yolo_in=0 yolo_match3d=0 yolo_match_det=0 yolo_human=0 fixed_size=0 size_reject=0
[lvdot_detector_main-8] [INFO] [1777000058.349250807] [lvdot_detector_node]: Input health: depth=65 color=63 lidar=63 pose=65 odom=65 yolo=63 depth_pose_sync=0 lidar_pose_sync=0 depth_odom_sync=0 lidar_odom_sync=0
[lvdot_detector_main-8] [INFO] [1777000058.349359736] [lvdot_detector_node]: Stage timers: detection=187 lidar_detection=187 tracking=187 classification=187 vis=0
[lvdot_detector_main-8] [INFO] [1777000058.349372891] [lvdot_detector_node]: Processing phases: detection=idle lidar_detection=idle tracking=idle classification=idle
[lvdot_detector_main-8] [INFO] [1777000058.349380466] [lvdot_detector_node]: Pipeline stats: depth_samples=1316/71300 u_map=0 depth_boxes=0 u_map_merge=0 u_map_db=0 u_map_visual=0 u_map_fused=0 u_map_filtered=0 lidar_samples=3151/125234 uv=0 db=9 lidar=19 fused=19 filtered=19 tracks=11 dynamic=0 dyn_points=0 raw_dyn_points=0 service=22/4 split=19->0 (19 outputs) fusion_components=19 visual_only=0 lidar_only=19 yolo_in=0 yolo_match3d=0 yolo_match_det=0 yolo_human=0 fixed_size=0 size_reject=0
[lvdot_detector_main-8] [INFO] [1777000058.351529045] [lvdot_detector_node]: get_dynamic_obstacles responded with 0 obstacles from 0 tracked dynamic boxes.
[lvdot_detector_main-8] [WARN] [1777000058.451739909] [lvdot_detector_node.rclcpp]: failed to send response to /onboard_detector/get_dynamic_obstacles (timeout): client will not receive response, at ./src/rmw_response.cpp:153, at ./src/rcl/service.c:400
[lvdot_detector_main-8] [INFO] [1777000063.976523825] [lvdot_detector_node]: Input health: depth=67 color=65 lidar=65 pose=67 odom=67 yolo=65 depth_pose_sync=0 lidar_pose_sync=0 depth_odom_sync=0 lidar_odom_sync=0
[lvdot_detector_main-8] [INFO] [1777000063.976626587] [lvdot_detector_node]: Stage timers: detection=189 lidar_detection=189 tracking=189 classification=189 vis=0
[lvdot_detector_main-8] [INFO] [1777000063.976640953] [lvdot_detector_node]: Processing phases: detection=idle lidar_detection=idle tracking=idle classification=idle
[lvdot_detector_main-8] [INFO] [1777000063.976651828] [lvdot_detector_node]: Pipeline stats: depth_samples=1415/71300 u_map=4 depth_boxes=0 u_map_merge=0 u_map_db=0 u_map_visual=0 u_map_fused=0 u_map_filtered=0 lidar_samples=3185/149423 uv=2 db=13 lidar=66 fused=66 filtered=66 tracks=18 dynamic=0 dyn_points=0 raw_dyn_points=0 service=23/0 split=66->0 (66 outputs) fusion_components=66 visual_only=0 lidar_only=64 yolo_in=2 yolo_match3d=2 yolo_match_det=2 yolo_human=2 fixed_size=0 size_reject=0
[lvdot_detector_main-8] [INFO] [1777000063.979559290] [lvdot_detector_node]: get_dynamic_obstacles responded with 0 obstacles from 0 tracked dynamic boxes.
[lvdot_detector_main-8] [WARN] [1777000064.079841644] [lvdot_detector_node.rclcpp]: failed to send response to /onboard_detector/get_dynamic_obstacles (timeout): client will not receive response, at ./src/rmw_response.cpp:153, at ./src/rcl/service.c:400
[lvdot_detector_main-8] [INFO] [1777000070.218105853] [lvdot_detector_node]: Input health: depth=69 color=67 lidar=67 pose=69 odom=69 yolo=67 depth_pose_sync=0 lidar_pose_sync=0 depth_odom_sync=0 lidar_odom_sync=0
[lvdot_detector_main-8] [INFO] [1777000070.218207161] [lvdot_detector_node]: Stage timers: detection=191 lidar_detection=191 tracking=191 classification=191 vis=0
[lvdot_detector_main-8] [INFO] [1777000070.218223427] [lvdot_detector_node]: Processing phases: detection=idle lidar_detection=idle tracking=idle classification=idle
[lvdot_detector_main-8] [INFO] [1777000070.218234471] [lvdot_detector_node]: Pipeline stats: depth_samples=1316/71300 u_map=2 depth_boxes=0 u_map_merge=0 u_map_db=0 u_map_visual=0 u_map_fused=0 u_map_filtered=0 lidar_samples=3131/123263 uv=0 db=13 lidar=15 fused=15 filtered=15 tracks=12 dynamic=0 dyn_points=0 raw_dyn_points=0 service=24/0 split=15->0 (15 outputs) fusion_components=15 visual_only=0 lidar_only=15 yolo_in=0 yolo_match3d=0 yolo_match_det=0 yolo_human=0 fixed_size=0 size_reject=2
[lvdot_detector_main-8] [INFO] [1777000070.220574605] [lvdot_detector_node]: get_dynamic_obstacles responded with 0 obstacles from 0 tracked dynamic boxes.
[lvdot_detector_main-8] [WARN] [1777000070.320952269] [lvdot_detector_node.rclcpp]: failed to send response to /onboard_detector/get_dynamic_obstacles (timeout): client will not receive response, at ./src/rmw_response.cpp:153, at ./src/rcl/service.c:400
[lvdot_detector_main-8] [INFO] [1777000076.169266180] [lvdot_detector_node]: Input health: depth=71 color=69 lidar=69 pose=71 odom=71 yolo=69 depth_pose_sync=0 lidar_pose_sync=0 depth_odom_sync=0 lidar_odom_sync=0
[lvdot_detector_main-8] [INFO] [1777000076.169354202] [lvdot_detector_node]: Stage timers: detection=193 lidar_detection=193 tracking=193 classification=193 vis=0
[lvdot_detector_main-8] [INFO] [1777000076.169363927] [lvdot_detector_node]: Processing phases: detection=idle lidar_detection=idle tracking=idle classification=idle
[lvdot_detector_main-8] [INFO] [1777000076.169371446] [lvdot_detector_node]: Pipeline stats: depth_samples=1322/71300 u_map=0 depth_boxes=0 u_map_merge=0 u_map_db=0 u_map_visual=0 u_map_fused=0 u_map_filtered=0 lidar_samples=3357/108076 uv=0 db=14 lidar=3 fused=3 filtered=3 tracks=63 dynamic=0 dyn_points=0 raw_dyn_points=0 service=25/0 split=3->0 (3 outputs) fusion_components=3 visual_only=0 lidar_only=3 yolo_in=0 yolo_match3d=0 yolo_match_det=0 yolo_human=0 fixed_size=0 size_reject=0
[lvdot_detector_main-8] [INFO] [1777000076.171555254] [lvdot_detector_node]: get_dynamic_obstacles responded with 0 obstacles from 0 tracked dynamic boxes.
[lvdot_detector_main-8] [WARN] [1777000076.271779544] [lvdot_detector_node.rclcpp]: failed to send response to /onboard_detector/get_dynamic_obstacles (timeout): client will not receive response, at ./src/rmw_response.cpp:153, at ./src/rcl/service.c:400
[lvdot_detector_main-8] [INFO] [1777000082.076601509] [lvdot_detector_node]: Input health: depth=73 color=71 lidar=71 pose=73 odom=73 yolo=71 depth_pose_sync=0 lidar_pose_sync=0 depth_odom_sync=0 lidar_odom_sync=0
[lvdot_detector_main-8] [INFO] [1777000082.076688719] [lvdot_detector_node]: Stage timers: detection=195 lidar_detection=195 tracking=195 classification=195 vis=0
[lvdot_detector_main-8] [INFO] [1777000082.076698420] [lvdot_detector_node]: Processing phases: detection=idle lidar_detection=idle tracking=idle classification=idle
[lvdot_detector_main-8] [INFO] [1777000082.076705696] [lvdot_detector_node]: Pipeline stats: depth_samples=1558/71300 u_map=3 depth_boxes=0 u_map_merge=0 u_map_db=0 u_map_visual=0 u_map_fused=0 u_map_filtered=0 lidar_samples=3081/131933 uv=2 db=16 lidar=25 fused=27 filtered=28 tracks=25 dynamic=0 dyn_points=0 raw_dyn_points=0 service=26/0 split=27->1 (28 outputs) fusion_components=27 visual_only=2 lidar_only=25 yolo_in=4 yolo_match3d=1 yolo_match_det=2 yolo_human=2 fixed_size=0 size_reject=0
[lvdot_detector_main-8] [INFO] [1777000082.078901306] [lvdot_detector_node]: get_dynamic_obstacles responded with 0 obstacles from 0 tracked dynamic boxes.
[lvdot_detector_main-8] [WARN] [1777000082.179179252] [lvdot_detector_node.rclcpp]: failed to send response to /onboard_detector/get_dynamic_obstacles (timeout): client will not receive response, at ./src/rmw_response.cpp:153, at ./src/rcl/service.c:400
[lvdot_detector_main-8] [INFO] [1777000088.526415904] [lvdot_detector_node]: Input health: depth=75 color=73 lidar=73 pose=75 odom=75 yolo=73 depth_pose_sync=0 lidar_pose_sync=0 depth_odom_sync=0 lidar_odom_sync=0
[lvdot_detector_main-8] [INFO] [1777000088.526527592] [lvdot_detector_node]: Stage timers: detection=197 lidar_detection=197 tracking=197 classification=197 vis=0
[lvdot_detector_main-8] [INFO] [1777000088.526543390] [lvdot_detector_node]: Processing phases: detection=idle lidar_detection=idle tracking=idle classification=idle
[lvdot_detector_main-8] [INFO] [1777000088.526554989] [lvdot_detector_node]: Pipeline stats: depth_samples=1582/71300 u_map=5 depth_boxes=0 u_map_merge=0 u_map_db=0 u_map_visual=0 u_map_fused=0 u_map_filtered=0 lidar_samples=3254/134912 uv=2 db=15 lidar=18 fused=20 filtered=20 tracks=61 dynamic=2 dyn_points=0 raw_dyn_points=0 service=27/0 split=20->0 (20 outputs) fusion_components=20 visual_only=2 lidar_only=18 yolo_in=2 yolo_match3d=2 yolo_match_det=2 yolo_human=2 fixed_size=0 size_reject=0
[lvdot_detector_main-8] [INFO] [1777000088.529920523] [lvdot_detector_node]: get_dynamic_obstacles responded with 2 obstacles from 2 tracked dynamic boxes.
[lvdot_detector_main-8] [WARN] [1777000088.630160117] [lvdot_detector_node.rclcpp]: failed to send response to /onboard_detector/get_dynamic_obstacles (timeout): client will not receive response, at ./src/rmw_response.cpp:153, at ./src/rcl/service.c:400
[lvdot_detector_main-8] [INFO] [1777000094.606002053] [lvdot_detector_node]: Input health: depth=77 color=75 lidar=75 pose=77 odom=77 yolo=75 depth_pose_sync=0 lidar_pose_sync=0 depth_odom_sync=0 lidar_odom_sync=0
[lvdot_detector_main-8] [INFO] [1777000094.606105858] [lvdot_detector_node]: Stage timers: detection=199 lidar_detection=199 tracking=199 classification=199 vis=0
[lvdot_detector_main-8] [INFO] [1777000094.606117681] [lvdot_detector_node]: Processing phases: detection=idle lidar_detection=idle tracking=idle classification=idle
[lvdot_detector_main-8] [INFO] [1777000094.606127200] [lvdot_detector_node]: Pipeline stats: depth_samples=1322/71300 u_map=0 depth_boxes=0 u_map_merge=0 u_map_db=0 u_map_visual=0 u_map_fused=0 u_map_filtered=0 lidar_samples=3371/107840 uv=0 db=14 lidar=7 fused=7 filtered=7 tracks=84 dynamic=2 dyn_points=0 raw_dyn_points=0 service=28/2 split=7->0 (7 outputs) fusion_components=7 visual_only=0 lidar_only=7 yolo_in=0 yolo_match3d=0 yolo_match_det=0 yolo_human=0 fixed_size=0 size_reject=0
[lvdot_detector_main-8] [INFO] [1777000097.464158141] [lvdot_detector_node]: get_dynamic_obstacles responded with 0 obstacles from 0 tracked dynamic boxes.
[lvdot_detector_main-8] [WARN] [1777000097.564397033] [lvdot_detector_node.rclcpp]: failed to send response to /onboard_detector/get_dynamic_obstacles (timeout): client will not receive response, at ./src/rmw_response.cpp:153, at ./src/rcl/service.c:400
[lvdot_detector_main-8] [INFO] [1777000100.250714531] [lvdot_detector_node]: Input health: depth=79 color=77 lidar=77 pose=79 odom=79 yolo=77 depth_pose_sync=0 lidar_pose_sync=0 depth_odom_sync=0 lidar_odom_sync=0
[lvdot_detector_main-8] [INFO] [1777000100.250836573] [lvdot_detector_node]: Stage timers: detection=201 lidar_detection=201 tracking=201 classification=201 vis=0
[lvdot_detector_main-8] [INFO] [1777000100.250853551] [lvdot_detector_node]: Processing phases: detection=idle lidar_detection=idle tracking=idle classification=idle
[lvdot_detector_main-8] [INFO] [1777000100.250865835] [lvdot_detector_node]: Pipeline stats: depth_samples=1526/71300 u_map=3 depth_boxes=0 u_map_merge=0 u_map_db=0 u_map_visual=0 u_map_fused=0 u_map_filtered=0 lidar_samples=3141/129808 uv=1 db=14 lidar=17 fused=18 filtered=18 tracks=19 dynamic=0 dyn_points=0 raw_dyn_points=0 service=29/0 split=18->0 (18 outputs) fusion_components=18 visual_only=1 lidar_only=17 yolo_in=2 yolo_match3d=1 yolo_match_det=1 yolo_human=1 fixed_size=0 size_reject=0
[lvdot_detector_main-8] [INFO] [1777000103.249919629] [lvdot_detector_node]: get_dynamic_obstacles responded with 1 obstacles from 1 tracked dynamic boxes.
[lvdot_detector_main-8] [WARN] [1777000103.350146440] [lvdot_detector_node.rclcpp]: failed to send response to /onboard_detector/get_dynamic_obstacles (timeout): client will not receive response, at ./src/rmw_response.cpp:153, at ./src/rcl/service.c:400
[lvdot_detector_main-8] [INFO] [1777000106.410287201] [lvdot_detector_node]: Input health: depth=81 color=79 lidar=79 pose=81 odom=81 yolo=79 depth_pose_sync=0 lidar_pose_sync=0 depth_odom_sync=0 lidar_odom_sync=0
[lvdot_detector_main-8] [INFO] [1777000106.410376190] [lvdot_detector_node]: Stage timers: detection=203 lidar_detection=203 tracking=203 classification=203 vis=0
[lvdot_detector_main-8] [INFO] [1777000106.410386289] [lvdot_detector_node]: Processing phases: detection=idle lidar_detection=idle tracking=idle classification=idle
[lvdot_detector_main-8] [INFO] [1777000106.410393388] [lvdot_detector_node]: Pipeline stats: depth_samples=1264/52670 u_map=1 depth_boxes=0 u_map_merge=0 u_map_db=0 u_map_visual=0 u_map_fused=0 u_map_filtered=0 lidar_samples=3282/178608 uv=0 db=15 lidar=4 fused=4 filtered=4 tracks=6 dynamic=1 dyn_points=0 raw_dyn_points=0 service=30/1 split=4->0 (4 outputs) fusion_components=4 visual_only=0 lidar_only=4 yolo_in=2 yolo_match3d=1 yolo_match_det=1 yolo_human=1 fixed_size=0 size_reject=0
[lvdot_detector_main-8] [INFO] [1777000111.801458961] [lvdot_detector_node]: Input health: depth=83 color=81 lidar=81 pose=83 odom=83 yolo=81 depth_pose_sync=0 lidar_pose_sync=0 depth_odom_sync=0 lidar_odom_sync=0
[lvdot_detector_main-8] [INFO] [1777000111.801563353] [lvdot_detector_node]: Stage timers: detection=205 lidar_detection=205 tracking=205 classification=205 vis=0
[lvdot_detector_main-8] [INFO] [1777000111.801576852] [lvdot_detector_node]: Processing phases: detection=idle lidar_detection=idle tracking=idle classification=idle
[lvdot_detector_main-8] [INFO] [1777000111.801606050] [lvdot_detector_node]: Pipeline stats: depth_samples=1322/71300 u_map=0 depth_boxes=0 u_map_merge=0 u_map_db=0 u_map_visual=0 u_map_fused=0 u_map_filtered=0 lidar_samples=3370/107892 uv=0 db=14 lidar=12 fused=12 filtered=12 tracks=9 dynamic=1 dyn_points=0 raw_dyn_points=0 service=30/1 split=12->0 (12 outputs) fusion_components=12 visual_only=0 lidar_only=12 yolo_in=0 yolo_match3d=0 yolo_match_det=0 yolo_human=0 fixed_size=0 size_reject=0
[lvdot_detector_main-8] [INFO] [1777000117.192464015] [lvdot_detector_node]: Input health: depth=85 color=83 lidar=83 pose=85 odom=85 yolo=83 depth_pose_sync=0 lidar_pose_sync=0 depth_odom_sync=0 lidar_odom_sync=0
[lvdot_detector_main-8] [INFO] [1777000117.192570869] [lvdot_detector_node]: Stage timers: detection=207 lidar_detection=207 tracking=207 classification=207 vis=0
[lvdot_detector_main-8] [INFO] [1777000117.192583704] [lvdot_detector_node]: Processing phases: detection=idle lidar_detection=idle tracking=idle classification=idle
[lvdot_detector_main-8] [INFO] [1777000117.192593753] [lvdot_detector_node]: Pipeline stats: depth_samples=1553/71300 u_map=3 depth_boxes=0 u_map_merge=0 u_map_db=0 u_map_visual=0 u_map_fused=0 u_map_filtered=0 lidar_samples=3076/137031 uv=1 db=11 lidar=17 fused=17 filtered=18 tracks=21 dynamic=0 dyn_points=0 raw_dyn_points=0 service=30/1 split=17->1 (18 outputs) fusion_components=17 visual_only=0 lidar_only=16 yolo_in=4 yolo_match3d=3 yolo_match_det=4 yolo_human=4 fixed_size=0 size_reject=0
[lvdot_detector_main-8] [INFO] [1777000122.979437291] [lvdot_detector_node]: Input health: depth=87 color=85 lidar=85 pose=87 odom=87 yolo=85 depth_pose_sync=0 lidar_pose_sync=0 depth_odom_sync=0 lidar_odom_sync=0
[lvdot_detector_main-8] [INFO] [1777000122.979519937] [lvdot_detector_node]: Stage timers: detection=209 lidar_detection=209 tracking=209 classification=209 vis=0
[lvdot_detector_main-8] [INFO] [1777000122.979529507] [lvdot_detector_node]: Processing phases: detection=idle lidar_detection=idle tracking=idle classification=idle
[lvdot_detector_main-8] [INFO] [1777000122.979536785] [lvdot_detector_node]: Pipeline stats: depth_samples=1238/58650 u_map=3 depth_boxes=0 u_map_merge=0 u_map_db=0 u_map_visual=0 u_map_fused=0 u_map_filtered=0 lidar_samples=3163/128463 uv=0 db=10 lidar=18 fused=18 filtered=18 tracks=23 dynamic=1 dyn_points=0 raw_dyn_points=0 service=30/1 split=18->0 (18 outputs) fusion_components=18 visual_only=0 lidar_only=18 yolo_in=3 yolo_match3d=3 yolo_match_det=3 yolo_human=3 fixed_size=0 size_reject=3
[lvdot_detector_main-8] [INFO] [1777000129.073960042] [lvdot_detector_node]: Input health: depth=89 color=87 lidar=87 pose=89 odom=89 yolo=87 depth_pose_sync=0 lidar_pose_sync=0 depth_odom_sync=0 lidar_odom_sync=0
[lvdot_detector_main-8] [INFO] [1777000129.074055760] [lvdot_detector_node]: Stage timers: detection=211 lidar_detection=211 tracking=211 classification=211 vis=0
[lvdot_detector_main-8] [INFO] [1777000129.074067749] [lvdot_detector_node]: Processing phases: detection=idle lidar_detection=idle tracking=idle classification=idle
[lvdot_detector_main-8] [INFO] [1777000129.074077019] [lvdot_detector_node]: Pipeline stats: depth_samples=1387/71300 u_map=2 depth_boxes=0 u_map_merge=0 u_map_db=0 u_map_visual=0 u_map_fused=0 u_map_filtered=0 lidar_samples=3196/128023 uv=2 db=14 lidar=7 fused=8 filtered=8 tracks=72 dynamic=3 dyn_points=0 raw_dyn_points=0 service=30/1 split=8->0 (8 outputs) fusion_components=8 visual_only=1 lidar_only=6 yolo_in=2 yolo_match3d=1 yolo_match_det=1 yolo_human=1 fixed_size=0 size_reject=0
[lvdot_detector_main-8] [INFO] [1777000134.965250133] [lvdot_detector_node]: Input health: depth=91 color=89 lidar=89 pose=91 odom=91 yolo=89 depth_pose_sync=0 lidar_pose_sync=0 depth_odom_sync=0 lidar_odom_sync=0
[lvdot_detector_main-8] [INFO] [1777000134.965338216] [lvdot_detector_node]: Stage timers: detection=213 lidar_detection=213 tracking=213 classification=213 vis=0
[lvdot_detector_main-8] [INFO] [1777000134.965348403] [lvdot_detector_node]: Processing phases: detection=idle lidar_detection=idle tracking=idle classification=idle
[lvdot_detector_main-8] [INFO] [1777000134.965355693] [lvdot_detector_node]: Pipeline stats: depth_samples=1286/71300 u_map=2 depth_boxes=0 u_map_merge=0 u_map_db=0 u_map_visual=0 u_map_fused=0 u_map_filtered=0 lidar_samples=3319/153164 uv=1 db=9 lidar=68 fused=68 filtered=68 tracks=7 dynamic=1 dyn_points=0 raw_dyn_points=0 service=30/1 split=68->0 (68 outputs) fusion_components=68 visual_only=0 lidar_only=67 yolo_in=2 yolo_match3d=2 yolo_match_det=2 yolo_human=2 fixed_size=0 size_reject=0
[lvdot_detector_main-8] [INFO] [1777000140.511967624] [lvdot_detector_node]: Input health: depth=93 color=91 lidar=91 pose=93 odom=93 yolo=91 depth_pose_sync=0 lidar_pose_sync=0 depth_odom_sync=0 lidar_odom_sync=0
[lvdot_detector_main-8] [INFO] [1777000140.512075240] [lvdot_detector_node]: Stage timers: detection=215 lidar_detection=215 tracking=215 classification=215 vis=0
[lvdot_detector_main-8] [INFO] [1777000140.512102996] [lvdot_detector_node]: Processing phases: detection=idle lidar_detection=idle tracking=idle classification=idle
[lvdot_detector_main-8] [INFO] [1777000140.512113818] [lvdot_detector_node]: Pipeline stats: depth_samples=1314/71300 u_map=2 depth_boxes=0 u_map_merge=0 u_map_db=0 u_map_visual=0 u_map_fused=0 u_map_filtered=0 lidar_samples=3128/126266 uv=2 db=9 lidar=16 fused=18 filtered=18 tracks=17 dynamic=2 dyn_points=0 raw_dyn_points=0 service=30/1 split=18->0 (18 outputs) fusion_components=18 visual_only=2 lidar_only=16 yolo_in=2 yolo_match3d=2 yolo_match_det=2 yolo_human=2 fixed_size=0 size_reject=0
[lvdot_detector_main-8] [INFO] [1777000146.615845859] [lvdot_detector_node]: Input health: depth=95 color=93 lidar=93 pose=95 odom=95 yolo=93 depth_pose_sync=0 lidar_pose_sync=0 depth_odom_sync=0 lidar_odom_sync=0
[lvdot_detector_main-8] [INFO] [1777000146.615946510] [lvdot_detector_node]: Stage timers: detection=217 lidar_detection=217 tracking=217 classification=217 vis=0
[lvdot_detector_main-8] [INFO] [1777000146.615958660] [lvdot_detector_node]: Processing phases: detection=idle lidar_detection=idle tracking=idle classification=idle
[lvdot_detector_main-8] [INFO] [1777000146.615968077] [lvdot_detector_node]: Pipeline stats: depth_samples=1322/71300 u_map=0 depth_boxes=0 u_map_merge=0 u_map_db=0 u_map_visual=0 u_map_fused=0 u_map_filtered=0 lidar_samples=3380/108072 uv=0 db=14 lidar=4 fused=4 filtered=4 tracks=65 dynamic=2 dyn_points=0 raw_dyn_points=0 service=30/1 split=4->0 (4 outputs) fusion_components=4 visual_only=0 lidar_only=4 yolo_in=0 yolo_match3d=0 yolo_match_det=0 yolo_human=0 fixed_size=0 size_reject=0
[lvdot_detector_main-8] [INFO] [1777000151.944998184] [lvdot_detector_node]: Input health: depth=97 color=95 lidar=95 pose=97 odom=97 yolo=95 depth_pose_sync=0 lidar_pose_sync=0 depth_odom_sync=0 lidar_odom_sync=0
[lvdot_detector_main-8] [INFO] [1777000151.945059480] [lvdot_detector_node]: Stage timers: detection=219 lidar_detection=219 tracking=219 classification=219 vis=0
[lvdot_detector_main-8] [INFO] [1777000151.945068879] [lvdot_detector_node]: Processing phases: detection=idle lidar_detection=idle tracking=idle classification=idle
[lvdot_detector_main-8] [INFO] [1777000151.945076479] [lvdot_detector_node]: Pipeline stats: depth_samples=1457/71300 u_map=2 depth_boxes=0 u_map_merge=0 u_map_db=0 u_map_visual=0 u_map_fused=0 u_map_filtered=0 lidar_samples=3200/122261 uv=2 db=11 lidar=13 fused=14 filtered=14 tracks=2 dynamic=0 dyn_points=0 raw_dyn_points=0 service=30/1 split=14->0 (14 outputs) fusion_components=14 visual_only=1 lidar_only=12 yolo_in=2 yolo_match3d=2 yolo_match_det=2 yolo_human=2 fixed_size=0 size_reject=0
[lvdot_detector_main-8] [INFO] [1777000157.761339334] [lvdot_detector_node]: Input health: depth=99 color=97 lidar=97 pose=99 odom=99 yolo=97 depth_pose_sync=0 lidar_pose_sync=0 depth_odom_sync=0 lidar_odom_sync=0
[lvdot_detector_main-8] [INFO] [1777000157.761429612] [lvdot_detector_node]: Stage timers: detection=221 lidar_detection=221 tracking=221 classification=221 vis=0
[lvdot_detector_main-8] [INFO] [1777000157.761440021] [lvdot_detector_node]: Processing phases: detection=idle lidar_detection=idle tracking=idle classification=idle
[lvdot_detector_main-8] [INFO] [1777000157.761447428] [lvdot_detector_node]: Pipeline stats: depth_samples=1534/71300 u_map=3 depth_boxes=0 u_map_merge=0 u_map_db=0 u_map_visual=0 u_map_fused=0 u_map_filtered=0 lidar_samples=3184/127261 uv=1 db=13 lidar=17 fused=17 filtered=17 tracks=56 dynamic=2 dyn_points=0 raw_dyn_points=0 service=30/1 split=17->1 (17 outputs) fusion_components=17 visual_only=0 lidar_only=16 yolo_in=3 yolo_match3d=2 yolo_match_det=3 yolo_human=2 fixed_size=0 size_reject=0
[lvdot_detector_main-8] [INFO] [1777000163.976672726] [lvdot_detector_node]: Input health: depth=101 color=99 lidar=99 pose=101 odom=101 yolo=99 depth_pose_sync=0 lidar_pose_sync=0 depth_odom_sync=0 lidar_odom_sync=0
[lvdot_detector_main-8] [INFO] [1777000163.976810808] [lvdot_detector_node]: Stage timers: detection=223 lidar_detection=223 tracking=223 classification=223 vis=0
[lvdot_detector_main-8] [INFO] [1777000163.976832106] [lvdot_detector_node]: Processing phases: detection=idle lidar_detection=idle tracking=idle classification=idle
[lvdot_detector_main-8] [INFO] [1777000163.976845404] [lvdot_detector_node]: Pipeline stats: depth_samples=1064/71300 u_map=1 depth_boxes=0 u_map_merge=0 u_map_db=0 u_map_visual=0 u_map_fused=0 u_map_filtered=0 lidar_samples=3355/140946 uv=1 db=9 lidar=65 fused=66 filtered=66 tracks=4 dynamic=2 dyn_points=0 raw_dyn_points=0 service=30/1 split=66->0 (66 outputs) fusion_components=66 visual_only=1 lidar_only=65 yolo_in=0 yolo_match3d=0 yolo_match_det=0 yolo_human=0 fixed_size=0 size_reject=0
[lvdot_detector_main-8] [INFO] [1777000169.484866050] [lvdot_detector_node]: Input health: depth=103 color=101 lidar=101 pose=103 odom=103 yolo=101 depth_pose_sync=0 lidar_pose_sync=0 depth_odom_sync=0 lidar_odom_sync=0
[lvdot_detector_main-8] [INFO] [1777000169.484940483] [lvdot_detector_node]: Stage timers: detection=225 lidar_detection=225 tracking=225 classification=225 vis=0
[lvdot_detector_main-8] [INFO] [1777000169.484954271] [lvdot_detector_node]: Processing phases: detection=idle lidar_detection=idle tracking=idle classification=idle
[lvdot_detector_main-8] [INFO] [1777000169.484965561] [lvdot_detector_node]: Pipeline stats: depth_samples=1447/71300 u_map=1 depth_boxes=0 u_map_merge=0 u_map_db=0 u_map_visual=0 u_map_fused=0 u_map_filtered=0 lidar_samples=3406/120770 uv=1 db=10 lidar=16 fused=16 filtered=16 tracks=8 dynamic=0 dyn_points=0 raw_dyn_points=0 service=30/1 split=16->0 (16 outputs) fusion_components=16 visual_only=0 lidar_only=15 yolo_in=4 yolo_match3d=3 yolo_match_det=3 yolo_human=3 fixed_size=0 size_reject=0
[lvdot_detector_main-8] [INFO] [1777000175.805506745] [lvdot_detector_node]: Input health: depth=105 color=103 lidar=103 pose=105 odom=105 yolo=103 depth_pose_sync=0 lidar_pose_sync=0 depth_odom_sync=0 lidar_odom_sync=0
[lvdot_detector_main-8] [INFO] [1777000175.805606687] [lvdot_detector_node]: Stage timers: detection=227 lidar_detection=227 tracking=227 classification=227 vis=0
[lvdot_detector_main-8] [INFO] [1777000175.805621794] [lvdot_detector_node]: Processing phases: detection=idle lidar_detection=idle tracking=idle classification=idle
[lvdot_detector_main-8] [INFO] [1777000175.805632598] [lvdot_detector_node]: Pipeline stats: depth_samples=1540/71300 u_map=3 depth_boxes=0 u_map_merge=0 u_map_db=0 u_map_visual=0 u_map_fused=0 u_map_filtered=0 lidar_samples=3227/120895 uv=0 db=15 lidar=14 fused=14 filtered=14 tracks=75 dynamic=3 dyn_points=0 raw_dyn_points=0 service=30/1 split=14->0 (14 outputs) fusion_components=14 visual_only=0 lidar_only=14 yolo_in=2 yolo_match3d=1 yolo_match_det=1 yolo_human=1 fixed_size=0 size_reject=0
[lvdot_detector_main-8] [INFO] [1777000181.679582613] [lvdot_detector_node]: Input health: depth=107 color=105 lidar=105 pose=107 odom=107 yolo=105 depth_pose_sync=0 lidar_pose_sync=0 depth_odom_sync=0 lidar_odom_sync=0
[lvdot_detector_main-8] [INFO] [1777000181.679758591] [lvdot_detector_node]: Stage timers: detection=229 lidar_detection=229 tracking=229 classification=229 vis=0
[lvdot_detector_main-8] [INFO] [1777000181.679777392] [lvdot_detector_node]: Processing phases: detection=idle lidar_detection=idle tracking=idle classification=idle
[lvdot_detector_main-8] [INFO] [1777000181.679785350] [lvdot_detector_node]: Pipeline stats: depth_samples=1136/71300 u_map=1 depth_boxes=0 u_map_merge=0 u_map_db=0 u_map_visual=0 u_map_fused=0 u_map_filtered=0 lidar_samples=3310/163928 uv=1 db=12 lidar=15 fused=16 filtered=16 tracks=4 dynamic=1 dyn_points=0 raw_dyn_points=0 service=30/1 split=16->0 (16 outputs) fusion_components=16 visual_only=1 lidar_only=15 yolo_in=0 yolo_match3d=0 yolo_match_det=0 yolo_human=0 fixed_size=0 size_reject=0
[lvdot_detector_main-8] [INFO] [1777000187.100830349] [lvdot_detector_node]: Input health: depth=109 color=107 lidar=107 pose=109 odom=109 yolo=107 depth_pose_sync=0 lidar_pose_sync=0 depth_odom_sync=0 lidar_odom_sync=0
[lvdot_detector_main-8] [INFO] [1777000187.100934404] [lvdot_detector_node]: Stage timers: detection=231 lidar_detection=231 tracking=231 classification=231 vis=0
[lvdot_detector_main-8] [INFO] [1777000187.100949952] [lvdot_detector_node]: Processing phases: detection=idle lidar_detection=idle tracking=idle classification=idle
[lvdot_detector_main-8] [INFO] [1777000187.100962012] [lvdot_detector_node]: Pipeline stats: depth_samples=1454/71300 u_map=2 depth_boxes=0 u_map_merge=0 u_map_db=0 u_map_visual=0 u_map_fused=0 u_map_filtered=0 lidar_samples=3305/115824 uv=0 db=13 lidar=14 fused=14 filtered=14 tracks=8 dynamic=0 dyn_points=0 raw_dyn_points=0 service=30/1 split=14->0 (14 outputs) fusion_components=14 visual_only=0 lidar_only=14 yolo_in=1 yolo_match3d=0 yolo_match_det=0 yolo_human=0 fixed_size=0 size_reject=0
[lvdot_detector_main-8] [INFO] [1777000192.937523214] [lvdot_detector_node]: Input health: depth=111 color=109 lidar=109 pose=111 odom=111 yolo=109 depth_pose_sync=0 lidar_pose_sync=0 depth_odom_sync=0 lidar_odom_sync=0
[lvdot_detector_main-8] [INFO] [1777000192.937609022] [lvdot_detector_node]: Stage timers: detection=233 lidar_detection=233 tracking=233 classification=233 vis=0
[lvdot_detector_main-8] [INFO] [1777000192.937618601] [lvdot_detector_node]: Processing phases: detection=idle lidar_detection=idle tracking=idle classification=idle
[lvdot_detector_main-8] [INFO] [1777000192.937626184] [lvdot_detector_node]: Pipeline stats: depth_samples=1010/71300 u_map=3 depth_boxes=0 u_map_merge=0 u_map_db=0 u_map_visual=0 u_map_fused=0 u_map_filtered=0 lidar_samples=3259/160600 uv=2 db=6 lidar=30 fused=31 filtered=31 tracks=18 dynamic=0 dyn_points=0 raw_dyn_points=0 service=30/1 split=31->0 (31 outputs) fusion_components=31 visual_only=1 lidar_only=29 yolo_in=2 yolo_match3d=2 yolo_match_det=2 yolo_human=2 fixed_size=0 size_reject=0
[lvdot_detector_main-8] [INFO] [1777000198.756202217] [lvdot_detector_node]: Input health: depth=113 color=111 lidar=111 pose=113 odom=113 yolo=111 depth_pose_sync=0 lidar_pose_sync=0 depth_odom_sync=0 lidar_odom_sync=0
[lvdot_detector_main-8] [INFO] [1777000198.756322447] [lvdot_detector_node]: Stage timers: detection=235 lidar_detection=235 tracking=235 classification=235 vis=0
[lvdot_detector_main-8] [INFO] [1777000198.756358075] [lvdot_detector_node]: Processing phases: detection=idle lidar_detection=idle tracking=idle classification=idle
[lvdot_detector_main-8] [INFO] [1777000198.756371021] [lvdot_detector_node]: Pipeline stats: depth_samples=1301/71300 u_map=1 depth_boxes=0 u_map_merge=0 u_map_db=0 u_map_visual=0 u_map_fused=0 u_map_filtered=0 lidar_samples=3105/118029 uv=1 db=11 lidar=4 fused=4 filtered=4 tracks=5 dynamic=2 dyn_points=0 raw_dyn_points=0 service=30/1 split=4->0 (4 outputs) fusion_components=4 visual_only=0 lidar_only=3 yolo_in=0 yolo_match3d=0 yolo_match_det=0 yolo_human=0 fixed_size=0 size_reject=0
[lvdot_detector_main-8] [INFO] [1777000201.495240589] [lvdot_detector_node]: get_dynamic_obstacles responded with 0 obstacles from 0 tracked dynamic boxes.
[lvdot_detector_main-8] [INFO] [1777000204.306720783] [lvdot_detector_node]: Input health: depth=115 color=113 lidar=113 pose=115 odom=115 yolo=113 depth_pose_sync=0 lidar_pose_sync=0 depth_odom_sync=0 lidar_odom_sync=0
[lvdot_detector_main-8] [INFO] [1777000204.306915043] [lvdot_detector_node]: Stage timers: detection=237 lidar_detection=237 tracking=237 classification=237 vis=0
[lvdot_detector_main-8] [INFO] [1777000204.306946718] [lvdot_detector_node]: Processing phases: detection=idle lidar_detection=idle tracking=idle classification=idle
[lvdot_detector_main-8] [INFO] [1777000204.306962355] [lvdot_detector_node]: Pipeline stats: depth_samples=1316/71300 u_map=0 depth_boxes=0 u_map_merge=0 u_map_db=0 u_map_visual=0 u_map_fused=0 u_map_filtered=0 lidar_samples=3424/108073 uv=0 db=9 lidar=11 fused=11 filtered=11 tracks=3 dynamic=0 dyn_points=0 raw_dyn_points=0 service=31/0 split=11->0 (11 outputs) fusion_components=11 visual_only=0 lidar_only=11 yolo_in=0 yolo_match3d=0 yolo_match_det=0 yolo_human=0 fixed_size=0 size_reject=0
[lvdot_detector_main-8] [INFO] [1777000210.433206376] [lvdot_detector_node]: Input health: depth=117 color=115 lidar=115 pose=117 odom=117 yolo=115 depth_pose_sync=0 lidar_pose_sync=0 depth_odom_sync=0 lidar_odom_sync=0
[lvdot_detector_main-8] [INFO] [1777000210.433300667] [lvdot_detector_node]: Stage timers: detection=239 lidar_detection=239 tracking=239 classification=239 vis=0
[lvdot_detector_main-8] [INFO] [1777000210.433342058] [lvdot_detector_node]: Processing phases: detection=idle lidar_detection=idle tracking=idle classification=idle
[lvdot_detector_main-8] [INFO] [1777000210.433354778] [lvdot_detector_node]: Pipeline stats: depth_samples=1506/71300 u_map=4 depth_boxes=0 u_map_merge=0 u_map_db=0 u_map_visual=0 u_map_fused=0 u_map_filtered=0 lidar_samples=3378/144621 uv=2 db=13 lidar=70 fused=72 filtered=72 tracks=23 dynamic=0 dyn_points=0 raw_dyn_points=0 service=31/0 split=72->0 (72 outputs) fusion_components=72 visual_only=2 lidar_only=70 yolo_in=3 yolo_match3d=3 yolo_match_det=3 yolo_human=3 fixed_size=0 size_reject=0
[lvdot_detector_main-8] [INFO] [1777000217.228920473] [lvdot_detector_node]: Input health: depth=119 color=117 lidar=117 pose=119 odom=119 yolo=117 depth_pose_sync=0 lidar_pose_sync=0 depth_odom_sync=0 lidar_odom_sync=0
[lvdot_detector_main-8] [INFO] [1777000217.229095736] [lvdot_detector_node]: Stage timers: detection=241 lidar_detection=241 tracking=241 classification=241 vis=0
[lvdot_detector_main-8] [INFO] [1777000217.229114475] [lvdot_detector_node]: Processing phases: detection=idle lidar_detection=idle tracking=idle classification=idle
[lvdot_detector_main-8] [INFO] [1777000217.229122191] [lvdot_detector_node]: Pipeline stats: depth_samples=1292/71300 u_map=3 depth_boxes=0 u_map_merge=0 u_map_db=0 u_map_visual=0 u_map_fused=0 u_map_filtered=0 lidar_samples=3438/126424 uv=1 db=10 lidar=66 fused=67 filtered=67 tracks=62 dynamic=3 dyn_points=0 raw_dyn_points=0 service=31/0 split=67->0 (67 outputs) fusion_components=67 visual_only=1 lidar_only=66 yolo_in=1 yolo_match3d=1 yolo_match_det=1 yolo_human=1 fixed_size=0 size_reject=0
[lvdot_detector_main-8] [INFO] [1777000222.947417093] [lvdot_detector_node]: Input health: depth=121 color=119 lidar=119 pose=121 odom=121 yolo=119 depth_pose_sync=0 lidar_pose_sync=0 depth_odom_sync=0 lidar_odom_sync=0
[lvdot_detector_main-8] [INFO] [1777000222.947503185] [lvdot_detector_node]: Stage timers: detection=243 lidar_detection=243 tracking=243 classification=243 vis=0
[lvdot_detector_main-8] [INFO] [1777000222.947513307] [lvdot_detector_node]: Processing phases: detection=idle lidar_detection=idle tracking=idle classification=idle
[lvdot_detector_main-8] [INFO] [1777000222.947520624] [lvdot_detector_node]: Pipeline stats: depth_samples=1316/71300 u_map=0 depth_boxes=0 u_map_merge=0 u_map_db=0 u_map_visual=0 u_map_fused=0 u_map_filtered=0 lidar_samples=3424/107858 uv=0 db=9 lidar=9 fused=9 filtered=9 tracks=2 dynamic=1 dyn_points=0 raw_dyn_points=0 service=31/0 split=9->0 (9 outputs) fusion_components=9 visual_only=0 lidar_only=9 yolo_in=0 yolo_match3d=0 yolo_match_det=0 yolo_human=0 fixed_size=0 size_reject=0
