[INFO] [launch]: All log files can be found below /home/skbt2/.ros/log/2026-04-22-20-22-52-455355-DESKTOP-90MQDL6-704382
[INFO] [launch]: Default logging verbosity is set to INFO
[INFO] [gazebo-1]: process started with pid [704434]
[INFO] [parameter_bridge-2]: process started with pid [704435]
[INFO] [pedestrian_state_publisher-3]: process started with pid [704436]
[INFO] [uav_trajectory_controller-4]: process started with pid [704437]
[INFO] [image_pointcloud_relay-5]: process started with pid [704438]
[INFO] [lvdot_detector_main-6]: process started with pid [704439]
[parameter_bridge-2] [INFO] [1776860572.712482363] [ros_gz_bridge]: Creating GZ->ROS Bridge: [/rgbd_camera/image (gz.msgs.Image) -> /rgbd_camera/image (sensor_msgs/msg/Image)] (Lazy 0)
[parameter_bridge-2] [INFO] [1776860572.718364169] [ros_gz_bridge]: Creating GZ->ROS Bridge: [/rgbd_camera/camera_info (gz.msgs.CameraInfo) -> /rgbd_camera/camera_info (sensor_msgs/msg/CameraInfo)] (Lazy 0)
[parameter_bridge-2] [INFO] [1776860572.720287484] [ros_gz_bridge]: Creating GZ->ROS Bridge: [/rgbd_camera/depth_image (gz.msgs.Image) -> /rgbd_camera/depth_image (sensor_msgs/msg/Image)] (Lazy 0)
[parameter_bridge-2] [INFO] [1776860572.721679786] [ros_gz_bridge]: Creating GZ->ROS Bridge: [/rgbd_camera/points (gz.msgs.PointCloudPacked) -> /rgbd_camera/points (sensor_msgs/msg/PointCloud2)] (Lazy 0)
[parameter_bridge-2] [INFO] [1776860572.723123549] [ros_gz_bridge]: Creating GZ->ROS Bridge: [/camera/imu (gz.msgs.IMU) -> /camera/imu (sensor_msgs/msg/Imu)] (Lazy 0)
[parameter_bridge-2] [INFO] [1776860572.724394760] [ros_gz_bridge]: Creating ROS->GZ service bridge [/world/pedestrian_prototype/set_pose (ros_gz_interfaces/srv/SetEntityPose -> /)]
[parameter_bridge-2] [INFO] [1776860572.727235834] [ros_gz_bridge]: Creating ROS->GZ service bridge [/world/pedestrian_prototype/set_pose/blocking (ros_gz_interfaces/srv/SetEntityPose -> /)]
[lvdot_detector_main-6] [INFO] [1776860573.289486960] [lvdot_detector_node]: Config loaded: localization_mode=0 dt=0.033 image=640x480 depth_range=[0.20, 12.00] stage_timers=true
[lvdot_detector_main-6] [INFO] [1776860573.345636000] [lvdot_detector_node]: LV-DOT ROS2 skeleton started. depth=/camera/depth/image_rect_raw color=/camera/color/image_raw lidar=/rgbd_camera/points pose=/mavros/local_position/pose odom=/mavros/local_position/odom yolo=/yolo_detector/detected_bounding_boxes
[gazebo-1] [INFO] [1776860574.585072739] [pedestrian_pose_sync_system]: Configured pedestrian pose sync plugin on topic [/pedestrian_sim/agent_states] for 8 models.
[uav_trajectory_controller-4] [WARN] [1776860574.753332380] [uav_trajectory_controller]: SetEntityPose request timed out after 0.57s on /world/pedestrian_prototype/set_pose/blocking; dropping the pending request and retrying.
[uav_trajectory_controller-4] [WARN] [1776860574.753944416] [uav_trajectory_controller]: Falling back from /world/pedestrian_prototype/set_pose/blocking to /world/pedestrian_prototype/set_pose.
[lvdot_detector_main-6] [INFO] [1776860575.347290317] [lvdot_detector_node]: Input health: depth=0 color=0 lidar=0 pose=6 odom=6 yolo=0 depth_pose_sync=0 lidar_pose_sync=0 depth_odom_sync=0 lidar_odom_sync=0
[lvdot_detector_main-6] [INFO] [1776860575.347392748] [lvdot_detector_node]: Stage timers: detection=60 lidar_detection=60 tracking=60 classification=60 vis=60
[lvdot_detector_main-6] [INFO] [1776860575.347415238] [lvdot_detector_node]: Processing phases: detection=waiting_depth lidar_detection=waiting_new_lidar tracking=waiting_filtered_bboxes classification=idle
[lvdot_detector_main-6] [INFO] [1776860575.347439790] [lvdot_detector_node]: Pipeline stats: depth_samples=0/0 u_map=0 depth_boxes=0 u_map_merge=0 u_map_db=0 u_map_visual=0 u_map_fused=0 u_map_filtered=0 lidar_samples=0/0 uv=0 db=0 lidar=0 fused=0 filtered=0 tracks=0 dynamic=0 dyn_points=0 raw_dyn_points=0 service=0/0 split=0->0 (0 outputs) fusion_components=0 visual_only=0 lidar_only=0 fixed_size=0 size_reject=0
[uav_trajectory_controller-4] [WARN] [1776860575.609808217] [uav_trajectory_controller]: SetEntityPose request timed out after 0.63s on /world/pedestrian_prototype/set_pose; dropping the pending request and retrying.
[uav_trajectory_controller-4] [WARN] [1776860576.363351824] [uav_trajectory_controller]: SetEntityPose request timed out after 0.63s on /world/pedestrian_prototype/set_pose; dropping the pending request and retrying.
[lvdot_detector_main-6] [WARN] [1776860577.742902434] []: Messages of type 1 arrived out of order (will print only once)
[lvdot_detector_main-6] [WARN] [1776860577.743001428] []: Messages of type 1 arrived out of order (will print only once)
[lvdot_detector_main-6] [INFO] [1776860581.389934418] [lvdot_detector_node]: Input health: depth=1 color=14 lidar=0 pose=217 odom=217 yolo=6 depth_pose_sync=0 lidar_pose_sync=0 depth_odom_sync=0 lidar_odom_sync=0
[lvdot_detector_main-6] [INFO] [1776860581.390036704] [lvdot_detector_node]: Stage timers: detection=179 lidar_detection=241 tracking=242 classification=240 vis=227
[lvdot_detector_main-6] [INFO] [1776860581.390070571] [lvdot_detector_node]: Processing phases: detection=idle lidar_detection=waiting_new_lidar tracking=waiting_filtered_bboxes classification=snapshot
[lvdot_detector_main-6] [INFO] [1776860581.390085198] [lvdot_detector_node]: Pipeline stats: depth_samples=105/71300 u_map=3 depth_boxes=0 u_map_merge=0 u_map_db=0 u_map_visual=0 u_map_fused=0 u_map_filtered=0 lidar_samples=0/0 uv=0 db=0 lidar=0 fused=0 filtered=0 tracks=0 dynamic=0 dyn_points=0 raw_dyn_points=0 service=0/0 split=0->0 (0 outputs) fusion_components=0 visual_only=0 lidar_only=0 fixed_size=0 size_reject=0
[lvdot_detector_main-6] [INFO] [1776860588.047515580] [lvdot_detector_node]: Input health: depth=10 color=38 lidar=0 pose=461 odom=461 yolo=12 depth_pose_sync=0 lidar_pose_sync=0 depth_odom_sync=0 lidar_odom_sync=0
[lvdot_detector_main-6] [INFO] [1776860588.047576322] [lvdot_detector_node]: Stage timers: detection=187 lidar_detection=421 tracking=422 classification=420 vis=405
[lvdot_detector_main-6] [INFO] [1776860588.047587545] [lvdot_detector_node]: Processing phases: detection=run_core lidar_detection=waiting_new_lidar tracking=waiting_filtered_bboxes classification=idle
[lvdot_detector_main-6] [INFO] [1776860588.047597193] [lvdot_detector_node]: Pipeline stats: depth_samples=125/71300 u_map=2 depth_boxes=0 u_map_merge=0 u_map_db=0 u_map_visual=0 u_map_fused=0 u_map_filtered=0 lidar_samples=0/0 uv=0 db=2 lidar=0 fused=0 filtered=0 tracks=0 dynamic=0 dyn_points=0 raw_dyn_points=0 service=0/0 split=0->0 (0 outputs) fusion_components=0 visual_only=0 lidar_only=0 fixed_size=0 size_reject=0
[lvdot_detector_main-6] [INFO] [1776860594.045420659] [lvdot_detector_node]: Input health: depth=21 color=62 lidar=0 pose=701 odom=701 yolo=18 depth_pose_sync=0 lidar_pose_sync=0 depth_odom_sync=0 lidar_odom_sync=0
[lvdot_detector_main-6] [INFO] [1776860594.045481008] [lvdot_detector_node]: Stage timers: detection=193 lidar_detection=603 tracking=604 classification=601 vis=578
[lvdot_detector_main-6] [INFO] [1776860594.045491738] [lvdot_detector_node]: Processing phases: detection=run_core lidar_detection=snapshot tracking=waiting_filtered_bboxes classification=idle
[lvdot_detector_main-6] [INFO] [1776860594.045502962] [lvdot_detector_node]: Pipeline stats: depth_samples=105/71300 u_map=0 depth_boxes=0 u_map_merge=0 u_map_db=0 u_map_visual=0 u_map_fused=0 u_map_filtered=0 lidar_samples=0/0 uv=0 db=1 lidar=0 fused=0 filtered=0 tracks=0 dynamic=0 dyn_points=0 raw_dyn_points=0 service=0/0 split=0->0 (0 outputs) fusion_components=0 visual_only=0 lidar_only=0 fixed_size=0 size_reject=0
[lvdot_detector_main-6] [INFO] [1776860600.043783634] [lvdot_detector_node]: Input health: depth=27 color=81 lidar=0 pose=941 odom=941 yolo=24 depth_pose_sync=0 lidar_pose_sync=0 depth_odom_sync=0 lidar_odom_sync=0
[lvdot_detector_main-6] [INFO] [1776860600.043872834] [lvdot_detector_node]: Stage timers: detection=200 lidar_detection=784 tracking=783 classification=782 vis=753
[lvdot_detector_main-6] [INFO] [1776860600.043890458] [lvdot_detector_node]: Processing phases: detection=run_core lidar_detection=waiting_new_lidar tracking=waiting_filtered_bboxes classification=idle
[lvdot_detector_main-6] [INFO] [1776860600.043899910] [lvdot_detector_node]: Pipeline stats: depth_samples=180/71300 u_map=4 depth_boxes=0 u_map_merge=0 u_map_db=0 u_map_visual=0 u_map_fused=0 u_map_filtered=0 lidar_samples=0/0 uv=0 db=3 lidar=0 fused=0 filtered=0 tracks=0 dynamic=0 dyn_points=0 raw_dyn_points=0 service=0/0 split=0->0 (0 outputs) fusion_components=0 visual_only=0 lidar_only=0 fixed_size=0 size_reject=0
[lvdot_detector_main-6] [INFO] [1776860606.042208999] [lvdot_detector_node]: Input health: depth=32 color=88 lidar=0 pose=1182 odom=1182 yolo=31 depth_pose_sync=0 lidar_pose_sync=0 depth_odom_sync=0 lidar_odom_sync=0
[lvdot_detector_main-6] [INFO] [1776860606.042279695] [lvdot_detector_node]: Stage timers: detection=207 lidar_detection=963 tracking=964 classification=962 vis=929
[lvdot_detector_main-6] [INFO] [1776860606.042296070] [lvdot_detector_node]: Processing phases: detection=run_core lidar_detection=waiting_new_lidar tracking=waiting_filtered_bboxes classification=idle
[lvdot_detector_main-6] [INFO] [1776860606.042317543] [lvdot_detector_node]: Pipeline stats: depth_samples=201/71300 u_map=3 depth_boxes=0 u_map_merge=0 u_map_db=0 u_map_visual=0 u_map_fused=0 u_map_filtered=0 lidar_samples=0/0 uv=0 db=1 lidar=0 fused=0 filtered=0 tracks=0 dynamic=0 dyn_points=0 raw_dyn_points=0 service=0/0 split=0->0 (0 outputs) fusion_components=0 visual_only=0 lidar_only=0 fixed_size=0 size_reject=0
[lvdot_detector_main-6] [INFO] [1776860612.043690189] [lvdot_detector_node]: Input health: depth=38 color=101 lidar=0 pose=1422 odom=1422 yolo=36 depth_pose_sync=0 lidar_pose_sync=0 depth_odom_sync=0 lidar_odom_sync=0
[lvdot_detector_main-6] [INFO] [1776860612.043814995] [lvdot_detector_node]: Stage timers: detection=214 lidar_detection=1143 tracking=1142 classification=1142 vis=1098
[lvdot_detector_main-6] [INFO] [1776860612.043826662] [lvdot_detector_node]: Processing phases: detection=run_core lidar_detection=waiting_new_lidar tracking=waiting_filtered_bboxes classification=idle
[lvdot_detector_main-6] [INFO] [1776860612.043835682] [lvdot_detector_node]: Pipeline stats: depth_samples=119/71300 u_map=3 depth_boxes=0 u_map_merge=0 u_map_db=0 u_map_visual=0 u_map_fused=0 u_map_filtered=0 lidar_samples=0/0 uv=0 db=2 lidar=0 fused=0 filtered=0 tracks=0 dynamic=0 dyn_points=0 raw_dyn_points=0 service=0/0 split=0->0 (0 outputs) fusion_components=0 visual_only=0 lidar_only=0 fixed_size=0 size_reject=0
[lvdot_detector_main-6] [INFO] [1776860618.053250826] [lvdot_detector_node]: Input health: depth=49 color=121 lidar=0 pose=1655 odom=1655 yolo=44 depth_pose_sync=0 lidar_pose_sync=0 depth_odom_sync=0 lidar_odom_sync=0
[lvdot_detector_main-6] [INFO] [1776860618.053330533] [lvdot_detector_node]: Stage timers: detection=221 lidar_detection=1324 tracking=1323 classification=1322 vis=1274
[lvdot_detector_main-6] [INFO] [1776860618.053343475] [lvdot_detector_node]: Processing phases: detection=run_core lidar_detection=waiting_new_lidar tracking=waiting_filtered_bboxes classification=idle
[lvdot_detector_main-6] [INFO] [1776860618.053366808] [lvdot_detector_node]: Pipeline stats: depth_samples=114/71300 u_map=2 depth_boxes=0 u_map_merge=0 u_map_db=0 u_map_visual=0 u_map_fused=0 u_map_filtered=0 lidar_samples=0/0 uv=0 db=2 lidar=0 fused=0 filtered=0 tracks=0 dynamic=0 dyn_points=0 raw_dyn_points=0 service=0/0 split=0->0 (0 outputs) fusion_components=0 visual_only=0 lidar_only=0 fixed_size=0 size_reject=0
[lvdot_detector_main-6] [INFO] [1776860624.788094112] [lvdot_detector_node]: Input health: depth=59 color=151 lidar=0 pose=1891 odom=1891 yolo=49 depth_pose_sync=0 lidar_pose_sync=0 depth_odom_sync=0 lidar_odom_sync=0
[lvdot_detector_main-6] [INFO] [1776860624.788227541] [lvdot_detector_node]: Stage timers: detection=228 lidar_detection=1503 tracking=1504 classification=1502 vis=1448
[lvdot_detector_main-6] [INFO] [1776860624.788247065] [lvdot_detector_node]: Processing phases: detection=run_core lidar_detection=waiting_new_lidar tracking=snapshot classification=idle
[lvdot_detector_main-6] [INFO] [1776860624.788258544] [lvdot_detector_node]: Pipeline stats: depth_samples=168/71300 u_map=3 depth_boxes=0 u_map_merge=0 u_map_db=0 u_map_visual=0 u_map_fused=0 u_map_filtered=0 lidar_samples=0/0 uv=0 db=4 lidar=0 fused=0 filtered=0 tracks=0 dynamic=0 dyn_points=0 raw_dyn_points=0 service=0/0 split=0->0 (0 outputs) fusion_components=0 visual_only=0 lidar_only=0 fixed_size=0 size_reject=0
[lvdot_detector_main-6] [INFO] [1776860630.784862184] [lvdot_detector_node]: Input health: depth=70 color=185 lidar=0 pose=2132 odom=2133 yolo=56 depth_pose_sync=0 lidar_pose_sync=0 depth_odom_sync=0 lidar_odom_sync=0
[lvdot_detector_main-6] [INFO] [1776860630.785987817] [lvdot_detector_node]: Stage timers: detection=235 lidar_detection=1683 tracking=1685 classification=1681 vis=1620
[lvdot_detector_main-6] [INFO] [1776860630.787342414] [lvdot_detector_node]: Processing phases: detection=build_input lidar_detection=snapshot tracking=waiting_filtered_bboxes classification=idle
[lvdot_detector_main-6] [INFO] [1776860630.787506605] [lvdot_detector_node]: Pipeline stats: depth_samples=129/71300 u_map=0 depth_boxes=0 u_map_merge=0 u_map_db=0 u_map_visual=0 u_map_fused=0 u_map_filtered=0 lidar_samples=0/0 uv=0 db=1 lidar=0 fused=0 filtered=0 tracks=0 dynamic=0 dyn_points=0 raw_dyn_points=0 service=0/0 split=0->0 (0 outputs) fusion_components=0 visual_only=0 lidar_only=0 fixed_size=0 size_reject=0
[lvdot_detector_main-6] [INFO] [1776860636.759692148] [lvdot_detector_node]: Input health: depth=72 color=196 lidar=0 pose=2372 odom=2373 yolo=61 depth_pose_sync=0 lidar_pose_sync=0 depth_odom_sync=0 lidar_odom_sync=0
[lvdot_detector_main-6] [INFO] [1776860636.759753364] [lvdot_detector_node]: Stage timers: detection=242 lidar_detection=1864 tracking=1865 classification=1860 vis=1793
[lvdot_detector_main-6] [INFO] [1776860636.759764432] [lvdot_detector_node]: Processing phases: detection=run_core lidar_detection=waiting_new_lidar tracking=waiting_filtered_bboxes classification=idle
[lvdot_detector_main-6] [INFO] [1776860636.759773443] [lvdot_detector_node]: Pipeline stats: depth_samples=114/71300 u_map=4 depth_boxes=0 u_map_merge=0 u_map_db=0 u_map_visual=0 u_map_fused=0 u_map_filtered=0 lidar_samples=0/0 uv=0 db=2 lidar=0 fused=0 filtered=0 tracks=0 dynamic=0 dyn_points=0 raw_dyn_points=0 service=0/0 split=0->0 (0 outputs) fusion_components=0 visual_only=0 lidar_only=0 fixed_size=0 size_reject=0
[lvdot_detector_main-6] [INFO] [1776860642.758077040] [lvdot_detector_node]: Input health: depth=83 color=213 lidar=0 pose=2609 odom=2609 yolo=69 depth_pose_sync=0 lidar_pose_sync=0 depth_odom_sync=0 lidar_odom_sync=0
[lvdot_detector_main-6] [INFO] [1776860642.758179688] [lvdot_detector_node]: Stage timers: detection=249 lidar_detection=2044 tracking=2044 classification=2041 vis=1968
[lvdot_detector_main-6] [INFO] [1776860642.758194086] [lvdot_detector_node]: Processing phases: detection=run_core lidar_detection=waiting_new_lidar tracking=waiting_filtered_bboxes classification=idle
[lvdot_detector_main-6] [INFO] [1776860642.758204468] [lvdot_detector_node]: Pipeline stats: depth_samples=124/71300 u_map=2 depth_boxes=0 u_map_merge=0 u_map_db=0 u_map_visual=0 u_map_fused=0 u_map_filtered=0 lidar_samples=0/0 uv=0 db=1 lidar=0 fused=0 filtered=0 tracks=0 dynamic=0 dyn_points=0 raw_dyn_points=0 service=0/0 split=0->0 (0 outputs) fusion_components=0 visual_only=0 lidar_only=0 fixed_size=0 size_reject=0
[lvdot_detector_main-6] [INFO] [1776860648.764145537] [lvdot_detector_node]: Input health: depth=95 color=235 lidar=0 pose=2847 odom=2847 yolo=73 depth_pose_sync=0 lidar_pose_sync=0 depth_odom_sync=0 lidar_odom_sync=0
[lvdot_detector_main-6] [INFO] [1776860648.765860441] [lvdot_detector_node]: Stage timers: detection=256 lidar_detection=2224 tracking=2224 classification=2221 vis=2140
[lvdot_detector_main-6] [INFO] [1776860648.766123790] [lvdot_detector_node]: Processing phases: detection=build_input lidar_detection=waiting_new_lidar tracking=waiting_filtered_bboxes classification=idle
[lvdot_detector_main-6] [INFO] [1776860648.766144560] [lvdot_detector_node]: Pipeline stats: depth_samples=130/71300 u_map=0 depth_boxes=0 u_map_merge=0 u_map_db=0 u_map_visual=0 u_map_fused=0 u_map_filtered=0 lidar_samples=0/0 uv=0 db=1 lidar=0 fused=0 filtered=0 tracks=0 dynamic=0 dyn_points=0 raw_dyn_points=0 service=0/0 split=0->0 (0 outputs) fusion_components=0 visual_only=0 lidar_only=0 fixed_size=0 size_reject=0
[lvdot_detector_main-6] [INFO] [1776860655.553013331] [lvdot_detector_node]: Input health: depth=104 color=244 lidar=0 pose=3085 odom=3085 yolo=80 depth_pose_sync=0 lidar_pose_sync=0 depth_odom_sync=0 lidar_odom_sync=0
[lvdot_detector_main-6] [INFO] [1776860655.553120886] [lvdot_detector_node]: Stage timers: detection=263 lidar_detection=2405 tracking=2404 classification=2401 vis=2308
[lvdot_detector_main-6] [INFO] [1776860655.553147924] [lvdot_detector_node]: Processing phases: detection=run_core lidar_detection=snapshot tracking=waiting_filtered_bboxes classification=idle
[lvdot_detector_main-6] [INFO] [1776860655.553192855] [lvdot_detector_node]: Pipeline stats: depth_samples=114/71300 u_map=0 depth_boxes=0 u_map_merge=0 u_map_db=0 u_map_visual=0 u_map_fused=0 u_map_filtered=0 lidar_samples=0/0 uv=0 db=2 lidar=0 fused=0 filtered=0 tracks=0 dynamic=0 dyn_points=0 raw_dyn_points=0 service=0/0 split=0->0 (0 outputs) fusion_components=0 visual_only=0 lidar_only=0 fixed_size=0 size_reject=0
[lvdot_detector_main-6] [INFO] [1776860661.562840853] [lvdot_detector_node]: Input health: depth=109 color=263 lidar=0 pose=3310 odom=3310 yolo=85 depth_pose_sync=0 lidar_pose_sync=0 depth_odom_sync=0 lidar_odom_sync=0
[lvdot_detector_main-6] [INFO] [1776860661.562907989] [lvdot_detector_node]: Stage timers: detection=267 lidar_detection=2576 tracking=2577 classification=2576 vis=2455
[lvdot_detector_main-6] [INFO] [1776860661.562920773] [lvdot_detector_node]: Processing phases: detection=idle lidar_detection=waiting_new_lidar tracking=snapshot classification=build_input
[lvdot_detector_main-6] [INFO] [1776860661.562931116] [lvdot_detector_node]: Pipeline stats: depth_samples=110/71300 u_map=4 depth_boxes=0 u_map_merge=0 u_map_db=0 u_map_visual=0 u_map_fused=0 u_map_filtered=0 lidar_samples=0/0 uv=0 db=1 lidar=0 fused=0 filtered=0 tracks=0 dynamic=0 dyn_points=0 raw_dyn_points=0 service=0/0 split=0->0 (0 outputs) fusion_components=0 visual_only=0 lidar_only=0 fixed_size=0 size_reject=0
[lvdot_detector_main-6] [INFO] [1776860667.549818023] [lvdot_detector_node]: Input health: depth=116 color=274 lidar=0 pose=3555 odom=3555 yolo=89 depth_pose_sync=0 lidar_pose_sync=0 depth_odom_sync=0 lidar_odom_sync=0
[lvdot_detector_main-6] [INFO] [1776860667.550004503] [lvdot_detector_node]: Stage timers: detection=273 lidar_detection=2755 tracking=2757 classification=2756 vis=2616
[lvdot_detector_main-6] [INFO] [1776860667.550049195] [lvdot_detector_node]: Processing phases: detection=run_core lidar_detection=waiting_new_lidar tracking=waiting_filtered_bboxes classification=idle
[lvdot_detector_main-6] [INFO] [1776860667.550063637] [lvdot_detector_node]: Pipeline stats: depth_samples=105/71300 u_map=0 depth_boxes=0 u_map_merge=0 u_map_db=0 u_map_visual=0 u_map_fused=0 u_map_filtered=0 lidar_samples=0/0 uv=0 db=0 lidar=0 fused=0 filtered=0 tracks=0 dynamic=0 dyn_points=0 raw_dyn_points=0 service=0/0 split=0->0 (0 outputs) fusion_components=0 visual_only=0 lidar_only=0 fixed_size=0 size_reject=0
[lvdot_detector_main-6] [INFO] [1776860673.550783157] [lvdot_detector_node]: Input health: depth=124 color=288 lidar=0 pose=3794 odom=3794 yolo=94 depth_pose_sync=0 lidar_pose_sync=0 depth_odom_sync=0 lidar_odom_sync=0
[lvdot_detector_main-6] [INFO] [1776860673.550909795] [lvdot_detector_node]: Stage timers: detection=280 lidar_detection=2934 tracking=2936 classification=2932 vis=2781
[lvdot_detector_main-6] [INFO] [1776860673.550927032] [lvdot_detector_node]: Processing phases: detection=run_core lidar_detection=waiting_new_lidar tracking=waiting_filtered_bboxes classification=idle
[lvdot_detector_main-6] [INFO] [1776860673.550936729] [lvdot_detector_node]: Pipeline stats: depth_samples=172/71300 u_map=4 depth_boxes=0 u_map_merge=0 u_map_db=0 u_map_visual=0 u_map_fused=0 u_map_filtered=0 lidar_samples=0/0 uv=0 db=3 lidar=0 fused=0 filtered=0 tracks=0 dynamic=0 dyn_points=0 raw_dyn_points=0 service=0/0 split=0->0 (0 outputs) fusion_components=0 visual_only=0 lidar_only=0 fixed_size=0 size_reject=0
[lvdot_detector_main-6] [INFO] [1776860679.547160242] [lvdot_detector_node]: Input health: depth=131 color=302 lidar=0 pose=4035 odom=4035 yolo=101 depth_pose_sync=0 lidar_pose_sync=0 depth_odom_sync=0 lidar_odom_sync=0
[lvdot_detector_main-6] [INFO] [1776860679.547226063] [lvdot_detector_node]: Stage timers: detection=287 lidar_detection=3115 tracking=3118 classification=3111 vis=2959
[lvdot_detector_main-6] [INFO] [1776860679.547237131] [lvdot_detector_node]: Processing phases: detection=run_core lidar_detection=waiting_new_lidar tracking=waiting_filtered_bboxes classification=idle
[lvdot_detector_main-6] [INFO] [1776860679.547246436] [lvdot_detector_node]: Pipeline stats: depth_samples=118/71300 u_map=2 depth_boxes=0 u_map_merge=0 u_map_db=0 u_map_visual=0 u_map_fused=0 u_map_filtered=0 lidar_samples=0/0 uv=0 db=1 lidar=0 fused=0 filtered=0 tracks=0 dynamic=0 dyn_points=0 raw_dyn_points=0 service=0/0 split=0->0 (0 outputs) fusion_components=0 visual_only=0 lidar_only=0 fixed_size=0 size_reject=0
[lvdot_detector_main-6] [INFO] [1776860686.267166620] [lvdot_detector_node]: Input health: depth=142 color=333 lidar=0 pose=4275 odom=4275 yolo=106 depth_pose_sync=0 lidar_pose_sync=0 depth_odom_sync=0 lidar_odom_sync=0
[lvdot_detector_main-6] [INFO] [1776860686.267235984] [lvdot_detector_node]: Stage timers: detection=293 lidar_detection=3296 tracking=3300 classification=3291 vis=3131
[lvdot_detector_main-6] [INFO] [1776860686.267247051] [lvdot_detector_node]: Processing phases: detection=run_core lidar_detection=waiting_new_lidar tracking=waiting_filtered_bboxes classification=snapshot
[lvdot_detector_main-6] [INFO] [1776860686.267256931] [lvdot_detector_node]: Pipeline stats: depth_samples=105/71300 u_map=0 depth_boxes=0 u_map_merge=0 u_map_db=0 u_map_visual=0 u_map_fused=0 u_map_filtered=0 lidar_samples=0/0 uv=0 db=0 lidar=0 fused=0 filtered=0 tracks=0 dynamic=0 dyn_points=0 raw_dyn_points=0 service=0/0 split=0->0 (0 outputs) fusion_components=0 visual_only=0 lidar_only=0 fixed_size=0 size_reject=0
[lvdot_detector_main-6] [INFO] [1776860692.265333802] [lvdot_detector_node]: Input health: depth=153 color=343 lidar=0 pose=4519 odom=4519 yolo=111 depth_pose_sync=0 lidar_pose_sync=0 depth_odom_sync=0 lidar_odom_sync=0
[lvdot_detector_main-6] [INFO] [1776860692.265414604] [lvdot_detector_node]: Stage timers: detection=299 lidar_detection=3477 tracking=3480 classification=3469 vis=3302
[lvdot_detector_main-6] [INFO] [1776860692.265429099] [lvdot_detector_node]: Processing phases: detection=run_core lidar_detection=waiting_new_lidar tracking=snapshot classification=idle
[lvdot_detector_main-6] [INFO] [1776860692.265438893] [lvdot_detector_node]: Pipeline stats: depth_samples=114/71300 u_map=1 depth_boxes=0 u_map_merge=0 u_map_db=0 u_map_visual=0 u_map_fused=0 u_map_filtered=0 lidar_samples=0/0 uv=0 db=2 lidar=0 fused=0 filtered=0 tracks=0 dynamic=0 dyn_points=0 raw_dyn_points=0 service=0/0 split=0->0 (0 outputs) fusion_components=0 visual_only=0 lidar_only=0 fixed_size=0 size_reject=0
[lvdot_detector_main-6] [INFO] [1776860698.261302391] [lvdot_detector_node]: Input health: depth=167 color=359 lidar=0 pose=4755 odom=4755 yolo=119 depth_pose_sync=0 lidar_pose_sync=0 depth_odom_sync=0 lidar_odom_sync=0
[lvdot_detector_main-6] [INFO] [1776860698.261424508] [lvdot_detector_node]: Stage timers: detection=306 lidar_detection=3657 tracking=3659 classification=3648 vis=3471
[lvdot_detector_main-6] [INFO] [1776860698.261612021] [lvdot_detector_node]: Processing phases: detection=run_core lidar_detection=waiting_new_lidar tracking=waiting_filtered_bboxes classification=idle
[lvdot_detector_main-6] [INFO] [1776860698.261625373] [lvdot_detector_node]: Pipeline stats: depth_samples=110/71300 u_map=4 depth_boxes=0 u_map_merge=0 u_map_db=0 u_map_visual=0 u_map_fused=0 u_map_filtered=0 lidar_samples=0/0 uv=0 db=1 lidar=0 fused=0 filtered=0 tracks=0 dynamic=0 dyn_points=0 raw_dyn_points=0 service=0/0 split=0->0 (0 outputs) fusion_components=0 visual_only=0 lidar_only=0 fixed_size=0 size_reject=0
[lvdot_detector_main-6] [INFO] [1776860704.262352479] [lvdot_detector_node]: Input health: depth=179 color=379 lidar=0 pose=4996 odom=4996 yolo=123 depth_pose_sync=0 lidar_pose_sync=0 depth_odom_sync=0 lidar_odom_sync=0
[lvdot_detector_main-6] [INFO] [1776860704.262422781] [lvdot_detector_node]: Stage timers: detection=313 lidar_detection=3837 tracking=3836 classification=3828 vis=3643
[lvdot_detector_main-6] [INFO] [1776860704.262446247] [lvdot_detector_node]: Processing phases: detection=run_core lidar_detection=waiting_new_lidar tracking=waiting_filtered_bboxes classification=idle
[lvdot_detector_main-6] [INFO] [1776860704.262459422] [lvdot_detector_node]: Pipeline stats: depth_samples=125/71300 u_map=0 depth_boxes=0 u_map_merge=0 u_map_db=0 u_map_visual=0 u_map_fused=0 u_map_filtered=0 lidar_samples=0/0 uv=0 db=2 lidar=0 fused=0 filtered=0 tracks=0 dynamic=0 dyn_points=0 raw_dyn_points=0 service=0/0 split=0->0 (0 outputs) fusion_components=0 visual_only=0 lidar_only=0 fixed_size=0 size_reject=0
[lvdot_detector_main-6] [INFO] [1776860710.261287827] [lvdot_detector_node]: Input health: depth=185 color=397 lidar=0 pose=5238 odom=5238 yolo=132 depth_pose_sync=0 lidar_pose_sync=0 depth_odom_sync=0 lidar_odom_sync=0
[lvdot_detector_main-6] [INFO] [1776860710.261349447] [lvdot_detector_node]: Stage timers: detection=320 lidar_detection=4017 tracking=4016 classification=4007 vis=3820
[lvdot_detector_main-6] [INFO] [1776860710.261360028] [lvdot_detector_node]: Processing phases: detection=run_core lidar_detection=waiting_new_lidar tracking=waiting_filtered_bboxes classification=idle
[lvdot_detector_main-6] [INFO] [1776860710.261369139] [lvdot_detector_node]: Pipeline stats: depth_samples=114/71300 u_map=2 depth_boxes=0 u_map_merge=0 u_map_db=0 u_map_visual=0 u_map_fused=0 u_map_filtered=0 lidar_samples=0/0 uv=0 db=2 lidar=0 fused=0 filtered=0 tracks=0 dynamic=0 dyn_points=0 raw_dyn_points=0 service=0/0 split=0->0 (0 outputs) fusion_components=0 visual_only=0 lidar_only=0 fixed_size=0 size_reject=0
[lvdot_detector_main-6] [INFO] [1776860716.261252035] [lvdot_detector_node]: Input health: depth=191 color=422 lidar=0 pose=5472 odom=5472 yolo=136 depth_pose_sync=0 lidar_pose_sync=0 depth_odom_sync=0 lidar_odom_sync=0
[lvdot_detector_main-6] [INFO] [1776860716.261309246] [lvdot_detector_node]: Stage timers: detection=327 lidar_detection=4198 tracking=4197 classification=4188 vis=3995
[lvdot_detector_main-6] [INFO] [1776860716.261319729] [lvdot_detector_node]: Processing phases: detection=run_core lidar_detection=waiting_new_lidar tracking=waiting_filtered_bboxes classification=idle
[lvdot_detector_main-6] [INFO] [1776860716.261328839] [lvdot_detector_node]: Pipeline stats: depth_samples=128/71300 u_map=3 depth_boxes=0 u_map_merge=0 u_map_db=0 u_map_visual=0 u_map_fused=0 u_map_filtered=0 lidar_samples=0/0 uv=0 db=3 lidar=0 fused=0 filtered=0 tracks=0 dynamic=0 dyn_points=0 raw_dyn_points=0 service=0/0 split=0->0 (0 outputs) fusion_components=0 visual_only=0 lidar_only=0 fixed_size=0 size_reject=0
[lvdot_detector_main-6] [INFO] [1776860723.025686058] [lvdot_detector_node]: Input health: depth=201 color=450 lidar=0 pose=5713 odom=5713 yolo=141 depth_pose_sync=0 lidar_pose_sync=0 depth_odom_sync=0 lidar_odom_sync=0
[lvdot_detector_main-6] [INFO] [1776860723.025765977] [lvdot_detector_node]: Stage timers: detection=334 lidar_detection=4379 tracking=4378 classification=4366 vis=4171
[lvdot_detector_main-6] [INFO] [1776860723.025781648] [lvdot_detector_node]: Processing phases: detection=run_core lidar_detection=waiting_new_lidar tracking=waiting_filtered_bboxes classification=idle
[lvdot_detector_main-6] [INFO] [1776860723.025794968] [lvdot_detector_node]: Pipeline stats: depth_samples=125/71300 u_map=0 depth_boxes=0 u_map_merge=0 u_map_db=0 u_map_visual=0 u_map_fused=0 u_map_filtered=0 lidar_samples=0/0 uv=0 db=2 lidar=0 fused=0 filtered=0 tracks=0 dynamic=0 dyn_points=0 raw_dyn_points=0 service=0/0 split=0->0 (0 outputs) fusion_components=0 visual_only=0 lidar_only=0 fixed_size=0 size_reject=0
[lvdot_detector_main-6] [INFO] [1776860729.027673928] [lvdot_detector_node]: Input health: depth=206 color=463 lidar=0 pose=5953 odom=5953 yolo=149 depth_pose_sync=0 lidar_pose_sync=0 depth_odom_sync=0 lidar_odom_sync=0
[lvdot_detector_main-6] [INFO] [1776860729.037559195] [lvdot_detector_node]: Stage timers: detection=341 lidar_detection=4561 tracking=4559 classification=4548 vis=4349
[lvdot_detector_main-6] [INFO] [1776860729.037582250] [lvdot_detector_node]: Processing phases: detection=run_core lidar_detection=waiting_new_lidar tracking=waiting_filtered_bboxes classification=idle
[lvdot_detector_main-6] [INFO] [1776860729.037594552] [lvdot_detector_node]: Pipeline stats: depth_samples=129/71300 u_map=4 depth_boxes=0 u_map_merge=0 u_map_db=0 u_map_visual=0 u_map_fused=0 u_map_filtered=0 lidar_samples=0/0 uv=0 db=1 lidar=0 fused=0 filtered=0 tracks=0 dynamic=0 dyn_points=0 raw_dyn_points=0 service=0/0 split=0->0 (0 outputs) fusion_components=0 visual_only=0 lidar_only=0 fixed_size=0 size_reject=0
[lvdot_detector_main-6] [INFO] [1776860735.022975858] [lvdot_detector_node]: Input health: depth=211 color=487 lidar=0 pose=6193 odom=6193 yolo=155 depth_pose_sync=0 lidar_pose_sync=0 depth_odom_sync=0 lidar_odom_sync=0
[lvdot_detector_main-6] [INFO] [1776860735.023059422] [lvdot_detector_node]: Stage timers: detection=348 lidar_detection=4741 tracking=4739 classification=4727 vis=4525
[lvdot_detector_main-6] [INFO] [1776860735.023090538] [lvdot_detector_node]: Processing phases: detection=run_core lidar_detection=waiting_new_lidar tracking=waiting_filtered_bboxes classification=idle
[lvdot_detector_main-6] [INFO] [1776860735.023300522] [lvdot_detector_node]: Pipeline stats: depth_samples=114/71300 u_map=4 depth_boxes=0 u_map_merge=0 u_map_db=0 u_map_visual=0 u_map_fused=0 u_map_filtered=0 lidar_samples=0/0 uv=0 db=2 lidar=0 fused=0 filtered=0 tracks=0 dynamic=0 dyn_points=0 raw_dyn_points=0 service=0/0 split=0->0 (0 outputs) fusion_components=0 visual_only=0 lidar_only=0 fixed_size=0 size_reject=0
[lvdot_detector_main-6] [INFO] [1776860741.025180289] [lvdot_detector_node]: Input health: depth=217 color=509 lidar=0 pose=6433 odom=6433 yolo=161 depth_pose_sync=0 lidar_pose_sync=0 depth_odom_sync=0 lidar_odom_sync=0
[lvdot_detector_main-6] [INFO] [1776860741.025253774] [lvdot_detector_node]: Stage timers: detection=355 lidar_detection=4922 tracking=4918 classification=4907 vis=4700
[lvdot_detector_main-6] [INFO] [1776860741.025271485] [lvdot_detector_node]: Processing phases: detection=run_core lidar_detection=waiting_new_lidar tracking=waiting_filtered_bboxes classification=idle
[lvdot_detector_main-6] [INFO] [1776860741.025284108] [lvdot_detector_node]: Pipeline stats: depth_samples=125/71300 u_map=2 depth_boxes=0 u_map_merge=0 u_map_db=0 u_map_visual=0 u_map_fused=0 u_map_filtered=0 lidar_samples=0/0 uv=0 db=2 lidar=0 fused=0 filtered=0 tracks=0 dynamic=0 dyn_points=0 raw_dyn_points=0 service=0/0 split=0->0 (0 outputs) fusion_components=0 visual_only=0 lidar_only=0 fixed_size=0 size_reject=0
[lvdot_detector_main-6] [INFO] [1776860747.037600360] [lvdot_detector_node]: Input health: depth=226 color=534 lidar=0 pose=6673 odom=6673 yolo=167 depth_pose_sync=0 lidar_pose_sync=0 depth_odom_sync=0 lidar_odom_sync=0
[lvdot_detector_main-6] [INFO] [1776860747.037671789] [lvdot_detector_node]: Stage timers: detection=362 lidar_detection=5103 tracking=5098 classification=5088 vis=4875
[lvdot_detector_main-6] [INFO] [1776860747.037682800] [lvdot_detector_node]: Processing phases: detection=build_input lidar_detection=waiting_new_lidar tracking=waiting_filtered_bboxes classification=idle
[lvdot_detector_main-6] [INFO] [1776860747.037691960] [lvdot_detector_node]: Pipeline stats: depth_samples=126/71300 u_map=3 depth_boxes=0 u_map_merge=0 u_map_db=0 u_map_visual=0 u_map_fused=0 u_map_filtered=0 lidar_samples=0/0 uv=0 db=1 lidar=0 fused=0 filtered=0 tracks=0 dynamic=0 dyn_points=0 raw_dyn_points=0 service=0/0 split=0->0 (0 outputs) fusion_components=0 visual_only=0 lidar_only=0 fixed_size=0 size_reject=0
[lvdot_detector_main-6] [INFO] [1776860753.763419879] [lvdot_detector_node]: Input health: depth=232 color=560 lidar=0 pose=6913 odom=6913 yolo=172 depth_pose_sync=0 lidar_pose_sync=0 depth_odom_sync=0 lidar_odom_sync=0
[lvdot_detector_main-6] [INFO] [1776860753.763478987] [lvdot_detector_node]: Stage timers: detection=368 lidar_detection=5283 tracking=5276 classification=5266 vis=5048
[lvdot_detector_main-6] [INFO] [1776860753.763489842] [lvdot_detector_node]: Processing phases: detection=run_core lidar_detection=waiting_new_lidar tracking=waiting_filtered_bboxes classification=idle
[lvdot_detector_main-6] [INFO] [1776860753.763498821] [lvdot_detector_node]: Pipeline stats: depth_samples=236/71300 u_map=4 depth_boxes=0 u_map_merge=0 u_map_db=0 u_map_visual=0 u_map_fused=0 u_map_filtered=0 lidar_samples=0/0 uv=0 db=2 lidar=0 fused=0 filtered=0 tracks=0 dynamic=0 dyn_points=0 raw_dyn_points=0 service=0/0 split=0->0 (0 outputs) fusion_components=0 visual_only=0 lidar_only=0 fixed_size=0 size_reject=0
[lvdot_detector_main-6] [INFO] [1776860759.766094358] [lvdot_detector_node]: Input health: depth=236 color=573 lidar=0 pose=7157 odom=7157 yolo=179 depth_pose_sync=0 lidar_pose_sync=0 depth_odom_sync=0 lidar_odom_sync=0
[lvdot_detector_main-6] [INFO] [1776860759.766147832] [lvdot_detector_node]: Stage timers: detection=375 lidar_detection=5464 tracking=5456 classification=5446 vis=5221
[lvdot_detector_main-6] [INFO] [1776860759.766157870] [lvdot_detector_node]: Processing phases: detection=run_core lidar_detection=waiting_new_lidar tracking=waiting_filtered_bboxes classification=idle
[lvdot_detector_main-6] [INFO] [1776860759.766166314] [lvdot_detector_node]: Pipeline stats: depth_samples=125/71300 u_map=3 depth_boxes=0 u_map_merge=0 u_map_db=0 u_map_visual=0 u_map_fused=0 u_map_filtered=0 lidar_samples=0/0 uv=0 db=2 lidar=0 fused=0 filtered=0 tracks=0 dynamic=0 dyn_points=0 raw_dyn_points=0 service=0/0 split=0->0 (0 outputs) fusion_components=0 visual_only=0 lidar_only=0 fixed_size=0 size_reject=0
[lvdot_detector_main-6] [INFO] [1776860765.760841650] [lvdot_detector_node]: Input health: depth=239 color=593 lidar=0 pose=7397 odom=7397 yolo=186 depth_pose_sync=0 lidar_pose_sync=0 depth_odom_sync=0 lidar_odom_sync=0
[lvdot_detector_main-6] [INFO] [1776860765.760941353] [lvdot_detector_node]: Stage timers: detection=383 lidar_detection=5645 tracking=5636 classification=5625 vis=5396
[lvdot_detector_main-6] [INFO] [1776860765.760957612] [lvdot_detector_node]: Processing phases: detection=run_core lidar_detection=waiting_new_lidar tracking=waiting_filtered_bboxes classification=idle
[lvdot_detector_main-6] [INFO] [1776860765.760968875] [lvdot_detector_node]: Pipeline stats: depth_samples=109/71300 u_map=4 depth_boxes=0 u_map_merge=0 u_map_db=0 u_map_visual=0 u_map_fused=0 u_map_filtered=0 lidar_samples=0/0 uv=0 db=1 lidar=0 fused=0 filtered=0 tracks=0 dynamic=0 dyn_points=0 raw_dyn_points=0 service=0/0 split=0->0 (0 outputs) fusion_components=0 visual_only=0 lidar_only=0 fixed_size=0 size_reject=0
[lvdot_detector_main-6] [INFO] [1776860771.759989261] [lvdot_detector_node]: Input health: depth=257 color=616 lidar=0 pose=7634 odom=7634 yolo=191 depth_pose_sync=0 lidar_pose_sync=0 depth_odom_sync=0 lidar_odom_sync=0
[lvdot_detector_main-6] [INFO] [1776860771.760056009] [lvdot_detector_node]: Stage timers: detection=389 lidar_detection=5826 tracking=5816 classification=5806 vis=5569
[lvdot_detector_main-6] [INFO] [1776860771.760069222] [lvdot_detector_node]: Processing phases: detection=run_core lidar_detection=waiting_new_lidar tracking=waiting_filtered_bboxes classification=idle
[lvdot_detector_main-6] [INFO] [1776860771.760079498] [lvdot_detector_node]: Pipeline stats: depth_samples=171/71300 u_map=1 depth_boxes=0 u_map_merge=0 u_map_db=0 u_map_visual=0 u_map_fused=0 u_map_filtered=0 lidar_samples=0/0 uv=0 db=1 lidar=0 fused=0 filtered=0 tracks=0 dynamic=0 dyn_points=0 raw_dyn_points=0 service=0/0 split=0->0 (0 outputs) fusion_components=0 visual_only=0 lidar_only=0 fixed_size=0 size_reject=0
[lvdot_detector_main-6] [INFO] [1776860777.763161486] [lvdot_detector_node]: Input health: depth=264 color=624 lidar=0 pose=7875 odom=7875 yolo=198 depth_pose_sync=0 lidar_pose_sync=0 depth_odom_sync=0 lidar_odom_sync=0
[lvdot_detector_main-6] [INFO] [1776860777.763222968] [lvdot_detector_node]: Stage timers: detection=396 lidar_detection=6005 tracking=5995 classification=5986 vis=5741
[lvdot_detector_main-6] [INFO] [1776860777.763233657] [lvdot_detector_node]: Processing phases: detection=run_core lidar_detection=waiting_new_lidar tracking=waiting_filtered_bboxes classification=idle
[lvdot_detector_main-6] [INFO] [1776860777.763242972] [lvdot_detector_node]: Pipeline stats: depth_samples=128/71300 u_map=1 depth_boxes=0 u_map_merge=0 u_map_db=0 u_map_visual=0 u_map_fused=0 u_map_filtered=0 lidar_samples=0/0 uv=0 db=3 lidar=0 fused=0 filtered=0 tracks=0 dynamic=0 dyn_points=0 raw_dyn_points=0 service=0/0 split=0->0 (0 outputs) fusion_components=0 visual_only=0 lidar_only=0 fixed_size=0 size_reject=0
[lvdot_detector_main-6] [INFO] [1776860783.761266996] [lvdot_detector_node]: Input health: depth=270 color=634 lidar=0 pose=8116 odom=8116 yolo=204 depth_pose_sync=0 lidar_pose_sync=0 depth_odom_sync=0 lidar_odom_sync=0
[lvdot_detector_main-6] [INFO] [1776860783.762030769] [lvdot_detector_node]: Stage timers: detection=403 lidar_detection=6186 tracking=6175 classification=6168 vis=5917
[lvdot_detector_main-6] [INFO] [1776860783.762068893] [lvdot_detector_node]: Processing phases: detection=run_core lidar_detection=waiting_new_lidar tracking=waiting_filtered_bboxes classification=idle
[lvdot_detector_main-6] [INFO] [1776860783.762084443] [lvdot_detector_node]: Pipeline stats: depth_samples=248/71300 u_map=3 depth_boxes=0 u_map_merge=0 u_map_db=0 u_map_visual=0 u_map_fused=0 u_map_filtered=0 lidar_samples=0/0 uv=0 db=1 lidar=0 fused=0 filtered=0 tracks=0 dynamic=0 dyn_points=0 raw_dyn_points=0 service=0/0 split=0->0 (0 outputs) fusion_components=0 visual_only=0 lidar_only=0 fixed_size=0 size_reject=0
[lvdot_detector_main-6] [INFO] [1776860790.592998293] [lvdot_detector_node]: Input health: depth=283 color=656 lidar=0 pose=8353 odom=8353 yolo=210 depth_pose_sync=0 lidar_pose_sync=0 depth_odom_sync=0 lidar_odom_sync=0
[lvdot_detector_main-6] [INFO] [1776860790.593061661] [lvdot_detector_node]: Stage timers: detection=408 lidar_detection=6364 tracking=6354 classification=6346 vis=6086
[lvdot_detector_main-6] [INFO] [1776860790.593072532] [lvdot_detector_node]: Processing phases: detection=run_core lidar_detection=waiting_new_lidar tracking=waiting_filtered_bboxes classification=idle
[lvdot_detector_main-6] [INFO] [1776860790.593081935] [lvdot_detector_node]: Pipeline stats: depth_samples=160/71300 u_map=1 depth_boxes=0 u_map_merge=0 u_map_db=0 u_map_visual=0 u_map_fused=0 u_map_filtered=0 lidar_samples=0/0 uv=0 db=1 lidar=0 fused=0 filtered=0 tracks=0 dynamic=0 dyn_points=0 raw_dyn_points=0 service=0/0 split=0->0 (0 outputs) fusion_components=0 visual_only=0 lidar_only=0 fixed_size=0 size_reject=0
[lvdot_detector_main-6] [INFO] [1776860796.591823290] [lvdot_detector_node]: Input health: depth=288 color=675 lidar=0 pose=8592 odom=8592 yolo=216 depth_pose_sync=0 lidar_pose_sync=0 depth_odom_sync=0 lidar_odom_sync=0
[lvdot_detector_main-6] [INFO] [1776860796.597404507] [lvdot_detector_node]: Stage timers: detection=415 lidar_detection=6544 tracking=6535 classification=6526 vis=6257
[lvdot_detector_main-6] [INFO] [1776860796.597434805] [lvdot_detector_node]: Processing phases: detection=run_core lidar_detection=waiting_new_lidar tracking=waiting_filtered_bboxes classification=idle
[lvdot_detector_main-6] [INFO] [1776860796.597448410] [lvdot_detector_node]: Pipeline stats: depth_samples=128/71300 u_map=2 depth_boxes=0 u_map_merge=0 u_map_db=0 u_map_visual=0 u_map_fused=0 u_map_filtered=0 lidar_samples=0/0 uv=0 db=3 lidar=0 fused=0 filtered=0 tracks=0 dynamic=0 dyn_points=0 raw_dyn_points=0 service=0/0 split=0->0 (0 outputs) fusion_components=0 visual_only=0 lidar_only=0 fixed_size=0 size_reject=0
[lvdot_detector_main-6] [INFO] [1776860802.589817859] [lvdot_detector_node]: Input health: depth=300 color=695 lidar=0 pose=8832 odom=8832 yolo=223 depth_pose_sync=0 lidar_pose_sync=0 depth_odom_sync=0 lidar_odom_sync=0
[lvdot_detector_main-6] [INFO] [1776860802.589904535] [lvdot_detector_node]: Stage timers: detection=422 lidar_detection=6722 tracking=6713 classification=6704 vis=6432
[lvdot_detector_main-6] [INFO] [1776860802.589915990] [lvdot_detector_node]: Processing phases: detection=run_core lidar_detection=waiting_new_lidar tracking=waiting_filtered_bboxes classification=idle
[lvdot_detector_main-6] [INFO] [1776860802.589924963] [lvdot_detector_node]: Pipeline stats: depth_samples=129/71300 u_map=4 depth_boxes=0 u_map_merge=0 u_map_db=0 u_map_visual=0 u_map_fused=0 u_map_filtered=0 lidar_samples=0/0 uv=0 db=1 lidar=0 fused=0 filtered=0 tracks=0 dynamic=0 dyn_points=0 raw_dyn_points=0 service=0/0 split=0->0 (0 outputs) fusion_components=0 visual_only=0 lidar_only=0 fixed_size=0 size_reject=0
[lvdot_detector_main-6] [INFO] [1776860808.589593051] [lvdot_detector_node]: Input health: depth=305 color=725 lidar=0 pose=9072 odom=9072 yolo=228 depth_pose_sync=0 lidar_pose_sync=0 depth_odom_sync=0 lidar_odom_sync=0
[lvdot_detector_main-6] [INFO] [1776860808.589667068] [lvdot_detector_node]: Stage timers: detection=429 lidar_detection=6903 tracking=6894 classification=6884 vis=6609
[lvdot_detector_main-6] [INFO] [1776860808.589684766] [lvdot_detector_node]: Processing phases: detection=run_core lidar_detection=waiting_new_lidar tracking=waiting_filtered_bboxes classification=idle
[lvdot_detector_main-6] [INFO] [1776860808.589697770] [lvdot_detector_node]: Pipeline stats: depth_samples=175/71300 u_map=5 depth_boxes=0 u_map_merge=0 u_map_db=0 u_map_visual=0 u_map_fused=0 u_map_filtered=0 lidar_samples=0/0 uv=0 db=1 lidar=0 fused=0 filtered=0 tracks=0 dynamic=0 dyn_points=0 raw_dyn_points=0 service=0/0 split=0->0 (0 outputs) fusion_components=0 visual_only=0 lidar_only=0 fixed_size=0 size_reject=0
[lvdot_detector_main-6] [INFO] [1776860814.610751794] [lvdot_detector_node]: Input health: depth=315 color=733 lidar=0 pose=9311 odom=9311 yolo=235 depth_pose_sync=0 lidar_pose_sync=0 depth_odom_sync=0 lidar_odom_sync=0
[lvdot_detector_main-6] [INFO] [1776860814.610809972] [lvdot_detector_node]: Stage timers: detection=436 lidar_detection=7083 tracking=7075 classification=7066 vis=6788
[lvdot_detector_main-6] [INFO] [1776860814.610820336] [lvdot_detector_node]: Processing phases: detection=run_core lidar_detection=waiting_new_lidar tracking=snapshot classification=idle
[lvdot_detector_main-6] [INFO] [1776860814.610829234] [lvdot_detector_node]: Pipeline stats: depth_samples=105/71300 u_map=4 depth_boxes=0 u_map_merge=0 u_map_db=0 u_map_visual=0 u_map_fused=0 u_map_filtered=0 lidar_samples=0/0 uv=0 db=1 lidar=0 fused=0 filtered=0 tracks=0 dynamic=0 dyn_points=0 raw_dyn_points=0 service=0/0 split=0->0 (0 outputs) fusion_components=0 visual_only=0 lidar_only=0 fixed_size=0 size_reject=0
[lvdot_detector_main-6] [INFO] [1776860821.509236465] [lvdot_detector_node]: Input health: depth=323 color=751 lidar=0 pose=9551 odom=9551 yolo=240 depth_pose_sync=0 lidar_pose_sync=0 depth_odom_sync=0 lidar_odom_sync=0
[lvdot_detector_main-6] [INFO] [1776860821.509305238] [lvdot_detector_node]: Stage timers: detection=442 lidar_detection=7264 tracking=7256 classification=7247 vis=6960
[lvdot_detector_main-6] [INFO] [1776860821.509320994] [lvdot_detector_node]: Processing phases: detection=idle lidar_detection=waiting_new_lidar tracking=waiting_filtered_bboxes classification=run_core
[lvdot_detector_main-6] [INFO] [1776860821.509333282] [lvdot_detector_node]: Pipeline stats: depth_samples=130/71300 u_map=2 depth_boxes=0 u_map_merge=0 u_map_db=0 u_map_visual=0 u_map_fused=0 u_map_filtered=0 lidar_samples=0/0 uv=0 db=1 lidar=0 fused=0 filtered=0 tracks=0 dynamic=0 dyn_points=0 raw_dyn_points=0 service=0/0 split=0->0 (0 outputs) fusion_components=0 visual_only=0 lidar_only=0 fixed_size=0 size_reject=0
[lvdot_detector_main-6] [INFO] [1776860827.510154804] [lvdot_detector_node]: Input health: depth=331 color=763 lidar=0 pose=9792 odom=9792 yolo=247 depth_pose_sync=0 lidar_pose_sync=0 depth_odom_sync=0 lidar_odom_sync=0
[lvdot_detector_main-6] [INFO] [1776860827.510258918] [lvdot_detector_node]: Stage timers: detection=450 lidar_detection=7445 tracking=7438 classification=7427 vis=7138
[lvdot_detector_main-6] [INFO] [1776860827.510274981] [lvdot_detector_node]: Processing phases: detection=run_core lidar_detection=snapshot tracking=waiting_filtered_bboxes classification=idle
[lvdot_detector_main-6] [INFO] [1776860827.510285755] [lvdot_detector_node]: Pipeline stats: depth_samples=105/71300 u_map=0 depth_boxes=0 u_map_merge=0 u_map_db=0 u_map_visual=0 u_map_fused=0 u_map_filtered=0 lidar_samples=0/0 uv=0 db=1 lidar=0 fused=0 filtered=0 tracks=0 dynamic=0 dyn_points=0 raw_dyn_points=0 service=0/0 split=0->0 (0 outputs) fusion_components=0 visual_only=0 lidar_only=0 fixed_size=0 size_reject=0
[lvdot_detector_main-6] [INFO] [1776860833.501605632] [lvdot_detector_node]: Input health: depth=347 color=780 lidar=0 pose=10032 odom=10032 yolo=253 depth_pose_sync=0 lidar_pose_sync=0 depth_odom_sync=0 lidar_odom_sync=0
[lvdot_detector_main-6] [INFO] [1776860833.501684569] [lvdot_detector_node]: Stage timers: detection=456 lidar_detection=7626 tracking=7619 classification=7605 vis=7310
[lvdot_detector_main-6] [INFO] [1776860833.501701414] [lvdot_detector_node]: Processing phases: detection=run_core lidar_detection=waiting_new_lidar tracking=waiting_filtered_bboxes classification=idle
[lvdot_detector_main-6] [INFO] [1776860833.501713069] [lvdot_detector_node]: Pipeline stats: depth_samples=123/71300 u_map=1 depth_boxes=0 u_map_merge=0 u_map_db=0 u_map_visual=0 u_map_fused=0 u_map_filtered=0 lidar_samples=0/0 uv=0 db=2 lidar=0 fused=0 filtered=0 tracks=0 dynamic=0 dyn_points=0 raw_dyn_points=0 service=0/0 split=0->0 (0 outputs) fusion_components=0 visual_only=0 lidar_only=0 fixed_size=0 size_reject=0
[lvdot_detector_main-6] [INFO] [1776860839.501782168] [lvdot_detector_node]: Input health: depth=356 color=797 lidar=0 pose=10275 odom=10273 yolo=259 depth_pose_sync=0 lidar_pose_sync=0 depth_odom_sync=0 lidar_odom_sync=0
[lvdot_detector_main-6] [INFO] [1776860839.501845337] [lvdot_detector_node]: Stage timers: detection=463 lidar_detection=7808 tracking=7800 classification=7787 vis=7486
[lvdot_detector_main-6] [INFO] [1776860839.501856599] [lvdot_detector_node]: Processing phases: detection=run_core lidar_detection=waiting_new_lidar tracking=waiting_filtered_bboxes classification=idle
[lvdot_detector_main-6] [INFO] [1776860839.501866491] [lvdot_detector_node]: Pipeline stats: depth_samples=130/71300 u_map=3 depth_boxes=0 u_map_merge=0 u_map_db=0 u_map_visual=0 u_map_fused=0 u_map_filtered=0 lidar_samples=0/0 uv=0 db=1 lidar=0 fused=0 filtered=0 tracks=0 dynamic=0 dyn_points=0 raw_dyn_points=0 service=0/0 split=0->0 (0 outputs) fusion_components=0 visual_only=0 lidar_only=0 fixed_size=0 size_reject=0
[lvdot_detector_main-6] [INFO] [1776860845.581546455] [lvdot_detector_node]: Input health: depth=364 color=822 lidar=0 pose=10505 odom=10506 yolo=265 depth_pose_sync=0 lidar_pose_sync=0 depth_odom_sync=0 lidar_odom_sync=0
[lvdot_detector_main-6] [INFO] [1776860845.581622434] [lvdot_detector_node]: Stage timers: detection=469 lidar_detection=7988 tracking=7980 classification=7963 vis=7656
[lvdot_detector_main-6] [INFO] [1776860845.581638198] [lvdot_detector_node]: Processing phases: detection=run_core lidar_detection=waiting_new_lidar tracking=waiting_filtered_bboxes classification=idle
[lvdot_detector_main-6] [INFO] [1776860845.581649849] [lvdot_detector_node]: Pipeline stats: depth_samples=120/71300 u_map=1 depth_boxes=0 u_map_merge=0 u_map_db=0 u_map_visual=0 u_map_fused=0 u_map_filtered=0 lidar_samples=0/0 uv=0 db=1 lidar=0 fused=0 filtered=0 tracks=0 dynamic=0 dyn_points=0 raw_dyn_points=0 service=0/0 split=0->0 (0 outputs) fusion_components=0 visual_only=0 lidar_only=0 fixed_size=0 size_reject=0
[lvdot_detector_main-6] [INFO] [1776860851.501624112] [lvdot_detector_node]: Input health: depth=371 color=839 lidar=0 pose=10749 odom=10749 yolo=272 depth_pose_sync=0 lidar_pose_sync=0 depth_odom_sync=0 lidar_odom_sync=0
[lvdot_detector_main-6] [INFO] [1776860851.502689677] [lvdot_detector_node]: Stage timers: detection=476 lidar_detection=8167 tracking=8158 classification=8142 vis=7827
[lvdot_detector_main-6] [INFO] [1776860851.502710524] [lvdot_detector_node]: Processing phases: detection=run_core lidar_detection=waiting_new_lidar tracking=waiting_filtered_bboxes classification=idle
[lvdot_detector_main-6] [INFO] [1776860851.502719724] [lvdot_detector_node]: Pipeline stats: depth_samples=122/71300 u_map=2 depth_boxes=0 u_map_merge=0 u_map_db=0 u_map_visual=0 u_map_fused=0 u_map_filtered=0 lidar_samples=0/0 uv=0 db=3 lidar=0 fused=0 filtered=0 tracks=0 dynamic=0 dyn_points=0 raw_dyn_points=0 service=0/0 split=0->0 (0 outputs) fusion_components=0 visual_only=0 lidar_only=0 fixed_size=0 size_reject=0
[lvdot_detector_main-6] [INFO] [1776860858.084198133] [lvdot_detector_node]: Input health: depth=381 color=855 lidar=0 pose=10990 odom=10990 yolo=277 depth_pose_sync=0 lidar_pose_sync=0 depth_odom_sync=0 lidar_odom_sync=0
[lvdot_detector_main-6] [INFO] [1776860858.084259875] [lvdot_detector_node]: Stage timers: detection=483 lidar_detection=8348 tracking=8338 classification=8322 vis=8003
[lvdot_detector_main-6] [INFO] [1776860858.084270442] [lvdot_detector_node]: Processing phases: detection=run_core lidar_detection=waiting_new_lidar tracking=waiting_filtered_bboxes classification=idle
[lvdot_detector_main-6] [INFO] [1776860858.084279738] [lvdot_detector_node]: Pipeline stats: depth_samples=139/71300 u_map=3 depth_boxes=0 u_map_merge=0 u_map_db=0 u_map_visual=0 u_map_fused=0 u_map_filtered=0 lidar_samples=0/0 uv=0 db=2 lidar=0 fused=0 filtered=0 tracks=0 dynamic=0 dyn_points=0 raw_dyn_points=0 service=0/0 split=0->0 (0 outputs) fusion_components=0 visual_only=0 lidar_only=0 fixed_size=0 size_reject=0
[lvdot_detector_main-6] [INFO] [1776860864.087834344] [lvdot_detector_node]: Input health: depth=398 color=868 lidar=0 pose=11230 odom=11230 yolo=284 depth_pose_sync=0 lidar_pose_sync=0 depth_odom_sync=0 lidar_odom_sync=0
[lvdot_detector_main-6] [INFO] [1776860864.087914089] [lvdot_detector_node]: Stage timers: detection=489 lidar_detection=8530 tracking=8519 classification=8501 vis=8177
[lvdot_detector_main-6] [INFO] [1776860864.087928864] [lvdot_detector_node]: Processing phases: detection=run_core lidar_detection=waiting_new_lidar tracking=waiting_filtered_bboxes classification=idle
[lvdot_detector_main-6] [INFO] [1776860864.087942563] [lvdot_detector_node]: Pipeline stats: depth_samples=145/71300 u_map=1 depth_boxes=0 u_map_merge=0 u_map_db=0 u_map_visual=0 u_map_fused=0 u_map_filtered=0 lidar_samples=0/0 uv=0 db=2 lidar=0 fused=0 filtered=0 tracks=0 dynamic=0 dyn_points=0 raw_dyn_points=0 service=0/0 split=0->0 (0 outputs) fusion_components=0 visual_only=0 lidar_only=0 fixed_size=0 size_reject=0
[lvdot_detector_main-6] [INFO] [1776860870.083893141] [lvdot_detector_node]: Input health: depth=403 color=872 lidar=0 pose=11470 odom=11470 yolo=289 depth_pose_sync=0 lidar_pose_sync=0 depth_odom_sync=0 lidar_odom_sync=0
[lvdot_detector_main-6] [INFO] [1776860870.083945079] [lvdot_detector_node]: Stage timers: detection=496 lidar_detection=8710 tracking=8698 classification=8681 vis=8355
[lvdot_detector_main-6] [INFO] [1776860870.083953392] [lvdot_detector_node]: Processing phases: detection=run_core lidar_detection=waiting_new_lidar tracking=waiting_filtered_bboxes classification=idle
[lvdot_detector_main-6] [INFO] [1776860870.083960239] [lvdot_detector_node]: Pipeline stats: depth_samples=128/71300 u_map=3 depth_boxes=0 u_map_merge=0 u_map_db=0 u_map_visual=0 u_map_fused=0 u_map_filtered=0 lidar_samples=0/0 uv=0 db=3 lidar=0 fused=0 filtered=0 tracks=0 dynamic=0 dyn_points=0 raw_dyn_points=0 service=0/0 split=0->0 (0 outputs) fusion_components=0 visual_only=0 lidar_only=0 fixed_size=0 size_reject=0
[lvdot_detector_main-6] [INFO] [1776860876.088499160] [lvdot_detector_node]: Input health: depth=411 color=888 lidar=0 pose=11710 odom=11710 yolo=296 depth_pose_sync=0 lidar_pose_sync=0 depth_odom_sync=0 lidar_odom_sync=0
[lvdot_detector_main-6] [INFO] [1776860876.088939923] [lvdot_detector_node]: Stage timers: detection=503 lidar_detection=8891 tracking=8879 classification=8863 vis=8530
[lvdot_detector_main-6] [INFO] [1776860876.088952538] [lvdot_detector_node]: Processing phases: detection=run_core lidar_detection=waiting_new_lidar tracking=waiting_filtered_bboxes classification=idle
[lvdot_detector_main-6] [INFO] [1776860876.088961633] [lvdot_detector_node]: Pipeline stats: depth_samples=130/71300 u_map=2 depth_boxes=0 u_map_merge=0 u_map_db=0 u_map_visual=0 u_map_fused=0 u_map_filtered=0 lidar_samples=0/0 uv=0 db=1 lidar=0 fused=0 filtered=0 tracks=0 dynamic=0 dyn_points=0 raw_dyn_points=0 service=0/0 split=0->0 (0 outputs) fusion_components=0 visual_only=0 lidar_only=0 fixed_size=0 size_reject=0
[lvdot_detector_main-6] [INFO] [1776860882.084091014] [lvdot_detector_node]: Input health: depth=425 color=910 lidar=0 pose=11950 odom=11950 yolo=301 depth_pose_sync=0 lidar_pose_sync=0 depth_odom_sync=0 lidar_odom_sync=0
[lvdot_detector_main-6] [INFO] [1776860882.084159662] [lvdot_detector_node]: Stage timers: detection=510 lidar_detection=9073 tracking=9060 classification=9045 vis=8700
[lvdot_detector_main-6] [INFO] [1776860882.084263611] [lvdot_detector_node]: Processing phases: detection=run_core lidar_detection=waiting_new_lidar tracking=waiting_filtered_bboxes classification=idle
[lvdot_detector_main-6] [INFO] [1776860882.084277301] [lvdot_detector_node]: Pipeline stats: depth_samples=105/71300 u_map=0 depth_boxes=0 u_map_merge=0 u_map_db=0 u_map_visual=0 u_map_fused=0 u_map_filtered=0 lidar_samples=0/0 uv=0 db=1 lidar=0 fused=0 filtered=0 tracks=0 dynamic=0 dyn_points=0 raw_dyn_points=0 service=0/0 split=0->0 (0 outputs) fusion_components=0 visual_only=0 lidar_only=0 fixed_size=0 size_reject=0
[lvdot_detector_main-6] [INFO] [1776860888.817245060] [lvdot_detector_node]: Input health: depth=435 color=927 lidar=0 pose=12188 odom=12188 yolo=308 depth_pose_sync=0 lidar_pose_sync=0 depth_odom_sync=0 lidar_odom_sync=0
[lvdot_detector_main-6] [INFO] [1776860888.817330038] [lvdot_detector_node]: Stage timers: detection=517 lidar_detection=9254 tracking=9240 classification=9226 vis=8874
[lvdot_detector_main-6] [INFO] [1776860888.817349693] [lvdot_detector_node]: Processing phases: detection=run_core lidar_detection=waiting_new_lidar tracking=waiting_filtered_bboxes classification=snapshot
[lvdot_detector_main-6] [INFO] [1776860888.817361721] [lvdot_detector_node]: Pipeline stats: depth_samples=128/71300 u_map=3 depth_boxes=0 u_map_merge=0 u_map_db=0 u_map_visual=0 u_map_fused=0 u_map_filtered=0 lidar_samples=0/0 uv=0 db=3 lidar=0 fused=0 filtered=0 tracks=0 dynamic=0 dyn_points=0 raw_dyn_points=0 service=0/0 split=0->0 (0 outputs) fusion_components=0 visual_only=0 lidar_only=0 fixed_size=0 size_reject=0
[lvdot_detector_main-6] [INFO] [1776860894.816458004] [lvdot_detector_node]: Input health: depth=439 color=947 lidar=0 pose=12423 odom=12423 yolo=315 depth_pose_sync=0 lidar_pose_sync=0 depth_odom_sync=0 lidar_odom_sync=0
[lvdot_detector_main-6] [INFO] [1776860894.816516876] [lvdot_detector_node]: Stage timers: detection=524 lidar_detection=9436 tracking=9422 classification=9407 vis=9057
[lvdot_detector_main-6] [INFO] [1776860894.816527536] [lvdot_detector_node]: Processing phases: detection=run_core lidar_detection=waiting_new_lidar tracking=waiting_filtered_bboxes classification=idle
[lvdot_detector_main-6] [INFO] [1776860894.816536729] [lvdot_detector_node]: Pipeline stats: depth_samples=137/71300 u_map=3 depth_boxes=0 u_map_merge=0 u_map_db=0 u_map_visual=0 u_map_fused=0 u_map_filtered=0 lidar_samples=0/0 uv=0 db=1 lidar=0 fused=0 filtered=0 tracks=0 dynamic=0 dyn_points=0 raw_dyn_points=0 service=0/0 split=0->0 (0 outputs) fusion_components=0 visual_only=0 lidar_only=0 fixed_size=0 size_reject=0
[lvdot_detector_main-6] [INFO] [1776860900.844468889] [lvdot_detector_node]: Input health: depth=454 color=973 lidar=0 pose=12652 odom=12653 yolo=320 depth_pose_sync=0 lidar_pose_sync=0 depth_odom_sync=0 lidar_odom_sync=0
[lvdot_detector_main-6] [INFO] [1776860900.844525497] [lvdot_detector_node]: Stage timers: detection=531 lidar_detection=9612 tracking=9597 classification=9585 vis=9229
[lvdot_detector_main-6] [INFO] [1776860900.844536447] [lvdot_detector_node]: Processing phases: detection=idle lidar_detection=waiting_new_lidar tracking=waiting_filtered_bboxes classification=snapshot
[lvdot_detector_main-6] [INFO] [1776860900.844545637] [lvdot_detector_node]: Pipeline stats: depth_samples=129/71300 u_map=4 depth_boxes=0 u_map_merge=0 u_map_db=0 u_map_visual=0 u_map_fused=0 u_map_filtered=0 lidar_samples=0/0 uv=0 db=1 lidar=0 fused=0 filtered=0 tracks=0 dynamic=0 dyn_points=0 raw_dyn_points=0 service=0/0 split=0->0 (0 outputs) fusion_components=0 visual_only=0 lidar_only=0 fixed_size=0 size_reject=0
[lvdot_detector_main-6] [INFO] [1776860906.817218271] [lvdot_detector_node]: Input health: depth=460 color=993 lidar=0 pose=12897 odom=12897 yolo=327 depth_pose_sync=0 lidar_pose_sync=0 depth_odom_sync=0 lidar_odom_sync=0
[lvdot_detector_main-6] [INFO] [1776860906.817283775] [lvdot_detector_node]: Stage timers: detection=539 lidar_detection=9793 tracking=9778 classification=9764 vis=9404
[lvdot_detector_main-6] [INFO] [1776860906.817299809] [lvdot_detector_node]: Processing phases: detection=run_core lidar_detection=waiting_new_lidar tracking=snapshot classification=idle
[lvdot_detector_main-6] [INFO] [1776860906.817308999] [lvdot_detector_node]: Pipeline stats: depth_samples=182/71300 u_map=3 depth_boxes=0 u_map_merge=0 u_map_db=0 u_map_visual=0 u_map_fused=0 u_map_filtered=0 lidar_samples=0/0 uv=0 db=3 lidar=0 fused=0 filtered=0 tracks=0 dynamic=0 dyn_points=0 raw_dyn_points=0 service=0/0 split=0->0 (0 outputs) fusion_components=0 visual_only=0 lidar_only=0 fixed_size=0 size_reject=0
[lvdot_detector_main-6] [INFO] [1776860912.813118765] [lvdot_detector_node]: Input health: depth=469 color=1009 lidar=0 pose=13137 odom=13137 yolo=332 depth_pose_sync=0 lidar_pose_sync=0 depth_odom_sync=0 lidar_odom_sync=0
[lvdot_detector_main-6] [INFO] [1776860912.813175568] [lvdot_detector_node]: Stage timers: detection=545 lidar_detection=9973 tracking=9956 classification=9941 vis=9573
[lvdot_detector_main-6] [INFO] [1776860912.813185932] [lvdot_detector_node]: Processing phases: detection=run_core lidar_detection=waiting_new_lidar tracking=waiting_filtered_bboxes classification=idle
[lvdot_detector_main-6] [INFO] [1776860912.813195024] [lvdot_detector_node]: Pipeline stats: depth_samples=130/71300 u_map=4 depth_boxes=0 u_map_merge=0 u_map_db=0 u_map_visual=0 u_map_fused=0 u_map_filtered=0 lidar_samples=0/0 uv=0 db=1 lidar=0 fused=0 filtered=0 tracks=0 dynamic=0 dyn_points=0 raw_dyn_points=0 service=0/0 split=0->0 (0 outputs) fusion_components=0 visual_only=0 lidar_only=0 fixed_size=0 size_reject=0
[uav_trajectory_controller-4] [WARN] [1776860918.627638432] [uav_trajectory_controller]: SetEntityPose request timed out after 0.77s on /world/pedestrian_prototype/set_pose; dropping the pending request and retrying.
[lvdot_detector_main-6] [INFO] [1776860919.557296862] [lvdot_detector_node]: Input health: depth=477 color=1031 lidar=0 pose=13376 odom=13376 yolo=338 depth_pose_sync=0 lidar_pose_sync=0 depth_odom_sync=0 lidar_odom_sync=0
[lvdot_detector_main-6] [INFO] [1776860919.557551559] [lvdot_detector_node]: Stage timers: detection=552 lidar_detection=10155 tracking=10137 classification=10122 vis=9746
[lvdot_detector_main-6] [INFO] [1776860919.557575905] [lvdot_detector_node]: Processing phases: detection=run_core lidar_detection=waiting_new_lidar tracking=waiting_filtered_bboxes classification=idle
[lvdot_detector_main-6] [INFO] [1776860919.557588615] [lvdot_detector_node]: Pipeline stats: depth_samples=105/71300 u_map=0 depth_boxes=0 u_map_merge=0 u_map_db=0 u_map_visual=0 u_map_fused=0 u_map_filtered=0 lidar_samples=0/0 uv=0 db=1 lidar=0 fused=0 filtered=0 tracks=0 dynamic=0 dyn_points=0 raw_dyn_points=0 service=0/0 split=0->0 (0 outputs) fusion_components=0 visual_only=0 lidar_only=0 fixed_size=0 size_reject=0
[lvdot_detector_main-6] [INFO] [1776860925.559824731] [lvdot_detector_node]: Input health: depth=486 color=1043 lidar=0 pose=13615 odom=13616 yolo=346 depth_pose_sync=0 lidar_pose_sync=0 depth_odom_sync=0 lidar_odom_sync=0
[lvdot_detector_main-6] [INFO] [1776860925.559967301] [lvdot_detector_node]: Stage timers: detection=560 lidar_detection=10333 tracking=10314 classification=10301 vis=9918
[lvdot_detector_main-6] [INFO] [1776860925.560051200] [lvdot_detector_node]: Processing phases: detection=run_core lidar_detection=waiting_new_lidar tracking=waiting_filtered_bboxes classification=idle
[lvdot_detector_main-6] [INFO] [1776860925.560066162] [lvdot_detector_node]: Pipeline stats: depth_samples=114/71300 u_map=0 depth_boxes=0 u_map_merge=0 u_map_db=0 u_map_visual=0 u_map_fused=0 u_map_filtered=0 lidar_samples=0/0 uv=0 db=2 lidar=0 fused=0 filtered=0 tracks=0 dynamic=0 dyn_points=0 raw_dyn_points=0 service=0/0 split=0->0 (0 outputs) fusion_components=0 visual_only=0 lidar_only=0 fixed_size=0 size_reject=0
[lvdot_detector_main-6] [INFO] [1776860931.558435009] [lvdot_detector_node]: Input health: depth=496 color=1070 lidar=0 pose=13851 odom=13852 yolo=350 depth_pose_sync=0 lidar_pose_sync=0 depth_odom_sync=0 lidar_odom_sync=0
[lvdot_detector_main-6] [INFO] [1776860931.558500311] [lvdot_detector_node]: Stage timers: detection=566 lidar_detection=10511 tracking=10494 classification=10475 vis=10085
[lvdot_detector_main-6] [INFO] [1776860931.558513607] [lvdot_detector_node]: Processing phases: detection=run_core lidar_detection=waiting_new_lidar tracking=waiting_filtered_bboxes classification=idle
[lvdot_detector_main-6] [INFO] [1776860931.558523676] [lvdot_detector_node]: Pipeline stats: depth_samples=110/71300 u_map=3 depth_boxes=0 u_map_merge=0 u_map_db=0 u_map_visual=0 u_map_fused=0 u_map_filtered=0 lidar_samples=0/0 uv=0 db=1 lidar=0 fused=0 filtered=0 tracks=0 dynamic=0 dyn_points=0 raw_dyn_points=0 service=0/0 split=0->0 (0 outputs) fusion_components=0 visual_only=0 lidar_only=0 fixed_size=0 size_reject=0
[lvdot_detector_main-6] [INFO] [1776860937.558034739] [lvdot_detector_node]: Input health: depth=503 color=1084 lidar=0 pose=14096 odom=14096 yolo=357 depth_pose_sync=0 lidar_pose_sync=0 depth_odom_sync=0 lidar_odom_sync=0
[lvdot_detector_main-6] [INFO] [1776860937.558094176] [lvdot_detector_node]: Stage timers: detection=573 lidar_detection=10693 tracking=10675 classification=10656 vis=10261
[lvdot_detector_main-6] [INFO] [1776860937.558105125] [lvdot_detector_node]: Processing phases: detection=run_core lidar_detection=waiting_new_lidar tracking=waiting_filtered_bboxes classification=idle
[lvdot_detector_main-6] [INFO] [1776860937.558114021] [lvdot_detector_node]: Pipeline stats: depth_samples=125/71300 u_map=0 depth_boxes=0 u_map_merge=0 u_map_db=0 u_map_visual=0 u_map_fused=0 u_map_filtered=0 lidar_samples=0/0 uv=0 db=2 lidar=0 fused=0 filtered=0 tracks=0 dynamic=0 dyn_points=0 raw_dyn_points=0 service=0/0 split=0->0 (0 outputs) fusion_components=0 visual_only=0 lidar_only=0 fixed_size=0 size_reject=0
[lvdot_detector_main-6] [INFO] [1776860943.557130350] [lvdot_detector_node]: Input health: depth=508 color=1101 lidar=0 pose=14336 odom=14336 yolo=363 depth_pose_sync=0 lidar_pose_sync=0 depth_odom_sync=0 lidar_odom_sync=0
[lvdot_detector_main-6] [INFO] [1776860943.557214326] [lvdot_detector_node]: Stage timers: detection=581 lidar_detection=10873 tracking=10855 classification=10835 vis=10436
[lvdot_detector_main-6] [INFO] [1776860943.557225666] [lvdot_detector_node]: Processing phases: detection=run_core lidar_detection=waiting_new_lidar tracking=waiting_filtered_bboxes classification=idle
[lvdot_detector_main-6] [INFO] [1776860943.557234953] [lvdot_detector_node]: Pipeline stats: depth_samples=128/71300 u_map=4 depth_boxes=0 u_map_merge=0 u_map_db=0 u_map_visual=0 u_map_fused=0 u_map_filtered=0 lidar_samples=0/0 uv=0 db=3 lidar=0 fused=0 filtered=0 tracks=0 dynamic=0 dyn_points=0 raw_dyn_points=0 service=0/0 split=0->0 (0 outputs) fusion_components=0 visual_only=0 lidar_only=0 fixed_size=0 size_reject=0
[lvdot_detector_main-6] [INFO] [1776860949.559985960] [lvdot_detector_node]: Input health: depth=520 color=1113 lidar=1 pose=14571 odom=14572 yolo=369 depth_pose_sync=0 lidar_pose_sync=0 depth_odom_sync=0 lidar_odom_sync=0
[lvdot_detector_main-6] [INFO] [1776860949.560059580] [lvdot_detector_node]: Stage timers: detection=588 lidar_detection=10942 tracking=11029 classification=11013 vis=10599
[lvdot_detector_main-6] [INFO] [1776860949.560073170] [lvdot_detector_node]: Processing phases: detection=run_core lidar_detection=waiting_new_lidar tracking=waiting_filtered_bboxes classification=idle
[lvdot_detector_main-6] [INFO] [1776860949.560094289] [lvdot_detector_node]: Pipeline stats: depth_samples=78/71300 u_map=0 depth_boxes=0 u_map_merge=0 u_map_db=0 u_map_visual=0 u_map_fused=0 u_map_filtered=0 lidar_samples=2093/168411 uv=0 db=1 lidar=1 fused=1 filtered=1 tracks=0 dynamic=0 dyn_points=0 raw_dyn_points=0 service=0/0 split=1->0 (1 outputs) fusion_components=1 visual_only=0 lidar_only=1 fixed_size=0 size_reject=0
[lvdot_detector_main-6] [INFO] [1776860956.308995280] [lvdot_detector_node]: Input health: depth=536 color=1135 lidar=1 pose=14820 odom=14820 yolo=375 depth_pose_sync=0 lidar_pose_sync=0 depth_odom_sync=0 lidar_odom_sync=0
[lvdot_detector_main-6] [INFO] [1776860956.309052873] [lvdot_detector_node]: Stage timers: detection=594 lidar_detection=11124 tracking=11211 classification=11196 vis=10778
[lvdot_detector_main-6] [INFO] [1776860956.309063825] [lvdot_detector_node]: Processing phases: detection=run_core lidar_detection=waiting_new_lidar tracking=snapshot classification=idle
[lvdot_detector_main-6] [INFO] [1776860956.309073114] [lvdot_detector_node]: Pipeline stats: depth_samples=110/71300 u_map=0 depth_boxes=0 u_map_merge=0 u_map_db=0 u_map_visual=0 u_map_fused=0 u_map_filtered=0 lidar_samples=2093/168411 uv=0 db=1 lidar=1 fused=1 filtered=1 tracks=0 dynamic=0 dyn_points=0 raw_dyn_points=0 service=0/0 split=1->0 (1 outputs) fusion_components=1 visual_only=0 lidar_only=1 fixed_size=0 size_reject=0
[lvdot_detector_main-6] [INFO] [1776860962.292989971] [lvdot_detector_node]: Input health: depth=538 color=1152 lidar=1 pose=15060 odom=15060 yolo=381 depth_pose_sync=0 lidar_pose_sync=0 depth_odom_sync=0 lidar_odom_sync=0
[lvdot_detector_main-6] [INFO] [1776860962.293062819] [lvdot_detector_node]: Stage timers: detection=601 lidar_detection=11305 tracking=11393 classification=11378 vis=10960
[lvdot_detector_main-6] [INFO] [1776860962.293074846] [lvdot_detector_node]: Processing phases: detection=run_core lidar_detection=waiting_new_lidar tracking=waiting_filtered_bboxes classification=idle
[lvdot_detector_main-6] [INFO] [1776860962.293085211] [lvdot_detector_node]: Pipeline stats: depth_samples=200/71300 u_map=5 depth_boxes=0 u_map_merge=0 u_map_db=0 u_map_visual=0 u_map_fused=0 u_map_filtered=0 lidar_samples=2093/168411 uv=0 db=2 lidar=1 fused=1 filtered=1 tracks=0 dynamic=0 dyn_points=0 raw_dyn_points=0 service=0/0 split=1->0 (1 outputs) fusion_components=1 visual_only=0 lidar_only=1 fixed_size=0 size_reject=0
[lvdot_detector_main-6] [INFO] [1776860968.309044490] [lvdot_detector_node]: Input health: depth=552 color=1161 lidar=2 pose=15300 odom=15300 yolo=388 depth_pose_sync=0 lidar_pose_sync=0 depth_odom_sync=0 lidar_odom_sync=0
[lvdot_detector_main-6] [INFO] [1776860968.309115068] [lvdot_detector_node]: Stage timers: detection=607 lidar_detection=11416 tracking=11573 classification=11557 vis=11134
[lvdot_detector_main-6] [INFO] [1776860968.309132566] [lvdot_detector_node]: Processing phases: detection=idle lidar_detection=run_lidar_detector/dbscan tracking=waiting_filtered_bboxes classification=idle
[lvdot_detector_main-6] [INFO] [1776860968.309144589] [lvdot_detector_node]: Pipeline stats: depth_samples=178/71300 u_map=2 depth_boxes=0 u_map_merge=0 u_map_db=0 u_map_visual=0 u_map_fused=0 u_map_filtered=0 lidar_samples=2093/168411 uv=0 db=1 lidar=1 fused=1 filtered=1 tracks=0 dynamic=0 dyn_points=0 raw_dyn_points=0 service=0/0 split=1->0 (1 outputs) fusion_components=1 visual_only=0 lidar_only=1 fixed_size=0 size_reject=0
[lvdot_detector_main-6] [INFO] [1776860974.294959661] [lvdot_detector_node]: Input health: depth=559 color=1171 lidar=3 pose=15540 odom=15540 yolo=393 depth_pose_sync=0 lidar_pose_sync=0 depth_odom_sync=0 lidar_odom_sync=0
[lvdot_detector_main-6] [INFO] [1776860974.295502399] [lvdot_detector_node]: Stage timers: detection=614 lidar_detection=11453 tracking=11750 classification=11731 vis=11291
[lvdot_detector_main-6] [INFO] [1776860974.295519898] [lvdot_detector_node]: Processing phases: detection=run_core lidar_detection=waiting_new_lidar tracking=waiting_filtered_bboxes classification=idle
[lvdot_detector_main-6] [INFO] [1776860974.295532508] [lvdot_detector_node]: Pipeline stats: depth_samples=130/71300 u_map=3 depth_boxes=0 u_map_merge=0 u_map_db=0 u_map_visual=0 u_map_fused=0 u_map_filtered=0 lidar_samples=1989/129660 uv=0 db=1 lidar=1 fused=2 filtered=2 tracks=0 dynamic=0 dyn_points=0 raw_dyn_points=0 service=0/0 split=2->0 (2 outputs) fusion_components=2 visual_only=1 lidar_only=1 fixed_size=0 size_reject=0
[lvdot_detector_main-6] [INFO] [1776860980.290757121] [lvdot_detector_node]: Input health: depth=569 color=1178 lidar=3 pose=15780 odom=15780 yolo=399 depth_pose_sync=0 lidar_pose_sync=0 depth_odom_sync=0 lidar_odom_sync=0
[lvdot_detector_main-6] [INFO] [1776860980.290824485] [lvdot_detector_node]: Stage timers: detection=621 lidar_detection=11634 tracking=11929 classification=11912 vis=11469
[lvdot_detector_main-6] [INFO] [1776860980.290836901] [lvdot_detector_node]: Processing phases: detection=run_core lidar_detection=waiting_new_lidar tracking=waiting_filtered_bboxes classification=snapshot
[lvdot_detector_main-6] [INFO] [1776860980.290847754] [lvdot_detector_node]: Pipeline stats: depth_samples=239/71300 u_map=6 depth_boxes=0 u_map_merge=0 u_map_db=0 u_map_visual=0 u_map_fused=0 u_map_filtered=0 lidar_samples=1989/129660 uv=0 db=2 lidar=1 fused=2 filtered=2 tracks=0 dynamic=0 dyn_points=0 raw_dyn_points=0 service=0/0 split=2->0 (2 outputs) fusion_components=2 visual_only=1 lidar_only=1 fixed_size=0 size_reject=0
[lvdot_detector_main-6] [INFO] [1776860987.044370376] [lvdot_detector_node]: Input health: depth=580 color=1195 lidar=3 pose=16021 odom=16021 yolo=406 depth_pose_sync=0 lidar_pose_sync=0 depth_odom_sync=0 lidar_odom_sync=0
[lvdot_detector_main-6] [INFO] [1776860987.044434709] [lvdot_detector_node]: Stage timers: detection=628 lidar_detection=11816 tracking=12111 classification=12094 vis=11643
[lvdot_detector_main-6] [INFO] [1776860987.044449472] [lvdot_detector_node]: Processing phases: detection=run_core lidar_detection=waiting_new_lidar tracking=snapshot classification=idle
[lvdot_detector_main-6] [INFO] [1776860987.044460814] [lvdot_detector_node]: Pipeline stats: depth_samples=129/71300 u_map=2 depth_boxes=0 u_map_merge=0 u_map_db=0 u_map_visual=0 u_map_fused=0 u_map_filtered=0 lidar_samples=1989/129660 uv=0 db=2 lidar=1 fused=2 filtered=2 tracks=0 dynamic=0 dyn_points=0 raw_dyn_points=0 service=0/0 split=2->0 (2 outputs) fusion_components=2 visual_only=1 lidar_only=1 fixed_size=0 size_reject=0
[lvdot_detector_main-6] [INFO] [1776860993.044861275] [lvdot_detector_node]: Input health: depth=590 color=1213 lidar=3 pose=16263 odom=16263 yolo=410 depth_pose_sync=0 lidar_pose_sync=0 depth_odom_sync=0 lidar_odom_sync=0
[lvdot_detector_main-6] [INFO] [1776860993.044938425] [lvdot_detector_node]: Stage timers: detection=634 lidar_detection=11998 tracking=12291 classification=12276 vis=11819
[lvdot_detector_main-6] [INFO] [1776860993.044955049] [lvdot_detector_node]: Processing phases: detection=run_core lidar_detection=waiting_new_lidar tracking=waiting_filtered_bboxes classification=idle
[lvdot_detector_main-6] [INFO] [1776860993.044969423] [lvdot_detector_node]: Pipeline stats: depth_samples=105/71300 u_map=3 depth_boxes=0 u_map_merge=0 u_map_db=0 u_map_visual=0 u_map_fused=0 u_map_filtered=0 lidar_samples=1989/129660 uv=0 db=0 lidar=1 fused=2 filtered=2 tracks=0 dynamic=0 dyn_points=0 raw_dyn_points=0 service=0/0 split=2->0 (2 outputs) fusion_components=2 visual_only=1 lidar_only=1 fixed_size=0 size_reject=0
[lvdot_detector_main-6] [INFO] [1776860999.044824546] [lvdot_detector_node]: Input health: depth=597 color=1233 lidar=3 pose=16503 odom=16503 yolo=418 depth_pose_sync=0 lidar_pose_sync=0 depth_odom_sync=0 lidar_odom_sync=0
[lvdot_detector_main-6] [INFO] [1776860999.053870646] [lvdot_detector_node]: Stage timers: detection=641 lidar_detection=12178 tracking=12471 classification=12453 vis=11989
[lvdot_detector_main-6] [INFO] [1776860999.053894594] [lvdot_detector_node]: Processing phases: detection=run_core lidar_detection=waiting_new_lidar tracking=waiting_filtered_bboxes classification=idle
[lvdot_detector_main-6] [INFO] [1776860999.053904369] [lvdot_detector_node]: Pipeline stats: depth_samples=125/71300 u_map=4 depth_boxes=0 u_map_merge=0 u_map_db=0 u_map_visual=0 u_map_fused=0 u_map_filtered=0 lidar_samples=1989/129660 uv=0 db=2 lidar=1 fused=2 filtered=2 tracks=0 dynamic=0 dyn_points=0 raw_dyn_points=0 service=0/0 split=2->0 (2 outputs) fusion_components=2 visual_only=1 lidar_only=1 fixed_size=0 size_reject=0
[lvdot_detector_main-6] [INFO] [1776861005.042273423] [lvdot_detector_node]: Input health: depth=606 color=1249 lidar=3 pose=16742 odom=16742 yolo=423 depth_pose_sync=0 lidar_pose_sync=0 depth_odom_sync=0 lidar_odom_sync=0
[lvdot_detector_main-6] [INFO] [1776861005.042339601] [lvdot_detector_node]: Stage timers: detection=648 lidar_detection=12359 tracking=12651 classification=12635 vis=12163
[lvdot_detector_main-6] [INFO] [1776861005.042350354] [lvdot_detector_node]: Processing phases: detection=run_core lidar_detection=waiting_new_lidar tracking=waiting_filtered_bboxes classification=idle
[lvdot_detector_main-6] [INFO] [1776861005.042359249] [lvdot_detector_node]: Pipeline stats: depth_samples=138/71300 u_map=1 depth_boxes=0 u_map_merge=0 u_map_db=0 u_map_visual=0 u_map_fused=0 u_map_filtered=0 lidar_samples=1989/129660 uv=0 db=1 lidar=1 fused=2 filtered=2 tracks=0 dynamic=0 dyn_points=0 raw_dyn_points=0 service=0/0 split=2->0 (2 outputs) fusion_components=2 visual_only=1 lidar_only=1 fixed_size=0 size_reject=0
[lvdot_detector_main-6] [INFO] [1776861011.044325353] [lvdot_detector_node]: Input health: depth=614 color=1276 lidar=3 pose=16976 odom=16976 yolo=430 depth_pose_sync=0 lidar_pose_sync=0 depth_odom_sync=0 lidar_odom_sync=0
[lvdot_detector_main-6] [INFO] [1776861011.044387034] [lvdot_detector_node]: Stage timers: detection=655 lidar_detection=12538 tracking=12831 classification=12816 vis=12336
[lvdot_detector_main-6] [INFO] [1776861011.044439625] [lvdot_detector_node]: Processing phases: detection=build_input lidar_detection=snapshot tracking=waiting_filtered_bboxes classification=idle
[lvdot_detector_main-6] [INFO] [1776861011.044451257] [lvdot_detector_node]: Pipeline stats: depth_samples=128/71300 u_map=3 depth_boxes=0 u_map_merge=0 u_map_db=0 u_map_visual=0 u_map_fused=0 u_map_filtered=0 lidar_samples=1989/129660 uv=0 db=3 lidar=1 fused=2 filtered=2 tracks=0 dynamic=0 dyn_points=0 raw_dyn_points=0 service=0/0 split=2->0 (2 outputs) fusion_components=2 visual_only=1 lidar_only=1 fixed_size=0 size_reject=0
[lvdot_detector_main-6] [INFO] [1776861017.041701344] [lvdot_detector_node]: Input health: depth=626 color=1291 lidar=3 pose=17210 odom=17211 yolo=436 depth_pose_sync=0 lidar_pose_sync=0 depth_odom_sync=0 lidar_odom_sync=0
[lvdot_detector_main-6] [INFO] [1776861017.041789141] [lvdot_detector_node]: Stage timers: detection=662 lidar_detection=12719 tracking=13011 classification=12998 vis=12506
[lvdot_detector_main-6] [INFO] [1776861017.041801264] [lvdot_detector_node]: Processing phases: detection=run_core lidar_detection=waiting_new_lidar tracking=waiting_filtered_bboxes classification=snapshot
[lvdot_detector_main-6] [INFO] [1776861017.041810553] [lvdot_detector_node]: Pipeline stats: depth_samples=122/71300 u_map=5 depth_boxes=0 u_map_merge=0 u_map_db=0 u_map_visual=0 u_map_fused=0 u_map_filtered=0 lidar_samples=1989/129660 uv=0 db=1 lidar=1 fused=2 filtered=2 tracks=0 dynamic=0 dyn_points=0 raw_dyn_points=0 service=0/0 split=2->0 (2 outputs) fusion_components=2 visual_only=1 lidar_only=1 fixed_size=0 size_reject=0
[lvdot_detector_main-6] [INFO] [1776861023.789306526] [lvdot_detector_node]: Input health: depth=638 color=1311 lidar=3 pose=17457 odom=17457 yolo=441 depth_pose_sync=0 lidar_pose_sync=0 depth_odom_sync=0 lidar_odom_sync=0
[lvdot_detector_main-6] [INFO] [1776861023.792102103] [lvdot_detector_node]: Stage timers: detection=668 lidar_detection=12900 tracking=13189 classification=13176 vis=12675
[lvdot_detector_main-6] [INFO] [1776861023.792123028] [lvdot_detector_node]: Processing phases: detection=run_core lidar_detection=waiting_new_lidar tracking=waiting_filtered_bboxes classification=idle
[lvdot_detector_main-6] [INFO] [1776861023.792132708] [lvdot_detector_node]: Pipeline stats: depth_samples=105/71300 u_map=4 depth_boxes=0 u_map_merge=0 u_map_db=0 u_map_visual=0 u_map_fused=0 u_map_filtered=0 lidar_samples=1989/129660 uv=0 db=1 lidar=1 fused=2 filtered=2 tracks=0 dynamic=0 dyn_points=0 raw_dyn_points=0 service=0/0 split=2->0 (2 outputs) fusion_components=2 visual_only=1 lidar_only=1 fixed_size=0 size_reject=0
[lvdot_detector_main-6] [INFO] [1776861029.791153167] [lvdot_detector_node]: Input health: depth=650 color=1323 lidar=3 pose=17697 odom=17697 yolo=448 depth_pose_sync=0 lidar_pose_sync=0 depth_odom_sync=0 lidar_odom_sync=0
[lvdot_detector_main-6] [INFO] [1776861029.791215237] [lvdot_detector_node]: Stage timers: detection=675 lidar_detection=13081 tracking=13368 classification=13353 vis=12850
[lvdot_detector_main-6] [INFO] [1776861029.791242117] [lvdot_detector_node]: Processing phases: detection=run_core lidar_detection=snapshot tracking=waiting_filtered_bboxes classification=idle
[lvdot_detector_main-6] [INFO] [1776861029.791257268] [lvdot_detector_node]: Pipeline stats: depth_samples=145/71300 u_map=2 depth_boxes=0 u_map_merge=0 u_map_db=0 u_map_visual=0 u_map_fused=0 u_map_filtered=0 lidar_samples=1989/129660 uv=0 db=3 lidar=1 fused=2 filtered=2 tracks=0 dynamic=0 dyn_points=0 raw_dyn_points=0 service=0/0 split=2->0 (2 outputs) fusion_components=2 visual_only=1 lidar_only=1 fixed_size=0 size_reject=0
[lvdot_detector_main-6] [INFO] [1776861035.782610192] [lvdot_detector_node]: Input health: depth=652 color=1336 lidar=3 pose=17937 odom=17937 yolo=453 depth_pose_sync=0 lidar_pose_sync=0 depth_odom_sync=0 lidar_odom_sync=0
[lvdot_detector_main-6] [INFO] [1776861035.782674510] [lvdot_detector_node]: Stage timers: detection=681 lidar_detection=13261 tracking=13548 classification=13533 vis=13030
[lvdot_detector_main-6] [INFO] [1776861035.782685555] [lvdot_detector_node]: Processing phases: detection=run_core lidar_detection=waiting_new_lidar tracking=waiting_filtered_bboxes classification=idle
[lvdot_detector_main-6] [INFO] [1776861035.782694841] [lvdot_detector_node]: Pipeline stats: depth_samples=161/71300 u_map=2 depth_boxes=0 u_map_merge=0 u_map_db=0 u_map_visual=0 u_map_fused=0 u_map_filtered=0 lidar_samples=1989/129660 uv=0 db=2 lidar=1 fused=2 filtered=2 tracks=0 dynamic=0 dyn_points=0 raw_dyn_points=0 service=0/0 split=2->0 (2 outputs) fusion_components=2 visual_only=1 lidar_only=1 fixed_size=0 size_reject=0
[lvdot_detector_main-6] [INFO] [1776861041.782382064] [lvdot_detector_node]: Input health: depth=660 color=1358 lidar=3 pose=18171 odom=18171 yolo=459 depth_pose_sync=0 lidar_pose_sync=0 depth_odom_sync=0 lidar_odom_sync=0
[lvdot_detector_main-6] [INFO] [1776861041.782439344] [lvdot_detector_node]: Stage timers: detection=688 lidar_detection=13441 tracking=13728 classification=13713 vis=13203
[lvdot_detector_main-6] [INFO] [1776861041.782449803] [lvdot_detector_node]: Processing phases: detection=run_core lidar_detection=waiting_new_lidar tracking=waiting_filtered_bboxes classification=idle
[lvdot_detector_main-6] [INFO] [1776861041.782459187] [lvdot_detector_node]: Pipeline stats: depth_samples=105/71300 u_map=2 depth_boxes=0 u_map_merge=0 u_map_db=0 u_map_visual=0 u_map_fused=0 u_map_filtered=0 lidar_samples=1989/129660 uv=0 db=1 lidar=1 fused=2 filtered=2 tracks=0 dynamic=0 dyn_points=0 raw_dyn_points=0 service=0/0 split=2->0 (2 outputs) fusion_components=2 visual_only=1 lidar_only=1 fixed_size=0 size_reject=0
[lvdot_detector_main-6] [INFO] [1776861047.782442902] [lvdot_detector_node]: Input health: depth=666 color=1374 lidar=3 pose=18406 odom=18406 yolo=464 depth_pose_sync=0 lidar_pose_sync=0 depth_odom_sync=0 lidar_odom_sync=0
[lvdot_detector_main-6] [INFO] [1776861047.782513784] [lvdot_detector_node]: Stage timers: detection=694 lidar_detection=13622 tracking=13909 classification=13890 vis=13378
[lvdot_detector_main-6] [INFO] [1776861047.782524734] [lvdot_detector_node]: Processing phases: detection=run_core lidar_detection=waiting_new_lidar tracking=waiting_filtered_bboxes classification=idle
[lvdot_detector_main-6] [INFO] [1776861047.782534315] [lvdot_detector_node]: Pipeline stats: depth_samples=128/71300 u_map=2 depth_boxes=0 u_map_merge=0 u_map_db=0 u_map_visual=0 u_map_fused=0 u_map_filtered=0 lidar_samples=1989/129660 uv=0 db=3 lidar=1 fused=2 filtered=2 tracks=0 dynamic=0 dyn_points=0 raw_dyn_points=0 service=0/0 split=2->0 (2 outputs) fusion_components=2 visual_only=1 lidar_only=1 fixed_size=0 size_reject=0
[lvdot_detector_main-6] [INFO] [1776861054.527024836] [lvdot_detector_node]: Input health: depth=671 color=1386 lidar=3 pose=18640 odom=18640 yolo=470 depth_pose_sync=0 lidar_pose_sync=0 depth_odom_sync=0 lidar_odom_sync=0
[lvdot_detector_main-6] [INFO] [1776861054.527138263] [lvdot_detector_node]: Stage timers: detection=701 lidar_detection=13796 tracking=14082 classification=14060 vis=13540
[lvdot_detector_main-6] [INFO] [1776861054.527156059] [lvdot_detector_node]: Processing phases: detection=run_core lidar_detection=waiting_new_lidar tracking=waiting_filtered_bboxes classification=idle
[lvdot_detector_main-6] [INFO] [1776861054.527169259] [lvdot_detector_node]: Pipeline stats: depth_samples=178/71300 u_map=3 depth_boxes=0 u_map_merge=0 u_map_db=0 u_map_visual=0 u_map_fused=0 u_map_filtered=0 lidar_samples=1989/129660 uv=0 db=2 lidar=1 fused=2 filtered=2 tracks=0 dynamic=0 dyn_points=0 raw_dyn_points=0 service=0/0 split=2->0 (2 outputs) fusion_components=2 visual_only=1 lidar_only=1 fixed_size=0 size_reject=0
[lvdot_detector_main-6] [INFO] [1776861060.531509072] [lvdot_detector_node]: Input health: depth=680 color=1407 lidar=3 pose=18885 odom=18885 yolo=476 depth_pose_sync=0 lidar_pose_sync=0 depth_odom_sync=0 lidar_odom_sync=0
[lvdot_detector_main-6] [INFO] [1776861060.532866962] [lvdot_detector_node]: Stage timers: detection=707 lidar_detection=13975 tracking=14263 classification=14242 vis=13710
[lvdot_detector_main-6] [INFO] [1776861060.533835878] [lvdot_detector_node]: Processing phases: detection=run_core lidar_detection=waiting_new_lidar tracking=waiting_filtered_bboxes classification=idle
[lvdot_detector_main-6] [INFO] [1776861060.533853674] [lvdot_detector_node]: Pipeline stats: depth_samples=118/71300 u_map=1 depth_boxes=0 u_map_merge=0 u_map_db=0 u_map_visual=0 u_map_fused=0 u_map_filtered=0 lidar_samples=1989/129660 uv=0 db=1 lidar=1 fused=2 filtered=2 tracks=0 dynamic=0 dyn_points=0 raw_dyn_points=0 service=0/0 split=2->0 (2 outputs) fusion_components=2 visual_only=1 lidar_only=1 fixed_size=0 size_reject=0
[lvdot_detector_main-6] [INFO] [1776861066.531653231] [lvdot_detector_node]: Input health: depth=683 color=1425 lidar=3 pose=19120 odom=19120 yolo=482 depth_pose_sync=0 lidar_pose_sync=0 depth_odom_sync=0 lidar_odom_sync=0
[lvdot_detector_main-6] [INFO] [1776861066.531776001] [lvdot_detector_node]: Stage timers: detection=714 lidar_detection=14157 tracking=14445 classification=14423 vis=13887
[lvdot_detector_main-6] [INFO] [1776861066.531794867] [lvdot_detector_node]: Processing phases: detection=run_core lidar_detection=waiting_new_lidar tracking=waiting_filtered_bboxes classification=idle
[lvdot_detector_main-6] [INFO] [1776861066.531804544] [lvdot_detector_node]: Pipeline stats: depth_samples=130/71300 u_map=2 depth_boxes=0 u_map_merge=0 u_map_db=0 u_map_visual=0 u_map_fused=0 u_map_filtered=0 lidar_samples=1989/129660 uv=0 db=1 lidar=1 fused=2 filtered=2 tracks=0 dynamic=0 dyn_points=0 raw_dyn_points=0 service=0/0 split=2->0 (2 outputs) fusion_components=2 visual_only=1 lidar_only=1 fixed_size=0 size_reject=0
[lvdot_detector_main-6] [INFO] [1776861072.520554902] [lvdot_detector_node]: Input health: depth=693 color=1444 lidar=3 pose=19359 odom=19359 yolo=487 depth_pose_sync=0 lidar_pose_sync=0 depth_odom_sync=0 lidar_odom_sync=0
[lvdot_detector_main-6] [INFO] [1776861072.521210397] [lvdot_detector_node]: Stage timers: detection=720 lidar_detection=14335 tracking=14626 classification=14604 vis=14063
[lvdot_detector_main-6] [INFO] [1776861072.521223789] [lvdot_detector_node]: Processing phases: detection=run_core lidar_detection=waiting_new_lidar tracking=waiting_filtered_bboxes classification=idle
[lvdot_detector_main-6] [INFO] [1776861072.521232879] [lvdot_detector_node]: Pipeline stats: depth_samples=129/71300 u_map=3 depth_boxes=0 u_map_merge=0 u_map_db=0 u_map_visual=0 u_map_fused=0 u_map_filtered=0 lidar_samples=1989/129660 uv=0 db=1 lidar=1 fused=2 filtered=2 tracks=0 dynamic=0 dyn_points=0 raw_dyn_points=0 service=0/0 split=2->0 (2 outputs) fusion_components=2 visual_only=1 lidar_only=1 fixed_size=0 size_reject=0
[lvdot_detector_main-6] [INFO] [1776861078.520354124] [lvdot_detector_node]: Input health: depth=703 color=1457 lidar=3 pose=19590 odom=19587 yolo=494 depth_pose_sync=0 lidar_pose_sync=0 depth_odom_sync=0 lidar_odom_sync=0
[lvdot_detector_main-6] [INFO] [1776861078.520496766] [lvdot_detector_node]: Stage timers: detection=727 lidar_detection=14514 tracking=14804 classification=14783 vis=14235
[lvdot_detector_main-6] [INFO] [1776861078.520524532] [lvdot_detector_node]: Processing phases: detection=run_core lidar_detection=waiting_new_lidar tracking=waiting_filtered_bboxes classification=idle
[lvdot_detector_main-6] [INFO] [1776861078.520537633] [lvdot_detector_node]: Pipeline stats: depth_samples=110/71300 u_map=0 depth_boxes=0 u_map_merge=0 u_map_db=0 u_map_visual=0 u_map_fused=0 u_map_filtered=0 lidar_samples=1989/129660 uv=0 db=1 lidar=1 fused=2 filtered=2 tracks=0 dynamic=0 dyn_points=0 raw_dyn_points=0 service=0/0 split=2->0 (2 outputs) fusion_components=2 visual_only=1 lidar_only=1 fixed_size=0 size_reject=0
[lvdot_detector_main-6] [INFO] [1776861085.289358365] [lvdot_detector_node]: Input health: depth=706 color=1475 lidar=3 pose=19824 odom=19822 yolo=498 depth_pose_sync=0 lidar_pose_sync=0 depth_odom_sync=0 lidar_odom_sync=0
[lvdot_detector_main-6] [INFO] [1776861085.289422011] [lvdot_detector_node]: Stage timers: detection=733 lidar_detection=14694 tracking=14985 classification=14965 vis=14408
[lvdot_detector_main-6] [INFO] [1776861085.289432570] [lvdot_detector_node]: Processing phases: detection=run_core lidar_detection=waiting_new_lidar tracking=waiting_filtered_bboxes classification=idle
[lvdot_detector_main-6] [INFO] [1776861085.289441663] [lvdot_detector_node]: Pipeline stats: depth_samples=207/71300 u_map=4 depth_boxes=0 u_map_merge=0 u_map_db=0 u_map_visual=0 u_map_fused=0 u_map_filtered=0 lidar_samples=1989/129660 uv=0 db=2 lidar=1 fused=2 filtered=2 tracks=0 dynamic=0 dyn_points=0 raw_dyn_points=0 service=0/0 split=2->0 (2 outputs) fusion_components=2 visual_only=1 lidar_only=1 fixed_size=0 size_reject=0
[lvdot_detector_main-6] [INFO] [1776861090.365089155] [lvdot_detector_node]: get_dynamic_obstacles responded with 0 obstacles from 0 tracked dynamic boxes.
