[INFO] [launch]: All log files can be found below /home/skbt2/.ros/log/2026-04-23-09-34-05-993079-DESKTOP-90MQDL6-897264
[INFO] [launch]: Default logging verbosity is set to INFO
[INFO] [gazebo-1]: process started with pid [897322]
[INFO] [parameter_bridge-2]: process started with pid [897323]
[INFO] [pedestrian_state_publisher-3]: process started with pid [897324]
[INFO] [uav_trajectory_controller-4]: process started with pid [897325]
[INFO] [image_pointcloud_relay-5]: process started with pid [897326]
[INFO] [lvdot_yolo_node-6]: process started with pid [897327]
[INFO] [lvdot_detector_main-7]: process started with pid [897328]
[parameter_bridge-2] [INFO] [1776908046.832350786] [ros_gz_bridge]: Creating GZ->ROS Bridge: [/rgbd_camera/image (gz.msgs.Image) -> /rgbd_camera/image (sensor_msgs/msg/Image)] (Lazy 0)
[parameter_bridge-2] [INFO] [1776908046.854379645] [ros_gz_bridge]: Creating GZ->ROS Bridge: [/rgbd_camera/camera_info (gz.msgs.CameraInfo) -> /rgbd_camera/camera_info (sensor_msgs/msg/CameraInfo)] (Lazy 0)
[parameter_bridge-2] [INFO] [1776908046.862080060] [ros_gz_bridge]: Creating GZ->ROS Bridge: [/rgbd_camera/depth_image (gz.msgs.Image) -> /rgbd_camera/depth_image (sensor_msgs/msg/Image)] (Lazy 0)
[parameter_bridge-2] [INFO] [1776908046.864592041] [ros_gz_bridge]: Creating GZ->ROS Bridge: [/rgbd_camera/points (gz.msgs.PointCloudPacked) -> /rgbd_camera/points (sensor_msgs/msg/PointCloud2)] (Lazy 0)
[parameter_bridge-2] [INFO] [1776908046.867401153] [ros_gz_bridge]: Creating GZ->ROS Bridge: [/camera/imu (gz.msgs.IMU) -> /camera/imu (sensor_msgs/msg/Imu)] (Lazy 0)
[parameter_bridge-2] [INFO] [1776908046.870177788] [ros_gz_bridge]: Creating ROS->GZ service bridge [/world/pedestrian_prototype/set_pose (ros_gz_interfaces/srv/SetEntityPose -> /)]
[parameter_bridge-2] [INFO] [1776908046.872702684] [ros_gz_bridge]: Creating ROS->GZ service bridge [/world/pedestrian_prototype/set_pose/blocking (ros_gz_interfaces/srv/SetEntityPose -> /)]
[lvdot_detector_main-7] [INFO] [1776908047.330319242] [lvdot_detector_node]: Config loaded: localization_mode=0 dt=0.033 image=640x480 depth_range=[0.20, 12.00] stage_timers=true
[lvdot_detector_main-7] [INFO] [1776908047.434590063] [lvdot_detector_node]: LV-DOT ROS2 skeleton started. depth=/camera/depth/image_rect_raw color=/camera/color/image_raw lidar=/rgbd_camera/points pose=/mavros/local_position/pose odom=/mavros/local_position/odom yolo=/yolo_detector/detected_bounding_boxes
[lvdot_detector_main-7] [INFO] [1776908049.437271780] [lvdot_detector_node]: Input health: depth=0 color=0 lidar=0 pose=13 odom=13 yolo=1 depth_pose_sync=0 lidar_pose_sync=0 depth_odom_sync=0 lidar_odom_sync=0
[lvdot_detector_main-7] [INFO] [1776908049.446155874] [lvdot_detector_node]: Stage timers: detection=55 lidar_detection=55 tracking=55 classification=55 vis=55
[lvdot_detector_main-7] [INFO] [1776908049.446208482] [lvdot_detector_node]: Processing phases: detection=waiting_depth lidar_detection=waiting_new_lidar tracking=waiting_filtered_bboxes classification=idle
[lvdot_detector_main-7] [INFO] [1776908049.446224340] [lvdot_detector_node]: Pipeline stats: depth_samples=0/0 u_map=0 depth_boxes=0 u_map_merge=0 u_map_db=0 u_map_visual=0 u_map_fused=0 u_map_filtered=0 lidar_samples=0/0 uv=0 db=0 lidar=0 fused=0 filtered=0 tracks=0 dynamic=0 dyn_points=0 raw_dyn_points=0 service=0/0 split=0->0 (0 outputs) fusion_components=0 visual_only=0 lidar_only=0 fixed_size=0 size_reject=0
[uav_trajectory_controller-4] [WARN] [1776908051.089056973] [uav_trajectory_controller]: SetEntityPose request timed out after 0.62s on /world/pedestrian_prototype/set_pose/blocking; dropping the pending request and retrying.
[uav_trajectory_controller-4] [WARN] [1776908051.096228175] [uav_trajectory_controller]: Falling back from /world/pedestrian_prototype/set_pose/blocking to /world/pedestrian_prototype/set_pose.
[gazebo-1] [INFO] [1776908051.630965778] [pedestrian_pose_sync_system]: Configured pedestrian pose sync plugin on topic [/pedestrian_sim/agent_states] for 8 models.
[uav_trajectory_controller-4] [WARN] [1776908051.762612856] [uav_trajectory_controller]: SetEntityPose request timed out after 0.56s on /world/pedestrian_prototype/set_pose; dropping the pending request and retrying.
[uav_trajectory_controller-4] [WARN] [1776908052.754548432] [uav_trajectory_controller]: SetEntityPose request timed out after 0.54s on /world/pedestrian_prototype/set_pose; dropping the pending request and retrying.
[uav_trajectory_controller-4] [WARN] [1776908053.754156030] [uav_trajectory_controller]: SetEntityPose request timed out after 0.60s on /world/pedestrian_prototype/set_pose; dropping the pending request and retrying.
[uav_trajectory_controller-4] [WARN] [1776908054.510422789] [uav_trajectory_controller]: SetEntityPose request timed out after 0.62s on /world/pedestrian_prototype/set_pose; dropping the pending request and retrying.
[lvdot_detector_main-7] [INFO] [1776908055.441209625] [lvdot_detector_node]: Input health: depth=19 color=33 lidar=0 pose=83 odom=82 yolo=5 depth_pose_sync=0 lidar_pose_sync=0 depth_odom_sync=0 lidar_odom_sync=0
[lvdot_detector_main-7] [INFO] [1776908055.441290910] [lvdot_detector_node]: Stage timers: detection=98 lidar_detection=230 tracking=231 classification=230 vis=198
[lvdot_detector_main-7] [INFO] [1776908055.441305132] [lvdot_detector_node]: Processing phases: detection=run_core lidar_detection=waiting_new_lidar tracking=waiting_filtered_bboxes classification=idle
[lvdot_detector_main-7] [INFO] [1776908055.441315775] [lvdot_detector_node]: Pipeline stats: depth_samples=105/71300 u_map=2 depth_boxes=0 u_map_merge=0 u_map_db=0 u_map_visual=0 u_map_fused=0 u_map_filtered=0 lidar_samples=0/0 uv=0 db=1 lidar=0 fused=0 filtered=0 tracks=0 dynamic=0 dyn_points=0 raw_dyn_points=0 service=0/0 split=0->0 (0 outputs) fusion_components=0 visual_only=0 lidar_only=0 fixed_size=0 size_reject=0
[lvdot_detector_main-7] [INFO] [1776908061.444392766] [lvdot_detector_node]: Input health: depth=31 color=46 lidar=0 pose=371 odom=371 yolo=9 depth_pose_sync=0 lidar_pose_sync=0 depth_odom_sync=0 lidar_odom_sync=0
[lvdot_detector_main-7] [INFO] [1776908061.444455967] [lvdot_detector_node]: Stage timers: detection=103 lidar_detection=409 tracking=410 classification=410 vis=361
[lvdot_detector_main-7] [INFO] [1776908061.444466045] [lvdot_detector_node]: Processing phases: detection=run_core lidar_detection=waiting_new_lidar tracking=snapshot classification=idle
[lvdot_detector_main-7] [INFO] [1776908061.444476594] [lvdot_detector_node]: Pipeline stats: depth_samples=110/71300 u_map=1 depth_boxes=0 u_map_merge=0 u_map_db=0 u_map_visual=0 u_map_fused=0 u_map_filtered=0 lidar_samples=0/0 uv=0 db=1 lidar=0 fused=0 filtered=0 tracks=0 dynamic=0 dyn_points=0 raw_dyn_points=0 service=0/0 split=0->0 (0 outputs) fusion_components=0 visual_only=0 lidar_only=0 fixed_size=0 size_reject=0
[lvdot_detector_main-7] [INFO] [1776908067.190823814] [lvdot_detector_node]: Input health: depth=41 color=73 lidar=1 pose=558 odom=558 yolo=12 depth_pose_sync=0 lidar_pose_sync=0 depth_odom_sync=0 lidar_odom_sync=0
[lvdot_detector_main-7] [INFO] [1776908067.190883876] [lvdot_detector_node]: Stage timers: detection=106 lidar_detection=455 tracking=528 classification=529 vis=465
[lvdot_detector_main-7] [INFO] [1776908067.190894077] [lvdot_detector_node]: Processing phases: detection=run_core lidar_detection=run_lidar_detector/project tracking=waiting_filtered_bboxes classification=idle
[lvdot_detector_main-7] [INFO] [1776908067.190903992] [lvdot_detector_node]: Pipeline stats: depth_samples=181/71300 u_map=3 depth_boxes=0 u_map_merge=0 u_map_db=0 u_map_visual=0 u_map_fused=0 u_map_filtered=0 lidar_samples=0/0 uv=0 db=3 lidar=0 fused=0 filtered=0 tracks=0 dynamic=0 dyn_points=0 raw_dyn_points=0 service=0/0 split=0->0 (0 outputs) fusion_components=0 visual_only=0 lidar_only=0 fixed_size=0 size_reject=0
[lvdot_detector_main-7] [INFO] [1776908073.198949197] [lvdot_detector_node]: Input health: depth=53 color=103 lidar=2 pose=832 odom=832 yolo=16 depth_pose_sync=0 lidar_pose_sync=0 depth_odom_sync=0 lidar_odom_sync=0
[lvdot_detector_main-7] [INFO] [1776908073.199013019] [lvdot_detector_node]: Stage timers: detection=109 lidar_detection=456 tracking=706 classification=707 vis=607
[lvdot_detector_main-7] [INFO] [1776908073.199023006] [lvdot_detector_node]: Processing phases: detection=run_core lidar_detection=run_lidar_detector/project tracking=waiting_filtered_bboxes classification=idle
[lvdot_detector_main-7] [INFO] [1776908073.199031852] [lvdot_detector_node]: Pipeline stats: depth_samples=130/71300 u_map=1 depth_boxes=0 u_map_merge=0 u_map_db=0 u_map_visual=0 u_map_fused=0 u_map_filtered=0 lidar_samples=2317/118318 uv=0 db=1 lidar=1 fused=1 filtered=1 tracks=0 dynamic=0 dyn_points=0 raw_dyn_points=0 service=0/0 split=1->0 (1 outputs) fusion_components=1 visual_only=0 lidar_only=1 fixed_size=0 size_reject=0
[lvdot_detector_main-7] [INFO] [1776908079.212629716] [lvdot_detector_node]: Input health: depth=64 color=133 lidar=3 pose=1103 odom=1103 yolo=19 depth_pose_sync=0 lidar_pose_sync=0 depth_odom_sync=0 lidar_odom_sync=0
[lvdot_detector_main-7] [INFO] [1776908079.212701052] [lvdot_detector_node]: Stage timers: detection=113 lidar_detection=461 tracking=880 classification=878 vis=747
[lvdot_detector_main-7] [INFO] [1776908079.212717317] [lvdot_detector_node]: Processing phases: detection=run_core lidar_detection=run_lidar_detector/project tracking=waiting_filtered_bboxes classification=idle
[lvdot_detector_main-7] [INFO] [1776908079.212731299] [lvdot_detector_node]: Pipeline stats: depth_samples=105/71300 u_map=1 depth_boxes=0 u_map_merge=0 u_map_db=0 u_map_visual=0 u_map_fused=0 u_map_filtered=0 lidar_samples=2327/113874 uv=0 db=0 lidar=0 fused=0 filtered=0 tracks=0 dynamic=0 dyn_points=0 raw_dyn_points=0 service=0/0 split=0->0 (0 outputs) fusion_components=0 visual_only=0 lidar_only=0 fixed_size=0 size_reject=0
[lvdot_detector_main-7] [INFO] [1776908085.238337504] [lvdot_detector_node]: Input health: depth=77 color=159 lidar=3 pose=1370 odom=1371 yolo=24 depth_pose_sync=0 lidar_pose_sync=0 depth_odom_sync=0 lidar_odom_sync=0
[lvdot_detector_main-7] [INFO] [1776908085.238410332] [lvdot_detector_node]: Stage timers: detection=117 lidar_detection=469 tracking=1050 classification=1047 vis=891
[lvdot_detector_main-7] [INFO] [1776908085.238426941] [lvdot_detector_node]: Processing phases: detection=idle lidar_detection=snapshot tracking=waiting_filtered_bboxes classification=idle
[lvdot_detector_main-7] [INFO] [1776908085.238438967] [lvdot_detector_node]: Pipeline stats: depth_samples=177/71300 u_map=2 depth_boxes=0 u_map_merge=0 u_map_db=0 u_map_visual=0 u_map_fused=0 u_map_filtered=0 lidar_samples=1735/156427 uv=0 db=2 lidar=0 fused=0 filtered=0 tracks=0 dynamic=0 dyn_points=0 raw_dyn_points=0 service=0/0 split=0->0 (0 outputs) fusion_components=0 visual_only=0 lidar_only=0 fixed_size=0 size_reject=0
[lvdot_detector_main-7] [INFO] [1776908091.191185456] [lvdot_detector_node]: Input health: depth=90 color=190 lidar=3 pose=1648 odom=1650 yolo=28 depth_pose_sync=0 lidar_pose_sync=0 depth_odom_sync=0 lidar_odom_sync=0
[lvdot_detector_main-7] [INFO] [1776908091.191252924] [lvdot_detector_node]: Stage timers: detection=122 lidar_detection=635 tracking=1222 classification=1215 vis=1021
[lvdot_detector_main-7] [INFO] [1776908091.191270101] [lvdot_detector_node]: Processing phases: detection=run_core lidar_detection=waiting_new_lidar tracking=waiting_filtered_bboxes classification=snapshot
[lvdot_detector_main-7] [INFO] [1776908091.191283079] [lvdot_detector_node]: Pipeline stats: depth_samples=128/71300 u_map=4 depth_boxes=0 u_map_merge=0 u_map_db=0 u_map_visual=0 u_map_fused=0 u_map_filtered=0 lidar_samples=1735/156427 uv=0 db=2 lidar=0 fused=0 filtered=0 tracks=0 dynamic=0 dyn_points=0 raw_dyn_points=0 service=0/0 split=0->0 (0 outputs) fusion_components=0 visual_only=0 lidar_only=0 fixed_size=0 size_reject=0
[lvdot_detector_main-7] [INFO] [1776908097.188129685] [lvdot_detector_node]: Input health: depth=106 color=221 lidar=3 pose=1924 odom=1926 yolo=32 depth_pose_sync=0 lidar_pose_sync=0 depth_odom_sync=0 lidar_odom_sync=0
[lvdot_detector_main-7] [INFO] [1776908097.188227003] [lvdot_detector_node]: Stage timers: detection=126 lidar_detection=807 tracking=1394 classification=1390 vis=1159
[lvdot_detector_main-7] [INFO] [1776908097.188259762] [lvdot_detector_node]: Processing phases: detection=run_core lidar_detection=waiting_new_lidar tracking=waiting_filtered_bboxes classification=idle
[lvdot_detector_main-7] [INFO] [1776908097.188288583] [lvdot_detector_node]: Pipeline stats: depth_samples=107/71300 u_map=3 depth_boxes=0 u_map_merge=0 u_map_db=0 u_map_visual=0 u_map_fused=0 u_map_filtered=0 lidar_samples=1735/156427 uv=0 db=2 lidar=0 fused=0 filtered=0 tracks=0 dynamic=0 dyn_points=0 raw_dyn_points=0 service=0/0 split=0->0 (0 outputs) fusion_components=0 visual_only=0 lidar_only=0 fixed_size=0 size_reject=0
[lvdot_detector_main-7] [INFO] [1776908102.760588134] [lvdot_detector_node]: Input health: depth=116 color=232 lidar=3 pose=2111 odom=2114 yolo=37 depth_pose_sync=0 lidar_pose_sync=0 depth_odom_sync=0 lidar_odom_sync=0
[lvdot_detector_main-7] [INFO] [1776908102.772762388] [lvdot_detector_node]: Stage timers: detection=129 lidar_detection=921 tracking=1508 classification=1507 vis=1252
[lvdot_detector_main-7] [INFO] [1776908102.773041180] [lvdot_detector_node]: Processing phases: detection=run_core lidar_detection=waiting_new_lidar tracking=waiting_filtered_bboxes classification=idle
[lvdot_detector_main-7] [INFO] [1776908102.773052900] [lvdot_detector_node]: Pipeline stats: depth_samples=114/71300 u_map=1 depth_boxes=0 u_map_merge=0 u_map_db=0 u_map_visual=0 u_map_fused=0 u_map_filtered=0 lidar_samples=1735/156427 uv=0 db=2 lidar=0 fused=0 filtered=0 tracks=0 dynamic=0 dyn_points=0 raw_dyn_points=0 service=0/0 split=0->0 (0 outputs) fusion_components=0 visual_only=0 lidar_only=0 fixed_size=0 size_reject=0
[lvdot_detector_main-7] [INFO] [1776908108.782537927] [lvdot_detector_node]: Input health: depth=124 color=264 lidar=3 pose=2395 odom=2397 yolo=41 depth_pose_sync=0 lidar_pose_sync=0 depth_odom_sync=0 lidar_odom_sync=0
[lvdot_detector_main-7] [INFO] [1776908108.782604286] [lvdot_detector_node]: Stage timers: detection=134 lidar_detection=1097 tracking=1684 classification=1684 vis=1401
[lvdot_detector_main-7] [INFO] [1776908108.782615935] [lvdot_detector_node]: Processing phases: detection=idle lidar_detection=waiting_new_lidar tracking=waiting_filtered_bboxes classification=idle
[lvdot_detector_main-7] [INFO] [1776908108.782626056] [lvdot_detector_node]: Pipeline stats: depth_samples=114/71300 u_map=1 depth_boxes=0 u_map_merge=0 u_map_db=0 u_map_visual=0 u_map_fused=0 u_map_filtered=0 lidar_samples=1735/156427 uv=0 db=2 lidar=0 fused=0 filtered=0 tracks=0 dynamic=0 dyn_points=0 raw_dyn_points=0 service=0/0 split=0->0 (0 outputs) fusion_components=0 visual_only=0 lidar_only=0 fixed_size=0 size_reject=0
[lvdot_detector_main-7] [INFO] [1776908114.784488070] [lvdot_detector_node]: Input health: depth=145 color=291 lidar=3 pose=2676 odom=2680 yolo=46 depth_pose_sync=0 lidar_pose_sync=0 depth_odom_sync=0 lidar_odom_sync=0
[lvdot_detector_main-7] [INFO] [1776908114.784559039] [lvdot_detector_node]: Stage timers: detection=139 lidar_detection=1274 tracking=1856 classification=1859 vis=1549
[lvdot_detector_main-7] [INFO] [1776908114.784574019] [lvdot_detector_node]: Processing phases: detection=run_core lidar_detection=snapshot tracking=snapshot classification=idle
[lvdot_detector_main-7] [INFO] [1776908114.784585441] [lvdot_detector_node]: Pipeline stats: depth_samples=128/71300 u_map=1 depth_boxes=0 u_map_merge=0 u_map_db=0 u_map_visual=0 u_map_fused=0 u_map_filtered=0 lidar_samples=1735/156427 uv=0 db=3 lidar=0 fused=0 filtered=0 tracks=0 dynamic=0 dyn_points=0 raw_dyn_points=0 service=0/0 split=0->0 (0 outputs) fusion_components=0 visual_only=0 lidar_only=0 fixed_size=0 size_reject=0
[lvdot_detector_main-7] [INFO] [1776908120.760913215] [lvdot_detector_node]: Input health: depth=158 color=316 lidar=3 pose=2955 odom=2959 yolo=51 depth_pose_sync=0 lidar_pose_sync=0 depth_odom_sync=0 lidar_odom_sync=0
[lvdot_detector_main-7] [INFO] [1776908120.765184410] [lvdot_detector_node]: Stage timers: detection=144 lidar_detection=1450 tracking=2033 classification=2032 vis=1697
[lvdot_detector_main-7] [INFO] [1776908120.765199297] [lvdot_detector_node]: Processing phases: detection=run_core lidar_detection=waiting_new_lidar tracking=waiting_filtered_bboxes classification=idle
[lvdot_detector_main-7] [INFO] [1776908120.765207629] [lvdot_detector_node]: Pipeline stats: depth_samples=105/71300 u_map=1 depth_boxes=0 u_map_merge=0 u_map_db=0 u_map_visual=0 u_map_fused=0 u_map_filtered=0 lidar_samples=1735/156427 uv=0 db=1 lidar=0 fused=0 filtered=0 tracks=0 dynamic=0 dyn_points=0 raw_dyn_points=0 service=0/0 split=0->0 (0 outputs) fusion_components=0 visual_only=0 lidar_only=0 fixed_size=0 size_reject=0
[lvdot_detector_main-7] [INFO] [1776908126.766567710] [lvdot_detector_node]: Input health: depth=168 color=343 lidar=5 pose=3230 odom=3234 yolo=56 depth_pose_sync=0 lidar_pose_sync=0 depth_odom_sync=0 lidar_odom_sync=0
[lvdot_detector_main-7] [INFO] [1776908126.766631385] [lvdot_detector_node]: Stage timers: detection=148 lidar_detection=1558 tracking=2210 classification=2202 vis=1838
[lvdot_detector_main-7] [INFO] [1776908126.766643187] [lvdot_detector_node]: Processing phases: detection=run_core lidar_detection=run_lidar_detector/downsample tracking=waiting_filtered_bboxes classification=idle
[lvdot_detector_main-7] [INFO] [1776908126.766653847] [lvdot_detector_node]: Pipeline stats: depth_samples=105/71300 u_map=1 depth_boxes=0 u_map_merge=0 u_map_db=0 u_map_visual=0 u_map_fused=0 u_map_filtered=0 lidar_samples=1735/156427 uv=0 db=1 lidar=0 fused=0 filtered=0 tracks=0 dynamic=0 dyn_points=0 raw_dyn_points=0 service=0/0 split=0->0 (0 outputs) fusion_components=0 visual_only=0 lidar_only=0 fixed_size=0 size_reject=0
[lvdot_detector_main-7] [INFO] [1776908132.755779317] [lvdot_detector_node]: Input health: depth=186 color=373 lidar=6 pose=3491 odom=3496 yolo=61 depth_pose_sync=0 lidar_pose_sync=0 depth_odom_sync=0 lidar_odom_sync=0
[lvdot_detector_main-7] [INFO] [1776908132.755832008] [lvdot_detector_node]: Stage timers: detection=152 lidar_detection=1559 tracking=2377 classification=2368 vis=1970
[lvdot_detector_main-7] [INFO] [1776908132.755841990] [lvdot_detector_node]: Processing phases: detection=run_core lidar_detection=run_lidar_detector/dbscan tracking=waiting_filtered_bboxes classification=idle
[lvdot_detector_main-7] [INFO] [1776908132.755850820] [lvdot_detector_node]: Pipeline stats: depth_samples=110/71300 u_map=1 depth_boxes=0 u_map_merge=0 u_map_db=0 u_map_visual=0 u_map_fused=0 u_map_filtered=0 lidar_samples=2196/111466 uv=0 db=1 lidar=0 fused=0 filtered=0 tracks=0 dynamic=0 dyn_points=0 raw_dyn_points=0 service=0/0 split=0->0 (0 outputs) fusion_components=0 visual_only=0 lidar_only=0 fixed_size=0 size_reject=0
[lvdot_detector_main-7] [INFO] [1776908138.439405148] [lvdot_detector_node]: Input health: depth=196 color=385 lidar=6 pose=3671 odom=3676 yolo=63 depth_pose_sync=0 lidar_pose_sync=0 depth_odom_sync=0 lidar_odom_sync=0
[lvdot_detector_main-7] [INFO] [1776908138.439471276] [lvdot_detector_node]: Stage timers: detection=155 lidar_detection=1622 tracking=2483 classification=2469 vis=2056
[lvdot_detector_main-7] [INFO] [1776908138.439486248] [lvdot_detector_node]: Processing phases: detection=run_core lidar_detection=waiting_new_lidar tracking=waiting_filtered_bboxes classification=idle
[lvdot_detector_main-7] [INFO] [1776908138.439498629] [lvdot_detector_node]: Pipeline stats: depth_samples=110/71300 u_map=1 depth_boxes=0 u_map_merge=0 u_map_db=0 u_map_visual=0 u_map_fused=0 u_map_filtered=0 lidar_samples=2280/98866 uv=0 db=1 lidar=0 fused=0 filtered=0 tracks=0 dynamic=0 dyn_points=0 raw_dyn_points=0 service=0/0 split=0->0 (0 outputs) fusion_components=0 visual_only=0 lidar_only=0 fixed_size=0 size_reject=0
[lvdot_detector_main-7] [INFO] [1776908144.436846616] [lvdot_detector_node]: Input health: depth=206 color=409 lidar=7 pose=3937 odom=3942 yolo=68 depth_pose_sync=0 lidar_pose_sync=0 depth_odom_sync=0 lidar_odom_sync=0
[lvdot_detector_main-7] [INFO] [1776908144.437039314] [lvdot_detector_node]: Stage timers: detection=159 lidar_detection=1699 tracking=2659 classification=2647 vis=2198
[lvdot_detector_main-7] [INFO] [1776908144.437058126] [lvdot_detector_node]: Processing phases: detection=run_core lidar_detection=run_lidar_detector/dbscan tracking=waiting_filtered_bboxes classification=snapshot
[lvdot_detector_main-7] [INFO] [1776908144.437069298] [lvdot_detector_node]: Pipeline stats: depth_samples=130/71300 u_map=1 depth_boxes=0 u_map_merge=0 u_map_db=0 u_map_visual=0 u_map_fused=0 u_map_filtered=0 lidar_samples=2280/98866 uv=0 db=1 lidar=0 fused=0 filtered=0 tracks=0 dynamic=0 dyn_points=0 raw_dyn_points=0 service=0/0 split=0->0 (0 outputs) fusion_components=0 visual_only=0 lidar_only=0 fixed_size=0 size_reject=0
[lvdot_detector_main-7] [INFO] [1776908150.441680262] [lvdot_detector_node]: Input health: depth=218 color=435 lidar=7 pose=4182 odom=4192 yolo=73 depth_pose_sync=0 lidar_pose_sync=0 depth_odom_sync=0 lidar_odom_sync=0
[lvdot_detector_main-7] [INFO] [1776908150.441740252] [lvdot_detector_node]: Stage timers: detection=163 lidar_detection=1773 tracking=2814 classification=2803 vis=2313
[lvdot_detector_main-7] [INFO] [1776908150.441751854] [lvdot_detector_node]: Processing phases: detection=run_core lidar_detection=waiting_new_lidar tracking=waiting_filtered_bboxes classification=idle
[lvdot_detector_main-7] [INFO] [1776908150.441780151] [lvdot_detector_node]: Pipeline stats: depth_samples=114/71300 u_map=2 depth_boxes=0 u_map_merge=0 u_map_db=0 u_map_visual=0 u_map_fused=0 u_map_filtered=0 lidar_samples=2312/122732 uv=0 db=2 lidar=0 fused=0 filtered=0 tracks=0 dynamic=0 dyn_points=0 raw_dyn_points=0 service=0/0 split=0->0 (0 outputs) fusion_components=0 visual_only=0 lidar_only=0 fixed_size=0 size_reject=0
[lvdot_detector_main-7] [INFO] [1776908156.439955279] [lvdot_detector_node]: Input health: depth=242 color=457 lidar=7 pose=4462 odom=4471 yolo=77 depth_pose_sync=0 lidar_pose_sync=0 depth_odom_sync=0 lidar_odom_sync=0
[lvdot_detector_main-7] [INFO] [1776908156.440035849] [lvdot_detector_node]: Stage timers: detection=167 lidar_detection=1947 tracking=2989 classification=2968 vis=2447
[lvdot_detector_main-7] [INFO] [1776908156.440056632] [lvdot_detector_node]: Processing phases: detection=run_core lidar_detection=waiting_new_lidar tracking=waiting_filtered_bboxes classification=idle
[lvdot_detector_main-7] [INFO] [1776908156.440068589] [lvdot_detector_node]: Pipeline stats: depth_samples=144/71300 u_map=3 depth_boxes=0 u_map_merge=0 u_map_db=0 u_map_visual=0 u_map_fused=0 u_map_filtered=0 lidar_samples=2312/122732 uv=0 db=3 lidar=0 fused=0 filtered=0 tracks=0 dynamic=0 dyn_points=0 raw_dyn_points=0 service=0/0 split=0->0 (0 outputs) fusion_components=0 visual_only=0 lidar_only=0 fixed_size=0 size_reject=0
[lvdot_detector_main-7] [INFO] [1776908162.434757769] [lvdot_detector_node]: Input health: depth=255 color=481 lidar=8 pose=4733 odom=4743 yolo=82 depth_pose_sync=0 lidar_pose_sync=0 depth_odom_sync=0 lidar_odom_sync=0
[lvdot_detector_main-7] [INFO] [1776908162.434824389] [lvdot_detector_node]: Stage timers: detection=172 lidar_detection=1979 tracking=3164 classification=3142 vis=2594
[lvdot_detector_main-7] [INFO] [1776908162.434839667] [lvdot_detector_node]: Processing phases: detection=run_core lidar_detection=run_lidar_detector/dbscan tracking=waiting_filtered_bboxes classification=idle
[lvdot_detector_main-7] [INFO] [1776908162.434871079] [lvdot_detector_node]: Pipeline stats: depth_samples=220/71300 u_map=3 depth_boxes=0 u_map_merge=0 u_map_db=0 u_map_visual=0 u_map_fused=0 u_map_filtered=0 lidar_samples=2312/122732 uv=0 db=3 lidar=0 fused=0 filtered=0 tracks=0 dynamic=0 dyn_points=0 raw_dyn_points=0 service=0/0 split=0->0 (0 outputs) fusion_components=0 visual_only=0 lidar_only=0 fixed_size=0 size_reject=0
[lvdot_detector_main-7] [INFO] [1776908170.100088182] [lvdot_detector_node]: Input health: depth=287 color=504 lidar=8 pose=5007 odom=5017 yolo=87 depth_pose_sync=0 lidar_pose_sync=0 depth_odom_sync=0 lidar_odom_sync=0
[lvdot_detector_main-7] [INFO] [1776908170.100235537] [lvdot_detector_node]: Stage timers: detection=176 lidar_detection=2126 tracking=3332 classification=3306 vis=2722
[lvdot_detector_main-7] [INFO] [1776908170.100266614] [lvdot_detector_node]: Processing phases: detection=run_core lidar_detection=waiting_new_lidar tracking=waiting_filtered_bboxes classification=idle
[lvdot_detector_main-7] [INFO] [1776908170.100277228] [lvdot_detector_node]: Pipeline stats: depth_samples=147/71300 u_map=2 depth_boxes=0 u_map_merge=0 u_map_db=0 u_map_visual=0 u_map_fused=0 u_map_filtered=0 lidar_samples=2216/111340 uv=0 db=2 lidar=0 fused=0 filtered=0 tracks=0 dynamic=0 dyn_points=0 raw_dyn_points=0 service=0/0 split=0->0 (0 outputs) fusion_components=0 visual_only=0 lidar_only=0 fixed_size=0 size_reject=0
[lvdot_detector_main-7] [INFO] [1776908176.102720197] [lvdot_detector_node]: Input health: depth=293 color=529 lidar=9 pose=5276 odom=5286 yolo=92 depth_pose_sync=0 lidar_pose_sync=0 depth_odom_sync=0 lidar_odom_sync=0
[lvdot_detector_main-7] [INFO] [1776908176.121907449] [lvdot_detector_node]: Stage timers: detection=180 lidar_detection=2247 tracking=3507 classification=3480 vis=2856
[lvdot_detector_main-7] [INFO] [1776908176.121928837] [lvdot_detector_node]: Processing phases: detection=run_core lidar_detection=run_lidar_detector/project tracking=waiting_filtered_bboxes classification=idle
[lvdot_detector_main-7] [INFO] [1776908176.121942490] [lvdot_detector_node]: Pipeline stats: depth_samples=105/71300 u_map=1 depth_boxes=0 u_map_merge=0 u_map_db=0 u_map_visual=0 u_map_fused=0 u_map_filtered=0 lidar_samples=2216/111340 uv=0 db=1 lidar=0 fused=0 filtered=0 tracks=0 dynamic=0 dyn_points=0 raw_dyn_points=0 service=0/0 split=0->0 (0 outputs) fusion_components=0 visual_only=0 lidar_only=0 fixed_size=0 size_reject=0
[uav_trajectory_controller-4] [WARN] [1776908179.257028363] [uav_trajectory_controller]: SetEntityPose request timed out after 0.63s on /world/pedestrian_prototype/set_pose; dropping the pending request and retrying.
[lvdot_detector_main-7] [INFO] [1776908182.099747413] [lvdot_detector_node]: Input health: depth=300 color=554 lidar=9 pose=5550 odom=5560 yolo=95 depth_pose_sync=0 lidar_pose_sync=0 depth_odom_sync=0 lidar_odom_sync=0
[lvdot_detector_main-7] [INFO] [1776908182.099831198] [lvdot_detector_node]: Stage timers: detection=184 lidar_detection=2318 tracking=3676 classification=3651 vis=2995
[lvdot_detector_main-7] [INFO] [1776908182.099846612] [lvdot_detector_node]: Processing phases: detection=run_core lidar_detection=waiting_new_lidar tracking=waiting_filtered_bboxes classification=idle
[lvdot_detector_main-7] [INFO] [1776908182.099856826] [lvdot_detector_node]: Pipeline stats: depth_samples=129/71300 u_map=1 depth_boxes=0 u_map_merge=0 u_map_db=0 u_map_visual=0 u_map_fused=0 u_map_filtered=0 lidar_samples=2210/111248 uv=0 db=1 lidar=0 fused=0 filtered=0 tracks=0 dynamic=0 dyn_points=0 raw_dyn_points=0 service=0/0 split=0->0 (0 outputs) fusion_components=0 visual_only=0 lidar_only=0 fixed_size=0 size_reject=0
[lvdot_detector_main-7] [INFO] [1776908188.192924937] [lvdot_detector_node]: Input health: depth=308 color=581 lidar=9 pose=5820 odom=5831 yolo=100 depth_pose_sync=0 lidar_pose_sync=0 depth_odom_sync=0 lidar_odom_sync=0
[lvdot_detector_main-7] [INFO] [1776908188.193806576] [lvdot_detector_node]: Stage timers: detection=188 lidar_detection=2492 tracking=3851 classification=3827 vis=3133
[lvdot_detector_main-7] [INFO] [1776908188.193823882] [lvdot_detector_node]: Processing phases: detection=build_input lidar_detection=waiting_new_lidar tracking=waiting_filtered_bboxes classification=idle
[lvdot_detector_main-7] [INFO] [1776908188.193865018] [lvdot_detector_node]: Pipeline stats: depth_samples=110/71300 u_map=0 depth_boxes=0 u_map_merge=0 u_map_db=0 u_map_visual=0 u_map_fused=0 u_map_filtered=0 lidar_samples=2210/111248 uv=0 db=1 lidar=0 fused=0 filtered=0 tracks=0 dynamic=0 dyn_points=0 raw_dyn_points=0 service=0/0 split=0->0 (0 outputs) fusion_components=0 visual_only=0 lidar_only=0 fixed_size=0 size_reject=0
[lvdot_detector_main-7] [INFO] [1776908194.110371666] [lvdot_detector_node]: Input health: depth=316 color=603 lidar=10 pose=6085 odom=6097 yolo=104 depth_pose_sync=0 lidar_pose_sync=0 depth_odom_sync=0 lidar_odom_sync=0
[lvdot_detector_main-7] [INFO] [1776908194.111975170] [lvdot_detector_node]: Stage timers: detection=192 lidar_detection=2610 tracking=4020 classification=3991 vis=3267
[lvdot_detector_main-7] [INFO] [1776908194.111988644] [lvdot_detector_node]: Processing phases: detection=run_core lidar_detection=run_lidar_detector/project tracking=waiting_filtered_bboxes classification=idle
[lvdot_detector_main-7] [INFO] [1776908194.111997279] [lvdot_detector_node]: Pipeline stats: depth_samples=128/71300 u_map=1 depth_boxes=0 u_map_merge=0 u_map_db=0 u_map_visual=0 u_map_fused=0 u_map_filtered=0 lidar_samples=2210/111248 uv=0 db=3 lidar=0 fused=0 filtered=0 tracks=0 dynamic=0 dyn_points=0 raw_dyn_points=0 service=0/0 split=0->0 (0 outputs) fusion_components=0 visual_only=0 lidar_only=0 fixed_size=0 size_reject=0
[lvdot_detector_main-7] [INFO] [1776908200.135632984] [lvdot_detector_node]: Input health: depth=326 color=620 lidar=10 pose=6360 odom=6375 yolo=108 depth_pose_sync=0 lidar_pose_sync=0 depth_odom_sync=0 lidar_odom_sync=0
[lvdot_detector_main-7] [INFO] [1776908200.135708636] [lvdot_detector_node]: Stage timers: detection=196 lidar_detection=2662 tracking=4191 classification=4163 vis=3405
[lvdot_detector_main-7] [INFO] [1776908200.135726021] [lvdot_detector_node]: Processing phases: detection=run_core lidar_detection=waiting_new_lidar tracking=waiting_filtered_bboxes classification=run_core
[lvdot_detector_main-7] [INFO] [1776908200.135737770] [lvdot_detector_node]: Pipeline stats: depth_samples=191/71300 u_map=4 depth_boxes=0 u_map_merge=0 u_map_db=0 u_map_visual=0 u_map_fused=0 u_map_filtered=0 lidar_samples=2301/115700 uv=0 db=4 lidar=0 fused=0 filtered=0 tracks=0 dynamic=0 dyn_points=0 raw_dyn_points=0 service=0/0 split=0->0 (0 outputs) fusion_components=0 visual_only=0 lidar_only=0 fixed_size=0 size_reject=0
[lvdot_detector_main-7] [INFO] [1776908205.781342351] [lvdot_detector_node]: Input health: depth=333 color=633 lidar=10 pose=6548 odom=6564 yolo=112 depth_pose_sync=0 lidar_pose_sync=0 depth_odom_sync=0 lidar_odom_sync=0
[lvdot_detector_main-7] [INFO] [1776908205.781415233] [lvdot_detector_node]: Stage timers: detection=198 lidar_detection=2775 tracking=4305 classification=4275 vis=3493
[lvdot_detector_main-7] [INFO] [1776908205.781468342] [lvdot_detector_node]: Processing phases: detection=run_core lidar_detection=waiting_new_lidar tracking=waiting_filtered_bboxes classification=idle
[lvdot_detector_main-7] [INFO] [1776908205.781487064] [lvdot_detector_node]: Pipeline stats: depth_samples=218/71300 u_map=4 depth_boxes=0 u_map_merge=0 u_map_db=0 u_map_visual=0 u_map_fused=0 u_map_filtered=0 lidar_samples=2301/115700 uv=0 db=2 lidar=0 fused=0 filtered=0 tracks=0 dynamic=0 dyn_points=0 raw_dyn_points=0 service=0/0 split=0->0 (0 outputs) fusion_components=0 visual_only=0 lidar_only=0 fixed_size=0 size_reject=0
[lvdot_detector_main-7] [INFO] [1776908211.811841376] [lvdot_detector_node]: Input health: depth=347 color=664 lidar=10 pose=6821 odom=6837 yolo=116 depth_pose_sync=0 lidar_pose_sync=0 depth_odom_sync=0 lidar_odom_sync=0
[lvdot_detector_main-7] [INFO] [1776908211.811916899] [lvdot_detector_node]: Stage timers: detection=202 lidar_detection=2948 tracking=4478 classification=4444 vis=3617
[lvdot_detector_main-7] [INFO] [1776908211.811934658] [lvdot_detector_node]: Processing phases: detection=run_core lidar_detection=waiting_new_lidar tracking=snapshot classification=idle
[lvdot_detector_main-7] [INFO] [1776908211.811948026] [lvdot_detector_node]: Pipeline stats: depth_samples=105/71300 u_map=1 depth_boxes=0 u_map_merge=0 u_map_db=0 u_map_visual=0 u_map_fused=0 u_map_filtered=0 lidar_samples=2301/115700 uv=0 db=1 lidar=0 fused=0 filtered=0 tracks=0 dynamic=0 dyn_points=0 raw_dyn_points=0 service=0/0 split=0->0 (0 outputs) fusion_components=0 visual_only=0 lidar_only=0 fixed_size=0 size_reject=0
[lvdot_detector_main-7] [INFO] [1776908217.799885648] [lvdot_detector_node]: Input health: depth=365 color=703 lidar=10 pose=7099 odom=7117 yolo=121 depth_pose_sync=0 lidar_pose_sync=0 depth_odom_sync=0 lidar_odom_sync=0
[lvdot_detector_main-7] [INFO] [1776908217.799953962] [lvdot_detector_node]: Stage timers: detection=206 lidar_detection=3123 tracking=4654 classification=4617 vis=3764
[lvdot_detector_main-7] [INFO] [1776908217.799968837] [lvdot_detector_node]: Processing phases: detection=run_core lidar_detection=waiting_new_lidar tracking=waiting_filtered_bboxes classification=idle
[lvdot_detector_main-7] [INFO] [1776908217.799979165] [lvdot_detector_node]: Pipeline stats: depth_samples=114/71300 u_map=3 depth_boxes=0 u_map_merge=0 u_map_db=0 u_map_visual=0 u_map_fused=0 u_map_filtered=0 lidar_samples=2301/115700 uv=0 db=2 lidar=0 fused=0 filtered=0 tracks=0 dynamic=0 dyn_points=0 raw_dyn_points=0 service=0/0 split=0->0 (0 outputs) fusion_components=0 visual_only=0 lidar_only=0 fixed_size=0 size_reject=0
[lvdot_detector_main-7] [INFO] [1776908223.786420109] [lvdot_detector_node]: Input health: depth=381 color=726 lidar=10 pose=7379 odom=7397 yolo=126 depth_pose_sync=0 lidar_pose_sync=0 depth_odom_sync=0 lidar_odom_sync=0
[lvdot_detector_main-7] [INFO] [1776908223.786485825] [lvdot_detector_node]: Stage timers: detection=210 lidar_detection=3300 tracking=4832 classification=4790 vis=3903
[lvdot_detector_main-7] [INFO] [1776908223.786496635] [lvdot_detector_node]: Processing phases: detection=run_core lidar_detection=waiting_new_lidar tracking=waiting_filtered_bboxes classification=idle
[lvdot_detector_main-7] [INFO] [1776908223.786505169] [lvdot_detector_node]: Pipeline stats: depth_samples=126/71300 u_map=3 depth_boxes=0 u_map_merge=0 u_map_db=0 u_map_visual=0 u_map_fused=0 u_map_filtered=0 lidar_samples=2301/115700 uv=0 db=1 lidar=0 fused=0 filtered=0 tracks=0 dynamic=0 dyn_points=0 raw_dyn_points=0 service=0/0 split=0->0 (0 outputs) fusion_components=0 visual_only=0 lidar_only=0 fixed_size=0 size_reject=0
[lvdot_detector_main-7] [INFO] [1776908229.789305723] [lvdot_detector_node]: Input health: depth=399 color=749 lidar=10 pose=7658 odom=7675 yolo=130 depth_pose_sync=0 lidar_pose_sync=0 depth_odom_sync=0 lidar_odom_sync=0
[lvdot_detector_main-7] [INFO] [1776908229.789362430] [lvdot_detector_node]: Stage timers: detection=213 lidar_detection=3464 tracking=4996 classification=4956 vis=4017
[lvdot_detector_main-7] [INFO] [1776908229.789372482] [lvdot_detector_node]: Processing phases: detection=idle lidar_detection=waiting_new_lidar tracking=snapshot classification=idle
[lvdot_detector_main-7] [INFO] [1776908229.789380922] [lvdot_detector_node]: Pipeline stats: depth_samples=128/71300 u_map=2 depth_boxes=0 u_map_merge=0 u_map_db=0 u_map_visual=0 u_map_fused=0 u_map_filtered=0 lidar_samples=2301/115700 uv=0 db=3 lidar=0 fused=0 filtered=0 tracks=0 dynamic=0 dyn_points=0 raw_dyn_points=0 service=0/0 split=0->0 (0 outputs) fusion_components=0 visual_only=0 lidar_only=0 fixed_size=0 size_reject=0
[lvdot_detector_main-7] [INFO] [1776908235.784391088] [lvdot_detector_node]: Input health: depth=419 color=787 lidar=10 pose=7950 odom=7967 yolo=134 depth_pose_sync=0 lidar_pose_sync=0 depth_odom_sync=0 lidar_odom_sync=0
[lvdot_detector_main-7] [INFO] [1776908235.788717148] [lvdot_detector_node]: Stage timers: detection=218 lidar_detection=3638 tracking=5171 classification=5132 vis=4162
[lvdot_detector_main-7] [INFO] [1776908235.788851771] [lvdot_detector_node]: Processing phases: detection=run_core lidar_detection=waiting_new_lidar tracking=waiting_filtered_bboxes classification=idle
[lvdot_detector_main-7] [INFO] [1776908235.788862941] [lvdot_detector_node]: Pipeline stats: depth_samples=114/71300 u_map=2 depth_boxes=0 u_map_merge=0 u_map_db=0 u_map_visual=0 u_map_fused=0 u_map_filtered=0 lidar_samples=2301/115700 uv=0 db=2 lidar=0 fused=0 filtered=0 tracks=0 dynamic=0 dyn_points=0 raw_dyn_points=0 service=0/0 split=0->0 (0 outputs) fusion_components=0 visual_only=0 lidar_only=0 fixed_size=0 size_reject=0
[lvdot_detector_main-7] [INFO] [1776908241.417350948] [lvdot_detector_node]: Input health: depth=430 color=803 lidar=10 pose=8138 odom=8156 yolo=138 depth_pose_sync=0 lidar_pose_sync=0 depth_odom_sync=0 lidar_odom_sync=0
[lvdot_detector_main-7] [INFO] [1776908241.417439966] [lvdot_detector_node]: Stage timers: detection=220 lidar_detection=3758 tracking=5289 classification=5251 vis=4266
[lvdot_detector_main-7] [INFO] [1776908241.417456662] [lvdot_detector_node]: Processing phases: detection=run_core lidar_detection=waiting_new_lidar tracking=waiting_filtered_bboxes classification=idle
[lvdot_detector_main-7] [INFO] [1776908241.417465535] [lvdot_detector_node]: Pipeline stats: depth_samples=162/71300 u_map=2 depth_boxes=0 u_map_merge=0 u_map_db=0 u_map_visual=0 u_map_fused=0 u_map_filtered=0 lidar_samples=2301/115700 uv=0 db=1 lidar=0 fused=0 filtered=0 tracks=0 dynamic=0 dyn_points=0 raw_dyn_points=0 service=0/0 split=0->0 (0 outputs) fusion_components=0 visual_only=0 lidar_only=0 fixed_size=0 size_reject=0
[lvdot_detector_main-7] [INFO] [1776908247.414933881] [lvdot_detector_node]: Input health: depth=446 color=831 lidar=10 pose=8407 odom=8426 yolo=142 depth_pose_sync=0 lidar_pose_sync=0 depth_odom_sync=0 lidar_odom_sync=0
[lvdot_detector_main-7] [INFO] [1776908247.420917318] [lvdot_detector_node]: Stage timers: detection=224 lidar_detection=3933 tracking=5465 classification=5425 vis=4403
[lvdot_detector_main-7] [INFO] [1776908247.420936495] [lvdot_detector_node]: Processing phases: detection=run_core lidar_detection=waiting_new_lidar tracking=waiting_filtered_bboxes classification=idle
[lvdot_detector_main-7] [INFO] [1776908247.420947753] [lvdot_detector_node]: Pipeline stats: depth_samples=110/71300 u_map=1 depth_boxes=0 u_map_merge=0 u_map_db=0 u_map_visual=0 u_map_fused=0 u_map_filtered=0 lidar_samples=2301/115700 uv=0 db=1 lidar=0 fused=0 filtered=0 tracks=0 dynamic=0 dyn_points=0 raw_dyn_points=0 service=0/0 split=0->0 (0 outputs) fusion_components=0 visual_only=0 lidar_only=0 fixed_size=0 size_reject=0
[lvdot_detector_main-7] [INFO] [1776908253.427538484] [lvdot_detector_node]: Input health: depth=464 color=879 lidar=10 pose=8692 odom=8710 yolo=147 depth_pose_sync=0 lidar_pose_sync=0 depth_odom_sync=0 lidar_odom_sync=0
[lvdot_detector_main-7] [INFO] [1776908253.427608875] [lvdot_detector_node]: Stage timers: detection=228 lidar_detection=4111 tracking=5645 classification=5603 vis=4538
[lvdot_detector_main-7] [INFO] [1776908253.427629217] [lvdot_detector_node]: Processing phases: detection=run_core lidar_detection=waiting_new_lidar tracking=waiting_filtered_bboxes classification=idle
[lvdot_detector_main-7] [INFO] [1776908253.427646247] [lvdot_detector_node]: Pipeline stats: depth_samples=141/71300 u_map=6 depth_boxes=0 u_map_merge=0 u_map_db=0 u_map_visual=0 u_map_fused=0 u_map_filtered=0 lidar_samples=2301/115700 uv=0 db=1 lidar=0 fused=0 filtered=0 tracks=0 dynamic=0 dyn_points=0 raw_dyn_points=0 service=0/0 split=0->0 (0 outputs) fusion_components=0 visual_only=0 lidar_only=0 fixed_size=0 size_reject=0
[lvdot_detector_main-7] [INFO] [1776908259.427814333] [lvdot_detector_node]: Input health: depth=491 color=901 lidar=12 pose=8977 odom=8995 yolo=151 depth_pose_sync=0 lidar_pose_sync=0 depth_odom_sync=0 lidar_odom_sync=0
[lvdot_detector_main-7] [INFO] [1776908259.427884600] [lvdot_detector_node]: Stage timers: detection=231 lidar_detection=4174 tracking=5825 classification=5783 vis=4691
[lvdot_detector_main-7] [INFO] [1776908259.427901408] [lvdot_detector_node]: Processing phases: detection=run_core lidar_detection=run_lidar_detector/downsample tracking=waiting_filtered_bboxes classification=idle
[lvdot_detector_main-7] [INFO] [1776908259.427913467] [lvdot_detector_node]: Pipeline stats: depth_samples=129/71300 u_map=1 depth_boxes=0 u_map_merge=0 u_map_db=0 u_map_visual=0 u_map_fused=0 u_map_filtered=0 lidar_samples=2301/115700 uv=0 db=1 lidar=0 fused=0 filtered=0 tracks=0 dynamic=0 dyn_points=0 raw_dyn_points=0 service=0/0 split=0->0 (0 outputs) fusion_components=0 visual_only=0 lidar_only=0 fixed_size=0 size_reject=0
[lvdot_detector_main-7] [INFO] [1776908264.285464854] [lvdot_detector_node]: get_dynamic_obstacles responded with 0 obstacles from 0 tracked dynamic boxes.
[lvdot_detector_main-7] [INFO] [1776908265.421067064] [lvdot_detector_node]: Input health: depth=501 color=913 lidar=13 pose=9177 odom=9195 yolo=156 depth_pose_sync=0 lidar_pose_sync=0 depth_odom_sync=0 lidar_odom_sync=0
[lvdot_detector_main-7] [INFO] [1776908265.421139332] [lvdot_detector_node]: Stage timers: detection=235 lidar_detection=4175 tracking=5948 classification=5914 vis=4795
[lvdot_detector_main-7] [INFO] [1776908265.421156803] [lvdot_detector_node]: Processing phases: detection=run_core lidar_detection=run_lidar_detector/project tracking=waiting_filtered_bboxes classification=idle
[lvdot_detector_main-7] [INFO] [1776908265.421168354] [lvdot_detector_node]: Pipeline stats: depth_samples=178/71300 u_map=3 depth_boxes=0 u_map_merge=0 u_map_db=0 u_map_visual=0 u_map_fused=0 u_map_filtered=0 lidar_samples=2253/156990 uv=0 db=2 lidar=2 fused=2 filtered=2 tracks=0 dynamic=0 dyn_points=0 raw_dyn_points=0 service=1/0 split=2->0 (2 outputs) fusion_components=2 visual_only=0 lidar_only=2 fixed_size=0 size_reject=0
