[INFO] [launch]: All log files can be found below /home/skbt2/.ros/log/2026-04-24-09-29-30-790734-DESKTOP-90MQDL6-41617
[INFO] [launch]: Default logging verbosity is set to INFO
[INFO] [gazebo-1]: process started with pid [41673]
[INFO] [parameter_bridge-2]: process started with pid [41674]
[INFO] [pedestrian_state_publisher-3]: process started with pid [41675]
[INFO] [uav_trajectory_controller-4]: process started with pid [41676]
[INFO] [image_pointcloud_relay-5]: process started with pid [41677]
[INFO] [image_pointcloud_relay-6]: process started with pid [41678]
[INFO] [lvdot_yolo_node-7]: process started with pid [41679]
[INFO] [lvdot_detector_main-8]: process started with pid [41680]
[parameter_bridge-2] [INFO] [1776994171.052926652] [ros_gz_bridge]: Creating GZ->ROS Bridge: [/rgbd_camera/image (gz.msgs.Image) -> /rgbd_camera/image (sensor_msgs/msg/Image)] (Lazy 0)
[parameter_bridge-2] [INFO] [1776994171.057273980] [ros_gz_bridge]: Creating GZ->ROS Bridge: [/rgbd_camera/camera_info (gz.msgs.CameraInfo) -> /rgbd_camera/camera_info (sensor_msgs/msg/CameraInfo)] (Lazy 0)
[parameter_bridge-2] [INFO] [1776994171.058728698] [ros_gz_bridge]: Creating GZ->ROS Bridge: [/rgbd_camera/depth_image (gz.msgs.Image) -> /rgbd_camera/depth_image (sensor_msgs/msg/Image)] (Lazy 0)
[parameter_bridge-2] [INFO] [1776994171.059502110] [ros_gz_bridge]: Creating GZ->ROS Bridge: [/rgbd_camera/points (gz.msgs.PointCloudPacked) -> /rgbd_camera/points (sensor_msgs/msg/PointCloud2)] (Lazy 0)
[parameter_bridge-2] [INFO] [1776994171.060731087] [ros_gz_bridge]: Creating GZ->ROS Bridge: [/camera/imu (gz.msgs.IMU) -> /camera/imu (sensor_msgs/msg/Imu)] (Lazy 0)
[parameter_bridge-2] [INFO] [1776994171.062092436] [ros_gz_bridge]: Creating ROS->GZ service bridge [/world/pedestrian_prototype/set_pose (ros_gz_interfaces/srv/SetEntityPose -> /)]
[parameter_bridge-2] [INFO] [1776994171.064043569] [ros_gz_bridge]: Creating ROS->GZ service bridge [/world/pedestrian_prototype/set_pose/blocking (ros_gz_interfaces/srv/SetEntityPose -> /)]
[lvdot_detector_main-8] [INFO] [1776994171.248779731] [lvdot_detector_node]: Config loaded: localization_mode=0 dt=0.033 image=640x480 depth_range=[0.50, 5.00] stage_timers=true
[lvdot_detector_main-8] [INFO] [1776994171.285388304] [lvdot_detector_node]: LV-DOT ROS2 skeleton started. depth=/camera/depth/image_rect_raw color=/camera/color/image_raw lidar=/pointcloud pose=/mavros/local_position/pose odom=/mavros/local_position/odom yolo=/yolo_detector/detected_bounding_boxes
[gazebo-1] [INFO] [1776994172.203953334] [pedestrian_pose_sync_system]: Configured pedestrian pose sync plugin on topic [/pedestrian_sim/agent_states] for 8 models.
[uav_trajectory_controller-4] [WARN] [1776994172.291917238] [uav_trajectory_controller]: SetEntityPose service /world/pedestrian_prototype/set_pose/blocking is unavailable; UAV state publication is paused until Gazebo pose control is reachable.
[lvdot_detector_main-8] [INFO] [1776994173.285909356] [lvdot_detector_node]: Input health: depth=0 color=0 lidar=0 pose=0 odom=0 yolo=0 depth_pose_sync=0 lidar_pose_sync=0 depth_odom_sync=0 lidar_odom_sync=0
[lvdot_detector_main-8] [INFO] [1776994173.286117784] [lvdot_detector_node]: Stage timers: detection=60 lidar_detection=60 tracking=60 classification=60 vis=60
[lvdot_detector_main-8] [INFO] [1776994173.286147157] [lvdot_detector_node]: Processing phases: detection=waiting_sensor_pose lidar_detection=waiting_new_lidar tracking=waiting_new_filtered_update classification=waiting_new_tracking_update
[lvdot_detector_main-8] [INFO] [1776994173.286162621] [lvdot_detector_node]: Pipeline stats: depth_samples=0/0 u_map=0 depth_boxes=0 u_map_merge=0 u_map_db=0 u_map_visual=0 u_map_fused=0 u_map_filtered=0 lidar_samples=0/0 uv=0 db=0 lidar=0 fused=0 filtered=0 tracks=0 dynamic=0 dyn_points=0 raw_dyn_points=0 service=0/0 split=0->0 (0 outputs) fusion_components=0 visual_only=0 lidar_only=0 yolo_in=0 yolo_match3d=0 yolo_match_det=0 yolo_human=0 fixed_size=0 size_reject=0
[uav_trajectory_controller-4] [WARN] [1776994175.396579218] [uav_trajectory_controller]: SetEntityPose request timed out after 0.60s on /world/pedestrian_prototype/set_pose/blocking; dropping the pending request and retrying.
[uav_trajectory_controller-4] [WARN] [1776994175.397213617] [uav_trajectory_controller]: Falling back from /world/pedestrian_prototype/set_pose/blocking to /world/pedestrian_prototype/set_pose.
[lvdot_detector_main-8] [INFO] [1776994179.288978350] [lvdot_detector_node]: Input health: depth=18 color=23 lidar=9 pose=31 odom=31 yolo=12 depth_pose_sync=0 lidar_pose_sync=0 depth_odom_sync=0 lidar_odom_sync=0
[lvdot_detector_main-8] [INFO] [1776994179.289041704] [lvdot_detector_node]: Stage timers: detection=141 lidar_detection=153 tracking=242 classification=242 vis=242
[lvdot_detector_main-8] [INFO] [1776994179.289053299] [lvdot_detector_node]: Processing phases: detection=run_core lidar_detection=run_lidar_detector/downsample tracking=waiting_new_filtered_update classification=waiting_new_tracking_update
[lvdot_detector_main-8] [INFO] [1776994179.289062296] [lvdot_detector_node]: Pipeline stats: depth_samples=1478/71300 u_map=2 depth_boxes=0 u_map_merge=0 u_map_db=0 u_map_visual=0 u_map_fused=0 u_map_filtered=0 lidar_samples=3223/119369 uv=1 db=10 lidar=11 fused=1 filtered=1 tracks=1 dynamic=0 dyn_points=0 raw_dyn_points=0 service=0/0 split=1->0 (1 outputs) fusion_components=1 visual_only=1 lidar_only=0 yolo_in=0 yolo_match3d=0 yolo_match_det=0 yolo_human=0 fixed_size=0 size_reject=0
[lvdot_detector_main-8] [INFO] [1776994185.299588611] [lvdot_detector_node]: Input health: depth=47 color=52 lidar=24 pose=79 odom=78 yolo=31 depth_pose_sync=0 lidar_pose_sync=0 depth_odom_sync=0 lidar_odom_sync=0
[lvdot_detector_main-8] [INFO] [1776994185.299658266] [lvdot_detector_node]: Stage timers: detection=149 lidar_detection=155 tracking=421 classification=421 vis=413
[lvdot_detector_main-8] [INFO] [1776994185.299673554] [lvdot_detector_node]: Processing phases: detection=run_core lidar_detection=run_lidar_detector/dbscan tracking=waiting_new_filtered_update classification=waiting_new_tracking_update
[lvdot_detector_main-8] [INFO] [1776994185.299688078] [lvdot_detector_node]: Pipeline stats: depth_samples=1294/71300 u_map=5 depth_boxes=0 u_map_merge=0 u_map_db=0 u_map_visual=0 u_map_fused=0 u_map_filtered=0 lidar_samples=3469/148212 uv=2 db=16 lidar=12 fused=14 filtered=14 tracks=14 dynamic=0 dyn_points=0 raw_dyn_points=0 service=0/0 split=14->0 (14 outputs) fusion_components=14 visual_only=2 lidar_only=12 yolo_in=1 yolo_match3d=0 yolo_match_det=0 yolo_human=0 fixed_size=0 size_reject=0
[lvdot_detector_main-8] [INFO] [1776994191.300204876] [lvdot_detector_node]: Input health: depth=94 color=94 lidar=35 pose=127 odom=127 yolo=51 depth_pose_sync=0 lidar_pose_sync=0 depth_odom_sync=0 lidar_odom_sync=0
[lvdot_detector_main-8] [INFO] [1776994191.300312776] [lvdot_detector_node]: Stage timers: detection=156 lidar_detection=157 tracking=603 classification=603 vis=580
[lvdot_detector_main-8] [INFO] [1776994191.300327976] [lvdot_detector_node]: Processing phases: detection=run_core lidar_detection=run_lidar_detector/dbscan tracking=waiting_new_filtered_update classification=waiting_new_tracking_update
[lvdot_detector_main-8] [INFO] [1776994191.300336976] [lvdot_detector_node]: Pipeline stats: depth_samples=1322/71300 u_map=0 depth_boxes=0 u_map_merge=0 u_map_db=0 u_map_visual=0 u_map_fused=0 u_map_filtered=0 lidar_samples=3378/130136 uv=0 db=14 lidar=69 fused=69 filtered=69 tracks=69 dynamic=0 dyn_points=0 raw_dyn_points=0 service=0/0 split=69->0 (69 outputs) fusion_components=69 visual_only=0 lidar_only=69 yolo_in=0 yolo_match3d=0 yolo_match_det=0 yolo_human=0 fixed_size=0 size_reject=0
[lvdot_detector_main-8] [INFO] [1776994197.288817363] [lvdot_detector_node]: Input health: depth=118 color=126 lidar=47 pose=175 odom=175 yolo=71 depth_pose_sync=0 lidar_pose_sync=0 depth_odom_sync=0 lidar_odom_sync=0
[lvdot_detector_main-8] [INFO] [1776994197.288880619] [lvdot_detector_node]: Stage timers: detection=164 lidar_detection=162 tracking=783 classification=782 vis=760
[lvdot_detector_main-8] [INFO] [1776994197.288891701] [lvdot_detector_node]: Processing phases: detection=run_core lidar_detection=run_lidar_detector/project tracking=waiting_new_filtered_update classification=waiting_new_tracking_update
[lvdot_detector_main-8] [INFO] [1776994197.288900331] [lvdot_detector_node]: Pipeline stats: depth_samples=1435/71300 u_map=2 depth_boxes=0 u_map_merge=0 u_map_db=0 u_map_visual=0 u_map_fused=0 u_map_filtered=0 lidar_samples=3430/119972 uv=0 db=10 lidar=18 fused=17 filtered=17 tracks=17 dynamic=0 dyn_points=0 raw_dyn_points=0 service=0/0 split=17->0 (17 outputs) fusion_components=17 visual_only=0 lidar_only=17 yolo_in=2 yolo_match3d=0 yolo_match_det=0 yolo_human=0 fixed_size=0 size_reject=0
[lvdot_detector_main-8] [INFO] [1776994204.052452830] [lvdot_detector_node]: Input health: depth=140 color=155 lidar=59 pose=223 odom=223 yolo=90 depth_pose_sync=0 lidar_pose_sync=0 depth_odom_sync=0 lidar_odom_sync=0
[lvdot_detector_main-8] [INFO] [1776994204.052559647] [lvdot_detector_node]: Stage timers: detection=172 lidar_detection=164 tracking=964 classification=964 vis=931
[lvdot_detector_main-8] [INFO] [1776994204.052574625] [lvdot_detector_node]: Processing phases: detection=run_core lidar_detection=run_lidar_detector/dbscan tracking=idle classification=waiting_new_tracking_update
[lvdot_detector_main-8] [INFO] [1776994204.052584775] [lvdot_detector_node]: Pipeline stats: depth_samples=1345/71300 u_map=3 depth_boxes=0 u_map_merge=0 u_map_db=0 u_map_visual=0 u_map_fused=0 u_map_filtered=0 lidar_samples=3160/131576 uv=0 db=11 lidar=23 fused=23 filtered=23 tracks=23 dynamic=0 dyn_points=0 raw_dyn_points=0 service=0/0 split=23->0 (23 outputs) fusion_components=23 visual_only=0 lidar_only=23 yolo_in=0 yolo_match3d=0 yolo_match_det=0 yolo_human=0 fixed_size=0 size_reject=0
[lvdot_detector_main-8] [INFO] [1776994210.023278871] [lvdot_detector_node]: Input health: depth=166 color=187 lidar=69 pose=271 odom=271 yolo=104 depth_pose_sync=0 lidar_pose_sync=0 depth_odom_sync=0 lidar_odom_sync=0
[lvdot_detector_main-8] [INFO] [1776994210.023338629] [lvdot_detector_node]: Stage timers: detection=179 lidar_detection=166 tracking=1145 classification=1143 vis=1084
[lvdot_detector_main-8] [INFO] [1776994210.023350074] [lvdot_detector_node]: Processing phases: detection=run_core lidar_detection=run_lidar_detector/dbscan tracking=waiting_new_filtered_update classification=waiting_new_tracking_update
[lvdot_detector_main-8] [INFO] [1776994210.023359268] [lvdot_detector_node]: Pipeline stats: depth_samples=1316/71300 u_map=0 depth_boxes=0 u_map_merge=0 u_map_db=0 u_map_visual=0 u_map_fused=0 u_map_filtered=0 lidar_samples=3495/115862 uv=0 db=9 lidar=74 fused=74 filtered=74 tracks=74 dynamic=0 dyn_points=0 raw_dyn_points=0 service=0/0 split=74->0 (74 outputs) fusion_components=74 visual_only=0 lidar_only=74 yolo_in=0 yolo_match3d=0 yolo_match_det=0 yolo_human=0 fixed_size=0 size_reject=0
[lvdot_detector_main-8] [INFO] [1776994216.034728438] [lvdot_detector_node]: Input health: depth=181 color=215 lidar=77 pose=319 odom=319 yolo=118 depth_pose_sync=0 lidar_pose_sync=0 depth_odom_sync=0 lidar_odom_sync=0
[lvdot_detector_main-8] [INFO] [1776994216.034803938] [lvdot_detector_node]: Stage timers: detection=186 lidar_detection=169 tracking=1327 classification=1325 vis=1260
[lvdot_detector_main-8] [INFO] [1776994216.034814938] [lvdot_detector_node]: Processing phases: detection=run_core lidar_detection=run_lidar_detector/downsample tracking=waiting_new_filtered_update classification=waiting_new_tracking_update
[lvdot_detector_main-8] [INFO] [1776994216.034823938] [lvdot_detector_node]: Pipeline stats: depth_samples=1479/71300 u_map=4 depth_boxes=0 u_map_merge=0 u_map_db=0 u_map_visual=0 u_map_fused=0 u_map_filtered=0 lidar_samples=3466/121749 uv=1 db=15 lidar=17 fused=9 filtered=9 tracks=9 dynamic=1 dyn_points=42 raw_dyn_points=0 service=0/0 split=9->0 (9 outputs) fusion_components=9 visual_only=1 lidar_only=8 yolo_in=4 yolo_match3d=1 yolo_match_det=1 yolo_human=1 fixed_size=0 size_reject=0
[lvdot_detector_main-8] [INFO] [1776994220.762369367] [lvdot_detector_node]: get_dynamic_obstacles responded with 2 obstacles from 2 tracked dynamic boxes.
[lvdot_detector_main-8] [INFO] [1776994222.045426989] [lvdot_detector_node]: Input health: depth=202 color=235 lidar=88 pose=368 odom=368 yolo=129 depth_pose_sync=0 lidar_pose_sync=0 depth_odom_sync=0 lidar_odom_sync=0
[lvdot_detector_main-8] [INFO] [1776994222.045515189] [lvdot_detector_node]: Stage timers: detection=193 lidar_detection=171 tracking=1508 classification=1506 vis=1405
[lvdot_detector_main-8] [INFO] [1776994222.045529289] [lvdot_detector_node]: Processing phases: detection=run_core lidar_detection=run_lidar_detector/dbscan tracking=waiting_new_filtered_update classification=waiting_new_tracking_update
[lvdot_detector_main-8] [INFO] [1776994222.045540089] [lvdot_detector_node]: Pipeline stats: depth_samples=1330/71300 u_map=4 depth_boxes=0 u_map_merge=0 u_map_db=0 u_map_visual=0 u_map_fused=0 u_map_filtered=0 lidar_samples=3344/136341 uv=2 db=11 lidar=71 fused=25 filtered=25 tracks=25 dynamic=1 dyn_points=64 raw_dyn_points=0 service=1/2 split=25->0 (25 outputs) fusion_components=25 visual_only=2 lidar_only=23 yolo_in=2 yolo_match3d=2 yolo_match_det=2 yolo_human=2 fixed_size=0 size_reject=1
[lvdot_detector_main-8] [INFO] [1776994223.794429687] [lvdot_detector_node]: get_dynamic_obstacles responded with 0 obstacles from 0 tracked dynamic boxes.
[lvdot_detector_main-8] [INFO] [1776994227.064990144] [lvdot_detector_node]: get_dynamic_obstacles responded with 0 obstacles from 0 tracked dynamic boxes.
[lvdot_detector_main-8] [INFO] [1776994228.023189203] [lvdot_detector_node]: Input health: depth=230 color=261 lidar=98 pose=416 odom=415 yolo=142 depth_pose_sync=0 lidar_pose_sync=0 depth_odom_sync=0 lidar_odom_sync=0
[lvdot_detector_main-8] [INFO] [1776994228.023276230] [lvdot_detector_node]: Stage timers: detection=200 lidar_detection=173 tracking=1686 classification=1681 vis=1563
[lvdot_detector_main-8] [INFO] [1776994228.023293578] [lvdot_detector_node]: Processing phases: detection=run_core lidar_detection=run_lidar_detector/dbscan tracking=waiting_new_filtered_update classification=waiting_new_tracking_update
[lvdot_detector_main-8] [INFO] [1776994228.023306370] [lvdot_detector_node]: Pipeline stats: depth_samples=1316/71300 u_map=0 depth_boxes=0 u_map_merge=0 u_map_db=0 u_map_visual=0 u_map_fused=0 u_map_filtered=0 lidar_samples=3078/116151 uv=0 db=9 lidar=12 fused=12 filtered=12 tracks=12 dynamic=0 dyn_points=0 raw_dyn_points=0 service=3/0 split=12->0 (12 outputs) fusion_components=12 visual_only=0 lidar_only=12 yolo_in=0 yolo_match3d=0 yolo_match_det=0 yolo_human=0 fixed_size=0 size_reject=0
[lvdot_detector_main-8] [INFO] [1776994233.457072422] [lvdot_detector_node]: get_dynamic_obstacles responded with 1 obstacles from 1 tracked dynamic boxes.
[lvdot_detector_main-8] [INFO] [1776994234.025543660] [lvdot_detector_node]: Input health: depth=248 color=279 lidar=114 pose=463 odom=463 yolo=153 depth_pose_sync=0 lidar_pose_sync=0 depth_odom_sync=0 lidar_odom_sync=0
[lvdot_detector_main-8] [INFO] [1776994234.025637795] [lvdot_detector_node]: Stage timers: detection=208 lidar_detection=176 tracking=1867 classification=1863 vis=1736
[lvdot_detector_main-8] [INFO] [1776994234.025649612] [lvdot_detector_node]: Processing phases: detection=run_core lidar_detection=run_lidar_detector/project tracking=waiting_new_filtered_update classification=waiting_new_tracking_update
[lvdot_detector_main-8] [INFO] [1776994234.025658277] [lvdot_detector_node]: Pipeline stats: depth_samples=1251/71300 u_map=4 depth_boxes=0 u_map_merge=0 u_map_db=0 u_map_visual=0 u_map_fused=0 u_map_filtered=0 lidar_samples=3363/127409 uv=3 db=10 lidar=20 fused=20 filtered=21 tracks=21 dynamic=2 dyn_points=162 raw_dyn_points=364 service=5/1 split=20->1 (21 outputs) fusion_components=20 visual_only=3 lidar_only=17 yolo_in=4 yolo_match3d=2 yolo_match_det=3 yolo_human=3 fixed_size=0 size_reject=1
[lvdot_detector_main-8] [INFO] [1776994239.374027035] [lvdot_detector_node]: get_dynamic_obstacles responded with 0 obstacles from 0 tracked dynamic boxes.
[lvdot_detector_main-8] [INFO] [1776994240.745212206] [lvdot_detector_node]: Input health: depth=266 color=309 lidar=122 pose=512 odom=512 yolo=166 depth_pose_sync=0 lidar_pose_sync=0 depth_odom_sync=0 lidar_odom_sync=0
[lvdot_detector_main-8] [INFO] [1776994240.745278706] [lvdot_detector_node]: Stage timers: detection=215 lidar_detection=178 tracking=2048 classification=2045 vis=1882
[lvdot_detector_main-8] [INFO] [1776994240.745291606] [lvdot_detector_node]: Processing phases: detection=run_core lidar_detection=run_lidar_detector/project tracking=waiting_new_filtered_update classification=waiting_new_tracking_update
[lvdot_detector_main-8] [INFO] [1776994240.745301306] [lvdot_detector_node]: Pipeline stats: depth_samples=1469/71300 u_map=2 depth_boxes=0 u_map_merge=0 u_map_db=0 u_map_visual=0 u_map_fused=0 u_map_filtered=0 lidar_samples=3433/181291 uv=1 db=14 lidar=22 fused=6 filtered=6 tracks=6 dynamic=1 dyn_points=0 raw_dyn_points=211 service=6/0 split=6->0 (6 outputs) fusion_components=6 visual_only=1 lidar_only=5 yolo_in=1 yolo_match3d=1 yolo_match_det=1 yolo_human=1 fixed_size=0 size_reject=0
[lvdot_detector_main-8] [INFO] [1776994242.492387405] [lvdot_detector_node]: get_dynamic_obstacles responded with 0 obstacles from 0 tracked dynamic boxes.
[lvdot_detector_main-8] [INFO] [1776994246.740302521] [lvdot_detector_node]: Input health: depth=293 color=325 lidar=132 pose=560 odom=560 yolo=176 depth_pose_sync=0 lidar_pose_sync=0 depth_odom_sync=0 lidar_odom_sync=0
[lvdot_detector_main-8] [INFO] [1776994246.740403921] [lvdot_detector_node]: Stage timers: detection=222 lidar_detection=180 tracking=2228 classification=2225 vis=2035
[lvdot_detector_main-8] [INFO] [1776994246.740420021] [lvdot_detector_node]: Processing phases: detection=run_core lidar_detection=run_lidar_detector/dbscan tracking=waiting_new_filtered_update classification=waiting_new_tracking_update
[lvdot_detector_main-8] [INFO] [1776994246.740430621] [lvdot_detector_node]: Pipeline stats: depth_samples=1316/71300 u_map=0 depth_boxes=0 u_map_merge=0 u_map_db=0 u_map_visual=0 u_map_fused=0 u_map_filtered=0 lidar_samples=3339/112869 uv=0 db=9 lidar=8 fused=8 filtered=8 tracks=8 dynamic=0 dyn_points=0 raw_dyn_points=0 service=8/0 split=8->0 (8 outputs) fusion_components=8 visual_only=0 lidar_only=8 yolo_in=0 yolo_match3d=0 yolo_match_det=0 yolo_human=0 fixed_size=0 size_reject=0
[lvdot_detector_main-8] [INFO] [1776994247.923025150] [lvdot_detector_node]: get_dynamic_obstacles responded with 0 obstacles from 0 tracked dynamic boxes.
[lvdot_detector_main-8] [INFO] [1776994251.690724869] [lvdot_detector_node]: get_dynamic_obstacles responded with 2 obstacles from 2 tracked dynamic boxes.
[lvdot_detector_main-8] [INFO] [1776994252.738091370] [lvdot_detector_node]: Input health: depth=311 color=346 lidar=138 pose=608 odom=608 yolo=189 depth_pose_sync=0 lidar_pose_sync=0 depth_odom_sync=0 lidar_odom_sync=0
[lvdot_detector_main-8] [INFO] [1776994252.738174054] [lvdot_detector_node]: Stage timers: detection=229 lidar_detection=182 tracking=2410 classification=2407 vis=2205
[lvdot_detector_main-8] [INFO] [1776994252.738183679] [lvdot_detector_node]: Processing phases: detection=run_core lidar_detection=run_lidar_detector/dbscan tracking=waiting_new_filtered_update classification=waiting_new_tracking_update
[lvdot_detector_main-8] [INFO] [1776994252.738189912] [lvdot_detector_node]: Pipeline stats: depth_samples=1192/71300 u_map=3 depth_boxes=0 u_map_merge=0 u_map_db=0 u_map_visual=0 u_map_fused=0 u_map_filtered=0 lidar_samples=3186/122234 uv=2 db=8 lidar=17 fused=19 filtered=19 tracks=19 dynamic=1 dyn_points=106 raw_dyn_points=76 service=10/2 split=19->0 (19 outputs) fusion_components=19 visual_only=2 lidar_only=17 yolo_in=3 yolo_match3d=1 yolo_match_det=1 yolo_human=1 fixed_size=0 size_reject=0
[lvdot_detector_main-8] [INFO] [1776994258.290726441] [lvdot_detector_node]: get_dynamic_obstacles responded with 2 obstacles from 2 tracked dynamic boxes.
[lvdot_detector_main-8] [INFO] [1776994258.740245438] [lvdot_detector_node]: Input health: depth=321 color=370 lidar=143 pose=656 odom=656 yolo=201 depth_pose_sync=0 lidar_pose_sync=0 depth_odom_sync=0 lidar_odom_sync=0
[lvdot_detector_main-8] [INFO] [1776994258.740358638] [lvdot_detector_node]: Stage timers: detection=236 lidar_detection=185 tracking=2590 classification=2588 vis=2361
[lvdot_detector_main-8] [INFO] [1776994258.740383638] [lvdot_detector_node]: Processing phases: detection=run_core lidar_detection=run_lidar_detector/project tracking=waiting_new_filtered_update classification=waiting_new_tracking_update
[lvdot_detector_main-8] [INFO] [1776994258.740394238] [lvdot_detector_node]: Pipeline stats: depth_samples=1423/71300 u_map=2 depth_boxes=0 u_map_merge=0 u_map_db=0 u_map_visual=0 u_map_fused=0 u_map_filtered=0 lidar_samples=3066/131334 uv=0 db=16 lidar=17 fused=15 filtered=15 tracks=15 dynamic=0 dyn_points=0 raw_dyn_points=0 service=12/2 split=15->0 (15 outputs) fusion_components=15 visual_only=0 lidar_only=15 yolo_in=1 yolo_match3d=0 yolo_match_det=0 yolo_human=0 fixed_size=0 size_reject=0
[lvdot_detector_main-8] [INFO] [1776994263.525073627] [lvdot_detector_node]: get_dynamic_obstacles responded with 0 obstacles from 0 tracked dynamic boxes.
[lvdot_detector_main-8] [INFO] [1776994264.741986948] [lvdot_detector_node]: Input health: depth=343 color=405 lidar=150 pose=704 odom=704 yolo=214 depth_pose_sync=0 lidar_pose_sync=0 depth_odom_sync=0 lidar_odom_sync=0
[lvdot_detector_main-8] [INFO] [1776994264.742090448] [lvdot_detector_node]: Stage timers: detection=243 lidar_detection=187 tracking=2767 classification=2764 vis=2522
[lvdot_detector_main-8] [INFO] [1776994264.742102348] [lvdot_detector_node]: Processing phases: detection=run_core lidar_detection=run_lidar_detector/dbscan tracking=waiting_new_filtered_update classification=waiting_new_tracking_update
[lvdot_detector_main-8] [INFO] [1776994264.742110848] [lvdot_detector_node]: Pipeline stats: depth_samples=1349/71300 u_map=0 depth_boxes=0 u_map_merge=0 u_map_db=0 u_map_visual=0 u_map_fused=0 u_map_filtered=0 lidar_samples=3408/126365 uv=0 db=9 lidar=68 fused=69 filtered=69 tracks=69 dynamic=0 dyn_points=0 raw_dyn_points=0 service=13/0 split=69->0 (69 outputs) fusion_components=69 visual_only=0 lidar_only=69 yolo_in=0 yolo_match3d=0 yolo_match_det=0 yolo_human=0 fixed_size=0 size_reject=0
[lvdot_detector_main-8] [INFO] [1776994270.141281890] [lvdot_detector_node]: get_dynamic_obstacles responded with 4 obstacles from 4 tracked dynamic boxes.
[lvdot_detector_main-8] [INFO] [1776994271.431511966] [lvdot_detector_node]: Input health: depth=362 color=424 lidar=153 pose=753 odom=753 yolo=225 depth_pose_sync=0 lidar_pose_sync=0 depth_odom_sync=0 lidar_odom_sync=0
[lvdot_detector_main-8] [INFO] [1776994271.431586142] [lvdot_detector_node]: Stage timers: detection=250 lidar_detection=189 tracking=2948 classification=2945 vis=2685
[lvdot_detector_main-8] [INFO] [1776994271.431595795] [lvdot_detector_node]: Processing phases: detection=run_core lidar_detection=run_lidar_detector/dbscan tracking=waiting_new_filtered_update classification=waiting_new_tracking_update
[lvdot_detector_main-8] [INFO] [1776994271.431602494] [lvdot_detector_node]: Pipeline stats: depth_samples=1254/71300 u_map=2 depth_boxes=0 u_map_merge=0 u_map_db=0 u_map_visual=0 u_map_fused=0 u_map_filtered=0 lidar_samples=3371/155853 uv=1 db=12 lidar=51 fused=52 filtered=52 tracks=52 dynamic=0 dyn_points=0 raw_dyn_points=0 service=15/4 split=52->0 (52 outputs) fusion_components=52 visual_only=1 lidar_only=51 yolo_in=1 yolo_match3d=1 yolo_match_det=1 yolo_human=1 fixed_size=0 size_reject=1
[lvdot_detector_main-8] [INFO] [1776994276.176080048] [lvdot_detector_node]: get_dynamic_obstacles responded with 0 obstacles from 0 tracked dynamic boxes.
[lvdot_detector_main-8] [INFO] [1776994277.431457418] [lvdot_detector_node]: Input health: depth=390 color=448 lidar=160 pose=801 odom=801 yolo=237 depth_pose_sync=0 lidar_pose_sync=0 depth_odom_sync=0 lidar_odom_sync=0
[lvdot_detector_main-8] [INFO] [1776994277.431535702] [lvdot_detector_node]: Stage timers: detection=258 lidar_detection=192 tracking=3130 classification=3125 vis=2844
[lvdot_detector_main-8] [INFO] [1776994277.431544960] [lvdot_detector_node]: Processing phases: detection=run_core lidar_detection=run_lidar_detector/project tracking=waiting_new_filtered_update classification=idle
[lvdot_detector_main-8] [INFO] [1776994277.431551193] [lvdot_detector_node]: Pipeline stats: depth_samples=1346/71300 u_map=2 depth_boxes=0 u_map_merge=0 u_map_db=0 u_map_visual=0 u_map_fused=0 u_map_filtered=0 lidar_samples=3063/125816 uv=1 db=10 lidar=13 fused=16 filtered=16 tracks=16 dynamic=0 dyn_points=0 raw_dyn_points=0 service=17/0 split=16->0 (16 outputs) fusion_components=16 visual_only=1 lidar_only=15 yolo_in=1 yolo_match3d=0 yolo_match_det=0 yolo_human=0 fixed_size=0 size_reject=0
[lvdot_detector_main-8] [INFO] [1776994279.812726763] [lvdot_detector_node]: get_dynamic_obstacles responded with 0 obstacles from 0 tracked dynamic boxes.
[lvdot_detector_main-8] [INFO] [1776994283.431733033] [lvdot_detector_node]: Input health: depth=416 color=475 lidar=169 pose=849 odom=849 yolo=248 depth_pose_sync=0 lidar_pose_sync=0 depth_odom_sync=0 lidar_odom_sync=0
[lvdot_detector_main-8] [INFO] [1776994283.431814932] [lvdot_detector_node]: Stage timers: detection=265 lidar_detection=194 tracking=3311 classification=3307 vis=3021
[lvdot_detector_main-8] [INFO] [1776994283.431832432] [lvdot_detector_node]: Processing phases: detection=run_core lidar_detection=run_lidar_detector/dbscan tracking=waiting_new_filtered_update classification=waiting_new_tracking_update
[lvdot_detector_main-8] [INFO] [1776994283.431841832] [lvdot_detector_node]: Pipeline stats: depth_samples=1415/71300 u_map=1 depth_boxes=0 u_map_merge=0 u_map_db=0 u_map_visual=0 u_map_fused=0 u_map_filtered=0 lidar_samples=3365/107937 uv=1 db=9 lidar=4 fused=11 filtered=11 tracks=11 dynamic=0 dyn_points=0 raw_dyn_points=0 service=19/0 split=11->0 (11 outputs) fusion_components=11 visual_only=1 lidar_only=10 yolo_in=0 yolo_match3d=0 yolo_match_det=0 yolo_human=0 fixed_size=0 size_reject=0
[lvdot_detector_main-8] [INFO] [1776994285.646419649] [lvdot_detector_node]: get_dynamic_obstacles responded with 0 obstacles from 0 tracked dynamic boxes.
[lvdot_detector_main-8] [INFO] [1776994289.443347495] [lvdot_detector_node]: Input health: depth=437 color=494 lidar=180 pose=897 odom=897 yolo=260 depth_pose_sync=0 lidar_pose_sync=0 depth_odom_sync=0 lidar_odom_sync=0
[lvdot_detector_main-8] [INFO] [1776994289.443432895] [lvdot_detector_node]: Stage timers: detection=273 lidar_detection=197 tracking=3490 classification=3489 vis=3191
[lvdot_detector_main-8] [INFO] [1776994289.443442795] [lvdot_detector_node]: Processing phases: detection=run_core lidar_detection=run_lidar_detector/decode tracking=idle classification=waiting_new_tracking_update
[lvdot_detector_main-8] [INFO] [1776994289.443449495] [lvdot_detector_node]: Pipeline stats: depth_samples=1260/71300 u_map=2 depth_boxes=0 u_map_merge=0 u_map_db=0 u_map_visual=0 u_map_fused=0 u_map_filtered=0 lidar_samples=3168/128114 uv=1 db=10 lidar=22 fused=23 filtered=23 tracks=23 dynamic=1 dyn_points=140 raw_dyn_points=85 service=20/0 split=23->1 (23 outputs) fusion_components=23 visual_only=1 lidar_only=22 yolo_in=2 yolo_match3d=1 yolo_match_det=2 yolo_human=1 fixed_size=0 size_reject=4
[lvdot_detector_main-8] [INFO] [1776994291.069407923] [lvdot_detector_node]: get_dynamic_obstacles responded with 2 obstacles from 2 tracked dynamic boxes.
[lvdot_detector_main-8] [INFO] [1776994294.509843239] [lvdot_detector_node]: get_dynamic_obstacles responded with 0 obstacles from 0 tracked dynamic boxes.
[lvdot_detector_main-8] [INFO] [1776994295.465714431] [lvdot_detector_node]: Input health: depth=466 color=524 lidar=187 pose=945 odom=945 yolo=274 depth_pose_sync=0 lidar_pose_sync=0 depth_odom_sync=0 lidar_odom_sync=0
[lvdot_detector_main-8] [INFO] [1776994295.465797631] [lvdot_detector_node]: Stage timers: detection=280 lidar_detection=199 tracking=3667 classification=3652 vis=3348
[lvdot_detector_main-8] [INFO] [1776994295.465839731] [lvdot_detector_node]: Processing phases: detection=run_core lidar_detection=run_lidar_detector/project tracking=waiting_new_filtered_update classification=run_core
[lvdot_detector_main-8] [INFO] [1776994295.465862131] [lvdot_detector_node]: Pipeline stats: depth_samples=1328/71300 u_map=1 depth_boxes=0 u_map_merge=0 u_map_db=0 u_map_visual=0 u_map_fused=0 u_map_filtered=0 lidar_samples=3310/153009 uv=2 db=10 lidar=57 fused=59 filtered=59 tracks=59 dynamic=0 dyn_points=0 raw_dyn_points=0 service=22/0 split=59->0 (59 outputs) fusion_components=59 visual_only=2 lidar_only=57 yolo_in=0 yolo_match3d=0 yolo_match_det=0 yolo_human=0 fixed_size=0 size_reject=0
[lvdot_detector_main-8] [INFO] [1776994300.100797119] [lvdot_detector_node]: get_dynamic_obstacles responded with 0 obstacles from 0 tracked dynamic boxes.
[lvdot_detector_main-8] [INFO] [1776994302.132398240] [lvdot_detector_node]: Input health: depth=493 color=549 lidar=190 pose=993 odom=993 yolo=286 depth_pose_sync=0 lidar_pose_sync=0 depth_odom_sync=0 lidar_odom_sync=0
[lvdot_detector_main-8] [INFO] [1776994302.132481574] [lvdot_detector_node]: Stage timers: detection=287 lidar_detection=204 tracking=3840 classification=3810 vis=3503
[lvdot_detector_main-8] [INFO] [1776994302.132491807] [lvdot_detector_node]: Processing phases: detection=run_core lidar_detection=run_lidar_detector/project tracking=waiting_new_filtered_update classification=waiting_new_tracking_update
[lvdot_detector_main-8] [INFO] [1776994302.132498891] [lvdot_detector_node]: Pipeline stats: depth_samples=1415/71300 u_map=2 depth_boxes=0 u_map_merge=0 u_map_db=0 u_map_visual=0 u_map_fused=0 u_map_filtered=0 lidar_samples=3371/107910 uv=2 db=13 lidar=4 fused=59 filtered=59 tracks=59 dynamic=0 dyn_points=0 raw_dyn_points=0 service=23/0 split=59->0 (59 outputs) fusion_components=59 visual_only=2 lidar_only=57 yolo_in=0 yolo_match3d=0 yolo_match_det=0 yolo_human=0 fixed_size=0 size_reject=0
[lvdot_detector_main-8] [INFO] [1776994303.539475918] [lvdot_detector_node]: get_dynamic_obstacles responded with 1 obstacles from 1 tracked dynamic boxes.
[lvdot_detector_main-8] [INFO] [1776994306.914571099] [lvdot_detector_node]: get_dynamic_obstacles responded with 1 obstacles from 1 tracked dynamic boxes.
[lvdot_detector_main-8] [INFO] [1776994308.132412519] [lvdot_detector_node]: Input health: depth=510 color=568 lidar=200 pose=1041 odom=1041 yolo=296 depth_pose_sync=0 lidar_pose_sync=0 depth_odom_sync=0 lidar_odom_sync=0
[lvdot_detector_main-8] [INFO] [1776994308.132496619] [lvdot_detector_node]: Stage timers: detection=296 lidar_detection=206 tracking=4020 classification=3991 vis=3658
[lvdot_detector_main-8] [INFO] [1776994308.132507119] [lvdot_detector_node]: Processing phases: detection=run_core lidar_detection=run_lidar_detector/dbscan tracking=waiting_new_filtered_update classification=waiting_new_tracking_update
[lvdot_detector_main-8] [INFO] [1776994308.132514519] [lvdot_detector_node]: Pipeline stats: depth_samples=1452/71300 u_map=3 depth_boxes=0 u_map_merge=0 u_map_db=0 u_map_visual=0 u_map_fused=0 u_map_filtered=0 lidar_samples=2941/215806 uv=0 db=12 lidar=7 fused=17 filtered=17 tracks=17 dynamic=0 dyn_points=0 raw_dyn_points=0 service=25/1 split=17->0 (17 outputs) fusion_components=17 visual_only=0 lidar_only=17 yolo_in=6 yolo_match3d=0 yolo_match_det=0 yolo_human=0 fixed_size=0 size_reject=0
[lvdot_detector_main-8] [INFO] [1776994312.771104704] [lvdot_detector_node]: get_dynamic_obstacles responded with 0 obstacles from 0 tracked dynamic boxes.
[lvdot_detector_main-8] [INFO] [1776994314.149578988] [lvdot_detector_node]: Input health: depth=532 color=596 lidar=203 pose=1089 odom=1089 yolo=308 depth_pose_sync=0 lidar_pose_sync=0 depth_odom_sync=0 lidar_odom_sync=0
[lvdot_detector_main-8] [INFO] [1776994314.149651688] [lvdot_detector_node]: Stage timers: detection=303 lidar_detection=208 tracking=4200 classification=4171 vis=3793
[lvdot_detector_main-8] [INFO] [1776994314.149664688] [lvdot_detector_node]: Processing phases: detection=run_core lidar_detection=run_lidar_detector/dbscan tracking=idle classification=waiting_new_tracking_update
[lvdot_detector_main-8] [INFO] [1776994314.149675288] [lvdot_detector_node]: Pipeline stats: depth_samples=1565/71300 u_map=2 depth_boxes=0 u_map_merge=0 u_map_db=0 u_map_visual=0 u_map_fused=0 u_map_filtered=0 lidar_samples=3472/136628 uv=1 db=17 lidar=63 fused=64 filtered=64 tracks=64 dynamic=0 dyn_points=0 raw_dyn_points=0 service=27/0 split=64->0 (64 outputs) fusion_components=64 visual_only=1 lidar_only=63 yolo_in=1 yolo_match3d=1 yolo_match_det=1 yolo_human=1 fixed_size=0 size_reject=0
[lvdot_detector_main-8] [INFO] [1776994315.832469702] [lvdot_detector_node]: get_dynamic_obstacles responded with 0 obstacles from 0 tracked dynamic boxes.
[lvdot_detector_main-8] [INFO] [1776994318.888046825] [lvdot_detector_node]: get_dynamic_obstacles responded with 0 obstacles from 0 tracked dynamic boxes.
[lvdot_detector_main-8] [INFO] [1776994320.141445838] [lvdot_detector_node]: Input health: depth=561 color=623 lidar=209 pose=1137 odom=1137 yolo=322 depth_pose_sync=0 lidar_pose_sync=0 depth_odom_sync=0 lidar_odom_sync=0
[lvdot_detector_main-8] [INFO] [1776994320.141550038] [lvdot_detector_node]: Stage timers: detection=310 lidar_detection=225 tracking=4382 classification=4349 vis=3957
[lvdot_detector_main-8] [INFO] [1776994320.141563038] [lvdot_detector_node]: Processing phases: detection=run_core lidar_detection=run_lidar_detector/dbscan tracking=waiting_new_filtered_update classification=waiting_new_tracking_update
[lvdot_detector_main-8] [INFO] [1776994320.141573138] [lvdot_detector_node]: Pipeline stats: depth_samples=1470/71300 u_map=2 depth_boxes=0 u_map_merge=0 u_map_db=0 u_map_visual=0 u_map_fused=0 u_map_filtered=0 lidar_samples=3395/108198 uv=1 db=11 lidar=2 fused=3 filtered=3 tracks=3 dynamic=0 dyn_points=0 raw_dyn_points=0 service=29/0 split=3->0 (3 outputs) fusion_components=3 visual_only=1 lidar_only=2 yolo_in=3 yolo_match3d=0 yolo_match_det=0 yolo_human=0 fixed_size=0 size_reject=0
[lvdot_detector_main-8] [INFO] [1776994326.141529592] [lvdot_detector_node]: Input health: depth=580 color=651 lidar=221 pose=1185 odom=1185 yolo=338 depth_pose_sync=0 lidar_pose_sync=0 depth_odom_sync=0 lidar_odom_sync=0
[lvdot_detector_main-8] [INFO] [1776994326.141609771] [lvdot_detector_node]: Stage timers: detection=318 lidar_detection=228 tracking=4563 classification=4529 vis=4131
[lvdot_detector_main-8] [INFO] [1776994326.141619638] [lvdot_detector_node]: Processing phases: detection=run_core lidar_detection=run_lidar_detector/project tracking=idle classification=waiting_new_tracking_update
[lvdot_detector_main-8] [INFO] [1776994326.141626535] [lvdot_detector_node]: Pipeline stats: depth_samples=1323/58650 u_map=3 depth_boxes=0 u_map_merge=0 u_map_db=0 u_map_visual=0 u_map_fused=0 u_map_filtered=0 lidar_samples=3162/161074 uv=1 db=10 lidar=15 fused=63 filtered=63 tracks=63 dynamic=0 dyn_points=0 raw_dyn_points=0 service=30/1 split=63->1 (63 outputs) fusion_components=63 visual_only=0 lidar_only=62 yolo_in=4 yolo_match3d=2 yolo_match_det=3 yolo_human=1 fixed_size=0 size_reject=0
[lvdot_detector_main-8] [INFO] [1776994332.132433878] [lvdot_detector_node]: Input health: depth=616 color=678 lidar=234 pose=1233 odom=1233 yolo=352 depth_pose_sync=0 lidar_pose_sync=0 depth_odom_sync=0 lidar_odom_sync=0
[lvdot_detector_main-8] [INFO] [1776994332.132500278] [lvdot_detector_node]: Stage timers: detection=325 lidar_detection=230 tracking=4742 classification=4709 vis=4290
[lvdot_detector_main-8] [INFO] [1776994332.132512278] [lvdot_detector_node]: Processing phases: detection=run_core lidar_detection=run_lidar_detector/downsample tracking=waiting_new_filtered_update classification=waiting_new_tracking_update
[lvdot_detector_main-8] [INFO] [1776994332.132521278] [lvdot_detector_node]: Pipeline stats: depth_samples=1268/71300 u_map=2 depth_boxes=0 u_map_merge=0 u_map_db=0 u_map_visual=0 u_map_fused=0 u_map_filtered=0 lidar_samples=3257/138821 uv=2 db=11 lidar=20 fused=21 filtered=21 tracks=21 dynamic=1 dyn_points=32 raw_dyn_points=0 service=30/1 split=21->0 (21 outputs) fusion_components=21 visual_only=2 lidar_only=19 yolo_in=1 yolo_match3d=1 yolo_match_det=1 yolo_human=1 fixed_size=0 size_reject=0
[lvdot_detector_main-8] [INFO] [1776994338.820198767] [lvdot_detector_node]: Input health: depth=644 color=708 lidar=244 pose=1282 odom=1282 yolo=372 depth_pose_sync=0 lidar_pose_sync=0 depth_odom_sync=0 lidar_odom_sync=0
[lvdot_detector_main-8] [INFO] [1776994338.820302228] [lvdot_detector_node]: Stage timers: detection=333 lidar_detection=232 tracking=4923 classification=4891 vis=4458
[lvdot_detector_main-8] [INFO] [1776994338.820320469] [lvdot_detector_node]: Processing phases: detection=run_core lidar_detection=run_lidar_detector/dbscan tracking=waiting_new_filtered_update classification=waiting_new_tracking_update
[lvdot_detector_main-8] [INFO] [1776994338.820333127] [lvdot_detector_node]: Pipeline stats: depth_samples=1551/71300 u_map=1 depth_boxes=0 u_map_merge=0 u_map_db=0 u_map_visual=0 u_map_fused=0 u_map_filtered=0 lidar_samples=3371/107788 uv=1 db=10 lidar=4 fused=5 filtered=5 tracks=5 dynamic=0 dyn_points=0 raw_dyn_points=0 service=30/1 split=5->0 (5 outputs) fusion_components=5 visual_only=1 lidar_only=4 yolo_in=3 yolo_match3d=0 yolo_match_det=0 yolo_human=0 fixed_size=0 size_reject=0
[lvdot_detector_main-8] [INFO] [1776994344.821962128] [lvdot_detector_node]: Input health: depth=667 color=736 lidar=259 pose=1330 odom=1330 yolo=388 depth_pose_sync=0 lidar_pose_sync=0 depth_odom_sync=0 lidar_odom_sync=0
[lvdot_detector_main-8] [INFO] [1776994344.822033261] [lvdot_detector_node]: Stage timers: detection=341 lidar_detection=235 tracking=5103 classification=5073 vis=4627
[lvdot_detector_main-8] [INFO] [1776994344.822047195] [lvdot_detector_node]: Processing phases: detection=run_core lidar_detection=run_lidar_detector/project tracking=waiting_new_filtered_update classification=waiting_new_tracking_update
[lvdot_detector_main-8] [INFO] [1776994344.822057095] [lvdot_detector_node]: Pipeline stats: depth_samples=887/49209 u_map=3 depth_boxes=0 u_map_merge=0 u_map_db=0 u_map_visual=0 u_map_fused=0 u_map_filtered=0 lidar_samples=3152/196652 uv=2 db=6 lidar=5 fused=7 filtered=7 tracks=7 dynamic=3 dyn_points=228 raw_dyn_points=582 service=30/1 split=7->1 (7 outputs) fusion_components=7 visual_only=2 lidar_only=5 yolo_in=4 yolo_match3d=3 yolo_match_det=4 yolo_human=3 fixed_size=0 size_reject=0
[lvdot_detector_main-8] [INFO] [1776994350.821999762] [lvdot_detector_node]: Input health: depth=701 color=775 lidar=271 pose=1378 odom=1378 yolo=406 depth_pose_sync=0 lidar_pose_sync=0 depth_odom_sync=0 lidar_odom_sync=0
[lvdot_detector_main-8] [INFO] [1776994350.822095821] [lvdot_detector_node]: Stage timers: detection=349 lidar_detection=237 tracking=5282 classification=5254 vis=4784
[lvdot_detector_main-8] [INFO] [1776994350.822119208] [lvdot_detector_node]: Processing phases: detection=run_core lidar_detection=run_lidar_detector/dbscan tracking=waiting_new_filtered_update classification=waiting_new_tracking_update
[lvdot_detector_main-8] [INFO] [1776994350.822137955] [lvdot_detector_node]: Pipeline stats: depth_samples=1081/71300 u_map=1 depth_boxes=0 u_map_merge=0 u_map_db=0 u_map_visual=0 u_map_fused=0 u_map_filtered=0 lidar_samples=3161/138900 uv=1 db=11 lidar=15 fused=16 filtered=16 tracks=16 dynamic=0 dyn_points=0 raw_dyn_points=0 service=30/1 split=16->0 (16 outputs) fusion_components=16 visual_only=1 lidar_only=15 yolo_in=0 yolo_match3d=0 yolo_match_det=0 yolo_human=0 fixed_size=0 size_reject=0
[lvdot_detector_main-8] [INFO] [1776994356.828607660] [lvdot_detector_node]: Input health: depth=740 color=821 lidar=288 pose=1426 odom=1426 yolo=426 depth_pose_sync=0 lidar_pose_sync=0 depth_odom_sync=0 lidar_odom_sync=0
[lvdot_detector_main-8] [INFO] [1776994356.828674760] [lvdot_detector_node]: Stage timers: detection=357 lidar_detection=240 tracking=5462 classification=5434 vis=4958
[lvdot_detector_main-8] [INFO] [1776994356.828685760] [lvdot_detector_node]: Processing phases: detection=run_core lidar_detection=run_lidar_detector/project tracking=waiting_new_filtered_update classification=waiting_new_tracking_update
[lvdot_detector_main-8] [INFO] [1776994356.828694860] [lvdot_detector_node]: Pipeline stats: depth_samples=1504/71300 u_map=2 depth_boxes=0 u_map_merge=0 u_map_db=0 u_map_visual=0 u_map_fused=0 u_map_filtered=0 lidar_samples=3269/121524 uv=0 db=12 lidar=21 fused=21 filtered=21 tracks=21 dynamic=2 dyn_points=133 raw_dyn_points=0 service=30/1 split=21->0 (21 outputs) fusion_components=21 visual_only=0 lidar_only=21 yolo_in=2 yolo_match3d=2 yolo_match_det=2 yolo_human=2 fixed_size=0 size_reject=0
[lvdot_detector_main-8] [INFO] [1776994362.822312317] [lvdot_detector_node]: Input health: depth=759 color=852 lidar=297 pose=1474 odom=1474 yolo=444 depth_pose_sync=0 lidar_pose_sync=0 depth_odom_sync=0 lidar_odom_sync=0
[lvdot_detector_main-8] [INFO] [1776994362.822415592] [lvdot_detector_node]: Stage timers: detection=364 lidar_detection=242 tracking=5643 classification=5614 vis=5129
[lvdot_detector_main-8] [INFO] [1776994362.822427649] [lvdot_detector_node]: Processing phases: detection=run_core lidar_detection=run_lidar_detector/dbscan tracking=waiting_new_filtered_update classification=waiting_new_tracking_update
[lvdot_detector_main-8] [INFO] [1776994362.822436642] [lvdot_detector_node]: Pipeline stats: depth_samples=1378/71300 u_map=5 depth_boxes=0 u_map_merge=0 u_map_db=0 u_map_visual=0 u_map_fused=0 u_map_filtered=0 lidar_samples=3285/161073 uv=3 db=10 lidar=11 fused=22 filtered=22 tracks=22 dynamic=1 dyn_points=19 raw_dyn_points=0 service=30/1 split=22->1 (22 outputs) fusion_components=22 visual_only=2 lidar_only=19 yolo_in=3 yolo_match3d=1 yolo_match_det=2 yolo_human=1 fixed_size=0 size_reject=0
[lvdot_detector_main-8] [INFO] [1776994369.528344320] [lvdot_detector_node]: Input health: depth=785 color=884 lidar=305 pose=1522 odom=1522 yolo=463 depth_pose_sync=0 lidar_pose_sync=0 depth_odom_sync=0 lidar_odom_sync=0
[lvdot_detector_main-8] [INFO] [1776994369.528407221] [lvdot_detector_node]: Stage timers: detection=371 lidar_detection=244 tracking=5825 classification=5789 vis=5290
[lvdot_detector_main-8] [INFO] [1776994369.528418639] [lvdot_detector_node]: Processing phases: detection=run_core lidar_detection=run_lidar_detector/dbscan tracking=waiting_new_filtered_update classification=waiting_new_tracking_update
[lvdot_detector_main-8] [INFO] [1776994369.528427954] [lvdot_detector_node]: Pipeline stats: depth_samples=1035/71300 u_map=1 depth_boxes=0 u_map_merge=0 u_map_db=0 u_map_visual=0 u_map_fused=0 u_map_filtered=0 lidar_samples=3236/121940 uv=0 db=12 lidar=17 fused=17 filtered=17 tracks=17 dynamic=0 dyn_points=0 raw_dyn_points=0 service=30/1 split=17->0 (17 outputs) fusion_components=17 visual_only=0 lidar_only=17 yolo_in=0 yolo_match3d=0 yolo_match_det=0 yolo_human=0 fixed_size=0 size_reject=0
[lvdot_detector_main-8] [INFO] [1776994375.531307193] [lvdot_detector_node]: Input health: depth=809 color=918 lidar=314 pose=1570 odom=1570 yolo=479 depth_pose_sync=0 lidar_pose_sync=0 depth_odom_sync=0 lidar_odom_sync=0
[lvdot_detector_main-8] [INFO] [1776994375.531369985] [lvdot_detector_node]: Stage timers: detection=379 lidar_detection=247 tracking=6007 classification=5967 vis=5461
[lvdot_detector_main-8] [INFO] [1776994375.531380802] [lvdot_detector_node]: Processing phases: detection=run_core lidar_detection=run_lidar_detector/project tracking=waiting_new_filtered_update classification=waiting_new_tracking_update
[lvdot_detector_main-8] [INFO] [1776994375.531389327] [lvdot_detector_node]: Pipeline stats: depth_samples=1510/71300 u_map=3 depth_boxes=0 u_map_merge=0 u_map_db=0 u_map_visual=0 u_map_fused=0 u_map_filtered=0 lidar_samples=3183/122037 uv=0 db=11 lidar=13 fused=13 filtered=13 tracks=13 dynamic=1 dyn_points=85 raw_dyn_points=557 service=30/1 split=13->0 (13 outputs) fusion_components=13 visual_only=0 lidar_only=13 yolo_in=3 yolo_match3d=1 yolo_match_det=1 yolo_human=1 fixed_size=0 size_reject=0
[lvdot_detector_main-8] [INFO] [1776994381.532071266] [lvdot_detector_node]: Input health: depth=837 color=946 lidar=328 pose=1618 odom=1618 yolo=498 depth_pose_sync=0 lidar_pose_sync=0 depth_odom_sync=0 lidar_odom_sync=0
[lvdot_detector_main-8] [INFO] [1776994381.533020066] [lvdot_detector_node]: Stage timers: detection=387 lidar_detection=249 tracking=6189 classification=6149 vis=5622
[lvdot_detector_main-8] [INFO] [1776994381.533530766] [lvdot_detector_node]: Processing phases: detection=run_core lidar_detection=run_lidar_detector/dbscan tracking=waiting_new_filtered_update classification=waiting_new_tracking_update
[lvdot_detector_main-8] [INFO] [1776994381.534017165] [lvdot_detector_node]: Pipeline stats: depth_samples=1547/71300 u_map=3 depth_boxes=0 u_map_merge=0 u_map_db=0 u_map_visual=0 u_map_fused=0 u_map_filtered=0 lidar_samples=2994/186214 uv=1 db=15 lidar=6 fused=7 filtered=7 tracks=7 dynamic=1 dyn_points=32 raw_dyn_points=51 service=30/1 split=7->0 (7 outputs) fusion_components=7 visual_only=1 lidar_only=6 yolo_in=4 yolo_match3d=1 yolo_match_det=1 yolo_human=1 fixed_size=0 size_reject=0
[lvdot_detector_main-8] [INFO] [1776994387.535965865] [lvdot_detector_node]: Input health: depth=868 color=973 lidar=333 pose=1666 odom=1666 yolo=510 depth_pose_sync=0 lidar_pose_sync=0 depth_odom_sync=0 lidar_odom_sync=0
[lvdot_detector_main-8] [INFO] [1776994387.536061670] [lvdot_detector_node]: Stage timers: detection=394 lidar_detection=251 tracking=6370 classification=6331 vis=5770
[lvdot_detector_main-8] [INFO] [1776994387.536074234] [lvdot_detector_node]: Processing phases: detection=run_core lidar_detection=run_lidar_detector/dbscan tracking=waiting_new_filtered_update classification=waiting_new_tracking_update
[lvdot_detector_main-8] [INFO] [1776994387.536083756] [lvdot_detector_node]: Pipeline stats: depth_samples=1322/71300 u_map=0 depth_boxes=0 u_map_merge=0 u_map_db=0 u_map_visual=0 u_map_fused=0 u_map_filtered=0 lidar_samples=3438/175507 uv=0 db=14 lidar=7 fused=7 filtered=7 tracks=7 dynamic=0 dyn_points=0 raw_dyn_points=0 service=30/1 split=7->0 (7 outputs) fusion_components=7 visual_only=0 lidar_only=7 yolo_in=1 yolo_match3d=0 yolo_match_det=0 yolo_human=0 fixed_size=0 size_reject=0
[lvdot_detector_main-8] [INFO] [1776994393.543917019] [lvdot_detector_node]: Input health: depth=887 color=998 lidar=342 pose=1711 odom=1711 yolo=522 depth_pose_sync=0 lidar_pose_sync=0 depth_odom_sync=0 lidar_odom_sync=0
[lvdot_detector_main-8] [INFO] [1776994393.543982433] [lvdot_detector_node]: Stage timers: detection=402 lidar_detection=254 tracking=6551 classification=6512 vis=5937
[lvdot_detector_main-8] [INFO] [1776994393.543993368] [lvdot_detector_node]: Processing phases: detection=run_core lidar_detection=run_lidar_detector/project tracking=waiting_new_filtered_update classification=waiting_new_tracking_update
[lvdot_detector_main-8] [INFO] [1776994393.544002017] [lvdot_detector_node]: Pipeline stats: depth_samples=1382/71300 u_map=3 depth_boxes=0 u_map_merge=0 u_map_db=0 u_map_visual=0 u_map_fused=0 u_map_filtered=0 lidar_samples=3180/134339 uv=1 db=11 lidar=26 fused=4 filtered=4 tracks=4 dynamic=0 dyn_points=0 raw_dyn_points=0 service=30/1 split=4->0 (4 outputs) fusion_components=4 visual_only=1 lidar_only=3 yolo_in=1 yolo_match3d=0 yolo_match_det=0 yolo_human=0 fixed_size=0 size_reject=0
[lvdot_detector_main-8] [INFO] [1776994399.532598940] [lvdot_detector_node]: Input health: depth=902 color=1014 lidar=350 pose=1759 odom=1759 yolo=533 depth_pose_sync=0 lidar_pose_sync=0 depth_odom_sync=0 lidar_odom_sync=0
[lvdot_detector_main-8] [INFO] [1776994399.532657212] [lvdot_detector_node]: Stage timers: detection=408 lidar_detection=256 tracking=6721 classification=6684 vis=6089
[lvdot_detector_main-8] [INFO] [1776994399.532668488] [lvdot_detector_node]: Processing phases: detection=run_core lidar_detection=run_lidar_detector/downsample tracking=waiting_new_filtered_update classification=waiting_new_tracking_update
[lvdot_detector_main-8] [INFO] [1776994399.532677368] [lvdot_detector_node]: Pipeline stats: depth_samples=1580/71300 u_map=4 depth_boxes=0 u_map_merge=0 u_map_db=0 u_map_visual=0 u_map_fused=0 u_map_filtered=0 lidar_samples=3039/173293 uv=2 db=15 lidar=14 fused=20 filtered=20 tracks=20 dynamic=1 dyn_points=93 raw_dyn_points=0 service=30/1 split=20->0 (20 outputs) fusion_components=20 visual_only=2 lidar_only=18 yolo_in=4 yolo_match3d=1 yolo_match_det=1 yolo_human=1 fixed_size=0 size_reject=0
[uav_trajectory_controller-4] [WARN] [1776994400.229214301] [uav_trajectory_controller]: SetEntityPose request timed out after 0.70s on /world/pedestrian_prototype/set_pose; dropping the pending request and retrying.
[lvdot_detector_main-8] [INFO] [1776994406.213171097] [lvdot_detector_node]: Input health: depth=931 color=1041 lidar=358 pose=1806 odom=1806 yolo=549 depth_pose_sync=0 lidar_pose_sync=0 depth_odom_sync=0 lidar_odom_sync=0
[lvdot_detector_main-8] [INFO] [1776994406.213273573] [lvdot_detector_node]: Stage timers: detection=415 lidar_detection=258 tracking=6903 classification=6862 vis=6237
[lvdot_detector_main-8] [INFO] [1776994406.213289837] [lvdot_detector_node]: Processing phases: detection=run_core lidar_detection=run_lidar_detector/dbscan tracking=waiting_new_filtered_update classification=waiting_new_tracking_update
[lvdot_detector_main-8] [INFO] [1776994406.213300314] [lvdot_detector_node]: Pipeline stats: depth_samples=1322/71300 u_map=0 depth_boxes=0 u_map_merge=0 u_map_db=0 u_map_visual=0 u_map_fused=0 u_map_filtered=0 lidar_samples=3202/124288 uv=0 db=14 lidar=12 fused=12 filtered=12 tracks=12 dynamic=0 dyn_points=0 raw_dyn_points=0 service=30/1 split=12->0 (12 outputs) fusion_components=12 visual_only=0 lidar_only=12 yolo_in=0 yolo_match3d=0 yolo_match_det=0 yolo_human=0 fixed_size=0 size_reject=0
[lvdot_detector_main-8] [INFO] [1776994410.164522958] [lvdot_detector_node]: get_dynamic_obstacles responded with 0 obstacles from 0 tracked dynamic boxes.
[lvdot_detector_main-8] [INFO] [1776994412.219626494] [lvdot_detector_node]: Input health: depth=963 color=1068 lidar=370 pose=1854 odom=1854 yolo=560 depth_pose_sync=0 lidar_pose_sync=0 depth_odom_sync=0 lidar_odom_sync=0
[lvdot_detector_main-8] [INFO] [1776994412.219736994] [lvdot_detector_node]: Stage timers: detection=423 lidar_detection=261 tracking=7083 classification=7042 vis=6414
[lvdot_detector_main-8] [INFO] [1776994412.219755294] [lvdot_detector_node]: Processing phases: detection=run_core lidar_detection=run_lidar_detector/project tracking=waiting_new_filtered_update classification=waiting_new_tracking_update
[lvdot_detector_main-8] [INFO] [1776994412.219776194] [lvdot_detector_node]: Pipeline stats: depth_samples=1454/71300 u_map=3 depth_boxes=0 u_map_merge=0 u_map_db=0 u_map_visual=0 u_map_fused=0 u_map_filtered=0 lidar_samples=3216/123455 uv=2 db=11 lidar=17 fused=5 filtered=5 tracks=5 dynamic=1 dyn_points=80 raw_dyn_points=0 service=31/0 split=5->0 (5 outputs) fusion_components=5 visual_only=2 lidar_only=3 yolo_in=3 yolo_match3d=1 yolo_match_det=1 yolo_human=1 fixed_size=0 size_reject=0
[lvdot_detector_main-8] [INFO] [1776994418.227539134] [lvdot_detector_node]: Input health: depth=990 color=1095 lidar=382 pose=1902 odom=1902 yolo=575 depth_pose_sync=0 lidar_pose_sync=0 depth_odom_sync=0 lidar_odom_sync=0
[lvdot_detector_main-8] [INFO] [1776994418.227622654] [lvdot_detector_node]: Stage timers: detection=430 lidar_detection=263 tracking=7265 classification=7224 vis=6574
[lvdot_detector_main-8] [INFO] [1776994418.227636235] [lvdot_detector_node]: Processing phases: detection=run_core lidar_detection=run_lidar_detector/dbscan tracking=waiting_new_filtered_update classification=waiting_new_tracking_update
[lvdot_detector_main-8] [INFO] [1776994418.227645838] [lvdot_detector_node]: Pipeline stats: depth_samples=1385/71300 u_map=2 depth_boxes=0 u_map_merge=0 u_map_db=0 u_map_visual=0 u_map_fused=0 u_map_filtered=0 lidar_samples=2985/169661 uv=2 db=11 lidar=18 fused=20 filtered=20 tracks=20 dynamic=0 dyn_points=0 raw_dyn_points=0 service=31/0 split=20->0 (20 outputs) fusion_components=20 visual_only=2 lidar_only=18 yolo_in=4 yolo_match3d=0 yolo_match_det=0 yolo_human=0 fixed_size=0 size_reject=0
[lvdot_detector_main-8] [INFO] [1776994424.216054771] [lvdot_detector_node]: Input health: depth=1020 color=1118 lidar=387 pose=1950 odom=1950 yolo=586 depth_pose_sync=0 lidar_pose_sync=0 depth_odom_sync=0 lidar_odom_sync=0
[lvdot_detector_main-8] [INFO] [1776994424.216122053] [lvdot_detector_node]: Stage timers: detection=437 lidar_detection=265 tracking=7441 classification=7401 vis=6716
[lvdot_detector_main-8] [INFO] [1776994424.216133663] [lvdot_detector_node]: Processing phases: detection=run_core lidar_detection=run_lidar_detector/dbscan tracking=waiting_new_filtered_update classification=waiting_new_tracking_update
[lvdot_detector_main-8] [INFO] [1776994424.216142892] [lvdot_detector_node]: Pipeline stats: depth_samples=1322/71300 u_map=0 depth_boxes=0 u_map_merge=0 u_map_db=0 u_map_visual=0 u_map_fused=0 u_map_filtered=0 lidar_samples=3255/140243 uv=0 db=14 lidar=16 fused=16 filtered=16 tracks=16 dynamic=0 dyn_points=0 raw_dyn_points=0 service=31/0 split=16->0 (16 outputs) fusion_components=16 visual_only=0 lidar_only=16 yolo_in=1 yolo_match3d=0 yolo_match_det=0 yolo_human=0 fixed_size=0 size_reject=0
