[INFO] [launch]: All log files can be found below /home/skbt2/.ros/log/2026-04-24-11-24-11-855080-DESKTOP-90MQDL6-72984
[INFO] [launch]: Default logging verbosity is set to INFO
[INFO] [gazebo-1]: process started with pid [73018]
[INFO] [parameter_bridge-2]: process started with pid [73019]
[INFO] [pedestrian_state_publisher-3]: process started with pid [73020]
[INFO] [uav_trajectory_controller-4]: process started with pid [73021]
[INFO] [image_pointcloud_relay-5]: process started with pid [73022]
[INFO] [image_pointcloud_relay-6]: process started with pid [73023]
[INFO] [lvdot_yolo_node-7]: process started with pid [73024]
[INFO] [lvdot_detector_main-8]: process started with pid [73025]
[parameter_bridge-2] [INFO] [1777001052.645327702] [ros_gz_bridge]: Creating GZ->ROS Bridge: [/rgbd_camera/image (gz.msgs.Image) -> /rgbd_camera/image (sensor_msgs/msg/Image)] (Lazy 0)
[parameter_bridge-2] [INFO] [1777001052.659572742] [ros_gz_bridge]: Creating GZ->ROS Bridge: [/rgbd_camera/camera_info (gz.msgs.CameraInfo) -> /rgbd_camera/camera_info (sensor_msgs/msg/CameraInfo)] (Lazy 0)
[parameter_bridge-2] [INFO] [1777001052.672288748] [ros_gz_bridge]: Creating GZ->ROS Bridge: [/rgbd_camera/depth_image (gz.msgs.Image) -> /rgbd_camera/depth_image (sensor_msgs/msg/Image)] (Lazy 0)
[parameter_bridge-2] [INFO] [1777001052.673382831] [ros_gz_bridge]: Creating GZ->ROS Bridge: [/rgbd_camera/points (gz.msgs.PointCloudPacked) -> /rgbd_camera/points (sensor_msgs/msg/PointCloud2)] (Lazy 0)
[parameter_bridge-2] [INFO] [1777001052.674790688] [ros_gz_bridge]: Creating GZ->ROS Bridge: [/camera/imu (gz.msgs.IMU) -> /camera/imu (sensor_msgs/msg/Imu)] (Lazy 0)
[parameter_bridge-2] [INFO] [1777001052.675793193] [ros_gz_bridge]: Creating ROS->GZ service bridge [/world/pedestrian_prototype/set_pose (ros_gz_interfaces/srv/SetEntityPose -> /)]
[parameter_bridge-2] [INFO] [1777001052.677306733] [ros_gz_bridge]: Creating ROS->GZ service bridge [/world/pedestrian_prototype/set_pose/blocking (ros_gz_interfaces/srv/SetEntityPose -> /)]
[lvdot_detector_main-8] [INFO] [1777001053.503578864] [lvdot_detector_node]: Config loaded: localization_mode=0 dt=0.033 image=640x480 depth_range=[0.50, 5.00] stage_timers=true vis_stage=false executor_threads=1
[lvdot_detector_main-8] [INFO] [1777001053.674092372] [lvdot_detector_node]: LV-DOT ROS2 skeleton started. depth=/camera/depth/image_rect_raw color=/camera/color/image_raw lidar=/pointcloud pose=/mavros/local_position/pose odom=/mavros/local_position/odom yolo=/yolo_detector/detected_bounding_boxes
[lvdot_detector_main-8] [INFO] [1777001053.674152839] [lvdot_detector_node]: Starting executor with executor_threads=1
[lvdot_detector_main-8] [WARN] [1777001053.674241749] [rclcpp]: MultiThreadedExecutor is used with a single thread.
[lvdot_detector_main-8] Use the SingleThreadedExecutor instead.
[gazebo-1] [INFO] [1777001055.791958780] [pedestrian_pose_sync_system]: Configured pedestrian pose sync plugin on topic [/pedestrian_sim/agent_states] for 8 models.
[lvdot_detector_main-8] [INFO] [1777001058.852076393] [lvdot_detector_node]: Input health: depth=1 color=6 lidar=0 pose=11 odom=11 yolo=0 depth_pose_sync=0 lidar_pose_sync=0 depth_odom_sync=0 lidar_odom_sync=0
[lvdot_detector_main-8] [INFO] [1777001058.852321816] [lvdot_detector_node]: Stage timers: detection=51 lidar_detection=51 tracking=51 classification=51 vis=0
[lvdot_detector_main-8] [INFO] [1777001058.852351782] [lvdot_detector_node]: Processing phases: detection=idle lidar_detection=waiting_new_lidar tracking=idle classification=waiting_new_tracking_update
[lvdot_detector_main-8] [INFO] [1777001058.852365466] [lvdot_detector_node]: Pipeline stats: depth_samples=1072/54240 u_map=3 depth_boxes=0 u_map_merge=0 u_map_db=0 u_map_visual=0 u_map_fused=0 u_map_filtered=0 lidar_samples=0/0 uv=2 db=10 lidar=0 fused=2 filtered=2 tracks=2 dynamic=0 dyn_points=0 raw_dyn_points=0 service=0/0 split=2->0 (2 outputs) fusion_components=2 visual_only=2 lidar_only=0 yolo_in=0 yolo_match3d=0 yolo_match_det=0 yolo_human=0 fixed_size=0 size_reject=0
[uav_trajectory_controller-4] [WARN] [1777001062.396449806] [uav_trajectory_controller]: SetEntityPose request timed out after 0.50s on /world/pedestrian_prototype/set_pose/blocking; dropping the pending request and retrying.
[uav_trajectory_controller-4] [WARN] [1777001062.411589686] [uav_trajectory_controller]: Falling back from /world/pedestrian_prototype/set_pose/blocking to /world/pedestrian_prototype/set_pose.
[lvdot_detector_main-8] [INFO] [1777001066.449893259] [lvdot_detector_node]: Input health: depth=5 color=10 lidar=0 pose=15 odom=15 yolo=1 depth_pose_sync=0 lidar_pose_sync=0 depth_odom_sync=0 lidar_odom_sync=0
[lvdot_detector_main-8] [INFO] [1777001066.455217451] [lvdot_detector_node]: Stage timers: detection=55 lidar_detection=55 tracking=55 classification=55 vis=0
[lvdot_detector_main-8] [INFO] [1777001066.455241395] [lvdot_detector_node]: Processing phases: detection=idle lidar_detection=waiting_new_lidar tracking=idle classification=idle
[lvdot_detector_main-8] [INFO] [1777001066.455255320] [lvdot_detector_node]: Pipeline stats: depth_samples=1650/71300 u_map=2 depth_boxes=0 u_map_merge=0 u_map_db=0 u_map_visual=0 u_map_fused=0 u_map_filtered=0 lidar_samples=0/0 uv=2 db=17 lidar=0 fused=2 filtered=2 tracks=1 dynamic=0 dyn_points=0 raw_dyn_points=0 service=0/0 split=2->0 (2 outputs) fusion_components=2 visual_only=2 lidar_only=0 yolo_in=2 yolo_match3d=1 yolo_match_det=1 yolo_human=1 fixed_size=0 size_reject=0
[lvdot_detector_main-8] [INFO] [1777001076.262942591] [lvdot_detector_node]: Input health: depth=9 color=14 lidar=0 pose=19 odom=19 yolo=5 depth_pose_sync=0 lidar_pose_sync=0 depth_odom_sync=0 lidar_odom_sync=0
[lvdot_detector_main-8] [INFO] [1777001076.263005179] [lvdot_detector_node]: Stage timers: detection=59 lidar_detection=59 tracking=59 classification=59 vis=0
[lvdot_detector_main-8] [INFO] [1777001076.263040585] [lvdot_detector_node]: Processing phases: detection=idle lidar_detection=waiting_new_lidar tracking=waiting_filtered_bboxes classification=idle
[lvdot_detector_main-8] [INFO] [1777001076.263092842] [lvdot_detector_node]: Pipeline stats: depth_samples=1335/71300 u_map=1 depth_boxes=0 u_map_merge=0 u_map_db=0 u_map_visual=0 u_map_fused=0 u_map_filtered=0 lidar_samples=0/0 uv=1 db=10 lidar=0 fused=1 filtered=1 tracks=0 dynamic=1 dyn_points=0 raw_dyn_points=0 service=0/0 split=1->0 (1 outputs) fusion_components=1 visual_only=1 lidar_only=0 yolo_in=3 yolo_match3d=0 yolo_match_det=0 yolo_human=0 fixed_size=0 size_reject=0
[lvdot_detector_main-8] [INFO] [1777001085.039108617] [lvdot_detector_node]: Input health: depth=13 color=18 lidar=0 pose=23 odom=23 yolo=9 depth_pose_sync=0 lidar_pose_sync=0 depth_odom_sync=0 lidar_odom_sync=0
[lvdot_detector_main-8] [INFO] [1777001085.039208957] [lvdot_detector_node]: Stage timers: detection=63 lidar_detection=63 tracking=63 classification=63 vis=0
[lvdot_detector_main-8] [INFO] [1777001085.039232881] [lvdot_detector_node]: Processing phases: detection=idle lidar_detection=waiting_new_lidar tracking=idle classification=idle
[lvdot_detector_main-8] [INFO] [1777001085.039247808] [lvdot_detector_node]: Pipeline stats: depth_samples=1453/71300 u_map=2 depth_boxes=0 u_map_merge=0 u_map_db=0 u_map_visual=0 u_map_fused=0 u_map_filtered=0 lidar_samples=0/0 uv=1 db=13 lidar=0 fused=1 filtered=1 tracks=2 dynamic=1 dyn_points=0 raw_dyn_points=0 service=0/0 split=1->0 (1 outputs) fusion_components=1 visual_only=1 lidar_only=0 yolo_in=3 yolo_match3d=1 yolo_match_det=1 yolo_human=1 fixed_size=0 size_reject=0
[lvdot_detector_main-8] [INFO] [1777001093.527613947] [lvdot_detector_node]: Input health: depth=17 color=22 lidar=0 pose=27 odom=27 yolo=13 depth_pose_sync=0 lidar_pose_sync=0 depth_odom_sync=0 lidar_odom_sync=0
[lvdot_detector_main-8] [INFO] [1777001093.527677017] [lvdot_detector_node]: Stage timers: detection=67 lidar_detection=67 tracking=67 classification=67 vis=0
[lvdot_detector_main-8] [INFO] [1777001093.527758579] [lvdot_detector_node]: Processing phases: detection=idle lidar_detection=waiting_new_lidar tracking=idle classification=idle
[lvdot_detector_main-8] [INFO] [1777001093.527779069] [lvdot_detector_node]: Pipeline stats: depth_samples=1377/71300 u_map=1 depth_boxes=0 u_map_merge=0 u_map_db=0 u_map_visual=0 u_map_fused=0 u_map_filtered=0 lidar_samples=0/0 uv=1 db=10 lidar=0 fused=1 filtered=1 tracks=1 dynamic=1 dyn_points=0 raw_dyn_points=0 service=0/0 split=1->1 (1 outputs) fusion_components=1 visual_only=1 lidar_only=0 yolo_in=5 yolo_match3d=1 yolo_match_det=2 yolo_human=1 fixed_size=0 size_reject=0
[lvdot_detector_main-8] [INFO] [1777001102.258795464] [lvdot_detector_node]: Input health: depth=21 color=26 lidar=0 pose=31 odom=31 yolo=17 depth_pose_sync=0 lidar_pose_sync=0 depth_odom_sync=0 lidar_odom_sync=0
[lvdot_detector_main-8] [INFO] [1777001102.260959975] [lvdot_detector_node]: Stage timers: detection=71 lidar_detection=71 tracking=71 classification=71 vis=0
[lvdot_detector_main-8] [INFO] [1777001102.260975121] [lvdot_detector_node]: Processing phases: detection=idle lidar_detection=waiting_new_lidar tracking=idle classification=idle
[lvdot_detector_main-8] [INFO] [1777001102.260984750] [lvdot_detector_node]: Pipeline stats: depth_samples=1582/71300 u_map=3 depth_boxes=0 u_map_merge=0 u_map_db=0 u_map_visual=0 u_map_fused=0 u_map_filtered=0 lidar_samples=0/0 uv=2 db=11 lidar=0 fused=2 filtered=3 tracks=1 dynamic=0 dyn_points=0 raw_dyn_points=0 service=0/0 split=2->1 (3 outputs) fusion_components=2 visual_only=2 lidar_only=0 yolo_in=6 yolo_match3d=2 yolo_match_det=4 yolo_human=3 fixed_size=0 size_reject=0
[lvdot_detector_main-8] [INFO] [1777001110.050376989] [lvdot_detector_node]: Input health: depth=25 color=30 lidar=0 pose=35 odom=35 yolo=21 depth_pose_sync=0 lidar_pose_sync=0 depth_odom_sync=0 lidar_odom_sync=0
[lvdot_detector_main-8] [INFO] [1777001110.064403983] [lvdot_detector_node]: Stage timers: detection=75 lidar_detection=75 tracking=75 classification=75 vis=0
[lvdot_detector_main-8] [INFO] [1777001110.064669527] [lvdot_detector_node]: Processing phases: detection=idle lidar_detection=waiting_new_lidar tracking=idle classification=idle
[lvdot_detector_main-8] [INFO] [1777001110.064681766] [lvdot_detector_node]: Pipeline stats: depth_samples=1349/71300 u_map=0 depth_boxes=0 u_map_merge=0 u_map_db=0 u_map_visual=0 u_map_fused=0 u_map_filtered=0 lidar_samples=0/0 uv=0 db=9 lidar=0 fused=0 filtered=0 tracks=1 dynamic=0 dyn_points=0 raw_dyn_points=0 service=0/0 split=0->0 (0 outputs) fusion_components=0 visual_only=0 lidar_only=0 yolo_in=0 yolo_match3d=0 yolo_match_det=0 yolo_human=0 fixed_size=0 size_reject=0
[lvdot_detector_main-8] [INFO] [1777001119.868257670] [lvdot_detector_node]: Input health: depth=27 color=32 lidar=1 pose=37 odom=37 yolo=23 depth_pose_sync=0 lidar_pose_sync=0 depth_odom_sync=0 lidar_odom_sync=0
[lvdot_detector_main-8] [INFO] [1777001119.868337303] [lvdot_detector_node]: Stage timers: detection=77 lidar_detection=77 tracking=77 classification=77 vis=0
[lvdot_detector_main-8] [INFO] [1777001119.868350924] [lvdot_detector_node]: Processing phases: detection=idle lidar_detection=idle tracking=idle classification=waiting_new_tracking_update
[lvdot_detector_main-8] [INFO] [1777001119.868361561] [lvdot_detector_node]: Pipeline stats: depth_samples=1377/71300 u_map=1 depth_boxes=0 u_map_merge=0 u_map_db=0 u_map_visual=0 u_map_fused=0 u_map_filtered=0 lidar_samples=3121/133972 uv=1 db=10 lidar=21 fused=21 filtered=21 tracks=1 dynamic=1 dyn_points=0 raw_dyn_points=0 service=0/0 split=21->0 (21 outputs) fusion_components=21 visual_only=0 lidar_only=20 yolo_in=3 yolo_match3d=3 yolo_match_det=3 yolo_human=3 fixed_size=0 size_reject=0
[lvdot_detector_main-8] [INFO] [1777001132.309909635] [lvdot_detector_node]: Input health: depth=29 color=34 lidar=2 pose=39 odom=39 yolo=25 depth_pose_sync=0 lidar_pose_sync=0 depth_odom_sync=0 lidar_odom_sync=0
[lvdot_detector_main-8] [INFO] [1777001132.310530153] [lvdot_detector_node]: Stage timers: detection=79 lidar_detection=79 tracking=79 classification=79 vis=0
[lvdot_detector_main-8] [INFO] [1777001132.310547192] [lvdot_detector_node]: Processing phases: detection=idle lidar_detection=idle tracking=idle classification=idle
[lvdot_detector_main-8] [INFO] [1777001132.310558017] [lvdot_detector_node]: Pipeline stats: depth_samples=1476/71300 u_map=1 depth_boxes=0 u_map_merge=0 u_map_db=0 u_map_visual=0 u_map_fused=0 u_map_filtered=0 lidar_samples=3337/119237 uv=1 db=10 lidar=13 fused=14 filtered=14 tracks=22 dynamic=2 dyn_points=0 raw_dyn_points=0 service=0/0 split=14->0 (14 outputs) fusion_components=14 visual_only=1 lidar_only=13 yolo_in=3 yolo_match3d=2 yolo_match_det=2 yolo_human=2 fixed_size=0 size_reject=1
[lvdot_detector_main-8] [INFO] [1777001142.817561242] [lvdot_detector_node]: Input health: depth=31 color=36 lidar=3 pose=41 odom=41 yolo=27 depth_pose_sync=0 lidar_pose_sync=0 depth_odom_sync=0 lidar_odom_sync=0
[lvdot_detector_main-8] [INFO] [1777001142.817668618] [lvdot_detector_node]: Stage timers: detection=81 lidar_detection=81 tracking=81 classification=81 vis=0
[lvdot_detector_main-8] [INFO] [1777001142.817680660] [lvdot_detector_node]: Processing phases: detection=idle lidar_detection=idle tracking=idle classification=idle
[lvdot_detector_main-8] [INFO] [1777001142.817690796] [lvdot_detector_node]: Pipeline stats: depth_samples=1446/71300 u_map=2 depth_boxes=0 u_map_merge=0 u_map_db=0 u_map_visual=0 u_map_fused=0 u_map_filtered=0 lidar_samples=3186/119811 uv=2 db=12 lidar=17 fused=18 filtered=18 tracks=14 dynamic=2 dyn_points=0 raw_dyn_points=0 service=0/0 split=18->0 (18 outputs) fusion_components=18 visual_only=1 lidar_only=16 yolo_in=0 yolo_match3d=0 yolo_match_det=0 yolo_human=0 fixed_size=0 size_reject=0
[lvdot_detector_main-8] [INFO] [1777001151.763298784] [lvdot_detector_node]: Input health: depth=35 color=40 lidar=3 pose=45 odom=45 yolo=31 depth_pose_sync=0 lidar_pose_sync=0 depth_odom_sync=0 lidar_odom_sync=0
[lvdot_detector_main-8] [INFO] [1777001151.763777235] [lvdot_detector_node]: Stage timers: detection=85 lidar_detection=85 tracking=85 classification=85 vis=0
[lvdot_detector_main-8] [INFO] [1777001151.763850285] [lvdot_detector_node]: Processing phases: detection=idle lidar_detection=waiting_new_lidar tracking=idle classification=idle
[lvdot_detector_main-8] [INFO] [1777001151.763863007] [lvdot_detector_node]: Pipeline stats: depth_samples=1476/71300 u_map=3 depth_boxes=0 u_map_merge=0 u_map_db=0 u_map_visual=0 u_map_fused=0 u_map_filtered=0 lidar_samples=3186/119811 uv=1 db=11 lidar=17 fused=18 filtered=18 tracks=17 dynamic=0 dyn_points=0 raw_dyn_points=0 service=0/0 split=18->0 (18 outputs) fusion_components=18 visual_only=1 lidar_only=17 yolo_in=2 yolo_match3d=0 yolo_match_det=0 yolo_human=0 fixed_size=0 size_reject=0
[lvdot_detector_main-8] [WARN] [1777001153.948757348] [lvdot_detector_node.rclcpp]: failed to send response to /lvdot_detector_node/get_parameters (timeout): client will not receive response, at ./src/rmw_response.cpp:153, at ./src/rcl/service.c:400
[lvdot_detector_main-8] [WARN] [1777001159.567367051] [lvdot_detector_node.rclcpp]: failed to send response to /lvdot_detector_node/get_parameters (timeout): client will not receive response, at ./src/rmw_response.cpp:153, at ./src/rcl/service.c:400
[lvdot_detector_main-8] [INFO] [1777001163.162056285] [lvdot_detector_node]: Input health: depth=39 color=44 lidar=3 pose=49 odom=49 yolo=35 depth_pose_sync=0 lidar_pose_sync=0 depth_odom_sync=0 lidar_odom_sync=0
[lvdot_detector_main-8] [INFO] [1777001163.162126500] [lvdot_detector_node]: Stage timers: detection=89 lidar_detection=89 tracking=89 classification=89 vis=0
[lvdot_detector_main-8] [INFO] [1777001163.162140823] [lvdot_detector_node]: Processing phases: detection=idle lidar_detection=waiting_new_lidar tracking=idle classification=idle
[lvdot_detector_main-8] [INFO] [1777001163.162151140] [lvdot_detector_node]: Pipeline stats: depth_samples=1389/71300 u_map=0 depth_boxes=0 u_map_merge=0 u_map_db=0 u_map_visual=0 u_map_fused=0 u_map_filtered=0 lidar_samples=3186/119811 uv=0 db=10 lidar=17 fused=17 filtered=17 tracks=20 dynamic=0 dyn_points=0 raw_dyn_points=0 service=0/0 split=17->0 (17 outputs) fusion_components=17 visual_only=0 lidar_only=17 yolo_in=2 yolo_match3d=0 yolo_match_det=0 yolo_human=0 fixed_size=0 size_reject=0
[lvdot_detector_main-8] [INFO] [1777001172.199345365] [lvdot_detector_node]: Input health: depth=43 color=48 lidar=3 pose=53 odom=53 yolo=39 depth_pose_sync=0 lidar_pose_sync=0 depth_odom_sync=0 lidar_odom_sync=0
[lvdot_detector_main-8] [INFO] [1777001172.200229480] [lvdot_detector_node]: Stage timers: detection=93 lidar_detection=93 tracking=93 classification=93 vis=0
[lvdot_detector_main-8] [INFO] [1777001172.200800900] [lvdot_detector_node]: Processing phases: detection=idle lidar_detection=waiting_new_lidar tracking=idle classification=idle
[lvdot_detector_main-8] [INFO] [1777001172.201076779] [lvdot_detector_node]: Pipeline stats: depth_samples=1426/71300 u_map=2 depth_boxes=0 u_map_merge=0 u_map_db=0 u_map_visual=0 u_map_fused=0 u_map_filtered=0 lidar_samples=3186/119811 uv=1 db=11 lidar=17 fused=18 filtered=18 tracks=18 dynamic=0 dyn_points=0 raw_dyn_points=0 service=0/0 split=18->0 (18 outputs) fusion_components=18 visual_only=1 lidar_only=17 yolo_in=3 yolo_match3d=1 yolo_match_det=1 yolo_human=1 fixed_size=17 size_reject=0
[lvdot_detector_main-8] [INFO] [1777001174.740964816] [lvdot_detector_node]: get_dynamic_obstacles responded with 1 obstacles from 1 tracked dynamic boxes.
[lvdot_detector_main-8] [WARN] [1777001174.843375157] [lvdot_detector_node.rclcpp]: failed to send response to /onboard_detector/get_dynamic_obstacles (timeout): client will not receive response, at ./src/rmw_response.cpp:153, at ./src/rcl/service.c:400
[lvdot_detector_main-8] [INFO] [1777001177.764080769] [lvdot_detector_node]: Input health: depth=45 color=50 lidar=3 pose=55 odom=55 yolo=41 depth_pose_sync=0 lidar_pose_sync=0 depth_odom_sync=0 lidar_odom_sync=0
[lvdot_detector_main-8] [INFO] [1777001177.769929812] [lvdot_detector_node]: Stage timers: detection=95 lidar_detection=95 tracking=95 classification=95 vis=0
[lvdot_detector_main-8] [INFO] [1777001177.769952490] [lvdot_detector_node]: Processing phases: detection=idle lidar_detection=waiting_new_lidar tracking=idle classification=idle
[lvdot_detector_main-8] [INFO] [1777001177.769967843] [lvdot_detector_node]: Pipeline stats: depth_samples=1549/71300 u_map=4 depth_boxes=0 u_map_merge=0 u_map_db=0 u_map_visual=0 u_map_fused=0 u_map_filtered=0 lidar_samples=3186/119811 uv=2 db=11 lidar=17 fused=19 filtered=19 tracks=17 dynamic=1 dyn_points=0 raw_dyn_points=0 service=1/1 split=19->0 (19 outputs) fusion_components=19 visual_only=2 lidar_only=17 yolo_in=2 yolo_match3d=0 yolo_match_det=0 yolo_human=0 fixed_size=17 size_reject=0
[lvdot_detector_main-8] [INFO] [1777001186.938875170] [lvdot_detector_node]: Input health: depth=49 color=54 lidar=3 pose=59 odom=59 yolo=45 depth_pose_sync=0 lidar_pose_sync=0 depth_odom_sync=0 lidar_odom_sync=0
[lvdot_detector_main-8] [INFO] [1777001186.938936879] [lvdot_detector_node]: Stage timers: detection=99 lidar_detection=99 tracking=99 classification=99 vis=0
[lvdot_detector_main-8] [INFO] [1777001186.938947347] [lvdot_detector_node]: Processing phases: detection=idle lidar_detection=waiting_new_lidar tracking=idle classification=idle
[lvdot_detector_main-8] [INFO] [1777001186.938956917] [lvdot_detector_node]: Pipeline stats: depth_samples=1487/71300 u_map=3 depth_boxes=0 u_map_merge=0 u_map_db=0 u_map_visual=0 u_map_fused=0 u_map_filtered=0 lidar_samples=3186/119811 uv=2 db=12 lidar=17 fused=19 filtered=19 tracks=18 dynamic=0 dyn_points=0 raw_dyn_points=0 service=1/1 split=19->0 (19 outputs) fusion_components=19 visual_only=2 lidar_only=17 yolo_in=4 yolo_match3d=2 yolo_match_det=2 yolo_human=2 fixed_size=17 size_reject=0
[lvdot_detector_main-8] [INFO] [1777001189.328298252] [lvdot_detector_node]: get_dynamic_obstacles responded with 0 obstacles from 0 tracked dynamic boxes.
[lvdot_detector_main-8] [WARN] [1777001189.430970656] [lvdot_detector_node.rclcpp]: failed to send response to /onboard_detector/get_dynamic_obstacles (timeout): client will not receive response, at ./src/rmw_response.cpp:153, at ./src/rcl/service.c:400
[lvdot_detector_main-8] [INFO] [1777001196.948873308] [lvdot_detector_node]: Input health: depth=53 color=58 lidar=3 pose=63 odom=63 yolo=49 depth_pose_sync=0 lidar_pose_sync=0 depth_odom_sync=0 lidar_odom_sync=0
[lvdot_detector_main-8] [INFO] [1777001196.950226405] [lvdot_detector_node]: Stage timers: detection=103 lidar_detection=103 tracking=103 classification=103 vis=0
[lvdot_detector_main-8] [INFO] [1777001196.950253054] [lvdot_detector_node]: Processing phases: detection=idle lidar_detection=waiting_new_lidar tracking=idle classification=idle
[lvdot_detector_main-8] [INFO] [1777001196.950264776] [lvdot_detector_node]: Pipeline stats: depth_samples=1387/71300 u_map=2 depth_boxes=0 u_map_merge=0 u_map_db=0 u_map_visual=0 u_map_fused=0 u_map_filtered=0 lidar_samples=3186/119811 uv=1 db=12 lidar=17 fused=18 filtered=18 tracks=18 dynamic=1 dyn_points=0 raw_dyn_points=0 service=2/0 split=18->0 (18 outputs) fusion_components=18 visual_only=1 lidar_only=17 yolo_in=1 yolo_match3d=0 yolo_match_det=0 yolo_human=0 fixed_size=16 size_reject=2
[lvdot_detector_main-8] [INFO] [1777001206.180889867] [lvdot_detector_node]: Input health: depth=57 color=62 lidar=3 pose=67 odom=67 yolo=53 depth_pose_sync=0 lidar_pose_sync=0 depth_odom_sync=0 lidar_odom_sync=0
[lvdot_detector_main-8] [INFO] [1777001206.180956588] [lvdot_detector_node]: Stage timers: detection=107 lidar_detection=107 tracking=107 classification=107 vis=0
[lvdot_detector_main-8] [INFO] [1777001206.180969932] [lvdot_detector_node]: Processing phases: detection=idle lidar_detection=waiting_new_lidar tracking=idle classification=idle
[lvdot_detector_main-8] [INFO] [1777001206.180980968] [lvdot_detector_node]: Pipeline stats: depth_samples=1413/71300 u_map=1 depth_boxes=0 u_map_merge=0 u_map_db=0 u_map_visual=0 u_map_fused=0 u_map_filtered=0 lidar_samples=3186/119811 uv=1 db=10 lidar=17 fused=18 filtered=18 tracks=18 dynamic=0 dyn_points=0 raw_dyn_points=0 service=2/0 split=18->0 (18 outputs) fusion_components=18 visual_only=1 lidar_only=17 yolo_in=2 yolo_match3d=1 yolo_match_det=1 yolo_human=1 fixed_size=16 size_reject=0
[lvdot_detector_main-8] [INFO] [1777001211.235460225] [lvdot_detector_node]: Input health: depth=59 color=64 lidar=3 pose=69 odom=69 yolo=55 depth_pose_sync=0 lidar_pose_sync=0 depth_odom_sync=0 lidar_odom_sync=0
[lvdot_detector_main-8] [INFO] [1777001211.236884166] [lvdot_detector_node]: Stage timers: detection=109 lidar_detection=109 tracking=109 classification=109 vis=0
[lvdot_detector_main-8] [INFO] [1777001211.237530528] [lvdot_detector_node]: Processing phases: detection=idle lidar_detection=waiting_new_lidar tracking=idle classification=idle
[lvdot_detector_main-8] [INFO] [1777001211.238189329] [lvdot_detector_node]: Pipeline stats: depth_samples=1439/71300 u_map=2 depth_boxes=0 u_map_merge=0 u_map_db=0 u_map_visual=0 u_map_fused=0 u_map_filtered=0 lidar_samples=3186/119811 uv=2 db=11 lidar=17 fused=19 filtered=19 tracks=19 dynamic=1 dyn_points=0 raw_dyn_points=0 service=2/0 split=19->0 (19 outputs) fusion_components=19 visual_only=2 lidar_only=17 yolo_in=0 yolo_match3d=0 yolo_match_det=0 yolo_human=0 fixed_size=16 size_reject=0
[lvdot_detector_main-8] [INFO] [1777001212.715019711] [lvdot_detector_node]: get_dynamic_obstacles responded with 1 obstacles from 1 tracked dynamic boxes.
[lvdot_detector_main-8] [WARN] [1777001212.817512409] [lvdot_detector_node.rclcpp]: failed to send response to /onboard_detector/get_dynamic_obstacles (timeout): client will not receive response, at ./src/rmw_response.cpp:153, at ./src/rcl/service.c:400
[lvdot_detector_main-8] [INFO] [1777001227.007655911] [lvdot_detector_node]: Input health: depth=63 color=68 lidar=4 pose=73 odom=73 yolo=59 depth_pose_sync=0 lidar_pose_sync=0 depth_odom_sync=0 lidar_odom_sync=0
[lvdot_detector_main-8] [INFO] [1777001227.007733428] [lvdot_detector_node]: Stage timers: detection=113 lidar_detection=113 tracking=113 classification=113 vis=0
[lvdot_detector_main-8] [INFO] [1777001227.007747148] [lvdot_detector_node]: Processing phases: detection=idle lidar_detection=waiting_new_lidar tracking=idle classification=idle
[lvdot_detector_main-8] [INFO] [1777001227.007758766] [lvdot_detector_node]: Pipeline stats: depth_samples=1478/71300 u_map=2 depth_boxes=0 u_map_merge=0 u_map_db=0 u_map_visual=0 u_map_fused=0 u_map_filtered=0 lidar_samples=3199/128312 uv=1 db=12 lidar=20 fused=21 filtered=21 tracks=21 dynamic=1 dyn_points=0 raw_dyn_points=0 service=3/1 split=21->0 (21 outputs) fusion_components=21 visual_only=1 lidar_only=20 yolo_in=4 yolo_match3d=1 yolo_match_det=1 yolo_human=1 fixed_size=0 size_reject=0
[lvdot_detector_main-8] [INFO] [1777001227.008467932] [lvdot_detector_node]: get_dynamic_obstacles responded with 1 obstacles from 1 tracked dynamic boxes.
[lvdot_detector_main-8] [WARN] [1777001227.110942057] [lvdot_detector_node.rclcpp]: failed to send response to /onboard_detector/get_dynamic_obstacles (timeout): client will not receive response, at ./src/rmw_response.cpp:153, at ./src/rcl/service.c:400
[lvdot_detector_main-8] [WARN] [1777001229.426032248] [lvdot_detector_node.rclcpp]: failed to send response to /onboard_detector/get_dynamic_obstacles (timeout): client will not receive response, at ./src/rmw_response.cpp:153, at ./src/rcl/service.c:400
[lvdot_detector_main-8] [INFO] [1777001238.446413627] [lvdot_detector_node]: Input health: depth=65 color=70 lidar=5 pose=75 odom=75 yolo=61 depth_pose_sync=0 lidar_pose_sync=0 depth_odom_sync=0 lidar_odom_sync=0
[lvdot_detector_main-8] [INFO] [1777001238.473878649] [lvdot_detector_node]: Stage timers: detection=115 lidar_detection=115 tracking=115 classification=115 vis=0
[lvdot_detector_main-8] [INFO] [1777001238.473916863] [lvdot_detector_node]: Processing phases: detection=idle lidar_detection=idle tracking=idle classification=idle
[lvdot_detector_main-8] [INFO] [1777001238.473932610] [lvdot_detector_node]: Pipeline stats: depth_samples=1446/71300 u_map=3 depth_boxes=0 u_map_merge=0 u_map_db=0 u_map_visual=0 u_map_fused=0 u_map_filtered=0 lidar_samples=3295/120379 uv=1 db=12 lidar=16 fused=17 filtered=17 tracks=22 dynamic=1 dyn_points=0 raw_dyn_points=0 service=5/2 split=17->0 (17 outputs) fusion_components=17 visual_only=1 lidar_only=16 yolo_in=2 yolo_match3d=2 yolo_match_det=2 yolo_human=2 fixed_size=0 size_reject=0
[lvdot_detector_main-8] [INFO] [1777001247.795554396] [lvdot_detector_node]: Input health: depth=69 color=74 lidar=5 pose=79 odom=79 yolo=65 depth_pose_sync=0 lidar_pose_sync=0 depth_odom_sync=0 lidar_odom_sync=0
[lvdot_detector_main-8] [INFO] [1777001247.800412835] [lvdot_detector_node]: Stage timers: detection=119 lidar_detection=119 tracking=119 classification=119 vis=0
[lvdot_detector_main-8] [INFO] [1777001247.800802506] [lvdot_detector_node]: Processing phases: detection=idle lidar_detection=waiting_new_lidar tracking=idle classification=idle
[lvdot_detector_main-8] [INFO] [1777001247.800820163] [lvdot_detector_node]: Pipeline stats: depth_samples=1487/71300 u_map=3 depth_boxes=0 u_map_merge=0 u_map_db=0 u_map_visual=0 u_map_fused=0 u_map_filtered=0 lidar_samples=3295/120379 uv=1 db=13 lidar=16 fused=17 filtered=17 tracks=18 dynamic=0 dyn_points=0 raw_dyn_points=0 service=5/2 split=17->0 (17 outputs) fusion_components=17 visual_only=1 lidar_only=16 yolo_in=5 yolo_match3d=0 yolo_match_det=0 yolo_human=0 fixed_size=0 size_reject=0
[lvdot_detector_main-8] [INFO] [1777001253.501693093] [lvdot_detector_node]: Input health: depth=71 color=76 lidar=5 pose=81 odom=81 yolo=67 depth_pose_sync=0 lidar_pose_sync=0 depth_odom_sync=0 lidar_odom_sync=0
[lvdot_detector_main-8] [INFO] [1777001253.502552145] [lvdot_detector_node]: Stage timers: detection=121 lidar_detection=121 tracking=121 classification=121 vis=0
[lvdot_detector_main-8] [INFO] [1777001253.502576813] [lvdot_detector_node]: Processing phases: detection=idle lidar_detection=waiting_new_lidar tracking=idle classification=idle
[lvdot_detector_main-8] [INFO] [1777001253.502586740] [lvdot_detector_node]: Pipeline stats: depth_samples=1332/71300 u_map=1 depth_boxes=0 u_map_merge=0 u_map_db=0 u_map_visual=0 u_map_fused=0 u_map_filtered=0 lidar_samples=3295/120379 uv=0 db=11 lidar=16 fused=16 filtered=16 tracks=19 dynamic=0 dyn_points=0 raw_dyn_points=0 service=5/2 split=16->0 (16 outputs) fusion_components=16 visual_only=0 lidar_only=16 yolo_in=2 yolo_match3d=0 yolo_match_det=0 yolo_human=0 fixed_size=0 size_reject=0
[lvdot_detector_main-8] [INFO] [1777001258.200913645] [lvdot_detector_node]: get_dynamic_obstacles responded with 0 obstacles from 0 tracked dynamic boxes.
[lvdot_detector_main-8] [WARN] [1777001258.303488492] [lvdot_detector_node.rclcpp]: failed to send response to /onboard_detector/get_dynamic_obstacles (timeout): client will not receive response, at ./src/rmw_response.cpp:153, at ./src/rcl/service.c:400
[lvdot_detector_main-8] [INFO] [1777001262.994860244] [lvdot_detector_node]: Input health: depth=75 color=80 lidar=5 pose=85 odom=85 yolo=71 depth_pose_sync=0 lidar_pose_sync=0 depth_odom_sync=0 lidar_odom_sync=0
[lvdot_detector_main-8] [INFO] [1777001262.995456722] [lvdot_detector_node]: Stage timers: detection=125 lidar_detection=125 tracking=125 classification=125 vis=0
[lvdot_detector_main-8] [INFO] [1777001262.995476398] [lvdot_detector_node]: Processing phases: detection=idle lidar_detection=waiting_new_lidar tracking=idle classification=idle
[lvdot_detector_main-8] [INFO] [1777001262.995488644] [lvdot_detector_node]: Pipeline stats: depth_samples=1454/71300 u_map=1 depth_boxes=0 u_map_merge=0 u_map_db=0 u_map_visual=0 u_map_fused=0 u_map_filtered=0 lidar_samples=3295/120379 uv=0 db=13 lidar=16 fused=16 filtered=17 tracks=17 dynamic=0 dyn_points=0 raw_dyn_points=0 service=6/0 split=16->1 (17 outputs) fusion_components=16 visual_only=0 lidar_only=16 yolo_in=4 yolo_match3d=1 yolo_match_det=2 yolo_human=2 fixed_size=16 size_reject=0
[lvdot_detector_main-8] [INFO] [1777001268.527703619] [lvdot_detector_node]: Input health: depth=77 color=82 lidar=5 pose=87 odom=87 yolo=73 depth_pose_sync=0 lidar_pose_sync=0 depth_odom_sync=0 lidar_odom_sync=0
[lvdot_detector_main-8] [INFO] [1777001268.528770828] [lvdot_detector_node]: Stage timers: detection=127 lidar_detection=127 tracking=127 classification=127 vis=0
[lvdot_detector_main-8] [INFO] [1777001268.530823770] [lvdot_detector_node]: Processing phases: detection=idle lidar_detection=waiting_new_lidar tracking=idle classification=idle
[lvdot_detector_main-8] [INFO] [1777001268.530850059] [lvdot_detector_node]: Pipeline stats: depth_samples=1422/71300 u_map=2 depth_boxes=0 u_map_merge=0 u_map_db=0 u_map_visual=0 u_map_fused=0 u_map_filtered=0 lidar_samples=3295/120379 uv=0 db=12 lidar=16 fused=16 filtered=16 tracks=16 dynamic=2 dyn_points=0 raw_dyn_points=0 service=6/0 split=16->0 (16 outputs) fusion_components=16 visual_only=0 lidar_only=16 yolo_in=1 yolo_match3d=1 yolo_match_det=1 yolo_human=1 fixed_size=15 size_reject=0
[lvdot_detector_main-8] [INFO] [1777001273.397120573] [lvdot_detector_node]: get_dynamic_obstacles responded with 1 obstacles from 1 tracked dynamic boxes.
[lvdot_detector_main-8] [WARN] [1777001273.508944543] [lvdot_detector_node.rclcpp]: failed to send response to /onboard_detector/get_dynamic_obstacles (timeout): client will not receive response, at ./src/rmw_response.cpp:153, at ./src/rcl/service.c:400
[lvdot_detector_main-8] [INFO] [1777001278.857545592] [lvdot_detector_node]: Input health: depth=81 color=86 lidar=5 pose=91 odom=91 yolo=77 depth_pose_sync=0 lidar_pose_sync=0 depth_odom_sync=0 lidar_odom_sync=0
[lvdot_detector_main-8] [INFO] [1777001278.859531031] [lvdot_detector_node]: Stage timers: detection=131 lidar_detection=131 tracking=131 classification=131 vis=0
[lvdot_detector_main-8] [INFO] [1777001278.859833514] [lvdot_detector_node]: Processing phases: detection=idle lidar_detection=waiting_new_lidar tracking=idle classification=idle
[lvdot_detector_main-8] [INFO] [1777001278.859848654] [lvdot_detector_node]: Pipeline stats: depth_samples=1443/71300 u_map=2 depth_boxes=0 u_map_merge=0 u_map_db=0 u_map_visual=0 u_map_fused=0 u_map_filtered=0 lidar_samples=3295/120379 uv=1 db=12 lidar=16 fused=17 filtered=17 tracks=18 dynamic=0 dyn_points=0 raw_dyn_points=0 service=7/1 split=17->0 (17 outputs) fusion_components=17 visual_only=1 lidar_only=16 yolo_in=4 yolo_match3d=0 yolo_match_det=0 yolo_human=0 fixed_size=15 size_reject=0
[lvdot_detector_main-8] [INFO] [1777001287.340096218] [lvdot_detector_node]: Input health: depth=85 color=90 lidar=5 pose=95 odom=95 yolo=81 depth_pose_sync=0 lidar_pose_sync=0 depth_odom_sync=0 lidar_odom_sync=0
[lvdot_detector_main-8] [INFO] [1777001287.340198028] [lvdot_detector_node]: Stage timers: detection=135 lidar_detection=135 tracking=135 classification=135 vis=0
[lvdot_detector_main-8] [INFO] [1777001287.340260335] [lvdot_detector_node]: Processing phases: detection=idle lidar_detection=waiting_new_lidar tracking=idle classification=idle
[lvdot_detector_main-8] [INFO] [1777001287.340275236] [lvdot_detector_node]: Pipeline stats: depth_samples=1443/71300 u_map=2 depth_boxes=0 u_map_merge=0 u_map_db=0 u_map_visual=0 u_map_fused=0 u_map_filtered=0 lidar_samples=3295/120379 uv=2 db=11 lidar=16 fused=18 filtered=18 tracks=17 dynamic=0 dyn_points=0 raw_dyn_points=0 service=7/1 split=18->0 (18 outputs) fusion_components=18 visual_only=2 lidar_only=16 yolo_in=0 yolo_match3d=0 yolo_match_det=0 yolo_human=0 fixed_size=15 size_reject=0
[lvdot_detector_main-8] [INFO] [1777001287.342310747] [lvdot_detector_node]: get_dynamic_obstacles responded with 0 obstacles from 0 tracked dynamic boxes.
[lvdot_detector_main-8] [WARN] [1777001287.446907147] [lvdot_detector_node.rclcpp]: failed to send response to /onboard_detector/get_dynamic_obstacles (timeout): client will not receive response, at ./src/rmw_response.cpp:153, at ./src/rcl/service.c:400
[lvdot_detector_main-8] [INFO] [1777001293.294421277] [lvdot_detector_node]: Input health: depth=87 color=92 lidar=5 pose=97 odom=97 yolo=83 depth_pose_sync=0 lidar_pose_sync=0 depth_odom_sync=0 lidar_odom_sync=0
[lvdot_detector_main-8] [INFO] [1777001293.296471412] [lvdot_detector_node]: Stage timers: detection=137 lidar_detection=137 tracking=137 classification=137 vis=0
[lvdot_detector_main-8] [INFO] [1777001293.297138223] [lvdot_detector_node]: Processing phases: detection=idle lidar_detection=waiting_new_lidar tracking=idle classification=idle
[lvdot_detector_main-8] [INFO] [1777001293.297158724] [lvdot_detector_node]: Pipeline stats: depth_samples=1348/71300 u_map=1 depth_boxes=0 u_map_merge=0 u_map_db=0 u_map_visual=0 u_map_fused=0 u_map_filtered=0 lidar_samples=3295/120379 uv=1 db=13 lidar=16 fused=17 filtered=19 tracks=17 dynamic=0 dyn_points=0 raw_dyn_points=0 service=8/0 split=17->1 (19 outputs) fusion_components=17 visual_only=1 lidar_only=16 yolo_in=3 yolo_match3d=1 yolo_match_det=3 yolo_human=3 fixed_size=16 size_reject=0
[lvdot_detector_main-8] [INFO] [1777001303.100841283] [lvdot_detector_node]: Input health: depth=91 color=96 lidar=5 pose=101 odom=101 yolo=87 depth_pose_sync=0 lidar_pose_sync=0 depth_odom_sync=0 lidar_odom_sync=0
[lvdot_detector_main-8] [INFO] [1777001303.102495594] [lvdot_detector_node]: Stage timers: detection=141 lidar_detection=141 tracking=141 classification=141 vis=0
[lvdot_detector_main-8] [INFO] [1777001303.102517394] [lvdot_detector_node]: Processing phases: detection=idle lidar_detection=waiting_new_lidar tracking=idle classification=idle
[lvdot_detector_main-8] [INFO] [1777001303.102527094] [lvdot_detector_node]: Pipeline stats: depth_samples=1383/71300 u_map=1 depth_boxes=0 u_map_merge=0 u_map_db=0 u_map_visual=0 u_map_fused=0 u_map_filtered=0 lidar_samples=3295/120379 uv=1 db=10 lidar=16 fused=17 filtered=17 tracks=16 dynamic=1 dyn_points=0 raw_dyn_points=0 service=8/0 split=17->0 (17 outputs) fusion_components=17 visual_only=1 lidar_only=16 yolo_in=1 yolo_match3d=1 yolo_match_det=1 yolo_human=1 fixed_size=16 size_reject=0
[lvdot_detector_main-8] [INFO] [1777001308.214280734] [lvdot_detector_node]: Input health: depth=93 color=98 lidar=5 pose=103 odom=103 yolo=89 depth_pose_sync=0 lidar_pose_sync=0 depth_odom_sync=0 lidar_odom_sync=0
[lvdot_detector_main-8] [INFO] [1777001308.214366029] [lvdot_detector_node]: Stage timers: detection=143 lidar_detection=143 tracking=143 classification=143 vis=0
[lvdot_detector_main-8] [INFO] [1777001308.214385628] [lvdot_detector_node]: Processing phases: detection=idle lidar_detection=waiting_new_lidar tracking=idle classification=idle
[lvdot_detector_main-8] [INFO] [1777001308.214397728] [lvdot_detector_node]: Pipeline stats: depth_samples=1292/71300 u_map=1 depth_boxes=0 u_map_merge=0 u_map_db=0 u_map_visual=0 u_map_fused=0 u_map_filtered=0 lidar_samples=3295/120379 uv=1 db=13 lidar=16 fused=17 filtered=17 tracks=16 dynamic=1 dyn_points=0 raw_dyn_points=0 service=8/0 split=17->0 (17 outputs) fusion_components=17 visual_only=1 lidar_only=16 yolo_in=0 yolo_match3d=0 yolo_match_det=0 yolo_human=0 fixed_size=16 size_reject=0
[lvdot_detector_main-8] [INFO] [1777001324.810014636] [lvdot_detector_node]: Input health: depth=97 color=102 lidar=6 pose=107 odom=107 yolo=93 depth_pose_sync=0 lidar_pose_sync=0 depth_odom_sync=0 lidar_odom_sync=0
[lvdot_detector_main-8] [INFO] [1777001324.810161935] [lvdot_detector_node]: Stage timers: detection=147 lidar_detection=147 tracking=147 classification=147 vis=0
[lvdot_detector_main-8] [INFO] [1777001324.810179935] [lvdot_detector_node]: Processing phases: detection=idle lidar_detection=waiting_new_lidar tracking=idle classification=idle
[lvdot_detector_main-8] [INFO] [1777001324.810192835] [lvdot_detector_node]: Pipeline stats: depth_samples=1539/71300 u_map=2 depth_boxes=0 u_map_merge=0 u_map_db=0 u_map_visual=0 u_map_fused=0 u_map_filtered=0 lidar_samples=3428/108067 uv=2 db=12 lidar=4 fused=6 filtered=6 tracks=5 dynamic=0 dyn_points=0 raw_dyn_points=0 service=8/0 split=6->0 (6 outputs) fusion_components=6 visual_only=2 lidar_only=4 yolo_in=1 yolo_match3d=1 yolo_match_det=1 yolo_human=1 fixed_size=0 size_reject=0
[lvdot_detector_main-8] [INFO] [1777001326.682348047] [lvdot_detector_node]: get_dynamic_obstacles responded with 0 obstacles from 0 tracked dynamic boxes.
[lvdot_detector_main-8] [WARN] [1777001326.783452128] [lvdot_detector_node.rclcpp]: failed to send response to /onboard_detector/get_dynamic_obstacles (timeout): client will not receive response, at ./src/rmw_response.cpp:153, at ./src/rcl/service.c:400
[lvdot_detector_main-8] [INFO] [1777001336.642302256] [lvdot_detector_node]: Input health: depth=99 color=104 lidar=7 pose=109 odom=109 yolo=95 depth_pose_sync=0 lidar_pose_sync=0 depth_odom_sync=0 lidar_odom_sync=0
[lvdot_detector_main-8] [INFO] [1777001336.645439310] [lvdot_detector_node]: Stage timers: detection=149 lidar_detection=149 tracking=149 classification=149 vis=0
[lvdot_detector_main-8] [INFO] [1777001336.645464145] [lvdot_detector_node]: Processing phases: detection=idle lidar_detection=idle tracking=idle classification=idle
[lvdot_detector_main-8] [INFO] [1777001336.645477609] [lvdot_detector_node]: Pipeline stats: depth_samples=1508/71300 u_map=1 depth_boxes=0 u_map_merge=0 u_map_db=0 u_map_visual=0 u_map_fused=0 u_map_filtered=0 lidar_samples=3224/121433 uv=1 db=15 lidar=16 fused=17 filtered=17 tracks=4 dynamic=1 dyn_points=0 raw_dyn_points=0 service=9/0 split=17->0 (17 outputs) fusion_components=17 visual_only=1 lidar_only=16 yolo_in=3 yolo_match3d=3 yolo_match_det=3 yolo_human=3 fixed_size=0 size_reject=0
[lvdot_detector_main-8] [INFO] [1777001344.108194717] [lvdot_detector_node]: get_dynamic_obstacles responded with 0 obstacles from 0 tracked dynamic boxes.
[lvdot_detector_main-8] [WARN] [1777001344.214674302] [lvdot_detector_node.rclcpp]: failed to send response to /onboard_detector/get_dynamic_obstacles (timeout): client will not receive response, at ./src/rmw_response.cpp:153, at ./src/rcl/service.c:400
[lvdot_detector_main-8] [INFO] [1777001355.836329393] [lvdot_detector_node]: Input health: depth=103 color=108 lidar=8 pose=113 odom=113 yolo=99 depth_pose_sync=0 lidar_pose_sync=0 depth_odom_sync=0 lidar_odom_sync=0
[lvdot_detector_main-8] [INFO] [1777001355.836415377] [lvdot_detector_node]: Stage timers: detection=153 lidar_detection=153 tracking=153 classification=153 vis=0
[lvdot_detector_main-8] [INFO] [1777001355.836434845] [lvdot_detector_node]: Processing phases: detection=idle lidar_detection=idle tracking=idle classification=idle
[lvdot_detector_main-8] [INFO] [1777001355.836445998] [lvdot_detector_node]: Pipeline stats: depth_samples=1310/71300 u_map=2 depth_boxes=0 u_map_merge=0 u_map_db=0 u_map_visual=0 u_map_fused=0 u_map_filtered=0 lidar_samples=3070/191719 uv=1 db=10 lidar=13 fused=14 filtered=14 tracks=17 dynamic=1 dyn_points=0 raw_dyn_points=0 service=10/0 split=14->0 (14 outputs) fusion_components=14 visual_only=1 lidar_only=13 yolo_in=1 yolo_match3d=1 yolo_match_det=1 yolo_human=1 fixed_size=0 size_reject=0
[lvdot_detector_main-8] [INFO] [1777001369.065274573] [lvdot_detector_node]: Input health: depth=105 color=110 lidar=9 pose=115 odom=115 yolo=101 depth_pose_sync=0 lidar_pose_sync=0 depth_odom_sync=0 lidar_odom_sync=0
[lvdot_detector_main-8] [INFO] [1777001369.065369330] [lvdot_detector_node]: Stage timers: detection=155 lidar_detection=155 tracking=155 classification=155 vis=0
[lvdot_detector_main-8] [INFO] [1777001369.065386504] [lvdot_detector_node]: Processing phases: detection=idle lidar_detection=waiting_new_lidar tracking=idle classification=idle
[lvdot_detector_main-8] [INFO] [1777001369.065397887] [lvdot_detector_node]: Pipeline stats: depth_samples=917/66930 u_map=2 depth_boxes=0 u_map_merge=0 u_map_db=0 u_map_visual=0 u_map_fused=0 u_map_filtered=0 lidar_samples=3234/126581 uv=1 db=11 lidar=19 fused=20 filtered=20 tracks=21 dynamic=1 dyn_points=0 raw_dyn_points=0 service=10/0 split=20->0 (20 outputs) fusion_components=20 visual_only=1 lidar_only=19 yolo_in=0 yolo_match3d=0 yolo_match_det=0 yolo_human=0 fixed_size=0 size_reject=0
[lvdot_detector_main-8] [INFO] [1777001369.066095435] [lvdot_detector_node]: get_dynamic_obstacles responded with 1 obstacles from 1 tracked dynamic boxes.
[lvdot_detector_main-8] [WARN] [1777001369.177193151] [lvdot_detector_node.rclcpp]: failed to send response to /onboard_detector/get_dynamic_obstacles (timeout): client will not receive response, at ./src/rmw_response.cpp:153, at ./src/rcl/service.c:400
[lvdot_detector_main-8] [INFO] [1777001373.797922313] [lvdot_detector_node]: get_dynamic_obstacles responded with 0 obstacles from 0 tracked dynamic boxes.
[lvdot_detector_main-8] [WARN] [1777001373.901783108] [lvdot_detector_node.rclcpp]: failed to send response to /onboard_detector/get_dynamic_obstacles (timeout): client will not receive response, at ./src/rmw_response.cpp:153, at ./src/rcl/service.c:400
[lvdot_detector_main-8] [INFO] [1777001378.205300470] [lvdot_detector_node]: Input health: depth=109 color=114 lidar=9 pose=119 odom=119 yolo=105 depth_pose_sync=0 lidar_pose_sync=0 depth_odom_sync=0 lidar_odom_sync=0
[lvdot_detector_main-8] [INFO] [1777001378.206476238] [lvdot_detector_node]: Stage timers: detection=159 lidar_detection=159 tracking=159 classification=159 vis=0
[lvdot_detector_main-8] [INFO] [1777001378.206496528] [lvdot_detector_node]: Processing phases: detection=idle lidar_detection=waiting_new_lidar tracking=idle classification=idle
[lvdot_detector_main-8] [INFO] [1777001378.206515520] [lvdot_detector_node]: Pipeline stats: depth_samples=1430/71300 u_map=1 depth_boxes=0 u_map_merge=0 u_map_db=0 u_map_visual=0 u_map_fused=0 u_map_filtered=0 lidar_samples=3234/126581 uv=0 db=10 lidar=19 fused=19 filtered=19 tracks=20 dynamic=1 dyn_points=0 raw_dyn_points=0 service=12/0 split=19->0 (19 outputs) fusion_components=19 visual_only=0 lidar_only=19 yolo_in=0 yolo_match3d=0 yolo_match_det=0 yolo_human=0 fixed_size=0 size_reject=0
[lvdot_detector_main-8] [INFO] [1777001391.838401031] [lvdot_detector_node]: Input health: depth=111 color=116 lidar=10 pose=121 odom=121 yolo=107 depth_pose_sync=0 lidar_pose_sync=0 depth_odom_sync=0 lidar_odom_sync=0
[lvdot_detector_main-8] [INFO] [1777001391.838785051] [lvdot_detector_node]: Stage timers: detection=161 lidar_detection=161 tracking=161 classification=161 vis=0
[lvdot_detector_main-8] [INFO] [1777001391.838807733] [lvdot_detector_node]: Processing phases: detection=idle lidar_detection=idle tracking=idle classification=idle
[lvdot_detector_main-8] [INFO] [1777001391.838821798] [lvdot_detector_node]: Pipeline stats: depth_samples=1382/71300 u_map=2 depth_boxes=0 u_map_merge=0 u_map_db=0 u_map_visual=0 u_map_fused=0 u_map_filtered=0 lidar_samples=3449/118002 uv=1 db=12 lidar=18 fused=19 filtered=19 tracks=20 dynamic=0 dyn_points=0 raw_dyn_points=0 service=12/0 split=19->0 (19 outputs) fusion_components=19 visual_only=1 lidar_only=18 yolo_in=0 yolo_match3d=0 yolo_match_det=0 yolo_human=0 fixed_size=0 size_reject=0
[lvdot_detector_main-8] [INFO] [1777001401.843711475] [lvdot_detector_node]: Input health: depth=115 color=120 lidar=10 pose=125 odom=125 yolo=111 depth_pose_sync=0 lidar_pose_sync=0 depth_odom_sync=0 lidar_odom_sync=0
[lvdot_detector_main-8] [INFO] [1777001401.843814290] [lvdot_detector_node]: Stage timers: detection=165 lidar_detection=165 tracking=165 classification=165 vis=0
[lvdot_detector_main-8] [INFO] [1777001401.843830644] [lvdot_detector_node]: Processing phases: detection=idle lidar_detection=waiting_new_lidar tracking=idle classification=idle
[lvdot_detector_main-8] [INFO] [1777001401.843843110] [lvdot_detector_node]: Pipeline stats: depth_samples=1326/71300 u_map=0 depth_boxes=0 u_map_merge=0 u_map_db=0 u_map_visual=0 u_map_fused=0 u_map_filtered=0 lidar_samples=3449/118002 uv=0 db=12 lidar=18 fused=18 filtered=18 tracks=20 dynamic=0 dyn_points=0 raw_dyn_points=0 service=12/0 split=18->0 (18 outputs) fusion_components=18 visual_only=0 lidar_only=18 yolo_in=3 yolo_match3d=2 yolo_match_det=2 yolo_human=2 fixed_size=0 size_reject=0
[lvdot_detector_main-8] [INFO] [1777001417.060757120] [lvdot_detector_node]: Input health: depth=119 color=124 lidar=11 pose=129 odom=129 yolo=115 depth_pose_sync=0 lidar_pose_sync=0 depth_odom_sync=0 lidar_odom_sync=0
[lvdot_detector_main-8] [INFO] [1777001417.061929138] [lvdot_detector_node]: Stage timers: detection=169 lidar_detection=169 tracking=169 classification=169 vis=0
[lvdot_detector_main-8] [INFO] [1777001417.061950431] [lvdot_detector_node]: Processing phases: detection=idle lidar_detection=idle tracking=idle classification=idle
[lvdot_detector_main-8] [INFO] [1777001417.061961627] [lvdot_detector_node]: Pipeline stats: depth_samples=1504/71300 u_map=3 depth_boxes=0 u_map_merge=0 u_map_db=0 u_map_visual=0 u_map_fused=0 u_map_filtered=0 lidar_samples=3473/108020 uv=2 db=10 lidar=5 fused=7 filtered=7 tracks=18 dynamic=0 dyn_points=0 raw_dyn_points=0 service=12/0 split=7->0 (7 outputs) fusion_components=7 visual_only=2 lidar_only=5 yolo_in=5 yolo_match3d=1 yolo_match_det=1 yolo_human=1 fixed_size=0 size_reject=0
[lvdot_detector_main-8] [INFO] [1777001427.755047086] [lvdot_detector_node]: Input health: depth=124 color=129 lidar=11 pose=134 odom=134 yolo=120 depth_pose_sync=0 lidar_pose_sync=0 depth_odom_sync=0 lidar_odom_sync=0
[lvdot_detector_main-8] [INFO] [1777001427.759059581] [lvdot_detector_node]: Stage timers: detection=174 lidar_detection=174 tracking=174 classification=174 vis=0
[lvdot_detector_main-8] [INFO] [1777001427.759084957] [lvdot_detector_node]: Processing phases: detection=idle lidar_detection=waiting_new_lidar tracking=idle classification=idle
[lvdot_detector_main-8] [INFO] [1777001427.759098945] [lvdot_detector_node]: Pipeline stats: depth_samples=1427/71300 u_map=2 depth_boxes=0 u_map_merge=0 u_map_db=0 u_map_visual=0 u_map_fused=0 u_map_filtered=0 lidar_samples=3473/108020 uv=1 db=12 lidar=5 fused=6 filtered=6 tracks=7 dynamic=0 dyn_points=0 raw_dyn_points=0 service=12/0 split=6->0 (6 outputs) fusion_components=6 visual_only=1 lidar_only=5 yolo_in=2 yolo_match3d=0 yolo_match_det=0 yolo_human=0 fixed_size=0 size_reject=0
[lvdot_detector_main-8] [INFO] [1777001437.298538694] [lvdot_detector_node]: Input health: depth=128 color=133 lidar=11 pose=138 odom=138 yolo=124 depth_pose_sync=0 lidar_pose_sync=0 depth_odom_sync=0 lidar_odom_sync=0
[lvdot_detector_main-8] [INFO] [1777001437.298603410] [lvdot_detector_node]: Stage timers: detection=178 lidar_detection=178 tracking=178 classification=178 vis=0
[lvdot_detector_main-8] [INFO] [1777001437.298636170] [lvdot_detector_node]: Processing phases: detection=idle lidar_detection=waiting_new_lidar tracking=idle classification=idle
[lvdot_detector_main-8] [INFO] [1777001437.298651445] [lvdot_detector_node]: Pipeline stats: depth_samples=1501/71300 u_map=2 depth_boxes=0 u_map_merge=0 u_map_db=0 u_map_visual=0 u_map_fused=0 u_map_filtered=0 lidar_samples=3473/108020 uv=2 db=14 lidar=5 fused=7 filtered=7 tracks=7 dynamic=0 dyn_points=0 raw_dyn_points=0 service=12/0 split=7->0 (7 outputs) fusion_components=7 visual_only=2 lidar_only=5 yolo_in=4 yolo_match3d=1 yolo_match_det=1 yolo_human=1 fixed_size=0 size_reject=0
[lvdot_detector_main-8] [INFO] [1777001445.469727569] [lvdot_detector_node]: Input health: depth=132 color=137 lidar=11 pose=142 odom=142 yolo=128 depth_pose_sync=0 lidar_pose_sync=0 depth_odom_sync=0 lidar_odom_sync=0
[lvdot_detector_main-8] [INFO] [1777001445.469798441] [lvdot_detector_node]: Stage timers: detection=182 lidar_detection=182 tracking=182 classification=182 vis=0
[lvdot_detector_main-8] [INFO] [1777001445.469810989] [lvdot_detector_node]: Processing phases: detection=idle lidar_detection=waiting_new_lidar tracking=idle classification=idle
[lvdot_detector_main-8] [INFO] [1777001445.469821731] [lvdot_detector_node]: Pipeline stats: depth_samples=1436/71300 u_map=2 depth_boxes=0 u_map_merge=0 u_map_db=0 u_map_visual=0 u_map_fused=0 u_map_filtered=0 lidar_samples=3473/108020 uv=1 db=12 lidar=5 fused=6 filtered=6 tracks=7 dynamic=0 dyn_points=0 raw_dyn_points=0 service=12/0 split=6->0 (6 outputs) fusion_components=6 visual_only=1 lidar_only=5 yolo_in=3 yolo_match3d=1 yolo_match_det=1 yolo_human=1 fixed_size=5 size_reject=0
[lvdot_detector_main-8] [INFO] [1777001454.487383995] [lvdot_detector_node]: Input health: depth=136 color=141 lidar=11 pose=146 odom=146 yolo=132 depth_pose_sync=0 lidar_pose_sync=0 depth_odom_sync=0 lidar_odom_sync=0
[lvdot_detector_main-8] [INFO] [1777001454.487453957] [lvdot_detector_node]: Stage timers: detection=186 lidar_detection=186 tracking=186 classification=186 vis=0
[lvdot_detector_main-8] [INFO] [1777001454.487471624] [lvdot_detector_node]: Processing phases: detection=idle lidar_detection=waiting_new_lidar tracking=idle classification=idle
[lvdot_detector_main-8] [INFO] [1777001454.487483869] [lvdot_detector_node]: Pipeline stats: depth_samples=1510/71300 u_map=1 depth_boxes=0 u_map_merge=0 u_map_db=0 u_map_visual=0 u_map_fused=0 u_map_filtered=0 lidar_samples=3473/108020 uv=1 db=13 lidar=5 fused=6 filtered=6 tracks=7 dynamic=0 dyn_points=0 raw_dyn_points=0 service=12/0 split=6->0 (6 outputs) fusion_components=6 visual_only=1 lidar_only=5 yolo_in=1 yolo_match3d=1 yolo_match_det=1 yolo_human=1 fixed_size=5 size_reject=2
[lvdot_detector_main-8] [INFO] [1777001464.041107022] [lvdot_detector_node]: Input health: depth=140 color=145 lidar=11 pose=150 odom=150 yolo=136 depth_pose_sync=0 lidar_pose_sync=0 depth_odom_sync=0 lidar_odom_sync=0
[lvdot_detector_main-8] [INFO] [1777001464.041213063] [lvdot_detector_node]: Stage timers: detection=190 lidar_detection=190 tracking=190 classification=190 vis=0
[lvdot_detector_main-8] [INFO] [1777001464.041233195] [lvdot_detector_node]: Processing phases: detection=idle lidar_detection=waiting_new_lidar tracking=idle classification=idle
[lvdot_detector_main-8] [INFO] [1777001464.041246649] [lvdot_detector_node]: Pipeline stats: depth_samples=1472/71300 u_map=2 depth_boxes=0 u_map_merge=0 u_map_db=0 u_map_visual=0 u_map_fused=0 u_map_filtered=0 lidar_samples=3473/108020 uv=2 db=11 lidar=5 fused=7 filtered=7 tracks=7 dynamic=0 dyn_points=0 raw_dyn_points=0 service=12/0 split=7->0 (7 outputs) fusion_components=7 visual_only=2 lidar_only=5 yolo_in=3 yolo_match3d=1 yolo_match_det=1 yolo_human=1 fixed_size=5 size_reject=0
[lvdot_detector_main-8] [INFO] [1777001469.090314272] [lvdot_detector_node]: Input health: depth=142 color=147 lidar=11 pose=152 odom=152 yolo=138 depth_pose_sync=0 lidar_pose_sync=0 depth_odom_sync=0 lidar_odom_sync=0
[lvdot_detector_main-8] [INFO] [1777001469.090406300] [lvdot_detector_node]: Stage timers: detection=192 lidar_detection=192 tracking=192 classification=192 vis=0
[lvdot_detector_main-8] [INFO] [1777001469.090420366] [lvdot_detector_node]: Processing phases: detection=idle lidar_detection=waiting_new_lidar tracking=idle classification=idle
[lvdot_detector_main-8] [INFO] [1777001469.090431317] [lvdot_detector_node]: Pipeline stats: depth_samples=1538/71300 u_map=3 depth_boxes=0 u_map_merge=0 u_map_db=0 u_map_visual=0 u_map_fused=0 u_map_filtered=0 lidar_samples=3473/108020 uv=2 db=13 lidar=5 fused=7 filtered=7 tracks=6 dynamic=1 dyn_points=0 raw_dyn_points=0 service=12/0 split=7->0 (7 outputs) fusion_components=7 visual_only=2 lidar_only=5 yolo_in=3 yolo_match3d=1 yolo_match_det=1 yolo_human=1 fixed_size=5 size_reject=0
[lvdot_detector_main-8] [INFO] [1777001474.674323117] [lvdot_detector_node]: Input health: depth=144 color=149 lidar=11 pose=154 odom=154 yolo=140 depth_pose_sync=0 lidar_pose_sync=0 depth_odom_sync=0 lidar_odom_sync=0
[lvdot_detector_main-8] [INFO] [1777001474.675560544] [lvdot_detector_node]: Stage timers: detection=194 lidar_detection=194 tracking=194 classification=194 vis=0
[lvdot_detector_main-8] [INFO] [1777001474.675808369] [lvdot_detector_node]: Processing phases: detection=idle lidar_detection=waiting_new_lidar tracking=idle classification=idle
[lvdot_detector_main-8] [INFO] [1777001474.675820360] [lvdot_detector_node]: Pipeline stats: depth_samples=1610/71300 u_map=3 depth_boxes=0 u_map_merge=0 u_map_db=0 u_map_visual=0 u_map_fused=0 u_map_filtered=0 lidar_samples=3473/108020 uv=1 db=16 lidar=5 fused=6 filtered=7 tracks=7 dynamic=1 dyn_points=0 raw_dyn_points=0 service=12/0 split=6->1 (7 outputs) fusion_components=6 visual_only=1 lidar_only=5 yolo_in=3 yolo_match3d=1 yolo_match_det=2 yolo_human=2 fixed_size=5 size_reject=0
[lvdot_detector_main-8] [INFO] [1777001491.772961610] [lvdot_detector_node]: Input health: depth=148 color=153 lidar=12 pose=158 odom=158 yolo=144 depth_pose_sync=0 lidar_pose_sync=0 depth_odom_sync=0 lidar_odom_sync=0
[lvdot_detector_main-8] [INFO] [1777001491.775269588] [lvdot_detector_node]: Stage timers: detection=198 lidar_detection=198 tracking=198 classification=198 vis=0
[lvdot_detector_main-8] [INFO] [1777001491.775296256] [lvdot_detector_node]: Processing phases: detection=idle lidar_detection=idle tracking=idle classification=idle
[lvdot_detector_main-8] [INFO] [1777001491.775600650] [lvdot_detector_node]: Pipeline stats: depth_samples=1496/71300 u_map=3 depth_boxes=0 u_map_merge=0 u_map_db=0 u_map_visual=0 u_map_fused=0 u_map_filtered=0 lidar_samples=3262/126241 uv=3 db=11 lidar=23 fused=25 filtered=25 tracks=7 dynamic=1 dyn_points=0 raw_dyn_points=0 service=12/0 split=25->0 (25 outputs) fusion_components=25 visual_only=2 lidar_only=22 yolo_in=1 yolo_match3d=1 yolo_match_det=1 yolo_human=1 fixed_size=5 size_reject=3
[lvdot_detector_main-8] [INFO] [1777001500.568322679] [lvdot_detector_node]: Input health: depth=152 color=157 lidar=12 pose=162 odom=162 yolo=148 depth_pose_sync=0 lidar_pose_sync=0 depth_odom_sync=0 lidar_odom_sync=0
[lvdot_detector_main-8] [INFO] [1777001500.569332265] [lvdot_detector_node]: Stage timers: detection=202 lidar_detection=202 tracking=202 classification=202 vis=0
[lvdot_detector_main-8] [INFO] [1777001500.569606488] [lvdot_detector_node]: Processing phases: detection=idle lidar_detection=waiting_new_lidar tracking=idle classification=idle
[lvdot_detector_main-8] [INFO] [1777001500.569618702] [lvdot_detector_node]: Pipeline stats: depth_samples=1564/71300 u_map=2 depth_boxes=0 u_map_merge=0 u_map_db=0 u_map_visual=0 u_map_fused=0 u_map_filtered=0 lidar_samples=3262/126241 uv=2 db=11 lidar=23 fused=25 filtered=26 tracks=24 dynamic=1 dyn_points=0 raw_dyn_points=0 service=12/0 split=25->1 (26 outputs) fusion_components=25 visual_only=2 lidar_only=23 yolo_in=2 yolo_match3d=1 yolo_match_det=2 yolo_human=2 fixed_size=2 size_reject=1
[lvdot_detector_main-8] [INFO] [1777001500.570244337] [lvdot_detector_node]: get_dynamic_obstacles responded with 1 obstacles from 1 tracked dynamic boxes.
[lvdot_detector_main-8] [INFO] [1777001505.829585775] [lvdot_detector_node]: Input health: depth=154 color=159 lidar=12 pose=164 odom=164 yolo=150 depth_pose_sync=0 lidar_pose_sync=0 depth_odom_sync=0 lidar_odom_sync=0
[lvdot_detector_main-8] [INFO] [1777001505.829661047] [lvdot_detector_node]: Stage timers: detection=204 lidar_detection=204 tracking=204 classification=204 vis=0
[lvdot_detector_main-8] [INFO] [1777001505.829677685] [lvdot_detector_node]: Processing phases: detection=idle lidar_detection=waiting_new_lidar tracking=idle classification=idle
[lvdot_detector_main-8] [INFO] [1777001505.829689212] [lvdot_detector_node]: Pipeline stats: depth_samples=1451/71300 u_map=3 depth_boxes=0 u_map_merge=0 u_map_db=0 u_map_visual=0 u_map_fused=0 u_map_filtered=0 lidar_samples=3262/126241 uv=2 db=9 lidar=23 fused=25 filtered=25 tracks=24 dynamic=1 dyn_points=0 raw_dyn_points=0 service=13/1 split=25->0 (25 outputs) fusion_components=25 visual_only=2 lidar_only=23 yolo_in=1 yolo_match3d=1 yolo_match_det=1 yolo_human=1 fixed_size=2 size_reject=1
[lvdot_detector_main-8] [INFO] [1777001515.204800802] [lvdot_detector_node]: Input health: depth=158 color=163 lidar=12 pose=168 odom=168 yolo=154 depth_pose_sync=0 lidar_pose_sync=0 depth_odom_sync=0 lidar_odom_sync=0
[lvdot_detector_main-8] [INFO] [1777001515.206955959] [lvdot_detector_node]: Stage timers: detection=208 lidar_detection=208 tracking=208 classification=208 vis=0
[lvdot_detector_main-8] [INFO] [1777001515.208992104] [lvdot_detector_node]: Processing phases: detection=idle lidar_detection=waiting_new_lidar tracking=idle classification=idle
[lvdot_detector_main-8] [INFO] [1777001515.209017492] [lvdot_detector_node]: Pipeline stats: depth_samples=1281/71300 u_map=3 depth_boxes=0 u_map_merge=0 u_map_db=0 u_map_visual=0 u_map_fused=0 u_map_filtered=0 lidar_samples=3262/126241 uv=2 db=10 lidar=23 fused=25 filtered=25 tracks=26 dynamic=0 dyn_points=0 raw_dyn_points=0 service=13/1 split=25->0 (25 outputs) fusion_components=25 visual_only=2 lidar_only=23 yolo_in=5 yolo_match3d=4 yolo_match_det=4 yolo_human=4 fixed_size=23 size_reject=0
[lvdot_detector_main-8] [INFO] [1777001532.332886703] [lvdot_detector_node]: Input health: depth=162 color=167 lidar=13 pose=172 odom=172 yolo=158 depth_pose_sync=0 lidar_pose_sync=0 depth_odom_sync=0 lidar_odom_sync=0
[lvdot_detector_main-8] [INFO] [1777001532.332963757] [lvdot_detector_node]: Stage timers: detection=212 lidar_detection=212 tracking=212 classification=212 vis=0
[lvdot_detector_main-8] [INFO] [1777001532.332977967] [lvdot_detector_node]: Processing phases: detection=idle lidar_detection=waiting_new_lidar tracking=idle classification=idle
[lvdot_detector_main-8] [INFO] [1777001532.332988774] [lvdot_detector_node]: Pipeline stats: depth_samples=1437/71300 u_map=1 depth_boxes=0 u_map_merge=0 u_map_db=0 u_map_visual=0 u_map_fused=0 u_map_filtered=0 lidar_samples=3330/120362 uv=1 db=10 lidar=17 fused=18 filtered=18 tracks=18 dynamic=0 dyn_points=0 raw_dyn_points=0 service=13/1 split=18->0 (18 outputs) fusion_components=18 visual_only=1 lidar_only=17 yolo_in=4 yolo_match3d=1 yolo_match_det=1 yolo_human=1 fixed_size=0 size_reject=0
