[INFO] [launch]: All log files can be found below /home/skbt2/.ros/log/2026-04-23-09-24-33-714538-DESKTOP-90MQDL6-887918
[INFO] [launch]: Default logging verbosity is set to INFO
[INFO] [gazebo-1]: process started with pid [887963]
[INFO] [parameter_bridge-2]: process started with pid [887964]
[INFO] [pedestrian_state_publisher-3]: process started with pid [887965]
[INFO] [uav_trajectory_controller-4]: process started with pid [887966]
[INFO] [image_pointcloud_relay-5]: process started with pid [887967]
[INFO] [lvdot_yolo_node-6]: process started with pid [887968]
[INFO] [lvdot_detector_main-7]: process started with pid [887969]
[parameter_bridge-2] [INFO] [1776907474.462952598] [ros_gz_bridge]: Creating GZ->ROS Bridge: [/rgbd_camera/image (gz.msgs.Image) -> /rgbd_camera/image (sensor_msgs/msg/Image)] (Lazy 0)
[parameter_bridge-2] [INFO] [1776907474.472523663] [ros_gz_bridge]: Creating GZ->ROS Bridge: [/rgbd_camera/camera_info (gz.msgs.CameraInfo) -> /rgbd_camera/camera_info (sensor_msgs/msg/CameraInfo)] (Lazy 0)
[parameter_bridge-2] [INFO] [1776907474.480275189] [ros_gz_bridge]: Creating GZ->ROS Bridge: [/rgbd_camera/depth_image (gz.msgs.Image) -> /rgbd_camera/depth_image (sensor_msgs/msg/Image)] (Lazy 0)
[parameter_bridge-2] [INFO] [1776907474.487240594] [ros_gz_bridge]: Creating GZ->ROS Bridge: [/rgbd_camera/points (gz.msgs.PointCloudPacked) -> /rgbd_camera/points (sensor_msgs/msg/PointCloud2)] (Lazy 0)
[parameter_bridge-2] [INFO] [1776907474.492817313] [ros_gz_bridge]: Creating GZ->ROS Bridge: [/camera/imu (gz.msgs.IMU) -> /camera/imu (sensor_msgs/msg/Imu)] (Lazy 0)
[parameter_bridge-2] [INFO] [1776907474.504922469] [ros_gz_bridge]: Creating ROS->GZ service bridge [/world/pedestrian_prototype/set_pose (ros_gz_interfaces/srv/SetEntityPose -> /)]
[parameter_bridge-2] [INFO] [1776907474.508652895] [ros_gz_bridge]: Creating ROS->GZ service bridge [/world/pedestrian_prototype/set_pose/blocking (ros_gz_interfaces/srv/SetEntityPose -> /)]
[lvdot_detector_main-7] [INFO] [1776907474.769297674] [lvdot_detector_node]: Config loaded: localization_mode=0 dt=0.033 image=640x480 depth_range=[0.20, 12.00] stage_timers=true
[lvdot_detector_main-7] [INFO] [1776907474.831054378] [lvdot_detector_node]: LV-DOT ROS2 skeleton started. depth=/camera/depth/image_rect_raw color=/camera/color/image_raw lidar=/rgbd_camera/points pose=/mavros/local_position/pose odom=/mavros/local_position/odom yolo=/yolo_detector/detected_bounding_boxes
[lvdot_detector_main-7] [INFO] [1776907476.841584221] [lvdot_detector_node]: Input health: depth=0 color=0 lidar=0 pose=0 odom=0 yolo=1 depth_pose_sync=0 lidar_pose_sync=0 depth_odom_sync=0 lidar_odom_sync=0
[lvdot_detector_main-7] [INFO] [1776907476.846748242] [lvdot_detector_node]: Stage timers: detection=59 lidar_detection=59 tracking=59 classification=59 vis=59
[lvdot_detector_main-7] [INFO] [1776907476.846788375] [lvdot_detector_node]: Processing phases: detection=waiting_sensor_pose lidar_detection=waiting_new_lidar tracking=waiting_filtered_bboxes classification=idle
[lvdot_detector_main-7] [INFO] [1776907476.846801561] [lvdot_detector_node]: Pipeline stats: depth_samples=0/0 u_map=0 depth_boxes=0 u_map_merge=0 u_map_db=0 u_map_visual=0 u_map_fused=0 u_map_filtered=0 lidar_samples=0/0 uv=0 db=0 lidar=0 fused=0 filtered=0 tracks=0 dynamic=0 dyn_points=0 raw_dyn_points=0 service=0/0 split=0->0 (0 outputs) fusion_components=0 visual_only=0 lidar_only=0 fixed_size=0 size_reject=0
[gazebo-1] [INFO] [1776907478.086986230] [pedestrian_pose_sync_system]: Configured pedestrian pose sync plugin on topic [/pedestrian_sim/agent_states] for 8 models.
[uav_trajectory_controller-4] [WARN] [1776907480.405164027] [uav_trajectory_controller]: SetEntityPose request timed out after 0.50s on /world/pedestrian_prototype/set_pose/blocking; dropping the pending request and retrying.
[uav_trajectory_controller-4] [WARN] [1776907480.406015126] [uav_trajectory_controller]: Falling back from /world/pedestrian_prototype/set_pose/blocking to /world/pedestrian_prototype/set_pose.
[lvdot_detector_main-7] [INFO] [1776907482.837010312] [lvdot_detector_node]: Input health: depth=10 color=10 lidar=0 pose=214 odom=213 yolo=7 depth_pose_sync=0 lidar_pose_sync=0 depth_odom_sync=0 lidar_odom_sync=0
[lvdot_detector_main-7] [INFO] [1776907482.837112480] [lvdot_detector_node]: Stage timers: detection=112 lidar_detection=235 tracking=232 classification=235 vis=205
[lvdot_detector_main-7] [INFO] [1776907482.837129357] [lvdot_detector_node]: Processing phases: detection=run_core lidar_detection=waiting_new_lidar tracking=waiting_filtered_bboxes classification=idle
[lvdot_detector_main-7] [INFO] [1776907482.837142696] [lvdot_detector_node]: Pipeline stats: depth_samples=264/71300 u_map=3 depth_boxes=0 u_map_merge=0 u_map_db=0 u_map_visual=0 u_map_fused=0 u_map_filtered=0 lidar_samples=0/0 uv=0 db=3 lidar=0 fused=0 filtered=0 tracks=0 dynamic=0 dyn_points=0 raw_dyn_points=0 service=0/0 split=0->0 (0 outputs) fusion_components=0 visual_only=0 lidar_only=0 fixed_size=0 size_reject=0
[lvdot_detector_main-7] [INFO] [1776907488.572149502] [lvdot_detector_node]: Input health: depth=17 color=22 lidar=0 pose=404 odom=403 yolo=9 depth_pose_sync=0 lidar_pose_sync=0 depth_odom_sync=0 lidar_odom_sync=0
[lvdot_detector_main-7] [INFO] [1776907488.572263220] [lvdot_detector_node]: Stage timers: detection=114 lidar_detection=353 tracking=352 classification=355 vis=311
[lvdot_detector_main-7] [INFO] [1776907488.572280503] [lvdot_detector_node]: Processing phases: detection=run_core lidar_detection=waiting_new_lidar tracking=waiting_filtered_bboxes classification=idle
[lvdot_detector_main-7] [INFO] [1776907488.572291769] [lvdot_detector_node]: Pipeline stats: depth_samples=164/71300 u_map=3 depth_boxes=0 u_map_merge=0 u_map_db=0 u_map_visual=0 u_map_fused=0 u_map_filtered=0 lidar_samples=0/0 uv=0 db=2 lidar=0 fused=0 filtered=0 tracks=0 dynamic=0 dyn_points=0 raw_dyn_points=0 service=0/0 split=0->0 (0 outputs) fusion_components=0 visual_only=0 lidar_only=0 fixed_size=0 size_reject=0
[lvdot_detector_main-7] [INFO] [1776907494.568806298] [lvdot_detector_node]: Input health: depth=24 color=34 lidar=0 pose=693 odom=692 yolo=14 depth_pose_sync=0 lidar_pose_sync=0 depth_odom_sync=0 lidar_odom_sync=0
[lvdot_detector_main-7] [INFO] [1776907494.568861152] [lvdot_detector_node]: Stage timers: detection=119 lidar_detection=531 tracking=530 classification=530 vis=472
[lvdot_detector_main-7] [INFO] [1776907494.568871242] [lvdot_detector_node]: Processing phases: detection=run_core lidar_detection=waiting_new_lidar tracking=waiting_filtered_bboxes classification=idle
[lvdot_detector_main-7] [INFO] [1776907494.568880323] [lvdot_detector_node]: Pipeline stats: depth_samples=130/71300 u_map=4 depth_boxes=0 u_map_merge=0 u_map_db=0 u_map_visual=0 u_map_fused=0 u_map_filtered=0 lidar_samples=0/0 uv=0 db=1 lidar=0 fused=0 filtered=0 tracks=0 dynamic=0 dyn_points=0 raw_dyn_points=0 service=0/0 split=0->0 (0 outputs) fusion_components=0 visual_only=0 lidar_only=0 fixed_size=0 size_reject=0
[lvdot_detector_main-7] [INFO] [1776907500.562262602] [lvdot_detector_node]: Input health: depth=33 color=53 lidar=0 pose=971 odom=971 yolo=19 depth_pose_sync=0 lidar_pose_sync=0 depth_odom_sync=0 lidar_odom_sync=0
[lvdot_detector_main-7] [INFO] [1776907500.562320364] [lvdot_detector_node]: Stage timers: detection=123 lidar_detection=710 tracking=705 classification=706 vis=624
[lvdot_detector_main-7] [INFO] [1776907500.562333356] [lvdot_detector_node]: Processing phases: detection=run_core lidar_detection=waiting_new_lidar tracking=waiting_filtered_bboxes classification=idle
[lvdot_detector_main-7] [INFO] [1776907500.562343357] [lvdot_detector_node]: Pipeline stats: depth_samples=129/71300 u_map=3 depth_boxes=0 u_map_merge=0 u_map_db=0 u_map_visual=0 u_map_fused=0 u_map_filtered=0 lidar_samples=0/0 uv=0 db=1 lidar=0 fused=0 filtered=0 tracks=0 dynamic=0 dyn_points=0 raw_dyn_points=0 service=0/0 split=0->0 (0 outputs) fusion_components=0 visual_only=0 lidar_only=0 fixed_size=0 size_reject=0
[lvdot_detector_main-7] [INFO] [1776907506.565519297] [lvdot_detector_node]: Input health: depth=42 color=66 lidar=1 pose=1258 odom=1257 yolo=23 depth_pose_sync=0 lidar_pose_sync=0 depth_odom_sync=0 lidar_odom_sync=0
[lvdot_detector_main-7] [INFO] [1776907506.566619306] [lvdot_detector_node]: Stage timers: detection=127 lidar_detection=739 tracking=884 classification=886 vis=777
[lvdot_detector_main-7] [INFO] [1776907506.566929989] [lvdot_detector_node]: Processing phases: detection=run_core lidar_detection=run_lidar_detector/dbscan tracking=waiting_filtered_bboxes classification=idle
[lvdot_detector_main-7] [INFO] [1776907506.567020745] [lvdot_detector_node]: Pipeline stats: depth_samples=105/71300 u_map=2 depth_boxes=0 u_map_merge=0 u_map_db=0 u_map_visual=0 u_map_fused=0 u_map_filtered=0 lidar_samples=0/0 uv=0 db=1 lidar=0 fused=0 filtered=0 tracks=0 dynamic=0 dyn_points=0 raw_dyn_points=0 service=0/0 split=0->0 (0 outputs) fusion_components=0 visual_only=0 lidar_only=0 fixed_size=0 size_reject=0
[lvdot_detector_main-7] [INFO] [1776907512.560583194] [lvdot_detector_node]: Input health: depth=49 color=79 lidar=1 pose=1540 odom=1539 yolo=28 depth_pose_sync=0 lidar_pose_sync=0 depth_odom_sync=0 lidar_odom_sync=0
[lvdot_detector_main-7] [INFO] [1776907512.560657569] [lvdot_detector_node]: Stage timers: detection=132 lidar_detection=880 tracking=1055 classification=1054 vis=926
[lvdot_detector_main-7] [INFO] [1776907512.560677364] [lvdot_detector_node]: Processing phases: detection=run_core lidar_detection=waiting_new_lidar tracking=waiting_filtered_bboxes classification=idle
[lvdot_detector_main-7] [INFO] [1776907512.560689568] [lvdot_detector_node]: Pipeline stats: depth_samples=105/71300 u_map=2 depth_boxes=0 u_map_merge=0 u_map_db=0 u_map_visual=0 u_map_fused=0 u_map_filtered=0 lidar_samples=2422/108035 uv=0 db=0 lidar=0 fused=0 filtered=0 tracks=0 dynamic=0 dyn_points=0 raw_dyn_points=0 service=0/0 split=0->0 (0 outputs) fusion_components=0 visual_only=0 lidar_only=0 fixed_size=0 size_reject=0
[lvdot_detector_main-7] [INFO] [1776907518.561027231] [lvdot_detector_node]: Input health: depth=56 color=99 lidar=1 pose=1817 odom=1817 yolo=33 depth_pose_sync=0 lidar_pose_sync=0 depth_odom_sync=0 lidar_odom_sync=0
[lvdot_detector_main-7] [INFO] [1776907518.561089439] [lvdot_detector_node]: Stage timers: detection=137 lidar_detection=1058 tracking=1231 classification=1230 vis=1070
[lvdot_detector_main-7] [INFO] [1776907518.561100970] [lvdot_detector_node]: Processing phases: detection=run_core lidar_detection=waiting_new_lidar tracking=waiting_filtered_bboxes classification=idle
[lvdot_detector_main-7] [INFO] [1776907518.561109972] [lvdot_detector_node]: Pipeline stats: depth_samples=105/71300 u_map=4 depth_boxes=0 u_map_merge=0 u_map_db=0 u_map_visual=0 u_map_fused=0 u_map_filtered=0 lidar_samples=2422/108035 uv=0 db=1 lidar=0 fused=0 filtered=0 tracks=0 dynamic=0 dyn_points=0 raw_dyn_points=0 service=0/0 split=0->0 (0 outputs) fusion_components=0 visual_only=0 lidar_only=0 fixed_size=0 size_reject=0
[lvdot_detector_main-7] [INFO] [1776907524.281644828] [lvdot_detector_node]: Input health: depth=67 color=111 lidar=1 pose=2005 odom=2004 yolo=36 depth_pose_sync=0 lidar_pose_sync=0 depth_odom_sync=0 lidar_odom_sync=0
[lvdot_detector_main-7] [INFO] [1776907524.282206627] [lvdot_detector_node]: Stage timers: detection=139 lidar_detection=1177 tracking=1347 classification=1346 vis=1174
[lvdot_detector_main-7] [INFO] [1776907524.282228729] [lvdot_detector_node]: Processing phases: detection=run_core lidar_detection=waiting_new_lidar tracking=waiting_filtered_bboxes classification=idle
[lvdot_detector_main-7] [INFO] [1776907524.282245497] [lvdot_detector_node]: Pipeline stats: depth_samples=130/71300 u_map=3 depth_boxes=0 u_map_merge=0 u_map_db=0 u_map_visual=0 u_map_fused=0 u_map_filtered=0 lidar_samples=2422/108035 uv=0 db=1 lidar=0 fused=0 filtered=0 tracks=0 dynamic=0 dyn_points=0 raw_dyn_points=0 service=0/0 split=0->0 (0 outputs) fusion_components=0 visual_only=0 lidar_only=0 fixed_size=0 size_reject=0
[lvdot_detector_main-7] [INFO] [1776907530.284863138] [lvdot_detector_node]: Input health: depth=76 color=132 lidar=1 pose=2287 odom=2287 yolo=41 depth_pose_sync=0 lidar_pose_sync=0 depth_odom_sync=0 lidar_odom_sync=0
[lvdot_detector_main-7] [INFO] [1776907530.285103347] [lvdot_detector_node]: Stage timers: detection=144 lidar_detection=1355 tracking=1524 classification=1522 vis=1334
[lvdot_detector_main-7] [INFO] [1776907530.285124215] [lvdot_detector_node]: Processing phases: detection=run_core lidar_detection=waiting_new_lidar tracking=waiting_filtered_bboxes classification=idle
[lvdot_detector_main-7] [INFO] [1776907530.285135247] [lvdot_detector_node]: Pipeline stats: depth_samples=130/71300 u_map=0 depth_boxes=0 u_map_merge=0 u_map_db=0 u_map_visual=0 u_map_fused=0 u_map_filtered=0 lidar_samples=2422/108035 uv=0 db=1 lidar=0 fused=0 filtered=0 tracks=0 dynamic=0 dyn_points=0 raw_dyn_points=0 service=0/0 split=0->0 (0 outputs) fusion_components=0 visual_only=0 lidar_only=0 fixed_size=0 size_reject=0
[lvdot_detector_main-7] [INFO] [1776907536.282300461] [lvdot_detector_node]: Input health: depth=83 color=141 lidar=1 pose=2557 odom=2557 yolo=47 depth_pose_sync=0 lidar_pose_sync=0 depth_odom_sync=0 lidar_odom_sync=0
[lvdot_detector_main-7] [INFO] [1776907536.283352166] [lvdot_detector_node]: Stage timers: detection=148 lidar_detection=1533 tracking=1701 classification=1698 vis=1481
[lvdot_detector_main-7] [INFO] [1776907536.283380312] [lvdot_detector_node]: Processing phases: detection=run_core lidar_detection=waiting_new_lidar tracking=waiting_filtered_bboxes classification=idle
[lvdot_detector_main-7] [INFO] [1776907536.283395769] [lvdot_detector_node]: Pipeline stats: depth_samples=271/71300 u_map=4 depth_boxes=0 u_map_merge=0 u_map_db=0 u_map_visual=0 u_map_fused=0 u_map_filtered=0 lidar_samples=2422/108035 uv=0 db=3 lidar=0 fused=0 filtered=0 tracks=0 dynamic=0 dyn_points=0 raw_dyn_points=0 service=0/0 split=0->0 (0 outputs) fusion_components=0 visual_only=0 lidar_only=0 fixed_size=0 size_reject=0
[lvdot_detector_main-7] [INFO] [1776907542.290710299] [lvdot_detector_node]: Input health: depth=87 color=152 lidar=1 pose=2846 odom=2846 yolo=53 depth_pose_sync=0 lidar_pose_sync=0 depth_odom_sync=0 lidar_odom_sync=0
[lvdot_detector_main-7] [INFO] [1776907542.290769858] [lvdot_detector_node]: Stage timers: detection=153 lidar_detection=1706 tracking=1874 classification=1871 vis=1633
[lvdot_detector_main-7] [INFO] [1776907542.290780531] [lvdot_detector_node]: Processing phases: detection=run_core lidar_detection=waiting_new_lidar tracking=snapshot classification=idle
[lvdot_detector_main-7] [INFO] [1776907542.290789108] [lvdot_detector_node]: Pipeline stats: depth_samples=207/71300 u_map=3 depth_boxes=0 u_map_merge=0 u_map_db=0 u_map_visual=0 u_map_fused=0 u_map_filtered=0 lidar_samples=2422/108035 uv=0 db=4 lidar=0 fused=0 filtered=0 tracks=0 dynamic=0 dyn_points=0 raw_dyn_points=0 service=0/0 split=0->0 (0 outputs) fusion_components=0 visual_only=0 lidar_only=0 fixed_size=0 size_reject=0
[lvdot_detector_main-7] [INFO] [1776907548.285310905] [lvdot_detector_node]: Input health: depth=100 color=177 lidar=1 pose=3133 odom=3133 yolo=58 depth_pose_sync=0 lidar_pose_sync=0 depth_odom_sync=0 lidar_odom_sync=0
[lvdot_detector_main-7] [INFO] [1776907548.285944618] [lvdot_detector_node]: Stage timers: detection=157 lidar_detection=1886 tracking=2054 classification=2052 vis=1790
[lvdot_detector_main-7] [INFO] [1776907548.285959103] [lvdot_detector_node]: Processing phases: detection=run_core lidar_detection=snapshot tracking=waiting_filtered_bboxes classification=idle
[lvdot_detector_main-7] [INFO] [1776907548.285968251] [lvdot_detector_node]: Pipeline stats: depth_samples=130/71300 u_map=4 depth_boxes=0 u_map_merge=0 u_map_db=0 u_map_visual=0 u_map_fused=0 u_map_filtered=0 lidar_samples=2422/108035 uv=0 db=1 lidar=0 fused=0 filtered=0 tracks=0 dynamic=0 dyn_points=0 raw_dyn_points=0 service=0/0 split=0->0 (0 outputs) fusion_components=0 visual_only=0 lidar_only=0 fixed_size=0 size_reject=0
[lvdot_detector_main-7] [INFO] [1776907556.144308693] [lvdot_detector_node]: Input health: depth=116 color=203 lidar=1 pose=3427 odom=3427 yolo=62 depth_pose_sync=0 lidar_pose_sync=0 depth_odom_sync=0 lidar_odom_sync=0
[lvdot_detector_main-7] [INFO] [1776907556.144368968] [lvdot_detector_node]: Stage timers: detection=161 lidar_detection=2061 tracking=2226 classification=2223 vis=1932
[lvdot_detector_main-7] [INFO] [1776907556.144380031] [lvdot_detector_node]: Processing phases: detection=run_core lidar_detection=waiting_new_lidar tracking=waiting_filtered_bboxes classification=idle
[lvdot_detector_main-7] [INFO] [1776907556.144388995] [lvdot_detector_node]: Pipeline stats: depth_samples=128/71300 u_map=4 depth_boxes=0 u_map_merge=0 u_map_db=0 u_map_visual=0 u_map_fused=0 u_map_filtered=0 lidar_samples=2422/108035 uv=0 db=3 lidar=0 fused=0 filtered=0 tracks=0 dynamic=0 dyn_points=0 raw_dyn_points=0 service=0/0 split=0->0 (0 outputs) fusion_components=0 visual_only=0 lidar_only=0 fixed_size=0 size_reject=0
[lvdot_detector_main-7] [INFO] [1776907562.132235838] [lvdot_detector_node]: Input health: depth=126 color=228 lidar=1 pose=3711 odom=3711 yolo=68 depth_pose_sync=0 lidar_pose_sync=0 depth_odom_sync=0 lidar_odom_sync=0
[lvdot_detector_main-7] [INFO] [1776907562.132288722] [lvdot_detector_node]: Stage timers: detection=165 lidar_detection=2238 tracking=2402 classification=2397 vis=2092
[lvdot_detector_main-7] [INFO] [1776907562.132299204] [lvdot_detector_node]: Processing phases: detection=run_core lidar_detection=waiting_new_lidar tracking=waiting_filtered_bboxes classification=idle
[lvdot_detector_main-7] [INFO] [1776907562.132307684] [lvdot_detector_node]: Pipeline stats: depth_samples=128/71300 u_map=3 depth_boxes=0 u_map_merge=0 u_map_db=0 u_map_visual=0 u_map_fused=0 u_map_filtered=0 lidar_samples=2422/108035 uv=0 db=3 lidar=0 fused=0 filtered=0 tracks=0 dynamic=0 dyn_points=0 raw_dyn_points=0 service=0/0 split=0->0 (0 outputs) fusion_components=0 visual_only=0 lidar_only=0 fixed_size=0 size_reject=0
[lvdot_detector_main-7] [INFO] [1776907568.132625812] [lvdot_detector_node]: Input health: depth=140 color=254 lidar=1 pose=3992 odom=3994 yolo=72 depth_pose_sync=0 lidar_pose_sync=0 depth_odom_sync=0 lidar_odom_sync=0
[lvdot_detector_main-7] [INFO] [1776907568.132689672] [lvdot_detector_node]: Stage timers: detection=170 lidar_detection=2412 tracking=2580 classification=2573 vis=2249
[lvdot_detector_main-7] [INFO] [1776907568.132702711] [lvdot_detector_node]: Processing phases: detection=run_core lidar_detection=waiting_new_lidar tracking=waiting_filtered_bboxes classification=idle
[lvdot_detector_main-7] [INFO] [1776907568.132712513] [lvdot_detector_node]: Pipeline stats: depth_samples=130/71300 u_map=3 depth_boxes=0 u_map_merge=0 u_map_db=0 u_map_visual=0 u_map_fused=0 u_map_filtered=0 lidar_samples=2422/108035 uv=0 db=1 lidar=0 fused=0 filtered=0 tracks=0 dynamic=0 dyn_points=0 raw_dyn_points=0 service=0/0 split=0->0 (0 outputs) fusion_components=0 visual_only=0 lidar_only=0 fixed_size=0 size_reject=0
[lvdot_detector_main-7] [INFO] [1776907574.133361536] [lvdot_detector_node]: Input health: depth=149 color=277 lidar=1 pose=4276 odom=4278 yolo=77 depth_pose_sync=0 lidar_pose_sync=0 depth_odom_sync=0 lidar_odom_sync=0
[lvdot_detector_main-7] [INFO] [1776907574.133420066] [lvdot_detector_node]: Stage timers: detection=175 lidar_detection=2593 tracking=2759 classification=2753 vis=2409
[lvdot_detector_main-7] [INFO] [1776907574.133430630] [lvdot_detector_node]: Processing phases: detection=run_core lidar_detection=waiting_new_lidar tracking=waiting_filtered_bboxes classification=build_input
[lvdot_detector_main-7] [INFO] [1776907574.133439862] [lvdot_detector_node]: Pipeline stats: depth_samples=105/71300 u_map=3 depth_boxes=0 u_map_merge=0 u_map_db=0 u_map_visual=0 u_map_fused=0 u_map_filtered=0 lidar_samples=2422/108035 uv=0 db=1 lidar=0 fused=0 filtered=0 tracks=0 dynamic=0 dyn_points=0 raw_dyn_points=0 service=0/0 split=0->0 (0 outputs) fusion_components=0 visual_only=0 lidar_only=0 fixed_size=0 size_reject=0
[lvdot_detector_main-7] [INFO] [1776907580.143552725] [lvdot_detector_node]: Input health: depth=160 color=301 lidar=1 pose=4556 odom=4558 yolo=82 depth_pose_sync=0 lidar_pose_sync=0 depth_odom_sync=0 lidar_odom_sync=0
[lvdot_detector_main-7] [INFO] [1776907580.150042731] [lvdot_detector_node]: Stage timers: detection=179 lidar_detection=2771 tracking=2935 classification=2929 vis=2561
[lvdot_detector_main-7] [INFO] [1776907580.150062048] [lvdot_detector_node]: Processing phases: detection=run_core lidar_detection=waiting_new_lidar tracking=waiting_filtered_bboxes classification=snapshot
[lvdot_detector_main-7] [INFO] [1776907580.150072611] [lvdot_detector_node]: Pipeline stats: depth_samples=128/71300 u_map=3 depth_boxes=0 u_map_merge=0 u_map_db=0 u_map_visual=0 u_map_fused=0 u_map_filtered=0 lidar_samples=2422/108035 uv=0 db=3 lidar=0 fused=0 filtered=0 tracks=0 dynamic=0 dyn_points=0 raw_dyn_points=0 service=0/0 split=0->0 (0 outputs) fusion_components=0 visual_only=0 lidar_only=0 fixed_size=0 size_reject=0
[lvdot_detector_main-7] [INFO] [1776907586.134751322] [lvdot_detector_node]: Input health: depth=175 color=318 lidar=1 pose=4837 odom=4839 yolo=87 depth_pose_sync=0 lidar_pose_sync=0 depth_odom_sync=0 lidar_odom_sync=0
[lvdot_detector_main-7] [INFO] [1776907586.134807369] [lvdot_detector_node]: Stage timers: detection=183 lidar_detection=2943 tracking=3107 classification=3102 vis=2703
[lvdot_detector_main-7] [INFO] [1776907586.134818122] [lvdot_detector_node]: Processing phases: detection=run_core lidar_detection=waiting_new_lidar tracking=snapshot classification=idle
[lvdot_detector_main-7] [INFO] [1776907586.134826781] [lvdot_detector_node]: Pipeline stats: depth_samples=105/71300 u_map=4 depth_boxes=0 u_map_merge=0 u_map_db=0 u_map_visual=0 u_map_fused=0 u_map_filtered=0 lidar_samples=2422/108035 uv=0 db=1 lidar=0 fused=0 filtered=0 tracks=0 dynamic=0 dyn_points=0 raw_dyn_points=0 service=0/0 split=0->0 (0 outputs) fusion_components=0 visual_only=0 lidar_only=0 fixed_size=0 size_reject=0
[lvdot_detector_main-7] [INFO] [1776907591.762620812] [lvdot_detector_node]: Input health: depth=181 color=335 lidar=1 pose=5017 odom=5022 yolo=91 depth_pose_sync=0 lidar_pose_sync=0 depth_odom_sync=0 lidar_odom_sync=0
[lvdot_detector_main-7] [INFO] [1776907591.762699982] [lvdot_detector_node]: Stage timers: detection=186 lidar_detection=3057 tracking=3224 classification=3213 vis=2795
[lvdot_detector_main-7] [INFO] [1776907591.762711496] [lvdot_detector_node]: Processing phases: detection=run_core lidar_detection=waiting_new_lidar tracking=waiting_filtered_bboxes classification=idle
[lvdot_detector_main-7] [INFO] [1776907591.762720346] [lvdot_detector_node]: Pipeline stats: depth_samples=132/71300 u_map=1 depth_boxes=0 u_map_merge=0 u_map_db=0 u_map_visual=0 u_map_fused=0 u_map_filtered=0 lidar_samples=2422/108035 uv=0 db=3 lidar=0 fused=0 filtered=0 tracks=0 dynamic=0 dyn_points=0 raw_dyn_points=0 service=0/0 split=0->0 (0 outputs) fusion_components=0 visual_only=0 lidar_only=0 fixed_size=0 size_reject=0
[lvdot_detector_main-7] [INFO] [1776907597.765237387] [lvdot_detector_node]: Input health: depth=193 color=363 lidar=1 pose=5301 odom=5305 yolo=97 depth_pose_sync=0 lidar_pose_sync=0 depth_odom_sync=0 lidar_odom_sync=0
[lvdot_detector_main-7] [INFO] [1776907597.765307078] [lvdot_detector_node]: Stage timers: detection=190 lidar_detection=3236 tracking=3402 classification=3392 vis=2958
[lvdot_detector_main-7] [INFO] [1776907597.765324310] [lvdot_detector_node]: Processing phases: detection=run_core lidar_detection=waiting_new_lidar tracking=snapshot classification=idle
[lvdot_detector_main-7] [INFO] [1776907597.765335354] [lvdot_detector_node]: Pipeline stats: depth_samples=125/71300 u_map=2 depth_boxes=0 u_map_merge=0 u_map_db=0 u_map_visual=0 u_map_fused=0 u_map_filtered=0 lidar_samples=2422/108035 uv=0 db=2 lidar=0 fused=0 filtered=0 tracks=0 dynamic=0 dyn_points=0 raw_dyn_points=0 service=0/0 split=0->0 (0 outputs) fusion_components=0 visual_only=0 lidar_only=0 fixed_size=0 size_reject=0
[lvdot_detector_main-7] [INFO] [1776907603.759882152] [lvdot_detector_node]: Input health: depth=210 color=390 lidar=1 pose=5589 odom=5593 yolo=101 depth_pose_sync=0 lidar_pose_sync=0 depth_odom_sync=0 lidar_odom_sync=0
[lvdot_detector_main-7] [INFO] [1776907603.759942175] [lvdot_detector_node]: Stage timers: detection=195 lidar_detection=3410 tracking=3576 classification=3564 vis=3105
[lvdot_detector_main-7] [INFO] [1776907603.759956349] [lvdot_detector_node]: Processing phases: detection=run_core lidar_detection=waiting_new_lidar tracking=waiting_filtered_bboxes classification=idle
[lvdot_detector_main-7] [INFO] [1776907603.759967478] [lvdot_detector_node]: Pipeline stats: depth_samples=150/71300 u_map=4 depth_boxes=0 u_map_merge=0 u_map_db=0 u_map_visual=0 u_map_fused=0 u_map_filtered=0 lidar_samples=2422/108035 uv=0 db=2 lidar=0 fused=0 filtered=0 tracks=0 dynamic=0 dyn_points=0 raw_dyn_points=0 service=0/0 split=0->0 (0 outputs) fusion_components=0 visual_only=0 lidar_only=0 fixed_size=0 size_reject=0
[lvdot_detector_main-7] [INFO] [1776907609.775786094] [lvdot_detector_node]: Input health: depth=223 color=416 lidar=1 pose=5865 odom=5869 yolo=107 depth_pose_sync=0 lidar_pose_sync=0 depth_odom_sync=0 lidar_odom_sync=0
[lvdot_detector_main-7] [INFO] [1776907609.775848219] [lvdot_detector_node]: Stage timers: detection=199 lidar_detection=3583 tracking=3749 classification=3740 vis=3252
[lvdot_detector_main-7] [INFO] [1776907609.775858780] [lvdot_detector_node]: Processing phases: detection=run_core lidar_detection=waiting_new_lidar tracking=waiting_filtered_bboxes classification=snapshot
[lvdot_detector_main-7] [INFO] [1776907609.775867437] [lvdot_detector_node]: Pipeline stats: depth_samples=110/71300 u_map=3 depth_boxes=0 u_map_merge=0 u_map_db=0 u_map_visual=0 u_map_fused=0 u_map_filtered=0 lidar_samples=2422/108035 uv=0 db=1 lidar=0 fused=0 filtered=0 tracks=0 dynamic=0 dyn_points=0 raw_dyn_points=0 service=0/0 split=0->0 (0 outputs) fusion_components=0 visual_only=0 lidar_only=0 fixed_size=0 size_reject=0
[lvdot_detector_main-7] [INFO] [1776907615.763017710] [lvdot_detector_node]: Input health: depth=236 color=437 lidar=2 pose=6146 odom=6150 yolo=112 depth_pose_sync=0 lidar_pose_sync=0 depth_odom_sync=0 lidar_odom_sync=0
[lvdot_detector_main-7] [INFO] [1776907615.763077552] [lvdot_detector_node]: Stage timers: detection=203 lidar_detection=3745 tracking=3926 classification=3915 vis=3403
[lvdot_detector_main-7] [INFO] [1776907615.763088303] [lvdot_detector_node]: Processing phases: detection=run_core lidar_detection=run_lidar_detector/project tracking=waiting_filtered_bboxes classification=idle
[lvdot_detector_main-7] [INFO] [1776907615.763096960] [lvdot_detector_node]: Pipeline stats: depth_samples=110/71300 u_map=3 depth_boxes=0 u_map_merge=0 u_map_db=0 u_map_visual=0 u_map_fused=0 u_map_filtered=0 lidar_samples=2422/108035 uv=0 db=1 lidar=0 fused=0 filtered=0 tracks=0 dynamic=0 dyn_points=0 raw_dyn_points=0 service=0/0 split=0->0 (0 outputs) fusion_components=0 visual_only=0 lidar_only=0 fixed_size=0 size_reject=0
[lvdot_detector_main-7] [INFO] [1776907623.415334936] [lvdot_detector_node]: Input health: depth=251 color=471 lidar=2 pose=6432 odom=6436 yolo=116 depth_pose_sync=0 lidar_pose_sync=0 depth_odom_sync=0 lidar_odom_sync=0
[lvdot_detector_main-7] [INFO] [1776907623.415395827] [lvdot_detector_node]: Stage timers: detection=207 lidar_detection=3766 tracking=4100 classification=4089 vis=3545
[lvdot_detector_main-7] [INFO] [1776907623.415409242] [lvdot_detector_node]: Processing phases: detection=run_core lidar_detection=waiting_new_lidar tracking=waiting_filtered_bboxes classification=idle
[lvdot_detector_main-7] [INFO] [1776907623.415419708] [lvdot_detector_node]: Pipeline stats: depth_samples=130/71300 u_map=3 depth_boxes=0 u_map_merge=0 u_map_db=0 u_map_visual=0 u_map_fused=0 u_map_filtered=0 lidar_samples=2460/108700 uv=0 db=1 lidar=1 fused=1 filtered=1 tracks=0 dynamic=0 dyn_points=0 raw_dyn_points=0 service=0/0 split=1->0 (1 outputs) fusion_components=1 visual_only=0 lidar_only=1 fixed_size=0 size_reject=0
[lvdot_detector_main-7] [INFO] [1776907629.415602816] [lvdot_detector_node]: Input health: depth=256 color=480 lidar=2 pose=6715 odom=6719 yolo=123 depth_pose_sync=0 lidar_pose_sync=0 depth_odom_sync=0 lidar_odom_sync=0
[lvdot_detector_main-7] [INFO] [1776907629.415664981] [lvdot_detector_node]: Stage timers: detection=211 lidar_detection=3946 tracking=4279 classification=4267 vis=3705
[lvdot_detector_main-7] [INFO] [1776907629.415676500] [lvdot_detector_node]: Processing phases: detection=run_core lidar_detection=waiting_new_lidar tracking=waiting_filtered_bboxes classification=idle
[lvdot_detector_main-7] [INFO] [1776907629.415685353] [lvdot_detector_node]: Pipeline stats: depth_samples=110/71300 u_map=3 depth_boxes=0 u_map_merge=0 u_map_db=0 u_map_visual=0 u_map_fused=0 u_map_filtered=0 lidar_samples=2460/108700 uv=0 db=1 lidar=1 fused=1 filtered=1 tracks=0 dynamic=0 dyn_points=0 raw_dyn_points=0 service=0/0 split=1->0 (1 outputs) fusion_components=1 visual_only=0 lidar_only=1 fixed_size=0 size_reject=0
[lvdot_detector_main-7] [INFO] [1776907635.418352577] [lvdot_detector_node]: Input health: depth=263 color=498 lidar=2 pose=6997 odom=7001 yolo=126 depth_pose_sync=0 lidar_pose_sync=0 depth_odom_sync=0 lidar_odom_sync=0
[lvdot_detector_main-7] [INFO] [1776907635.420426255] [lvdot_detector_node]: Stage timers: detection=215 lidar_detection=4115 tracking=4445 classification=4434 vis=3840
[lvdot_detector_main-7] [INFO] [1776907635.420447751] [lvdot_detector_node]: Processing phases: detection=run_core lidar_detection=waiting_new_lidar tracking=waiting_filtered_bboxes classification=run_core
[lvdot_detector_main-7] [INFO] [1776907635.420457263] [lvdot_detector_node]: Pipeline stats: depth_samples=143/71300 u_map=5 depth_boxes=0 u_map_merge=0 u_map_db=0 u_map_visual=0 u_map_fused=0 u_map_filtered=0 lidar_samples=2460/108700 uv=0 db=3 lidar=1 fused=1 filtered=1 tracks=0 dynamic=0 dyn_points=0 raw_dyn_points=0 service=0/0 split=1->0 (1 outputs) fusion_components=1 visual_only=0 lidar_only=1 fixed_size=0 size_reject=0
[lvdot_detector_main-7] [INFO] [1776907641.415730588] [lvdot_detector_node]: Input health: depth=277 color=524 lidar=2 pose=7280 odom=7284 yolo=130 depth_pose_sync=0 lidar_pose_sync=0 depth_odom_sync=0 lidar_odom_sync=0
[lvdot_detector_main-7] [INFO] [1776907641.415806302] [lvdot_detector_node]: Stage timers: detection=219 lidar_detection=4284 tracking=4615 classification=4604 vis=3968
[lvdot_detector_main-7] [INFO] [1776907641.415854052] [lvdot_detector_node]: Processing phases: detection=run_core lidar_detection=waiting_new_lidar tracking=waiting_filtered_bboxes classification=idle
[lvdot_detector_main-7] [INFO] [1776907641.415869080] [lvdot_detector_node]: Pipeline stats: depth_samples=130/71300 u_map=0 depth_boxes=0 u_map_merge=0 u_map_db=0 u_map_visual=0 u_map_fused=0 u_map_filtered=0 lidar_samples=2460/108700 uv=0 db=1 lidar=1 fused=1 filtered=1 tracks=0 dynamic=0 dyn_points=0 raw_dyn_points=0 service=0/0 split=1->0 (1 outputs) fusion_components=1 visual_only=0 lidar_only=1 fixed_size=0 size_reject=0
[uav_trajectory_controller-4] [WARN] [1776907644.515267647] [uav_trajectory_controller]: SetEntityPose request timed out after 0.62s on /world/pedestrian_prototype/set_pose; dropping the pending request and retrying.
[lvdot_detector_main-7] [INFO] [1776907647.418417647] [lvdot_detector_node]: Input health: depth=283 color=541 lidar=2 pose=7555 odom=7562 yolo=135 depth_pose_sync=0 lidar_pose_sync=0 depth_odom_sync=0 lidar_odom_sync=0
[lvdot_detector_main-7] [INFO] [1776907647.418473394] [lvdot_detector_node]: Stage timers: detection=223 lidar_detection=4460 tracking=4788 classification=4782 vis=4107
[lvdot_detector_main-7] [INFO] [1776907647.418483859] [lvdot_detector_node]: Processing phases: detection=run_core lidar_detection=waiting_new_lidar tracking=waiting_filtered_bboxes classification=idle
[lvdot_detector_main-7] [INFO] [1776907647.418492611] [lvdot_detector_node]: Pipeline stats: depth_samples=110/71300 u_map=0 depth_boxes=0 u_map_merge=0 u_map_db=0 u_map_visual=0 u_map_fused=0 u_map_filtered=0 lidar_samples=2460/108700 uv=0 db=1 lidar=1 fused=1 filtered=1 tracks=0 dynamic=0 dyn_points=0 raw_dyn_points=0 service=0/0 split=1->0 (1 outputs) fusion_components=1 visual_only=0 lidar_only=1 fixed_size=0 size_reject=0
[lvdot_detector_main-7] [INFO] [1776907653.450089525] [lvdot_detector_node]: Input health: depth=296 color=557 lidar=2 pose=7844 odom=7850 yolo=140 depth_pose_sync=0 lidar_pose_sync=0 depth_odom_sync=0 lidar_odom_sync=0
[lvdot_detector_main-7] [INFO] [1776907653.450150032] [lvdot_detector_node]: Stage timers: detection=226 lidar_detection=4635 tracking=4964 classification=4957 vis=4250
[lvdot_detector_main-7] [INFO] [1776907653.450169821] [lvdot_detector_node]: Processing phases: detection=run_core lidar_detection=waiting_new_lidar tracking=waiting_filtered_bboxes classification=idle
[lvdot_detector_main-7] [INFO] [1776907653.450178668] [lvdot_detector_node]: Pipeline stats: depth_samples=182/71300 u_map=2 depth_boxes=0 u_map_merge=0 u_map_db=0 u_map_visual=0 u_map_fused=0 u_map_filtered=0 lidar_samples=2460/108700 uv=0 db=3 lidar=1 fused=1 filtered=1 tracks=0 dynamic=0 dyn_points=0 raw_dyn_points=0 service=0/0 split=1->0 (1 outputs) fusion_components=1 visual_only=0 lidar_only=1 fixed_size=0 size_reject=0
[uav_trajectory_controller-4] [WARN] [1776907657.065871525] [uav_trajectory_controller]: SetEntityPose request timed out after 1.67s on /world/pedestrian_prototype/set_pose; dropping the pending request and retrying.
[lvdot_detector_main-7] [INFO] [1776907659.076593425] [lvdot_detector_node]: Input health: depth=309 color=563 lidar=2 pose=8031 odom=8035 yolo=143 depth_pose_sync=0 lidar_pose_sync=0 depth_odom_sync=0 lidar_odom_sync=0
[lvdot_detector_main-7] [INFO] [1776907659.076660877] [lvdot_detector_node]: Stage timers: detection=228 lidar_detection=4752 tracking=5081 classification=5075 vis=4350
[lvdot_detector_main-7] [INFO] [1776907659.076673816] [lvdot_detector_node]: Processing phases: detection=run_core lidar_detection=waiting_new_lidar tracking=waiting_filtered_bboxes classification=idle
[lvdot_detector_main-7] [INFO] [1776907659.076683139] [lvdot_detector_node]: Pipeline stats: depth_samples=149/71300 u_map=3 depth_boxes=0 u_map_merge=0 u_map_db=0 u_map_visual=0 u_map_fused=0 u_map_filtered=0 lidar_samples=2460/108700 uv=0 db=2 lidar=1 fused=1 filtered=1 tracks=0 dynamic=0 dyn_points=0 raw_dyn_points=0 service=0/0 split=1->0 (1 outputs) fusion_components=1 visual_only=0 lidar_only=1 fixed_size=0 size_reject=0
[lvdot_detector_main-7] [INFO] [1776907661.207608726] [lvdot_detector_node]: get_dynamic_obstacles responded with 0 obstacles from 0 tracked dynamic boxes.
