[INFO] [launch]: All log files can be found below /home/skbt2/.ros/log/2026-04-24-06-33-29-739162-DESKTOP-90MQDL6-312506
[INFO] [launch]: Default logging verbosity is set to INFO
[INFO] [gazebo-1]: process started with pid [312550]
[INFO] [parameter_bridge-2]: process started with pid [312551]
[INFO] [pedestrian_state_publisher-3]: process started with pid [312552]
[INFO] [uav_trajectory_controller-4]: process started with pid [312553]
[INFO] [image_pointcloud_relay-5]: process started with pid [312554]
[INFO] [image_pointcloud_relay-6]: process started with pid [312555]
[INFO] [lvdot_yolo_node-7]: process started with pid [312556]
[INFO] [lvdot_detector_main-8]: process started with pid [312557]
[parameter_bridge-2] [INFO] [1776983610.001615262] [ros_gz_bridge]: Creating GZ->ROS Bridge: [/rgbd_camera/image (gz.msgs.Image) -> /rgbd_camera/image (sensor_msgs/msg/Image)] (Lazy 0)
[parameter_bridge-2] [INFO] [1776983610.007092548] [ros_gz_bridge]: Creating GZ->ROS Bridge: [/rgbd_camera/camera_info (gz.msgs.CameraInfo) -> /rgbd_camera/camera_info (sensor_msgs/msg/CameraInfo)] (Lazy 0)
[parameter_bridge-2] [INFO] [1776983610.008590565] [ros_gz_bridge]: Creating GZ->ROS Bridge: [/rgbd_camera/depth_image (gz.msgs.Image) -> /rgbd_camera/depth_image (sensor_msgs/msg/Image)] (Lazy 0)
[parameter_bridge-2] [INFO] [1776983610.009418399] [ros_gz_bridge]: Creating GZ->ROS Bridge: [/rgbd_camera/points (gz.msgs.PointCloudPacked) -> /rgbd_camera/points (sensor_msgs/msg/PointCloud2)] (Lazy 0)
[parameter_bridge-2] [INFO] [1776983610.010896477] [ros_gz_bridge]: Creating GZ->ROS Bridge: [/camera/imu (gz.msgs.IMU) -> /camera/imu (sensor_msgs/msg/Imu)] (Lazy 0)
[parameter_bridge-2] [INFO] [1776983610.012307704] [ros_gz_bridge]: Creating ROS->GZ service bridge [/world/pedestrian_prototype/set_pose (ros_gz_interfaces/srv/SetEntityPose -> /)]
[parameter_bridge-2] [INFO] [1776983610.014535524] [ros_gz_bridge]: Creating ROS->GZ service bridge [/world/pedestrian_prototype/set_pose/blocking (ros_gz_interfaces/srv/SetEntityPose -> /)]
[lvdot_detector_main-8] [INFO] [1776983610.165820667] [lvdot_detector_node]: Config loaded: localization_mode=0 dt=0.033 image=640x480 depth_range=[0.50, 5.00] stage_timers=true
[lvdot_detector_main-8] [INFO] [1776983610.215023880] [lvdot_detector_node]: LV-DOT ROS2 skeleton started. depth=/camera/depth/image_rect_raw color=/camera/color/image_raw lidar=/pointcloud pose=/mavros/local_position/pose odom=/mavros/local_position/odom yolo=/yolo_detector/detected_bounding_boxes
[gazebo-1] [INFO] [1776983611.576658976] [pedestrian_pose_sync_system]: Configured pedestrian pose sync plugin on topic [/pedestrian_sim/agent_states] for 8 models.
[lvdot_detector_main-8] [INFO] [1776983612.215395708] [lvdot_detector_node]: Input health: depth=3 color=3 lidar=0 pose=15 odom=15 yolo=1 depth_pose_sync=0 lidar_pose_sync=0 depth_odom_sync=0 lidar_odom_sync=0
[lvdot_detector_main-8] [INFO] [1776983612.215504391] [lvdot_detector_node]: Stage timers: detection=54 lidar_detection=60 tracking=60 classification=60 vis=59
[lvdot_detector_main-8] [INFO] [1776983612.215526187] [lvdot_detector_node]: Processing phases: detection=run_core lidar_detection=waiting_new_lidar tracking=waiting_new_filtered_update classification=waiting_new_tracking_update
[lvdot_detector_main-8] [INFO] [1776983612.215538893] [lvdot_detector_node]: Pipeline stats: depth_samples=0/0 u_map=0 depth_boxes=0 u_map_merge=0 u_map_db=0 u_map_visual=0 u_map_fused=0 u_map_filtered=0 lidar_samples=0/0 uv=0 db=0 lidar=0 fused=0 filtered=0 tracks=0 dynamic=0 dyn_points=0 raw_dyn_points=0 service=0/0 split=0->0 (0 outputs) fusion_components=0 visual_only=0 lidar_only=0 yolo_in=0 yolo_match3d=0 yolo_match_det=0 yolo_human=0 fixed_size=0 size_reject=0
[lvdot_detector_main-8] [INFO] [1776983618.216014859] [lvdot_detector_node]: Input health: depth=34 color=35 lidar=0 pose=102 odom=101 yolo=7 depth_pose_sync=0 lidar_pose_sync=0 depth_odom_sync=0 lidar_odom_sync=0
[lvdot_detector_main-8] [INFO] [1776983618.216595127] [lvdot_detector_node]: Stage timers: detection=60 lidar_detection=242 tracking=242 classification=242 vis=235
[lvdot_detector_main-8] [INFO] [1776983618.216612818] [lvdot_detector_node]: Processing phases: detection=run_core lidar_detection=waiting_new_lidar tracking=waiting_new_filtered_update classification=waiting_new_tracking_update
[lvdot_detector_main-8] [INFO] [1776983618.216624840] [lvdot_detector_node]: Pipeline stats: depth_samples=1492/71300 u_map=3 depth_boxes=0 u_map_merge=0 u_map_db=0 u_map_visual=0 u_map_fused=0 u_map_filtered=0 lidar_samples=0/0 uv=1 db=15 lidar=0 fused=1 filtered=1 tracks=1 dynamic=0 dyn_points=0 raw_dyn_points=0 service=0/0 split=1->0 (1 outputs) fusion_components=1 visual_only=1 lidar_only=0 yolo_in=2 yolo_match3d=0 yolo_match_det=0 yolo_human=0 fixed_size=0 size_reject=0
[lvdot_detector_main-8] [INFO] [1776983624.227996797] [lvdot_detector_node]: Input health: depth=59 color=49 lidar=1 pose=185 odom=185 yolo=10 depth_pose_sync=0 lidar_pose_sync=0 depth_odom_sync=0 lidar_odom_sync=0
[lvdot_detector_main-8] [INFO] [1776983624.228059057] [lvdot_detector_node]: Stage timers: detection=66 lidar_detection=321 tracking=422 classification=424 vis=412
[lvdot_detector_main-8] [INFO] [1776983624.228070395] [lvdot_detector_node]: Processing phases: detection=run_core lidar_detection=waiting_new_lidar tracking=waiting_new_filtered_update classification=waiting_new_tracking_update
[lvdot_detector_main-8] [INFO] [1776983624.228086228] [lvdot_detector_node]: Pipeline stats: depth_samples=1191/71300 u_map=1 depth_boxes=0 u_map_merge=0 u_map_db=0 u_map_visual=0 u_map_fused=0 u_map_filtered=0 lidar_samples=3181/130019 uv=0 db=12 lidar=17 fused=17 filtered=17 tracks=17 dynamic=3 dyn_points=0 raw_dyn_points=0 service=0/0 split=17->1 (17 outputs) fusion_components=17 visual_only=0 lidar_only=17 yolo_in=4 yolo_match3d=3 yolo_match_det=4 yolo_human=3 fixed_size=0 size_reject=0
[lvdot_detector_main-8] [INFO] [1776983630.983043351] [lvdot_detector_node]: Input health: depth=82 color=79 lidar=2 pose=251 odom=251 yolo=15 depth_pose_sync=0 lidar_pose_sync=0 depth_odom_sync=0 lidar_odom_sync=0
[lvdot_detector_main-8] [INFO] [1776983630.983131218] [lvdot_detector_node]: Stage timers: detection=71 lidar_detection=423 tracking=599 classification=596 vis=518
[lvdot_detector_main-8] [INFO] [1776983630.983141774] [lvdot_detector_node]: Processing phases: detection=run_core lidar_detection=run_lidar_detector/dbscan tracking=waiting_new_filtered_update classification=waiting_new_tracking_update
[lvdot_detector_main-8] [INFO] [1776983630.983150961] [lvdot_detector_node]: Pipeline stats: depth_samples=1672/71300 u_map=4 depth_boxes=0 u_map_merge=0 u_map_db=0 u_map_visual=0 u_map_fused=0 u_map_filtered=0 lidar_samples=3181/130019 uv=1 db=14 lidar=17 fused=18 filtered=19 tracks=19 dynamic=3 dyn_points=123 raw_dyn_points=2719 service=0/0 split=18->1 (19 outputs) fusion_components=18 visual_only=1 lidar_only=17 yolo_in=4 yolo_match3d=2 yolo_match_det=3 yolo_human=3 fixed_size=0 size_reject=0
[lvdot_detector_main-8] [INFO] [1776983636.989637938] [lvdot_detector_node]: Input health: depth=105 color=115 lidar=4 pose=321 odom=321 yolo=18 depth_pose_sync=0 lidar_pose_sync=0 depth_odom_sync=0 lidar_odom_sync=0
[lvdot_detector_main-8] [INFO] [1776983636.989734611] [lvdot_detector_node]: Stage timers: detection=76 lidar_detection=441 tracking=768 classification=757 vis=625
[lvdot_detector_main-8] [INFO] [1776983636.989758169] [lvdot_detector_node]: Processing phases: detection=idle lidar_detection=waiting_new_lidar tracking=snapshot classification=snapshot
[lvdot_detector_main-8] [INFO] [1776983636.989768725] [lvdot_detector_node]: Pipeline stats: depth_samples=1477/71300 u_map=2 depth_boxes=0 u_map_merge=0 u_map_db=0 u_map_visual=0 u_map_fused=0 u_map_filtered=0 lidar_samples=3385/180996 uv=1 db=13 lidar=2 fused=74 filtered=74 tracks=5 dynamic=0 dyn_points=0 raw_dyn_points=0 service=0/0 split=74->1 (74 outputs) fusion_components=74 visual_only=1 lidar_only=73 yolo_in=4 yolo_match3d=1 yolo_match_det=2 yolo_human=1 fixed_size=0 size_reject=0
[lvdot_detector_main-8] [INFO] [1776983642.973975330] [lvdot_detector_node]: Input health: depth=130 color=144 lidar=4 pose=398 odom=398 yolo=24 depth_pose_sync=0 lidar_pose_sync=0 depth_odom_sync=0 lidar_odom_sync=0
[lvdot_detector_main-8] [INFO] [1776983642.975242677] [lvdot_detector_node]: Stage timers: detection=82 lidar_detection=606 tracking=928 classification=911 vis=690
[lvdot_detector_main-8] [INFO] [1776983642.975263593] [lvdot_detector_node]: Processing phases: detection=run_core lidar_detection=waiting_new_lidar tracking=waiting_new_filtered_update classification=waiting_new_tracking_update
[lvdot_detector_main-8] [INFO] [1776983642.975272976] [lvdot_detector_node]: Pipeline stats: depth_samples=1422/71300 u_map=4 depth_boxes=0 u_map_merge=0 u_map_db=0 u_map_visual=0 u_map_fused=0 u_map_filtered=0 lidar_samples=3385/180996 uv=3 db=12 lidar=2 fused=5 filtered=5 tracks=5 dynamic=1 dyn_points=60 raw_dyn_points=0 service=0/0 split=5->0 (5 outputs) fusion_components=5 visual_only=3 lidar_only=2 yolo_in=1 yolo_match3d=1 yolo_match_det=1 yolo_human=1 fixed_size=0 size_reject=0
[lvdot_detector_main-8] [INFO] [1776983648.966750700] [lvdot_detector_node]: Input health: depth=157 color=170 lidar=5 pose=473 odom=473 yolo=28 depth_pose_sync=0 lidar_pose_sync=0 depth_odom_sync=0 lidar_odom_sync=0
[lvdot_detector_main-8] [INFO] [1776983648.966894685] [lvdot_detector_node]: Stage timers: detection=87 lidar_detection=716 tracking=1095 classification=1079 vis=769
[lvdot_detector_main-8] [INFO] [1776983648.966912476] [lvdot_detector_node]: Processing phases: detection=run_core lidar_detection=run_lidar_detector/dbscan tracking=waiting_new_filtered_update classification=waiting_new_tracking_update
[lvdot_detector_main-8] [INFO] [1776983648.966923912] [lvdot_detector_node]: Pipeline stats: depth_samples=1334/71300 u_map=3 depth_boxes=0 u_map_merge=0 u_map_db=0 u_map_visual=0 u_map_fused=0 u_map_filtered=0 lidar_samples=3385/180996 uv=3 db=7 lidar=2 fused=5 filtered=5 tracks=5 dynamic=2 dyn_points=333 raw_dyn_points=0 service=0/0 split=5->0 (5 outputs) fusion_components=5 visual_only=3 lidar_only=2 yolo_in=2 yolo_match3d=2 yolo_match_det=2 yolo_human=2 fixed_size=0 size_reject=0
[lvdot_detector_main-8] [INFO] [1776983654.975577332] [lvdot_detector_node]: Input health: depth=166 color=188 lidar=7 pose=529 odom=529 yolo=31 depth_pose_sync=0 lidar_pose_sync=0 depth_odom_sync=0 lidar_odom_sync=0
[lvdot_detector_main-8] [INFO] [1776983654.975657194] [lvdot_detector_node]: Stage timers: detection=92 lidar_detection=720 tracking=1272 classification=1259 vis=877
[lvdot_detector_main-8] [INFO] [1776983654.975673714] [lvdot_detector_node]: Processing phases: detection=run_core lidar_detection=run_lidar_detector/project tracking=waiting_new_filtered_update classification=waiting_new_tracking_update
[lvdot_detector_main-8] [INFO] [1776983654.975687399] [lvdot_detector_node]: Pipeline stats: depth_samples=1400/71300 u_map=1 depth_boxes=0 u_map_merge=0 u_map_db=0 u_map_visual=0 u_map_fused=0 u_map_filtered=0 lidar_samples=3294/121565 uv=1 db=10 lidar=15 fused=15 filtered=15 tracks=15 dynamic=0 dyn_points=0 raw_dyn_points=0 service=0/0 split=15->0 (15 outputs) fusion_components=15 visual_only=0 lidar_only=14 yolo_in=0 yolo_match3d=0 yolo_match_det=0 yolo_human=0 fixed_size=0 size_reject=0
[uav_trajectory_controller-4] [WARN] [1776983658.886811927] [uav_trajectory_controller]: SetEntityPose request timed out after 0.50s on /world/pedestrian_prototype/set_pose/blocking; dropping the pending request and retrying.
[uav_trajectory_controller-4] [WARN] [1776983658.889289011] [uav_trajectory_controller]: Falling back from /world/pedestrian_prototype/set_pose/blocking to /world/pedestrian_prototype/set_pose.
[lvdot_detector_main-8] [INFO] [1776983660.972140767] [lvdot_detector_node]: Input health: depth=181 color=211 lidar=7 pose=599 odom=599 yolo=35 depth_pose_sync=0 lidar_pose_sync=0 depth_odom_sync=0 lidar_odom_sync=0
[lvdot_detector_main-8] [INFO] [1776983660.972202090] [lvdot_detector_node]: Stage timers: detection=98 lidar_detection=817 tracking=1445 classification=1435 vis=980
[lvdot_detector_main-8] [INFO] [1776983660.972212849] [lvdot_detector_node]: Processing phases: detection=run_core lidar_detection=waiting_new_lidar tracking=waiting_new_filtered_update classification=waiting_new_tracking_update
[lvdot_detector_main-8] [INFO] [1776983660.972222140] [lvdot_detector_node]: Pipeline stats: depth_samples=1385/71300 u_map=1 depth_boxes=0 u_map_merge=0 u_map_db=0 u_map_visual=0 u_map_fused=0 u_map_filtered=0 lidar_samples=3276/121979 uv=0 db=11 lidar=19 fused=19 filtered=19 tracks=19 dynamic=1 dyn_points=85 raw_dyn_points=2141 service=0/0 split=19->0 (19 outputs) fusion_components=19 visual_only=0 lidar_only=19 yolo_in=5 yolo_match3d=1 yolo_match_det=1 yolo_human=1 fixed_size=0 size_reject=0
[lvdot_detector_main-8] [INFO] [1776983666.354084468] [lvdot_detector_node]: get_dynamic_obstacles responded with 3 obstacles from 3 tracked dynamic boxes.
[lvdot_detector_main-8] [INFO] [1776983667.716454879] [lvdot_detector_node]: Input health: depth=195 color=232 lidar=7 pose=690 odom=690 yolo=39 depth_pose_sync=0 lidar_pose_sync=0 depth_odom_sync=0 lidar_odom_sync=0
[lvdot_detector_main-8] [INFO] [1776983667.716526409] [lvdot_detector_node]: Stage timers: detection=103 lidar_detection=998 tracking=1615 classification=1603 vis=1073
[lvdot_detector_main-8] [INFO] [1776983667.716539308] [lvdot_detector_node]: Processing phases: detection=run_core lidar_detection=snapshot tracking=waiting_new_filtered_update classification=waiting_new_tracking_update
[lvdot_detector_main-8] [INFO] [1776983667.716550253] [lvdot_detector_node]: Pipeline stats: depth_samples=1191/71300 u_map=1 depth_boxes=0 u_map_merge=0 u_map_db=0 u_map_visual=0 u_map_fused=0 u_map_filtered=0 lidar_samples=3276/121979 uv=1 db=8 lidar=19 fused=20 filtered=20 tracks=20 dynamic=5 dyn_points=261 raw_dyn_points=2910 service=1/3 split=20->0 (20 outputs) fusion_components=20 visual_only=1 lidar_only=19 yolo_in=5 yolo_match3d=5 yolo_match_det=5 yolo_human=5 fixed_size=0 size_reject=0
[lvdot_detector_main-8] [INFO] [1776983672.940152198] [lvdot_detector_node]: get_dynamic_obstacles responded with 1 obstacles from 1 tracked dynamic boxes.
[lvdot_detector_main-8] [INFO] [1776983673.716733472] [lvdot_detector_node]: Input health: depth=210 color=246 lidar=7 pose=786 odom=786 yolo=43 depth_pose_sync=0 lidar_pose_sync=0 depth_odom_sync=0 lidar_odom_sync=0
[lvdot_detector_main-8] [INFO] [1776983673.716805044] [lvdot_detector_node]: Stage timers: detection=109 lidar_detection=1169 tracking=1782 classification=1773 vis=1166
[lvdot_detector_main-8] [INFO] [1776983673.716818030] [lvdot_detector_node]: Processing phases: detection=run_core lidar_detection=waiting_new_lidar tracking=waiting_new_filtered_update classification=waiting_new_tracking_update
[lvdot_detector_main-8] [INFO] [1776983673.716857477] [lvdot_detector_node]: Pipeline stats: depth_samples=1400/71300 u_map=1 depth_boxes=0 u_map_merge=0 u_map_db=0 u_map_visual=0 u_map_fused=0 u_map_filtered=0 lidar_samples=3276/121979 uv=1 db=10 lidar=19 fused=20 filtered=20 tracks=20 dynamic=3 dyn_points=156 raw_dyn_points=2621 service=2/1 split=20->0 (20 outputs) fusion_components=20 visual_only=1 lidar_only=19 yolo_in=5 yolo_match3d=4 yolo_match_det=4 yolo_human=4 fixed_size=0 size_reject=1
[lvdot_detector_main-8] [INFO] [1776983678.584043231] [lvdot_detector_node]: get_dynamic_obstacles responded with 1 obstacles from 1 tracked dynamic boxes.
[lvdot_detector_main-8] [INFO] [1776983679.710846189] [lvdot_detector_node]: Input health: depth=222 color=273 lidar=8 pose=882 odom=882 yolo=47 depth_pose_sync=0 lidar_pose_sync=0 depth_odom_sync=0 lidar_odom_sync=0
[lvdot_detector_main-8] [INFO] [1776983679.712024722] [lvdot_detector_node]: Stage timers: detection=114 lidar_detection=1239 tracking=1950 classification=1945 vis=1261
[lvdot_detector_main-8] [INFO] [1776983679.712662126] [lvdot_detector_node]: Processing phases: detection=run_core lidar_detection=waiting_new_lidar tracking=snapshot classification=waiting_new_tracking_update
[lvdot_detector_main-8] [INFO] [1776983679.713270432] [lvdot_detector_node]: Pipeline stats: depth_samples=1385/71300 u_map=1 depth_boxes=0 u_map_merge=0 u_map_db=0 u_map_visual=0 u_map_fused=0 u_map_filtered=0 lidar_samples=3318/130228 uv=0 db=11 lidar=75 fused=19 filtered=19 tracks=19 dynamic=0 dyn_points=0 raw_dyn_points=0 service=3/1 split=19->0 (19 outputs) fusion_components=19 visual_only=0 lidar_only=19 yolo_in=2 yolo_match3d=0 yolo_match_det=0 yolo_human=0 fixed_size=0 size_reject=0
[lvdot_detector_main-8] [INFO] [1776983685.194175154] [lvdot_detector_node]: get_dynamic_obstacles responded with 0 obstacles from 0 tracked dynamic boxes.
[lvdot_detector_main-8] [INFO] [1776983685.763080730] [lvdot_detector_node]: Input health: depth=247 color=297 lidar=9 pose=978 odom=978 yolo=50 depth_pose_sync=0 lidar_pose_sync=0 depth_odom_sync=0 lidar_odom_sync=0
[lvdot_detector_main-8] [INFO] [1776983685.764539787] [lvdot_detector_node]: Stage timers: detection=120 lidar_detection=1341 tracking=2103 classification=2098 vis=1335
[lvdot_detector_main-8] [INFO] [1776983685.766185234] [lvdot_detector_node]: Processing phases: detection=run_core lidar_detection=run_lidar_detector/dbscan tracking=waiting_new_filtered_update classification=run_core
[lvdot_detector_main-8] [INFO] [1776983685.766216804] [lvdot_detector_node]: Pipeline stats: depth_samples=1322/71300 u_map=0 depth_boxes=0 u_map_merge=0 u_map_db=0 u_map_visual=0 u_map_fused=0 u_map_filtered=0 lidar_samples=3318/130228 uv=0 db=14 lidar=75 fused=75 filtered=75 tracks=75 dynamic=0 dyn_points=0 raw_dyn_points=0 service=4/0 split=75->0 (75 outputs) fusion_components=75 visual_only=0 lidar_only=75 yolo_in=0 yolo_match3d=0 yolo_match_det=0 yolo_human=0 fixed_size=0 size_reject=0
[lvdot_detector_main-8] [INFO] [1776983690.700399895] [lvdot_detector_node]: get_dynamic_obstacles responded with 0 obstacles from 0 tracked dynamic boxes.
[lvdot_detector_main-8] [INFO] [1776983691.722729562] [lvdot_detector_node]: Input health: depth=266 color=315 lidar=9 pose=1071 odom=1071 yolo=54 depth_pose_sync=0 lidar_pose_sync=0 depth_odom_sync=0 lidar_odom_sync=0
[lvdot_detector_main-8] [INFO] [1776983691.722808718] [lvdot_detector_node]: Stage timers: detection=125 lidar_detection=1482 tracking=2272 classification=2267 vis=1438
[lvdot_detector_main-8] [INFO] [1776983691.722825548] [lvdot_detector_node]: Processing phases: detection=run_core lidar_detection=waiting_new_lidar tracking=waiting_new_filtered_update classification=waiting_new_tracking_update
[lvdot_detector_main-8] [INFO] [1776983691.722837387] [lvdot_detector_node]: Pipeline stats: depth_samples=1401/71300 u_map=2 depth_boxes=0 u_map_merge=0 u_map_db=0 u_map_visual=0 u_map_fused=0 u_map_filtered=0 lidar_samples=3256/116525 uv=1 db=11 lidar=3 fused=4 filtered=4 tracks=4 dynamic=0 dyn_points=0 raw_dyn_points=0 service=5/0 split=4->0 (4 outputs) fusion_components=4 visual_only=1 lidar_only=3 yolo_in=3 yolo_match3d=0 yolo_match_det=0 yolo_human=0 fixed_size=0 size_reject=0
[lvdot_detector_main-8] [INFO] [1776983697.539313755] [lvdot_detector_node]: get_dynamic_obstacles responded with 0 obstacles from 0 tracked dynamic boxes.
[lvdot_detector_main-8] [INFO] [1776983698.494041229] [lvdot_detector_node]: Input health: depth=284 color=351 lidar=9 pose=1160 odom=1160 yolo=59 depth_pose_sync=0 lidar_pose_sync=0 depth_odom_sync=0 lidar_odom_sync=0
[lvdot_detector_main-8] [INFO] [1776983698.494102373] [lvdot_detector_node]: Stage timers: detection=130 lidar_detection=1658 tracking=2448 classification=2443 vis=1544
[lvdot_detector_main-8] [INFO] [1776983698.494113703] [lvdot_detector_node]: Processing phases: detection=run_core lidar_detection=snapshot tracking=waiting_new_filtered_update classification=waiting_new_tracking_update
[lvdot_detector_main-8] [INFO] [1776983698.494122299] [lvdot_detector_node]: Pipeline stats: depth_samples=1423/71300 u_map=3 depth_boxes=0 u_map_merge=0 u_map_db=0 u_map_visual=0 u_map_fused=0 u_map_filtered=0 lidar_samples=3256/116525 uv=1 db=14 lidar=3 fused=4 filtered=4 tracks=4 dynamic=0 dyn_points=0 raw_dyn_points=0 service=6/0 split=4->0 (4 outputs) fusion_components=4 visual_only=1 lidar_only=3 yolo_in=5 yolo_match3d=0 yolo_match_det=0 yolo_human=0 fixed_size=0 size_reject=0
[lvdot_detector_main-8] [INFO] [1776983703.348057382] [lvdot_detector_node]: get_dynamic_obstacles responded with 1 obstacles from 1 tracked dynamic boxes.
[lvdot_detector_main-8] [INFO] [1776983704.477307144] [lvdot_detector_node]: Input health: depth=310 color=382 lidar=10 pose=1256 odom=1256 yolo=63 depth_pose_sync=0 lidar_pose_sync=0 depth_odom_sync=0 lidar_odom_sync=0
[lvdot_detector_main-8] [INFO] [1776983704.477391242] [lvdot_detector_node]: Stage timers: detection=135 lidar_detection=1785 tracking=2622 classification=2621 vis=1661
[lvdot_detector_main-8] [INFO] [1776983704.477410875] [lvdot_detector_node]: Processing phases: detection=run_core lidar_detection=run_lidar_detector/dbscan tracking=waiting_new_filtered_update classification=waiting_new_tracking_update
[lvdot_detector_main-8] [INFO] [1776983704.477421912] [lvdot_detector_node]: Pipeline stats: depth_samples=1065/71300 u_map=1 depth_boxes=0 u_map_merge=0 u_map_db=0 u_map_visual=0 u_map_fused=0 u_map_filtered=0 lidar_samples=3256/116525 uv=1 db=10 lidar=3 fused=4 filtered=4 tracks=4 dynamic=1 dyn_points=30 raw_dyn_points=0 service=7/1 split=4->1 (4 outputs) fusion_components=4 visual_only=1 lidar_only=3 yolo_in=4 yolo_match3d=1 yolo_match_det=2 yolo_human=1 fixed_size=0 size_reject=0
[lvdot_detector_main-8] [INFO] [1776983709.328519983] [lvdot_detector_node]: get_dynamic_obstacles responded with 0 obstacles from 0 tracked dynamic boxes.
[lvdot_detector_main-8] [INFO] [1776983710.481324477] [lvdot_detector_node]: Input health: depth=336 color=404 lidar=12 pose=1352 odom=1352 yolo=66 depth_pose_sync=0 lidar_pose_sync=0 depth_odom_sync=0 lidar_odom_sync=0
[lvdot_detector_main-8] [INFO] [1776983710.481392222] [lvdot_detector_node]: Stage timers: detection=140 lidar_detection=1787 tracking=2799 classification=2800 vis=1774
[lvdot_detector_main-8] [INFO] [1776983710.481405538] [lvdot_detector_node]: Processing phases: detection=run_core lidar_detection=run_lidar_detector/project tracking=waiting_new_filtered_update classification=waiting_new_tracking_update
[lvdot_detector_main-8] [INFO] [1776983710.481419145] [lvdot_detector_node]: Pipeline stats: depth_samples=1529/71300 u_map=2 depth_boxes=0 u_map_merge=0 u_map_db=0 u_map_visual=0 u_map_fused=0 u_map_filtered=0 lidar_samples=3450/135797 uv=2 db=11 lidar=75 fused=77 filtered=77 tracks=77 dynamic=0 dyn_points=0 raw_dyn_points=0 service=8/0 split=77->0 (77 outputs) fusion_components=77 visual_only=2 lidar_only=75 yolo_in=0 yolo_match3d=0 yolo_match_det=0 yolo_human=0 fixed_size=0 size_reject=0
[lvdot_detector_main-8] [INFO] [1776983715.699815584] [lvdot_detector_node]: get_dynamic_obstacles responded with 1 obstacles from 1 tracked dynamic boxes.
[lvdot_detector_main-8] [INFO] [1776983716.493853962] [lvdot_detector_node]: Input health: depth=359 color=436 lidar=12 pose=1447 odom=1447 yolo=69 depth_pose_sync=0 lidar_pose_sync=0 depth_odom_sync=0 lidar_odom_sync=0
[lvdot_detector_main-8] [INFO] [1776983716.493955747] [lvdot_detector_node]: Stage timers: detection=145 lidar_detection=1853 tracking=2962 classification=2966 vis=1860
[lvdot_detector_main-8] [INFO] [1776983716.493968531] [lvdot_detector_node]: Processing phases: detection=run_core lidar_detection=waiting_new_lidar tracking=waiting_new_filtered_update classification=snapshot
[lvdot_detector_main-8] [INFO] [1776983716.493977900] [lvdot_detector_node]: Pipeline stats: depth_samples=1444/71300 u_map=2 depth_boxes=0 u_map_merge=0 u_map_db=0 u_map_visual=0 u_map_fused=0 u_map_filtered=0 lidar_samples=3396/116286 uv=1 db=11 lidar=58 fused=59 filtered=59 tracks=59 dynamic=1 dyn_points=50 raw_dyn_points=0 service=9/1 split=59->0 (59 outputs) fusion_components=59 visual_only=1 lidar_only=58 yolo_in=5 yolo_match3d=1 yolo_match_det=1 yolo_human=1 fixed_size=0 size_reject=0
[lvdot_detector_main-8] [INFO] [1776983719.106183992] [lvdot_detector_node]: get_dynamic_obstacles responded with 1 obstacles from 1 tracked dynamic boxes.
[lvdot_detector_main-8] [INFO] [1776983722.486265746] [lvdot_detector_node]: Input health: depth=391 color=468 lidar=12 pose=1544 odom=1544 yolo=73 depth_pose_sync=0 lidar_pose_sync=0 depth_odom_sync=0 lidar_odom_sync=0
[lvdot_detector_main-8] [INFO] [1776983722.486814379] [lvdot_detector_node]: Stage timers: detection=150 lidar_detection=2028 tracking=3128 classification=3130 vis=1945
[lvdot_detector_main-8] [INFO] [1776983722.486827815] [lvdot_detector_node]: Processing phases: detection=run_core lidar_detection=waiting_new_lidar tracking=waiting_new_filtered_update classification=run_core
[lvdot_detector_main-8] [INFO] [1776983722.486836838] [lvdot_detector_node]: Pipeline stats: depth_samples=1435/71300 u_map=3 depth_boxes=0 u_map_merge=0 u_map_db=0 u_map_visual=0 u_map_fused=0 u_map_filtered=0 lidar_samples=3396/116286 uv=2 db=16 lidar=58 fused=60 filtered=60 tracks=60 dynamic=0 dyn_points=0 raw_dyn_points=0 service=10/1 split=60->1 (60 outputs) fusion_components=60 visual_only=2 lidar_only=58 yolo_in=3 yolo_match3d=1 yolo_match_det=2 yolo_human=0 fixed_size=0 size_reject=0
[lvdot_detector_main-8] [INFO] [1776983724.672333770] [lvdot_detector_node]: get_dynamic_obstacles responded with 0 obstacles from 0 tracked dynamic boxes.
[lvdot_detector_main-8] [INFO] [1776983728.482296285] [lvdot_detector_node]: Input health: depth=407 color=487 lidar=12 pose=1639 odom=1639 yolo=77 depth_pose_sync=0 lidar_pose_sync=0 depth_odom_sync=0 lidar_odom_sync=0
[lvdot_detector_main-8] [INFO] [1776983728.482395733] [lvdot_detector_node]: Stage timers: detection=155 lidar_detection=2197 tracking=3285 classification=3291 vis=2035
[lvdot_detector_main-8] [INFO] [1776983728.482411818] [lvdot_detector_node]: Processing phases: detection=run_core lidar_detection=waiting_new_lidar tracking=waiting_new_filtered_update classification=snapshot
[lvdot_detector_main-8] [INFO] [1776983728.482423293] [lvdot_detector_node]: Pipeline stats: depth_samples=1450/71300 u_map=1 depth_boxes=0 u_map_merge=0 u_map_db=0 u_map_visual=0 u_map_fused=0 u_map_filtered=0 lidar_samples=3396/116286 uv=1 db=13 lidar=58 fused=59 filtered=59 tracks=59 dynamic=1 dyn_points=91 raw_dyn_points=6566 service=11/0 split=59->0 (59 outputs) fusion_components=59 visual_only=1 lidar_only=58 yolo_in=1 yolo_match3d=1 yolo_match_det=1 yolo_human=1 fixed_size=0 size_reject=0
[lvdot_detector_main-8] [INFO] [1776983731.158505445] [lvdot_detector_node]: get_dynamic_obstacles responded with 0 obstacles from 0 tracked dynamic boxes.
[lvdot_detector_main-8] [INFO] [1776983735.245763947] [lvdot_detector_node]: Input health: depth=425 color=508 lidar=12 pose=1735 odom=1735 yolo=81 depth_pose_sync=0 lidar_pose_sync=0 depth_odom_sync=0 lidar_odom_sync=0
[lvdot_detector_main-8] [INFO] [1776983735.245828423] [lvdot_detector_node]: Stage timers: detection=160 lidar_detection=2365 tracking=3435 classification=3445 vis=2115
[lvdot_detector_main-8] [INFO] [1776983735.245839185] [lvdot_detector_node]: Processing phases: detection=run_core lidar_detection=waiting_new_lidar tracking=waiting_new_filtered_update classification=waiting_new_tracking_update
[lvdot_detector_main-8] [INFO] [1776983735.245847990] [lvdot_detector_node]: Pipeline stats: depth_samples=1580/71300 u_map=3 depth_boxes=0 u_map_merge=0 u_map_db=0 u_map_visual=0 u_map_fused=0 u_map_filtered=0 lidar_samples=3396/116286 uv=1 db=14 lidar=58 fused=59 filtered=59 tracks=59 dynamic=1 dyn_points=121 raw_dyn_points=0 service=12/0 split=59->0 (59 outputs) fusion_components=59 visual_only=1 lidar_only=58 yolo_in=1 yolo_match3d=1 yolo_match_det=1 yolo_human=1 fixed_size=0 size_reject=0
[lvdot_detector_main-8] [INFO] [1776983737.955852406] [lvdot_detector_node]: get_dynamic_obstacles responded with 0 obstacles from 0 tracked dynamic boxes.
[lvdot_detector_main-8] [INFO] [1776983741.251315136] [lvdot_detector_node]: Input health: depth=447 color=544 lidar=12 pose=1831 odom=1830 yolo=85 depth_pose_sync=0 lidar_pose_sync=0 depth_odom_sync=0 lidar_odom_sync=0
[lvdot_detector_main-8] [INFO] [1776983741.253232259] [lvdot_detector_node]: Stage timers: detection=165 lidar_detection=2528 tracking=3577 classification=3586 vis=2184
[lvdot_detector_main-8] [INFO] [1776983741.253973693] [lvdot_detector_node]: Processing phases: detection=run_core lidar_detection=waiting_new_lidar tracking=waiting_new_filtered_update classification=waiting_new_tracking_update
[lvdot_detector_main-8] [INFO] [1776983741.253995488] [lvdot_detector_node]: Pipeline stats: depth_samples=1343/71300 u_map=0 depth_boxes=0 u_map_merge=0 u_map_db=0 u_map_visual=0 u_map_fused=0 u_map_filtered=0 lidar_samples=3396/116286 uv=0 db=11 lidar=58 fused=58 filtered=58 tracks=58 dynamic=0 dyn_points=0 raw_dyn_points=0 service=13/0 split=58->0 (58 outputs) fusion_components=58 visual_only=0 lidar_only=58 yolo_in=0 yolo_match3d=0 yolo_match_det=0 yolo_human=0 fixed_size=0 size_reject=0
[lvdot_detector_main-8] [INFO] [1776983743.329294723] [lvdot_detector_node]: get_dynamic_obstacles responded with 0 obstacles from 0 tracked dynamic boxes.
[lvdot_detector_main-8] [INFO] [1776983747.261238549] [lvdot_detector_node]: Input health: depth=464 color=575 lidar=13 pose=1927 odom=1927 yolo=89 depth_pose_sync=0 lidar_pose_sync=0 depth_odom_sync=0 lidar_odom_sync=0
[lvdot_detector_main-8] [INFO] [1776983747.262266527] [lvdot_detector_node]: Stage timers: detection=170 lidar_detection=2635 tracking=3713 classification=3734 vis=2254
[lvdot_detector_main-8] [INFO] [1776983747.264411060] [lvdot_detector_node]: Processing phases: detection=run_core lidar_detection=run_lidar_detector/dbscan tracking=waiting_new_filtered_update classification=waiting_new_tracking_update
[lvdot_detector_main-8] [INFO] [1776983747.265019096] [lvdot_detector_node]: Pipeline stats: depth_samples=1400/71300 u_map=1 depth_boxes=0 u_map_merge=0 u_map_db=0 u_map_visual=0 u_map_fused=0 u_map_filtered=0 lidar_samples=3396/116286 uv=1 db=10 lidar=58 fused=59 filtered=59 tracks=59 dynamic=0 dyn_points=0 raw_dyn_points=0 service=14/0 split=59->0 (59 outputs) fusion_components=59 visual_only=1 lidar_only=58 yolo_in=2 yolo_match3d=0 yolo_match_det=0 yolo_human=0 fixed_size=0 size_reject=0
[lvdot_detector_main-8] [INFO] [1776983748.968156738] [lvdot_detector_node]: get_dynamic_obstacles responded with 0 obstacles from 0 tracked dynamic boxes.
[lvdot_detector_main-8] [INFO] [1776983753.259367241] [lvdot_detector_node]: Input health: depth=490 color=599 lidar=13 pose=2021 odom=2021 yolo=93 depth_pose_sync=0 lidar_pose_sync=0 depth_odom_sync=0 lidar_odom_sync=0
[lvdot_detector_main-8] [INFO] [1776983753.259422810] [lvdot_detector_node]: Stage timers: detection=176 lidar_detection=2762 tracking=3873 classification=3904 vis=2349
[lvdot_detector_main-8] [INFO] [1776983753.259431502] [lvdot_detector_node]: Processing phases: detection=run_core lidar_detection=waiting_new_lidar tracking=waiting_new_filtered_update classification=waiting_new_tracking_update
[lvdot_detector_main-8] [INFO] [1776983753.259437850] [lvdot_detector_node]: Pipeline stats: depth_samples=1399/71300 u_map=2 depth_boxes=0 u_map_merge=0 u_map_db=0 u_map_visual=0 u_map_fused=0 u_map_filtered=0 lidar_samples=3018/115940 uv=2 db=8 lidar=11 fused=13 filtered=13 tracks=13 dynamic=1 dyn_points=75 raw_dyn_points=6696 service=15/0 split=13->0 (13 outputs) fusion_components=13 visual_only=2 lidar_only=11 yolo_in=2 yolo_match3d=2 yolo_match_det=2 yolo_human=2 fixed_size=0 size_reject=1
[lvdot_detector_main-8] [INFO] [1776983755.065907826] [lvdot_detector_node]: get_dynamic_obstacles responded with 0 obstacles from 0 tracked dynamic boxes.
[lvdot_detector_main-8] [INFO] [1776983759.250038700] [lvdot_detector_node]: Input health: depth=509 color=619 lidar=13 pose=2117 odom=2117 yolo=97 depth_pose_sync=0 lidar_pose_sync=0 depth_odom_sync=0 lidar_odom_sync=0
[lvdot_detector_main-8] [INFO] [1776983759.250103892] [lvdot_detector_node]: Stage timers: detection=181 lidar_detection=2938 tracking=4045 classification=4072 vis=2445
[lvdot_detector_main-8] [INFO] [1776983759.250116338] [lvdot_detector_node]: Processing phases: detection=run_core lidar_detection=waiting_new_lidar tracking=waiting_new_filtered_update classification=waiting_new_tracking_update
[lvdot_detector_main-8] [INFO] [1776983759.250126315] [lvdot_detector_node]: Pipeline stats: depth_samples=1155/71300 u_map=3 depth_boxes=0 u_map_merge=0 u_map_db=0 u_map_visual=0 u_map_fused=0 u_map_filtered=0 lidar_samples=3018/115940 uv=3 db=11 lidar=11 fused=14 filtered=14 tracks=14 dynamic=1 dyn_points=61 raw_dyn_points=0 service=16/0 split=14->0 (14 outputs) fusion_components=14 visual_only=3 lidar_only=11 yolo_in=4 yolo_match3d=1 yolo_match_det=1 yolo_human=1 fixed_size=0 size_reject=0
[lvdot_detector_main-8] [INFO] [1776983761.186020501] [lvdot_detector_node]: get_dynamic_obstacles responded with 0 obstacles from 0 tracked dynamic boxes.
[lvdot_detector_main-8] [INFO] [1776983765.973948870] [lvdot_detector_node]: Input health: depth=526 color=641 lidar=13 pose=2215 odom=2215 yolo=101 depth_pose_sync=0 lidar_pose_sync=0 depth_odom_sync=0 lidar_odom_sync=0
[lvdot_detector_main-8] [INFO] [1776983765.974012727] [lvdot_detector_node]: Stage timers: detection=187 lidar_detection=3117 tracking=4218 classification=4245 vis=2555
[lvdot_detector_main-8] [INFO] [1776983765.974023697] [lvdot_detector_node]: Processing phases: detection=run_core lidar_detection=waiting_new_lidar tracking=waiting_new_filtered_update classification=snapshot
[lvdot_detector_main-8] [INFO] [1776983765.974032610] [lvdot_detector_node]: Pipeline stats: depth_samples=1361/71300 u_map=2 depth_boxes=0 u_map_merge=0 u_map_db=0 u_map_visual=0 u_map_fused=0 u_map_filtered=0 lidar_samples=3018/115940 uv=1 db=12 lidar=11 fused=12 filtered=12 tracks=12 dynamic=0 dyn_points=0 raw_dyn_points=0 service=17/0 split=12->0 (12 outputs) fusion_components=12 visual_only=1 lidar_only=11 yolo_in=0 yolo_match3d=0 yolo_match_det=0 yolo_human=0 fixed_size=0 size_reject=0
[lvdot_detector_main-8] [INFO] [1776983768.051989500] [lvdot_detector_node]: get_dynamic_obstacles responded with 0 obstacles from 0 tracked dynamic boxes.
[lvdot_detector_main-8] [INFO] [1776983771.381182941] [lvdot_detector_node]: get_dynamic_obstacles responded with 0 obstacles from 0 tracked dynamic boxes.
[lvdot_detector_main-8] [INFO] [1776983771.968586968] [lvdot_detector_node]: Input health: depth=554 color=671 lidar=13 pose=2311 odom=2311 yolo=105 depth_pose_sync=0 lidar_pose_sync=0 depth_odom_sync=0 lidar_odom_sync=0
[lvdot_detector_main-8] [INFO] [1776983771.968665756] [lvdot_detector_node]: Stage timers: detection=192 lidar_detection=3294 tracking=4388 classification=4418 vis=2663
[lvdot_detector_main-8] [INFO] [1776983771.968677884] [lvdot_detector_node]: Processing phases: detection=run_core lidar_detection=waiting_new_lidar tracking=waiting_new_filtered_update classification=waiting_new_tracking_update
[lvdot_detector_main-8] [INFO] [1776983771.968687781] [lvdot_detector_node]: Pipeline stats: depth_samples=1349/71300 u_map=0 depth_boxes=0 u_map_merge=0 u_map_db=0 u_map_visual=0 u_map_fused=0 u_map_filtered=0 lidar_samples=3018/115940 uv=0 db=9 lidar=11 fused=11 filtered=11 tracks=11 dynamic=0 dyn_points=0 raw_dyn_points=0 service=19/0 split=11->0 (11 outputs) fusion_components=11 visual_only=0 lidar_only=11 yolo_in=1 yolo_match3d=0 yolo_match_det=0 yolo_human=0 fixed_size=0 size_reject=0
[lvdot_detector_main-8] [INFO] [1776983776.738501219] [lvdot_detector_node]: get_dynamic_obstacles responded with 2 obstacles from 2 tracked dynamic boxes.
[lvdot_detector_main-8] [INFO] [1776983777.955851385] [lvdot_detector_node]: Input health: depth=580 color=698 lidar=13 pose=2407 odom=2407 yolo=109 depth_pose_sync=0 lidar_pose_sync=0 depth_odom_sync=0 lidar_odom_sync=0
[lvdot_detector_main-8] [INFO] [1776983777.955911931] [lvdot_detector_node]: Stage timers: detection=198 lidar_detection=3464 tracking=4554 classification=4580 vis=2752
[lvdot_detector_main-8] [INFO] [1776983777.955923089] [lvdot_detector_node]: Processing phases: detection=run_core lidar_detection=waiting_new_lidar tracking=waiting_new_filtered_update classification=snapshot
[lvdot_detector_main-8] [INFO] [1776983777.955931725] [lvdot_detector_node]: Pipeline stats: depth_samples=1388/71300 u_map=0 depth_boxes=0 u_map_merge=0 u_map_db=0 u_map_visual=0 u_map_fused=0 u_map_filtered=0 lidar_samples=3018/115940 uv=0 db=11 lidar=11 fused=11 filtered=11 tracks=11 dynamic=0 dyn_points=0 raw_dyn_points=0 service=20/2 split=11->0 (11 outputs) fusion_components=11 visual_only=0 lidar_only=11 yolo_in=1 yolo_match3d=0 yolo_match_det=0 yolo_human=0 fixed_size=0 size_reject=0
[lvdot_detector_main-8] [INFO] [1776983782.731998100] [lvdot_detector_node]: get_dynamic_obstacles responded with 1 obstacles from 1 tracked dynamic boxes.
[lvdot_detector_main-8] [INFO] [1776983783.957181983] [lvdot_detector_node]: Input health: depth=601 color=718 lidar=13 pose=2503 odom=2503 yolo=113 depth_pose_sync=0 lidar_pose_sync=0 depth_odom_sync=0 lidar_odom_sync=0
[lvdot_detector_main-8] [INFO] [1776983783.957289385] [lvdot_detector_node]: Stage timers: detection=203 lidar_detection=3641 tracking=4723 classification=4754 vis=2855
[lvdot_detector_main-8] [INFO] [1776983783.957306539] [lvdot_detector_node]: Processing phases: detection=run_core lidar_detection=waiting_new_lidar tracking=waiting_new_filtered_update classification=waiting_new_tracking_update
[lvdot_detector_main-8] [INFO] [1776983783.957318331] [lvdot_detector_node]: Pipeline stats: depth_samples=1460/71300 u_map=3 depth_boxes=0 u_map_merge=0 u_map_db=0 u_map_visual=0 u_map_fused=0 u_map_filtered=0 lidar_samples=3018/115940 uv=2 db=10 lidar=11 fused=13 filtered=13 tracks=13 dynamic=1 dyn_points=89 raw_dyn_points=0 service=21/1 split=13->0 (13 outputs) fusion_components=13 visual_only=2 lidar_only=11 yolo_in=3 yolo_match3d=1 yolo_match_det=1 yolo_human=1 fixed_size=0 size_reject=0
[lvdot_detector_main-8] [INFO] [1776983788.807648760] [lvdot_detector_node]: get_dynamic_obstacles responded with 1 obstacles from 1 tracked dynamic boxes.
[lvdot_detector_main-8] [INFO] [1776983789.961563687] [lvdot_detector_node]: Input health: depth=621 color=747 lidar=13 pose=2599 odom=2599 yolo=117 depth_pose_sync=0 lidar_pose_sync=0 depth_odom_sync=0 lidar_odom_sync=0
[lvdot_detector_main-8] [INFO] [1776983789.961653971] [lvdot_detector_node]: Stage timers: detection=209 lidar_detection=3813 tracking=4896 classification=4921 vis=2948
[lvdot_detector_main-8] [INFO] [1776983789.961672400] [lvdot_detector_node]: Processing phases: detection=run_core lidar_detection=waiting_new_lidar tracking=snapshot classification=waiting_new_tracking_update
[lvdot_detector_main-8] [INFO] [1776983789.961681811] [lvdot_detector_node]: Pipeline stats: depth_samples=1095/71300 u_map=2 depth_boxes=0 u_map_merge=0 u_map_db=0 u_map_visual=0 u_map_fused=0 u_map_filtered=0 lidar_samples=3018/115940 uv=1 db=12 lidar=11 fused=12 filtered=12 tracks=12 dynamic=1 dyn_points=31 raw_dyn_points=0 service=22/1 split=12->1 (12 outputs) fusion_components=12 visual_only=1 lidar_only=11 yolo_in=3 yolo_match3d=1 yolo_match_det=2 yolo_human=1 fixed_size=0 size_reject=0
[lvdot_detector_main-8] [INFO] [1776983795.087920070] [lvdot_detector_node]: get_dynamic_obstacles responded with 0 obstacles from 0 tracked dynamic boxes.
[lvdot_detector_main-8] [INFO] [1776983796.768911811] [lvdot_detector_node]: Input health: depth=646 color=767 lidar=13 pose=2697 odom=2697 yolo=121 depth_pose_sync=0 lidar_pose_sync=0 depth_odom_sync=0 lidar_odom_sync=0
[lvdot_detector_main-8] [INFO] [1776983796.768991710] [lvdot_detector_node]: Stage timers: detection=214 lidar_detection=3978 tracking=5064 classification=5083 vis=3035
[lvdot_detector_main-8] [INFO] [1776983796.769009444] [lvdot_detector_node]: Processing phases: detection=run_core lidar_detection=waiting_new_lidar tracking=waiting_new_filtered_update classification=waiting_new_tracking_update
[lvdot_detector_main-8] [INFO] [1776983796.769022941] [lvdot_detector_node]: Pipeline stats: depth_samples=1383/71300 u_map=1 depth_boxes=0 u_map_merge=0 u_map_db=0 u_map_visual=0 u_map_fused=0 u_map_filtered=0 lidar_samples=3018/115940 uv=1 db=10 lidar=11 fused=12 filtered=12 tracks=12 dynamic=0 dyn_points=0 raw_dyn_points=0 service=23/0 split=12->0 (12 outputs) fusion_components=12 visual_only=1 lidar_only=11 yolo_in=4 yolo_match3d=0 yolo_match_det=0 yolo_human=0 fixed_size=0 size_reject=0
[lvdot_detector_main-8] [INFO] [1776983801.640561707] [lvdot_detector_node]: get_dynamic_obstacles responded with 0 obstacles from 0 tracked dynamic boxes.
[lvdot_detector_main-8] [INFO] [1776983802.798776664] [lvdot_detector_node]: Input health: depth=662 color=795 lidar=13 pose=2790 odom=2790 yolo=125 depth_pose_sync=0 lidar_pose_sync=0 depth_odom_sync=0 lidar_odom_sync=0
[lvdot_detector_main-8] [INFO] [1776983802.798866317] [lvdot_detector_node]: Stage timers: detection=220 lidar_detection=4149 tracking=5226 classification=5247 vis=3129
[lvdot_detector_main-8] [INFO] [1776983802.798881194] [lvdot_detector_node]: Processing phases: detection=snapshot lidar_detection=waiting_new_lidar tracking=build_input classification=waiting_new_tracking_update
[lvdot_detector_main-8] [INFO] [1776983802.798893706] [lvdot_detector_node]: Pipeline stats: depth_samples=1471/71300 u_map=3 depth_boxes=0 u_map_merge=0 u_map_db=0 u_map_visual=0 u_map_fused=0 u_map_filtered=0 lidar_samples=3018/115940 uv=1 db=11 lidar=11 fused=12 filtered=12 tracks=12 dynamic=0 dyn_points=0 raw_dyn_points=0 service=24/0 split=12->0 (12 outputs) fusion_components=12 visual_only=1 lidar_only=11 yolo_in=2 yolo_match3d=0 yolo_match_det=0 yolo_human=0 fixed_size=0 size_reject=0
[lvdot_detector_main-8] [INFO] [1776983804.913620542] [lvdot_detector_node]: get_dynamic_obstacles responded with 1 obstacles from 1 tracked dynamic boxes.
[lvdot_detector_main-8] [INFO] [1776983808.741835550] [lvdot_detector_node]: Input health: depth=691 color=814 lidar=14 pose=2887 odom=2887 yolo=129 depth_pose_sync=0 lidar_pose_sync=0 depth_odom_sync=0 lidar_odom_sync=0
[lvdot_detector_main-8] [INFO] [1776983808.741899478] [lvdot_detector_node]: Stage timers: detection=225 lidar_detection=4229 tracking=5395 classification=5413 vis=3228
[lvdot_detector_main-8] [INFO] [1776983808.742020463] [lvdot_detector_node]: Processing phases: detection=run_core lidar_detection=run_lidar_detector/dbscan tracking=waiting_new_filtered_update classification=waiting_new_tracking_update
[lvdot_detector_main-8] [INFO] [1776983808.742049469] [lvdot_detector_node]: Pipeline stats: depth_samples=1291/70610 u_map=1 depth_boxes=0 u_map_merge=0 u_map_db=0 u_map_visual=0 u_map_fused=0 u_map_filtered=0 lidar_samples=3018/115940 uv=0 db=13 lidar=11 fused=11 filtered=11 tracks=11 dynamic=0 dyn_points=0 raw_dyn_points=0 service=25/1 split=11->0 (11 outputs) fusion_components=11 visual_only=0 lidar_only=11 yolo_in=1 yolo_match3d=1 yolo_match_det=1 yolo_human=1 fixed_size=0 size_reject=1
[lvdot_detector_main-8] [INFO] [1776983811.771153577] [lvdot_detector_node]: get_dynamic_obstacles responded with 1 obstacles from 1 tracked dynamic boxes.
[lvdot_detector_main-8] [INFO] [1776983814.747249687] [lvdot_detector_node]: Input health: depth=717 color=838 lidar=15 pose=2982 odom=2982 yolo=133 depth_pose_sync=0 lidar_pose_sync=0 depth_odom_sync=0 lidar_odom_sync=0
[lvdot_detector_main-8] [INFO] [1776983814.747311666] [lvdot_detector_node]: Stage timers: detection=230 lidar_detection=4384 tracking=5568 classification=5579 vis=3334
[lvdot_detector_main-8] [INFO] [1776983814.747324668] [lvdot_detector_node]: Processing phases: detection=run_core lidar_detection=run_lidar_detector/project tracking=waiting_new_filtered_update classification=waiting_new_tracking_update
[lvdot_detector_main-8] [INFO] [1776983814.747335031] [lvdot_detector_node]: Pipeline stats: depth_samples=1322/71300 u_map=0 depth_boxes=0 u_map_merge=0 u_map_db=0 u_map_visual=0 u_map_fused=0 u_map_filtered=0 lidar_samples=3269/119971 uv=0 db=14 lidar=11 fused=11 filtered=11 tracks=11 dynamic=0 dyn_points=0 raw_dyn_points=0 service=26/1 split=11->0 (11 outputs) fusion_components=11 visual_only=0 lidar_only=11 yolo_in=2 yolo_match3d=0 yolo_match_det=0 yolo_human=0 fixed_size=0 size_reject=0
[lvdot_detector_main-8] [INFO] [1776983816.888350385] [lvdot_detector_node]: get_dynamic_obstacles responded with 0 obstacles from 0 tracked dynamic boxes.
[lvdot_detector_main-8] [INFO] [1776983820.757394784] [lvdot_detector_node]: Input health: depth=733 color=857 lidar=16 pose=3078 odom=3078 yolo=137 depth_pose_sync=0 lidar_pose_sync=0 depth_odom_sync=0 lidar_odom_sync=0
[lvdot_detector_main-8] [INFO] [1776983820.757458467] [lvdot_detector_node]: Stage timers: detection=235 lidar_detection=4385 tracking=5741 classification=5745 vis=3455
[lvdot_detector_main-8] [INFO] [1776983820.757469359] [lvdot_detector_node]: Processing phases: detection=run_core lidar_detection=run_lidar_detector/dbscan tracking=waiting_new_filtered_update classification=waiting_new_tracking_update
[lvdot_detector_main-8] [INFO] [1776983820.757477994] [lvdot_detector_node]: Pipeline stats: depth_samples=1489/71300 u_map=3 depth_boxes=0 u_map_merge=0 u_map_db=0 u_map_visual=0 u_map_fused=0 u_map_filtered=0 lidar_samples=3291/120404 uv=1 db=12 lidar=10 fused=11 filtered=11 tracks=11 dynamic=0 dyn_points=0 raw_dyn_points=0 service=27/0 split=11->1 (11 outputs) fusion_components=11 visual_only=1 lidar_only=10 yolo_in=2 yolo_match3d=1 yolo_match_det=2 yolo_human=0 fixed_size=0 size_reject=0
[lvdot_detector_main-8] [INFO] [1776983822.920707323] [lvdot_detector_node]: get_dynamic_obstacles responded with 0 obstacles from 0 tracked dynamic boxes.
[lvdot_detector_main-8] [INFO] [1776983826.399329766] [lvdot_detector_node]: get_dynamic_obstacles responded with 0 obstacles from 0 tracked dynamic boxes.
[lvdot_detector_main-8] [INFO] [1776983826.752106734] [lvdot_detector_node]: Input health: depth=753 color=881 lidar=16 pose=3175 odom=3175 yolo=141 depth_pose_sync=0 lidar_pose_sync=0 depth_odom_sync=0 lidar_odom_sync=0
[lvdot_detector_main-8] [INFO] [1776983826.752176893] [lvdot_detector_node]: Stage timers: detection=240 lidar_detection=4554 tracking=5915 classification=5913 vis=3555
[lvdot_detector_main-8] [INFO] [1776983826.752190042] [lvdot_detector_node]: Processing phases: detection=run_core lidar_detection=waiting_new_lidar tracking=snapshot classification=waiting_new_tracking_update
[lvdot_detector_main-8] [INFO] [1776983826.752200737] [lvdot_detector_node]: Pipeline stats: depth_samples=1506/71300 u_map=3 depth_boxes=0 u_map_merge=0 u_map_db=0 u_map_visual=0 u_map_fused=0 u_map_filtered=0 lidar_samples=3131/123933 uv=1 db=11 lidar=9 fused=10 filtered=10 tracks=10 dynamic=0 dyn_points=0 raw_dyn_points=0 service=29/0 split=10->0 (10 outputs) fusion_components=10 visual_only=1 lidar_only=9 yolo_in=2 yolo_match3d=0 yolo_match_det=0 yolo_human=0 fixed_size=0 size_reject=0
[lvdot_detector_main-8] [INFO] [1776983832.668167622] [lvdot_detector_node]: get_dynamic_obstacles responded with 0 obstacles from 0 tracked dynamic boxes.
[lvdot_detector_main-8] [INFO] [1776983833.523541433] [lvdot_detector_node]: Input health: depth=769 color=914 lidar=16 pose=3271 odom=3270 yolo=144 depth_pose_sync=0 lidar_pose_sync=0 depth_odom_sync=0 lidar_odom_sync=0
[lvdot_detector_main-8] [INFO] [1776983833.523608011] [lvdot_detector_node]: Stage timers: detection=245 lidar_detection=4721 tracking=6081 classification=6075 vis=3647
[lvdot_detector_main-8] [INFO] [1776983833.523618856] [lvdot_detector_node]: Processing phases: detection=run_core lidar_detection=waiting_new_lidar tracking=waiting_new_filtered_update classification=waiting_new_tracking_update
[lvdot_detector_main-8] [INFO] [1776983833.523627994] [lvdot_detector_node]: Pipeline stats: depth_samples=1735/71300 u_map=2 depth_boxes=0 u_map_merge=0 u_map_db=0 u_map_visual=0 u_map_fused=0 u_map_filtered=0 lidar_samples=3131/123933 uv=1 db=14 lidar=9 fused=10 filtered=10 tracks=10 dynamic=0 dyn_points=0 raw_dyn_points=0 service=30/0 split=10->0 (10 outputs) fusion_components=10 visual_only=1 lidar_only=9 yolo_in=2 yolo_match3d=0 yolo_match_det=0 yolo_human=0 fixed_size=0 size_reject=0
[lvdot_detector_main-8] [INFO] [1776983839.517153429] [lvdot_detector_node]: Input health: depth=793 color=942 lidar=16 pose=3368 odom=3368 yolo=149 depth_pose_sync=0 lidar_pose_sync=0 depth_odom_sync=0 lidar_odom_sync=0
[lvdot_detector_main-8] [INFO] [1776983839.517222267] [lvdot_detector_node]: Stage timers: detection=250 lidar_detection=4899 tracking=6249 classification=6243 vis=3749
[lvdot_detector_main-8] [INFO] [1776983839.517235800] [lvdot_detector_node]: Processing phases: detection=run_core lidar_detection=waiting_new_lidar tracking=waiting_new_filtered_update classification=waiting_new_tracking_update
[lvdot_detector_main-8] [INFO] [1776983839.517246511] [lvdot_detector_node]: Pipeline stats: depth_samples=1463/71300 u_map=2 depth_boxes=0 u_map_merge=0 u_map_db=0 u_map_visual=0 u_map_fused=0 u_map_filtered=0 lidar_samples=3131/123933 uv=2 db=10 lidar=9 fused=11 filtered=11 tracks=11 dynamic=1 dyn_points=45 raw_dyn_points=604 service=30/0 split=11->0 (11 outputs) fusion_components=11 visual_only=2 lidar_only=9 yolo_in=2 yolo_match3d=1 yolo_match_det=1 yolo_human=1 fixed_size=0 size_reject=0
[lvdot_detector_main-8] [INFO] [1776983845.570583103] [lvdot_detector_node]: Input health: depth=816 color=974 lidar=17 pose=3463 odom=3463 yolo=153 depth_pose_sync=0 lidar_pose_sync=0 depth_odom_sync=0 lidar_odom_sync=0
[lvdot_detector_main-8] [INFO] [1776983845.570643133] [lvdot_detector_node]: Stage timers: detection=255 lidar_detection=5004 tracking=6420 classification=6413 vis=3847
[lvdot_detector_main-8] [INFO] [1776983845.570653391] [lvdot_detector_node]: Processing phases: detection=idle lidar_detection=run_lidar_detector/dbscan tracking=waiting_new_filtered_update classification=waiting_new_tracking_update
[lvdot_detector_main-8] [INFO] [1776983845.570662224] [lvdot_detector_node]: Pipeline stats: depth_samples=1332/71300 u_map=1 depth_boxes=0 u_map_merge=0 u_map_db=0 u_map_visual=0 u_map_fused=0 u_map_filtered=0 lidar_samples=3131/123933 uv=0 db=11 lidar=9 fused=9 filtered=9 tracks=11 dynamic=2 dyn_points=52 raw_dyn_points=548 service=30/0 split=9->1 (9 outputs) fusion_components=9 visual_only=0 lidar_only=9 yolo_in=4 yolo_match3d=1 yolo_match_det=4 yolo_human=1 fixed_size=0 size_reject=0
[lvdot_detector_main-8] [INFO] [1776983851.540025815] [lvdot_detector_node]: Input health: depth=840 color=1003 lidar=20 pose=3560 odom=3560 yolo=157 depth_pose_sync=0 lidar_pose_sync=0 depth_odom_sync=0 lidar_odom_sync=0
[lvdot_detector_main-8] [INFO] [1776983851.541769644] [lvdot_detector_node]: Stage timers: detection=261 lidar_detection=5029 tracking=6595 classification=6588 vis=3967
[lvdot_detector_main-8] [INFO] [1776983851.541802397] [lvdot_detector_node]: Processing phases: detection=run_core lidar_detection=run_lidar_detector/project tracking=waiting_new_filtered_update classification=waiting_new_tracking_update
[lvdot_detector_main-8] [INFO] [1776983851.541815596] [lvdot_detector_node]: Pipeline stats: depth_samples=1316/71300 u_map=0 depth_boxes=0 u_map_merge=0 u_map_db=0 u_map_visual=0 u_map_fused=0 u_map_filtered=0 lidar_samples=3184/153412 uv=1 db=9 lidar=49 fused=50 filtered=50 tracks=50 dynamic=0 dyn_points=0 raw_dyn_points=0 service=30/0 split=50->0 (50 outputs) fusion_components=50 visual_only=1 lidar_only=49 yolo_in=4 yolo_match3d=0 yolo_match_det=0 yolo_human=0 fixed_size=0 size_reject=0
[lvdot_detector_main-8] [INFO] [1776983857.527988764] [lvdot_detector_node]: Input health: depth=863 color=1041 lidar=20 pose=3655 odom=3655 yolo=161 depth_pose_sync=0 lidar_pose_sync=0 depth_odom_sync=0 lidar_odom_sync=0
[lvdot_detector_main-8] [INFO] [1776983857.528056872] [lvdot_detector_node]: Stage timers: detection=266 lidar_detection=5112 tracking=6770 classification=6762 vis=4074
[lvdot_detector_main-8] [INFO] [1776983857.528068028] [lvdot_detector_node]: Processing phases: detection=run_core lidar_detection=snapshot tracking=waiting_new_filtered_update classification=waiting_new_tracking_update
[lvdot_detector_main-8] [INFO] [1776983857.528077031] [lvdot_detector_node]: Pipeline stats: depth_samples=1383/71300 u_map=1 depth_boxes=0 u_map_merge=0 u_map_db=0 u_map_visual=0 u_map_fused=0 u_map_filtered=0 lidar_samples=3442/108008 uv=1 db=10 lidar=3 fused=4 filtered=4 tracks=4 dynamic=0 dyn_points=0 raw_dyn_points=0 service=30/0 split=4->0 (4 outputs) fusion_components=4 visual_only=1 lidar_only=3 yolo_in=0 yolo_match3d=0 yolo_match_det=0 yolo_human=0 fixed_size=0 size_reject=0
[lvdot_detector_main-8] [INFO] [1776983864.297101465] [lvdot_detector_node]: Input health: depth=879 color=1065 lidar=21 pose=3752 odom=3752 yolo=165 depth_pose_sync=0 lidar_pose_sync=0 depth_odom_sync=0 lidar_odom_sync=0
[lvdot_detector_main-8] [INFO] [1776983864.297188298] [lvdot_detector_node]: Stage timers: detection=271 lidar_detection=5243 tracking=6948 classification=6944 vis=4205
[lvdot_detector_main-8] [INFO] [1776983864.297205322] [lvdot_detector_node]: Processing phases: detection=run_core lidar_detection=run_lidar_detector/dbscan tracking=waiting_new_filtered_update classification=waiting_new_tracking_update
[lvdot_detector_main-8] [INFO] [1776983864.297216805] [lvdot_detector_node]: Pipeline stats: depth_samples=1060/57500 u_map=2 depth_boxes=0 u_map_merge=0 u_map_db=0 u_map_visual=0 u_map_fused=0 u_map_filtered=0 lidar_samples=3442/108008 uv=1 db=8 lidar=3 fused=4 filtered=4 tracks=4 dynamic=1 dyn_points=15 raw_dyn_points=0 service=30/0 split=4->1 (4 outputs) fusion_components=4 visual_only=1 lidar_only=3 yolo_in=3 yolo_match3d=1 yolo_match_det=2 yolo_human=1 fixed_size=0 size_reject=0
[lvdot_detector_main-8] [INFO] [1776983870.320515190] [lvdot_detector_node]: Input health: depth=917 color=1080 lidar=22 pose=3848 odom=3848 yolo=169 depth_pose_sync=0 lidar_pose_sync=0 depth_odom_sync=0 lidar_odom_sync=0
[lvdot_detector_main-8] [INFO] [1776983870.320581845] [lvdot_detector_node]: Stage timers: detection=276 lidar_detection=5267 tracking=7126 classification=7123 vis=4313
[lvdot_detector_main-8] [INFO] [1776983870.320592390] [lvdot_detector_node]: Processing phases: detection=idle lidar_detection=waiting_new_lidar tracking=waiting_new_filtered_update classification=waiting_new_tracking_update
[lvdot_detector_main-8] [INFO] [1776983870.320601483] [lvdot_detector_node]: Pipeline stats: depth_samples=1509/71300 u_map=2 depth_boxes=0 u_map_merge=0 u_map_db=0 u_map_visual=0 u_map_fused=0 u_map_filtered=0 lidar_samples=3195/126953 uv=1 db=10 lidar=15 fused=16 filtered=16 tracks=17 dynamic=1 dyn_points=72 raw_dyn_points=835 service=30/0 split=16->0 (16 outputs) fusion_components=16 visual_only=1 lidar_only=15 yolo_in=4 yolo_match3d=0 yolo_match_det=0 yolo_human=0 fixed_size=0 size_reject=1
[lvdot_detector_main-8] [INFO] [1776983876.293607177] [lvdot_detector_node]: Input health: depth=937 color=1109 lidar=23 pose=3944 odom=3944 yolo=173 depth_pose_sync=0 lidar_pose_sync=0 depth_odom_sync=0 lidar_odom_sync=0
[lvdot_detector_main-8] [INFO] [1776983876.293678475] [lvdot_detector_node]: Stage timers: detection=281 lidar_detection=5359 tracking=7298 classification=7291 vis=4425
[lvdot_detector_main-8] [INFO] [1776983876.293691438] [lvdot_detector_node]: Processing phases: detection=idle lidar_detection=run_lidar_detector/dbscan tracking=run_core classification=waiting_new_tracking_update
[lvdot_detector_main-8] [INFO] [1776983876.293700435] [lvdot_detector_node]: Pipeline stats: depth_samples=1369/71300 u_map=2 depth_boxes=0 u_map_merge=0 u_map_db=0 u_map_visual=0 u_map_fused=0 u_map_filtered=0 lidar_samples=3195/126953 uv=1 db=14 lidar=15 fused=16 filtered=16 tracks=16 dynamic=0 dyn_points=0 raw_dyn_points=0 service=30/0 split=16->0 (16 outputs) fusion_components=16 visual_only=1 lidar_only=15 yolo_in=0 yolo_match3d=0 yolo_match_det=0 yolo_human=0 fixed_size=0 size_reject=0
[lvdot_detector_main-8] [INFO] [1776983882.289512597] [lvdot_detector_node]: Input health: depth=971 color=1158 lidar=23 pose=4040 odom=4040 yolo=177 depth_pose_sync=0 lidar_pose_sync=0 depth_odom_sync=0 lidar_odom_sync=0
[lvdot_detector_main-8] [INFO] [1776983882.290795428] [lvdot_detector_node]: Stage timers: detection=287 lidar_detection=5523 tracking=7473 classification=7453 vis=4522
[lvdot_detector_main-8] [INFO] [1776983882.292118152] [lvdot_detector_node]: Processing phases: detection=run_core lidar_detection=snapshot tracking=waiting_new_filtered_update classification=waiting_new_tracking_update
[lvdot_detector_main-8] [INFO] [1776983882.292139589] [lvdot_detector_node]: Pipeline stats: depth_samples=1419/71300 u_map=3 depth_boxes=0 u_map_merge=0 u_map_db=0 u_map_visual=0 u_map_fused=0 u_map_filtered=0 lidar_samples=3049/135019 uv=1 db=10 lidar=7 fused=8 filtered=9 tracks=9 dynamic=0 dyn_points=0 raw_dyn_points=0 service=30/0 split=8->1 (9 outputs) fusion_components=8 visual_only=1 lidar_only=7 yolo_in=4 yolo_match3d=1 yolo_match_det=2 yolo_human=2 fixed_size=0 size_reject=2
[lvdot_detector_main-8] [INFO] [1776983888.307815137] [lvdot_detector_node]: Input health: depth=990 color=1184 lidar=24 pose=4136 odom=4136 yolo=181 depth_pose_sync=0 lidar_pose_sync=0 depth_odom_sync=0 lidar_odom_sync=0
[lvdot_detector_main-8] [INFO] [1776983888.307878281] [lvdot_detector_node]: Stage timers: detection=292 lidar_detection=5630 tracking=7641 classification=7616 vis=4624
[lvdot_detector_main-8] [INFO] [1776983888.307889327] [lvdot_detector_node]: Processing phases: detection=run_core lidar_detection=run_lidar_detector/dbscan tracking=waiting_new_filtered_update classification=waiting_new_tracking_update
[lvdot_detector_main-8] [INFO] [1776983888.307898222] [lvdot_detector_node]: Pipeline stats: depth_samples=1414/71300 u_map=2 depth_boxes=0 u_map_merge=0 u_map_db=0 u_map_visual=0 u_map_fused=0 u_map_filtered=0 lidar_samples=3049/135019 uv=2 db=10 lidar=7 fused=9 filtered=9 tracks=9 dynamic=2 dyn_points=290 raw_dyn_points=50155 service=30/0 split=9->0 (9 outputs) fusion_components=9 visual_only=2 lidar_only=7 yolo_in=2 yolo_match3d=2 yolo_match_det=2 yolo_human=2 fixed_size=0 size_reject=0
[lvdot_detector_main-8] [INFO] [1776983894.306094598] [lvdot_detector_node]: Input health: depth=1007 color=1213 lidar=25 pose=4232 odom=4232 yolo=185 depth_pose_sync=0 lidar_pose_sync=0 depth_odom_sync=0 lidar_odom_sync=0
[lvdot_detector_main-8] [INFO] [1776983894.306163586] [lvdot_detector_node]: Stage timers: detection=297 lidar_detection=5730 tracking=7814 classification=7791 vis=4721
[lvdot_detector_main-8] [INFO] [1776983894.306174562] [lvdot_detector_node]: Processing phases: detection=run_core lidar_detection=run_lidar_detector/dbscan tracking=waiting_new_filtered_update classification=waiting_new_tracking_update
[lvdot_detector_main-8] [INFO] [1776983894.306183284] [lvdot_detector_node]: Pipeline stats: depth_samples=1383/71300 u_map=1 depth_boxes=0 u_map_merge=0 u_map_db=0 u_map_visual=0 u_map_fused=0 u_map_filtered=0 lidar_samples=3332/120781 uv=1 db=10 lidar=24 fused=25 filtered=25 tracks=25 dynamic=0 dyn_points=0 raw_dyn_points=0 service=30/0 split=25->0 (25 outputs) fusion_components=25 visual_only=1 lidar_only=24 yolo_in=3 yolo_match3d=0 yolo_match_det=0 yolo_human=0 fixed_size=0 size_reject=0
[lvdot_detector_main-8] [INFO] [1776983901.162276182] [lvdot_detector_node]: Input health: depth=1038 color=1261 lidar=25 pose=4330 odom=4330 yolo=187 depth_pose_sync=0 lidar_pose_sync=0 depth_odom_sync=0 lidar_odom_sync=0
[lvdot_detector_main-8] [INFO] [1776983901.162343701] [lvdot_detector_node]: Stage timers: detection=303 lidar_detection=5854 tracking=7986 classification=7959 vis=4817
[lvdot_detector_main-8] [INFO] [1776983901.162357126] [lvdot_detector_node]: Processing phases: detection=run_core lidar_detection=waiting_new_lidar tracking=snapshot classification=waiting_new_tracking_update
[lvdot_detector_main-8] [INFO] [1776983901.162368200] [lvdot_detector_node]: Pipeline stats: depth_samples=1536/71300 u_map=3 depth_boxes=0 u_map_merge=0 u_map_db=0 u_map_visual=0 u_map_fused=0 u_map_filtered=0 lidar_samples=3283/120541 uv=2 db=15 lidar=15 fused=17 filtered=17 tracks=17 dynamic=1 dyn_points=96 raw_dyn_points=0 service=30/0 split=17->0 (17 outputs) fusion_components=17 visual_only=2 lidar_only=15 yolo_in=2 yolo_match3d=1 yolo_match_det=1 yolo_human=1 fixed_size=0 size_reject=0
[lvdot_detector_main-8] [INFO] [1776983907.140005346] [lvdot_detector_node]: Input health: depth=1057 color=1280 lidar=25 pose=4426 odom=4426 yolo=191 depth_pose_sync=0 lidar_pose_sync=0 depth_odom_sync=0 lidar_odom_sync=0
[lvdot_detector_main-8] [INFO] [1776983907.140059039] [lvdot_detector_node]: Stage timers: detection=309 lidar_detection=6032 tracking=8147 classification=8122 vis=4913
[lvdot_detector_main-8] [INFO] [1776983907.140067841] [lvdot_detector_node]: Processing phases: detection=run_core lidar_detection=waiting_new_lidar tracking=waiting_new_filtered_update classification=waiting_new_tracking_update
[lvdot_detector_main-8] [INFO] [1776983907.140074785] [lvdot_detector_node]: Pipeline stats: depth_samples=1273/66700 u_map=2 depth_boxes=0 u_map_merge=0 u_map_db=0 u_map_visual=0 u_map_fused=0 u_map_filtered=0 lidar_samples=3283/120541 uv=0 db=13 lidar=15 fused=15 filtered=15 tracks=15 dynamic=0 dyn_points=0 raw_dyn_points=0 service=30/0 split=15->0 (15 outputs) fusion_components=15 visual_only=0 lidar_only=15 yolo_in=1 yolo_match3d=0 yolo_match_det=0 yolo_human=0 fixed_size=0 size_reject=0
[lvdot_detector_main-8] [INFO] [1776983913.150921968] [lvdot_detector_node]: Input health: depth=1077 color=1301 lidar=26 pose=4519 odom=4519 yolo=195 depth_pose_sync=0 lidar_pose_sync=0 depth_odom_sync=0 lidar_odom_sync=0
[lvdot_detector_main-8] [INFO] [1776983913.153411335] [lvdot_detector_node]: Stage timers: detection=314 lidar_detection=6131 tracking=8316 classification=8289 vis=5019
[lvdot_detector_main-8] [INFO] [1776983913.155647063] [lvdot_detector_node]: Processing phases: detection=run_core lidar_detection=run_lidar_detector/dbscan tracking=waiting_new_filtered_update classification=waiting_new_tracking_update
[lvdot_detector_main-8] [INFO] [1776983913.155671508] [lvdot_detector_node]: Pipeline stats: depth_samples=1238/71300 u_map=3 depth_boxes=0 u_map_merge=0 u_map_db=0 u_map_visual=0 u_map_fused=0 u_map_filtered=0 lidar_samples=3283/120541 uv=3 db=7 lidar=15 fused=18 filtered=18 tracks=18 dynamic=0 dyn_points=0 raw_dyn_points=0 service=30/0 split=18->0 (18 outputs) fusion_components=18 visual_only=3 lidar_only=15 yolo_in=2 yolo_match3d=1 yolo_match_det=1 yolo_human=1 fixed_size=0 size_reject=1
[lvdot_detector_main-8] [INFO] [1776983919.167300007] [lvdot_detector_node]: Input health: depth=1104 color=1320 lidar=26 pose=4615 odom=4615 yolo=199 depth_pose_sync=0 lidar_pose_sync=0 depth_odom_sync=0 lidar_odom_sync=0
[lvdot_detector_main-8] [INFO] [1776983919.167363461] [lvdot_detector_node]: Stage timers: detection=320 lidar_detection=6278 tracking=8484 classification=8460 vis=5118
[lvdot_detector_main-8] [INFO] [1776983919.167373727] [lvdot_detector_node]: Processing phases: detection=run_core lidar_detection=waiting_new_lidar tracking=waiting_new_filtered_update classification=run_core
[lvdot_detector_main-8] [INFO] [1776983919.167382330] [lvdot_detector_node]: Pipeline stats: depth_samples=1387/71300 u_map=2 depth_boxes=0 u_map_merge=0 u_map_db=0 u_map_visual=0 u_map_fused=0 u_map_filtered=0 lidar_samples=3285/122454 uv=2 db=13 lidar=17 fused=19 filtered=19 tracks=19 dynamic=0 dyn_points=0 raw_dyn_points=0 service=30/0 split=19->0 (19 outputs) fusion_components=19 visual_only=2 lidar_only=17 yolo_in=2 yolo_match3d=1 yolo_match_det=1 yolo_human=1 fixed_size=0 size_reject=0
[lvdot_detector_main-8] [INFO] [1776983925.162098453] [lvdot_detector_node]: Input health: depth=1127 color=1338 lidar=26 pose=4712 odom=4712 yolo=203 depth_pose_sync=0 lidar_pose_sync=0 depth_odom_sync=0 lidar_odom_sync=0
[lvdot_detector_main-8] [INFO] [1776983925.162210889] [lvdot_detector_node]: Stage timers: detection=325 lidar_detection=6449 tracking=8652 classification=8617 vis=5206
[lvdot_detector_main-8] [INFO] [1776983925.162231715] [lvdot_detector_node]: Processing phases: detection=run_core lidar_detection=waiting_new_lidar tracking=waiting_new_filtered_update classification=waiting_new_tracking_update
[lvdot_detector_main-8] [INFO] [1776983925.162243936] [lvdot_detector_node]: Pipeline stats: depth_samples=1349/71300 u_map=0 depth_boxes=0 u_map_merge=0 u_map_db=0 u_map_visual=0 u_map_fused=0 u_map_filtered=0 lidar_samples=3285/122454 uv=0 db=9 lidar=17 fused=17 filtered=17 tracks=17 dynamic=2 dyn_points=131 raw_dyn_points=10415 service=30/0 split=17->0 (17 outputs) fusion_components=17 visual_only=0 lidar_only=17 yolo_in=3 yolo_match3d=2 yolo_match_det=2 yolo_human=2 fixed_size=0 size_reject=0
[lvdot_detector_main-8] [INFO] [1776983927.394935674] [lvdot_detector_node]: get_dynamic_obstacles responded with 2 obstacles from 2 tracked dynamic boxes.
[lvdot_detector_main-8] [INFO] [1776983931.891174203] [lvdot_detector_node]: Input health: depth=1146 color=1354 lidar=26 pose=4810 odom=4809 yolo=207 depth_pose_sync=0 lidar_pose_sync=0 depth_odom_sync=0 lidar_odom_sync=0
[lvdot_detector_main-8] [INFO] [1776983931.891241761] [lvdot_detector_node]: Stage timers: detection=330 lidar_detection=6617 tracking=8821 classification=8782 vis=5299
[lvdot_detector_main-8] [INFO] [1776983931.891252614] [lvdot_detector_node]: Processing phases: detection=run_core lidar_detection=waiting_new_lidar tracking=waiting_new_filtered_update classification=waiting_new_tracking_update
[lvdot_detector_main-8] [INFO] [1776983931.891261413] [lvdot_detector_node]: Pipeline stats: depth_samples=1462/71300 u_map=2 depth_boxes=0 u_map_merge=0 u_map_db=0 u_map_visual=0 u_map_fused=0 u_map_filtered=0 lidar_samples=3285/122454 uv=2 db=11 lidar=17 fused=19 filtered=19 tracks=19 dynamic=0 dyn_points=0 raw_dyn_points=0 service=31/2 split=19->0 (19 outputs) fusion_components=19 visual_only=2 lidar_only=17 yolo_in=0 yolo_match3d=0 yolo_match_det=0 yolo_human=0 fixed_size=0 size_reject=0
[lvdot_detector_main-8] [INFO] [1776983937.887848109] [lvdot_detector_node]: Input health: depth=1169 color=1364 lidar=26 pose=4903 odom=4903 yolo=211 depth_pose_sync=0 lidar_pose_sync=0 depth_odom_sync=0 lidar_odom_sync=0
[lvdot_detector_main-8] [INFO] [1776983937.889279076] [lvdot_detector_node]: Stage timers: detection=335 lidar_detection=6783 tracking=8986 classification=8948 vis=5389
[lvdot_detector_main-8] [INFO] [1776983937.889311240] [lvdot_detector_node]: Processing phases: detection=run_core lidar_detection=waiting_new_lidar tracking=waiting_new_filtered_update classification=snapshot
[lvdot_detector_main-8] [INFO] [1776983937.889321896] [lvdot_detector_node]: Pipeline stats: depth_samples=1383/71300 u_map=1 depth_boxes=0 u_map_merge=0 u_map_db=0 u_map_visual=0 u_map_fused=0 u_map_filtered=0 lidar_samples=3285/122454 uv=1 db=10 lidar=17 fused=18 filtered=18 tracks=18 dynamic=0 dyn_points=0 raw_dyn_points=0 service=31/2 split=18->0 (18 outputs) fusion_components=18 visual_only=1 lidar_only=17 yolo_in=3 yolo_match3d=1 yolo_match_det=1 yolo_human=1 fixed_size=0 size_reject=1
[lvdot_detector_main-8] [INFO] [1776983943.881241580] [lvdot_detector_node]: Input health: depth=1189 color=1390 lidar=28 pose=4999 odom=4999 yolo=215 depth_pose_sync=0 lidar_pose_sync=0 depth_odom_sync=0 lidar_odom_sync=0
[lvdot_detector_main-8] [INFO] [1776983943.882252446] [lvdot_detector_node]: Stage timers: detection=340 lidar_detection=6796 tracking=9157 classification=9117 vis=5498
[lvdot_detector_main-8] [INFO] [1776983943.882890090] [lvdot_detector_node]: Processing phases: detection=run_core lidar_detection=run_lidar_detector/dbscan tracking=waiting_new_filtered_update classification=waiting_new_tracking_update
[lvdot_detector_main-8] [INFO] [1776983943.883162138] [lvdot_detector_node]: Pipeline stats: depth_samples=1326/71300 u_map=0 depth_boxes=0 u_map_merge=0 u_map_db=0 u_map_visual=0 u_map_fused=0 u_map_filtered=0 lidar_samples=3448/107907 uv=0 db=12 lidar=5 fused=5 filtered=5 tracks=5 dynamic=0 dyn_points=0 raw_dyn_points=0 service=31/2 split=5->0 (5 outputs) fusion_components=5 visual_only=0 lidar_only=5 yolo_in=0 yolo_match3d=0 yolo_match_det=0 yolo_human=0 fixed_size=0 size_reject=0
