[INFO] [launch]: All log files can be found below /home/skbt2/.ros/log/2026-04-23-23-54-26-366888-DESKTOP-90MQDL6-212748
[INFO] [launch]: Default logging verbosity is set to INFO
[INFO] [gazebo-1]: process started with pid [212786]
[INFO] [parameter_bridge-2]: process started with pid [212787]
[INFO] [pedestrian_state_publisher-3]: process started with pid [212788]
[INFO] [uav_trajectory_controller-4]: process started with pid [212789]
[INFO] [image_pointcloud_relay-5]: process started with pid [212790]
[INFO] [image_pointcloud_relay-6]: process started with pid [212791]
[INFO] [lvdot_yolo_node-7]: process started with pid [212792]
[INFO] [lvdot_detector_main-8]: process started with pid [212793]
[parameter_bridge-2] [INFO] [1776959666.628088061] [ros_gz_bridge]: Creating GZ->ROS Bridge: [/rgbd_camera/image (gz.msgs.Image) -> /rgbd_camera/image (sensor_msgs/msg/Image)] (Lazy 0)
[parameter_bridge-2] [INFO] [1776959666.632229412] [ros_gz_bridge]: Creating GZ->ROS Bridge: [/rgbd_camera/camera_info (gz.msgs.CameraInfo) -> /rgbd_camera/camera_info (sensor_msgs/msg/CameraInfo)] (Lazy 0)
[parameter_bridge-2] [INFO] [1776959666.633610155] [ros_gz_bridge]: Creating GZ->ROS Bridge: [/rgbd_camera/depth_image (gz.msgs.Image) -> /rgbd_camera/depth_image (sensor_msgs/msg/Image)] (Lazy 0)
[parameter_bridge-2] [INFO] [1776959666.634447836] [ros_gz_bridge]: Creating GZ->ROS Bridge: [/rgbd_camera/points (gz.msgs.PointCloudPacked) -> /rgbd_camera/points (sensor_msgs/msg/PointCloud2)] (Lazy 0)
[parameter_bridge-2] [INFO] [1776959666.635642785] [ros_gz_bridge]: Creating GZ->ROS Bridge: [/camera/imu (gz.msgs.IMU) -> /camera/imu (sensor_msgs/msg/Imu)] (Lazy 0)
[parameter_bridge-2] [INFO] [1776959666.638461168] [ros_gz_bridge]: Creating ROS->GZ service bridge [/world/pedestrian_prototype/set_pose (ros_gz_interfaces/srv/SetEntityPose -> /)]
[parameter_bridge-2] [INFO] [1776959666.640572129] [ros_gz_bridge]: Creating ROS->GZ service bridge [/world/pedestrian_prototype/set_pose/blocking (ros_gz_interfaces/srv/SetEntityPose -> /)]
[lvdot_detector_main-8] [INFO] [1776959666.829586553] [lvdot_detector_node]: Config loaded: localization_mode=0 dt=0.033 image=640x480 depth_range=[0.50, 5.00] stage_timers=true
[lvdot_detector_main-8] [INFO] [1776959667.056683245] [lvdot_detector_node]: LV-DOT ROS2 skeleton started. depth=/camera/depth/image_rect_raw color=/camera/color/image_raw lidar=/pointcloud pose=/mavros/local_position/pose odom=/mavros/local_position/odom yolo=/yolo_detector/detected_bounding_boxes
[gazebo-1] [INFO] [1776959667.931095873] [pedestrian_pose_sync_system]: Configured pedestrian pose sync plugin on topic [/pedestrian_sim/agent_states] for 8 models.
[uav_trajectory_controller-4] [WARN] [1776959668.347783760] [uav_trajectory_controller]: SetEntityPose request timed out after 0.62s on /world/pedestrian_prototype/set_pose/blocking; dropping the pending request and retrying.
[uav_trajectory_controller-4] [WARN] [1776959668.348507646] [uav_trajectory_controller]: Falling back from /world/pedestrian_prototype/set_pose/blocking to /world/pedestrian_prototype/set_pose.
[lvdot_detector_main-8] [INFO] [1776959669.057192095] [lvdot_detector_node]: Input health: depth=0 color=0 lidar=0 pose=2 odom=2 yolo=0 depth_pose_sync=0 lidar_pose_sync=0 depth_odom_sync=0 lidar_odom_sync=0
[lvdot_detector_main-8] [INFO] [1776959669.057422706] [lvdot_detector_node]: Stage timers: detection=60 lidar_detection=60 tracking=60 classification=60 vis=60
[lvdot_detector_main-8] [INFO] [1776959669.057453591] [lvdot_detector_node]: Processing phases: detection=waiting_depth lidar_detection=waiting_new_lidar tracking=waiting_new_filtered_update classification=waiting_new_tracking_update
[lvdot_detector_main-8] [INFO] [1776959669.057469374] [lvdot_detector_node]: Pipeline stats: depth_samples=0/0 u_map=0 depth_boxes=0 u_map_merge=0 u_map_db=0 u_map_visual=0 u_map_fused=0 u_map_filtered=0 lidar_samples=0/0 uv=0 db=0 lidar=0 fused=0 filtered=0 tracks=0 dynamic=0 dyn_points=0 raw_dyn_points=0 service=0/0 split=0->0 (0 outputs) fusion_components=0 visual_only=0 lidar_only=0 yolo_in=0 yolo_match3d=0 yolo_match_det=0 yolo_human=0 fixed_size=0 size_reject=0
[lvdot_detector_main-8] [INFO] [1776959675.067463615] [lvdot_detector_node]: Input health: depth=24 color=18 lidar=8 pose=50 odom=50 yolo=8 depth_pose_sync=0 lidar_pose_sync=0 depth_odom_sync=0 lidar_odom_sync=0
[lvdot_detector_main-8] [INFO] [1776959675.067539465] [lvdot_detector_node]: Stage timers: detection=128 lidar_detection=129 tracking=242 classification=242 vis=240
[lvdot_detector_main-8] [INFO] [1776959675.067557502] [lvdot_detector_node]: Processing phases: detection=run_core lidar_detection=run_lidar_detector/dbscan tracking=waiting_new_filtered_update classification=waiting_new_tracking_update
[lvdot_detector_main-8] [INFO] [1776959675.067574661] [lvdot_detector_node]: Pipeline stats: depth_samples=1017/71300 u_map=2 depth_boxes=0 u_map_merge=0 u_map_db=0 u_map_visual=0 u_map_fused=0 u_map_filtered=0 lidar_samples=3171/123039 uv=2 db=5 lidar=10 fused=12 filtered=12 tracks=12 dynamic=0 dyn_points=0 raw_dyn_points=0 service=0/0 split=12->0 (12 outputs) fusion_components=12 visual_only=2 lidar_only=10 yolo_in=0 yolo_match3d=0 yolo_match_det=0 yolo_human=0 fixed_size=0 size_reject=0
[lvdot_detector_main-8] [INFO] [1776959681.932982090] [lvdot_detector_node]: Input health: depth=55 color=39 lidar=20 pose=99 odom=99 yolo=22 depth_pose_sync=0 lidar_pose_sync=0 depth_odom_sync=0 lidar_odom_sync=0
[lvdot_detector_main-8] [INFO] [1776959681.933343601] [lvdot_detector_node]: Stage timers: detection=137 lidar_detection=132 tracking=420 classification=419 vis=409
[lvdot_detector_main-8] [INFO] [1776959681.933401220] [lvdot_detector_node]: Processing phases: detection=run_core lidar_detection=run_lidar_detector/project tracking=waiting_new_filtered_update classification=waiting_new_tracking_update
[lvdot_detector_main-8] [INFO] [1776959681.933438268] [lvdot_detector_node]: Pipeline stats: depth_samples=1002/71300 u_map=3 depth_boxes=0 u_map_merge=0 u_map_db=0 u_map_visual=0 u_map_fused=0 u_map_filtered=0 lidar_samples=2674/189792 uv=1 db=10 lidar=3 fused=18 filtered=18 tracks=18 dynamic=0 dyn_points=0 raw_dyn_points=0 service=0/0 split=18->0 (18 outputs) fusion_components=18 visual_only=1 lidar_only=17 yolo_in=2 yolo_match3d=0 yolo_match_det=0 yolo_human=0 fixed_size=0 size_reject=0
[lvdot_detector_main-8] [INFO] [1776959687.918883240] [lvdot_detector_node]: Input health: depth=91 color=73 lidar=32 pose=147 odom=147 yolo=37 depth_pose_sync=0 lidar_pose_sync=0 depth_odom_sync=0 lidar_odom_sync=0
[lvdot_detector_main-8] [INFO] [1776959687.918966823] [lvdot_detector_node]: Stage timers: detection=145 lidar_detection=134 tracking=602 classification=601 vis=557
[lvdot_detector_main-8] [INFO] [1776959687.918976868] [lvdot_detector_node]: Processing phases: detection=run_core lidar_detection=run_lidar_detector/dbscan tracking=waiting_new_filtered_update classification=waiting_new_tracking_update
[lvdot_detector_main-8] [INFO] [1776959687.918985549] [lvdot_detector_node]: Pipeline stats: depth_samples=1174/71300 u_map=0 depth_boxes=0 u_map_merge=0 u_map_db=0 u_map_visual=0 u_map_fused=0 u_map_filtered=0 lidar_samples=3136/135754 uv=0 db=7 lidar=57 fused=5 filtered=5 tracks=5 dynamic=0 dyn_points=0 raw_dyn_points=0 service=0/0 split=5->0 (5 outputs) fusion_components=5 visual_only=0 lidar_only=5 yolo_in=0 yolo_match3d=0 yolo_match_det=0 yolo_human=0 fixed_size=0 size_reject=0
[lvdot_detector_main-8] [INFO] [1776959693.912319898] [lvdot_detector_node]: Input health: depth=111 color=100 lidar=44 pose=195 odom=195 yolo=53 depth_pose_sync=0 lidar_pose_sync=0 depth_odom_sync=0 lidar_odom_sync=0
[lvdot_detector_main-8] [INFO] [1776959693.912412254] [lvdot_detector_node]: Stage timers: detection=154 lidar_detection=136 tracking=782 classification=781 vis=733
[lvdot_detector_main-8] [INFO] [1776959693.912421899] [lvdot_detector_node]: Processing phases: detection=run_core lidar_detection=run_lidar_detector/dbscan tracking=waiting_new_filtered_update classification=waiting_new_tracking_update
[lvdot_detector_main-8] [INFO] [1776959693.912428719] [lvdot_detector_node]: Pipeline stats: depth_samples=973/71300 u_map=3 depth_boxes=0 u_map_merge=0 u_map_db=0 u_map_visual=0 u_map_fused=0 u_map_filtered=0 lidar_samples=3030/120970 uv=2 db=8 lidar=12 fused=14 filtered=16 tracks=16 dynamic=1 dyn_points=10 raw_dyn_points=97 service=0/0 split=14->1 (16 outputs) fusion_components=14 visual_only=2 lidar_only=12 yolo_in=3 yolo_match3d=1 yolo_match_det=3 yolo_human=3 fixed_size=0 size_reject=2
[lvdot_detector_main-8] [INFO] [1776959699.915413693] [lvdot_detector_node]: Input health: depth=131 color=127 lidar=51 pose=241 odom=241 yolo=67 depth_pose_sync=0 lidar_pose_sync=0 depth_odom_sync=0 lidar_odom_sync=0
[lvdot_detector_main-8] [INFO] [1776959699.915480626] [lvdot_detector_node]: Stage timers: detection=162 lidar_detection=139 tracking=963 classification=962 vis=897
[lvdot_detector_main-8] [INFO] [1776959699.915493389] [lvdot_detector_node]: Processing phases: detection=run_core lidar_detection=run_lidar_detector/project tracking=waiting_new_filtered_update classification=waiting_new_tracking_update
[lvdot_detector_main-8] [INFO] [1776959699.915504301] [lvdot_detector_node]: Pipeline stats: depth_samples=1037/71300 u_map=2 depth_boxes=0 u_map_merge=0 u_map_db=0 u_map_visual=0 u_map_fused=0 u_map_filtered=0 lidar_samples=3428/137598 uv=2 db=13 lidar=87 fused=89 filtered=89 tracks=89 dynamic=2 dyn_points=218 raw_dyn_points=22809 service=0/0 split=89->0 (89 outputs) fusion_components=89 visual_only=2 lidar_only=87 yolo_in=2 yolo_match3d=2 yolo_match_det=2 yolo_human=2 fixed_size=0 size_reject=0
[uav_trajectory_controller-4] [WARN] [1776959704.823746860] [uav_trajectory_controller]: SetEntityPose request timed out after 0.50s on /world/pedestrian_prototype/set_pose; dropping the pending request and retrying.
[uav_trajectory_controller-4] [WARN] [1776959705.578528000] [uav_trajectory_controller]: SetEntityPose request timed out after 0.63s on /world/pedestrian_prototype/set_pose; dropping the pending request and retrying.
[lvdot_detector_main-8] [INFO] [1776959705.915416435] [lvdot_detector_node]: Input health: depth=162 color=151 lidar=53 pose=278 odom=278 yolo=79 depth_pose_sync=0 lidar_pose_sync=0 depth_odom_sync=0 lidar_odom_sync=0
[lvdot_detector_main-8] [INFO] [1776959705.915514740] [lvdot_detector_node]: Stage timers: detection=170 lidar_detection=141 tracking=1137 classification=1132 vis=1056
[lvdot_detector_main-8] [INFO] [1776959705.915525068] [lvdot_detector_node]: Processing phases: detection=run_core lidar_detection=run_lidar_detector/dbscan tracking=waiting_new_filtered_update classification=waiting_new_tracking_update
[lvdot_detector_main-8] [INFO] [1776959705.915531595] [lvdot_detector_node]: Pipeline stats: depth_samples=1198/71300 u_map=0 depth_boxes=0 u_map_merge=0 u_map_db=0 u_map_visual=0 u_map_fused=0 u_map_filtered=0 lidar_samples=3048/119781 uv=0 db=9 lidar=8 fused=60 filtered=60 tracks=60 dynamic=0 dyn_points=0 raw_dyn_points=0 service=0/0 split=60->0 (60 outputs) fusion_components=60 visual_only=0 lidar_only=60 yolo_in=0 yolo_match3d=0 yolo_match_det=0 yolo_human=0 fixed_size=0 size_reject=0
[lvdot_detector_main-8] [INFO] [1776959711.912353117] [lvdot_detector_node]: Input health: depth=183 color=171 lidar=60 pose=326 odom=326 yolo=94 depth_pose_sync=0 lidar_pose_sync=0 depth_odom_sync=0 lidar_odom_sync=0
[lvdot_detector_main-8] [INFO] [1776959711.912438415] [lvdot_detector_node]: Stage timers: detection=178 lidar_detection=143 tracking=1319 classification=1314 vis=1231
[lvdot_detector_main-8] [INFO] [1776959711.912448846] [lvdot_detector_node]: Processing phases: detection=run_core lidar_detection=run_lidar_detector/dbscan tracking=waiting_new_filtered_update classification=waiting_new_tracking_update
[lvdot_detector_main-8] [INFO] [1776959711.912456157] [lvdot_detector_node]: Pipeline stats: depth_samples=1218/71300 u_map=2 depth_boxes=0 u_map_merge=0 u_map_db=0 u_map_visual=0 u_map_fused=0 u_map_filtered=0 lidar_samples=3296/125676 uv=1 db=10 lidar=16 fused=17 filtered=17 tracks=17 dynamic=1 dyn_points=39 raw_dyn_points=0 service=0/0 split=17->1 (17 outputs) fusion_components=17 visual_only=1 lidar_only=16 yolo_in=5 yolo_match3d=1 yolo_match_det=2 yolo_human=1 fixed_size=0 size_reject=0
[lvdot_detector_main-8] [INFO] [1776959716.485479529] [lvdot_detector_node]: get_dynamic_obstacles responded with 3 obstacles from 3 tracked dynamic boxes.
[lvdot_detector_main-8] [INFO] [1776959718.789931179] [lvdot_detector_node]: Input health: depth=198 color=185 lidar=69 pose=374 odom=374 yolo=105 depth_pose_sync=0 lidar_pose_sync=0 depth_odom_sync=0 lidar_odom_sync=0
[lvdot_detector_main-8] [INFO] [1776959718.790002958] [lvdot_detector_node]: Stage timers: detection=187 lidar_detection=146 tracking=1499 classification=1493 vis=1375
[lvdot_detector_main-8] [INFO] [1776959718.790016905] [lvdot_detector_node]: Processing phases: detection=run_core lidar_detection=run_lidar_detector/project tracking=waiting_new_filtered_update classification=waiting_new_tracking_update
[lvdot_detector_main-8] [INFO] [1776959718.790028218] [lvdot_detector_node]: Pipeline stats: depth_samples=992/71300 u_map=3 depth_boxes=0 u_map_merge=0 u_map_db=0 u_map_visual=0 u_map_fused=0 u_map_filtered=0 lidar_samples=1609/263414 uv=2 db=9 lidar=5 fused=7 filtered=8 tracks=8 dynamic=1 dyn_points=71 raw_dyn_points=0 service=1/3 split=7->1 (8 outputs) fusion_components=7 visual_only=2 lidar_only=5 yolo_in=2 yolo_match3d=1 yolo_match_det=2 yolo_human=2 fixed_size=0 size_reject=1
[uav_trajectory_controller-4] [WARN] [1776959720.702519791] [uav_trajectory_controller]: SetEntityPose request timed out after 0.50s on /world/pedestrian_prototype/set_pose; dropping the pending request and retrying.
[lvdot_detector_main-8] [INFO] [1776959720.727906219] [lvdot_detector_node]: get_dynamic_obstacles responded with 0 obstacles from 0 tracked dynamic boxes.
[uav_trajectory_controller-4] [WARN] [1776959721.450673680] [uav_trajectory_controller]: SetEntityPose request timed out after 0.62s on /world/pedestrian_prototype/set_pose; dropping the pending request and retrying.
[lvdot_detector_main-8] [INFO] [1776959724.759772586] [lvdot_detector_node]: Input health: depth=227 color=214 lidar=72 pose=412 odom=412 yolo=119 depth_pose_sync=0 lidar_pose_sync=0 depth_odom_sync=0 lidar_odom_sync=0
[lvdot_detector_main-8] [INFO] [1776959724.760071635] [lvdot_detector_node]: Stage timers: detection=195 lidar_detection=207 tracking=1677 classification=1673 vis=1507
[lvdot_detector_main-8] [INFO] [1776959724.760086344] [lvdot_detector_node]: Processing phases: detection=run_core lidar_detection=run_lidar_detector/dbscan tracking=waiting_new_filtered_update classification=waiting_new_tracking_update
[lvdot_detector_main-8] [INFO] [1776959724.760095110] [lvdot_detector_node]: Pipeline stats: depth_samples=1218/71300 u_map=0 depth_boxes=0 u_map_merge=0 u_map_db=0 u_map_visual=0 u_map_fused=0 u_map_filtered=0 lidar_samples=3318/134862 uv=0 db=9 lidar=3 fused=3 filtered=3 tracks=3 dynamic=0 dyn_points=0 raw_dyn_points=0 service=2/0 split=3->0 (3 outputs) fusion_components=3 visual_only=0 lidar_only=3 yolo_in=0 yolo_match3d=0 yolo_match_det=0 yolo_human=0 fixed_size=0 size_reject=0
[lvdot_detector_main-8] [INFO] [1776959727.166266652] [lvdot_detector_node]: get_dynamic_obstacles responded with 0 obstacles from 0 tracked dynamic boxes.
[lvdot_detector_main-8] [INFO] [1776959730.764214085] [lvdot_detector_node]: Input health: depth=258 color=242 lidar=83 pose=458 odom=458 yolo=135 depth_pose_sync=0 lidar_pose_sync=0 depth_odom_sync=0 lidar_odom_sync=0
[lvdot_detector_main-8] [INFO] [1776959730.764307014] [lvdot_detector_node]: Stage timers: detection=203 lidar_detection=209 tracking=1859 classification=1855 vis=1685
[lvdot_detector_main-8] [INFO] [1776959730.764317242] [lvdot_detector_node]: Processing phases: detection=idle lidar_detection=run_lidar_detector/dbscan tracking=waiting_new_filtered_update classification=waiting_new_tracking_update
[lvdot_detector_main-8] [INFO] [1776959730.764323964] [lvdot_detector_node]: Pipeline stats: depth_samples=1213/71300 u_map=3 depth_boxes=0 u_map_merge=0 u_map_db=0 u_map_visual=0 u_map_fused=0 u_map_filtered=0 lidar_samples=3452/107975 uv=1 db=11 lidar=9 fused=10 filtered=10 tracks=9 dynamic=0 dyn_points=0 raw_dyn_points=0 service=3/0 split=10->1 (10 outputs) fusion_components=10 visual_only=1 lidar_only=9 yolo_in=5 yolo_match3d=1 yolo_match_det=4 yolo_human=0 fixed_size=0 size_reject=0
[lvdot_detector_main-8] [INFO] [1776959732.537717584] [lvdot_detector_node]: get_dynamic_obstacles responded with 0 obstacles from 0 tracked dynamic boxes.
[lvdot_detector_main-8] [INFO] [1776959736.764487782] [lvdot_detector_node]: Input health: depth=271 color=267 lidar=89 pose=505 odom=505 yolo=149 depth_pose_sync=0 lidar_pose_sync=0 depth_odom_sync=0 lidar_odom_sync=0
[lvdot_detector_main-8] [INFO] [1776959736.764615493] [lvdot_detector_node]: Stage timers: detection=212 lidar_detection=233 tracking=2040 classification=2033 vis=1838
[lvdot_detector_main-8] [INFO] [1776959736.764634100] [lvdot_detector_node]: Processing phases: detection=run_core lidar_detection=waiting_new_lidar tracking=waiting_new_filtered_update classification=run_core
[lvdot_detector_main-8] [INFO] [1776959736.764646471] [lvdot_detector_node]: Pipeline stats: depth_samples=1005/71300 u_map=2 depth_boxes=0 u_map_merge=0 u_map_db=0 u_map_visual=0 u_map_fused=0 u_map_filtered=0 lidar_samples=3371/165711 uv=1 db=9 lidar=26 fused=22 filtered=22 tracks=22 dynamic=0 dyn_points=0 raw_dyn_points=0 service=4/0 split=22->0 (22 outputs) fusion_components=22 visual_only=1 lidar_only=21 yolo_in=0 yolo_match3d=0 yolo_match_det=0 yolo_human=0 fixed_size=0 size_reject=0
[lvdot_detector_main-8] [INFO] [1776959738.540294306] [lvdot_detector_node]: get_dynamic_obstacles responded with 0 obstacles from 0 tracked dynamic boxes.
[lvdot_detector_main-8] [INFO] [1776959742.762846351] [lvdot_detector_node]: Input health: depth=302 color=282 lidar=97 pose=553 odom=553 yolo=161 depth_pose_sync=0 lidar_pose_sync=0 depth_odom_sync=0 lidar_odom_sync=0
[lvdot_detector_main-8] [INFO] [1776959742.762910295] [lvdot_detector_node]: Stage timers: detection=220 lidar_detection=236 tracking=2219 classification=2209 vis=1996
[lvdot_detector_main-8] [INFO] [1776959742.762920920] [lvdot_detector_node]: Processing phases: detection=run_core lidar_detection=run_lidar_detector/project tracking=waiting_new_filtered_update classification=waiting_new_tracking_update
[lvdot_detector_main-8] [INFO] [1776959742.762929790] [lvdot_detector_node]: Pipeline stats: depth_samples=1218/71300 u_map=0 depth_boxes=0 u_map_merge=0 u_map_db=0 u_map_visual=0 u_map_fused=0 u_map_filtered=0 lidar_samples=3391/125138 uv=0 db=9 lidar=69 fused=2 filtered=2 tracks=2 dynamic=0 dyn_points=0 raw_dyn_points=0 service=5/0 split=2->0 (2 outputs) fusion_components=2 visual_only=0 lidar_only=2 yolo_in=0 yolo_match3d=0 yolo_match_det=0 yolo_human=0 fixed_size=0 size_reject=0
[uav_trajectory_controller-4] [WARN] [1776959743.825896758] [uav_trajectory_controller]: SetEntityPose request timed out after 0.63s on /world/pedestrian_prototype/set_pose; dropping the pending request and retrying.
[uav_trajectory_controller-4] [WARN] [1776959744.576729020] [uav_trajectory_controller]: SetEntityPose request timed out after 0.62s on /world/pedestrian_prototype/set_pose; dropping the pending request and retrying.
[lvdot_detector_main-8] [INFO] [1776959744.720702564] [lvdot_detector_node]: get_dynamic_obstacles responded with 0 obstacles from 0 tracked dynamic boxes.
[uav_trajectory_controller-4] [WARN] [1776959745.322906020] [uav_trajectory_controller]: SetEntityPose request timed out after 0.62s on /world/pedestrian_prototype/set_pose; dropping the pending request and retrying.
[lvdot_detector_main-8] [INFO] [1776959749.606837858] [lvdot_detector_node]: Input health: depth=318 color=300 lidar=101 pose=582 odom=582 yolo=175 depth_pose_sync=0 lidar_pose_sync=0 depth_odom_sync=0 lidar_odom_sync=0
[lvdot_detector_main-8] [INFO] [1776959749.606997560] [lvdot_detector_node]: Stage timers: detection=228 lidar_detection=290 tracking=2400 classification=2385 vis=2162
[lvdot_detector_main-8] [INFO] [1776959749.607012282] [lvdot_detector_node]: Processing phases: detection=run_core lidar_detection=run_lidar_detector/dbscan tracking=waiting_new_filtered_update classification=waiting_new_tracking_update
[lvdot_detector_main-8] [INFO] [1776959749.607022812] [lvdot_detector_node]: Pipeline stats: depth_samples=1232/71300 u_map=2 depth_boxes=0 u_map_merge=0 u_map_db=0 u_map_visual=0 u_map_fused=0 u_map_filtered=0 lidar_samples=3410/108238 uv=1 db=10 lidar=9 fused=10 filtered=10 tracks=10 dynamic=1 dyn_points=87 raw_dyn_points=0 service=6/0 split=10->1 (10 outputs) fusion_components=10 visual_only=1 lidar_only=9 yolo_in=3 yolo_match3d=1 yolo_match_det=2 yolo_human=1 fixed_size=0 size_reject=0
[lvdot_detector_main-8] [INFO] [1776959751.161066509] [lvdot_detector_node]: get_dynamic_obstacles responded with 3 obstacles from 3 tracked dynamic boxes.
[lvdot_detector_main-8] [INFO] [1776959755.621073098] [lvdot_detector_node]: Input health: depth=330 color=321 lidar=109 pose=630 odom=630 yolo=189 depth_pose_sync=0 lidar_pose_sync=0 depth_odom_sync=0 lidar_odom_sync=0
[lvdot_detector_main-8] [INFO] [1776959755.621191168] [lvdot_detector_node]: Stage timers: detection=237 lidar_detection=293 tracking=2577 classification=2567 vis=2321
[lvdot_detector_main-8] [INFO] [1776959755.621212520] [lvdot_detector_node]: Processing phases: detection=run_core lidar_detection=run_lidar_detector tracking=build_input classification=waiting_new_tracking_update
[lvdot_detector_main-8] [INFO] [1776959755.621226365] [lvdot_detector_node]: Pipeline stats: depth_samples=1189/71300 u_map=3 depth_boxes=0 u_map_merge=0 u_map_db=0 u_map_visual=0 u_map_fused=0 u_map_filtered=0 lidar_samples=3348/181305 uv=3 db=12 lidar=8 fused=11 filtered=12 tracks=21 dynamic=1 dyn_points=58 raw_dyn_points=108 service=8/1 split=11->1 (12 outputs) fusion_components=11 visual_only=3 lidar_only=8 yolo_in=3 yolo_match3d=2 yolo_match_det=3 yolo_human=3 fixed_size=0 size_reject=0
[lvdot_detector_main-8] [INFO] [1776959756.874712776] [lvdot_detector_node]: get_dynamic_obstacles responded with 1 obstacles from 1 tracked dynamic boxes.
[lvdot_detector_main-8] [INFO] [1776959760.212842623] [lvdot_detector_node]: get_dynamic_obstacles responded with 0 obstacles from 0 tracked dynamic boxes.
[lvdot_detector_main-8] [INFO] [1776959761.601634811] [lvdot_detector_node]: Input health: depth=352 color=341 lidar=115 pose=678 odom=678 yolo=197 depth_pose_sync=0 lidar_pose_sync=0 depth_odom_sync=0 lidar_odom_sync=0
[lvdot_detector_main-8] [INFO] [1776959761.601734861] [lvdot_detector_node]: Stage timers: detection=244 lidar_detection=295 tracking=2753 classification=2747 vis=2466
[lvdot_detector_main-8] [INFO] [1776959761.601751843] [lvdot_detector_node]: Processing phases: detection=run_core lidar_detection=run_lidar_detector/project tracking=waiting_new_filtered_update classification=waiting_new_tracking_update
[lvdot_detector_main-8] [INFO] [1776959761.601763973] [lvdot_detector_node]: Pipeline stats: depth_samples=1006/71300 u_map=2 depth_boxes=0 u_map_merge=0 u_map_db=0 u_map_visual=0 u_map_fused=0 u_map_filtered=0 lidar_samples=3415/117685 uv=1 db=8 lidar=63 fused=64 filtered=64 tracks=64 dynamic=0 dyn_points=0 raw_dyn_points=0 service=10/0 split=64->0 (64 outputs) fusion_components=64 visual_only=1 lidar_only=63 yolo_in=1 yolo_match3d=0 yolo_match_det=0 yolo_human=0 fixed_size=0 size_reject=0
[lvdot_detector_main-8] [INFO] [1776959763.670953683] [lvdot_detector_node]: get_dynamic_obstacles responded with 0 obstacles from 0 tracked dynamic boxes.
[lvdot_detector_main-8] [INFO] [1776959767.601854215] [lvdot_detector_node]: Input health: depth=379 color=371 lidar=118 pose=726 odom=726 yolo=212 depth_pose_sync=0 lidar_pose_sync=0 depth_odom_sync=0 lidar_odom_sync=0
[lvdot_detector_main-8] [INFO] [1776959767.601957901] [lvdot_detector_node]: Stage timers: detection=253 lidar_detection=325 tracking=2935 classification=2928 vis=2638
[lvdot_detector_main-8] [INFO] [1776959767.601973688] [lvdot_detector_node]: Processing phases: detection=run_core lidar_detection=run_lidar_detector/project tracking=waiting_new_filtered_update classification=idle
[lvdot_detector_main-8] [INFO] [1776959767.601986648] [lvdot_detector_node]: Pipeline stats: depth_samples=1233/71300 u_map=5 depth_boxes=0 u_map_merge=0 u_map_db=0 u_map_visual=0 u_map_fused=0 u_map_filtered=0 lidar_samples=3389/107981 uv=4 db=13 lidar=5 fused=9 filtered=9 tracks=9 dynamic=2 dyn_points=0 raw_dyn_points=0 service=11/0 split=9->1 (9 outputs) fusion_components=9 visual_only=4 lidar_only=5 yolo_in=4 yolo_match3d=2 yolo_match_det=3 yolo_human=2 fixed_size=0 size_reject=0
[lvdot_detector_main-8] [INFO] [1776959769.965791773] [lvdot_detector_node]: get_dynamic_obstacles responded with 0 obstacles from 0 tracked dynamic boxes.
[lvdot_detector_main-8] [INFO] [1776959773.627830111] [lvdot_detector_node]: Input health: depth=404 color=401 lidar=127 pose=772 odom=772 yolo=225 depth_pose_sync=0 lidar_pose_sync=0 depth_odom_sync=0 lidar_odom_sync=0
[lvdot_detector_main-8] [INFO] [1776959773.627897674] [lvdot_detector_node]: Stage timers: detection=261 lidar_detection=327 tracking=3111 classification=3101 vis=2793
[lvdot_detector_main-8] [INFO] [1776959773.627908542] [lvdot_detector_node]: Processing phases: detection=idle lidar_detection=run_lidar_detector/pcl tracking=waiting_new_filtered_update classification=waiting_new_tracking_update
[lvdot_detector_main-8] [INFO] [1776959773.627917257] [lvdot_detector_node]: Pipeline stats: depth_samples=1113/71300 u_map=2 depth_boxes=0 u_map_merge=0 u_map_db=0 u_map_visual=0 u_map_fused=0 u_map_filtered=0 lidar_samples=2997/183972 uv=2 db=8 lidar=4 fused=6 filtered=6 tracks=71 dynamic=1 dyn_points=78 raw_dyn_points=0 service=12/0 split=6->1 (6 outputs) fusion_components=6 visual_only=2 lidar_only=4 yolo_in=4 yolo_match3d=1 yolo_match_det=3 yolo_human=0 fixed_size=0 size_reject=1
[lvdot_detector_main-8] [INFO] [1776959775.874934639] [lvdot_detector_node]: get_dynamic_obstacles responded with 0 obstacles from 0 tracked dynamic boxes.
[lvdot_detector_main-8] [INFO] [1776959779.148695229] [lvdot_detector_node]: get_dynamic_obstacles responded with 0 obstacles from 0 tracked dynamic boxes.
[lvdot_detector_main-8] [INFO] [1776959779.616687457] [lvdot_detector_node]: Input health: depth=431 color=430 lidar=130 pose=818 odom=818 yolo=237 depth_pose_sync=0 lidar_pose_sync=0 depth_odom_sync=0 lidar_odom_sync=0
[lvdot_detector_main-8] [INFO] [1776959779.617172633] [lvdot_detector_node]: Stage timers: detection=269 lidar_detection=369 tracking=3289 classification=3281 vis=2935
[lvdot_detector_main-8] [INFO] [1776959779.617186243] [lvdot_detector_node]: Processing phases: detection=idle lidar_detection=run_lidar_detector/project tracking=run_core classification=waiting_new_tracking_update
[lvdot_detector_main-8] [INFO] [1776959779.617195447] [lvdot_detector_node]: Pipeline stats: depth_samples=1203/70380 u_map=0 depth_boxes=0 u_map_merge=0 u_map_db=0 u_map_visual=0 u_map_fused=0 u_map_filtered=0 lidar_samples=2449/197791 uv=0 db=8 lidar=1 fused=1 filtered=1 tracks=2 dynamic=0 dyn_points=0 raw_dyn_points=0 service=14/0 split=1->0 (1 outputs) fusion_components=1 visual_only=0 lidar_only=1 yolo_in=0 yolo_match3d=0 yolo_match_det=0 yolo_human=0 fixed_size=0 size_reject=0
[uav_trajectory_controller-4] [WARN] [1776959781.458698481] [uav_trajectory_controller]: SetEntityPose request timed out after 0.88s on /world/pedestrian_prototype/set_pose; dropping the pending request and retrying.
[lvdot_detector_main-8] [INFO] [1776959783.218246273] [lvdot_detector_node]: get_dynamic_obstacles responded with 0 obstacles from 0 tracked dynamic boxes.
[lvdot_detector_main-8] [INFO] [1776959786.329102246] [lvdot_detector_node]: get_dynamic_obstacles responded with 0 obstacles from 0 tracked dynamic boxes.
[lvdot_detector_main-8] [INFO] [1776959786.491785748] [lvdot_detector_node]: Input health: depth=445 color=449 lidar=134 pose=865 odom=865 yolo=250 depth_pose_sync=0 lidar_pose_sync=0 depth_odom_sync=0 lidar_odom_sync=0
[lvdot_detector_main-8] [INFO] [1776959786.491866474] [lvdot_detector_node]: Stage timers: detection=277 lidar_detection=371 tracking=3470 classification=3464 vis=3098
[lvdot_detector_main-8] [INFO] [1776959786.491876944] [lvdot_detector_node]: Processing phases: detection=run_core lidar_detection=run_lidar_detector/dbscan tracking=waiting_new_filtered_update classification=waiting_new_tracking_update
[lvdot_detector_main-8] [INFO] [1776959786.491884283] [lvdot_detector_node]: Pipeline stats: depth_samples=1246/71300 u_map=1 depth_boxes=0 u_map_merge=0 u_map_db=0 u_map_visual=0 u_map_fused=0 u_map_filtered=0 lidar_samples=3394/107888 uv=1 db=10 lidar=6 fused=7 filtered=7 tracks=7 dynamic=0 dyn_points=0 raw_dyn_points=0 service=16/0 split=7->0 (7 outputs) fusion_components=7 visual_only=1 lidar_only=6 yolo_in=2 yolo_match3d=0 yolo_match_det=0 yolo_human=0 fixed_size=0 size_reject=0
[lvdot_detector_main-8] [INFO] [1776959792.479445623] [lvdot_detector_node]: Input health: depth=459 color=472 lidar=140 pose=912 odom=913 yolo=261 depth_pose_sync=0 lidar_pose_sync=0 depth_odom_sync=0 lidar_odom_sync=0
[lvdot_detector_main-8] [INFO] [1776959792.479540979] [lvdot_detector_node]: Stage timers: detection=286 lidar_detection=402 tracking=3651 classification=3644 vis=3259
[lvdot_detector_main-8] [INFO] [1776959792.479554366] [lvdot_detector_node]: Processing phases: detection=run_core lidar_detection=run_lidar_detector/dbscan tracking=waiting_new_filtered_update classification=waiting_new_tracking_update
[lvdot_detector_main-8] [INFO] [1776959792.479564163] [lvdot_detector_node]: Pipeline stats: depth_samples=1027/52150 u_map=3 depth_boxes=0 u_map_merge=0 u_map_db=0 u_map_visual=0 u_map_fused=0 u_map_filtered=0 lidar_samples=3122/144724 uv=2 db=10 lidar=65 fused=67 filtered=68 tracks=68 dynamic=1 dyn_points=59 raw_dyn_points=1259 service=17/0 split=67->1 (68 outputs) fusion_components=67 visual_only=2 lidar_only=65 yolo_in=4 yolo_match3d=2 yolo_match_det=4 yolo_human=3 fixed_size=0 size_reject=2
[lvdot_detector_main-8] [INFO] [1776959794.153712810] [lvdot_detector_node]: get_dynamic_obstacles responded with 1 obstacles from 1 tracked dynamic boxes.
[lvdot_detector_main-8] [INFO] [1776959797.347382571] [lvdot_detector_node]: get_dynamic_obstacles responded with 0 obstacles from 0 tracked dynamic boxes.
[lvdot_detector_main-8] [INFO] [1776959798.478618909] [lvdot_detector_node]: Input health: depth=490 color=504 lidar=146 pose=959 odom=959 yolo=273 depth_pose_sync=0 lidar_pose_sync=0 depth_odom_sync=0 lidar_odom_sync=0
[lvdot_detector_main-8] [INFO] [1776959798.478717167] [lvdot_detector_node]: Stage timers: detection=295 lidar_detection=404 tracking=3822 classification=3816 vis=3397
[lvdot_detector_main-8] [INFO] [1776959798.478730275] [lvdot_detector_node]: Processing phases: detection=run_core lidar_detection=run_lidar_detector/dbscan tracking=waiting_new_filtered_update classification=waiting_new_tracking_update
[lvdot_detector_main-8] [INFO] [1776959798.478738916] [lvdot_detector_node]: Pipeline stats: depth_samples=990/71300 u_map=1 depth_boxes=0 u_map_merge=0 u_map_db=0 u_map_visual=0 u_map_fused=0 u_map_filtered=0 lidar_samples=2721/195799 uv=0 db=7 lidar=2 fused=2 filtered=2 tracks=2 dynamic=0 dyn_points=0 raw_dyn_points=0 service=19/0 split=2->0 (2 outputs) fusion_components=2 visual_only=0 lidar_only=2 yolo_in=0 yolo_match3d=0 yolo_match_det=0 yolo_human=0 fixed_size=0 size_reject=0
[lvdot_detector_main-8] [INFO] [1776959803.846946846] [lvdot_detector_node]: get_dynamic_obstacles responded with 0 obstacles from 0 tracked dynamic boxes.
[lvdot_detector_main-8] [INFO] [1776959804.484851507] [lvdot_detector_node]: Input health: depth=511 color=526 lidar=153 pose=1005 odom=1005 yolo=286 depth_pose_sync=0 lidar_pose_sync=0 depth_odom_sync=0 lidar_odom_sync=0
[lvdot_detector_main-8] [INFO] [1776959804.484926463] [lvdot_detector_node]: Stage timers: detection=303 lidar_detection=407 tracking=4004 classification=3998 vis=3576
[lvdot_detector_main-8] [INFO] [1776959804.484940154] [lvdot_detector_node]: Processing phases: detection=run_core lidar_detection=run_lidar_detector/dbscan tracking=waiting_new_filtered_update classification=waiting_new_tracking_update
[lvdot_detector_main-8] [INFO] [1776959804.484950154] [lvdot_detector_node]: Pipeline stats: depth_samples=1197/71300 u_map=2 depth_boxes=0 u_map_merge=0 u_map_db=0 u_map_visual=0 u_map_fused=0 u_map_filtered=0 lidar_samples=3227/122988 uv=2 db=10 lidar=16 fused=11 filtered=11 tracks=11 dynamic=1 dyn_points=54 raw_dyn_points=742 service=20/0 split=11->1 (11 outputs) fusion_components=11 visual_only=2 lidar_only=9 yolo_in=2 yolo_match3d=1 yolo_match_det=2 yolo_human=1 fixed_size=0 size_reject=0
[lvdot_detector_main-8] [INFO] [1776959806.895982243] [lvdot_detector_node]: get_dynamic_obstacles responded with 1 obstacles from 1 tracked dynamic boxes.
[lvdot_detector_main-8] [INFO] [1776959810.495641495] [lvdot_detector_node]: Input health: depth=535 color=545 lidar=162 pose=1053 odom=1053 yolo=296 depth_pose_sync=0 lidar_pose_sync=0 depth_odom_sync=0 lidar_odom_sync=0
[lvdot_detector_main-8] [INFO] [1776959810.495779124] [lvdot_detector_node]: Stage timers: detection=312 lidar_detection=409 tracking=4186 classification=4180 vis=3736
[lvdot_detector_main-8] [INFO] [1776959810.495802404] [lvdot_detector_node]: Processing phases: detection=run_core lidar_detection=run_lidar_detector/dbscan tracking=waiting_new_filtered_update classification=run_core
[lvdot_detector_main-8] [INFO] [1776959810.495816783] [lvdot_detector_node]: Pipeline stats: depth_samples=1175/71300 u_map=2 depth_boxes=0 u_map_merge=0 u_map_db=0 u_map_visual=0 u_map_fused=0 u_map_filtered=0 lidar_samples=3256/125878 uv=1 db=9 lidar=21 fused=22 filtered=22 tracks=22 dynamic=2 dyn_points=60 raw_dyn_points=6453 service=21/1 split=22->0 (22 outputs) fusion_components=22 visual_only=1 lidar_only=21 yolo_in=0 yolo_match3d=0 yolo_match_det=0 yolo_human=0 fixed_size=0 size_reject=0
[lvdot_detector_main-8] [INFO] [1776959811.144538838] [lvdot_detector_node]: get_dynamic_obstacles responded with 0 obstacles from 0 tracked dynamic boxes.
[lvdot_detector_main-8] [INFO] [1776959816.607545036] [lvdot_detector_node]: get_dynamic_obstacles responded with 0 obstacles from 0 tracked dynamic boxes.
[lvdot_detector_main-8] [INFO] [1776959817.304645691] [lvdot_detector_node]: Input health: depth=560 color=564 lidar=171 pose=1099 odom=1099 yolo=306 depth_pose_sync=0 lidar_pose_sync=0 depth_odom_sync=0 lidar_odom_sync=0
[lvdot_detector_main-8] [INFO] [1776959817.304709225] [lvdot_detector_node]: Stage timers: detection=320 lidar_detection=412 tracking=4366 classification=4355 vis=3891
[lvdot_detector_main-8] [INFO] [1776959817.304719798] [lvdot_detector_node]: Processing phases: detection=run_core lidar_detection=run_lidar_detector/project tracking=waiting_new_filtered_update classification=waiting_new_tracking_update
[lvdot_detector_main-8] [INFO] [1776959817.304728333] [lvdot_detector_node]: Pipeline stats: depth_samples=1122/71300 u_map=1 depth_boxes=0 u_map_merge=0 u_map_db=0 u_map_visual=0 u_map_fused=0 u_map_filtered=0 lidar_samples=3053/116059 uv=0 db=8 lidar=8 fused=0 filtered=0 tracks=0 dynamic=0 dyn_points=0 raw_dyn_points=0 service=23/0 split=0->0 (0 outputs) fusion_components=0 visual_only=0 lidar_only=0 yolo_in=0 yolo_match3d=0 yolo_match_det=0 yolo_human=0 fixed_size=0 size_reject=0
[lvdot_detector_main-8] [INFO] [1776959820.901211455] [lvdot_detector_node]: get_dynamic_obstacles responded with 0 obstacles from 0 tracked dynamic boxes.
[lvdot_detector_main-8] [INFO] [1776959823.313051783] [lvdot_detector_node]: Input health: depth=580 color=586 lidar=175 pose=1147 odom=1147 yolo=318 depth_pose_sync=0 lidar_pose_sync=0 depth_odom_sync=0 lidar_odom_sync=0
[lvdot_detector_main-8] [INFO] [1776959823.313123811] [lvdot_detector_node]: Stage timers: detection=328 lidar_detection=414 tracking=4548 classification=4537 vis=4068
[lvdot_detector_main-8] [INFO] [1776959823.313143610] [lvdot_detector_node]: Processing phases: detection=run_core lidar_detection=run_lidar_detector/dbscan tracking=waiting_new_filtered_update classification=waiting_new_tracking_update
[lvdot_detector_main-8] [INFO] [1776959823.313152943] [lvdot_detector_node]: Pipeline stats: depth_samples=1174/71300 u_map=1 depth_boxes=0 u_map_merge=0 u_map_db=0 u_map_visual=0 u_map_fused=0 u_map_filtered=0 lidar_samples=3403/107802 uv=1 db=9 lidar=7 fused=8 filtered=8 tracks=8 dynamic=0 dyn_points=0 raw_dyn_points=0 service=24/0 split=8->0 (8 outputs) fusion_components=8 visual_only=1 lidar_only=7 yolo_in=2 yolo_match3d=0 yolo_match_det=0 yolo_human=0 fixed_size=0 size_reject=0
[lvdot_detector_main-8] [INFO] [1776959825.224742556] [lvdot_detector_node]: get_dynamic_obstacles responded with 1 obstacles from 1 tracked dynamic boxes.
[lvdot_detector_main-8] [INFO] [1776959829.295562574] [lvdot_detector_node]: Input health: depth=595 color=611 lidar=184 pose=1195 odom=1195 yolo=333 depth_pose_sync=0 lidar_pose_sync=0 depth_odom_sync=0 lidar_odom_sync=0
[lvdot_detector_main-8] [INFO] [1776959829.295627574] [lvdot_detector_node]: Stage timers: detection=337 lidar_detection=417 tracking=4729 classification=4717 vis=4240
[lvdot_detector_main-8] [INFO] [1776959829.295638585] [lvdot_detector_node]: Processing phases: detection=run_core lidar_detection=run_lidar_detector/project tracking=waiting_new_filtered_update classification=waiting_new_tracking_update
[lvdot_detector_main-8] [INFO] [1776959829.295647551] [lvdot_detector_node]: Pipeline stats: depth_samples=1225/71300 u_map=4 depth_boxes=0 u_map_merge=0 u_map_db=0 u_map_visual=0 u_map_fused=0 u_map_filtered=0 lidar_samples=3126/168181 uv=2 db=11 lidar=12 fused=14 filtered=14 tracks=14 dynamic=2 dyn_points=0 raw_dyn_points=0 service=26/0 split=14->0 (14 outputs) fusion_components=14 visual_only=2 lidar_only=12 yolo_in=1 yolo_match3d=1 yolo_match_det=1 yolo_human=1 fixed_size=0 size_reject=0
[lvdot_detector_main-8] [INFO] [1776959831.328876309] [lvdot_detector_node]: get_dynamic_obstacles responded with 2 obstacles from 2 tracked dynamic boxes.
[lvdot_detector_main-8] [INFO] [1776959835.305526870] [lvdot_detector_node]: Input health: depth=620 color=634 lidar=191 pose=1243 odom=1243 yolo=342 depth_pose_sync=0 lidar_pose_sync=0 depth_odom_sync=0 lidar_odom_sync=0
[lvdot_detector_main-8] [INFO] [1776959835.305610467] [lvdot_detector_node]: Stage timers: detection=345 lidar_detection=419 tracking=4903 classification=4894 vis=4373
[lvdot_detector_main-8] [INFO] [1776959835.305620199] [lvdot_detector_node]: Processing phases: detection=run_core lidar_detection=run_lidar_detector/project tracking=idle classification=waiting_new_tracking_update
[lvdot_detector_main-8] [INFO] [1776959835.305627401] [lvdot_detector_node]: Pipeline stats: depth_samples=1038/71300 u_map=1 depth_boxes=0 u_map_merge=0 u_map_db=0 u_map_visual=0 u_map_fused=0 u_map_filtered=0 lidar_samples=3291/131534 uv=1 db=7 lidar=59 fused=69 filtered=69 tracks=69 dynamic=1 dyn_points=49 raw_dyn_points=0 service=27/2 split=69->0 (69 outputs) fusion_components=69 visual_only=1 lidar_only=68 yolo_in=0 yolo_match3d=0 yolo_match_det=0 yolo_human=0 fixed_size=0 size_reject=0
[lvdot_detector_main-8] [INFO] [1776959837.645720404] [lvdot_detector_node]: get_dynamic_obstacles responded with 0 obstacles from 0 tracked dynamic boxes.
[lvdot_detector_main-8] [INFO] [1776959841.295436498] [lvdot_detector_node]: Input health: depth=647 color=659 lidar=198 pose=1289 odom=1289 yolo=354 depth_pose_sync=0 lidar_pose_sync=0 depth_odom_sync=0 lidar_odom_sync=0
[lvdot_detector_main-8] [INFO] [1776959841.295512833] [lvdot_detector_node]: Stage timers: detection=353 lidar_detection=421 tracking=5083 classification=5073 vis=4544
[lvdot_detector_main-8] [INFO] [1776959841.295522264] [lvdot_detector_node]: Processing phases: detection=run_core lidar_detection=run_lidar_detector/dbscan tracking=waiting_new_filtered_update classification=waiting_new_tracking_update
[lvdot_detector_main-8] [INFO] [1776959841.295529141] [lvdot_detector_node]: Pipeline stats: depth_samples=1142/71300 u_map=2 depth_boxes=0 u_map_merge=0 u_map_db=0 u_map_visual=0 u_map_fused=0 u_map_filtered=0 lidar_samples=3392/108169 uv=1 db=9 lidar=10 fused=11 filtered=11 tracks=11 dynamic=0 dyn_points=0 raw_dyn_points=0 service=28/0 split=11->0 (11 outputs) fusion_components=11 visual_only=1 lidar_only=10 yolo_in=2 yolo_match3d=0 yolo_match_det=0 yolo_human=0 fixed_size=0 size_reject=0
[lvdot_detector_main-8] [INFO] [1776959842.972731591] [lvdot_detector_node]: get_dynamic_obstacles responded with 2 obstacles from 2 tracked dynamic boxes.
[lvdot_detector_main-8] [INFO] [1776959847.304881804] [lvdot_detector_node]: Input health: depth=665 color=676 lidar=204 pose=1337 odom=1337 yolo=366 depth_pose_sync=0 lidar_pose_sync=0 depth_odom_sync=0 lidar_odom_sync=0
[lvdot_detector_main-8] [INFO] [1776959847.304980752] [lvdot_detector_node]: Stage timers: detection=361 lidar_detection=423 tracking=5265 classification=5255 vis=4706
[lvdot_detector_main-8] [INFO] [1776959847.304993815] [lvdot_detector_node]: Processing phases: detection=run_core lidar_detection=run_lidar_detector/dbscan tracking=waiting_new_filtered_update classification=waiting_new_tracking_update
[lvdot_detector_main-8] [INFO] [1776959847.305003954] [lvdot_detector_node]: Pipeline stats: depth_samples=1160/71300 u_map=2 depth_boxes=0 u_map_merge=0 u_map_db=0 u_map_visual=0 u_map_fused=0 u_map_filtered=0 lidar_samples=3003/142669 uv=1 db=8 lidar=24 fused=25 filtered=25 tracks=25 dynamic=1 dyn_points=17 raw_dyn_points=98 service=30/1 split=25->0 (25 outputs) fusion_components=25 visual_only=1 lidar_only=24 yolo_in=2 yolo_match3d=1 yolo_match_det=1 yolo_human=1 fixed_size=0 size_reject=0
[lvdot_detector_main-8] [INFO] [1776959853.300242737] [lvdot_detector_node]: Input health: depth=695 color=708 lidar=219 pose=1385 odom=1385 yolo=382 depth_pose_sync=0 lidar_pose_sync=0 depth_odom_sync=0 lidar_odom_sync=0
[lvdot_detector_main-8] [INFO] [1776959853.300355528] [lvdot_detector_node]: Stage timers: detection=370 lidar_detection=426 tracking=5443 classification=5430 vis=4878
[lvdot_detector_main-8] [INFO] [1776959853.300373368] [lvdot_detector_node]: Processing phases: detection=run_core lidar_detection=run_lidar_detector/dbscan tracking=waiting_new_filtered_update classification=waiting_new_tracking_update
[lvdot_detector_main-8] [INFO] [1776959853.300386139] [lvdot_detector_node]: Pipeline stats: depth_samples=1218/71300 u_map=0 depth_boxes=0 u_map_merge=0 u_map_db=0 u_map_visual=0 u_map_fused=0 u_map_filtered=0 lidar_samples=3028/116873 uv=0 db=9 lidar=13 fused=17 filtered=17 tracks=17 dynamic=0 dyn_points=0 raw_dyn_points=0 service=30/1 split=17->0 (17 outputs) fusion_components=17 visual_only=0 lidar_only=17 yolo_in=0 yolo_match3d=0 yolo_match_det=0 yolo_human=0 fixed_size=0 size_reject=0
[lvdot_detector_main-8] [INFO] [1776959859.295537953] [lvdot_detector_node]: Input health: depth=724 color=741 lidar=227 pose=1433 odom=1433 yolo=401 depth_pose_sync=0 lidar_pose_sync=0 depth_odom_sync=0 lidar_odom_sync=0
[lvdot_detector_main-8] [INFO] [1776959859.295605528] [lvdot_detector_node]: Stage timers: detection=378 lidar_detection=428 tracking=5624 classification=5611 vis=5060
[lvdot_detector_main-8] [INFO] [1776959859.295616937] [lvdot_detector_node]: Processing phases: detection=run_core lidar_detection=run_lidar_detector/dbscan tracking=waiting_new_filtered_update classification=waiting_new_tracking_update
[lvdot_detector_main-8] [INFO] [1776959859.295625713] [lvdot_detector_node]: Pipeline stats: depth_samples=1197/71300 u_map=2 depth_boxes=0 u_map_merge=0 u_map_db=0 u_map_visual=0 u_map_fused=0 u_map_filtered=0 lidar_samples=3429/107950 uv=1 db=10 lidar=10 fused=11 filtered=11 tracks=11 dynamic=1 dyn_points=86 raw_dyn_points=0 service=30/1 split=11->0 (11 outputs) fusion_components=11 visual_only=1 lidar_only=10 yolo_in=3 yolo_match3d=1 yolo_match_det=1 yolo_human=1 fixed_size=0 size_reject=0
[lvdot_detector_main-8] [INFO] [1776959864.525620110] [lvdot_detector_node]: Input health: depth=736 color=759 lidar=233 pose=1466 odom=1466 yolo=415 depth_pose_sync=0 lidar_pose_sync=0 depth_odom_sync=0 lidar_odom_sync=0
[lvdot_detector_main-8] [INFO] [1776959864.525715010] [lvdot_detector_node]: Stage timers: detection=384 lidar_detection=430 tracking=5746 classification=5733 vis=5177
[lvdot_detector_main-8] [INFO] [1776959864.525726493] [lvdot_detector_node]: Processing phases: detection=run_core lidar_detection=run_lidar_detector/downsample tracking=waiting_new_filtered_update classification=waiting_new_tracking_update
[lvdot_detector_main-8] [INFO] [1776959864.525734510] [lvdot_detector_node]: Pipeline stats: depth_samples=1060/71300 u_map=3 depth_boxes=0 u_map_merge=0 u_map_db=0 u_map_visual=0 u_map_fused=0 u_map_filtered=0 lidar_samples=3184/131237 uv=1 db=7 lidar=24 fused=19 filtered=19 tracks=19 dynamic=1 dyn_points=140 raw_dyn_points=0 service=30/1 split=19->0 (19 outputs) fusion_components=19 visual_only=1 lidar_only=18 yolo_in=5 yolo_match3d=1 yolo_match_det=1 yolo_human=1 fixed_size=0 size_reject=0
[lvdot_detector_main-8] [INFO] [1776959870.536184136] [lvdot_detector_node]: Input health: depth=768 color=784 lidar=238 pose=1514 odom=1514 yolo=428 depth_pose_sync=0 lidar_pose_sync=0 depth_odom_sync=0 lidar_odom_sync=0
[lvdot_detector_main-8] [INFO] [1776959870.536257586] [lvdot_detector_node]: Stage timers: detection=391 lidar_detection=432 tracking=5922 classification=5906 vis=5315
[lvdot_detector_main-8] [INFO] [1776959870.536270694] [lvdot_detector_node]: Processing phases: detection=run_core lidar_detection=run_lidar_detector/project tracking=waiting_new_filtered_update classification=waiting_new_tracking_update
[lvdot_detector_main-8] [INFO] [1776959870.536281311] [lvdot_detector_node]: Pipeline stats: depth_samples=1152/71300 u_map=2 depth_boxes=0 u_map_merge=0 u_map_db=0 u_map_visual=0 u_map_fused=0 u_map_filtered=0 lidar_samples=3390/138798 uv=1 db=13 lidar=73 fused=62 filtered=62 tracks=62 dynamic=0 dyn_points=0 raw_dyn_points=0 service=30/1 split=62->0 (62 outputs) fusion_components=62 visual_only=1 lidar_only=61 yolo_in=0 yolo_match3d=0 yolo_match_det=0 yolo_human=0 fixed_size=0 size_reject=0
[lvdot_detector_main-8] [INFO] [1776959876.520785899] [lvdot_detector_node]: Input health: depth=806 color=816 lidar=248 pose=1558 odom=1558 yolo=445 depth_pose_sync=0 lidar_pose_sync=0 depth_odom_sync=0 lidar_odom_sync=0
[lvdot_detector_main-8] [INFO] [1776959876.520868124] [lvdot_detector_node]: Stage timers: detection=400 lidar_detection=434 tracking=6098 classification=6081 vis=5479
[lvdot_detector_main-8] [INFO] [1776959876.520878024] [lvdot_detector_node]: Processing phases: detection=run_core lidar_detection=run_lidar_detector/dbscan tracking=waiting_new_filtered_update classification=waiting_new_tracking_update
[lvdot_detector_main-8] [INFO] [1776959876.520884807] [lvdot_detector_node]: Pipeline stats: depth_samples=1160/71300 u_map=2 depth_boxes=0 u_map_merge=0 u_map_db=0 u_map_visual=0 u_map_fused=0 u_map_filtered=0 lidar_samples=3358/107761 uv=1 db=5 lidar=5 fused=6 filtered=6 tracks=6 dynamic=0 dyn_points=0 raw_dyn_points=0 service=30/1 split=6->0 (6 outputs) fusion_components=6 visual_only=1 lidar_only=5 yolo_in=1 yolo_match3d=0 yolo_match_det=0 yolo_human=0 fixed_size=0 size_reject=0
[lvdot_detector_main-8] [INFO] [1776959882.522046250] [lvdot_detector_node]: Input health: depth=835 color=846 lidar=273 pose=1606 odom=1606 yolo=466 depth_pose_sync=0 lidar_pose_sync=0 depth_odom_sync=0 lidar_odom_sync=0
[lvdot_detector_main-8] [INFO] [1776959882.522121783] [lvdot_detector_node]: Stage timers: detection=410 lidar_detection=437 tracking=6280 classification=6263 vis=5658
[lvdot_detector_main-8] [INFO] [1776959882.522137916] [lvdot_detector_node]: Processing phases: detection=run_core lidar_detection=run_lidar_detector/project tracking=waiting_new_filtered_update classification=waiting_new_tracking_update
[lvdot_detector_main-8] [INFO] [1776959882.522148733] [lvdot_detector_node]: Pipeline stats: depth_samples=904/71300 u_map=1 depth_boxes=0 u_map_merge=0 u_map_db=0 u_map_visual=0 u_map_fused=0 u_map_filtered=0 lidar_samples=3407/153781 uv=1 db=8 lidar=16 fused=14 filtered=14 tracks=14 dynamic=1 dyn_points=27 raw_dyn_points=0 service=30/1 split=14->1 (14 outputs) fusion_components=14 visual_only=1 lidar_only=13 yolo_in=3 yolo_match3d=1 yolo_match_det=2 yolo_human=1 fixed_size=0 size_reject=0
[lvdot_detector_main-8] [INFO] [1776959888.521914016] [lvdot_detector_node]: Input health: depth=876 color=875 lidar=284 pose=1654 odom=1654 yolo=480 depth_pose_sync=0 lidar_pose_sync=0 depth_odom_sync=0 lidar_odom_sync=0
[lvdot_detector_main-8] [INFO] [1776959888.522328810] [lvdot_detector_node]: Stage timers: detection=419 lidar_detection=439 tracking=6459 classification=6445 vis=5812
[lvdot_detector_main-8] [INFO] [1776959888.522346401] [lvdot_detector_node]: Processing phases: detection=run_core lidar_detection=run_lidar_detector/dbscan tracking=waiting_new_filtered_update classification=waiting_new_tracking_update
[lvdot_detector_main-8] [INFO] [1776959888.522358459] [lvdot_detector_node]: Pipeline stats: depth_samples=1071/71300 u_map=2 depth_boxes=0 u_map_merge=0 u_map_db=0 u_map_visual=0 u_map_fused=0 u_map_filtered=0 lidar_samples=3202/140742 uv=2 db=6 lidar=11 fused=13 filtered=13 tracks=13 dynamic=1 dyn_points=127 raw_dyn_points=0 service=30/1 split=13->0 (13 outputs) fusion_components=13 visual_only=2 lidar_only=11 yolo_in=1 yolo_match3d=1 yolo_match_det=1 yolo_human=1 fixed_size=0 size_reject=0
[lvdot_detector_main-8] [INFO] [1776959894.525327799] [lvdot_detector_node]: Input health: depth=907 color=908 lidar=287 pose=1702 odom=1702 yolo=498 depth_pose_sync=0 lidar_pose_sync=0 depth_odom_sync=0 lidar_odom_sync=0
[lvdot_detector_main-8] [INFO] [1776959894.525407161] [lvdot_detector_node]: Stage timers: detection=427 lidar_detection=446 tracking=6639 classification=6625 vis=5978
[lvdot_detector_main-8] [INFO] [1776959894.525417340] [lvdot_detector_node]: Processing phases: detection=run_core lidar_detection=run_lidar_detector/dbscan tracking=waiting_new_filtered_update classification=waiting_new_tracking_update
[lvdot_detector_main-8] [INFO] [1776959894.525424950] [lvdot_detector_node]: Pipeline stats: depth_samples=1097/71300 u_map=2 depth_boxes=0 u_map_merge=0 u_map_db=0 u_map_visual=0 u_map_fused=0 u_map_filtered=0 lidar_samples=3386/107982 uv=2 db=6 lidar=5 fused=7 filtered=7 tracks=7 dynamic=1 dyn_points=84 raw_dyn_points=0 service=30/1 split=7->0 (7 outputs) fusion_components=7 visual_only=2 lidar_only=5 yolo_in=2 yolo_match3d=1 yolo_match_det=1 yolo_human=1 fixed_size=0 size_reject=0
[lvdot_detector_main-8] [INFO] [1776959901.222115723] [lvdot_detector_node]: Input health: depth=925 color=928 lidar=299 pose=1751 odom=1751 yolo=512 depth_pose_sync=0 lidar_pose_sync=0 depth_odom_sync=0 lidar_odom_sync=0
[lvdot_detector_main-8] [INFO] [1776959901.222188836] [lvdot_detector_node]: Stage timers: detection=437 lidar_detection=448 tracking=6818 classification=6804 vis=6148
[lvdot_detector_main-8] [INFO] [1776959901.222199678] [lvdot_detector_node]: Processing phases: detection=run_core lidar_detection=run_lidar_detector/dbscan tracking=waiting_new_filtered_update classification=waiting_new_tracking_update
[lvdot_detector_main-8] [INFO] [1776959901.222208930] [lvdot_detector_node]: Pipeline stats: depth_samples=1255/71300 u_map=3 depth_boxes=0 u_map_merge=0 u_map_db=0 u_map_visual=0 u_map_fused=0 u_map_filtered=0 lidar_samples=3492/148789 uv=2 db=10 lidar=62 fused=64 filtered=64 tracks=64 dynamic=1 dyn_points=97 raw_dyn_points=0 service=30/1 split=64->0 (64 outputs) fusion_components=64 visual_only=2 lidar_only=62 yolo_in=1 yolo_match3d=1 yolo_match_det=1 yolo_human=1 fixed_size=0 size_reject=0
[lvdot_detector_main-8] [INFO] [1776959907.221210829] [lvdot_detector_node]: Input health: depth=949 color=951 lidar=305 pose=1799 odom=1799 yolo=528 depth_pose_sync=0 lidar_pose_sync=0 depth_odom_sync=0 lidar_odom_sync=0
[lvdot_detector_main-8] [INFO] [1776959907.221308454] [lvdot_detector_node]: Stage timers: detection=445 lidar_detection=451 tracking=6998 classification=6986 vis=6302
[lvdot_detector_main-8] [INFO] [1776959907.221324587] [lvdot_detector_node]: Processing phases: detection=run_core lidar_detection=run_lidar_detector/project tracking=waiting_new_filtered_update classification=waiting_new_tracking_update
[lvdot_detector_main-8] [INFO] [1776959907.221336412] [lvdot_detector_node]: Pipeline stats: depth_samples=1052/71300 u_map=1 depth_boxes=0 u_map_merge=0 u_map_db=0 u_map_visual=0 u_map_fused=0 u_map_filtered=0 lidar_samples=3144/177087 uv=4 db=12 lidar=4 fused=8 filtered=8 tracks=8 dynamic=0 dyn_points=0 raw_dyn_points=0 service=30/1 split=8->0 (8 outputs) fusion_components=8 visual_only=4 lidar_only=4 yolo_in=0 yolo_match3d=0 yolo_match_det=0 yolo_human=0 fixed_size=0 size_reject=0
[lvdot_detector_main-8] [INFO] [1776959913.221238596] [lvdot_detector_node]: Input health: depth=968 color=978 lidar=309 pose=1847 odom=1847 yolo=541 depth_pose_sync=0 lidar_pose_sync=0 depth_odom_sync=0 lidar_odom_sync=0
[lvdot_detector_main-8] [INFO] [1776959913.221323396] [lvdot_detector_node]: Stage timers: detection=454 lidar_detection=474 tracking=7179 classification=7167 vis=6472
[lvdot_detector_main-8] [INFO] [1776959913.221333796] [lvdot_detector_node]: Processing phases: detection=run_core lidar_detection=run_lidar_detector/project tracking=waiting_new_filtered_update classification=waiting_new_tracking_update
[lvdot_detector_main-8] [INFO] [1776959913.221341096] [lvdot_detector_node]: Pipeline stats: depth_samples=1156/71300 u_map=0 depth_boxes=0 u_map_merge=0 u_map_db=0 u_map_visual=0 u_map_fused=0 u_map_filtered=0 lidar_samples=3420/108024 uv=0 db=9 lidar=4 fused=4 filtered=4 tracks=4 dynamic=0 dyn_points=0 raw_dyn_points=0 service=30/1 split=4->0 (4 outputs) fusion_components=4 visual_only=0 lidar_only=4 yolo_in=4 yolo_match3d=0 yolo_match_det=0 yolo_human=0 fixed_size=0 size_reject=0
[lvdot_detector_main-8] [INFO] [1776959919.225366077] [lvdot_detector_node]: Input health: depth=984 color=994 lidar=315 pose=1893 odom=1893 yolo=552 depth_pose_sync=0 lidar_pose_sync=0 depth_odom_sync=0 lidar_odom_sync=0
[lvdot_detector_main-8] [INFO] [1776959919.225439362] [lvdot_detector_node]: Stage timers: detection=462 lidar_detection=476 tracking=7358 classification=7345 vis=6642
[lvdot_detector_main-8] [INFO] [1776959919.225448645] [lvdot_detector_node]: Processing phases: detection=run_core lidar_detection=run_lidar_detector/dbscan tracking=waiting_new_filtered_update classification=waiting_new_tracking_update
[lvdot_detector_main-8] [INFO] [1776959919.225455290] [lvdot_detector_node]: Pipeline stats: depth_samples=1360/71300 u_map=1 depth_boxes=0 u_map_merge=0 u_map_db=0 u_map_visual=0 u_map_fused=0 u_map_filtered=0 lidar_samples=3064/126803 uv=1 db=11 lidar=15 fused=16 filtered=16 tracks=16 dynamic=0 dyn_points=0 raw_dyn_points=0 service=30/1 split=16->1 (16 outputs) fusion_components=16 visual_only=1 lidar_only=15 yolo_in=3 yolo_match3d=1 yolo_match_det=3 yolo_human=1 fixed_size=0 size_reject=1
[lvdot_detector_main-8] [INFO] [1776959925.221175824] [lvdot_detector_node]: Input health: depth=1010 color=1012 lidar=318 pose=1939 odom=1939 yolo=561 depth_pose_sync=0 lidar_pose_sync=0 depth_odom_sync=0 lidar_odom_sync=0
[lvdot_detector_main-8] [INFO] [1776959925.222061633] [lvdot_detector_node]: Stage timers: detection=471 lidar_detection=478 tracking=7539 classification=7525 vis=6789
[lvdot_detector_main-8] [INFO] [1776959925.222094363] [lvdot_detector_node]: Processing phases: detection=run_core lidar_detection=run_lidar_detector/dbscan tracking=waiting_new_filtered_update classification=waiting_new_tracking_update
[lvdot_detector_main-8] [INFO] [1776959925.222106003] [lvdot_detector_node]: Pipeline stats: depth_samples=977/71300 u_map=3 depth_boxes=0 u_map_merge=0 u_map_db=0 u_map_visual=0 u_map_fused=0 u_map_filtered=0 lidar_samples=3282/127141 uv=3 db=8 lidar=22 fused=25 filtered=25 tracks=25 dynamic=0 dyn_points=0 raw_dyn_points=0 service=30/1 split=25->0 (25 outputs) fusion_components=25 visual_only=3 lidar_only=22 yolo_in=0 yolo_match3d=0 yolo_match_det=0 yolo_human=0 fixed_size=0 size_reject=0
[lvdot_detector_main-8] [INFO] [1776959931.979865724] [lvdot_detector_node]: Input health: depth=1038 color=1026 lidar=324 pose=1986 odom=1986 yolo=571 depth_pose_sync=0 lidar_pose_sync=0 depth_odom_sync=0 lidar_odom_sync=0
[lvdot_detector_main-8] [INFO] [1776959931.979944283] [lvdot_detector_node]: Stage timers: detection=479 lidar_detection=481 tracking=7720 classification=7707 vis=6953
[lvdot_detector_main-8] [INFO] [1776959931.979954439] [lvdot_detector_node]: Processing phases: detection=run_core lidar_detection=run_lidar_detector/downsample tracking=waiting_new_filtered_update classification=waiting_new_tracking_update
[lvdot_detector_main-8] [INFO] [1776959931.979961707] [lvdot_detector_node]: Pipeline stats: depth_samples=1214/71300 u_map=2 depth_boxes=0 u_map_merge=0 u_map_db=0 u_map_visual=0 u_map_fused=0 u_map_filtered=0 lidar_samples=3427/107946 uv=1 db=11 lidar=2 fused=11 filtered=11 tracks=11 dynamic=0 dyn_points=0 raw_dyn_points=0 service=30/1 split=11->0 (11 outputs) fusion_components=11 visual_only=1 lidar_only=10 yolo_in=1 yolo_match3d=0 yolo_match_det=0 yolo_human=0 fixed_size=0 size_reject=0
[lvdot_detector_main-8] [INFO] [1776959937.972965608] [lvdot_detector_node]: Input health: depth=1054 color=1046 lidar=335 pose=2031 odom=2031 yolo=581 depth_pose_sync=0 lidar_pose_sync=0 depth_odom_sync=0 lidar_odom_sync=0
[lvdot_detector_main-8] [INFO] [1776959937.973029929] [lvdot_detector_node]: Stage timers: detection=487 lidar_detection=483 tracking=7900 classification=7887 vis=7113
[lvdot_detector_main-8] [INFO] [1776959937.973040782] [lvdot_detector_node]: Processing phases: detection=run_core lidar_detection=run_lidar_detector/dbscan tracking=waiting_new_filtered_update classification=waiting_new_tracking_update
[lvdot_detector_main-8] [INFO] [1776959937.973051336] [lvdot_detector_node]: Pipeline stats: depth_samples=1248/71300 u_map=3 depth_boxes=0 u_map_merge=0 u_map_db=0 u_map_visual=0 u_map_fused=0 u_map_filtered=0 lidar_samples=3064/128944 uv=1 db=12 lidar=14 fused=15 filtered=15 tracks=15 dynamic=1 dyn_points=76 raw_dyn_points=2077 service=30/1 split=15->0 (15 outputs) fusion_components=15 visual_only=1 lidar_only=14 yolo_in=2 yolo_match3d=1 yolo_match_det=1 yolo_human=1 fixed_size=0 size_reject=0
[lvdot_detector_main-8] [INFO] [1776959940.241605346] [lvdot_detector_node]: get_dynamic_obstacles responded with 1 obstacles from 1 tracked dynamic boxes.
[lvdot_detector_main-8] [INFO] [1776959943.970066780] [lvdot_detector_node]: Input health: depth=1079 color=1062 lidar=339 pose=2079 odom=2079 yolo=591 depth_pose_sync=0 lidar_pose_sync=0 depth_odom_sync=0 lidar_odom_sync=0
[lvdot_detector_main-8] [INFO] [1776959943.970166980] [lvdot_detector_node]: Stage timers: detection=495 lidar_detection=486 tracking=8080 classification=8063 vis=7269
[lvdot_detector_main-8] [INFO] [1776959943.970180080] [lvdot_detector_node]: Processing phases: detection=run_core lidar_detection=run_lidar_detector/project tracking=waiting_new_filtered_update classification=waiting_new_tracking_update
[lvdot_detector_main-8] [INFO] [1776959943.970189880] [lvdot_detector_node]: Pipeline stats: depth_samples=1176/71300 u_map=2 depth_boxes=0 u_map_merge=0 u_map_db=0 u_map_visual=0 u_map_fused=0 u_map_filtered=0 lidar_samples=3431/125355 uv=1 db=11 lidar=5 fused=6 filtered=6 tracks=6 dynamic=0 dyn_points=0 raw_dyn_points=0 service=31/1 split=6->0 (6 outputs) fusion_components=6 visual_only=1 lidar_only=5 yolo_in=0 yolo_match3d=0 yolo_match_det=0 yolo_human=0 fixed_size=0 size_reject=0
[lvdot_detector_main-8] [INFO] [1776959949.970149670] [lvdot_detector_node]: Input health: depth=1100 color=1088 lidar=341 pose=2127 odom=2127 yolo=601 depth_pose_sync=0 lidar_pose_sync=0 depth_odom_sync=0 lidar_odom_sync=0
[lvdot_detector_main-8] [INFO] [1776959949.970235013] [lvdot_detector_node]: Stage timers: detection=504 lidar_detection=506 tracking=8262 classification=8241 vis=7434
[lvdot_detector_main-8] [INFO] [1776959949.970245173] [lvdot_detector_node]: Processing phases: detection=run_core lidar_detection=run_lidar_detector/project tracking=waiting_new_filtered_update classification=waiting_new_tracking_update
[lvdot_detector_main-8] [INFO] [1776959949.970252140] [lvdot_detector_node]: Pipeline stats: depth_samples=1379/71300 u_map=2 depth_boxes=0 u_map_merge=0 u_map_db=0 u_map_visual=0 u_map_fused=0 u_map_filtered=0 lidar_samples=3440/107945 uv=2 db=13 lidar=10 fused=57 filtered=57 tracks=57 dynamic=1 dyn_points=0 raw_dyn_points=0 service=31/1 split=57->0 (57 outputs) fusion_components=57 visual_only=2 lidar_only=55 yolo_in=3 yolo_match3d=1 yolo_match_det=1 yolo_human=1 fixed_size=0 size_reject=0
[lvdot_detector_main-8] [INFO] [1776959955.970057149] [lvdot_detector_node]: Input health: depth=1115 color=1111 lidar=354 pose=2175 odom=2175 yolo=614 depth_pose_sync=0 lidar_pose_sync=0 depth_odom_sync=0 lidar_odom_sync=0
[lvdot_detector_main-8] [INFO] [1776959955.970121678] [lvdot_detector_node]: Stage timers: detection=512 lidar_detection=508 tracking=8443 classification=8421 vis=7589
[lvdot_detector_main-8] [INFO] [1776959955.970132302] [lvdot_detector_node]: Processing phases: detection=run_core lidar_detection=run_lidar_detector/dbscan tracking=waiting_new_filtered_update classification=waiting_new_tracking_update
[lvdot_detector_main-8] [INFO] [1776959955.970141253] [lvdot_detector_node]: Pipeline stats: depth_samples=1069/71300 u_map=4 depth_boxes=0 u_map_merge=0 u_map_db=0 u_map_visual=0 u_map_fused=0 u_map_filtered=0 lidar_samples=3437/157916 uv=1 db=10 lidar=16 fused=19 filtered=19 tracks=19 dynamic=0 dyn_points=0 raw_dyn_points=0 service=31/1 split=19->0 (19 outputs) fusion_components=19 visual_only=1 lidar_only=18 yolo_in=3 yolo_match3d=0 yolo_match_det=0 yolo_human=0 fixed_size=0 size_reject=0
