[INFO] [launch]: All log files can be found below /home/skbt2/.ros/log/2026-04-24-10-42-35-916624-DESKTOP-90MQDL6-7122
[INFO] [launch]: Default logging verbosity is set to INFO
[INFO] [gazebo-1]: process started with pid [7181]
[INFO] [parameter_bridge-2]: process started with pid [7182]
[INFO] [pedestrian_state_publisher-3]: process started with pid [7183]
[INFO] [uav_trajectory_controller-4]: process started with pid [7184]
[INFO] [image_pointcloud_relay-5]: process started with pid [7185]
[INFO] [image_pointcloud_relay-6]: process started with pid [7186]
[INFO] [lvdot_yolo_node-7]: process started with pid [7187]
[INFO] [lvdot_detector_main-8]: process started with pid [7188]
[lvdot_detector_main-8] [INFO] [1776998558.452392320] [lvdot_detector_node]: Config loaded: localization_mode=0 dt=0.033 image=640x480 depth_range=[0.50, 5.00] stage_timers=true vis_stage=false executor_threads=1
[lvdot_detector_main-8] [INFO] [1776998558.496781822] [lvdot_detector_node]: LV-DOT ROS2 skeleton started. depth=/camera/depth/image_rect_raw color=/camera/color/image_raw lidar=/pointcloud pose=/mavros/local_position/pose odom=/mavros/local_position/odom yolo=/yolo_detector/detected_bounding_boxes
[lvdot_detector_main-8] [INFO] [1776998558.496849733] [lvdot_detector_node]: Starting executor with executor_threads=1
[lvdot_detector_main-8] [WARN] [1776998558.496933819] [rclcpp]: MultiThreadedExecutor is used with a single thread.
[lvdot_detector_main-8] Use the SingleThreadedExecutor instead.
[parameter_bridge-2] [INFO] [1776998559.279673645] [ros_gz_bridge]: Creating GZ->ROS Bridge: [/rgbd_camera/image (gz.msgs.Image) -> /rgbd_camera/image (sensor_msgs/msg/Image)] (Lazy 0)
[parameter_bridge-2] [INFO] [1776998559.406206678] [ros_gz_bridge]: Creating GZ->ROS Bridge: [/rgbd_camera/camera_info (gz.msgs.CameraInfo) -> /rgbd_camera/camera_info (sensor_msgs/msg/CameraInfo)] (Lazy 0)
[parameter_bridge-2] [INFO] [1776998559.408162712] [ros_gz_bridge]: Creating GZ->ROS Bridge: [/rgbd_camera/depth_image (gz.msgs.Image) -> /rgbd_camera/depth_image (sensor_msgs/msg/Image)] (Lazy 0)
[parameter_bridge-2] [INFO] [1776998559.409741503] [ros_gz_bridge]: Creating GZ->ROS Bridge: [/rgbd_camera/points (gz.msgs.PointCloudPacked) -> /rgbd_camera/points (sensor_msgs/msg/PointCloud2)] (Lazy 0)
[parameter_bridge-2] [INFO] [1776998559.431644040] [ros_gz_bridge]: Creating GZ->ROS Bridge: [/camera/imu (gz.msgs.IMU) -> /camera/imu (sensor_msgs/msg/Imu)] (Lazy 0)
[parameter_bridge-2] [INFO] [1776998559.433413659] [ros_gz_bridge]: Creating ROS->GZ service bridge [/world/pedestrian_prototype/set_pose (ros_gz_interfaces/srv/SetEntityPose -> /)]
[parameter_bridge-2] [INFO] [1776998559.518267200] [ros_gz_bridge]: Creating ROS->GZ service bridge [/world/pedestrian_prototype/set_pose/blocking (ros_gz_interfaces/srv/SetEntityPose -> /)]
[uav_trajectory_controller-4] [WARN] [1776998560.482329479] [uav_trajectory_controller]: SetEntityPose request timed out after 0.62s on /world/pedestrian_prototype/set_pose/blocking; dropping the pending request and retrying.
[uav_trajectory_controller-4] [WARN] [1776998560.483791878] [uav_trajectory_controller]: Falling back from /world/pedestrian_prototype/set_pose/blocking to /world/pedestrian_prototype/set_pose.
[lvdot_detector_main-8] [INFO] [1776998560.497555565] [lvdot_detector_node]: Input health: depth=0 color=0 lidar=0 pose=0 odom=0 yolo=0 depth_pose_sync=0 lidar_pose_sync=0 depth_odom_sync=0 lidar_odom_sync=0
[lvdot_detector_main-8] [INFO] [1776998560.498012670] [lvdot_detector_node]: Stage timers: detection=60 lidar_detection=60 tracking=60 classification=60 vis=0
[lvdot_detector_main-8] [INFO] [1776998560.498067164] [lvdot_detector_node]: Processing phases: detection=waiting_sensor_pose lidar_detection=waiting_new_lidar tracking=waiting_new_filtered_update classification=waiting_new_tracking_update
[lvdot_detector_main-8] [INFO] [1776998560.498089395] [lvdot_detector_node]: Pipeline stats: depth_samples=0/0 u_map=0 depth_boxes=0 u_map_merge=0 u_map_db=0 u_map_visual=0 u_map_fused=0 u_map_filtered=0 lidar_samples=0/0 uv=0 db=0 lidar=0 fused=0 filtered=0 tracks=0 dynamic=0 dyn_points=0 raw_dyn_points=0 service=0/0 split=0->0 (0 outputs) fusion_components=0 visual_only=0 lidar_only=0 yolo_in=0 yolo_match3d=0 yolo_match_det=0 yolo_human=0 fixed_size=0 size_reject=0
[uav_trajectory_controller-4] [WARN] [1776998561.174774659] [uav_trajectory_controller]: SetEntityPose request timed out after 0.62s on /world/pedestrian_prototype/set_pose; dropping the pending request and retrying.
[gazebo-1] [INFO] [1776998561.552158270] [pedestrian_pose_sync_system]: Configured pedestrian pose sync plugin on topic [/pedestrian_sim/agent_states] for 8 models.
[lvdot_detector_main-8] [INFO] [1776998566.497178249] [lvdot_detector_node]: Input health: depth=0 color=0 lidar=0 pose=39 odom=39 yolo=0 depth_pose_sync=0 lidar_pose_sync=0 depth_odom_sync=0 lidar_odom_sync=0
[lvdot_detector_main-8] [INFO] [1776998566.497363698] [lvdot_detector_node]: Stage timers: detection=242 lidar_detection=242 tracking=242 classification=242 vis=0
[lvdot_detector_main-8] [INFO] [1776998566.497392781] [lvdot_detector_node]: Processing phases: detection=waiting_depth lidar_detection=waiting_new_lidar tracking=waiting_new_filtered_update classification=waiting_new_tracking_update
[lvdot_detector_main-8] [INFO] [1776998566.497413895] [lvdot_detector_node]: Pipeline stats: depth_samples=0/0 u_map=0 depth_boxes=0 u_map_merge=0 u_map_db=0 u_map_visual=0 u_map_fused=0 u_map_filtered=0 lidar_samples=0/0 uv=0 db=0 lidar=0 fused=0 filtered=0 tracks=0 dynamic=0 dyn_points=0 raw_dyn_points=0 service=0/0 split=0->0 (0 outputs) fusion_components=0 visual_only=0 lidar_only=0 yolo_in=0 yolo_match3d=0 yolo_match_det=0 yolo_human=0 fixed_size=0 size_reject=0
[lvdot_detector_main-8] [INFO] [1776998572.497038191] [lvdot_detector_node]: Input health: depth=0 color=0 lidar=0 pose=87 odom=87 yolo=0 depth_pose_sync=0 lidar_pose_sync=0 depth_odom_sync=0 lidar_odom_sync=0
[lvdot_detector_main-8] [INFO] [1776998572.497130804] [lvdot_detector_node]: Stage timers: detection=424 lidar_detection=424 tracking=424 classification=424 vis=0
[lvdot_detector_main-8] [INFO] [1776998572.497141317] [lvdot_detector_node]: Processing phases: detection=waiting_depth lidar_detection=waiting_new_lidar tracking=waiting_new_filtered_update classification=waiting_new_tracking_update
[lvdot_detector_main-8] [INFO] [1776998572.497150629] [lvdot_detector_node]: Pipeline stats: depth_samples=0/0 u_map=0 depth_boxes=0 u_map_merge=0 u_map_db=0 u_map_visual=0 u_map_fused=0 u_map_filtered=0 lidar_samples=0/0 uv=0 db=0 lidar=0 fused=0 filtered=0 tracks=0 dynamic=0 dyn_points=0 raw_dyn_points=0 service=0/0 split=0->0 (0 outputs) fusion_components=0 visual_only=0 lidar_only=0 yolo_in=0 yolo_match3d=0 yolo_match_det=0 yolo_human=0 fixed_size=0 size_reject=0
[lvdot_yolo_node-7] WARNING ⚠️ user config directory '/home/skbt2/.config/Ultralytics' is not writable, using '/tmp/Ultralytics'. Set YOLO_CONFIG_DIR to override.
[lvdot_yolo_node-7] Creating new Ultralytics Settings v0.0.6 file ✅ 
[lvdot_yolo_node-7] View Ultralytics Settings with 'yolo settings' or at '/tmp/Ultralytics/settings.json'
[lvdot_yolo_node-7] Update Settings with 'yolo settings key=value', i.e. 'yolo settings runs_dir=path/to/dir'. For help see https://docs.ultralytics.com/quickstart/#ultralytics-settings.
[lvdot_detector_main-8] [INFO] [1776998581.200281039] [lvdot_detector_node]: Input health: depth=3 color=2 lidar=2 pose=102 odom=102 yolo=0 depth_pose_sync=0 lidar_pose_sync=0 depth_odom_sync=0 lidar_odom_sync=0
[lvdot_detector_main-8] [INFO] [1776998581.200360513] [lvdot_detector_node]: Stage timers: detection=477 lidar_detection=477 tracking=477 classification=477 vis=0
[lvdot_detector_main-8] [INFO] [1776998581.200373575] [lvdot_detector_node]: Processing phases: detection=idle lidar_detection=idle tracking=idle classification=idle
[lvdot_detector_main-8] [INFO] [1776998581.200386033] [lvdot_detector_node]: Pipeline stats: depth_samples=1322/71300 u_map=0 depth_boxes=0 u_map_merge=0 u_map_db=0 u_map_visual=0 u_map_fused=0 u_map_filtered=0 lidar_samples=3377/107972 uv=0 db=14 lidar=8 fused=8 filtered=8 tracks=51 dynamic=0 dyn_points=0 raw_dyn_points=0 service=0/0 split=8->0 (8 outputs) fusion_components=8 visual_only=0 lidar_only=8 yolo_in=0 yolo_match3d=0 yolo_match_det=0 yolo_human=0 fixed_size=0 size_reject=0
[lvdot_detector_main-8] [INFO] [1776998586.865179544] [lvdot_detector_node]: Input health: depth=5 color=4 lidar=4 pose=104 odom=104 yolo=0 depth_pose_sync=0 lidar_pose_sync=0 depth_odom_sync=0 lidar_odom_sync=0
[lvdot_detector_main-8] [INFO] [1776998586.865278092] [lvdot_detector_node]: Stage timers: detection=479 lidar_detection=479 tracking=479 classification=479 vis=0
[lvdot_detector_main-8] [INFO] [1776998586.865288952] [lvdot_detector_node]: Processing phases: detection=idle lidar_detection=idle tracking=idle classification=idle
[lvdot_detector_main-8] [INFO] [1776998586.865296595] [lvdot_detector_node]: Pipeline stats: depth_samples=1376/71300 u_map=2 depth_boxes=0 u_map_merge=0 u_map_db=0 u_map_visual=0 u_map_fused=0 u_map_filtered=0 lidar_samples=3326/124454 uv=1 db=12 lidar=20 fused=21 filtered=21 tracks=16 dynamic=0 dyn_points=0 raw_dyn_points=0 service=0/0 split=21->0 (21 outputs) fusion_components=21 visual_only=1 lidar_only=20 yolo_in=0 yolo_match3d=0 yolo_match_det=0 yolo_human=0 fixed_size=0 size_reject=0
[lvdot_detector_main-8] [INFO] [1776998593.286139949] [lvdot_detector_node]: Input health: depth=7 color=6 lidar=6 pose=106 odom=106 yolo=1 depth_pose_sync=0 lidar_pose_sync=0 depth_odom_sync=0 lidar_odom_sync=0
[lvdot_detector_main-8] [INFO] [1776998593.286211275] [lvdot_detector_node]: Stage timers: detection=481 lidar_detection=481 tracking=481 classification=481 vis=0
[lvdot_detector_main-8] [INFO] [1776998593.286222949] [lvdot_detector_node]: Processing phases: detection=idle lidar_detection=idle tracking=idle classification=idle
[lvdot_detector_main-8] [INFO] [1776998593.286232149] [lvdot_detector_node]: Pipeline stats: depth_samples=1299/71300 u_map=2 depth_boxes=0 u_map_merge=0 u_map_db=0 u_map_visual=0 u_map_fused=0 u_map_filtered=0 lidar_samples=3133/150606 uv=2 db=9 lidar=20 fused=21 filtered=21 tracks=18 dynamic=0 dyn_points=0 raw_dyn_points=0 service=0/0 split=21->0 (21 outputs) fusion_components=21 visual_only=1 lidar_only=19 yolo_in=1 yolo_match3d=1 yolo_match_det=1 yolo_human=1 fixed_size=0 size_reject=0
[lvdot_detector_main-8] [INFO] [1776998598.912510634] [lvdot_detector_node]: Input health: depth=9 color=8 lidar=8 pose=108 odom=108 yolo=3 depth_pose_sync=0 lidar_pose_sync=0 depth_odom_sync=0 lidar_odom_sync=0
[lvdot_detector_main-8] [INFO] [1776998598.912590811] [lvdot_detector_node]: Stage timers: detection=483 lidar_detection=483 tracking=483 classification=483 vis=0
[lvdot_detector_main-8] [INFO] [1776998598.912600285] [lvdot_detector_node]: Processing phases: detection=idle lidar_detection=idle tracking=idle classification=idle
[lvdot_detector_main-8] [INFO] [1776998598.912607366] [lvdot_detector_node]: Pipeline stats: depth_samples=1322/71300 u_map=0 depth_boxes=0 u_map_merge=0 u_map_db=0 u_map_visual=0 u_map_fused=0 u_map_filtered=0 lidar_samples=3360/108122 uv=0 db=14 lidar=5 fused=5 filtered=5 tracks=15 dynamic=1 dyn_points=0 raw_dyn_points=0 service=0/0 split=5->0 (5 outputs) fusion_components=5 visual_only=0 lidar_only=5 yolo_in=0 yolo_match3d=0 yolo_match_det=0 yolo_human=0 fixed_size=0 size_reject=0
[lvdot_detector_main-8] [INFO] [1776998604.960300788] [lvdot_detector_node]: Input health: depth=11 color=10 lidar=10 pose=110 odom=110 yolo=5 depth_pose_sync=0 lidar_pose_sync=0 depth_odom_sync=0 lidar_odom_sync=0
[lvdot_detector_main-8] [INFO] [1776998604.960384341] [lvdot_detector_node]: Stage timers: detection=485 lidar_detection=485 tracking=485 classification=485 vis=0
[lvdot_detector_main-8] [INFO] [1776998604.960394460] [lvdot_detector_node]: Processing phases: detection=idle lidar_detection=idle tracking=idle classification=idle
[lvdot_detector_main-8] [INFO] [1776998604.960401673] [lvdot_detector_node]: Pipeline stats: depth_samples=1481/71300 u_map=4 depth_boxes=0 u_map_merge=0 u_map_db=0 u_map_visual=0 u_map_fused=0 u_map_filtered=0 lidar_samples=3485/125010 uv=2 db=13 lidar=23 fused=25 filtered=25 tracks=5 dynamic=0 dyn_points=0 raw_dyn_points=0 service=0/0 split=25->0 (25 outputs) fusion_components=25 visual_only=2 lidar_only=23 yolo_in=3 yolo_match3d=3 yolo_match_det=3 yolo_human=3 fixed_size=0 size_reject=0
[lvdot_detector_main-8] [WARN] [1776998608.303518703] [lvdot_detector_node.rclcpp]: failed to send response to /lvdot_detector_node/get_parameters (timeout): client will not receive response, at ./src/rmw_response.cpp:153, at ./src/rcl/service.c:400
[lvdot_detector_main-8] [INFO] [1776998611.724437104] [lvdot_detector_node]: Input health: depth=13 color=12 lidar=12 pose=112 odom=112 yolo=7 depth_pose_sync=0 lidar_pose_sync=0 depth_odom_sync=0 lidar_odom_sync=0
[lvdot_detector_main-8] [INFO] [1776998611.724535929] [lvdot_detector_node]: Stage timers: detection=487 lidar_detection=487 tracking=487 classification=487 vis=0
[lvdot_detector_main-8] [INFO] [1776998611.724557019] [lvdot_detector_node]: Processing phases: detection=idle lidar_detection=idle tracking=idle classification=idle
[lvdot_detector_main-8] [INFO] [1776998611.724574494] [lvdot_detector_node]: Pipeline stats: depth_samples=1291/71300 u_map=2 depth_boxes=0 u_map_merge=0 u_map_db=0 u_map_visual=0 u_map_fused=0 u_map_filtered=0 lidar_samples=3348/143776 uv=1 db=8 lidar=9 fused=10 filtered=10 tracks=19 dynamic=2 dyn_points=0 raw_dyn_points=0 service=0/0 split=10->0 (10 outputs) fusion_components=10 visual_only=1 lidar_only=9 yolo_in=1 yolo_match3d=1 yolo_match_det=1 yolo_human=1 fixed_size=0 size_reject=1
[lvdot_detector_main-8] [INFO] [1776998617.623334269] [lvdot_detector_node]: Input health: depth=15 color=14 lidar=14 pose=114 odom=114 yolo=9 depth_pose_sync=0 lidar_pose_sync=0 depth_odom_sync=0 lidar_odom_sync=0
[lvdot_detector_main-8] [INFO] [1776998617.623426743] [lvdot_detector_node]: Stage timers: detection=489 lidar_detection=489 tracking=489 classification=489 vis=0
[lvdot_detector_main-8] [INFO] [1776998617.623436694] [lvdot_detector_node]: Processing phases: detection=idle lidar_detection=idle tracking=idle classification=idle
[lvdot_detector_main-8] [INFO] [1776998617.623460516] [lvdot_detector_node]: Pipeline stats: depth_samples=1316/71300 u_map=0 depth_boxes=0 u_map_merge=0 u_map_db=0 u_map_visual=0 u_map_fused=0 u_map_filtered=0 lidar_samples=3425/107927 uv=0 db=9 lidar=8 fused=8 filtered=8 tracks=24 dynamic=1 dyn_points=0 raw_dyn_points=0 service=0/0 split=8->0 (8 outputs) fusion_components=8 visual_only=0 lidar_only=8 yolo_in=0 yolo_match3d=0 yolo_match_det=0 yolo_human=0 fixed_size=0 size_reject=0
[lvdot_detector_main-8] [INFO] [1776998617.625623306] [lvdot_detector_node]: get_dynamic_obstacles responded with 1 obstacles from 1 tracked dynamic boxes.
[lvdot_detector_main-8] [WARN] [1776998617.725843517] [lvdot_detector_node.rclcpp]: failed to send response to /onboard_detector/get_dynamic_obstacles (timeout): client will not receive response, at ./src/rmw_response.cpp:153, at ./src/rcl/service.c:400
[lvdot_detector_main-8] [INFO] [1776998624.014966334] [lvdot_detector_node]: Input health: depth=17 color=16 lidar=16 pose=116 odom=116 yolo=11 depth_pose_sync=0 lidar_pose_sync=0 depth_odom_sync=0 lidar_odom_sync=0
[lvdot_detector_main-8] [INFO] [1776998624.015067940] [lvdot_detector_node]: Stage timers: detection=491 lidar_detection=491 tracking=491 classification=491 vis=0
[lvdot_detector_main-8] [INFO] [1776998624.015082665] [lvdot_detector_node]: Processing phases: detection=idle lidar_detection=idle tracking=idle classification=idle
[lvdot_detector_main-8] [INFO] [1776998624.015092482] [lvdot_detector_node]: Pipeline stats: depth_samples=1326/71300 u_map=4 depth_boxes=0 u_map_merge=0 u_map_db=0 u_map_visual=0 u_map_fused=0 u_map_filtered=0 lidar_samples=3386/157743 uv=1 db=14 lidar=20 fused=21 filtered=21 tracks=18 dynamic=0 dyn_points=0 raw_dyn_points=0 service=1/1 split=21->0 (21 outputs) fusion_components=21 visual_only=1 lidar_only=20 yolo_in=2 yolo_match3d=1 yolo_match_det=1 yolo_human=1 fixed_size=0 size_reject=0
[lvdot_detector_main-8] [INFO] [1776998624.018010283] [lvdot_detector_node]: get_dynamic_obstacles responded with 0 obstacles from 0 tracked dynamic boxes.
[lvdot_detector_main-8] [WARN] [1776998624.118269745] [lvdot_detector_node.rclcpp]: failed to send response to /onboard_detector/get_dynamic_obstacles (timeout): client will not receive response, at ./src/rmw_response.cpp:153, at ./src/rcl/service.c:400
[lvdot_detector_main-8] [INFO] [1776998629.307166401] [lvdot_detector_node]: Input health: depth=19 color=18 lidar=18 pose=118 odom=118 yolo=13 depth_pose_sync=0 lidar_pose_sync=0 depth_odom_sync=0 lidar_odom_sync=0
[lvdot_detector_main-8] [INFO] [1776998629.307238307] [lvdot_detector_node]: Stage timers: detection=493 lidar_detection=493 tracking=493 classification=493 vis=0
[lvdot_detector_main-8] [INFO] [1776998629.307251020] [lvdot_detector_node]: Processing phases: detection=idle lidar_detection=idle tracking=idle classification=idle
[lvdot_detector_main-8] [INFO] [1776998629.307261548] [lvdot_detector_node]: Pipeline stats: depth_samples=1383/71300 u_map=2 depth_boxes=0 u_map_merge=0 u_map_db=0 u_map_visual=0 u_map_fused=0 u_map_filtered=0 lidar_samples=1851/202620 uv=1 db=11 lidar=3 fused=4 filtered=4 tracks=4 dynamic=1 dyn_points=0 raw_dyn_points=0 service=2/0 split=4->0 (4 outputs) fusion_components=4 visual_only=1 lidar_only=3 yolo_in=1 yolo_match3d=1 yolo_match_det=1 yolo_human=1 fixed_size=0 size_reject=0
[lvdot_detector_main-8] [INFO] [1776998629.309700614] [lvdot_detector_node]: get_dynamic_obstacles responded with 1 obstacles from 1 tracked dynamic boxes.
[lvdot_detector_main-8] [WARN] [1776998629.409875722] [lvdot_detector_node.rclcpp]: failed to send response to /onboard_detector/get_dynamic_obstacles (timeout): client will not receive response, at ./src/rmw_response.cpp:153, at ./src/rcl/service.c:400
[lvdot_detector_main-8] [INFO] [1776998635.000378272] [lvdot_detector_node]: Input health: depth=21 color=20 lidar=20 pose=120 odom=120 yolo=15 depth_pose_sync=0 lidar_pose_sync=0 depth_odom_sync=0 lidar_odom_sync=0
[lvdot_detector_main-8] [INFO] [1776998635.000480502] [lvdot_detector_node]: Stage timers: detection=495 lidar_detection=495 tracking=495 classification=495 vis=0
[lvdot_detector_main-8] [INFO] [1776998635.000493193] [lvdot_detector_node]: Processing phases: detection=idle lidar_detection=idle tracking=idle classification=idle
[lvdot_detector_main-8] [INFO] [1776998635.000502587] [lvdot_detector_node]: Pipeline stats: depth_samples=1316/71300 u_map=0 depth_boxes=0 u_map_merge=0 u_map_db=0 u_map_visual=0 u_map_fused=0 u_map_filtered=0 lidar_samples=3399/107859 uv=0 db=9 lidar=6 fused=6 filtered=6 tracks=11 dynamic=1 dyn_points=0 raw_dyn_points=0 service=3/1 split=6->0 (6 outputs) fusion_components=6 visual_only=0 lidar_only=6 yolo_in=0 yolo_match3d=0 yolo_match_det=0 yolo_human=0 fixed_size=0 size_reject=0
[lvdot_detector_main-8] [INFO] [1776998637.776738646] [lvdot_detector_node]: get_dynamic_obstacles responded with 1 obstacles from 1 tracked dynamic boxes.
[lvdot_detector_main-8] [WARN] [1776998637.876991882] [lvdot_detector_node.rclcpp]: failed to send response to /onboard_detector/get_dynamic_obstacles (timeout): client will not receive response, at ./src/rmw_response.cpp:153, at ./src/rcl/service.c:400
[lvdot_detector_main-8] [INFO] [1776998640.834103960] [lvdot_detector_node]: Input health: depth=23 color=22 lidar=22 pose=122 odom=122 yolo=17 depth_pose_sync=0 lidar_pose_sync=0 depth_odom_sync=0 lidar_odom_sync=0
[lvdot_detector_main-8] [INFO] [1776998640.834189301] [lvdot_detector_node]: Stage timers: detection=497 lidar_detection=497 tracking=497 classification=497 vis=0
[lvdot_detector_main-8] [INFO] [1776998640.834199128] [lvdot_detector_node]: Processing phases: detection=idle lidar_detection=idle tracking=idle classification=idle
[lvdot_detector_main-8] [INFO] [1776998640.834206248] [lvdot_detector_node]: Pipeline stats: depth_samples=1274/71300 u_map=3 depth_boxes=0 u_map_merge=0 u_map_db=0 u_map_visual=0 u_map_fused=0 u_map_filtered=0 lidar_samples=3110/178150 uv=2 db=8 lidar=57 fused=59 filtered=60 tracks=13 dynamic=0 dyn_points=0 raw_dyn_points=0 service=4/1 split=59->1 (60 outputs) fusion_components=59 visual_only=2 lidar_only=57 yolo_in=5 yolo_match3d=3 yolo_match_det=5 yolo_human=4 fixed_size=0 size_reject=0
[lvdot_detector_main-8] [INFO] [1776998644.072578482] [lvdot_detector_node]: get_dynamic_obstacles responded with 1 obstacles from 1 tracked dynamic boxes.
[lvdot_detector_main-8] [WARN] [1776998644.172794598] [lvdot_detector_node.rclcpp]: failed to send response to /onboard_detector/get_dynamic_obstacles (timeout): client will not receive response, at ./src/rmw_response.cpp:153, at ./src/rcl/service.c:400
[uav_trajectory_controller-4] [WARN] [1776998644.930211503] [uav_trajectory_controller]: SetEntityPose request timed out after 0.63s on /world/pedestrian_prototype/set_pose; dropping the pending request and retrying.
[uav_trajectory_controller-4] [WARN] [1776998645.674838534] [uav_trajectory_controller]: SetEntityPose request timed out after 0.62s on /world/pedestrian_prototype/set_pose; dropping the pending request and retrying.
[lvdot_detector_main-8] [INFO] [1776998647.345606563] [lvdot_detector_node]: Input health: depth=25 color=24 lidar=24 pose=124 odom=124 yolo=19 depth_pose_sync=0 lidar_pose_sync=0 depth_odom_sync=0 lidar_odom_sync=0
[lvdot_detector_main-8] [INFO] [1776998647.345699082] [lvdot_detector_node]: Stage timers: detection=499 lidar_detection=499 tracking=499 classification=499 vis=0
[lvdot_detector_main-8] [INFO] [1776998647.345709127] [lvdot_detector_node]: Processing phases: detection=idle lidar_detection=idle tracking=idle classification=idle
[lvdot_detector_main-8] [INFO] [1776998647.345716159] [lvdot_detector_node]: Pipeline stats: depth_samples=1404/71300 u_map=2 depth_boxes=0 u_map_merge=0 u_map_db=0 u_map_visual=0 u_map_fused=0 u_map_filtered=0 lidar_samples=3398/120845 uv=1 db=14 lidar=57 fused=58 filtered=58 tracks=22 dynamic=4 dyn_points=0 raw_dyn_points=0 service=5/1 split=58->0 (58 outputs) fusion_components=58 visual_only=1 lidar_only=57 yolo_in=0 yolo_match3d=0 yolo_match_det=0 yolo_human=0 fixed_size=0 size_reject=0
[lvdot_detector_main-8] [INFO] [1776998650.579297670] [lvdot_detector_node]: get_dynamic_obstacles responded with 3 obstacles from 3 tracked dynamic boxes.
[lvdot_detector_main-8] [WARN] [1776998650.679528882] [lvdot_detector_node.rclcpp]: failed to send response to /onboard_detector/get_dynamic_obstacles (timeout): client will not receive response, at ./src/rmw_response.cpp:153, at ./src/rcl/service.c:400
[lvdot_detector_main-8] [INFO] [1776998653.282894073] [lvdot_detector_node]: Input health: depth=27 color=26 lidar=26 pose=126 odom=126 yolo=21 depth_pose_sync=0 lidar_pose_sync=0 depth_odom_sync=0 lidar_odom_sync=0
[lvdot_detector_main-8] [INFO] [1776998653.283021324] [lvdot_detector_node]: Stage timers: detection=501 lidar_detection=501 tracking=501 classification=501 vis=0
[lvdot_detector_main-8] [INFO] [1776998653.283035597] [lvdot_detector_node]: Processing phases: detection=idle lidar_detection=idle tracking=idle classification=idle
[lvdot_detector_main-8] [INFO] [1776998653.283043337] [lvdot_detector_node]: Pipeline stats: depth_samples=1322/71300 u_map=0 depth_boxes=0 u_map_merge=0 u_map_db=0 u_map_visual=0 u_map_fused=0 u_map_filtered=0 lidar_samples=3353/115078 uv=0 db=14 lidar=3 fused=3 filtered=3 tracks=75 dynamic=0 dyn_points=0 raw_dyn_points=0 service=6/3 split=3->0 (3 outputs) fusion_components=3 visual_only=0 lidar_only=3 yolo_in=0 yolo_match3d=0 yolo_match_det=0 yolo_human=0 fixed_size=0 size_reject=0
[lvdot_detector_main-8] [INFO] [1776998659.436908752] [lvdot_detector_node]: Input health: depth=29 color=28 lidar=28 pose=128 odom=128 yolo=23 depth_pose_sync=0 lidar_pose_sync=0 depth_odom_sync=0 lidar_odom_sync=0
[lvdot_detector_main-8] [INFO] [1776998659.436994209] [lvdot_detector_node]: Stage timers: detection=503 lidar_detection=503 tracking=503 classification=503 vis=0
[lvdot_detector_main-8] [INFO] [1776998659.437004564] [lvdot_detector_node]: Processing phases: detection=idle lidar_detection=idle tracking=idle classification=idle
[lvdot_detector_main-8] [INFO] [1776998659.437012205] [lvdot_detector_node]: Pipeline stats: depth_samples=1277/71300 u_map=2 depth_boxes=0 u_map_merge=0 u_map_db=0 u_map_visual=0 u_map_fused=0 u_map_filtered=0 lidar_samples=3351/206710 uv=1 db=7 lidar=8 fused=9 filtered=9 tracks=25 dynamic=0 dyn_points=0 raw_dyn_points=0 service=7/0 split=9->0 (9 outputs) fusion_components=9 visual_only=1 lidar_only=8 yolo_in=2 yolo_match3d=2 yolo_match_det=2 yolo_human=2 fixed_size=0 size_reject=0
[lvdot_detector_main-8] [INFO] [1776998659.438949353] [lvdot_detector_node]: get_dynamic_obstacles responded with 0 obstacles from 0 tracked dynamic boxes.
[lvdot_detector_main-8] [INFO] [1776998665.553044381] [lvdot_detector_node]: Input health: depth=31 color=30 lidar=30 pose=130 odom=130 yolo=25 depth_pose_sync=0 lidar_pose_sync=0 depth_odom_sync=0 lidar_odom_sync=0
[lvdot_detector_main-8] [INFO] [1776998665.553127748] [lvdot_detector_node]: Stage timers: detection=505 lidar_detection=505 tracking=505 classification=505 vis=0
[lvdot_detector_main-8] [INFO] [1776998665.553137390] [lvdot_detector_node]: Processing phases: detection=idle lidar_detection=idle tracking=idle classification=idle
[lvdot_detector_main-8] [INFO] [1776998665.553144622] [lvdot_detector_node]: Pipeline stats: depth_samples=1646/71300 u_map=2 depth_boxes=0 u_map_merge=0 u_map_db=0 u_map_visual=0 u_map_fused=0 u_map_filtered=0 lidar_samples=3431/129451 uv=0 db=13 lidar=6 fused=6 filtered=6 tracks=18 dynamic=2 dyn_points=0 raw_dyn_points=0 service=8/0 split=6->0 (6 outputs) fusion_components=6 visual_only=0 lidar_only=6 yolo_in=2 yolo_match3d=0 yolo_match_det=0 yolo_human=0 fixed_size=0 size_reject=0
[lvdot_detector_main-8] [INFO] [1776998665.555509327] [lvdot_detector_node]: get_dynamic_obstacles responded with 2 obstacles from 2 tracked dynamic boxes.
[lvdot_detector_main-8] [INFO] [1776998671.334554019] [lvdot_detector_node]: Input health: depth=33 color=32 lidar=32 pose=132 odom=132 yolo=27 depth_pose_sync=0 lidar_pose_sync=0 depth_odom_sync=0 lidar_odom_sync=0
[lvdot_detector_main-8] [INFO] [1776998671.334645983] [lvdot_detector_node]: Stage timers: detection=507 lidar_detection=507 tracking=507 classification=507 vis=0
[lvdot_detector_main-8] [INFO] [1776998671.334655059] [lvdot_detector_node]: Processing phases: detection=idle lidar_detection=idle tracking=idle classification=idle
[lvdot_detector_main-8] [INFO] [1776998671.334662283] [lvdot_detector_node]: Pipeline stats: depth_samples=1316/71300 u_map=0 depth_boxes=0 u_map_merge=0 u_map_db=0 u_map_visual=0 u_map_fused=0 u_map_filtered=0 lidar_samples=3379/107952 uv=0 db=9 lidar=2 fused=2 filtered=2 tracks=54 dynamic=0 dyn_points=0 raw_dyn_points=0 service=9/2 split=2->0 (2 outputs) fusion_components=2 visual_only=0 lidar_only=2 yolo_in=0 yolo_match3d=0 yolo_match_det=0 yolo_human=0 fixed_size=0 size_reject=0
[lvdot_detector_main-8] [INFO] [1776998671.336442303] [lvdot_detector_node]: get_dynamic_obstacles responded with 0 obstacles from 0 tracked dynamic boxes.
[lvdot_detector_main-8] [INFO] [1776998677.178466539] [lvdot_detector_node]: Input health: depth=35 color=34 lidar=34 pose=134 odom=134 yolo=29 depth_pose_sync=0 lidar_pose_sync=0 depth_odom_sync=0 lidar_odom_sync=0
[lvdot_detector_main-8] [INFO] [1776998677.178571317] [lvdot_detector_node]: Stage timers: detection=509 lidar_detection=509 tracking=509 classification=509 vis=0
[lvdot_detector_main-8] [INFO] [1776998677.178588814] [lvdot_detector_node]: Processing phases: detection=idle lidar_detection=idle tracking=idle classification=idle
[lvdot_detector_main-8] [INFO] [1776998677.178619785] [lvdot_detector_node]: Pipeline stats: depth_samples=1374/71300 u_map=2 depth_boxes=0 u_map_merge=0 u_map_db=0 u_map_visual=0 u_map_fused=0 u_map_filtered=0 lidar_samples=3473/136612 uv=2 db=10 lidar=66 fused=66 filtered=67 tracks=20 dynamic=0 dyn_points=0 raw_dyn_points=0 service=10/0 split=66->1 (67 outputs) fusion_components=66 visual_only=0 lidar_only=64 yolo_in=3 yolo_match3d=1 yolo_match_det=2 yolo_human=2 fixed_size=0 size_reject=0
[lvdot_detector_main-8] [INFO] [1776998680.350705622] [lvdot_detector_node]: get_dynamic_obstacles responded with 1 obstacles from 1 tracked dynamic boxes.
[lvdot_detector_main-8] [WARN] [1776998680.450925277] [lvdot_detector_node.rclcpp]: failed to send response to /onboard_detector/get_dynamic_obstacles (timeout): client will not receive response, at ./src/rmw_response.cpp:153, at ./src/rcl/service.c:400
[lvdot_detector_main-8] [INFO] [1776998683.523662975] [lvdot_detector_node]: Input health: depth=37 color=36 lidar=36 pose=136 odom=136 yolo=31 depth_pose_sync=0 lidar_pose_sync=0 depth_odom_sync=0 lidar_odom_sync=0
[lvdot_detector_main-8] [INFO] [1776998683.523756796] [lvdot_detector_node]: Stage timers: detection=511 lidar_detection=511 tracking=511 classification=511 vis=0
[lvdot_detector_main-8] [INFO] [1776998683.523766852] [lvdot_detector_node]: Processing phases: detection=idle lidar_detection=idle tracking=idle classification=idle
[lvdot_detector_main-8] [INFO] [1776998683.523773991] [lvdot_detector_node]: Pipeline stats: depth_samples=1508/71300 u_map=1 depth_boxes=0 u_map_merge=0 u_map_db=0 u_map_visual=0 u_map_fused=0 u_map_filtered=0 lidar_samples=3311/159600 uv=1 db=13 lidar=4 fused=5 filtered=5 tracks=50 dynamic=2 dyn_points=0 raw_dyn_points=0 service=11/1 split=5->0 (5 outputs) fusion_components=5 visual_only=1 lidar_only=4 yolo_in=0 yolo_match3d=0 yolo_match_det=0 yolo_human=0 fixed_size=0 size_reject=0
[lvdot_detector_main-8] [INFO] [1776998686.703661587] [lvdot_detector_node]: get_dynamic_obstacles responded with 4 obstacles from 4 tracked dynamic boxes.
[lvdot_detector_main-8] [WARN] [1776998686.803798536] [lvdot_detector_node.rclcpp]: failed to send response to /onboard_detector/get_dynamic_obstacles (timeout): client will not receive response, at ./src/rmw_response.cpp:153, at ./src/rcl/service.c:400
[lvdot_detector_main-8] [INFO] [1776998689.533174075] [lvdot_detector_node]: Input health: depth=39 color=38 lidar=38 pose=138 odom=138 yolo=33 depth_pose_sync=0 lidar_pose_sync=0 depth_odom_sync=0 lidar_odom_sync=0
[lvdot_detector_main-8] [INFO] [1776998689.533288327] [lvdot_detector_node]: Stage timers: detection=513 lidar_detection=513 tracking=513 classification=513 vis=0
[lvdot_detector_main-8] [INFO] [1776998689.533304706] [lvdot_detector_node]: Processing phases: detection=idle lidar_detection=idle tracking=idle classification=idle
[lvdot_detector_main-8] [INFO] [1776998689.533312243] [lvdot_detector_node]: Pipeline stats: depth_samples=1400/71300 u_map=2 depth_boxes=0 u_map_merge=0 u_map_db=0 u_map_visual=0 u_map_fused=0 u_map_filtered=0 lidar_samples=3415/107795 uv=2 db=9 lidar=13 fused=15 filtered=15 tracks=23 dynamic=0 dyn_points=0 raw_dyn_points=0 service=12/4 split=15->0 (15 outputs) fusion_components=15 visual_only=2 lidar_only=13 yolo_in=0 yolo_match3d=0 yolo_match_det=0 yolo_human=0 fixed_size=0 size_reject=0
[lvdot_detector_main-8] [INFO] [1776998692.084596534] [lvdot_detector_node]: get_dynamic_obstacles responded with 0 obstacles from 0 tracked dynamic boxes.
[lvdot_detector_main-8] [WARN] [1776998692.184833836] [lvdot_detector_node.rclcpp]: failed to send response to /onboard_detector/get_dynamic_obstacles (timeout): client will not receive response, at ./src/rmw_response.cpp:153, at ./src/rcl/service.c:400
[lvdot_detector_main-8] [INFO] [1776998695.319918345] [lvdot_detector_node]: Input health: depth=41 color=40 lidar=40 pose=140 odom=140 yolo=35 depth_pose_sync=0 lidar_pose_sync=0 depth_odom_sync=0 lidar_odom_sync=0
[lvdot_detector_main-8] [INFO] [1776998695.319999666] [lvdot_detector_node]: Stage timers: detection=515 lidar_detection=515 tracking=515 classification=515 vis=0
[lvdot_detector_main-8] [INFO] [1776998695.320009578] [lvdot_detector_node]: Processing phases: detection=idle lidar_detection=idle tracking=idle classification=idle
[lvdot_detector_main-8] [INFO] [1776998695.320016315] [lvdot_detector_node]: Pipeline stats: depth_samples=1107/71300 u_map=4 depth_boxes=0 u_map_merge=0 u_map_db=0 u_map_visual=0 u_map_fused=0 u_map_filtered=0 lidar_samples=3392/140634 uv=2 db=9 lidar=59 fused=60 filtered=60 tracks=14 dynamic=0 dyn_points=0 raw_dyn_points=0 service=13/0 split=60->0 (60 outputs) fusion_components=60 visual_only=1 lidar_only=58 yolo_in=2 yolo_match3d=2 yolo_match_det=2 yolo_human=2 fixed_size=0 size_reject=0
[lvdot_detector_main-8] [INFO] [1776998698.183509228] [lvdot_detector_node]: get_dynamic_obstacles responded with 1 obstacles from 1 tracked dynamic boxes.
[lvdot_detector_main-8] [WARN] [1776998698.283733161] [lvdot_detector_node.rclcpp]: failed to send response to /onboard_detector/get_dynamic_obstacles (timeout): client will not receive response, at ./src/rmw_response.cpp:153, at ./src/rcl/service.c:400
[lvdot_detector_main-8] [INFO] [1776998701.466409970] [lvdot_detector_node]: Input health: depth=43 color=42 lidar=42 pose=142 odom=142 yolo=37 depth_pose_sync=0 lidar_pose_sync=0 depth_odom_sync=0 lidar_odom_sync=0
[lvdot_detector_main-8] [INFO] [1776998701.466506180] [lvdot_detector_node]: Stage timers: detection=517 lidar_detection=517 tracking=517 classification=517 vis=0
[lvdot_detector_main-8] [INFO] [1776998701.466520082] [lvdot_detector_node]: Processing phases: detection=idle lidar_detection=idle tracking=idle classification=idle
[lvdot_detector_main-8] [INFO] [1776998701.466529883] [lvdot_detector_node]: Pipeline stats: depth_samples=1266/71300 u_map=2 depth_boxes=0 u_map_merge=0 u_map_db=0 u_map_visual=0 u_map_fused=0 u_map_filtered=0 lidar_samples=3481/129758 uv=1 db=11 lidar=5 fused=6 filtered=6 tracks=14 dynamic=2 dyn_points=0 raw_dyn_points=0 service=14/1 split=6->0 (6 outputs) fusion_components=6 visual_only=1 lidar_only=5 yolo_in=1 yolo_match3d=1 yolo_match_det=1 yolo_human=1 fixed_size=0 size_reject=0
[lvdot_detector_main-8] [INFO] [1776998704.168364178] [lvdot_detector_node]: get_dynamic_obstacles responded with 1 obstacles from 1 tracked dynamic boxes.
[lvdot_detector_main-8] [WARN] [1776998704.268572175] [lvdot_detector_node.rclcpp]: failed to send response to /onboard_detector/get_dynamic_obstacles (timeout): client will not receive response, at ./src/rmw_response.cpp:153, at ./src/rcl/service.c:400
[lvdot_detector_main-8] [INFO] [1776998706.957756621] [lvdot_detector_node]: Input health: depth=45 color=44 lidar=44 pose=144 odom=144 yolo=39 depth_pose_sync=0 lidar_pose_sync=0 depth_odom_sync=0 lidar_odom_sync=0
[lvdot_detector_main-8] [INFO] [1776998706.957842674] [lvdot_detector_node]: Stage timers: detection=519 lidar_detection=519 tracking=519 classification=519 vis=0
[lvdot_detector_main-8] [INFO] [1776998706.957852925] [lvdot_detector_node]: Processing phases: detection=idle lidar_detection=idle tracking=idle classification=idle
[lvdot_detector_main-8] [INFO] [1776998706.957860219] [lvdot_detector_node]: Pipeline stats: depth_samples=1316/71300 u_map=0 depth_boxes=0 u_map_merge=0 u_map_db=0 u_map_visual=0 u_map_fused=0 u_map_filtered=0 lidar_samples=3400/107945 uv=0 db=9 lidar=6 fused=6 filtered=6 tracks=10 dynamic=1 dyn_points=0 raw_dyn_points=0 service=15/1 split=6->0 (6 outputs) fusion_components=6 visual_only=0 lidar_only=6 yolo_in=0 yolo_match3d=0 yolo_match_det=0 yolo_human=0 fixed_size=0 size_reject=0
[lvdot_detector_main-8] [INFO] [1776998709.776653188] [lvdot_detector_node]: get_dynamic_obstacles responded with 0 obstacles from 0 tracked dynamic boxes.
[lvdot_detector_main-8] [INFO] [1776998712.781407948] [lvdot_detector_node]: Input health: depth=47 color=46 lidar=46 pose=146 odom=146 yolo=41 depth_pose_sync=0 lidar_pose_sync=0 depth_odom_sync=0 lidar_odom_sync=0
[lvdot_detector_main-8] [INFO] [1776998712.781490247] [lvdot_detector_node]: Stage timers: detection=521 lidar_detection=521 tracking=521 classification=521 vis=0
[lvdot_detector_main-8] [INFO] [1776998712.781499889] [lvdot_detector_node]: Processing phases: detection=idle lidar_detection=idle tracking=idle classification=idle
[lvdot_detector_main-8] [INFO] [1776998712.781506946] [lvdot_detector_node]: Pipeline stats: depth_samples=1154/71300 u_map=2 depth_boxes=0 u_map_merge=0 u_map_db=0 u_map_visual=0 u_map_fused=0 u_map_filtered=0 lidar_samples=3359/135001 uv=1 db=10 lidar=64 fused=65 filtered=65 tracks=20 dynamic=0 dyn_points=0 raw_dyn_points=0 service=16/0 split=65->0 (65 outputs) fusion_components=65 visual_only=1 lidar_only=64 yolo_in=2 yolo_match3d=2 yolo_match_det=2 yolo_human=2 fixed_size=0 size_reject=0
[lvdot_detector_main-8] [INFO] [1776998715.645980191] [lvdot_detector_node]: get_dynamic_obstacles responded with 1 obstacles from 1 tracked dynamic boxes.
[lvdot_detector_main-8] [INFO] [1776998718.993942399] [lvdot_detector_node]: Input health: depth=49 color=48 lidar=48 pose=148 odom=148 yolo=43 depth_pose_sync=0 lidar_pose_sync=0 depth_odom_sync=0 lidar_odom_sync=0
[lvdot_detector_main-8] [INFO] [1776998718.994042035] [lvdot_detector_node]: Stage timers: detection=523 lidar_detection=523 tracking=523 classification=523 vis=0
[lvdot_detector_main-8] [INFO] [1776998718.994054780] [lvdot_detector_node]: Processing phases: detection=idle lidar_detection=idle tracking=idle classification=idle
[lvdot_detector_main-8] [INFO] [1776998718.994064390] [lvdot_detector_node]: Pipeline stats: depth_samples=1354/71300 u_map=4 depth_boxes=0 u_map_merge=0 u_map_db=0 u_map_visual=0 u_map_fused=0 u_map_filtered=0 lidar_samples=3461/138250 uv=0 db=10 lidar=5 fused=5 filtered=5 tracks=16 dynamic=0 dyn_points=0 raw_dyn_points=0 service=17/1 split=5->0 (5 outputs) fusion_components=5 visual_only=0 lidar_only=5 yolo_in=2 yolo_match3d=0 yolo_match_det=0 yolo_human=0 fixed_size=0 size_reject=2
[lvdot_detector_main-8] [INFO] [1776998725.074520964] [lvdot_detector_node]: Input health: depth=51 color=50 lidar=50 pose=150 odom=150 yolo=45 depth_pose_sync=0 lidar_pose_sync=0 depth_odom_sync=0 lidar_odom_sync=0
[lvdot_detector_main-8] [INFO] [1776998725.074678790] [lvdot_detector_node]: Stage timers: detection=525 lidar_detection=525 tracking=525 classification=525 vis=0
[lvdot_detector_main-8] [INFO] [1776998725.074703962] [lvdot_detector_node]: Processing phases: detection=idle lidar_detection=idle tracking=idle classification=idle
[lvdot_detector_main-8] [INFO] [1776998725.074713152] [lvdot_detector_node]: Pipeline stats: depth_samples=1316/71300 u_map=0 depth_boxes=0 u_map_merge=0 u_map_db=0 u_map_visual=0 u_map_fused=0 u_map_filtered=0 lidar_samples=3386/108180 uv=0 db=9 lidar=4 fused=4 filtered=4 tracks=63 dynamic=0 dyn_points=0 raw_dyn_points=0 service=17/1 split=4->0 (4 outputs) fusion_components=4 visual_only=0 lidar_only=4 yolo_in=0 yolo_match3d=0 yolo_match_det=0 yolo_human=0 fixed_size=0 size_reject=0
[lvdot_detector_main-8] [INFO] [1776998725.077109708] [lvdot_detector_node]: get_dynamic_obstacles responded with 0 obstacles from 0 tracked dynamic boxes.
[lvdot_detector_main-8] [WARN] [1776998725.179375502] [lvdot_detector_node.rclcpp]: failed to send response to /onboard_detector/get_dynamic_obstacles (timeout): client will not receive response, at ./src/rmw_response.cpp:153, at ./src/rcl/service.c:400
[lvdot_detector_main-8] [INFO] [1776998731.185996920] [lvdot_detector_node]: Input health: depth=53 color=52 lidar=52 pose=152 odom=152 yolo=47 depth_pose_sync=0 lidar_pose_sync=0 depth_odom_sync=0 lidar_odom_sync=0
[lvdot_detector_main-8] [INFO] [1776998731.187031114] [lvdot_detector_node]: Stage timers: detection=527 lidar_detection=527 tracking=527 classification=527 vis=0
[lvdot_detector_main-8] [INFO] [1776998731.187725681] [lvdot_detector_node]: Processing phases: detection=idle lidar_detection=idle tracking=idle classification=idle
[lvdot_detector_main-8] [INFO] [1776998731.187825221] [lvdot_detector_node]: Pipeline stats: depth_samples=1431/71300 u_map=4 depth_boxes=0 u_map_merge=0 u_map_db=0 u_map_visual=0 u_map_fused=0 u_map_filtered=0 lidar_samples=3263/189539 uv=3 db=10 lidar=5 fused=8 filtered=9 tracks=16 dynamic=0 dyn_points=0 raw_dyn_points=0 service=19/0 split=8->1 (9 outputs) fusion_components=8 visual_only=3 lidar_only=5 yolo_in=2 yolo_match3d=1 yolo_match_det=2 yolo_human=2 fixed_size=0 size_reject=0
[lvdot_detector_main-8] [INFO] [1776998737.746097216] [lvdot_detector_node]: Input health: depth=55 color=54 lidar=54 pose=154 odom=154 yolo=49 depth_pose_sync=0 lidar_pose_sync=0 depth_odom_sync=0 lidar_odom_sync=0
[lvdot_detector_main-8] [INFO] [1776998737.746657859] [lvdot_detector_node]: Stage timers: detection=529 lidar_detection=529 tracking=529 classification=529 vis=0
[lvdot_detector_main-8] [INFO] [1776998737.746674879] [lvdot_detector_node]: Processing phases: detection=idle lidar_detection=idle tracking=idle classification=idle
[lvdot_detector_main-8] [INFO] [1776998737.746685030] [lvdot_detector_node]: Pipeline stats: depth_samples=1300/71300 u_map=1 depth_boxes=0 u_map_merge=0 u_map_db=0 u_map_visual=0 u_map_fused=0 u_map_filtered=0 lidar_samples=3417/116605 uv=1 db=9 lidar=61 fused=62 filtered=62 tracks=73 dynamic=2 dyn_points=0 raw_dyn_points=0 service=19/0 split=62->0 (62 outputs) fusion_components=62 visual_only=1 lidar_only=61 yolo_in=0 yolo_match3d=0 yolo_match_det=0 yolo_human=0 fixed_size=0 size_reject=0
[lvdot_detector_main-8] [INFO] [1776998737.748978762] [lvdot_detector_node]: get_dynamic_obstacles responded with 2 obstacles from 2 tracked dynamic boxes.
[lvdot_detector_main-8] [WARN] [1776998737.849185250] [lvdot_detector_node.rclcpp]: failed to send response to /onboard_detector/get_dynamic_obstacles (timeout): client will not receive response, at ./src/rmw_response.cpp:153, at ./src/rcl/service.c:400
[lvdot_detector_main-8] [INFO] [1776998740.769757090] [lvdot_detector_node]: get_dynamic_obstacles responded with 1 obstacles from 1 tracked dynamic boxes.
[lvdot_detector_main-8] [INFO] [1776998743.522732636] [lvdot_detector_node]: Input health: depth=57 color=56 lidar=56 pose=156 odom=156 yolo=51 depth_pose_sync=0 lidar_pose_sync=0 depth_odom_sync=0 lidar_odom_sync=0
[lvdot_detector_main-8] [INFO] [1776998743.522826668] [lvdot_detector_node]: Stage timers: detection=531 lidar_detection=531 tracking=531 classification=531 vis=0
[lvdot_detector_main-8] [INFO] [1776998743.522840964] [lvdot_detector_node]: Processing phases: detection=idle lidar_detection=idle tracking=idle classification=idle
[lvdot_detector_main-8] [INFO] [1776998743.522851636] [lvdot_detector_node]: Pipeline stats: depth_samples=1521/71300 u_map=3 depth_boxes=0 u_map_merge=0 u_map_db=0 u_map_visual=0 u_map_fused=0 u_map_filtered=0 lidar_samples=3118/123887 uv=1 db=9 lidar=15 fused=16 filtered=16 tracks=60 dynamic=0 dyn_points=0 raw_dyn_points=0 service=21/1 split=16->0 (16 outputs) fusion_components=16 visual_only=1 lidar_only=15 yolo_in=2 yolo_match3d=1 yolo_match_det=1 yolo_human=1 fixed_size=0 size_reject=0
[lvdot_detector_main-8] [INFO] [1776998746.460898447] [lvdot_detector_node]: get_dynamic_obstacles responded with 0 obstacles from 0 tracked dynamic boxes.
[lvdot_detector_main-8] [INFO] [1776998749.669829221] [lvdot_detector_node]: Input health: depth=59 color=58 lidar=58 pose=158 odom=158 yolo=53 depth_pose_sync=0 lidar_pose_sync=0 depth_odom_sync=0 lidar_odom_sync=0
[lvdot_detector_main-8] [INFO] [1776998749.669921273] [lvdot_detector_node]: Stage timers: detection=533 lidar_detection=533 tracking=533 classification=533 vis=0
[lvdot_detector_main-8] [INFO] [1776998749.669931944] [lvdot_detector_node]: Processing phases: detection=idle lidar_detection=idle tracking=idle classification=idle
[lvdot_detector_main-8] [INFO] [1776998749.669939124] [lvdot_detector_node]: Pipeline stats: depth_samples=1394/71300 u_map=2 depth_boxes=0 u_map_merge=0 u_map_db=0 u_map_visual=0 u_map_fused=0 u_map_filtered=0 lidar_samples=3402/133435 uv=0 db=14 lidar=58 fused=58 filtered=59 tracks=19 dynamic=1 dyn_points=0 raw_dyn_points=0 service=22/0 split=58->1 (59 outputs) fusion_components=58 visual_only=0 lidar_only=58 yolo_in=3 yolo_match3d=2 yolo_match_det=3 yolo_human=3 fixed_size=0 size_reject=0
[lvdot_detector_main-8] [INFO] [1776998752.603321345] [lvdot_detector_node]: get_dynamic_obstacles responded with 1 obstacles from 1 tracked dynamic boxes.
[lvdot_detector_main-8] [INFO] [1776998755.847144530] [lvdot_detector_node]: Input health: depth=61 color=60 lidar=60 pose=160 odom=160 yolo=55 depth_pose_sync=0 lidar_pose_sync=0 depth_odom_sync=0 lidar_odom_sync=0
[lvdot_detector_main-8] [INFO] [1776998755.847253844] [lvdot_detector_node]: Stage timers: detection=535 lidar_detection=535 tracking=535 classification=535 vis=0
[lvdot_detector_main-8] [INFO] [1776998755.847271563] [lvdot_detector_node]: Processing phases: detection=idle lidar_detection=idle tracking=idle classification=idle
[lvdot_detector_main-8] [INFO] [1776998755.847285077] [lvdot_detector_node]: Pipeline stats: depth_samples=1247/71300 u_map=1 depth_boxes=0 u_map_merge=0 u_map_db=0 u_map_visual=0 u_map_fused=0 u_map_filtered=0 lidar_samples=3451/116213 uv=1 db=11 lidar=75 fused=76 filtered=76 tracks=19 dynamic=2 dyn_points=0 raw_dyn_points=0 service=23/1 split=76->0 (76 outputs) fusion_components=76 visual_only=1 lidar_only=75 yolo_in=0 yolo_match3d=0 yolo_match_det=0 yolo_human=0 fixed_size=0 size_reject=1
[lvdot_detector_main-8] [INFO] [1776998758.569666970] [lvdot_detector_node]: get_dynamic_obstacles responded with 0 obstacles from 0 tracked dynamic boxes.
[lvdot_detector_main-8] [INFO] [1776998761.523217066] [lvdot_detector_node]: Input health: depth=63 color=62 lidar=62 pose=162 odom=162 yolo=57 depth_pose_sync=0 lidar_pose_sync=0 depth_odom_sync=0 lidar_odom_sync=0
[lvdot_detector_main-8] [INFO] [1776998761.523320553] [lvdot_detector_node]: Stage timers: detection=537 lidar_detection=537 tracking=537 classification=537 vis=0
[lvdot_detector_main-8] [INFO] [1776998761.523341513] [lvdot_detector_node]: Processing phases: detection=idle lidar_detection=idle tracking=idle classification=idle
[lvdot_detector_main-8] [INFO] [1776998761.523349675] [lvdot_detector_node]: Pipeline stats: depth_samples=1441/71300 u_map=2 depth_boxes=0 u_map_merge=0 u_map_db=0 u_map_visual=0 u_map_fused=0 u_map_filtered=0 lidar_samples=3284/121974 uv=1 db=9 lidar=19 fused=20 filtered=20 tracks=5 dynamic=0 dyn_points=0 raw_dyn_points=0 service=24/0 split=20->0 (20 outputs) fusion_components=20 visual_only=1 lidar_only=19 yolo_in=3 yolo_match3d=1 yolo_match_det=1 yolo_human=1 fixed_size=0 size_reject=0
[lvdot_detector_main-8] [INFO] [1776998764.293597873] [lvdot_detector_node]: get_dynamic_obstacles responded with 0 obstacles from 0 tracked dynamic boxes.
[lvdot_detector_main-8] [INFO] [1776998767.711398123] [lvdot_detector_node]: Input health: depth=65 color=64 lidar=64 pose=164 odom=164 yolo=59 depth_pose_sync=0 lidar_pose_sync=0 depth_odom_sync=0 lidar_odom_sync=0
[lvdot_detector_main-8] [INFO] [1776998767.711493707] [lvdot_detector_node]: Stage timers: detection=539 lidar_detection=539 tracking=539 classification=539 vis=0
[lvdot_detector_main-8] [INFO] [1776998767.711506532] [lvdot_detector_node]: Processing phases: detection=idle lidar_detection=idle tracking=idle classification=idle
[lvdot_detector_main-8] [INFO] [1776998767.711516250] [lvdot_detector_node]: Pipeline stats: depth_samples=1777/71300 u_map=1 depth_boxes=0 u_map_merge=0 u_map_db=0 u_map_visual=0 u_map_fused=0 u_map_filtered=0 lidar_samples=3435/129088 uv=1 db=14 lidar=49 fused=49 filtered=50 tracks=20 dynamic=1 dyn_points=0 raw_dyn_points=0 service=25/0 split=49->1 (50 outputs) fusion_components=49 visual_only=0 lidar_only=48 yolo_in=3 yolo_match3d=2 yolo_match_det=3 yolo_human=3 fixed_size=0 size_reject=0
[lvdot_detector_main-8] [INFO] [1776998770.745638143] [lvdot_detector_node]: get_dynamic_obstacles responded with 4 obstacles from 4 tracked dynamic boxes.
[lvdot_detector_main-8] [INFO] [1776998773.942425846] [lvdot_detector_node]: Input health: depth=67 color=66 lidar=66 pose=166 odom=166 yolo=61 depth_pose_sync=0 lidar_pose_sync=0 depth_odom_sync=0 lidar_odom_sync=0
[lvdot_detector_main-8] [INFO] [1776998773.942506559] [lvdot_detector_node]: Stage timers: detection=541 lidar_detection=541 tracking=541 classification=541 vis=0
[lvdot_detector_main-8] [INFO] [1776998773.942515955] [lvdot_detector_node]: Processing phases: detection=idle lidar_detection=idle tracking=idle classification=idle
[lvdot_detector_main-8] [INFO] [1776998773.942522978] [lvdot_detector_node]: Pipeline stats: depth_samples=1148/71300 u_map=1 depth_boxes=0 u_map_merge=0 u_map_db=0 u_map_visual=0 u_map_fused=0 u_map_filtered=0 lidar_samples=3485/121263 uv=1 db=11 lidar=69 fused=70 filtered=70 tracks=20 dynamic=3 dyn_points=0 raw_dyn_points=0 service=26/4 split=70->0 (70 outputs) fusion_components=70 visual_only=1 lidar_only=69 yolo_in=0 yolo_match3d=0 yolo_match_det=0 yolo_human=0 fixed_size=0 size_reject=0
[lvdot_detector_main-8] [INFO] [1776998779.539481950] [lvdot_detector_node]: Input health: depth=69 color=68 lidar=68 pose=168 odom=168 yolo=63 depth_pose_sync=0 lidar_pose_sync=0 depth_odom_sync=0 lidar_odom_sync=0
[lvdot_detector_main-8] [INFO] [1776998779.539563950] [lvdot_detector_node]: Stage timers: detection=543 lidar_detection=543 tracking=543 classification=543 vis=0
[lvdot_detector_main-8] [INFO] [1776998779.539573801] [lvdot_detector_node]: Processing phases: detection=idle lidar_detection=idle tracking=idle classification=idle
[lvdot_detector_main-8] [INFO] [1776998779.539580966] [lvdot_detector_node]: Pipeline stats: depth_samples=1598/71300 u_map=3 depth_boxes=0 u_map_merge=0 u_map_db=0 u_map_visual=0 u_map_fused=0 u_map_filtered=0 lidar_samples=3153/129820 uv=3 db=13 lidar=16 fused=16 filtered=17 tracks=9 dynamic=0 dyn_points=0 raw_dyn_points=0 service=26/4 split=16->1 (17 outputs) fusion_components=16 visual_only=0 lidar_only=13 yolo_in=3 yolo_match3d=2 yolo_match_det=3 yolo_human=3 fixed_size=0 size_reject=0
[lvdot_detector_main-8] [INFO] [1776998779.541540685] [lvdot_detector_node]: get_dynamic_obstacles responded with 0 obstacles from 0 tracked dynamic boxes.
[lvdot_detector_main-8] [WARN] [1776998779.641718797] [lvdot_detector_node.rclcpp]: failed to send response to /onboard_detector/get_dynamic_obstacles (timeout): client will not receive response, at ./src/rmw_response.cpp:153, at ./src/rcl/service.c:400
[lvdot_detector_main-8] [INFO] [1776998785.971037772] [lvdot_detector_node]: Input health: depth=71 color=70 lidar=70 pose=170 odom=170 yolo=65 depth_pose_sync=0 lidar_pose_sync=0 depth_odom_sync=0 lidar_odom_sync=0
[lvdot_detector_main-8] [INFO] [1776998785.971125907] [lvdot_detector_node]: Stage timers: detection=545 lidar_detection=545 tracking=545 classification=545 vis=0
[lvdot_detector_main-8] [INFO] [1776998785.971146300] [lvdot_detector_node]: Processing phases: detection=idle lidar_detection=idle tracking=idle classification=idle
[lvdot_detector_main-8] [INFO] [1776998785.971159626] [lvdot_detector_node]: Pipeline stats: depth_samples=1038/49781 u_map=3 depth_boxes=0 u_map_merge=0 u_map_db=0 u_map_visual=0 u_map_fused=0 u_map_filtered=0 lidar_samples=3485/138747 uv=1 db=12 lidar=55 fused=55 filtered=55 tracks=76 dynamic=3 dyn_points=0 raw_dyn_points=0 service=27/0 split=55->1 (55 outputs) fusion_components=55 visual_only=0 lidar_only=54 yolo_in=4 yolo_match3d=2 yolo_match_det=4 yolo_human=2 fixed_size=0 size_reject=0
[lvdot_detector_main-8] [INFO] [1776998785.973777519] [lvdot_detector_node]: get_dynamic_obstacles responded with 3 obstacles from 3 tracked dynamic boxes.
[lvdot_detector_main-8] [WARN] [1776998786.074030346] [lvdot_detector_node.rclcpp]: failed to send response to /onboard_detector/get_dynamic_obstacles (timeout): client will not receive response, at ./src/rmw_response.cpp:153, at ./src/rcl/service.c:400
[lvdot_detector_main-8] [INFO] [1776998792.505802872] [lvdot_detector_node]: Input health: depth=73 color=72 lidar=72 pose=172 odom=172 yolo=67 depth_pose_sync=0 lidar_pose_sync=0 depth_odom_sync=0 lidar_odom_sync=0
[lvdot_detector_main-8] [INFO] [1776998792.505903315] [lvdot_detector_node]: Stage timers: detection=547 lidar_detection=547 tracking=547 classification=547 vis=0
[lvdot_detector_main-8] [INFO] [1776998792.505915845] [lvdot_detector_node]: Processing phases: detection=idle lidar_detection=idle tracking=idle classification=idle
[lvdot_detector_main-8] [INFO] [1776998792.505923626] [lvdot_detector_node]: Pipeline stats: depth_samples=1326/71300 u_map=0 depth_boxes=0 u_map_merge=0 u_map_db=0 u_map_visual=0 u_map_fused=0 u_map_filtered=0 lidar_samples=3489/156450 uv=0 db=12 lidar=18 fused=18 filtered=18 tracks=4 dynamic=1 dyn_points=0 raw_dyn_points=0 service=28/3 split=18->0 (18 outputs) fusion_components=18 visual_only=0 lidar_only=18 yolo_in=0 yolo_match3d=0 yolo_match_det=0 yolo_human=0 fixed_size=0 size_reject=1
[lvdot_detector_main-8] [INFO] [1776998792.507968265] [lvdot_detector_node]: get_dynamic_obstacles responded with 1 obstacles from 1 tracked dynamic boxes.
[lvdot_detector_main-8] [WARN] [1776998792.608203366] [lvdot_detector_node.rclcpp]: failed to send response to /onboard_detector/get_dynamic_obstacles (timeout): client will not receive response, at ./src/rmw_response.cpp:153, at ./src/rcl/service.c:400
[lvdot_detector_main-8] [INFO] [1776998798.284575139] [lvdot_detector_node]: Input health: depth=75 color=74 lidar=74 pose=174 odom=174 yolo=69 depth_pose_sync=0 lidar_pose_sync=0 depth_odom_sync=0 lidar_odom_sync=0
[lvdot_detector_main-8] [INFO] [1776998798.284675603] [lvdot_detector_node]: Stage timers: detection=549 lidar_detection=549 tracking=549 classification=549 vis=0
[lvdot_detector_main-8] [INFO] [1776998798.284687699] [lvdot_detector_node]: Processing phases: detection=idle lidar_detection=idle tracking=idle classification=idle
[lvdot_detector_main-8] [INFO] [1776998798.284697096] [lvdot_detector_node]: Pipeline stats: depth_samples=1463/71300 u_map=2 depth_boxes=0 u_map_merge=0 u_map_db=0 u_map_visual=0 u_map_fused=0 u_map_filtered=0 lidar_samples=3353/121431 uv=1 db=11 lidar=28 fused=28 filtered=28 tracks=6 dynamic=0 dyn_points=0 raw_dyn_points=0 service=29/1 split=28->0 (28 outputs) fusion_components=28 visual_only=0 lidar_only=27 yolo_in=5 yolo_match3d=2 yolo_match_det=2 yolo_human=2 fixed_size=0 size_reject=0
[lvdot_detector_main-8] [INFO] [1776998798.286896812] [lvdot_detector_node]: get_dynamic_obstacles responded with 0 obstacles from 0 tracked dynamic boxes.
[lvdot_detector_main-8] [WARN] [1776998798.387134390] [lvdot_detector_node.rclcpp]: failed to send response to /onboard_detector/get_dynamic_obstacles (timeout): client will not receive response, at ./src/rmw_response.cpp:153, at ./src/rcl/service.c:400
[lvdot_detector_main-8] [INFO] [1776998804.483291090] [lvdot_detector_node]: Input health: depth=77 color=76 lidar=76 pose=176 odom=176 yolo=71 depth_pose_sync=0 lidar_pose_sync=0 depth_odom_sync=0 lidar_odom_sync=0
[lvdot_detector_main-8] [INFO] [1776998804.483372195] [lvdot_detector_node]: Stage timers: detection=551 lidar_detection=551 tracking=551 classification=551 vis=0
[lvdot_detector_main-8] [INFO] [1776998804.483382680] [lvdot_detector_node]: Processing phases: detection=idle lidar_detection=idle tracking=idle classification=idle
[lvdot_detector_main-8] [INFO] [1776998804.483389603] [lvdot_detector_node]: Pipeline stats: depth_samples=1325/71300 u_map=2 depth_boxes=0 u_map_merge=0 u_map_db=0 u_map_visual=0 u_map_fused=0 u_map_filtered=0 lidar_samples=3101/151614 uv=1 db=9 lidar=73 fused=74 filtered=74 tracks=21 dynamic=2 dyn_points=0 raw_dyn_points=0 service=30/0 split=74->1 (74 outputs) fusion_components=74 visual_only=1 lidar_only=73 yolo_in=3 yolo_match3d=1 yolo_match_det=3 yolo_human=0 fixed_size=0 size_reject=0
[lvdot_detector_main-8] [INFO] [1776998810.642678854] [lvdot_detector_node]: Input health: depth=79 color=78 lidar=78 pose=178 odom=178 yolo=73 depth_pose_sync=0 lidar_pose_sync=0 depth_odom_sync=0 lidar_odom_sync=0
[lvdot_detector_main-8] [INFO] [1776998810.642784469] [lvdot_detector_node]: Stage timers: detection=553 lidar_detection=553 tracking=553 classification=553 vis=0
[lvdot_detector_main-8] [INFO] [1776998810.642799842] [lvdot_detector_node]: Processing phases: detection=idle lidar_detection=idle tracking=idle classification=idle
[lvdot_detector_main-8] [INFO] [1776998810.642811022] [lvdot_detector_node]: Pipeline stats: depth_samples=1322/71300 u_map=0 depth_boxes=0 u_map_merge=0 u_map_db=0 u_map_visual=0 u_map_fused=0 u_map_filtered=0 lidar_samples=3381/108029 uv=0 db=14 lidar=9 fused=9 filtered=9 tracks=24 dynamic=0 dyn_points=0 raw_dyn_points=0 service=30/0 split=9->0 (9 outputs) fusion_components=9 visual_only=0 lidar_only=9 yolo_in=0 yolo_match3d=0 yolo_match_det=0 yolo_human=0 fixed_size=0 size_reject=0
[lvdot_detector_main-8] [INFO] [1776998816.471386534] [lvdot_detector_node]: Input health: depth=81 color=80 lidar=80 pose=180 odom=180 yolo=75 depth_pose_sync=0 lidar_pose_sync=0 depth_odom_sync=0 lidar_odom_sync=0
[lvdot_detector_main-8] [INFO] [1776998816.471474033] [lvdot_detector_node]: Stage timers: detection=555 lidar_detection=555 tracking=555 classification=555 vis=0
[lvdot_detector_main-8] [INFO] [1776998816.471484380] [lvdot_detector_node]: Processing phases: detection=idle lidar_detection=idle tracking=idle classification=idle
[lvdot_detector_main-8] [INFO] [1776998816.471492015] [lvdot_detector_node]: Pipeline stats: depth_samples=1433/71300 u_map=3 depth_boxes=0 u_map_merge=0 u_map_db=0 u_map_visual=0 u_map_fused=0 u_map_filtered=0 lidar_samples=3327/119288 uv=1 db=9 lidar=8 fused=9 filtered=9 tracks=59 dynamic=0 dyn_points=0 raw_dyn_points=0 service=30/0 split=9->0 (9 outputs) fusion_components=9 visual_only=1 lidar_only=8 yolo_in=0 yolo_match3d=0 yolo_match_det=0 yolo_human=0 fixed_size=0 size_reject=0
[lvdot_detector_main-8] [INFO] [1776998821.998972073] [lvdot_detector_node]: Input health: depth=83 color=82 lidar=82 pose=182 odom=182 yolo=77 depth_pose_sync=0 lidar_pose_sync=0 depth_odom_sync=0 lidar_odom_sync=0
[lvdot_detector_main-8] [INFO] [1776998821.999041379] [lvdot_detector_node]: Stage timers: detection=557 lidar_detection=557 tracking=557 classification=557 vis=0
[lvdot_detector_main-8] [INFO] [1776998821.999053214] [lvdot_detector_node]: Processing phases: detection=idle lidar_detection=idle tracking=idle classification=idle
[lvdot_detector_main-8] [INFO] [1776998821.999062642] [lvdot_detector_node]: Pipeline stats: depth_samples=1312/71300 u_map=2 depth_boxes=0 u_map_merge=0 u_map_db=0 u_map_visual=0 u_map_fused=0 u_map_filtered=0 lidar_samples=2499/196685 uv=2 db=9 lidar=1 fused=3 filtered=3 tracks=16 dynamic=0 dyn_points=0 raw_dyn_points=0 service=30/0 split=3->0 (3 outputs) fusion_components=3 visual_only=2 lidar_only=1 yolo_in=1 yolo_match3d=1 yolo_match_det=1 yolo_human=1 fixed_size=0 size_reject=0
[lvdot_detector_main-8] [INFO] [1776998828.154174404] [lvdot_detector_node]: Input health: depth=85 color=84 lidar=84 pose=184 odom=184 yolo=79 depth_pose_sync=0 lidar_pose_sync=0 depth_odom_sync=0 lidar_odom_sync=0
[lvdot_detector_main-8] [INFO] [1776998828.154255339] [lvdot_detector_node]: Stage timers: detection=559 lidar_detection=559 tracking=559 classification=559 vis=0
[lvdot_detector_main-8] [INFO] [1776998828.154265180] [lvdot_detector_node]: Processing phases: detection=idle lidar_detection=idle tracking=idle classification=idle
[lvdot_detector_main-8] [INFO] [1776998828.154272410] [lvdot_detector_node]: Pipeline stats: depth_samples=1322/71300 u_map=0 depth_boxes=0 u_map_merge=0 u_map_db=0 u_map_visual=0 u_map_fused=0 u_map_filtered=0 lidar_samples=3367/108050 uv=0 db=14 lidar=1 fused=1 filtered=1 tracks=77 dynamic=0 dyn_points=0 raw_dyn_points=0 service=30/0 split=1->0 (1 outputs) fusion_components=1 visual_only=0 lidar_only=1 yolo_in=0 yolo_match3d=0 yolo_match_det=0 yolo_human=0 fixed_size=0 size_reject=1
[lvdot_detector_main-8] [INFO] [1776998834.110421604] [lvdot_detector_node]: Input health: depth=87 color=86 lidar=86 pose=186 odom=186 yolo=81 depth_pose_sync=0 lidar_pose_sync=0 depth_odom_sync=0 lidar_odom_sync=0
[lvdot_detector_main-8] [INFO] [1776998834.110502230] [lvdot_detector_node]: Stage timers: detection=561 lidar_detection=561 tracking=561 classification=561 vis=0
[lvdot_detector_main-8] [INFO] [1776998834.110512469] [lvdot_detector_node]: Processing phases: detection=idle lidar_detection=idle tracking=idle classification=idle
[lvdot_detector_main-8] [INFO] [1776998834.110519655] [lvdot_detector_node]: Pipeline stats: depth_samples=1444/71300 u_map=3 depth_boxes=0 u_map_merge=0 u_map_db=0 u_map_visual=0 u_map_fused=0 u_map_filtered=0 lidar_samples=3350/155367 uv=0 db=11 lidar=87 fused=87 filtered=87 tracks=12 dynamic=0 dyn_points=0 raw_dyn_points=0 service=30/0 split=87->0 (87 outputs) fusion_components=87 visual_only=0 lidar_only=87 yolo_in=3 yolo_match3d=3 yolo_match_det=3 yolo_human=3 fixed_size=0 size_reject=0
[lvdot_detector_main-8] [INFO] [1776998840.132721661] [lvdot_detector_node]: Input health: depth=89 color=88 lidar=88 pose=188 odom=188 yolo=83 depth_pose_sync=0 lidar_pose_sync=0 depth_odom_sync=0 lidar_odom_sync=0
[lvdot_detector_main-8] [INFO] [1776998840.132808465] [lvdot_detector_node]: Stage timers: detection=563 lidar_detection=563 tracking=563 classification=563 vis=0
[lvdot_detector_main-8] [INFO] [1776998840.132818420] [lvdot_detector_node]: Processing phases: detection=idle lidar_detection=idle tracking=idle classification=idle
[lvdot_detector_main-8] [INFO] [1776998840.132825388] [lvdot_detector_node]: Pipeline stats: depth_samples=1025/71300 u_map=2 depth_boxes=0 u_map_merge=0 u_map_db=0 u_map_visual=0 u_map_fused=0 u_map_filtered=0 lidar_samples=3327/136849 uv=0 db=8 lidar=55 fused=55 filtered=55 tracks=47 dynamic=3 dyn_points=0 raw_dyn_points=0 service=30/0 split=55->0 (55 outputs) fusion_components=55 visual_only=0 lidar_only=55 yolo_in=0 yolo_match3d=0 yolo_match_det=0 yolo_human=0 fixed_size=0 size_reject=0
[lvdot_detector_main-8] [INFO] [1776998845.639187667] [lvdot_detector_node]: Input health: depth=91 color=90 lidar=90 pose=190 odom=190 yolo=85 depth_pose_sync=0 lidar_pose_sync=0 depth_odom_sync=0 lidar_odom_sync=0
[lvdot_detector_main-8] [INFO] [1776998845.639274737] [lvdot_detector_node]: Stage timers: detection=565 lidar_detection=565 tracking=565 classification=565 vis=0
[lvdot_detector_main-8] [INFO] [1776998845.639284833] [lvdot_detector_node]: Processing phases: detection=idle lidar_detection=idle tracking=idle classification=idle
[lvdot_detector_main-8] [INFO] [1776998845.639292331] [lvdot_detector_node]: Pipeline stats: depth_samples=1322/71300 u_map=0 depth_boxes=0 u_map_merge=0 u_map_db=0 u_map_visual=0 u_map_fused=0 u_map_filtered=0 lidar_samples=3370/107742 uv=0 db=14 lidar=8 fused=8 filtered=8 tracks=9 dynamic=0 dyn_points=0 raw_dyn_points=0 service=30/0 split=8->0 (8 outputs) fusion_components=8 visual_only=0 lidar_only=8 yolo_in=0 yolo_match3d=0 yolo_match_det=0 yolo_human=0 fixed_size=0 size_reject=0
[lvdot_detector_main-8] [INFO] [1776998850.976477759] [lvdot_detector_node]: Input health: depth=93 color=92 lidar=92 pose=192 odom=192 yolo=87 depth_pose_sync=0 lidar_pose_sync=0 depth_odom_sync=0 lidar_odom_sync=0
[lvdot_detector_main-8] [INFO] [1776998850.976590068] [lvdot_detector_node]: Stage timers: detection=567 lidar_detection=567 tracking=567 classification=567 vis=0
[lvdot_detector_main-8] [INFO] [1776998850.976608201] [lvdot_detector_node]: Processing phases: detection=idle lidar_detection=idle tracking=idle classification=idle
[lvdot_detector_main-8] [INFO] [1776998850.976621426] [lvdot_detector_node]: Pipeline stats: depth_samples=1531/71300 u_map=4 depth_boxes=0 u_map_merge=0 u_map_db=0 u_map_visual=0 u_map_fused=0 u_map_filtered=0 lidar_samples=3122/131088 uv=2 db=14 lidar=14 fused=16 filtered=16 tracks=8 dynamic=0 dyn_points=0 raw_dyn_points=0 service=30/0 split=16->0 (16 outputs) fusion_components=16 visual_only=2 lidar_only=14 yolo_in=3 yolo_match3d=2 yolo_match_det=2 yolo_human=2 fixed_size=0 size_reject=0
[lvdot_detector_main-8] [INFO] [1776998856.688435391] [lvdot_detector_node]: Input health: depth=95 color=94 lidar=94 pose=194 odom=194 yolo=89 depth_pose_sync=0 lidar_pose_sync=0 depth_odom_sync=0 lidar_odom_sync=0
[lvdot_detector_main-8] [INFO] [1776998856.688530487] [lvdot_detector_node]: Stage timers: detection=569 lidar_detection=569 tracking=569 classification=569 vis=0
[lvdot_detector_main-8] [INFO] [1776998856.688540819] [lvdot_detector_node]: Processing phases: detection=idle lidar_detection=idle tracking=idle classification=idle
[lvdot_detector_main-8] [INFO] [1776998856.688553559] [lvdot_detector_node]: Pipeline stats: depth_samples=860/67850 u_map=2 depth_boxes=0 u_map_merge=0 u_map_db=0 u_map_visual=0 u_map_fused=0 u_map_filtered=0 lidar_samples=2986/134611 uv=0 db=7 lidar=16 fused=16 filtered=16 tracks=55 dynamic=2 dyn_points=0 raw_dyn_points=0 service=30/0 split=16->0 (16 outputs) fusion_components=16 visual_only=0 lidar_only=16 yolo_in=2 yolo_match3d=2 yolo_match_det=2 yolo_human=2 fixed_size=0 size_reject=0
[lvdot_detector_main-8] [INFO] [1776998862.867094066] [lvdot_detector_node]: Input health: depth=97 color=96 lidar=96 pose=196 odom=196 yolo=91 depth_pose_sync=0 lidar_pose_sync=0 depth_odom_sync=0 lidar_odom_sync=0
[lvdot_detector_main-8] [INFO] [1776998862.867264694] [lvdot_detector_node]: Stage timers: detection=571 lidar_detection=571 tracking=571 classification=571 vis=0
[lvdot_detector_main-8] [INFO] [1776998862.867285672] [lvdot_detector_node]: Processing phases: detection=idle lidar_detection=idle tracking=idle classification=idle
[lvdot_detector_main-8] [INFO] [1776998862.867299021] [lvdot_detector_node]: Pipeline stats: depth_samples=1322/71300 u_map=0 depth_boxes=0 u_map_merge=0 u_map_db=0 u_map_visual=0 u_map_fused=0 u_map_filtered=0 lidar_samples=3448/134598 uv=0 db=14 lidar=46 fused=46 filtered=46 tracks=15 dynamic=2 dyn_points=0 raw_dyn_points=0 service=30/0 split=46->0 (46 outputs) fusion_components=46 visual_only=0 lidar_only=46 yolo_in=0 yolo_match3d=0 yolo_match_det=0 yolo_human=0 fixed_size=0 size_reject=0
[lvdot_detector_main-8] [INFO] [1776998868.635513506] [lvdot_detector_node]: Input health: depth=99 color=98 lidar=98 pose=198 odom=198 yolo=93 depth_pose_sync=0 lidar_pose_sync=0 depth_odom_sync=0 lidar_odom_sync=0
[lvdot_detector_main-8] [INFO] [1776998868.635576978] [lvdot_detector_node]: Stage timers: detection=573 lidar_detection=573 tracking=573 classification=573 vis=0
[lvdot_detector_main-8] [INFO] [1776998868.635587969] [lvdot_detector_node]: Processing phases: detection=idle lidar_detection=idle tracking=idle classification=idle
[lvdot_detector_main-8] [INFO] [1776998868.635597277] [lvdot_detector_node]: Pipeline stats: depth_samples=1502/71300 u_map=3 depth_boxes=0 u_map_merge=0 u_map_db=0 u_map_visual=0 u_map_fused=0 u_map_filtered=0 lidar_samples=3379/122428 uv=2 db=10 lidar=19 fused=21 filtered=22 tracks=18 dynamic=0 dyn_points=0 raw_dyn_points=0 service=30/0 split=21->1 (22 outputs) fusion_components=21 visual_only=2 lidar_only=19 yolo_in=4 yolo_match3d=2 yolo_match_det=3 yolo_human=3 fixed_size=0 size_reject=0
[lvdot_detector_main-8] [INFO] [1776998874.682622967] [lvdot_detector_node]: Input health: depth=101 color=100 lidar=100 pose=200 odom=200 yolo=95 depth_pose_sync=0 lidar_pose_sync=0 depth_odom_sync=0 lidar_odom_sync=0
[lvdot_detector_main-8] [INFO] [1776998874.682695913] [lvdot_detector_node]: Stage timers: detection=575 lidar_detection=575 tracking=575 classification=575 vis=0
[lvdot_detector_main-8] [INFO] [1776998874.682710482] [lvdot_detector_node]: Processing phases: detection=idle lidar_detection=idle tracking=idle classification=idle
[lvdot_detector_main-8] [INFO] [1776998874.682721958] [lvdot_detector_node]: Pipeline stats: depth_samples=1183/71300 u_map=1 depth_boxes=0 u_map_merge=0 u_map_db=0 u_map_visual=0 u_map_fused=0 u_map_filtered=0 lidar_samples=3239/151075 uv=0 db=13 lidar=75 fused=75 filtered=75 tracks=19 dynamic=3 dyn_points=0 raw_dyn_points=0 service=30/0 split=75->0 (75 outputs) fusion_components=75 visual_only=0 lidar_only=75 yolo_in=3 yolo_match3d=3 yolo_match_det=3 yolo_human=3 fixed_size=0 size_reject=0
[lvdot_detector_main-8] [INFO] [1776998880.667488650] [lvdot_detector_node]: Input health: depth=103 color=102 lidar=102 pose=202 odom=202 yolo=97 depth_pose_sync=0 lidar_pose_sync=0 depth_odom_sync=0 lidar_odom_sync=0
[lvdot_detector_main-8] [INFO] [1776998880.667600407] [lvdot_detector_node]: Stage timers: detection=577 lidar_detection=577 tracking=577 classification=577 vis=0
[lvdot_detector_main-8] [INFO] [1776998880.667615629] [lvdot_detector_node]: Processing phases: detection=idle lidar_detection=idle tracking=idle classification=idle
[lvdot_detector_main-8] [INFO] [1776998880.667627145] [lvdot_detector_node]: Pipeline stats: depth_samples=1322/71300 u_map=0 depth_boxes=0 u_map_merge=0 u_map_db=0 u_map_visual=0 u_map_fused=0 u_map_filtered=0 lidar_samples=3378/107962 uv=0 db=14 lidar=5 fused=5 filtered=5 tracks=64 dynamic=3 dyn_points=0 raw_dyn_points=0 service=30/0 split=5->0 (5 outputs) fusion_components=5 visual_only=0 lidar_only=5 yolo_in=0 yolo_match3d=0 yolo_match_det=0 yolo_human=0 fixed_size=0 size_reject=0
[lvdot_detector_main-8] [INFO] [1776998886.530770885] [lvdot_detector_node]: Input health: depth=105 color=104 lidar=104 pose=204 odom=204 yolo=99 depth_pose_sync=0 lidar_pose_sync=0 depth_odom_sync=0 lidar_odom_sync=0
[lvdot_detector_main-8] [INFO] [1776998886.530876797] [lvdot_detector_node]: Stage timers: detection=579 lidar_detection=579 tracking=579 classification=579 vis=0
[lvdot_detector_main-8] [INFO] [1776998886.530893446] [lvdot_detector_node]: Processing phases: detection=idle lidar_detection=idle tracking=idle classification=idle
[lvdot_detector_main-8] [INFO] [1776998886.530904579] [lvdot_detector_node]: Pipeline stats: depth_samples=1511/71300 u_map=3 depth_boxes=0 u_map_merge=0 u_map_db=0 u_map_visual=0 u_map_fused=0 u_map_filtered=0 lidar_samples=3361/120360 uv=1 db=11 lidar=13 fused=14 filtered=15 tracks=19 dynamic=0 dyn_points=0 raw_dyn_points=0 service=30/0 split=14->1 (15 outputs) fusion_components=14 visual_only=1 lidar_only=13 yolo_in=4 yolo_match3d=3 yolo_match_det=4 yolo_human=4 fixed_size=0 size_reject=0
[lvdot_detector_main-8] [INFO] [1776998892.605875905] [lvdot_detector_node]: Input health: depth=107 color=106 lidar=106 pose=206 odom=206 yolo=101 depth_pose_sync=0 lidar_pose_sync=0 depth_odom_sync=0 lidar_odom_sync=0
[lvdot_detector_main-8] [INFO] [1776998892.605969759] [lvdot_detector_node]: Stage timers: detection=581 lidar_detection=581 tracking=581 classification=581 vis=0
[lvdot_detector_main-8] [INFO] [1776998892.605980499] [lvdot_detector_node]: Processing phases: detection=idle lidar_detection=idle tracking=idle classification=idle
[lvdot_detector_main-8] [INFO] [1776998892.605987626] [lvdot_detector_node]: Pipeline stats: depth_samples=1179/71300 u_map=1 depth_boxes=0 u_map_merge=0 u_map_db=0 u_map_visual=0 u_map_fused=0 u_map_filtered=0 lidar_samples=3069/178559 uv=0 db=10 lidar=1 fused=1 filtered=1 tracks=24 dynamic=4 dyn_points=0 raw_dyn_points=0 service=30/0 split=1->0 (1 outputs) fusion_components=1 visual_only=0 lidar_only=1 yolo_in=0 yolo_match3d=0 yolo_match_det=0 yolo_human=0 fixed_size=0 size_reject=0
[lvdot_detector_main-8] [INFO] [1776998895.602321149] [lvdot_detector_node]: get_dynamic_obstacles responded with 0 obstacles from 0 tracked dynamic boxes.
[lvdot_detector_main-8] [INFO] [1776998898.555193771] [lvdot_detector_node]: Input health: depth=109 color=108 lidar=108 pose=208 odom=208 yolo=103 depth_pose_sync=0 lidar_pose_sync=0 depth_odom_sync=0 lidar_odom_sync=0
[lvdot_detector_main-8] [INFO] [1776998898.555413868] [lvdot_detector_node]: Stage timers: detection=583 lidar_detection=583 tracking=583 classification=583 vis=0
[lvdot_detector_main-8] [INFO] [1776998898.555447405] [lvdot_detector_node]: Processing phases: detection=idle lidar_detection=idle tracking=idle classification=idle
[lvdot_detector_main-8] [INFO] [1776998898.555462366] [lvdot_detector_node]: Pipeline stats: depth_samples=1322/71300 u_map=0 depth_boxes=0 u_map_merge=0 u_map_db=0 u_map_visual=0 u_map_fused=0 u_map_filtered=0 lidar_samples=3364/107966 uv=0 db=14 lidar=5 fused=5 filtered=5 tracks=57 dynamic=0 dyn_points=0 raw_dyn_points=0 service=31/0 split=5->0 (5 outputs) fusion_components=5 visual_only=0 lidar_only=5 yolo_in=0 yolo_match3d=0 yolo_match_det=0 yolo_human=0 fixed_size=0 size_reject=0
[lvdot_detector_main-8] [INFO] [1776998903.916971239] [lvdot_detector_node]: Input health: depth=111 color=110 lidar=110 pose=210 odom=210 yolo=105 depth_pose_sync=0 lidar_pose_sync=0 depth_odom_sync=0 lidar_odom_sync=0
[lvdot_detector_main-8] [INFO] [1776998903.917054934] [lvdot_detector_node]: Stage timers: detection=585 lidar_detection=585 tracking=585 classification=585 vis=0
[lvdot_detector_main-8] [INFO] [1776998903.917064985] [lvdot_detector_node]: Processing phases: detection=idle lidar_detection=idle tracking=idle classification=idle
[lvdot_detector_main-8] [INFO] [1776998903.917072151] [lvdot_detector_node]: Pipeline stats: depth_samples=1548/71300 u_map=5 depth_boxes=0 u_map_merge=0 u_map_db=0 u_map_visual=0 u_map_fused=0 u_map_filtered=0 lidar_samples=2997/137224 uv=2 db=11 lidar=10 fused=12 filtered=13 tracks=8 dynamic=0 dyn_points=0 raw_dyn_points=0 service=31/0 split=12->1 (13 outputs) fusion_components=12 visual_only=2 lidar_only=10 yolo_in=5 yolo_match3d=4 yolo_match_det=5 yolo_human=5 fixed_size=0 size_reject=0
[lvdot_detector_main-8] [INFO] [1776998909.729380939] [lvdot_detector_node]: Input health: depth=113 color=112 lidar=112 pose=212 odom=212 yolo=107 depth_pose_sync=0 lidar_pose_sync=0 depth_odom_sync=0 lidar_odom_sync=0
[lvdot_detector_main-8] [INFO] [1776998909.729553071] [lvdot_detector_node]: Stage timers: detection=587 lidar_detection=587 tracking=587 classification=587 vis=0
[lvdot_detector_main-8] [INFO] [1776998909.729572074] [lvdot_detector_node]: Processing phases: detection=idle lidar_detection=idle tracking=idle classification=idle
[lvdot_detector_main-8] [INFO] [1776998909.729580076] [lvdot_detector_node]: Pipeline stats: depth_samples=1151/69230 u_map=2 depth_boxes=0 u_map_merge=0 u_map_db=0 u_map_visual=0 u_map_fused=0 u_map_filtered=0 lidar_samples=3045/130001 uv=1 db=12 lidar=16 fused=17 filtered=18 tracks=16 dynamic=3 dyn_points=0 raw_dyn_points=0 service=31/0 split=17->1 (18 outputs) fusion_components=17 visual_only=1 lidar_only=16 yolo_in=2 yolo_match3d=1 yolo_match_det=2 yolo_human=2 fixed_size=0 size_reject=2
[lvdot_detector_main-8] [INFO] [1776998916.085265248] [lvdot_detector_node]: Input health: depth=115 color=114 lidar=114 pose=214 odom=214 yolo=109 depth_pose_sync=0 lidar_pose_sync=0 depth_odom_sync=0 lidar_odom_sync=0
[lvdot_detector_main-8] [INFO] [1776998916.085364420] [lvdot_detector_node]: Stage timers: detection=589 lidar_detection=589 tracking=589 classification=589 vis=0
[lvdot_detector_main-8] [INFO] [1776998916.085374448] [lvdot_detector_node]: Processing phases: detection=idle lidar_detection=idle tracking=idle classification=idle
[lvdot_detector_main-8] [INFO] [1776998916.085381667] [lvdot_detector_node]: Pipeline stats: depth_samples=1207/71300 u_map=1 depth_boxes=0 u_map_merge=0 u_map_db=0 u_map_visual=0 u_map_fused=0 u_map_filtered=0 lidar_samples=3457/153996 uv=1 db=13 lidar=25 fused=25 filtered=25 tracks=10 dynamic=2 dyn_points=0 raw_dyn_points=0 service=31/0 split=25->0 (25 outputs) fusion_components=25 visual_only=0 lidar_only=24 yolo_in=1 yolo_match3d=1 yolo_match_det=1 yolo_human=1 fixed_size=0 size_reject=0
