[INFO] [launch]: All log files can be found below /home/skbt2/.ros/log/2026-04-28-09-32-35-593066-DESKTOP-90MQDL6-54718
[INFO] [launch]: Default logging verbosity is set to INFO
[INFO] [gazebo-1]: process started with pid [54780]
[INFO] [parameter_bridge-2]: process started with pid [54781]
[INFO] [pedestrian_state_publisher-3]: process started with pid [54782]
[INFO] [uav_trajectory_controller-4]: process started with pid [54783]
[INFO] [image_pointcloud_relay-5]: process started with pid [54784]
[INFO] [image_pointcloud_relay-6]: process started with pid [54785]
[INFO] [lvdot_yolo_node-7]: process started with pid [54786]
[INFO] [lvdot_detector_main-8]: process started with pid [54787]
[parameter_bridge-2] [INFO] [1777339956.134286662] [ros_gz_bridge]: Creating GZ->ROS Bridge: [/rgbd_camera/image (gz.msgs.Image) -> /rgbd_camera/image (sensor_msgs/msg/Image)] (Lazy 0)
[parameter_bridge-2] [INFO] [1777339956.242296031] [ros_gz_bridge]: Creating GZ->ROS Bridge: [/rgbd_camera/camera_info (gz.msgs.CameraInfo) -> /rgbd_camera/camera_info (sensor_msgs/msg/CameraInfo)] (Lazy 0)
[parameter_bridge-2] [INFO] [1777339956.250166727] [ros_gz_bridge]: Creating GZ->ROS Bridge: [/rgbd_camera/depth_image (gz.msgs.Image) -> /rgbd_camera/depth_image (sensor_msgs/msg/Image)] (Lazy 0)
[parameter_bridge-2] [INFO] [1777339956.255214238] [ros_gz_bridge]: Creating GZ->ROS Bridge: [/rgbd_camera/points (gz.msgs.PointCloudPacked) -> /rgbd_camera/points (sensor_msgs/msg/PointCloud2)] (Lazy 0)
[parameter_bridge-2] [INFO] [1777339956.263616183] [ros_gz_bridge]: Creating GZ->ROS Bridge: [/camera/imu (gz.msgs.IMU) -> /camera/imu (sensor_msgs/msg/Imu)] (Lazy 0)
[parameter_bridge-2] [INFO] [1777339956.271349568] [ros_gz_bridge]: Creating ROS->GZ service bridge [/world/pedestrian_prototype/set_pose (ros_gz_interfaces/srv/SetEntityPose -> /)]
[parameter_bridge-2] [INFO] [1777339956.283374008] [ros_gz_bridge]: Creating ROS->GZ service bridge [/world/pedestrian_prototype/set_pose/blocking (ros_gz_interfaces/srv/SetEntityPose -> /)]
[parameter_bridge-2] [WARN] [1777339956.647386075] [ros_gz_bridge.rclcpp]: failed to send response to /world/pedestrian_prototype/set_pose (timeout): client will not receive response, at ./src/rmw_response.cpp:153, at ./src/rcl/service.c:400
[lvdot_detector_main-8] [INFO] [1777339956.714546552] [lvdot_detector_node]: Config loaded: localization_mode=0 dt=0.033 image=640x480 depth_range=[0.50, 5.00] stage_timers=true vis_stage=false executor_threads=1
[parameter_bridge-2] [WARN] [1777339956.747582218] [ros_gz_bridge.rclcpp]: failed to send response to /world/pedestrian_prototype/set_pose (timeout): client will not receive response, at ./src/rmw_response.cpp:153, at ./src/rcl/service.c:400
[parameter_bridge-2] [WARN] [1777339956.847941324] [ros_gz_bridge.rclcpp]: failed to send response to /world/pedestrian_prototype/set_pose (timeout): client will not receive response, at ./src/rmw_response.cpp:153, at ./src/rcl/service.c:400
[parameter_bridge-2] [WARN] [1777339956.977683774] [ros_gz_bridge.rclcpp]: failed to send response to /world/pedestrian_prototype/set_pose (timeout): client will not receive response, at ./src/rmw_response.cpp:153, at ./src/rcl/service.c:400
[parameter_bridge-2] [WARN] [1777339957.189503802] [ros_gz_bridge.rclcpp]: failed to send response to /world/pedestrian_prototype/set_pose (timeout): client will not receive response, at ./src/rmw_response.cpp:153, at ./src/rcl/service.c:400
[lvdot_detector_main-8] [INFO] [1777339957.238208150] [lvdot_detector_node]: LV-DOT ROS2 skeleton started. depth=/camera/depth/image_rect_raw color=/camera/color/image_raw lidar=/pointcloud pose=/mavros/local_position/pose odom=/mavros/local_position/odom yolo=/yolo_detector/detected_bounding_boxes
[lvdot_detector_main-8] [INFO] [1777339957.238272155] [lvdot_detector_node]: Starting executor with executor_threads=1
[lvdot_detector_main-8] [WARN] [1777339957.238400961] [rclcpp]: MultiThreadedExecutor is used with a single thread.
[lvdot_detector_main-8] Use the SingleThreadedExecutor instead.
[uav_trajectory_controller-4] [WARN] [1777339958.197283320] [uav_trajectory_controller]: SetEntityPose service /world/pedestrian_prototype/set_pose/blocking is unavailable; UAV state publication is paused until Gazebo pose control is reachable.
[gazebo-1] [INFO] [1777339958.370274335] [pedestrian_pose_sync_system]: Configured pedestrian pose sync plugin on topic [/pedestrian_sim/agent_states] for 8 models.
[uav_trajectory_controller-4] [WARN] [1777339959.138946515] [uav_trajectory_controller]: SetEntityPose request timed out after 0.63s on /world/pedestrian_prototype/set_pose/blocking; dropping the pending request and retrying.
[uav_trajectory_controller-4] [WARN] [1777339959.139909166] [uav_trajectory_controller]: Falling back from /world/pedestrian_prototype/set_pose/blocking to /world/pedestrian_prototype/set_pose.
[uav_trajectory_controller-4] [WARN] [1777339959.758707397] [uav_trajectory_controller]: SetEntityPose request timed out after 0.50s on /world/pedestrian_prototype/set_pose; dropping the pending request and retrying.
[uav_trajectory_controller-4] [WARN] [1777339960.633886034] [uav_trajectory_controller]: SetEntityPose request timed out after 0.50s on /world/pedestrian_prototype/set_pose; dropping the pending request and retrying.
[lvdot_detector_main-8] [INFO] [1777339961.013782878] [lvdot_detector_node]: Input health: depth=2 color=4 lidar=0 pose=1 odom=1 yolo=0 depth_pose_sync=0 lidar_pose_sync=0 depth_odom_sync=0 lidar_odom_sync=0
[lvdot_detector_main-8] [INFO] [1777339961.014020906] [lvdot_detector_node]: Stage timers: detection=40 lidar_detection=40 tracking=40 classification=40 vis=0
[lvdot_detector_main-8] [INFO] [1777339961.014045721] [lvdot_detector_node]: Processing phases: detection=idle lidar_detection=waiting_new_lidar tracking=idle classification=waiting_new_tracking_update
[lvdot_detector_main-8] [INFO] [1777339961.014057533] [lvdot_detector_node]: Pipeline stats: depth_samples=1377/71300 u_map=1 depth_boxes=0 u_map_merge=0 u_map_db=0 u_map_visual=0 u_map_fused=0 u_map_filtered=0 lidar_samples=0/0 uv=1 db=10 lidar=0 fused=1 filtered=1 tracks=1 dynamic=0 dyn_points=0 raw_dyn_points=0 service=0/0 split=1->0 (1 outputs) fusion_components=1 visual_only=1 lidar_only=0 yolo_in=0 yolo_match3d=0 yolo_match_det=0 yolo_human=0 fixed_size=0 size_reject=0
[uav_trajectory_controller-4] [WARN] [1777339961.382140748] [uav_trajectory_controller]: SetEntityPose request timed out after 0.61s on /world/pedestrian_prototype/set_pose; dropping the pending request and retrying.
[uav_trajectory_controller-4] [WARN] [1777339962.131803580] [uav_trajectory_controller]: SetEntityPose request timed out after 0.62s on /world/pedestrian_prototype/set_pose; dropping the pending request and retrying.
[lvdot_detector_main-8] [INFO] [1777339967.119434951] [lvdot_detector_node]: Input health: depth=6 color=9 lidar=0 pose=3 odom=3 yolo=3 depth_pose_sync=0 lidar_pose_sync=0 depth_odom_sync=0 lidar_odom_sync=0
[lvdot_detector_main-8] [INFO] [1777339967.119512664] [lvdot_detector_node]: Stage timers: detection=45 lidar_detection=45 tracking=45 classification=45 vis=0
[lvdot_detector_main-8] [INFO] [1777339967.119526558] [lvdot_detector_node]: Processing phases: detection=idle lidar_detection=waiting_new_lidar tracking=idle classification=idle
[lvdot_detector_main-8] [INFO] [1777339967.119541545] [lvdot_detector_node]: Pipeline stats: depth_samples=1350/71300 u_map=3 depth_boxes=0 u_map_merge=0 u_map_db=0 u_map_visual=0 u_map_fused=0 u_map_filtered=0 lidar_samples=0/0 uv=2 db=10 lidar=0 fused=2 filtered=2 tracks=2 dynamic=0 dyn_points=0 raw_dyn_points=0 service=0/0 split=2->1 (2 outputs) fusion_components=2 visual_only=2 lidar_only=0 yolo_in=4 yolo_match3d=1 yolo_match_det=2 yolo_human=1 fixed_size=0 size_reject=0
[lvdot_detector_main-8] [INFO] [1777339977.950229391] [lvdot_detector_node]: Input health: depth=11 color=14 lidar=1 pose=8 odom=8 yolo=6 depth_pose_sync=0 lidar_pose_sync=0 depth_odom_sync=0 lidar_odom_sync=0
[lvdot_detector_main-8] [INFO] [1777339977.951660106] [lvdot_detector_node]: Stage timers: detection=50 lidar_detection=50 tracking=50 classification=50 vis=0
[lvdot_detector_main-8] [INFO] [1777339977.952331869] [lvdot_detector_node]: Processing phases: detection=idle lidar_detection=idle tracking=idle classification=idle
[lvdot_detector_main-8] [INFO] [1777339977.952352284] [lvdot_detector_node]: Pipeline stats: depth_samples=1464/71300 u_map=1 depth_boxes=0 u_map_merge=0 u_map_db=0 u_map_visual=0 u_map_fused=0 u_map_filtered=0 lidar_samples=3193/127339 uv=1 db=10 lidar=20 fused=21 filtered=21 tracks=1 dynamic=1 dyn_points=0 raw_dyn_points=0 service=0/0 split=21->0 (21 outputs) fusion_components=21 visual_only=1 lidar_only=20 yolo_in=0 yolo_match3d=0 yolo_match_det=0 yolo_human=0 fixed_size=0 size_reject=0
[lvdot_detector_main-8] [INFO] [1777339983.010378190] [lvdot_detector_node]: Input health: depth=15 color=18 lidar=1 pose=12 odom=12 yolo=9 depth_pose_sync=0 lidar_pose_sync=0 depth_odom_sync=0 lidar_odom_sync=0
[lvdot_detector_main-8] [INFO] [1777339983.012260809] [lvdot_detector_node]: Stage timers: detection=54 lidar_detection=54 tracking=54 classification=54 vis=0
[lvdot_detector_main-8] [INFO] [1777339983.012282153] [lvdot_detector_node]: Processing phases: detection=idle lidar_detection=waiting_new_lidar tracking=idle classification=idle
[lvdot_detector_main-8] [INFO] [1777339983.012294121] [lvdot_detector_node]: Pipeline stats: depth_samples=1419/71300 u_map=3 depth_boxes=0 u_map_merge=0 u_map_db=0 u_map_visual=0 u_map_fused=0 u_map_filtered=0 lidar_samples=3193/127339 uv=2 db=12 lidar=20 fused=21 filtered=21 tracks=20 dynamic=1 dyn_points=0 raw_dyn_points=0 service=0/0 split=21->0 (21 outputs) fusion_components=21 visual_only=1 lidar_only=19 yolo_in=3 yolo_match3d=0 yolo_match_det=0 yolo_human=0 fixed_size=0 size_reject=0
[lvdot_detector_main-8] [INFO] [1777339989.772167564] [lvdot_detector_node]: Input health: depth=20 color=23 lidar=1 pose=17 odom=17 yolo=14 depth_pose_sync=0 lidar_pose_sync=0 depth_odom_sync=0 lidar_odom_sync=0
[lvdot_detector_main-8] [INFO] [1777339989.772317665] [lvdot_detector_node]: Stage timers: detection=59 lidar_detection=59 tracking=59 classification=59 vis=0
[lvdot_detector_main-8] [INFO] [1777339989.772337606] [lvdot_detector_node]: Processing phases: detection=idle lidar_detection=waiting_new_lidar tracking=idle classification=idle
[lvdot_detector_main-8] [INFO] [1777339989.772357448] [lvdot_detector_node]: Pipeline stats: depth_samples=1576/71300 u_map=2 depth_boxes=0 u_map_merge=0 u_map_db=0 u_map_visual=0 u_map_fused=0 u_map_filtered=0 lidar_samples=3193/127339 uv=1 db=13 lidar=20 fused=21 filtered=21 tracks=21 dynamic=1 dyn_points=0 raw_dyn_points=0 service=0/0 split=21->0 (21 outputs) fusion_components=21 visual_only=1 lidar_only=20 yolo_in=0 yolo_match3d=0 yolo_match_det=0 yolo_human=0 fixed_size=0 size_reject=0
[uav_trajectory_controller-4] [WARN] [1777339991.257697837] [uav_trajectory_controller]: SetEntityPose request timed out after 0.62s on /world/pedestrian_prototype/set_pose; dropping the pending request and retrying.
[lvdot_detector_main-8] [INFO] [1777339999.284184616] [lvdot_detector_node]: Input health: depth=24 color=27 lidar=2 pose=21 odom=21 yolo=18 depth_pose_sync=0 lidar_pose_sync=0 depth_odom_sync=0 lidar_odom_sync=0
[lvdot_detector_main-8] [INFO] [1777339999.290580658] [lvdot_detector_node]: Stage timers: detection=63 lidar_detection=63 tracking=63 classification=63 vis=0
[lvdot_detector_main-8] [INFO] [1777339999.290597225] [lvdot_detector_node]: Processing phases: detection=idle lidar_detection=idle tracking=idle classification=idle
[lvdot_detector_main-8] [INFO] [1777339999.290607046] [lvdot_detector_node]: Pipeline stats: depth_samples=1316/71300 u_map=0 depth_boxes=0 u_map_merge=0 u_map_db=0 u_map_visual=0 u_map_fused=0 u_map_filtered=0 lidar_samples=3050/128220 uv=0 db=9 lidar=16 fused=16 filtered=16 tracks=21 dynamic=2 dyn_points=0 raw_dyn_points=0 service=0/0 split=16->1 (16 outputs) fusion_components=16 visual_only=0 lidar_only=16 yolo_in=3 yolo_match3d=2 yolo_match_det=3 yolo_human=1 fixed_size=20 size_reject=0
[lvdot_detector_main-8] [INFO] [1777340010.751308408] [lvdot_detector_node]: Input health: depth=29 color=32 lidar=3 pose=26 odom=26 yolo=23 depth_pose_sync=0 lidar_pose_sync=0 depth_odom_sync=0 lidar_odom_sync=0
[lvdot_detector_main-8] [INFO] [1777340010.756653958] [lvdot_detector_node]: Stage timers: detection=68 lidar_detection=68 tracking=68 classification=68 vis=0
[lvdot_detector_main-8] [INFO] [1777340010.756683390] [lvdot_detector_node]: Processing phases: detection=idle lidar_detection=idle tracking=idle classification=idle
[lvdot_detector_main-8] [INFO] [1777340010.756698055] [lvdot_detector_node]: Pipeline stats: depth_samples=1368/71300 u_map=3 depth_boxes=0 u_map_merge=0 u_map_db=0 u_map_visual=0 u_map_fused=0 u_map_filtered=0 lidar_samples=3235/126164 uv=2 db=10 lidar=15 fused=17 filtered=17 tracks=17 dynamic=1 dyn_points=0 raw_dyn_points=0 service=0/0 split=17->0 (17 outputs) fusion_components=17 visual_only=2 lidar_only=15 yolo_in=2 yolo_match3d=2 yolo_match_det=2 yolo_human=2 fixed_size=0 size_reject=0
[lvdot_detector_main-8] [WARN] [1777340012.515702959] [lvdot_detector_node.rclcpp]: failed to send response to /lvdot_detector_node/get_parameters (timeout): client will not receive response, at ./src/rmw_response.cpp:153, at ./src/rcl/service.c:400
[lvdot_detector_main-8] [INFO] [1777340016.990415326] [lvdot_detector_node]: Input health: depth=33 color=36 lidar=3 pose=30 odom=30 yolo=27 depth_pose_sync=0 lidar_pose_sync=0 depth_odom_sync=0 lidar_odom_sync=0
[lvdot_detector_main-8] [INFO] [1777340016.990535750] [lvdot_detector_node]: Stage timers: detection=72 lidar_detection=72 tracking=72 classification=72 vis=0
[lvdot_detector_main-8] [INFO] [1777340016.990552896] [lvdot_detector_node]: Processing phases: detection=idle lidar_detection=waiting_new_lidar tracking=idle classification=idle
[lvdot_detector_main-8] [INFO] [1777340016.990562366] [lvdot_detector_node]: Pipeline stats: depth_samples=1464/71300 u_map=3 depth_boxes=0 u_map_merge=0 u_map_db=0 u_map_visual=0 u_map_fused=0 u_map_filtered=0 lidar_samples=3235/126164 uv=2 db=10 lidar=15 fused=17 filtered=17 tracks=15 dynamic=1 dyn_points=0 raw_dyn_points=0 service=0/0 split=17->0 (17 outputs) fusion_components=17 visual_only=2 lidar_only=15 yolo_in=3 yolo_match3d=3 yolo_match_det=3 yolo_human=3 fixed_size=0 size_reject=0
[lvdot_detector_main-8] [INFO] [1777340022.597841208] [lvdot_detector_node]: Input health: depth=37 color=40 lidar=3 pose=34 odom=34 yolo=31 depth_pose_sync=0 lidar_pose_sync=0 depth_odom_sync=0 lidar_odom_sync=0
[lvdot_detector_main-8] [INFO] [1777340022.602198335] [lvdot_detector_node]: Stage timers: detection=76 lidar_detection=76 tracking=76 classification=76 vis=0
[lvdot_detector_main-8] [INFO] [1777340022.608243819] [lvdot_detector_node]: Processing phases: detection=idle lidar_detection=waiting_new_lidar tracking=idle classification=idle
[lvdot_detector_main-8] [INFO] [1777340022.608292890] [lvdot_detector_node]: Pipeline stats: depth_samples=1385/71300 u_map=1 depth_boxes=0 u_map_merge=0 u_map_db=0 u_map_visual=0 u_map_fused=0 u_map_filtered=0 lidar_samples=3235/126164 uv=0 db=11 lidar=15 fused=15 filtered=15 tracks=16 dynamic=1 dyn_points=0 raw_dyn_points=0 service=0/0 split=15->0 (15 outputs) fusion_components=15 visual_only=0 lidar_only=15 yolo_in=0 yolo_match3d=0 yolo_match_det=0 yolo_human=0 fixed_size=0 size_reject=1
[lvdot_detector_main-8] [INFO] [1777340025.860902602] [lvdot_detector_node]: get_dynamic_obstacles responded with 1 obstacles from 1 tracked dynamic boxes.
[lvdot_detector_main-8] [INFO] [1777340028.284815632] [lvdot_detector_node]: Input health: depth=41 color=44 lidar=3 pose=38 odom=38 yolo=35 depth_pose_sync=0 lidar_pose_sync=0 depth_odom_sync=0 lidar_odom_sync=0
[lvdot_detector_main-8] [INFO] [1777340028.286223553] [lvdot_detector_node]: Stage timers: detection=80 lidar_detection=80 tracking=80 classification=80 vis=0
[lvdot_detector_main-8] [INFO] [1777340028.286252614] [lvdot_detector_node]: Processing phases: detection=idle lidar_detection=waiting_new_lidar tracking=idle classification=idle
[lvdot_detector_main-8] [INFO] [1777340028.286268087] [lvdot_detector_node]: Pipeline stats: depth_samples=83/71300 u_map=0 depth_boxes=0 u_map_merge=0 u_map_db=0 u_map_visual=0 u_map_fused=0 u_map_filtered=0 lidar_samples=3235/126164 uv=0 db=1 lidar=15 fused=15 filtered=15 tracks=15 dynamic=1 dyn_points=0 raw_dyn_points=0 service=1/1 split=15->0 (15 outputs) fusion_components=15 visual_only=0 lidar_only=15 yolo_in=4 yolo_match3d=0 yolo_match_det=0 yolo_human=0 fixed_size=15 size_reject=0
[lvdot_detector_main-8] [INFO] [1777340035.159114356] [lvdot_detector_node]: Input health: depth=45 color=48 lidar=3 pose=42 odom=42 yolo=39 depth_pose_sync=0 lidar_pose_sync=0 depth_odom_sync=0 lidar_odom_sync=0
[lvdot_detector_main-8] [INFO] [1777340035.159194439] [lvdot_detector_node]: Stage timers: detection=84 lidar_detection=84 tracking=84 classification=84 vis=0
[lvdot_detector_main-8] [INFO] [1777340035.159205923] [lvdot_detector_node]: Processing phases: detection=idle lidar_detection=waiting_new_lidar tracking=idle classification=idle
[lvdot_detector_main-8] [INFO] [1777340035.159215664] [lvdot_detector_node]: Pipeline stats: depth_samples=1444/71300 u_map=2 depth_boxes=0 u_map_merge=0 u_map_db=0 u_map_visual=0 u_map_fused=0 u_map_filtered=0 lidar_samples=3235/126164 uv=2 db=10 lidar=15 fused=17 filtered=17 tracks=15 dynamic=1 dyn_points=0 raw_dyn_points=0 service=1/1 split=17->0 (17 outputs) fusion_components=17 visual_only=2 lidar_only=15 yolo_in=3 yolo_match3d=3 yolo_match_det=3 yolo_human=3 fixed_size=15 size_reject=0
[lvdot_detector_main-8] [INFO] [1777340038.120563066] [lvdot_detector_node]: get_dynamic_obstacles responded with 3 obstacles from 3 tracked dynamic boxes.
[lvdot_detector_main-8] [WARN] [1777340038.222241611] [lvdot_detector_node.rclcpp]: failed to send response to /onboard_detector/get_dynamic_obstacles (timeout): client will not receive response, at ./src/rmw_response.cpp:153, at ./src/rcl/service.c:400
[lvdot_detector_main-8] [INFO] [1777340041.192089040] [lvdot_detector_node]: Input health: depth=49 color=52 lidar=3 pose=46 odom=46 yolo=43 depth_pose_sync=0 lidar_pose_sync=0 depth_odom_sync=0 lidar_odom_sync=0
[lvdot_detector_main-8] [INFO] [1777340041.194711615] [lvdot_detector_node]: Stage timers: detection=88 lidar_detection=88 tracking=88 classification=88 vis=0
[lvdot_detector_main-8] [INFO] [1777340041.194736274] [lvdot_detector_node]: Processing phases: detection=idle lidar_detection=waiting_new_lidar tracking=idle classification=idle
[lvdot_detector_main-8] [INFO] [1777340041.194746338] [lvdot_detector_node]: Pipeline stats: depth_samples=1288/71300 u_map=3 depth_boxes=0 u_map_merge=0 u_map_db=0 u_map_visual=0 u_map_fused=0 u_map_filtered=0 lidar_samples=3235/126164 uv=2 db=9 lidar=15 fused=17 filtered=17 tracks=16 dynamic=1 dyn_points=0 raw_dyn_points=0 service=2/3 split=17->0 (17 outputs) fusion_components=17 visual_only=2 lidar_only=15 yolo_in=2 yolo_match3d=2 yolo_match_det=2 yolo_human=2 fixed_size=15 size_reject=1
[lvdot_detector_main-8] [INFO] [1777340047.535757369] [lvdot_detector_node]: Input health: depth=53 color=56 lidar=3 pose=50 odom=50 yolo=47 depth_pose_sync=0 lidar_pose_sync=0 depth_odom_sync=0 lidar_odom_sync=0
[lvdot_detector_main-8] [INFO] [1777340047.535838886] [lvdot_detector_node]: Stage timers: detection=92 lidar_detection=92 tracking=92 classification=92 vis=0
[lvdot_detector_main-8] [INFO] [1777340047.535854151] [lvdot_detector_node]: Processing phases: detection=idle lidar_detection=waiting_new_lidar tracking=idle classification=idle
[lvdot_detector_main-8] [INFO] [1777340047.535869916] [lvdot_detector_node]: Pipeline stats: depth_samples=1361/71300 u_map=2 depth_boxes=0 u_map_merge=0 u_map_db=0 u_map_visual=0 u_map_fused=0 u_map_filtered=0 lidar_samples=3235/126164 uv=1 db=10 lidar=15 fused=16 filtered=16 tracks=15 dynamic=2 dyn_points=0 raw_dyn_points=0 service=2/3 split=16->0 (16 outputs) fusion_components=16 visual_only=1 lidar_only=15 yolo_in=2 yolo_match3d=0 yolo_match_det=0 yolo_human=0 fixed_size=15 size_reject=0
[lvdot_detector_main-8] [INFO] [1777340047.536680995] [lvdot_detector_node]: get_dynamic_obstacles responded with 2 obstacles from 2 tracked dynamic boxes.
[lvdot_detector_main-8] [WARN] [1777340047.641186802] [lvdot_detector_node.rclcpp]: failed to send response to /onboard_detector/get_dynamic_obstacles (timeout): client will not receive response, at ./src/rmw_response.cpp:153, at ./src/rcl/service.c:400
[lvdot_detector_main-8] [INFO] [1777340052.576134883] [lvdot_detector_node]: Input health: depth=56 color=59 lidar=3 pose=53 odom=53 yolo=50 depth_pose_sync=0 lidar_pose_sync=0 depth_odom_sync=0 lidar_odom_sync=0
[lvdot_detector_main-8] [INFO] [1777340052.576251030] [lvdot_detector_node]: Stage timers: detection=95 lidar_detection=95 tracking=95 classification=95 vis=0
[lvdot_detector_main-8] [INFO] [1777340052.576267239] [lvdot_detector_node]: Processing phases: detection=idle lidar_detection=waiting_new_lidar tracking=idle classification=idle
[lvdot_detector_main-8] [INFO] [1777340052.576279669] [lvdot_detector_node]: Pipeline stats: depth_samples=1377/71300 u_map=1 depth_boxes=0 u_map_merge=0 u_map_db=0 u_map_visual=0 u_map_fused=0 u_map_filtered=0 lidar_samples=3235/126164 uv=1 db=10 lidar=15 fused=16 filtered=16 tracks=15 dynamic=2 dyn_points=0 raw_dyn_points=0 service=3/2 split=16->0 (16 outputs) fusion_components=16 visual_only=1 lidar_only=15 yolo_in=1 yolo_match3d=0 yolo_match_det=0 yolo_human=0 fixed_size=15 size_reject=0
[lvdot_detector_main-8] [INFO] [1777340060.755347320] [lvdot_detector_node]: Input health: depth=58 color=61 lidar=4 pose=55 odom=55 yolo=52 depth_pose_sync=0 lidar_pose_sync=0 depth_odom_sync=0 lidar_odom_sync=0
[lvdot_detector_main-8] [INFO] [1777340060.755671676] [lvdot_detector_node]: Stage timers: detection=97 lidar_detection=97 tracking=97 classification=97 vis=0
[lvdot_detector_main-8] [INFO] [1777340060.755686154] [lvdot_detector_node]: Processing phases: detection=idle lidar_detection=waiting_new_lidar tracking=idle classification=idle
[lvdot_detector_main-8] [INFO] [1777340060.755696070] [lvdot_detector_node]: Pipeline stats: depth_samples=1514/71300 u_map=3 depth_boxes=0 u_map_merge=0 u_map_db=0 u_map_visual=0 u_map_fused=0 u_map_filtered=0 lidar_samples=3332/154962 uv=2 db=13 lidar=50 fused=52 filtered=52 tracks=51 dynamic=2 dyn_points=0 raw_dyn_points=0 service=3/2 split=52->0 (52 outputs) fusion_components=52 visual_only=2 lidar_only=50 yolo_in=2 yolo_match3d=0 yolo_match_det=0 yolo_human=0 fixed_size=0 size_reject=0
[lvdot_detector_main-8] [INFO] [1777340060.756466949] [lvdot_detector_node]: get_dynamic_obstacles responded with 2 obstacles from 2 tracked dynamic boxes.
[lvdot_detector_main-8] [WARN] [1777340060.859029617] [lvdot_detector_node.rclcpp]: failed to send response to /onboard_detector/get_dynamic_obstacles (timeout): client will not receive response, at ./src/rmw_response.cpp:153, at ./src/rcl/service.c:400
[lvdot_detector_main-8] [INFO] [1777340067.890700510] [lvdot_detector_node]: Input health: depth=62 color=65 lidar=4 pose=59 odom=59 yolo=56 depth_pose_sync=0 lidar_pose_sync=0 depth_odom_sync=0 lidar_odom_sync=0
[lvdot_detector_main-8] [INFO] [1777340067.890761939] [lvdot_detector_node]: Stage timers: detection=101 lidar_detection=101 tracking=101 classification=101 vis=0
[lvdot_detector_main-8] [INFO] [1777340067.890773855] [lvdot_detector_node]: Processing phases: detection=idle lidar_detection=waiting_new_lidar tracking=idle classification=idle
[lvdot_detector_main-8] [INFO] [1777340067.890783717] [lvdot_detector_node]: Pipeline stats: depth_samples=1393/71300 u_map=2 depth_boxes=0 u_map_merge=0 u_map_db=0 u_map_visual=0 u_map_fused=0 u_map_filtered=0 lidar_samples=3332/154962 uv=1 db=14 lidar=50 fused=51 filtered=51 tracks=51 dynamic=2 dyn_points=0 raw_dyn_points=0 service=4/2 split=51->0 (51 outputs) fusion_components=51 visual_only=1 lidar_only=50 yolo_in=4 yolo_match3d=0 yolo_match_det=0 yolo_human=0 fixed_size=1 size_reject=0
[lvdot_detector_main-8] [INFO] [1777340069.410762365] [lvdot_detector_node]: get_dynamic_obstacles responded with 1 obstacles from 1 tracked dynamic boxes.
[lvdot_detector_main-8] [WARN] [1777340069.511624452] [lvdot_detector_node.rclcpp]: failed to send response to /onboard_detector/get_dynamic_obstacles (timeout): client will not receive response, at ./src/rmw_response.cpp:153, at ./src/rcl/service.c:400
[lvdot_detector_main-8] [INFO] [1777340075.225534053] [lvdot_detector_node]: Input health: depth=66 color=69 lidar=4 pose=63 odom=63 yolo=60 depth_pose_sync=0 lidar_pose_sync=0 depth_odom_sync=0 lidar_odom_sync=0
[lvdot_detector_main-8] [INFO] [1777340075.225599879] [lvdot_detector_node]: Stage timers: detection=105 lidar_detection=105 tracking=105 classification=105 vis=0
[lvdot_detector_main-8] [INFO] [1777340075.225611519] [lvdot_detector_node]: Processing phases: detection=idle lidar_detection=waiting_new_lidar tracking=idle classification=idle
[lvdot_detector_main-8] [INFO] [1777340075.225620651] [lvdot_detector_node]: Pipeline stats: depth_samples=1444/71300 u_map=2 depth_boxes=0 u_map_merge=0 u_map_db=0 u_map_visual=0 u_map_fused=0 u_map_filtered=0 lidar_samples=3332/154962 uv=2 db=12 lidar=50 fused=52 filtered=52 tracks=51 dynamic=2 dyn_points=0 raw_dyn_points=0 service=5/1 split=52->1 (52 outputs) fusion_components=52 visual_only=2 lidar_only=50 yolo_in=3 yolo_match3d=2 yolo_match_det=3 yolo_human=2 fixed_size=2 size_reject=0
[lvdot_detector_main-8] [INFO] [1777340082.882135362] [lvdot_detector_node]: Input health: depth=70 color=73 lidar=4 pose=67 odom=67 yolo=64 depth_pose_sync=0 lidar_pose_sync=0 depth_odom_sync=0 lidar_odom_sync=0
[lvdot_detector_main-8] [INFO] [1777340082.882286589] [lvdot_detector_node]: Stage timers: detection=109 lidar_detection=109 tracking=109 classification=109 vis=0
[lvdot_detector_main-8] [INFO] [1777340082.882306600] [lvdot_detector_node]: Processing phases: detection=idle lidar_detection=waiting_new_lidar tracking=idle classification=idle
[lvdot_detector_main-8] [INFO] [1777340082.882321135] [lvdot_detector_node]: Pipeline stats: depth_samples=1474/71300 u_map=2 depth_boxes=0 u_map_merge=0 u_map_db=0 u_map_visual=0 u_map_fused=0 u_map_filtered=0 lidar_samples=3332/154962 uv=1 db=14 lidar=50 fused=51 filtered=51 tracks=51 dynamic=2 dyn_points=0 raw_dyn_points=0 service=5/1 split=51->0 (51 outputs) fusion_components=51 visual_only=1 lidar_only=50 yolo_in=0 yolo_match3d=0 yolo_match_det=0 yolo_human=0 fixed_size=49 size_reject=0
[lvdot_detector_main-8] [INFO] [1777340089.664718557] [lvdot_detector_node]: Input health: depth=74 color=77 lidar=4 pose=71 odom=71 yolo=68 depth_pose_sync=0 lidar_pose_sync=0 depth_odom_sync=0 lidar_odom_sync=0
[lvdot_detector_main-8] [INFO] [1777340089.664784401] [lvdot_detector_node]: Stage timers: detection=113 lidar_detection=113 tracking=113 classification=113 vis=0
[lvdot_detector_main-8] [INFO] [1777340089.664795805] [lvdot_detector_node]: Processing phases: detection=idle lidar_detection=waiting_new_lidar tracking=idle classification=idle
[lvdot_detector_main-8] [INFO] [1777340089.664804928] [lvdot_detector_node]: Pipeline stats: depth_samples=1356/71300 u_map=3 depth_boxes=0 u_map_merge=0 u_map_db=0 u_map_visual=0 u_map_fused=0 u_map_filtered=0 lidar_samples=3332/154962 uv=1 db=10 lidar=50 fused=50 filtered=50 tracks=50 dynamic=2 dyn_points=0 raw_dyn_points=0 service=5/1 split=50->0 (50 outputs) fusion_components=50 visual_only=0 lidar_only=49 yolo_in=4 yolo_match3d=4 yolo_match_det=4 yolo_human=4 fixed_size=49 size_reject=0
[lvdot_detector_main-8] [INFO] [1777340089.665520287] [lvdot_detector_node]: get_dynamic_obstacles responded with 2 obstacles from 2 tracked dynamic boxes.
[lvdot_detector_main-8] [WARN] [1777340089.770270111] [lvdot_detector_node.rclcpp]: failed to send response to /onboard_detector/get_dynamic_obstacles (timeout): client will not receive response, at ./src/rmw_response.cpp:153, at ./src/rcl/service.c:400
[lvdot_detector_main-8] [INFO] [1777340098.266079447] [lvdot_detector_node]: Input health: depth=79 color=82 lidar=4 pose=76 odom=76 yolo=73 depth_pose_sync=0 lidar_pose_sync=0 depth_odom_sync=0 lidar_odom_sync=0
[lvdot_detector_main-8] [INFO] [1777340098.266142726] [lvdot_detector_node]: Stage timers: detection=118 lidar_detection=118 tracking=118 classification=118 vis=0
[lvdot_detector_main-8] [INFO] [1777340098.266154033] [lvdot_detector_node]: Processing phases: detection=idle lidar_detection=waiting_new_lidar tracking=idle classification=idle
[lvdot_detector_main-8] [INFO] [1777340098.266163257] [lvdot_detector_node]: Pipeline stats: depth_samples=1361/71300 u_map=2 depth_boxes=0 u_map_merge=0 u_map_db=0 u_map_visual=0 u_map_fused=0 u_map_filtered=0 lidar_samples=3332/154962 uv=1 db=10 lidar=50 fused=51 filtered=51 tracks=52 dynamic=1 dyn_points=0 raw_dyn_points=0 service=6/2 split=51->0 (51 outputs) fusion_components=51 visual_only=1 lidar_only=50 yolo_in=0 yolo_match3d=0 yolo_match_det=0 yolo_human=0 fixed_size=49 size_reject=0
[lvdot_detector_main-8] [INFO] [1777340105.915795774] [lvdot_detector_node]: Input health: depth=83 color=86 lidar=4 pose=80 odom=80 yolo=77 depth_pose_sync=0 lidar_pose_sync=0 depth_odom_sync=0 lidar_odom_sync=0
[lvdot_detector_main-8] [INFO] [1777340105.916395584] [lvdot_detector_node]: Stage timers: detection=122 lidar_detection=122 tracking=122 classification=122 vis=0
[lvdot_detector_main-8] [INFO] [1777340105.916412540] [lvdot_detector_node]: Processing phases: detection=idle lidar_detection=waiting_new_lidar tracking=idle classification=idle
[lvdot_detector_main-8] [INFO] [1777340105.916430605] [lvdot_detector_node]: Pipeline stats: depth_samples=1377/71300 u_map=1 depth_boxes=0 u_map_merge=0 u_map_db=0 u_map_visual=0 u_map_fused=0 u_map_filtered=0 lidar_samples=3332/154962 uv=1 db=10 lidar=50 fused=51 filtered=52 tracks=50 dynamic=1 dyn_points=0 raw_dyn_points=0 service=6/2 split=51->1 (52 outputs) fusion_components=51 visual_only=1 lidar_only=50 yolo_in=2 yolo_match3d=1 yolo_match_det=2 yolo_human=2 fixed_size=49 size_reject=0
[lvdot_detector_main-8] [INFO] [1777340117.169431346] [lvdot_detector_node]: Input health: depth=87 color=90 lidar=5 pose=84 odom=84 yolo=81 depth_pose_sync=0 lidar_pose_sync=0 depth_odom_sync=0 lidar_odom_sync=0
[lvdot_detector_main-8] [INFO] [1777340117.169545914] [lvdot_detector_node]: Stage timers: detection=126 lidar_detection=126 tracking=126 classification=126 vis=0
[lvdot_detector_main-8] [INFO] [1777340117.169560335] [lvdot_detector_node]: Processing phases: detection=idle lidar_detection=waiting_new_lidar tracking=idle classification=idle
[lvdot_detector_main-8] [INFO] [1777340117.169570380] [lvdot_detector_node]: Pipeline stats: depth_samples=1412/71300 u_map=2 depth_boxes=0 u_map_merge=0 u_map_db=0 u_map_visual=0 u_map_fused=0 u_map_filtered=0 lidar_samples=3343/118460 uv=0 db=13 lidar=20 fused=20 filtered=20 tracks=21 dynamic=2 dyn_points=0 raw_dyn_points=0 service=6/2 split=20->0 (20 outputs) fusion_components=20 visual_only=0 lidar_only=20 yolo_in=3 yolo_match3d=0 yolo_match_det=0 yolo_human=0 fixed_size=0 size_reject=0
[lvdot_detector_main-8] [INFO] [1777340124.603310005] [lvdot_detector_node]: Input health: depth=89 color=92 lidar=6 pose=86 odom=86 yolo=83 depth_pose_sync=0 lidar_pose_sync=0 depth_odom_sync=0 lidar_odom_sync=0
[lvdot_detector_main-8] [INFO] [1777340124.603379133] [lvdot_detector_node]: Stage timers: detection=128 lidar_detection=128 tracking=128 classification=128 vis=0
[lvdot_detector_main-8] [INFO] [1777340124.603390539] [lvdot_detector_node]: Processing phases: detection=idle lidar_detection=waiting_new_lidar tracking=idle classification=idle
[lvdot_detector_main-8] [INFO] [1777340124.603399961] [lvdot_detector_node]: Pipeline stats: depth_samples=1425/71300 u_map=3 depth_boxes=0 u_map_merge=0 u_map_db=0 u_map_visual=0 u_map_fused=0 u_map_filtered=0 lidar_samples=3195/127068 uv=1 db=12 lidar=15 fused=16 filtered=16 tracks=18 dynamic=1 dyn_points=0 raw_dyn_points=0 service=6/2 split=16->0 (16 outputs) fusion_components=16 visual_only=1 lidar_only=15 yolo_in=3 yolo_match3d=0 yolo_match_det=0 yolo_human=0 fixed_size=0 size_reject=0
[lvdot_detector_main-8] [INFO] [1777340124.604152537] [lvdot_detector_node]: get_dynamic_obstacles responded with 1 obstacles from 1 tracked dynamic boxes.
[lvdot_detector_main-8] [WARN] [1777340124.704308864] [lvdot_detector_node.rclcpp]: failed to send response to /onboard_detector/get_dynamic_obstacles (timeout): client will not receive response, at ./src/rmw_response.cpp:153, at ./src/rcl/service.c:400
[lvdot_detector_main-8] [INFO] [1777340131.272426360] [lvdot_detector_node]: Input health: depth=93 color=96 lidar=6 pose=90 odom=90 yolo=87 depth_pose_sync=0 lidar_pose_sync=0 depth_odom_sync=0 lidar_odom_sync=0
[lvdot_detector_main-8] [INFO] [1777340131.273763774] [lvdot_detector_node]: Stage timers: detection=132 lidar_detection=132 tracking=132 classification=132 vis=0
[lvdot_detector_main-8] [INFO] [1777340131.279417438] [lvdot_detector_node]: Processing phases: detection=idle lidar_detection=waiting_new_lidar tracking=idle classification=idle
[lvdot_detector_main-8] [INFO] [1777340131.282107991] [lvdot_detector_node]: Pipeline stats: depth_samples=1400/71300 u_map=2 depth_boxes=0 u_map_merge=0 u_map_db=0 u_map_visual=0 u_map_fused=0 u_map_filtered=0 lidar_samples=3195/127068 uv=1 db=10 lidar=15 fused=16 filtered=16 tracks=16 dynamic=3 dyn_points=0 raw_dyn_points=0 service=7/1 split=16->0 (16 outputs) fusion_components=16 visual_only=1 lidar_only=15 yolo_in=0 yolo_match3d=0 yolo_match_det=0 yolo_human=0 fixed_size=0 size_reject=0
[lvdot_detector_main-8] [INFO] [1777340131.285598134] [lvdot_detector_node]: get_dynamic_obstacles responded with 3 obstacles from 3 tracked dynamic boxes.
[lvdot_detector_main-8] [INFO] [1777340142.516678196] [lvdot_detector_node]: Input health: depth=96 color=99 lidar=7 pose=93 odom=93 yolo=90 depth_pose_sync=0 lidar_pose_sync=0 depth_odom_sync=0 lidar_odom_sync=0
[lvdot_detector_main-8] [INFO] [1777340142.517480659] [lvdot_detector_node]: Stage timers: detection=135 lidar_detection=135 tracking=135 classification=135 vis=0
[lvdot_detector_main-8] [INFO] [1777340142.517509137] [lvdot_detector_node]: Processing phases: detection=idle lidar_detection=waiting_new_lidar tracking=idle classification=idle
[lvdot_detector_main-8] [INFO] [1777340142.517522126] [lvdot_detector_node]: Pipeline stats: depth_samples=1486/71300 u_map=3 depth_boxes=0 u_map_merge=0 u_map_db=0 u_map_visual=0 u_map_fused=0 u_map_filtered=0 lidar_samples=3209/122763 uv=3 db=12 lidar=19 fused=22 filtered=22 tracks=20 dynamic=3 dyn_points=0 raw_dyn_points=0 service=8/3 split=22->1 (22 outputs) fusion_components=22 visual_only=3 lidar_only=19 yolo_in=4 yolo_match3d=2 yolo_match_det=4 yolo_human=2 fixed_size=0 size_reject=0
[lvdot_detector_main-8] [INFO] [1777340144.490160900] [lvdot_detector_node]: get_dynamic_obstacles responded with 2 obstacles from 2 tracked dynamic boxes.
[lvdot_detector_main-8] [WARN] [1777340144.593506610] [lvdot_detector_node.rclcpp]: failed to send response to /onboard_detector/get_dynamic_obstacles (timeout): client will not receive response, at ./src/rmw_response.cpp:153, at ./src/rcl/service.c:400
[lvdot_detector_main-8] [INFO] [1777340155.132875822] [lvdot_detector_node]: Input health: depth=100 color=103 lidar=8 pose=97 odom=97 yolo=94 depth_pose_sync=0 lidar_pose_sync=0 depth_odom_sync=0 lidar_odom_sync=0
[lvdot_detector_main-8] [INFO] [1777340155.132991754] [lvdot_detector_node]: Stage timers: detection=139 lidar_detection=139 tracking=139 classification=139 vis=0
[lvdot_detector_main-8] [INFO] [1777340155.133007919] [lvdot_detector_node]: Processing phases: detection=idle lidar_detection=waiting_new_lidar tracking=idle classification=idle
[lvdot_detector_main-8] [INFO] [1777340155.133017539] [lvdot_detector_node]: Pipeline stats: depth_samples=1322/71300 u_map=0 depth_boxes=0 u_map_merge=0 u_map_db=0 u_map_visual=0 u_map_fused=0 u_map_filtered=0 lidar_samples=3255/126496 uv=0 db=14 lidar=18 fused=18 filtered=18 tracks=20 dynamic=1 dyn_points=0 raw_dyn_points=0 service=9/2 split=18->0 (18 outputs) fusion_components=18 visual_only=0 lidar_only=18 yolo_in=2 yolo_match3d=0 yolo_match_det=0 yolo_human=0 fixed_size=0 size_reject=0
[lvdot_detector_main-8] [INFO] [1777340155.133715908] [lvdot_detector_node]: get_dynamic_obstacles responded with 1 obstacles from 1 tracked dynamic boxes.
[lvdot_detector_main-8] [WARN] [1777340155.234441045] [lvdot_detector_node.rclcpp]: failed to send response to /onboard_detector/get_dynamic_obstacles (timeout): client will not receive response, at ./src/rmw_response.cpp:153, at ./src/rcl/service.c:400
[lvdot_detector_main-8] [INFO] [1777340166.408439630] [lvdot_detector_node]: Input health: depth=104 color=107 lidar=9 pose=101 odom=101 yolo=98 depth_pose_sync=0 lidar_pose_sync=0 depth_odom_sync=0 lidar_odom_sync=0
[lvdot_detector_main-8] [INFO] [1777340166.412750203] [lvdot_detector_node]: Stage timers: detection=143 lidar_detection=143 tracking=143 classification=143 vis=0
[lvdot_detector_main-8] [INFO] [1777340166.412784769] [lvdot_detector_node]: Processing phases: detection=idle lidar_detection=waiting_new_lidar tracking=idle classification=idle
[lvdot_detector_main-8] [INFO] [1777340166.412798799] [lvdot_detector_node]: Pipeline stats: depth_samples=1408/71300 u_map=3 depth_boxes=0 u_map_merge=0 u_map_db=0 u_map_visual=0 u_map_fused=0 u_map_filtered=0 lidar_samples=3261/121594 uv=1 db=10 lidar=16 fused=17 filtered=17 tracks=16 dynamic=1 dyn_points=0 raw_dyn_points=0 service=10/1 split=17->0 (17 outputs) fusion_components=17 visual_only=1 lidar_only=16 yolo_in=0 yolo_match3d=0 yolo_match_det=0 yolo_human=0 fixed_size=0 size_reject=0
[lvdot_detector_main-8] [INFO] [1777340166.415329126] [lvdot_detector_node]: get_dynamic_obstacles responded with 1 obstacles from 1 tracked dynamic boxes.
[lvdot_detector_main-8] [WARN] [1777340166.519677035] [lvdot_detector_node.rclcpp]: failed to send response to /onboard_detector/get_dynamic_obstacles (timeout): client will not receive response, at ./src/rmw_response.cpp:153, at ./src/rcl/service.c:400
[lvdot_detector_main-8] [INFO] [1777340176.348059491] [lvdot_detector_node]: Input health: depth=106 color=109 lidar=10 pose=103 odom=103 yolo=100 depth_pose_sync=0 lidar_pose_sync=0 depth_odom_sync=0 lidar_odom_sync=0
[lvdot_detector_main-8] [INFO] [1777340176.348132014] [lvdot_detector_node]: Stage timers: detection=145 lidar_detection=145 tracking=145 classification=145 vis=0
[lvdot_detector_main-8] [INFO] [1777340176.348143685] [lvdot_detector_node]: Processing phases: detection=idle lidar_detection=waiting_new_lidar tracking=idle classification=idle
[lvdot_detector_main-8] [INFO] [1777340176.348153361] [lvdot_detector_node]: Pipeline stats: depth_samples=1440/71300 u_map=1 depth_boxes=0 u_map_merge=0 u_map_db=0 u_map_visual=0 u_map_fused=0 u_map_filtered=0 lidar_samples=3321/169318 uv=1 db=11 lidar=18 fused=18 filtered=18 tracks=21 dynamic=1 dyn_points=0 raw_dyn_points=0 service=11/1 split=18->0 (18 outputs) fusion_components=18 visual_only=0 lidar_only=17 yolo_in=3 yolo_match3d=1 yolo_match_det=1 yolo_human=1 fixed_size=0 size_reject=0
[lvdot_detector_main-8] [INFO] [1777340176.352641279] [lvdot_detector_node]: get_dynamic_obstacles responded with 1 obstacles from 1 tracked dynamic boxes.
[lvdot_detector_main-8] [WARN] [1777340176.454272168] [lvdot_detector_node.rclcpp]: failed to send response to /onboard_detector/get_dynamic_obstacles (timeout): client will not receive response, at ./src/rmw_response.cpp:153, at ./src/rcl/service.c:400
[lvdot_detector_main-8] [INFO] [1777340184.961838513] [lvdot_detector_node]: Input health: depth=108 color=111 lidar=11 pose=105 odom=105 yolo=102 depth_pose_sync=0 lidar_pose_sync=0 depth_odom_sync=0 lidar_odom_sync=0
[lvdot_detector_main-8] [INFO] [1777340184.963590602] [lvdot_detector_node]: Stage timers: detection=147 lidar_detection=147 tracking=147 classification=147 vis=0
[lvdot_detector_main-8] [INFO] [1777340184.963993334] [lvdot_detector_node]: Processing phases: detection=idle lidar_detection=waiting_new_lidar tracking=idle classification=idle
[lvdot_detector_main-8] [INFO] [1777340184.964009812] [lvdot_detector_node]: Pipeline stats: depth_samples=1520/71300 u_map=3 depth_boxes=0 u_map_merge=0 u_map_db=0 u_map_visual=0 u_map_fused=0 u_map_filtered=0 lidar_samples=3237/123780 uv=2 db=13 lidar=18 fused=19 filtered=19 tracks=20 dynamic=1 dyn_points=0 raw_dyn_points=0 service=12/1 split=19->0 (19 outputs) fusion_components=19 visual_only=1 lidar_only=17 yolo_in=0 yolo_match3d=0 yolo_match_det=0 yolo_human=0 fixed_size=0 size_reject=1
[lvdot_detector_main-8] [INFO] [1777340184.964731891] [lvdot_detector_node]: get_dynamic_obstacles responded with 1 obstacles from 1 tracked dynamic boxes.
[lvdot_detector_main-8] [INFO] [1777340191.701544763] [lvdot_detector_node]: Input health: depth=112 color=115 lidar=11 pose=109 odom=109 yolo=106 depth_pose_sync=0 lidar_pose_sync=0 depth_odom_sync=0 lidar_odom_sync=0
[lvdot_detector_main-8] [INFO] [1777340191.701625889] [lvdot_detector_node]: Stage timers: detection=151 lidar_detection=151 tracking=151 classification=151 vis=0
[lvdot_detector_main-8] [INFO] [1777340191.701646617] [lvdot_detector_node]: Processing phases: detection=idle lidar_detection=waiting_new_lidar tracking=idle classification=idle
[lvdot_detector_main-8] [INFO] [1777340191.701661493] [lvdot_detector_node]: Pipeline stats: depth_samples=1428/71300 u_map=3 depth_boxes=0 u_map_merge=0 u_map_db=0 u_map_visual=0 u_map_fused=0 u_map_filtered=0 lidar_samples=3237/123780 uv=2 db=15 lidar=18 fused=20 filtered=20 tracks=22 dynamic=2 dyn_points=0 raw_dyn_points=0 service=13/1 split=20->0 (20 outputs) fusion_components=20 visual_only=2 lidar_only=18 yolo_in=2 yolo_match3d=0 yolo_match_det=0 yolo_human=0 fixed_size=0 size_reject=0
[lvdot_detector_main-8] [INFO] [1777340196.618010231] [lvdot_detector_node]: get_dynamic_obstacles responded with 2 obstacles from 2 tracked dynamic boxes.
[lvdot_detector_main-8] [WARN] [1777340196.721629832] [lvdot_detector_node.rclcpp]: failed to send response to /onboard_detector/get_dynamic_obstacles (timeout): client will not receive response, at ./src/rmw_response.cpp:153, at ./src/rcl/service.c:400
[lvdot_detector_main-8] [INFO] [1777340198.177603034] [lvdot_detector_node]: Input health: depth=116 color=119 lidar=11 pose=113 odom=113 yolo=110 depth_pose_sync=0 lidar_pose_sync=0 depth_odom_sync=0 lidar_odom_sync=0
[lvdot_detector_main-8] [INFO] [1777340198.183792563] [lvdot_detector_node]: Stage timers: detection=155 lidar_detection=155 tracking=155 classification=155 vis=0
[lvdot_detector_main-8] [INFO] [1777340198.183817769] [lvdot_detector_node]: Processing phases: detection=idle lidar_detection=waiting_new_lidar tracking=idle classification=idle
[lvdot_detector_main-8] [INFO] [1777340198.183827770] [lvdot_detector_node]: Pipeline stats: depth_samples=1458/71300 u_map=2 depth_boxes=0 u_map_merge=0 u_map_db=0 u_map_visual=0 u_map_fused=0 u_map_filtered=0 lidar_samples=3237/123780 uv=1 db=11 lidar=18 fused=19 filtered=19 tracks=20 dynamic=2 dyn_points=0 raw_dyn_points=0 service=14/2 split=19->0 (19 outputs) fusion_components=19 visual_only=1 lidar_only=18 yolo_in=4 yolo_match3d=2 yolo_match_det=2 yolo_human=2 fixed_size=0 size_reject=0
[lvdot_detector_main-8] [INFO] [1777340204.893579147] [lvdot_detector_node]: Input health: depth=120 color=123 lidar=11 pose=117 odom=117 yolo=114 depth_pose_sync=0 lidar_pose_sync=0 depth_odom_sync=0 lidar_odom_sync=0
[lvdot_detector_main-8] [INFO] [1777340204.893684385] [lvdot_detector_node]: Stage timers: detection=159 lidar_detection=159 tracking=159 classification=159 vis=0
[lvdot_detector_main-8] [INFO] [1777340204.893705273] [lvdot_detector_node]: Processing phases: detection=idle lidar_detection=waiting_new_lidar tracking=idle classification=idle
[lvdot_detector_main-8] [INFO] [1777340204.893716720] [lvdot_detector_node]: Pipeline stats: depth_samples=1372/71300 u_map=2 depth_boxes=0 u_map_merge=0 u_map_db=0 u_map_visual=0 u_map_fused=0 u_map_filtered=0 lidar_samples=3237/123780 uv=0 db=11 lidar=18 fused=18 filtered=18 tracks=18 dynamic=1 dyn_points=0 raw_dyn_points=0 service=14/2 split=18->1 (18 outputs) fusion_components=18 visual_only=0 lidar_only=18 yolo_in=3 yolo_match3d=1 yolo_match_det=3 yolo_human=0 fixed_size=18 size_reject=0
[lvdot_detector_main-8] [INFO] [1777340206.916066877] [lvdot_detector_node]: get_dynamic_obstacles responded with 1 obstacles from 1 tracked dynamic boxes.
[lvdot_detector_main-8] [INFO] [1777340211.388056223] [lvdot_detector_node]: Input health: depth=124 color=127 lidar=11 pose=121 odom=121 yolo=118 depth_pose_sync=0 lidar_pose_sync=0 depth_odom_sync=0 lidar_odom_sync=0
[lvdot_detector_main-8] [INFO] [1777340211.388124951] [lvdot_detector_node]: Stage timers: detection=163 lidar_detection=163 tracking=163 classification=163 vis=0
[lvdot_detector_main-8] [INFO] [1777340211.388138597] [lvdot_detector_node]: Processing phases: detection=idle lidar_detection=waiting_new_lidar tracking=idle classification=idle
[lvdot_detector_main-8] [INFO] [1777340211.388149852] [lvdot_detector_node]: Pipeline stats: depth_samples=1556/71300 u_map=4 depth_boxes=0 u_map_merge=0 u_map_db=0 u_map_visual=0 u_map_fused=0 u_map_filtered=0 lidar_samples=3237/123780 uv=3 db=14 lidar=18 fused=21 filtered=21 tracks=18 dynamic=1 dyn_points=0 raw_dyn_points=0 service=15/1 split=21->0 (21 outputs) fusion_components=21 visual_only=3 lidar_only=18 yolo_in=3 yolo_match3d=3 yolo_match_det=3 yolo_human=3 fixed_size=18 size_reject=0
[lvdot_detector_main-8] [INFO] [1777340217.871601010] [lvdot_detector_node]: get_dynamic_obstacles responded with 1 obstacles from 1 tracked dynamic boxes.
[lvdot_detector_main-8] [WARN] [1777340217.973755796] [lvdot_detector_node.rclcpp]: failed to send response to /onboard_detector/get_dynamic_obstacles (timeout): client will not receive response, at ./src/rmw_response.cpp:153, at ./src/rcl/service.c:400
[lvdot_detector_main-8] [INFO] [1777340219.561597223] [lvdot_detector_node]: Input health: depth=129 color=132 lidar=11 pose=126 odom=126 yolo=123 depth_pose_sync=0 lidar_pose_sync=0 depth_odom_sync=0 lidar_odom_sync=0
[lvdot_detector_main-8] [INFO] [1777340219.562297958] [lvdot_detector_node]: Stage timers: detection=168 lidar_detection=168 tracking=168 classification=168 vis=0
[lvdot_detector_main-8] [INFO] [1777340219.562315325] [lvdot_detector_node]: Processing phases: detection=idle lidar_detection=waiting_new_lidar tracking=idle classification=idle
[lvdot_detector_main-8] [INFO] [1777340219.562326043] [lvdot_detector_node]: Pipeline stats: depth_samples=1482/71300 u_map=3 depth_boxes=0 u_map_merge=0 u_map_db=0 u_map_visual=0 u_map_fused=0 u_map_filtered=0 lidar_samples=3237/123780 uv=1 db=12 lidar=18 fused=19 filtered=19 tracks=20 dynamic=1 dyn_points=0 raw_dyn_points=0 service=16/1 split=19->0 (19 outputs) fusion_components=19 visual_only=1 lidar_only=18 yolo_in=0 yolo_match3d=0 yolo_match_det=0 yolo_human=0 fixed_size=17 size_reject=0
[lvdot_detector_main-8] [INFO] [1777340226.327902904] [lvdot_detector_node]: Input health: depth=133 color=136 lidar=11 pose=130 odom=130 yolo=127 depth_pose_sync=0 lidar_pose_sync=0 depth_odom_sync=0 lidar_odom_sync=0
[lvdot_detector_main-8] [INFO] [1777340226.329068242] [lvdot_detector_node]: Stage timers: detection=172 lidar_detection=172 tracking=172 classification=172 vis=0
[lvdot_detector_main-8] [INFO] [1777340226.329096203] [lvdot_detector_node]: Processing phases: detection=idle lidar_detection=waiting_new_lidar tracking=idle classification=idle
[lvdot_detector_main-8] [INFO] [1777340226.329109390] [lvdot_detector_node]: Pipeline stats: depth_samples=1322/71300 u_map=0 depth_boxes=0 u_map_merge=0 u_map_db=0 u_map_visual=0 u_map_fused=0 u_map_filtered=0 lidar_samples=3237/123780 uv=0 db=14 lidar=18 fused=18 filtered=18 tracks=20 dynamic=1 dyn_points=0 raw_dyn_points=0 service=16/1 split=18->0 (18 outputs) fusion_components=18 visual_only=0 lidar_only=18 yolo_in=3 yolo_match3d=0 yolo_match_det=0 yolo_human=0 fixed_size=17 size_reject=1
[lvdot_detector_main-8] [INFO] [1777340227.967872842] [lvdot_detector_node]: get_dynamic_obstacles responded with 2 obstacles from 2 tracked dynamic boxes.
[lvdot_detector_main-8] [INFO] [1777340234.621089818] [lvdot_detector_node]: Input health: depth=138 color=141 lidar=11 pose=135 odom=135 yolo=132 depth_pose_sync=0 lidar_pose_sync=0 depth_odom_sync=0 lidar_odom_sync=0
[lvdot_detector_main-8] [INFO] [1777340234.621170085] [lvdot_detector_node]: Stage timers: detection=177 lidar_detection=177 tracking=177 classification=177 vis=0
[lvdot_detector_main-8] [INFO] [1777340234.621184001] [lvdot_detector_node]: Processing phases: detection=idle lidar_detection=waiting_new_lidar tracking=idle classification=idle
[lvdot_detector_main-8] [INFO] [1777340234.621194488] [lvdot_detector_node]: Pipeline stats: depth_samples=1375/71300 u_map=3 depth_boxes=0 u_map_merge=0 u_map_db=0 u_map_visual=0 u_map_fused=0 u_map_filtered=0 lidar_samples=3237/123780 uv=2 db=10 lidar=18 fused=20 filtered=20 tracks=19 dynamic=1 dyn_points=0 raw_dyn_points=0 service=17/2 split=20->0 (20 outputs) fusion_components=20 visual_only=2 lidar_only=18 yolo_in=1 yolo_match3d=1 yolo_match_det=1 yolo_human=1 fixed_size=17 size_reject=1
[lvdot_detector_main-8] [INFO] [1777340238.291955756] [lvdot_detector_node]: get_dynamic_obstacles responded with 1 obstacles from 1 tracked dynamic boxes.
[lvdot_detector_main-8] [INFO] [1777340246.496648712] [lvdot_detector_node]: Input health: depth=142 color=145 lidar=12 pose=139 odom=139 yolo=136 depth_pose_sync=0 lidar_pose_sync=0 depth_odom_sync=0 lidar_odom_sync=0
[lvdot_detector_main-8] [INFO] [1777340246.501581420] [lvdot_detector_node]: Stage timers: detection=181 lidar_detection=181 tracking=181 classification=181 vis=0
[lvdot_detector_main-8] [INFO] [1777340246.501605872] [lvdot_detector_node]: Processing phases: detection=idle lidar_detection=waiting_new_lidar tracking=idle classification=idle
[lvdot_detector_main-8] [INFO] [1777340246.501709742] [lvdot_detector_node]: Pipeline stats: depth_samples=1493/71300 u_map=3 depth_boxes=0 u_map_merge=0 u_map_db=0 u_map_visual=0 u_map_fused=0 u_map_filtered=0 lidar_samples=3228/123792 uv=3 db=10 lidar=17 fused=20 filtered=20 tracks=18 dynamic=1 dyn_points=0 raw_dyn_points=0 service=18/1 split=20->1 (20 outputs) fusion_components=20 visual_only=3 lidar_only=17 yolo_in=4 yolo_match3d=2 yolo_match_det=4 yolo_human=1 fixed_size=0 size_reject=1
[lvdot_detector_main-8] [INFO] [1777340254.948639205] [lvdot_detector_node]: get_dynamic_obstacles responded with 1 obstacles from 1 tracked dynamic boxes.
[lvdot_detector_main-8] [WARN] [1777340255.049414328] [lvdot_detector_node.rclcpp]: failed to send response to /onboard_detector/get_dynamic_obstacles (timeout): client will not receive response, at ./src/rmw_response.cpp:153, at ./src/rcl/service.c:400
[lvdot_detector_main-8] [INFO] [1777340256.994974910] [lvdot_detector_node]: Input health: depth=146 color=149 lidar=13 pose=143 odom=143 yolo=140 depth_pose_sync=0 lidar_pose_sync=0 depth_odom_sync=0 lidar_odom_sync=0
[lvdot_detector_main-8] [INFO] [1777340256.995056524] [lvdot_detector_node]: Stage timers: detection=185 lidar_detection=185 tracking=185 classification=185 vis=0
[lvdot_detector_main-8] [INFO] [1777340256.995077250] [lvdot_detector_node]: Processing phases: detection=idle lidar_detection=waiting_new_lidar tracking=idle classification=idle
[lvdot_detector_main-8] [INFO] [1777340256.995089845] [lvdot_detector_node]: Pipeline stats: depth_samples=1410/71300 u_map=1 depth_boxes=0 u_map_merge=0 u_map_db=0 u_map_visual=0 u_map_fused=0 u_map_filtered=0 lidar_samples=3246/123716 uv=1 db=10 lidar=19 fused=20 filtered=20 tracks=20 dynamic=1 dyn_points=0 raw_dyn_points=0 service=19/1 split=20->0 (20 outputs) fusion_components=20 visual_only=1 lidar_only=19 yolo_in=0 yolo_match3d=0 yolo_match_det=0 yolo_human=0 fixed_size=0 size_reject=0
[lvdot_detector_main-8] [INFO] [1777340261.491309694] [lvdot_detector_node]: get_dynamic_obstacles responded with 1 obstacles from 1 tracked dynamic boxes.
[lvdot_detector_main-8] [WARN] [1777340261.594452912] [lvdot_detector_node.rclcpp]: failed to send response to /onboard_detector/get_dynamic_obstacles (timeout): client will not receive response, at ./src/rmw_response.cpp:153, at ./src/rcl/service.c:400
[lvdot_detector_main-8] [INFO] [1777340263.188404359] [lvdot_detector_node]: Input health: depth=150 color=153 lidar=13 pose=147 odom=147 yolo=144 depth_pose_sync=0 lidar_pose_sync=0 depth_odom_sync=0 lidar_odom_sync=0
[lvdot_detector_main-8] [INFO] [1777340263.188503708] [lvdot_detector_node]: Stage timers: detection=189 lidar_detection=189 tracking=189 classification=189 vis=0
[lvdot_detector_main-8] [INFO] [1777340263.188519860] [lvdot_detector_node]: Processing phases: detection=idle lidar_detection=waiting_new_lidar tracking=idle classification=idle
[lvdot_detector_main-8] [INFO] [1777340263.188532050] [lvdot_detector_node]: Pipeline stats: depth_samples=1366/71300 u_map=3 depth_boxes=0 u_map_merge=0 u_map_db=0 u_map_visual=0 u_map_fused=0 u_map_filtered=0 lidar_samples=3246/123716 uv=1 db=9 lidar=19 fused=20 filtered=20 tracks=19 dynamic=1 dyn_points=0 raw_dyn_points=0 service=20/1 split=20->0 (20 outputs) fusion_components=20 visual_only=1 lidar_only=19 yolo_in=2 yolo_match3d=1 yolo_match_det=1 yolo_human=1 fixed_size=0 size_reject=0
[lvdot_detector_main-8] [INFO] [1777340269.964946334] [lvdot_detector_node]: Input health: depth=152 color=155 lidar=14 pose=149 odom=149 yolo=146 depth_pose_sync=0 lidar_pose_sync=0 depth_odom_sync=0 lidar_odom_sync=0
[lvdot_detector_main-8] [INFO] [1777340269.965018581] [lvdot_detector_node]: Stage timers: detection=191 lidar_detection=191 tracking=191 classification=191 vis=0
[lvdot_detector_main-8] [INFO] [1777340269.965030505] [lvdot_detector_node]: Processing phases: detection=idle lidar_detection=waiting_new_lidar tracking=idle classification=idle
[lvdot_detector_main-8] [INFO] [1777340269.965039824] [lvdot_detector_node]: Pipeline stats: depth_samples=1207/71300 u_map=2 depth_boxes=0 u_map_merge=0 u_map_db=0 u_map_visual=0 u_map_fused=0 u_map_filtered=0 lidar_samples=3433/107916 uv=2 db=7 lidar=10 fused=12 filtered=12 tracks=10 dynamic=1 dyn_points=0 raw_dyn_points=0 service=20/1 split=12->1 (12 outputs) fusion_components=12 visual_only=2 lidar_only=10 yolo_in=2 yolo_match3d=1 yolo_match_det=2 yolo_human=0 fixed_size=0 size_reject=0
[lvdot_detector_main-8] [INFO] [1777340269.965690148] [lvdot_detector_node]: get_dynamic_obstacles responded with 1 obstacles from 1 tracked dynamic boxes.
[lvdot_detector_main-8] [INFO] [1777340276.080270233] [lvdot_detector_node]: Input health: depth=156 color=159 lidar=14 pose=153 odom=153 yolo=150 depth_pose_sync=0 lidar_pose_sync=0 depth_odom_sync=0 lidar_odom_sync=0
[lvdot_detector_main-8] [INFO] [1777340276.080333419] [lvdot_detector_node]: Stage timers: detection=195 lidar_detection=195 tracking=195 classification=195 vis=0
[lvdot_detector_main-8] [INFO] [1777340276.080344564] [lvdot_detector_node]: Processing phases: detection=idle lidar_detection=waiting_new_lidar tracking=idle classification=idle
[lvdot_detector_main-8] [INFO] [1777340276.080354017] [lvdot_detector_node]: Pipeline stats: depth_samples=1332/71300 u_map=1 depth_boxes=0 u_map_merge=0 u_map_db=0 u_map_visual=0 u_map_fused=0 u_map_filtered=0 lidar_samples=3433/107916 uv=0 db=11 lidar=10 fused=10 filtered=10 tracks=11 dynamic=1 dyn_points=0 raw_dyn_points=0 service=21/1 split=10->0 (10 outputs) fusion_components=10 visual_only=0 lidar_only=10 yolo_in=2 yolo_match3d=0 yolo_match_det=0 yolo_human=0 fixed_size=0 size_reject=0
[lvdot_detector_main-8] [INFO] [1777340280.726931058] [lvdot_detector_node]: get_dynamic_obstacles responded with 1 obstacles from 1 tracked dynamic boxes.
[lvdot_detector_main-8] [INFO] [1777340283.335700513] [lvdot_detector_node]: Input health: depth=161 color=164 lidar=14 pose=158 odom=158 yolo=155 depth_pose_sync=0 lidar_pose_sync=0 depth_odom_sync=0 lidar_odom_sync=0
[lvdot_detector_main-8] [INFO] [1777340283.337064226] [lvdot_detector_node]: Stage timers: detection=200 lidar_detection=200 tracking=200 classification=200 vis=0
[lvdot_detector_main-8] [INFO] [1777340283.337098891] [lvdot_detector_node]: Processing phases: detection=idle lidar_detection=waiting_new_lidar tracking=idle classification=idle
[lvdot_detector_main-8] [INFO] [1777340283.337114639] [lvdot_detector_node]: Pipeline stats: depth_samples=1377/71300 u_map=1 depth_boxes=0 u_map_merge=0 u_map_db=0 u_map_visual=0 u_map_fused=0 u_map_filtered=0 lidar_samples=3433/107916 uv=1 db=10 lidar=10 fused=11 filtered=11 tracks=11 dynamic=1 dyn_points=0 raw_dyn_points=0 service=22/1 split=11->0 (11 outputs) fusion_components=11 visual_only=1 lidar_only=10 yolo_in=3 yolo_match3d=0 yolo_match_det=0 yolo_human=0 fixed_size=10 size_reject=0
[lvdot_detector_main-8] [INFO] [1777340289.743660988] [lvdot_detector_node]: Input health: depth=166 color=169 lidar=14 pose=163 odom=163 yolo=160 depth_pose_sync=0 lidar_pose_sync=0 depth_odom_sync=0 lidar_odom_sync=0
[lvdot_detector_main-8] [INFO] [1777340289.743768579] [lvdot_detector_node]: Stage timers: detection=205 lidar_detection=205 tracking=205 classification=205 vis=0
[lvdot_detector_main-8] [INFO] [1777340289.743785139] [lvdot_detector_node]: Processing phases: detection=idle lidar_detection=waiting_new_lidar tracking=idle classification=idle
[lvdot_detector_main-8] [INFO] [1777340289.743796642] [lvdot_detector_node]: Pipeline stats: depth_samples=1385/71300 u_map=1 depth_boxes=0 u_map_merge=0 u_map_db=0 u_map_visual=0 u_map_fused=0 u_map_filtered=0 lidar_samples=3433/107916 uv=0 db=11 lidar=10 fused=10 filtered=10 tracks=11 dynamic=1 dyn_points=0 raw_dyn_points=0 service=22/1 split=10->0 (10 outputs) fusion_components=10 visual_only=0 lidar_only=10 yolo_in=0 yolo_match3d=0 yolo_match_det=0 yolo_human=0 fixed_size=10 size_reject=0
[lvdot_detector_main-8] [INFO] [1777340289.744599062] [lvdot_detector_node]: get_dynamic_obstacles responded with 1 obstacles from 1 tracked dynamic boxes.
[lvdot_detector_main-8] [INFO] [1777340297.170018640] [lvdot_detector_node]: Input health: depth=171 color=174 lidar=14 pose=168 odom=168 yolo=165 depth_pose_sync=0 lidar_pose_sync=0 depth_odom_sync=0 lidar_odom_sync=0
[lvdot_detector_main-8] [INFO] [1777340297.170108446] [lvdot_detector_node]: Stage timers: detection=210 lidar_detection=210 tracking=210 classification=210 vis=0
[lvdot_detector_main-8] [INFO] [1777340297.170129583] [lvdot_detector_node]: Processing phases: detection=idle lidar_detection=waiting_new_lidar tracking=idle classification=idle
[lvdot_detector_main-8] [INFO] [1777340297.170142932] [lvdot_detector_node]: Pipeline stats: depth_samples=1322/71300 u_map=0 depth_boxes=0 u_map_merge=0 u_map_db=0 u_map_visual=0 u_map_fused=0 u_map_filtered=0 lidar_samples=3433/107916 uv=0 db=14 lidar=10 fused=10 filtered=10 tracks=11 dynamic=1 dyn_points=0 raw_dyn_points=0 service=23/1 split=10->0 (10 outputs) fusion_components=10 visual_only=0 lidar_only=10 yolo_in=2 yolo_match3d=0 yolo_match_det=0 yolo_human=0 fixed_size=10 size_reject=0
[lvdot_detector_main-8] [INFO] [1777340303.680122374] [lvdot_detector_node]: Input health: depth=173 color=176 lidar=15 pose=170 odom=170 yolo=167 depth_pose_sync=0 lidar_pose_sync=0 depth_odom_sync=0 lidar_odom_sync=0
[lvdot_detector_main-8] [INFO] [1777340303.680192069] [lvdot_detector_node]: Stage timers: detection=212 lidar_detection=212 tracking=212 classification=212 vis=0
[lvdot_detector_main-8] [INFO] [1777340303.680203469] [lvdot_detector_node]: Processing phases: detection=idle lidar_detection=waiting_new_lidar tracking=idle classification=idle
[lvdot_detector_main-8] [INFO] [1777340303.680212968] [lvdot_detector_node]: Pipeline stats: depth_samples=1565/71300 u_map=2 depth_boxes=0 u_map_merge=0 u_map_db=0 u_map_visual=0 u_map_fused=0 u_map_filtered=0 lidar_samples=3300/115669 uv=1 db=9 lidar=6 fused=7 filtered=7 tracks=6 dynamic=1 dyn_points=0 raw_dyn_points=0 service=23/1 split=7->0 (7 outputs) fusion_components=7 visual_only=1 lidar_only=6 yolo_in=2 yolo_match3d=0 yolo_match_det=0 yolo_human=0 fixed_size=0 size_reject=0
[lvdot_detector_main-8] [INFO] [1777340303.680942416] [lvdot_detector_node]: get_dynamic_obstacles responded with 1 obstacles from 1 tracked dynamic boxes.
[lvdot_detector_main-8] [WARN] [1777340303.801998596] [lvdot_detector_node.rclcpp]: failed to send response to /onboard_detector/get_dynamic_obstacles (timeout): client will not receive response, at ./src/rmw_response.cpp:153, at ./src/rcl/service.c:400
[lvdot_detector_main-8] [INFO] [1777340309.407763128] [lvdot_detector_node]: Input health: depth=177 color=180 lidar=15 pose=174 odom=174 yolo=171 depth_pose_sync=0 lidar_pose_sync=0 depth_odom_sync=0 lidar_odom_sync=0
[lvdot_detector_main-8] [INFO] [1777340309.407831675] [lvdot_detector_node]: Stage timers: detection=216 lidar_detection=216 tracking=216 classification=216 vis=0
[lvdot_detector_main-8] [INFO] [1777340309.407844906] [lvdot_detector_node]: Processing phases: detection=idle lidar_detection=waiting_new_lidar tracking=idle classification=idle
[lvdot_detector_main-8] [INFO] [1777340309.407856845] [lvdot_detector_node]: Pipeline stats: depth_samples=1534/71300 u_map=2 depth_boxes=0 u_map_merge=0 u_map_db=0 u_map_visual=0 u_map_fused=0 u_map_filtered=0 lidar_samples=3300/115669 uv=1 db=14 lidar=6 fused=7 filtered=7 tracks=6 dynamic=1 dyn_points=0 raw_dyn_points=0 service=24/1 split=7->0 (7 outputs) fusion_components=7 visual_only=1 lidar_only=6 yolo_in=2 yolo_match3d=0 yolo_match_det=0 yolo_human=0 fixed_size=0 size_reject=0
[lvdot_detector_main-8] [INFO] [1777340310.751609183] [lvdot_detector_node]: get_dynamic_obstacles responded with 1 obstacles from 1 tracked dynamic boxes.
[lvdot_detector_main-8] [INFO] [1777340317.648870126] [lvdot_detector_node]: Input health: depth=183 color=186 lidar=15 pose=180 odom=180 yolo=177 depth_pose_sync=0 lidar_pose_sync=0 depth_odom_sync=0 lidar_odom_sync=0
[lvdot_detector_main-8] [INFO] [1777340317.648938066] [lvdot_detector_node]: Stage timers: detection=222 lidar_detection=222 tracking=222 classification=222 vis=0
[lvdot_detector_main-8] [INFO] [1777340317.648949472] [lvdot_detector_node]: Processing phases: detection=idle lidar_detection=waiting_new_lidar tracking=idle classification=idle
[lvdot_detector_main-8] [INFO] [1777340317.648959093] [lvdot_detector_node]: Pipeline stats: depth_samples=1349/71300 u_map=0 depth_boxes=0 u_map_merge=0 u_map_db=0 u_map_visual=0 u_map_fused=0 u_map_filtered=0 lidar_samples=3300/115669 uv=0 db=9 lidar=6 fused=6 filtered=6 tracks=6 dynamic=1 dyn_points=0 raw_dyn_points=0 service=25/1 split=6->0 (6 outputs) fusion_components=6 visual_only=0 lidar_only=6 yolo_in=0 yolo_match3d=0 yolo_match_det=0 yolo_human=0 fixed_size=6 size_reject=0
[lvdot_detector_main-8] [INFO] [1777340322.829638947] [lvdot_detector_node]: get_dynamic_obstacles responded with 1 obstacles from 1 tracked dynamic boxes.
[lvdot_detector_main-8] [WARN] [1777340322.938534152] [lvdot_detector_node.rclcpp]: failed to send response to /onboard_detector/get_dynamic_obstacles (timeout): client will not receive response, at ./src/rmw_response.cpp:153, at ./src/rcl/service.c:400
[lvdot_detector_main-8] [INFO] [1777340325.720999307] [lvdot_detector_node]: Input health: depth=189 color=192 lidar=15 pose=186 odom=186 yolo=183 depth_pose_sync=0 lidar_pose_sync=0 depth_odom_sync=0 lidar_odom_sync=0
[lvdot_detector_main-8] [INFO] [1777340325.731597276] [lvdot_detector_node]: Stage timers: detection=228 lidar_detection=228 tracking=228 classification=228 vis=0
[lvdot_detector_main-8] [INFO] [1777340325.731617653] [lvdot_detector_node]: Processing phases: detection=idle lidar_detection=waiting_new_lidar tracking=idle classification=idle
[lvdot_detector_main-8] [INFO] [1777340325.731628356] [lvdot_detector_node]: Pipeline stats: depth_samples=1400/71300 u_map=2 depth_boxes=0 u_map_merge=0 u_map_db=0 u_map_visual=0 u_map_fused=0 u_map_filtered=0 lidar_samples=3300/115669 uv=1 db=10 lidar=6 fused=7 filtered=7 tracks=7 dynamic=1 dyn_points=0 raw_dyn_points=0 service=26/1 split=7->0 (7 outputs) fusion_components=7 visual_only=1 lidar_only=6 yolo_in=3 yolo_match3d=1 yolo_match_det=1 yolo_human=1 fixed_size=6 size_reject=0
[lvdot_detector_main-8] [INFO] [1777340332.052677010] [lvdot_detector_node]: Input health: depth=193 color=196 lidar=15 pose=190 odom=190 yolo=187 depth_pose_sync=0 lidar_pose_sync=0 depth_odom_sync=0 lidar_odom_sync=0
[lvdot_detector_main-8] [INFO] [1777340332.052751139] [lvdot_detector_node]: Stage timers: detection=232 lidar_detection=232 tracking=232 classification=232 vis=0
[lvdot_detector_main-8] [INFO] [1777340332.052762806] [lvdot_detector_node]: Processing phases: detection=idle lidar_detection=waiting_new_lidar tracking=idle classification=idle
[lvdot_detector_main-8] [INFO] [1777340332.052772261] [lvdot_detector_node]: Pipeline stats: depth_samples=1322/71300 u_map=0 depth_boxes=0 u_map_merge=0 u_map_db=0 u_map_visual=0 u_map_fused=0 u_map_filtered=0 lidar_samples=3300/115669 uv=0 db=14 lidar=6 fused=6 filtered=6 tracks=7 dynamic=1 dyn_points=0 raw_dyn_points=0 service=26/1 split=6->0 (6 outputs) fusion_components=6 visual_only=0 lidar_only=6 yolo_in=3 yolo_match3d=0 yolo_match_det=0 yolo_human=0 fixed_size=6 size_reject=0
[lvdot_detector_main-8] [INFO] [1777340332.053447765] [lvdot_detector_node]: get_dynamic_obstacles responded with 1 obstacles from 1 tracked dynamic boxes.
[lvdot_detector_main-8] [INFO] [1777340339.090646001] [lvdot_detector_node]: Input health: depth=195 color=198 lidar=16 pose=192 odom=192 yolo=189 depth_pose_sync=0 lidar_pose_sync=0 depth_odom_sync=0 lidar_odom_sync=0
[lvdot_detector_main-8] [INFO] [1777340339.091962754] [lvdot_detector_node]: Stage timers: detection=234 lidar_detection=234 tracking=234 classification=234 vis=0
[lvdot_detector_main-8] [INFO] [1777340339.092898493] [lvdot_detector_node]: Processing phases: detection=idle lidar_detection=idle tracking=idle classification=idle
[lvdot_detector_main-8] [INFO] [1777340339.093695700] [lvdot_detector_node]: Pipeline stats: depth_samples=1517/71300 u_map=2 depth_boxes=0 u_map_merge=0 u_map_db=0 u_map_visual=0 u_map_fused=0 u_map_filtered=0 lidar_samples=3230/125342 uv=1 db=13 lidar=15 fused=16 filtered=16 tracks=6 dynamic=1 dyn_points=0 raw_dyn_points=0 service=27/1 split=16->0 (16 outputs) fusion_components=16 visual_only=1 lidar_only=15 yolo_in=0 yolo_match3d=0 yolo_match_det=0 yolo_human=0 fixed_size=6 size_reject=0
[lvdot_detector_main-8] [INFO] [1777340349.540865454] [lvdot_detector_node]: Input health: depth=199 color=202 lidar=17 pose=196 odom=196 yolo=193 depth_pose_sync=0 lidar_pose_sync=0 depth_odom_sync=0 lidar_odom_sync=0
[lvdot_detector_main-8] [INFO] [1777340349.543016479] [lvdot_detector_node]: Stage timers: detection=238 lidar_detection=238 tracking=238 classification=238 vis=0
[lvdot_detector_main-8] [INFO] [1777340349.543052488] [lvdot_detector_node]: Processing phases: detection=idle lidar_detection=idle tracking=idle classification=idle
[lvdot_detector_main-8] [INFO] [1777340349.543067071] [lvdot_detector_node]: Pipeline stats: depth_samples=1507/71300 u_map=3 depth_boxes=0 u_map_merge=0 u_map_db=0 u_map_visual=0 u_map_fused=0 u_map_filtered=0 lidar_samples=3269/120218 uv=2 db=12 lidar=19 fused=20 filtered=20 tracks=16 dynamic=1 dyn_points=0 raw_dyn_points=0 service=27/1 split=20->0 (20 outputs) fusion_components=20 visual_only=1 lidar_only=18 yolo_in=0 yolo_match3d=0 yolo_match_det=0 yolo_human=0 fixed_size=0 size_reject=0
[lvdot_detector_main-8] [INFO] [1777340356.671365805] [lvdot_detector_node]: Input health: depth=204 color=207 lidar=17 pose=201 odom=201 yolo=198 depth_pose_sync=0 lidar_pose_sync=0 depth_odom_sync=0 lidar_odom_sync=0
[lvdot_detector_main-8] [INFO] [1777340356.671548006] [lvdot_detector_node]: Stage timers: detection=243 lidar_detection=243 tracking=243 classification=243 vis=0
[lvdot_detector_main-8] [INFO] [1777340356.671569814] [lvdot_detector_node]: Processing phases: detection=idle lidar_detection=waiting_new_lidar tracking=idle classification=idle
[lvdot_detector_main-8] [INFO] [1777340356.671583593] [lvdot_detector_node]: Pipeline stats: depth_samples=1491/71300 u_map=4 depth_boxes=0 u_map_merge=0 u_map_db=0 u_map_visual=0 u_map_fused=0 u_map_filtered=0 lidar_samples=3269/120218 uv=2 db=12 lidar=19 fused=21 filtered=22 tracks=19 dynamic=1 dyn_points=0 raw_dyn_points=0 service=27/1 split=21->1 (22 outputs) fusion_components=21 visual_only=2 lidar_only=19 yolo_in=4 yolo_match3d=2 yolo_match_det=3 yolo_human=3 fixed_size=0 size_reject=0
[lvdot_detector_main-8] [INFO] [1777340362.948853007] [lvdot_detector_node]: Input health: depth=208 color=211 lidar=17 pose=205 odom=205 yolo=202 depth_pose_sync=0 lidar_pose_sync=0 depth_odom_sync=0 lidar_odom_sync=0
[lvdot_detector_main-8] [INFO] [1777340362.951770899] [lvdot_detector_node]: Stage timers: detection=247 lidar_detection=247 tracking=247 classification=247 vis=0
[lvdot_detector_main-8] [INFO] [1777340362.952083202] [lvdot_detector_node]: Processing phases: detection=idle lidar_detection=waiting_new_lidar tracking=idle classification=idle
[lvdot_detector_main-8] [INFO] [1777340362.952175709] [lvdot_detector_node]: Pipeline stats: depth_samples=1107/71300 u_map=1 depth_boxes=0 u_map_merge=0 u_map_db=0 u_map_visual=0 u_map_fused=0 u_map_filtered=0 lidar_samples=3269/120218 uv=0 db=11 lidar=19 fused=19 filtered=19 tracks=19 dynamic=1 dyn_points=0 raw_dyn_points=0 service=27/1 split=19->0 (19 outputs) fusion_components=19 visual_only=0 lidar_only=19 yolo_in=4 yolo_match3d=2 yolo_match_det=2 yolo_human=2 fixed_size=0 size_reject=0
[lvdot_detector_main-8] [INFO] [1777340369.303336847] [lvdot_detector_node]: Input health: depth=212 color=215 lidar=17 pose=209 odom=209 yolo=206 depth_pose_sync=0 lidar_pose_sync=0 depth_odom_sync=0 lidar_odom_sync=0
[lvdot_detector_main-8] [INFO] [1777340369.303447999] [lvdot_detector_node]: Stage timers: detection=251 lidar_detection=251 tracking=251 classification=251 vis=0
[lvdot_detector_main-8] [INFO] [1777340369.303472266] [lvdot_detector_node]: Processing phases: detection=idle lidar_detection=waiting_new_lidar tracking=idle classification=idle
[lvdot_detector_main-8] [INFO] [1777340369.303486947] [lvdot_detector_node]: Pipeline stats: depth_samples=1316/71300 u_map=0 depth_boxes=0 u_map_merge=0 u_map_db=0 u_map_visual=0 u_map_fused=0 u_map_filtered=0 lidar_samples=3269/120218 uv=0 db=9 lidar=19 fused=19 filtered=19 tracks=19 dynamic=2 dyn_points=0 raw_dyn_points=0 service=27/1 split=19->0 (19 outputs) fusion_components=19 visual_only=0 lidar_only=19 yolo_in=4 yolo_match3d=0 yolo_match_det=0 yolo_human=0 fixed_size=19 size_reject=0
[lvdot_detector_main-8] [INFO] [1777340382.162124526] [lvdot_detector_node]: Input health: depth=214 color=217 lidar=19 pose=211 odom=211 yolo=208 depth_pose_sync=0 lidar_pose_sync=0 depth_odom_sync=0 lidar_odom_sync=0
[lvdot_detector_main-8] [INFO] [1777340382.162230350] [lvdot_detector_node]: Stage timers: detection=253 lidar_detection=253 tracking=253 classification=253 vis=0
[lvdot_detector_main-8] [INFO] [1777340382.162249789] [lvdot_detector_node]: Processing phases: detection=idle lidar_detection=idle tracking=idle classification=idle
[lvdot_detector_main-8] [INFO] [1777340382.162265063] [lvdot_detector_node]: Pipeline stats: depth_samples=1517/71300 u_map=2 depth_boxes=0 u_map_merge=0 u_map_db=0 u_map_visual=0 u_map_fused=0 u_map_filtered=0 lidar_samples=3312/147386 uv=2 db=12 lidar=75 fused=77 filtered=77 tracks=5 dynamic=2 dyn_points=0 raw_dyn_points=0 service=27/1 split=77->0 (77 outputs) fusion_components=77 visual_only=2 lidar_only=75 yolo_in=1 yolo_match3d=1 yolo_match_det=1 yolo_human=1 fixed_size=0 size_reject=0
[lvdot_detector_main-8] [INFO] [1777340392.857258155] [lvdot_detector_node]: Input health: depth=216 color=219 lidar=21 pose=213 odom=213 yolo=210 depth_pose_sync=0 lidar_pose_sync=0 depth_odom_sync=0 lidar_odom_sync=0
[lvdot_detector_main-8] [INFO] [1777340392.858619860] [lvdot_detector_node]: Stage timers: detection=255 lidar_detection=255 tracking=255 classification=255 vis=0
[lvdot_detector_main-8] [INFO] [1777340392.859281611] [lvdot_detector_node]: Processing phases: detection=idle lidar_detection=idle tracking=idle classification=idle
[lvdot_detector_main-8] [INFO] [1777340392.859294510] [lvdot_detector_node]: Pipeline stats: depth_samples=1369/71300 u_map=0 depth_boxes=0 u_map_merge=0 u_map_db=0 u_map_visual=0 u_map_fused=0 u_map_filtered=0 lidar_samples=3290/124966 uv=0 db=10 lidar=21 fused=21 filtered=21 tracks=10 dynamic=1 dyn_points=0 raw_dyn_points=0 service=27/1 split=21->0 (21 outputs) fusion_components=21 visual_only=0 lidar_only=21 yolo_in=2 yolo_match3d=2 yolo_match_det=2 yolo_human=2 fixed_size=0 size_reject=0
[lvdot_detector_main-8] [INFO] [1777340404.681428626] [lvdot_detector_node]: Input health: depth=220 color=223 lidar=22 pose=217 odom=217 yolo=214 depth_pose_sync=0 lidar_pose_sync=0 depth_odom_sync=0 lidar_odom_sync=0
[lvdot_detector_main-8] [INFO] [1777340404.681513735] [lvdot_detector_node]: Stage timers: detection=259 lidar_detection=259 tracking=259 classification=259 vis=0
[lvdot_detector_main-8] [INFO] [1777340404.681530677] [lvdot_detector_node]: Processing phases: detection=idle lidar_detection=idle tracking=idle classification=idle
[lvdot_detector_main-8] [INFO] [1777340404.681541774] [lvdot_detector_node]: Pipeline stats: depth_samples=1031/71300 u_map=1 depth_boxes=0 u_map_merge=0 u_map_db=0 u_map_visual=0 u_map_fused=0 u_map_filtered=0 lidar_samples=3090/162323 uv=0 db=10 lidar=49 fused=49 filtered=50 tracks=22 dynamic=1 dyn_points=0 raw_dyn_points=0 service=27/1 split=49->2 (50 outputs) fusion_components=49 visual_only=0 lidar_only=49 yolo_in=4 yolo_match3d=2 yolo_match_det=4 yolo_human=3 fixed_size=0 size_reject=0
[lvdot_detector_main-8] [INFO] [1777340412.646839554] [lvdot_detector_node]: Input health: depth=225 color=228 lidar=22 pose=222 odom=222 yolo=219 depth_pose_sync=0 lidar_pose_sync=0 depth_odom_sync=0 lidar_odom_sync=0
[lvdot_detector_main-8] [INFO] [1777340412.646979383] [lvdot_detector_node]: Stage timers: detection=264 lidar_detection=264 tracking=264 classification=264 vis=0
[lvdot_detector_main-8] [INFO] [1777340412.646997381] [lvdot_detector_node]: Processing phases: detection=idle lidar_detection=waiting_new_lidar tracking=idle classification=idle
[lvdot_detector_main-8] [INFO] [1777340412.647008753] [lvdot_detector_node]: Pipeline stats: depth_samples=1413/71300 u_map=2 depth_boxes=0 u_map_merge=0 u_map_db=0 u_map_visual=0 u_map_fused=0 u_map_filtered=0 lidar_samples=3090/162323 uv=1 db=10 lidar=49 fused=50 filtered=50 tracks=49 dynamic=1 dyn_points=0 raw_dyn_points=0 service=27/1 split=50->0 (50 outputs) fusion_components=50 visual_only=1 lidar_only=49 yolo_in=0 yolo_match3d=0 yolo_match_det=0 yolo_human=0 fixed_size=0 size_reject=0
[lvdot_detector_main-8] [INFO] [1777340423.297284411] [lvdot_detector_node]: Input health: depth=229 color=232 lidar=23 pose=226 odom=226 yolo=223 depth_pose_sync=0 lidar_pose_sync=0 depth_odom_sync=0 lidar_odom_sync=0
[lvdot_detector_main-8] [INFO] [1777340423.297381090] [lvdot_detector_node]: Stage timers: detection=268 lidar_detection=268 tracking=268 classification=268 vis=0
[lvdot_detector_main-8] [INFO] [1777340423.297400704] [lvdot_detector_node]: Processing phases: detection=idle lidar_detection=idle tracking=idle classification=idle
[lvdot_detector_main-8] [INFO] [1777340423.297412888] [lvdot_detector_node]: Pipeline stats: depth_samples=1371/71300 u_map=2 depth_boxes=0 u_map_merge=0 u_map_db=0 u_map_visual=0 u_map_fused=0 u_map_filtered=0 lidar_samples=2571/204420 uv=1 db=13 lidar=2 fused=3 filtered=4 tracks=50 dynamic=1 dyn_points=0 raw_dyn_points=0 service=27/1 split=3->1 (4 outputs) fusion_components=3 visual_only=1 lidar_only=2 yolo_in=5 yolo_match3d=2 yolo_match_det=4 yolo_human=3 fixed_size=1 size_reject=1
[lvdot_detector_main-8] [INFO] [1777340430.767069382] [lvdot_detector_node]: Input health: depth=231 color=234 lidar=24 pose=228 odom=228 yolo=225 depth_pose_sync=0 lidar_pose_sync=0 depth_odom_sync=0 lidar_odom_sync=0
[lvdot_detector_main-8] [INFO] [1777340430.767141297] [lvdot_detector_node]: Stage timers: detection=270 lidar_detection=270 tracking=270 classification=270 vis=0
[lvdot_detector_main-8] [INFO] [1777340430.767152491] [lvdot_detector_node]: Processing phases: detection=idle lidar_detection=idle tracking=idle classification=idle
[lvdot_detector_main-8] [INFO] [1777340430.767161901] [lvdot_detector_node]: Pipeline stats: depth_samples=1481/71300 u_map=1 depth_boxes=0 u_map_merge=0 u_map_db=0 u_map_visual=0 u_map_fused=0 u_map_filtered=0 lidar_samples=3233/125261 uv=1 db=9 lidar=19 fused=20 filtered=20 tracks=2 dynamic=1 dyn_points=0 raw_dyn_points=0 service=27/1 split=20->0 (20 outputs) fusion_components=20 visual_only=1 lidar_only=19 yolo_in=2 yolo_match3d=2 yolo_match_det=2 yolo_human=2 fixed_size=0 size_reject=2
[lvdot_detector_main-8] [INFO] [1777340437.631752529] [lvdot_detector_node]: Input health: depth=235 color=238 lidar=24 pose=232 odom=232 yolo=229 depth_pose_sync=0 lidar_pose_sync=0 depth_odom_sync=0 lidar_odom_sync=0
[lvdot_detector_main-8] [INFO] [1777340437.631834575] [lvdot_detector_node]: Stage timers: detection=274 lidar_detection=274 tracking=274 classification=274 vis=0
[lvdot_detector_main-8] [INFO] [1777340437.631846799] [lvdot_detector_node]: Processing phases: detection=idle lidar_detection=waiting_new_lidar tracking=idle classification=idle
[lvdot_detector_main-8] [INFO] [1777340437.631856744] [lvdot_detector_node]: Pipeline stats: depth_samples=1231/71300 u_map=1 depth_boxes=0 u_map_merge=0 u_map_db=0 u_map_visual=0 u_map_fused=0 u_map_filtered=0 lidar_samples=3233/125261 uv=1 db=10 lidar=19 fused=20 filtered=20 tracks=19 dynamic=2 dyn_points=0 raw_dyn_points=0 service=27/1 split=20->1 (20 outputs) fusion_components=20 visual_only=1 lidar_only=19 yolo_in=4 yolo_match3d=1 yolo_match_det=2 yolo_human=0 fixed_size=0 size_reject=0
[lvdot_detector_main-8] [INFO] [1777340444.383371011] [lvdot_detector_node]: Input health: depth=239 color=242 lidar=24 pose=236 odom=236 yolo=233 depth_pose_sync=0 lidar_pose_sync=0 depth_odom_sync=0 lidar_odom_sync=0
[lvdot_detector_main-8] [INFO] [1777340444.384619888] [lvdot_detector_node]: Stage timers: detection=278 lidar_detection=278 tracking=278 classification=278 vis=0
[lvdot_detector_main-8] [INFO] [1777340444.385365019] [lvdot_detector_node]: Processing phases: detection=idle lidar_detection=waiting_new_lidar tracking=idle classification=idle
[lvdot_detector_main-8] [INFO] [1777340444.385628387] [lvdot_detector_node]: Pipeline stats: depth_samples=1469/71300 u_map=2 depth_boxes=0 u_map_merge=0 u_map_db=0 u_map_visual=0 u_map_fused=0 u_map_filtered=0 lidar_samples=3233/125261 uv=2 db=10 lidar=19 fused=21 filtered=22 tracks=24 dynamic=1 dyn_points=0 raw_dyn_points=0 service=27/1 split=21->1 (22 outputs) fusion_components=21 visual_only=2 lidar_only=19 yolo_in=3 yolo_match3d=2 yolo_match_det=3 yolo_human=3 fixed_size=0 size_reject=0
[lvdot_detector_main-8] [INFO] [1777340452.005538115] [lvdot_detector_node]: Input health: depth=243 color=246 lidar=24 pose=240 odom=240 yolo=237 depth_pose_sync=0 lidar_pose_sync=0 depth_odom_sync=0 lidar_odom_sync=0
[lvdot_detector_main-8] [INFO] [1777340452.005607089] [lvdot_detector_node]: Stage timers: detection=282 lidar_detection=282 tracking=282 classification=282 vis=0
[lvdot_detector_main-8] [INFO] [1777340452.005619847] [lvdot_detector_node]: Processing phases: detection=idle lidar_detection=waiting_new_lidar tracking=idle classification=idle
[lvdot_detector_main-8] [INFO] [1777340452.005630313] [lvdot_detector_node]: Pipeline stats: depth_samples=1529/71300 u_map=4 depth_boxes=0 u_map_merge=0 u_map_db=0 u_map_visual=0 u_map_fused=0 u_map_filtered=0 lidar_samples=3233/125261 uv=1 db=13 lidar=19 fused=20 filtered=20 tracks=19 dynamic=1 dyn_points=0 raw_dyn_points=0 service=27/1 split=20->0 (20 outputs) fusion_components=20 visual_only=1 lidar_only=19 yolo_in=0 yolo_match3d=0 yolo_match_det=0 yolo_human=0 fixed_size=19 size_reject=2
[lvdot_detector_main-8] [INFO] [1777340458.628912266] [lvdot_detector_node]: Input health: depth=247 color=250 lidar=24 pose=244 odom=244 yolo=241 depth_pose_sync=0 lidar_pose_sync=0 depth_odom_sync=0 lidar_odom_sync=0
[lvdot_detector_main-8] [INFO] [1777340458.630243619] [lvdot_detector_node]: Stage timers: detection=286 lidar_detection=286 tracking=286 classification=286 vis=0
[lvdot_detector_main-8] [INFO] [1777340458.631214494] [lvdot_detector_node]: Processing phases: detection=idle lidar_detection=waiting_new_lidar tracking=idle classification=idle
[lvdot_detector_main-8] [INFO] [1777340458.631587190] [lvdot_detector_node]: Pipeline stats: depth_samples=1316/71300 u_map=0 depth_boxes=0 u_map_merge=0 u_map_db=0 u_map_visual=0 u_map_fused=0 u_map_filtered=0 lidar_samples=3233/125261 uv=0 db=9 lidar=19 fused=19 filtered=19 tracks=20 dynamic=1 dyn_points=0 raw_dyn_points=0 service=27/1 split=19->0 (19 outputs) fusion_components=19 visual_only=0 lidar_only=19 yolo_in=4 yolo_match3d=0 yolo_match_det=0 yolo_human=0 fixed_size=19 size_reject=1
[lvdot_detector_main-8] [INFO] [1777340458.634122054] [lvdot_detector_node]: get_dynamic_obstacles responded with 1 obstacles from 1 tracked dynamic boxes.
[lvdot_detector_main-8] [INFO] [1777340464.269084863] [lvdot_detector_node]: Input health: depth=251 color=254 lidar=24 pose=248 odom=248 yolo=245 depth_pose_sync=0 lidar_pose_sync=0 depth_odom_sync=0 lidar_odom_sync=0
[lvdot_detector_main-8] [INFO] [1777340464.270175996] [lvdot_detector_node]: Stage timers: detection=290 lidar_detection=290 tracking=290 classification=290 vis=0
[lvdot_detector_main-8] [INFO] [1777340464.270478013] [lvdot_detector_node]: Processing phases: detection=idle lidar_detection=waiting_new_lidar tracking=idle classification=idle
[lvdot_detector_main-8] [INFO] [1777340464.270491007] [lvdot_detector_node]: Pipeline stats: depth_samples=1445/71300 u_map=2 depth_boxes=0 u_map_merge=0 u_map_db=0 u_map_visual=0 u_map_fused=0 u_map_filtered=0 lidar_samples=3233/125261 uv=0 db=10 lidar=19 fused=19 filtered=19 tracks=20 dynamic=2 dyn_points=0 raw_dyn_points=0 service=28/1 split=19->0 (19 outputs) fusion_components=19 visual_only=0 lidar_only=19 yolo_in=6 yolo_match3d=0 yolo_match_det=0 yolo_human=0 fixed_size=19 size_reject=0
[lvdot_detector_main-8] [INFO] [1777340470.481354381] [lvdot_detector_node]: Input health: depth=255 color=258 lidar=24 pose=252 odom=252 yolo=249 depth_pose_sync=0 lidar_pose_sync=0 depth_odom_sync=0 lidar_odom_sync=0
[lvdot_detector_main-8] [INFO] [1777340470.481441440] [lvdot_detector_node]: Stage timers: detection=294 lidar_detection=294 tracking=294 classification=294 vis=0
[lvdot_detector_main-8] [INFO] [1777340470.481459692] [lvdot_detector_node]: Processing phases: detection=idle lidar_detection=waiting_new_lidar tracking=idle classification=idle
[lvdot_detector_main-8] [INFO] [1777340470.481473228] [lvdot_detector_node]: Pipeline stats: depth_samples=1093/66700 u_map=2 depth_boxes=0 u_map_merge=0 u_map_db=0 u_map_visual=0 u_map_fused=0 u_map_filtered=0 lidar_samples=3233/125261 uv=1 db=11 lidar=19 fused=20 filtered=20 tracks=22 dynamic=1 dyn_points=0 raw_dyn_points=0 service=28/1 split=20->0 (20 outputs) fusion_components=20 visual_only=1 lidar_only=19 yolo_in=1 yolo_match3d=0 yolo_match_det=0 yolo_human=0 fixed_size=19 size_reject=0
[lvdot_detector_main-8] [INFO] [1777340476.226539905] [lvdot_detector_node]: Input health: depth=259 color=262 lidar=24 pose=256 odom=256 yolo=253 depth_pose_sync=0 lidar_pose_sync=0 depth_odom_sync=0 lidar_odom_sync=0
[lvdot_detector_main-8] [INFO] [1777340476.226626847] [lvdot_detector_node]: Stage timers: detection=298 lidar_detection=298 tracking=298 classification=298 vis=0
[lvdot_detector_main-8] [INFO] [1777340476.226707651] [lvdot_detector_node]: Processing phases: detection=idle lidar_detection=waiting_new_lidar tracking=idle classification=idle
[lvdot_detector_main-8] [INFO] [1777340476.226725261] [lvdot_detector_node]: Pipeline stats: depth_samples=1316/71300 u_map=0 depth_boxes=0 u_map_merge=0 u_map_db=0 u_map_visual=0 u_map_fused=0 u_map_filtered=0 lidar_samples=3233/125261 uv=0 db=9 lidar=19 fused=19 filtered=19 tracks=19 dynamic=1 dyn_points=0 raw_dyn_points=0 service=28/1 split=19->0 (19 outputs) fusion_components=19 visual_only=0 lidar_only=19 yolo_in=1 yolo_match3d=0 yolo_match_det=0 yolo_human=0 fixed_size=19 size_reject=0
[lvdot_detector_main-8] [INFO] [1777340483.509765376] [lvdot_detector_node]: Input health: depth=261 color=264 lidar=25 pose=258 odom=258 yolo=255 depth_pose_sync=0 lidar_pose_sync=0 depth_odom_sync=0 lidar_odom_sync=0
[lvdot_detector_main-8] [INFO] [1777340483.509918478] [lvdot_detector_node]: Stage timers: detection=300 lidar_detection=300 tracking=300 classification=300 vis=0
[lvdot_detector_main-8] [INFO] [1777340483.509940805] [lvdot_detector_node]: Processing phases: detection=idle lidar_detection=waiting_new_lidar tracking=idle classification=idle
[lvdot_detector_main-8] [INFO] [1777340483.509953065] [lvdot_detector_node]: Pipeline stats: depth_samples=1482/71300 u_map=2 depth_boxes=0 u_map_merge=0 u_map_db=0 u_map_visual=0 u_map_fused=0 u_map_filtered=0 lidar_samples=3441/107870 uv=2 db=11 lidar=4 fused=6 filtered=6 tracks=5 dynamic=1 dyn_points=0 raw_dyn_points=0 service=28/1 split=6->0 (6 outputs) fusion_components=6 visual_only=2 lidar_only=4 yolo_in=3 yolo_match3d=2 yolo_match_det=2 yolo_human=2 fixed_size=0 size_reject=0
