[INFO] [launch]: All log files can be found below /home/skbt2/.ros/log/2026-04-24-09-45-20-669143-DESKTOP-90MQDL6-65326
[INFO] [launch]: Default logging verbosity is set to INFO
[INFO] [gazebo-1]: process started with pid [65365]
[INFO] [parameter_bridge-2]: process started with pid [65366]
[INFO] [pedestrian_state_publisher-3]: process started with pid [65367]
[INFO] [uav_trajectory_controller-4]: process started with pid [65368]
[INFO] [image_pointcloud_relay-5]: process started with pid [65369]
[INFO] [image_pointcloud_relay-6]: process started with pid [65370]
[INFO] [lvdot_yolo_node-7]: process started with pid [65371]
[INFO] [lvdot_detector_main-8]: process started with pid [65372]
[parameter_bridge-2] [INFO] [1776995120.920019808] [ros_gz_bridge]: Creating GZ->ROS Bridge: [/rgbd_camera/image (gz.msgs.Image) -> /rgbd_camera/image (sensor_msgs/msg/Image)] (Lazy 0)
[parameter_bridge-2] [INFO] [1776995120.924807906] [ros_gz_bridge]: Creating GZ->ROS Bridge: [/rgbd_camera/camera_info (gz.msgs.CameraInfo) -> /rgbd_camera/camera_info (sensor_msgs/msg/CameraInfo)] (Lazy 0)
[parameter_bridge-2] [INFO] [1776995120.927237552] [ros_gz_bridge]: Creating GZ->ROS Bridge: [/rgbd_camera/depth_image (gz.msgs.Image) -> /rgbd_camera/depth_image (sensor_msgs/msg/Image)] (Lazy 0)
[parameter_bridge-2] [INFO] [1776995120.928361470] [ros_gz_bridge]: Creating GZ->ROS Bridge: [/rgbd_camera/points (gz.msgs.PointCloudPacked) -> /rgbd_camera/points (sensor_msgs/msg/PointCloud2)] (Lazy 0)
[parameter_bridge-2] [INFO] [1776995120.930329134] [ros_gz_bridge]: Creating GZ->ROS Bridge: [/camera/imu (gz.msgs.IMU) -> /camera/imu (sensor_msgs/msg/Imu)] (Lazy 0)
[parameter_bridge-2] [INFO] [1776995120.931656536] [ros_gz_bridge]: Creating ROS->GZ service bridge [/world/pedestrian_prototype/set_pose (ros_gz_interfaces/srv/SetEntityPose -> /)]
[parameter_bridge-2] [INFO] [1776995120.933678038] [ros_gz_bridge]: Creating ROS->GZ service bridge [/world/pedestrian_prototype/set_pose/blocking (ros_gz_interfaces/srv/SetEntityPose -> /)]
[lvdot_detector_main-8] [INFO] [1776995121.382489817] [lvdot_detector_node]: Config loaded: localization_mode=0 dt=0.033 image=640x480 depth_range=[0.50, 5.00] stage_timers=true vis_stage=false executor_threads=1
[lvdot_detector_main-8] [INFO] [1776995121.438847496] [lvdot_detector_node]: LV-DOT ROS2 skeleton started. depth=/camera/depth/image_rect_raw color=/camera/color/image_raw lidar=/pointcloud pose=/mavros/local_position/pose odom=/mavros/local_position/odom yolo=/yolo_detector/detected_bounding_boxes
[lvdot_detector_main-8] [INFO] [1776995121.438919279] [lvdot_detector_node]: Starting executor with executor_threads=1
[lvdot_detector_main-8] [WARN] [1776995121.438995573] [rclcpp]: MultiThreadedExecutor is used with a single thread.
[lvdot_detector_main-8] Use the SingleThreadedExecutor instead.
[gazebo-1] [INFO] [1776995122.064423804] [pedestrian_pose_sync_system]: Configured pedestrian pose sync plugin on topic [/pedestrian_sim/agent_states] for 8 models.
[uav_trajectory_controller-4] [WARN] [1776995123.287096888] [uav_trajectory_controller]: SetEntityPose request timed out after 0.62s on /world/pedestrian_prototype/set_pose/blocking; dropping the pending request and retrying.
[uav_trajectory_controller-4] [WARN] [1776995123.288444981] [uav_trajectory_controller]: Falling back from /world/pedestrian_prototype/set_pose/blocking to /world/pedestrian_prototype/set_pose.
[lvdot_detector_main-8] [INFO] [1776995124.109770128] [lvdot_detector_node]: Input health: depth=0 color=0 lidar=0 pose=0 odom=0 yolo=0 depth_pose_sync=0 lidar_pose_sync=0 depth_odom_sync=0 lidar_odom_sync=0
[lvdot_detector_main-8] [INFO] [1776995124.109864074] [lvdot_detector_node]: Stage timers: detection=60 lidar_detection=60 tracking=60 classification=60 vis=0
[lvdot_detector_main-8] [INFO] [1776995124.109877803] [lvdot_detector_node]: Processing phases: detection=waiting_sensor_pose lidar_detection=waiting_new_lidar tracking=waiting_new_filtered_update classification=waiting_new_tracking_update
[lvdot_detector_main-8] [INFO] [1776995124.109885256] [lvdot_detector_node]: Pipeline stats: depth_samples=0/0 u_map=0 depth_boxes=0 u_map_merge=0 u_map_db=0 u_map_visual=0 u_map_fused=0 u_map_filtered=0 lidar_samples=0/0 uv=0 db=0 lidar=0 fused=0 filtered=0 tracks=0 dynamic=0 dyn_points=0 raw_dyn_points=0 service=0/0 split=0->0 (0 outputs) fusion_components=0 visual_only=0 lidar_only=0 yolo_in=0 yolo_match3d=0 yolo_match_det=0 yolo_human=0 fixed_size=0 size_reject=0
[lvdot_detector_main-8] [INFO] [1776995134.206723168] [lvdot_detector_node]: Input health: depth=3 color=1 lidar=2 pose=21 odom=21 yolo=2 depth_pose_sync=0 lidar_pose_sync=0 depth_odom_sync=0 lidar_odom_sync=0
[lvdot_detector_main-8] [INFO] [1776995134.206835091] [lvdot_detector_node]: Stage timers: detection=121 lidar_detection=121 tracking=121 classification=121 vis=0
[lvdot_detector_main-8] [INFO] [1776995134.206851205] [lvdot_detector_node]: Processing phases: detection=idle lidar_detection=idle tracking=idle classification=idle
[lvdot_detector_main-8] [INFO] [1776995134.206864019] [lvdot_detector_node]: Pipeline stats: depth_samples=1357/65780 u_map=2 depth_boxes=0 u_map_merge=0 u_map_db=0 u_map_visual=0 u_map_fused=0 u_map_filtered=0 lidar_samples=3456/177242 uv=0 db=14 lidar=6 fused=6 filtered=7 tracks=5 dynamic=0 dyn_points=0 raw_dyn_points=0 service=0/0 split=6->1 (7 outputs) fusion_components=6 visual_only=0 lidar_only=6 yolo_in=3 yolo_match3d=1 yolo_match_det=3 yolo_human=2 fixed_size=0 size_reject=0
[lvdot_detector_main-8] [INFO] [1776995141.337859834] [lvdot_detector_node]: Input health: depth=5 color=3 lidar=4 pose=23 odom=23 yolo=4 depth_pose_sync=0 lidar_pose_sync=0 depth_odom_sync=0 lidar_odom_sync=0
[lvdot_detector_main-8] [INFO] [1776995141.338706127] [lvdot_detector_node]: Stage timers: detection=123 lidar_detection=123 tracking=123 classification=123 vis=0
[lvdot_detector_main-8] [INFO] [1776995141.339213472] [lvdot_detector_node]: Processing phases: detection=idle lidar_detection=idle tracking=idle classification=idle
[lvdot_detector_main-8] [INFO] [1776995141.339749226] [lvdot_detector_node]: Pipeline stats: depth_samples=1316/71300 u_map=0 depth_boxes=0 u_map_merge=0 u_map_db=0 u_map_visual=0 u_map_fused=0 u_map_filtered=0 lidar_samples=3368/150468 uv=0 db=9 lidar=6 fused=6 filtered=6 tracks=72 dynamic=1 dyn_points=0 raw_dyn_points=0 service=0/0 split=6->0 (6 outputs) fusion_components=6 visual_only=0 lidar_only=6 yolo_in=0 yolo_match3d=0 yolo_match_det=0 yolo_human=0 fixed_size=0 size_reject=1
[lvdot_detector_main-8] [INFO] [1776995147.013430956] [lvdot_detector_node]: Input health: depth=7 color=5 lidar=6 pose=25 odom=25 yolo=6 depth_pose_sync=0 lidar_pose_sync=0 depth_odom_sync=0 lidar_odom_sync=0
[lvdot_detector_main-8] [INFO] [1776995147.014352386] [lvdot_detector_node]: Stage timers: detection=125 lidar_detection=125 tracking=125 classification=125 vis=0
[lvdot_detector_main-8] [INFO] [1776995147.014902344] [lvdot_detector_node]: Processing phases: detection=idle lidar_detection=idle tracking=idle classification=idle
[lvdot_detector_main-8] [INFO] [1776995147.015476107] [lvdot_detector_node]: Pipeline stats: depth_samples=1313/71300 u_map=1 depth_boxes=0 u_map_merge=0 u_map_db=0 u_map_visual=0 u_map_fused=0 u_map_filtered=0 lidar_samples=3130/165090 uv=0 db=7 lidar=23 fused=23 filtered=23 tracks=16 dynamic=0 dyn_points=0 raw_dyn_points=0 service=0/0 split=23->0 (23 outputs) fusion_components=23 visual_only=0 lidar_only=23 yolo_in=3 yolo_match3d=3 yolo_match_det=3 yolo_human=3 fixed_size=0 size_reject=0
[lvdot_detector_main-8] [INFO] [1776995154.017235181] [lvdot_detector_node]: Input health: depth=9 color=7 lidar=8 pose=27 odom=27 yolo=8 depth_pose_sync=0 lidar_pose_sync=0 depth_odom_sync=0 lidar_odom_sync=0
[lvdot_detector_main-8] [INFO] [1776995154.017404035] [lvdot_detector_node]: Stage timers: detection=127 lidar_detection=127 tracking=127 classification=127 vis=0
[lvdot_detector_main-8] [INFO] [1776995154.017422960] [lvdot_detector_node]: Processing phases: detection=idle lidar_detection=idle tracking=idle classification=idle
[lvdot_detector_main-8] [INFO] [1776995154.017430902] [lvdot_detector_node]: Pipeline stats: depth_samples=1620/71300 u_map=3 depth_boxes=0 u_map_merge=0 u_map_db=0 u_map_visual=0 u_map_fused=0 u_map_filtered=0 lidar_samples=3137/172918 uv=2 db=14 lidar=10 fused=12 filtered=12 tracks=49 dynamic=2 dyn_points=0 raw_dyn_points=0 service=0/0 split=12->0 (12 outputs) fusion_components=12 visual_only=2 lidar_only=10 yolo_in=1 yolo_match3d=0 yolo_match_det=0 yolo_human=0 fixed_size=0 size_reject=1
[lvdot_detector_main-8] [INFO] [1776995161.843234930] [lvdot_detector_node]: Input health: depth=11 color=9 lidar=10 pose=29 odom=29 yolo=10 depth_pose_sync=0 lidar_pose_sync=0 depth_odom_sync=0 lidar_odom_sync=0
[lvdot_detector_main-8] [INFO] [1776995161.843348781] [lvdot_detector_node]: Stage timers: detection=129 lidar_detection=129 tracking=129 classification=129 vis=0
[lvdot_detector_main-8] [INFO] [1776995161.843366660] [lvdot_detector_node]: Processing phases: detection=idle lidar_detection=idle tracking=idle classification=idle
[lvdot_detector_main-8] [INFO] [1776995161.843378939] [lvdot_detector_node]: Pipeline stats: depth_samples=1322/71300 u_map=0 depth_boxes=0 u_map_merge=0 u_map_db=0 u_map_visual=0 u_map_fused=0 u_map_filtered=0 lidar_samples=3365/108091 uv=0 db=14 lidar=7 fused=7 filtered=7 tracks=61 dynamic=0 dyn_points=0 raw_dyn_points=0 service=0/0 split=7->0 (7 outputs) fusion_components=7 visual_only=0 lidar_only=7 yolo_in=0 yolo_match3d=0 yolo_match_det=0 yolo_human=0 fixed_size=0 size_reject=0
[lvdot_detector_main-8] [INFO] [1776995168.594527476] [lvdot_detector_node]: Input health: depth=13 color=11 lidar=12 pose=31 odom=31 yolo=12 depth_pose_sync=0 lidar_pose_sync=0 depth_odom_sync=0 lidar_odom_sync=0
[lvdot_detector_main-8] [INFO] [1776995168.594652934] [lvdot_detector_node]: Stage timers: detection=131 lidar_detection=131 tracking=131 classification=131 vis=0
[lvdot_detector_main-8] [INFO] [1776995168.594676286] [lvdot_detector_node]: Processing phases: detection=idle lidar_detection=idle tracking=idle classification=idle
[lvdot_detector_main-8] [INFO] [1776995168.594688109] [lvdot_detector_node]: Pipeline stats: depth_samples=1384/64630 u_map=2 depth_boxes=0 u_map_merge=0 u_map_db=0 u_map_visual=0 u_map_fused=0 u_map_filtered=0 lidar_samples=3355/149924 uv=2 db=8 lidar=78 fused=78 filtered=78 tracks=20 dynamic=0 dyn_points=0 raw_dyn_points=0 service=0/0 split=78->1 (78 outputs) fusion_components=78 visual_only=0 lidar_only=76 yolo_in=5 yolo_match3d=2 yolo_match_det=5 yolo_human=2 fixed_size=0 size_reject=0
[lvdot_detector_main-8] [WARN] [1776995168.697384070] [lvdot_detector_node.rclcpp]: failed to send response to /lvdot_detector_node/get_parameters (timeout): client will not receive response, at ./src/rmw_response.cpp:153, at ./src/rcl/service.c:400
[uav_trajectory_controller-4] [WARN] [1776995169.584787990] [uav_trajectory_controller]: SetEntityPose request timed out after 0.52s on /world/pedestrian_prototype/set_pose; dropping the pending request and retrying.
[lvdot_detector_main-8] [WARN] [1776995173.112627914] [lvdot_detector_node.rclcpp]: failed to send response to /lvdot_detector_node/get_parameters (timeout): client will not receive response, at ./src/rmw_response.cpp:153, at ./src/rcl/service.c:400
[lvdot_detector_main-8] [INFO] [1776995176.641864608] [lvdot_detector_node]: Input health: depth=15 color=13 lidar=14 pose=33 odom=33 yolo=14 depth_pose_sync=0 lidar_pose_sync=0 depth_odom_sync=0 lidar_odom_sync=0
[lvdot_detector_main-8] [INFO] [1776995176.641970743] [lvdot_detector_node]: Stage timers: detection=133 lidar_detection=133 tracking=133 classification=133 vis=0
[lvdot_detector_main-8] [INFO] [1776995176.641987445] [lvdot_detector_node]: Processing phases: detection=idle lidar_detection=idle tracking=idle classification=idle
[lvdot_detector_main-8] [INFO] [1776995176.641998418] [lvdot_detector_node]: Pipeline stats: depth_samples=1322/71300 u_map=0 depth_boxes=0 u_map_merge=0 u_map_db=0 u_map_visual=0 u_map_fused=0 u_map_filtered=0 lidar_samples=3376/116440 uv=0 db=14 lidar=51 fused=51 filtered=51 tracks=19 dynamic=2 dyn_points=0 raw_dyn_points=0 service=0/0 split=51->0 (51 outputs) fusion_components=51 visual_only=0 lidar_only=51 yolo_in=0 yolo_match3d=0 yolo_match_det=0 yolo_human=0 fixed_size=0 size_reject=0
[lvdot_detector_main-8] [INFO] [1776995179.248668073] [lvdot_detector_node]: get_dynamic_obstacles responded with 0 obstacles from 0 tracked dynamic boxes.
[lvdot_detector_main-8] [WARN] [1776995179.349429163] [lvdot_detector_node.rclcpp]: failed to send response to /onboard_detector/get_dynamic_obstacles (timeout): client will not receive response, at ./src/rmw_response.cpp:153, at ./src/rcl/service.c:400
[lvdot_detector_main-8] [INFO] [1776995182.719729060] [lvdot_detector_node]: Input health: depth=17 color=15 lidar=16 pose=35 odom=35 yolo=16 depth_pose_sync=0 lidar_pose_sync=0 depth_odom_sync=0 lidar_odom_sync=0
[lvdot_detector_main-8] [INFO] [1776995182.719863402] [lvdot_detector_node]: Stage timers: detection=135 lidar_detection=135 tracking=135 classification=135 vis=0
[lvdot_detector_main-8] [INFO] [1776995182.719880929] [lvdot_detector_node]: Processing phases: detection=idle lidar_detection=idle tracking=idle classification=idle
[lvdot_detector_main-8] [INFO] [1776995182.719892777] [lvdot_detector_node]: Pipeline stats: depth_samples=1369/71300 u_map=0 depth_boxes=0 u_map_merge=0 u_map_db=0 u_map_visual=0 u_map_fused=0 u_map_filtered=0 lidar_samples=3329/167863 uv=0 db=10 lidar=65 fused=65 filtered=65 tracks=13 dynamic=0 dyn_points=0 raw_dyn_points=0 service=1/0 split=65->0 (65 outputs) fusion_components=65 visual_only=0 lidar_only=65 yolo_in=3 yolo_match3d=3 yolo_match_det=3 yolo_human=3 fixed_size=0 size_reject=0
[lvdot_detector_main-8] [INFO] [1776995182.722015711] [lvdot_detector_node]: get_dynamic_obstacles responded with 0 obstacles from 0 tracked dynamic boxes.
[lvdot_detector_main-8] [INFO] [1776995190.354230334] [lvdot_detector_node]: Input health: depth=19 color=17 lidar=18 pose=37 odom=37 yolo=18 depth_pose_sync=0 lidar_pose_sync=0 depth_odom_sync=0 lidar_odom_sync=0
[lvdot_detector_main-8] [INFO] [1776995190.354348715] [lvdot_detector_node]: Stage timers: detection=137 lidar_detection=137 tracking=137 classification=137 vis=0
[lvdot_detector_main-8] [INFO] [1776995190.354382888] [lvdot_detector_node]: Processing phases: detection=idle lidar_detection=idle tracking=idle classification=idle
[lvdot_detector_main-8] [INFO] [1776995190.354412655] [lvdot_detector_node]: Pipeline stats: depth_samples=1475/71300 u_map=3 depth_boxes=0 u_map_merge=0 u_map_db=0 u_map_visual=0 u_map_fused=0 u_map_filtered=0 lidar_samples=3038/157659 uv=2 db=8 lidar=66 fused=66 filtered=66 tracks=22 dynamic=2 dyn_points=0 raw_dyn_points=0 service=2/0 split=66->0 (66 outputs) fusion_components=66 visual_only=0 lidar_only=64 yolo_in=2 yolo_match3d=2 yolo_match_det=2 yolo_human=2 fixed_size=0 size_reject=1
[lvdot_detector_main-8] [INFO] [1776995190.357475785] [lvdot_detector_node]: get_dynamic_obstacles responded with 2 obstacles from 2 tracked dynamic boxes.
[lvdot_detector_main-8] [WARN] [1776995190.459078749] [lvdot_detector_node.rclcpp]: failed to send response to /onboard_detector/get_dynamic_obstacles (timeout): client will not receive response, at ./src/rmw_response.cpp:153, at ./src/rcl/service.c:400
[lvdot_detector_main-8] [INFO] [1776995197.189790920] [lvdot_detector_node]: Input health: depth=21 color=19 lidar=20 pose=39 odom=39 yolo=20 depth_pose_sync=0 lidar_pose_sync=0 depth_odom_sync=0 lidar_odom_sync=0
[lvdot_detector_main-8] [INFO] [1776995197.189913984] [lvdot_detector_node]: Stage timers: detection=139 lidar_detection=139 tracking=139 classification=139 vis=0
[lvdot_detector_main-8] [INFO] [1776995197.189932321] [lvdot_detector_node]: Processing phases: detection=idle lidar_detection=idle tracking=idle classification=idle
[lvdot_detector_main-8] [INFO] [1776995197.189943500] [lvdot_detector_node]: Pipeline stats: depth_samples=1056/71300 u_map=1 depth_boxes=0 u_map_merge=0 u_map_db=0 u_map_visual=0 u_map_fused=0 u_map_filtered=0 lidar_samples=3097/135681 uv=0 db=12 lidar=16 fused=16 filtered=16 tracks=67 dynamic=1 dyn_points=0 raw_dyn_points=0 service=3/2 split=16->0 (16 outputs) fusion_components=16 visual_only=0 lidar_only=16 yolo_in=1 yolo_match3d=0 yolo_match_det=0 yolo_human=0 fixed_size=0 size_reject=1
[lvdot_detector_main-8] [INFO] [1776995197.192634639] [lvdot_detector_node]: get_dynamic_obstacles responded with 1 obstacles from 1 tracked dynamic boxes.
[lvdot_detector_main-8] [WARN] [1776995197.292828894] [lvdot_detector_node.rclcpp]: failed to send response to /onboard_detector/get_dynamic_obstacles (timeout): client will not receive response, at ./src/rmw_response.cpp:153, at ./src/rcl/service.c:400
[lvdot_detector_main-8] [INFO] [1776995203.328766732] [lvdot_detector_node]: Input health: depth=23 color=21 lidar=22 pose=41 odom=41 yolo=22 depth_pose_sync=0 lidar_pose_sync=0 depth_odom_sync=0 lidar_odom_sync=0
[lvdot_detector_main-8] [INFO] [1776995203.328834489] [lvdot_detector_node]: Stage timers: detection=141 lidar_detection=141 tracking=141 classification=141 vis=0
[lvdot_detector_main-8] [INFO] [1776995203.328849197] [lvdot_detector_node]: Processing phases: detection=idle lidar_detection=idle tracking=idle classification=idle
[lvdot_detector_main-8] [INFO] [1776995203.328859690] [lvdot_detector_node]: Pipeline stats: depth_samples=1454/71300 u_map=2 depth_boxes=0 u_map_merge=0 u_map_db=0 u_map_visual=0 u_map_fused=0 u_map_filtered=0 lidar_samples=3324/134183 uv=2 db=10 lidar=24 fused=24 filtered=24 tracks=82 dynamic=0 dyn_points=0 raw_dyn_points=0 service=4/1 split=24->0 (24 outputs) fusion_components=24 visual_only=0 lidar_only=22 yolo_in=3 yolo_match3d=2 yolo_match_det=2 yolo_human=2 fixed_size=0 size_reject=0
[lvdot_detector_main-8] [INFO] [1776995203.335539397] [lvdot_detector_node]: get_dynamic_obstacles responded with 0 obstacles from 0 tracked dynamic boxes.
[lvdot_detector_main-8] [WARN] [1776995203.435723439] [lvdot_detector_node.rclcpp]: failed to send response to /onboard_detector/get_dynamic_obstacles (timeout): client will not receive response, at ./src/rmw_response.cpp:153, at ./src/rcl/service.c:400
[lvdot_detector_main-8] [INFO] [1776995211.124535143] [lvdot_detector_node]: Input health: depth=25 color=23 lidar=24 pose=43 odom=43 yolo=24 depth_pose_sync=0 lidar_pose_sync=0 depth_odom_sync=0 lidar_odom_sync=0
[lvdot_detector_main-8] [INFO] [1776995211.125597146] [lvdot_detector_node]: Stage timers: detection=143 lidar_detection=143 tracking=143 classification=143 vis=0
[lvdot_detector_main-8] [INFO] [1776995211.126281730] [lvdot_detector_node]: Processing phases: detection=idle lidar_detection=idle tracking=idle classification=idle
[lvdot_detector_main-8] [INFO] [1776995211.126307891] [lvdot_detector_node]: Pipeline stats: depth_samples=1411/71300 u_map=3 depth_boxes=0 u_map_merge=0 u_map_db=0 u_map_visual=0 u_map_fused=0 u_map_filtered=0 lidar_samples=3426/120999 uv=2 db=13 lidar=73 fused=75 filtered=75 tracks=16 dynamic=2 dyn_points=0 raw_dyn_points=0 service=5/0 split=75->0 (75 outputs) fusion_components=75 visual_only=2 lidar_only=73 yolo_in=3 yolo_match3d=2 yolo_match_det=2 yolo_human=2 fixed_size=0 size_reject=0
[lvdot_detector_main-8] [INFO] [1776995214.708402435] [lvdot_detector_node]: get_dynamic_obstacles responded with 0 obstacles from 0 tracked dynamic boxes.
[lvdot_detector_main-8] [WARN] [1776995214.808815603] [lvdot_detector_node.rclcpp]: failed to send response to /onboard_detector/get_dynamic_obstacles (timeout): client will not receive response, at ./src/rmw_response.cpp:153, at ./src/rcl/service.c:400
[lvdot_detector_main-8] [INFO] [1776995217.650583500] [lvdot_detector_node]: Input health: depth=27 color=25 lidar=26 pose=45 odom=45 yolo=26 depth_pose_sync=0 lidar_pose_sync=0 depth_odom_sync=0 lidar_odom_sync=0
[lvdot_detector_main-8] [INFO] [1776995217.650651445] [lvdot_detector_node]: Stage timers: detection=145 lidar_detection=145 tracking=145 classification=145 vis=0
[lvdot_detector_main-8] [INFO] [1776995217.650667375] [lvdot_detector_node]: Processing phases: detection=idle lidar_detection=idle tracking=idle classification=idle
[lvdot_detector_main-8] [INFO] [1776995217.650676618] [lvdot_detector_node]: Pipeline stats: depth_samples=1413/71300 u_map=4 depth_boxes=0 u_map_merge=0 u_map_db=0 u_map_visual=0 u_map_fused=0 u_map_filtered=0 lidar_samples=3391/108172 uv=2 db=10 lidar=8 fused=10 filtered=10 tracks=56 dynamic=2 dyn_points=0 raw_dyn_points=0 service=6/0 split=10->1 (10 outputs) fusion_components=10 visual_only=2 lidar_only=8 yolo_in=5 yolo_match3d=1 yolo_match_det=3 yolo_human=1 fixed_size=0 size_reject=0
[lvdot_detector_main-8] [WARN] [1776995217.755999268] [lvdot_detector_node.rclcpp]: failed to send response to /onboard_detector/get_dynamic_obstacles (timeout): client will not receive response, at ./src/rmw_response.cpp:153, at ./src/rcl/service.c:400
[lvdot_detector_main-8] [INFO] [1776995226.225847094] [lvdot_detector_node]: Input health: depth=29 color=27 lidar=28 pose=47 odom=47 yolo=28 depth_pose_sync=0 lidar_pose_sync=0 depth_odom_sync=0 lidar_odom_sync=0
[lvdot_detector_main-8] [INFO] [1776995226.226420195] [lvdot_detector_node]: Stage timers: detection=147 lidar_detection=147 tracking=147 classification=147 vis=0
[lvdot_detector_main-8] [INFO] [1776995226.226437468] [lvdot_detector_node]: Processing phases: detection=idle lidar_detection=idle tracking=idle classification=idle
[lvdot_detector_main-8] [INFO] [1776995226.226548294] [lvdot_detector_node]: Pipeline stats: depth_samples=1352/64860 u_map=2 depth_boxes=0 u_map_merge=0 u_map_db=0 u_map_visual=0 u_map_fused=0 u_map_filtered=0 lidar_samples=3446/133478 uv=1 db=10 lidar=70 fused=71 filtered=71 tracks=6 dynamic=0 dyn_points=0 raw_dyn_points=0 service=7/2 split=71->0 (71 outputs) fusion_components=71 visual_only=1 lidar_only=70 yolo_in=2 yolo_match3d=2 yolo_match_det=2 yolo_human=2 fixed_size=0 size_reject=1
[lvdot_detector_main-8] [INFO] [1776995226.230134666] [lvdot_detector_node]: get_dynamic_obstacles responded with 0 obstacles from 0 tracked dynamic boxes.
[lvdot_detector_main-8] [WARN] [1776995226.333306566] [lvdot_detector_node.rclcpp]: failed to send response to /onboard_detector/get_dynamic_obstacles (timeout): client will not receive response, at ./src/rmw_response.cpp:153, at ./src/rcl/service.c:400
[lvdot_detector_main-8] [INFO] [1776995232.474086699] [lvdot_detector_node]: Input health: depth=31 color=29 lidar=30 pose=49 odom=49 yolo=30 depth_pose_sync=0 lidar_pose_sync=0 depth_odom_sync=0 lidar_odom_sync=0
[lvdot_detector_main-8] [INFO] [1776995232.474161129] [lvdot_detector_node]: Stage timers: detection=149 lidar_detection=149 tracking=149 classification=149 vis=0
[lvdot_detector_main-8] [INFO] [1776995232.474170849] [lvdot_detector_node]: Processing phases: detection=idle lidar_detection=idle tracking=idle classification=idle
[lvdot_detector_main-8] [INFO] [1776995232.474177329] [lvdot_detector_node]: Pipeline stats: depth_samples=1346/71300 u_map=2 depth_boxes=0 u_map_merge=0 u_map_db=0 u_map_visual=0 u_map_fused=0 u_map_filtered=0 lidar_samples=2127/219991 uv=2 db=14 lidar=3 fused=5 filtered=5 tracks=11 dynamic=0 dyn_points=0 raw_dyn_points=0 service=8/0 split=5->0 (5 outputs) fusion_components=5 visual_only=2 lidar_only=3 yolo_in=1 yolo_match3d=1 yolo_match_det=1 yolo_human=1 fixed_size=0 size_reject=2
[lvdot_detector_main-8] [INFO] [1776995232.476075249] [lvdot_detector_node]: get_dynamic_obstacles responded with 0 obstacles from 0 tracked dynamic boxes.
[lvdot_detector_main-8] [WARN] [1776995232.576195209] [lvdot_detector_node.rclcpp]: failed to send response to /onboard_detector/get_dynamic_obstacles (timeout): client will not receive response, at ./src/rmw_response.cpp:153, at ./src/rcl/service.c:400
[lvdot_detector_main-8] [INFO] [1776995237.663286148] [lvdot_detector_node]: Input health: depth=33 color=31 lidar=32 pose=51 odom=51 yolo=32 depth_pose_sync=0 lidar_pose_sync=0 depth_odom_sync=0 lidar_odom_sync=0
[lvdot_detector_main-8] [INFO] [1776995237.663378713] [lvdot_detector_node]: Stage timers: detection=151 lidar_detection=151 tracking=151 classification=151 vis=0
[lvdot_detector_main-8] [INFO] [1776995237.663397638] [lvdot_detector_node]: Processing phases: detection=idle lidar_detection=idle tracking=idle classification=idle
[lvdot_detector_main-8] [INFO] [1776995237.663411758] [lvdot_detector_node]: Pipeline stats: depth_samples=1287/71300 u_map=3 depth_boxes=0 u_map_merge=0 u_map_db=0 u_map_visual=0 u_map_fused=0 u_map_filtered=0 lidar_samples=3107/139610 uv=3 db=9 lidar=20 fused=23 filtered=23 tracks=19 dynamic=1 dyn_points=0 raw_dyn_points=0 service=9/0 split=23->1 (23 outputs) fusion_components=23 visual_only=3 lidar_only=20 yolo_in=5 yolo_match3d=3 yolo_match_det=4 yolo_human=2 fixed_size=0 size_reject=0
[lvdot_detector_main-8] [INFO] [1776995237.667517972] [lvdot_detector_node]: get_dynamic_obstacles responded with 1 obstacles from 1 tracked dynamic boxes.
[lvdot_detector_main-8] [WARN] [1776995237.767771438] [lvdot_detector_node.rclcpp]: failed to send response to /onboard_detector/get_dynamic_obstacles (timeout): client will not receive response, at ./src/rmw_response.cpp:153, at ./src/rcl/service.c:400
[lvdot_detector_main-8] [INFO] [1776995244.683384202] [lvdot_detector_node]: Input health: depth=35 color=33 lidar=34 pose=53 odom=53 yolo=34 depth_pose_sync=0 lidar_pose_sync=0 depth_odom_sync=0 lidar_odom_sync=0
[lvdot_detector_main-8] [INFO] [1776995244.683444474] [lvdot_detector_node]: Stage timers: detection=153 lidar_detection=153 tracking=153 classification=153 vis=0
[lvdot_detector_main-8] [INFO] [1776995244.683455318] [lvdot_detector_node]: Processing phases: detection=idle lidar_detection=idle tracking=idle classification=idle
[lvdot_detector_main-8] [INFO] [1776995244.683463914] [lvdot_detector_node]: Pipeline stats: depth_samples=1293/71300 u_map=2 depth_boxes=0 u_map_merge=0 u_map_db=0 u_map_visual=0 u_map_fused=0 u_map_filtered=0 lidar_samples=3129/118189 uv=1 db=10 lidar=11 fused=12 filtered=12 tracks=58 dynamic=2 dyn_points=0 raw_dyn_points=0 service=10/1 split=12->0 (12 outputs) fusion_components=12 visual_only=1 lidar_only=11 yolo_in=2 yolo_match3d=2 yolo_match_det=2 yolo_human=2 fixed_size=0 size_reject=0
[lvdot_detector_main-8] [INFO] [1776995244.687486326] [lvdot_detector_node]: get_dynamic_obstacles responded with 2 obstacles from 2 tracked dynamic boxes.
[lvdot_detector_main-8] [WARN] [1776995244.790635592] [lvdot_detector_node.rclcpp]: failed to send response to /onboard_detector/get_dynamic_obstacles (timeout): client will not receive response, at ./src/rmw_response.cpp:153, at ./src/rcl/service.c:400
[lvdot_detector_main-8] [INFO] [1776995251.470854522] [lvdot_detector_node]: get_dynamic_obstacles responded with 2 obstacles from 2 tracked dynamic boxes.
[lvdot_detector_main-8] [WARN] [1776995251.571108899] [lvdot_detector_node.rclcpp]: failed to send response to /onboard_detector/get_dynamic_obstacles (timeout): client will not receive response, at ./src/rmw_response.cpp:153, at ./src/rcl/service.c:400
[lvdot_detector_main-8] [INFO] [1776995254.649377096] [lvdot_detector_node]: Input health: depth=38 color=36 lidar=37 pose=56 odom=56 yolo=37 depth_pose_sync=0 lidar_pose_sync=0 depth_odom_sync=0 lidar_odom_sync=0
[lvdot_detector_main-8] [INFO] [1776995254.649473931] [lvdot_detector_node]: Stage timers: detection=156 lidar_detection=156 tracking=156 classification=156 vis=0
[lvdot_detector_main-8] [INFO] [1776995254.649488633] [lvdot_detector_node]: Processing phases: detection=idle lidar_detection=idle tracking=idle classification=idle
[lvdot_detector_main-8] [INFO] [1776995254.649500590] [lvdot_detector_node]: Pipeline stats: depth_samples=1473/71300 u_map=3 depth_boxes=0 u_map_merge=0 u_map_db=0 u_map_visual=0 u_map_fused=0 u_map_filtered=0 lidar_samples=3364/126805 uv=2 db=10 lidar=11 fused=12 filtered=12 tracks=6 dynamic=1 dyn_points=0 raw_dyn_points=0 service=12/2 split=12->0 (12 outputs) fusion_components=12 visual_only=1 lidar_only=10 yolo_in=0 yolo_match3d=0 yolo_match_det=0 yolo_human=0 fixed_size=0 size_reject=0
[lvdot_detector_main-8] [INFO] [1776995258.784459660] [lvdot_detector_node]: get_dynamic_obstacles responded with 0 obstacles from 0 tracked dynamic boxes.
[lvdot_detector_main-8] [INFO] [1776995262.470000096] [lvdot_detector_node]: Input health: depth=40 color=38 lidar=39 pose=58 odom=58 yolo=39 depth_pose_sync=0 lidar_pose_sync=0 depth_odom_sync=0 lidar_odom_sync=0
[lvdot_detector_main-8] [INFO] [1776995262.470114972] [lvdot_detector_node]: Stage timers: detection=158 lidar_detection=158 tracking=158 classification=158 vis=0
[lvdot_detector_main-8] [INFO] [1776995262.470126883] [lvdot_detector_node]: Processing phases: detection=idle lidar_detection=idle tracking=idle classification=idle
[lvdot_detector_main-8] [INFO] [1776995262.470135940] [lvdot_detector_node]: Pipeline stats: depth_samples=1305/71300 u_map=2 depth_boxes=0 u_map_merge=0 u_map_db=0 u_map_visual=0 u_map_fused=0 u_map_filtered=0 lidar_samples=3083/170968 uv=1 db=8 lidar=58 fused=59 filtered=59 tracks=62 dynamic=0 dyn_points=0 raw_dyn_points=0 service=13/0 split=59->0 (59 outputs) fusion_components=59 visual_only=1 lidar_only=58 yolo_in=0 yolo_match3d=0 yolo_match_det=0 yolo_human=0 fixed_size=0 size_reject=0
[lvdot_detector_main-8] [INFO] [1776995269.143717295] [lvdot_detector_node]: Input health: depth=42 color=40 lidar=41 pose=60 odom=60 yolo=41 depth_pose_sync=0 lidar_pose_sync=0 depth_odom_sync=0 lidar_odom_sync=0
[lvdot_detector_main-8] [INFO] [1776995269.143825564] [lvdot_detector_node]: Stage timers: detection=160 lidar_detection=160 tracking=160 classification=160 vis=0
[lvdot_detector_main-8] [INFO] [1776995269.143849675] [lvdot_detector_node]: Processing phases: detection=idle lidar_detection=idle tracking=idle classification=idle
[lvdot_detector_main-8] [INFO] [1776995269.143867781] [lvdot_detector_node]: Pipeline stats: depth_samples=1349/71300 u_map=0 depth_boxes=0 u_map_merge=0 u_map_db=0 u_map_visual=0 u_map_fused=0 u_map_filtered=0 lidar_samples=3017/118731 uv=0 db=9 lidar=11 fused=11 filtered=11 tracks=4 dynamic=0 dyn_points=0 raw_dyn_points=0 service=13/0 split=11->0 (11 outputs) fusion_components=11 visual_only=0 lidar_only=11 yolo_in=0 yolo_match3d=0 yolo_match_det=0 yolo_human=0 fixed_size=0 size_reject=0
[lvdot_detector_main-8] [INFO] [1776995269.146460398] [lvdot_detector_node]: get_dynamic_obstacles responded with 0 obstacles from 0 tracked dynamic boxes.
[lvdot_detector_main-8] [WARN] [1776995269.246680828] [lvdot_detector_node.rclcpp]: failed to send response to /onboard_detector/get_dynamic_obstacles (timeout): client will not receive response, at ./src/rmw_response.cpp:153, at ./src/rcl/service.c:400
[lvdot_detector_main-8] [INFO] [1776995275.622837132] [lvdot_detector_node]: Input health: depth=44 color=42 lidar=43 pose=62 odom=62 yolo=43 depth_pose_sync=0 lidar_pose_sync=0 depth_odom_sync=0 lidar_odom_sync=0
[lvdot_detector_main-8] [INFO] [1776995275.622907288] [lvdot_detector_node]: Stage timers: detection=162 lidar_detection=162 tracking=162 classification=162 vis=0
[lvdot_detector_main-8] [INFO] [1776995275.622918932] [lvdot_detector_node]: Processing phases: detection=idle lidar_detection=idle tracking=idle classification=idle
[lvdot_detector_main-8] [INFO] [1776995275.622927738] [lvdot_detector_node]: Pipeline stats: depth_samples=1045/71300 u_map=2 depth_boxes=0 u_map_merge=0 u_map_db=0 u_map_visual=0 u_map_fused=0 u_map_filtered=0 lidar_samples=3400/193269 uv=1 db=7 lidar=5 fused=6 filtered=6 tracks=14 dynamic=0 dyn_points=0 raw_dyn_points=0 service=14/0 split=6->1 (6 outputs) fusion_components=6 visual_only=1 lidar_only=5 yolo_in=4 yolo_match3d=1 yolo_match_det=2 yolo_human=1 fixed_size=0 size_reject=0
[lvdot_detector_main-8] [INFO] [1776995275.625057271] [lvdot_detector_node]: get_dynamic_obstacles responded with 0 obstacles from 0 tracked dynamic boxes.
[lvdot_detector_main-8] [WARN] [1776995275.725355413] [lvdot_detector_node.rclcpp]: failed to send response to /onboard_detector/get_dynamic_obstacles (timeout): client will not receive response, at ./src/rmw_response.cpp:153, at ./src/rcl/service.c:400
[lvdot_detector_main-8] [INFO] [1776995278.967014179] [lvdot_detector_node]: get_dynamic_obstacles responded with 5 obstacles from 5 tracked dynamic boxes.
[lvdot_detector_main-8] [WARN] [1776995279.067250579] [lvdot_detector_node.rclcpp]: failed to send response to /onboard_detector/get_dynamic_obstacles (timeout): client will not receive response, at ./src/rmw_response.cpp:153, at ./src/rcl/service.c:400
[lvdot_detector_main-8] [INFO] [1776995282.984759349] [lvdot_detector_node]: Input health: depth=46 color=44 lidar=45 pose=64 odom=64 yolo=45 depth_pose_sync=0 lidar_pose_sync=0 depth_odom_sync=0 lidar_odom_sync=0
[lvdot_detector_main-8] [INFO] [1776995282.984822115] [lvdot_detector_node]: Stage timers: detection=164 lidar_detection=164 tracking=164 classification=164 vis=0
[lvdot_detector_main-8] [INFO] [1776995282.984833099] [lvdot_detector_node]: Processing phases: detection=idle lidar_detection=idle tracking=idle classification=idle
[lvdot_detector_main-8] [INFO] [1776995282.984842219] [lvdot_detector_node]: Pipeline stats: depth_samples=1358/67620 u_map=2 depth_boxes=0 u_map_merge=0 u_map_db=0 u_map_visual=0 u_map_fused=0 u_map_filtered=0 lidar_samples=3284/140555 uv=0 db=9 lidar=70 fused=70 filtered=70 tracks=6 dynamic=0 dyn_points=0 raw_dyn_points=0 service=16/5 split=70->0 (70 outputs) fusion_components=70 visual_only=0 lidar_only=70 yolo_in=1 yolo_match3d=1 yolo_match_det=1 yolo_human=1 fixed_size=0 size_reject=1
[lvdot_detector_main-8] [INFO] [1776995286.605617078] [lvdot_detector_node]: get_dynamic_obstacles responded with 2 obstacles from 2 tracked dynamic boxes.
[lvdot_detector_main-8] [WARN] [1776995286.708466266] [lvdot_detector_node.rclcpp]: failed to send response to /onboard_detector/get_dynamic_obstacles (timeout): client will not receive response, at ./src/rmw_response.cpp:153, at ./src/rcl/service.c:400
[lvdot_detector_main-8] [INFO] [1776995291.040591489] [lvdot_detector_node]: Input health: depth=48 color=46 lidar=47 pose=66 odom=66 yolo=47 depth_pose_sync=0 lidar_pose_sync=0 depth_odom_sync=0 lidar_odom_sync=0
[lvdot_detector_main-8] [INFO] [1776995291.040673898] [lvdot_detector_node]: Stage timers: detection=166 lidar_detection=166 tracking=166 classification=166 vis=0
[lvdot_detector_main-8] [INFO] [1776995291.040684013] [lvdot_detector_node]: Processing phases: detection=idle lidar_detection=idle tracking=idle classification=idle
[lvdot_detector_main-8] [INFO] [1776995291.040690856] [lvdot_detector_node]: Pipeline stats: depth_samples=1258/71300 u_map=3 depth_boxes=0 u_map_merge=0 u_map_db=0 u_map_visual=0 u_map_fused=0 u_map_filtered=0 lidar_samples=3349/125355 uv=2 db=8 lidar=9 fused=11 filtered=11 tracks=12 dynamic=1 dyn_points=0 raw_dyn_points=0 service=17/2 split=11->0 (11 outputs) fusion_components=11 visual_only=2 lidar_only=9 yolo_in=0 yolo_match3d=0 yolo_match_det=0 yolo_human=0 fixed_size=0 size_reject=0
[lvdot_detector_main-8] [INFO] [1776995294.210378316] [lvdot_detector_node]: get_dynamic_obstacles responded with 0 obstacles from 0 tracked dynamic boxes.
[lvdot_detector_main-8] [WARN] [1776995294.310713551] [lvdot_detector_node.rclcpp]: failed to send response to /onboard_detector/get_dynamic_obstacles (timeout): client will not receive response, at ./src/rmw_response.cpp:153, at ./src/rcl/service.c:400
[lvdot_detector_main-8] [INFO] [1776995297.878558249] [lvdot_detector_node]: Input health: depth=50 color=48 lidar=49 pose=68 odom=68 yolo=49 depth_pose_sync=0 lidar_pose_sync=0 depth_odom_sync=0 lidar_odom_sync=0
[lvdot_detector_main-8] [INFO] [1776995297.878619078] [lvdot_detector_node]: Stage timers: detection=168 lidar_detection=168 tracking=168 classification=168 vis=0
[lvdot_detector_main-8] [INFO] [1776995297.878628868] [lvdot_detector_node]: Processing phases: detection=idle lidar_detection=idle tracking=idle classification=idle
[lvdot_detector_main-8] [INFO] [1776995297.878637209] [lvdot_detector_node]: Pipeline stats: depth_samples=1552/71300 u_map=2 depth_boxes=0 u_map_merge=0 u_map_db=0 u_map_visual=0 u_map_fused=0 u_map_filtered=0 lidar_samples=2292/209489 uv=0 db=13 lidar=1 fused=1 filtered=1 tracks=21 dynamic=0 dyn_points=0 raw_dyn_points=0 service=18/0 split=1->1 (1 outputs) fusion_components=1 visual_only=0 lidar_only=1 yolo_in=5 yolo_match3d=1 yolo_match_det=4 yolo_human=1 fixed_size=0 size_reject=0
[lvdot_detector_main-8] [INFO] [1776995301.172597584] [lvdot_detector_node]: get_dynamic_obstacles responded with 0 obstacles from 0 tracked dynamic boxes.
[lvdot_detector_main-8] [WARN] [1776995301.272766722] [lvdot_detector_node.rclcpp]: failed to send response to /onboard_detector/get_dynamic_obstacles (timeout): client will not receive response, at ./src/rmw_response.cpp:153, at ./src/rcl/service.c:400
[lvdot_detector_main-8] [INFO] [1776995304.848060308] [lvdot_detector_node]: Input health: depth=52 color=50 lidar=51 pose=70 odom=70 yolo=51 depth_pose_sync=0 lidar_pose_sync=0 depth_odom_sync=0 lidar_odom_sync=0
[lvdot_detector_main-8] [INFO] [1776995304.848187683] [lvdot_detector_node]: Stage timers: detection=170 lidar_detection=170 tracking=170 classification=170 vis=0
[lvdot_detector_main-8] [INFO] [1776995304.848207883] [lvdot_detector_node]: Processing phases: detection=idle lidar_detection=idle tracking=idle classification=idle
[lvdot_detector_main-8] [INFO] [1776995304.848220924] [lvdot_detector_node]: Pipeline stats: depth_samples=1333/71300 u_map=1 depth_boxes=0 u_map_merge=0 u_map_db=0 u_map_visual=0 u_map_fused=0 u_map_filtered=0 lidar_samples=3482/117458 uv=0 db=12 lidar=62 fused=62 filtered=62 tracks=19 dynamic=0 dyn_points=0 raw_dyn_points=0 service=19/0 split=62->0 (62 outputs) fusion_components=62 visual_only=0 lidar_only=62 yolo_in=1 yolo_match3d=1 yolo_match_det=1 yolo_human=1 fixed_size=0 size_reject=1
[lvdot_detector_main-8] [INFO] [1776995308.234433943] [lvdot_detector_node]: get_dynamic_obstacles responded with 0 obstacles from 0 tracked dynamic boxes.
[lvdot_detector_main-8] [WARN] [1776995308.335030808] [lvdot_detector_node.rclcpp]: failed to send response to /onboard_detector/get_dynamic_obstacles (timeout): client will not receive response, at ./src/rmw_response.cpp:153, at ./src/rcl/service.c:400
[lvdot_detector_main-8] [INFO] [1776995311.683807990] [lvdot_detector_node]: Input health: depth=54 color=52 lidar=53 pose=72 odom=72 yolo=53 depth_pose_sync=0 lidar_pose_sync=0 depth_odom_sync=0 lidar_odom_sync=0
[lvdot_detector_main-8] [INFO] [1776995311.683885613] [lvdot_detector_node]: Stage timers: detection=172 lidar_detection=172 tracking=172 classification=172 vis=0
[lvdot_detector_main-8] [INFO] [1776995311.683895279] [lvdot_detector_node]: Processing phases: detection=idle lidar_detection=idle tracking=idle classification=idle
[lvdot_detector_main-8] [INFO] [1776995311.683901918] [lvdot_detector_node]: Pipeline stats: depth_samples=1382/71300 u_map=3 depth_boxes=0 u_map_merge=0 u_map_db=0 u_map_visual=0 u_map_fused=0 u_map_filtered=0 lidar_samples=3291/121637 uv=1 db=12 lidar=18 fused=19 filtered=19 tracks=6 dynamic=0 dyn_points=0 raw_dyn_points=0 service=20/0 split=19->0 (19 outputs) fusion_components=19 visual_only=1 lidar_only=18 yolo_in=2 yolo_match3d=2 yolo_match_det=2 yolo_human=2 fixed_size=0 size_reject=1
[lvdot_detector_main-8] [INFO] [1776995315.110962975] [lvdot_detector_node]: get_dynamic_obstacles responded with 0 obstacles from 0 tracked dynamic boxes.
[lvdot_detector_main-8] [WARN] [1776995315.212978172] [lvdot_detector_node.rclcpp]: failed to send response to /onboard_detector/get_dynamic_obstacles (timeout): client will not receive response, at ./src/rmw_response.cpp:153, at ./src/rcl/service.c:400
[lvdot_detector_main-8] [INFO] [1776995318.451853404] [lvdot_detector_node]: Input health: depth=56 color=54 lidar=55 pose=74 odom=74 yolo=55 depth_pose_sync=0 lidar_pose_sync=0 depth_odom_sync=0 lidar_odom_sync=0
[lvdot_detector_main-8] [INFO] [1776995318.451915559] [lvdot_detector_node]: Stage timers: detection=174 lidar_detection=174 tracking=174 classification=174 vis=0
[lvdot_detector_main-8] [INFO] [1776995318.451925951] [lvdot_detector_node]: Processing phases: detection=idle lidar_detection=idle tracking=idle classification=idle
[lvdot_detector_main-8] [INFO] [1776995318.451934774] [lvdot_detector_node]: Pipeline stats: depth_samples=1401/71300 u_map=3 depth_boxes=0 u_map_merge=0 u_map_db=0 u_map_visual=0 u_map_fused=0 u_map_filtered=0 lidar_samples=3253/124185 uv=1 db=12 lidar=14 fused=15 filtered=15 tracks=16 dynamic=2 dyn_points=0 raw_dyn_points=0 service=21/0 split=15->0 (15 outputs) fusion_components=15 visual_only=1 lidar_only=14 yolo_in=3 yolo_match3d=0 yolo_match_det=0 yolo_human=0 fixed_size=0 size_reject=0
[lvdot_detector_main-8] [INFO] [1776995322.654256910] [lvdot_detector_node]: get_dynamic_obstacles responded with 0 obstacles from 0 tracked dynamic boxes.
[lvdot_detector_main-8] [WARN] [1776995322.754430408] [lvdot_detector_node.rclcpp]: failed to send response to /onboard_detector/get_dynamic_obstacles (timeout): client will not receive response, at ./src/rmw_response.cpp:153, at ./src/rcl/service.c:400
[lvdot_detector_main-8] [INFO] [1776995326.132774777] [lvdot_detector_node]: Input health: depth=58 color=56 lidar=57 pose=76 odom=76 yolo=57 depth_pose_sync=0 lidar_pose_sync=0 depth_odom_sync=0 lidar_odom_sync=0
[lvdot_detector_main-8] [INFO] [1776995326.132838674] [lvdot_detector_node]: Stage timers: detection=176 lidar_detection=176 tracking=176 classification=176 vis=0
[lvdot_detector_main-8] [INFO] [1776995326.132849324] [lvdot_detector_node]: Processing phases: detection=idle lidar_detection=idle tracking=idle classification=idle
[lvdot_detector_main-8] [INFO] [1776995326.132858297] [lvdot_detector_node]: Pipeline stats: depth_samples=1333/71300 u_map=1 depth_boxes=0 u_map_merge=0 u_map_db=0 u_map_visual=0 u_map_fused=0 u_map_filtered=0 lidar_samples=3364/107893 uv=0 db=14 lidar=9 fused=9 filtered=9 tracks=17 dynamic=0 dyn_points=0 raw_dyn_points=0 service=22/0 split=9->0 (9 outputs) fusion_components=9 visual_only=0 lidar_only=9 yolo_in=0 yolo_match3d=0 yolo_match_det=0 yolo_human=0 fixed_size=0 size_reject=0
[lvdot_detector_main-8] [INFO] [1776995330.213124557] [lvdot_detector_node]: get_dynamic_obstacles responded with 0 obstacles from 0 tracked dynamic boxes.
[lvdot_detector_main-8] [WARN] [1776995330.315602199] [lvdot_detector_node.rclcpp]: failed to send response to /onboard_detector/get_dynamic_obstacles (timeout): client will not receive response, at ./src/rmw_response.cpp:153, at ./src/rcl/service.c:400
[lvdot_detector_main-8] [INFO] [1776995333.555197284] [lvdot_detector_node]: Input health: depth=60 color=58 lidar=59 pose=78 odom=78 yolo=59 depth_pose_sync=0 lidar_pose_sync=0 depth_odom_sync=0 lidar_odom_sync=0
[lvdot_detector_main-8] [INFO] [1776995333.556168285] [lvdot_detector_node]: Stage timers: detection=178 lidar_detection=178 tracking=178 classification=178 vis=0
[lvdot_detector_main-8] [INFO] [1776995333.556720081] [lvdot_detector_node]: Processing phases: detection=idle lidar_detection=idle tracking=idle classification=idle
[lvdot_detector_main-8] [INFO] [1776995333.557267024] [lvdot_detector_node]: Pipeline stats: depth_samples=1357/71300 u_map=3 depth_boxes=0 u_map_merge=0 u_map_db=0 u_map_visual=0 u_map_fused=0 u_map_filtered=0 lidar_samples=3442/108081 uv=3 db=10 lidar=6 fused=9 filtered=9 tracks=14 dynamic=0 dyn_points=0 raw_dyn_points=0 service=23/0 split=9->0 (9 outputs) fusion_components=9 visual_only=3 lidar_only=6 yolo_in=2 yolo_match3d=2 yolo_match_det=2 yolo_human=2 fixed_size=0 size_reject=0
[lvdot_detector_main-8] [INFO] [1776995333.560155394] [lvdot_detector_node]: get_dynamic_obstacles responded with 0 obstacles from 0 tracked dynamic boxes.
[lvdot_detector_main-8] [INFO] [1776995339.904940921] [lvdot_detector_node]: Input health: depth=62 color=60 lidar=61 pose=80 odom=80 yolo=61 depth_pose_sync=0 lidar_pose_sync=0 depth_odom_sync=0 lidar_odom_sync=0
[lvdot_detector_main-8] [INFO] [1776995339.905005598] [lvdot_detector_node]: Stage timers: detection=180 lidar_detection=180 tracking=180 classification=180 vis=0
[lvdot_detector_main-8] [INFO] [1776995339.905016736] [lvdot_detector_node]: Processing phases: detection=idle lidar_detection=idle tracking=idle classification=idle
[lvdot_detector_main-8] [INFO] [1776995339.905025529] [lvdot_detector_node]: Pipeline stats: depth_samples=1299/70840 u_map=1 depth_boxes=0 u_map_merge=0 u_map_db=0 u_map_visual=0 u_map_fused=0 u_map_filtered=0 lidar_samples=3057/121204 uv=1 db=13 lidar=6 fused=7 filtered=7 tracks=1 dynamic=2 dyn_points=0 raw_dyn_points=0 service=24/0 split=7->0 (7 outputs) fusion_components=7 visual_only=1 lidar_only=6 yolo_in=0 yolo_match3d=0 yolo_match_det=0 yolo_human=0 fixed_size=0 size_reject=0
[lvdot_detector_main-8] [INFO] [1776995343.050083662] [lvdot_detector_node]: get_dynamic_obstacles responded with 1 obstacles from 1 tracked dynamic boxes.
[lvdot_detector_main-8] [INFO] [1776995345.933318750] [lvdot_detector_node]: Input health: depth=64 color=62 lidar=63 pose=82 odom=82 yolo=63 depth_pose_sync=0 lidar_pose_sync=0 depth_odom_sync=0 lidar_odom_sync=0
[lvdot_detector_main-8] [INFO] [1776995345.933427880] [lvdot_detector_node]: Stage timers: detection=182 lidar_detection=182 tracking=182 classification=182 vis=0
[lvdot_detector_main-8] [INFO] [1776995345.933441265] [lvdot_detector_node]: Processing phases: detection=idle lidar_detection=idle tracking=idle classification=idle
[lvdot_detector_main-8] [INFO] [1776995345.933451328] [lvdot_detector_node]: Pipeline stats: depth_samples=1566/71300 u_map=2 depth_boxes=0 u_map_merge=0 u_map_db=0 u_map_visual=0 u_map_fused=0 u_map_filtered=0 lidar_samples=3441/107976 uv=1 db=10 lidar=8 fused=9 filtered=9 tracks=67 dynamic=0 dyn_points=0 raw_dyn_points=0 service=25/1 split=9->0 (9 outputs) fusion_components=9 visual_only=1 lidar_only=8 yolo_in=4 yolo_match3d=0 yolo_match_det=0 yolo_human=0 fixed_size=0 size_reject=0
[lvdot_detector_main-8] [INFO] [1776995348.678419396] [lvdot_detector_node]: get_dynamic_obstacles responded with 0 obstacles from 0 tracked dynamic boxes.
[lvdot_detector_main-8] [INFO] [1776995352.670299871] [lvdot_detector_node]: Input health: depth=66 color=64 lidar=65 pose=84 odom=84 yolo=65 depth_pose_sync=0 lidar_pose_sync=0 depth_odom_sync=0 lidar_odom_sync=0
[lvdot_detector_main-8] [INFO] [1776995352.670367232] [lvdot_detector_node]: Stage timers: detection=184 lidar_detection=184 tracking=184 classification=184 vis=0
[lvdot_detector_main-8] [INFO] [1776995352.670385665] [lvdot_detector_node]: Processing phases: detection=idle lidar_detection=idle tracking=idle classification=idle
[lvdot_detector_main-8] [INFO] [1776995352.670396549] [lvdot_detector_node]: Pipeline stats: depth_samples=1518/71300 u_map=3 depth_boxes=0 u_map_merge=0 u_map_db=0 u_map_visual=0 u_map_fused=0 u_map_filtered=0 lidar_samples=3077/152493 uv=0 db=14 lidar=91 fused=91 filtered=92 tracks=17 dynamic=0 dyn_points=0 raw_dyn_points=0 service=26/0 split=91->2 (92 outputs) fusion_components=91 visual_only=0 lidar_only=91 yolo_in=5 yolo_match3d=2 yolo_match_det=5 yolo_human=3 fixed_size=0 size_reject=0
[lvdot_detector_main-8] [INFO] [1776995360.704352072] [lvdot_detector_node]: Input health: depth=68 color=66 lidar=67 pose=86 odom=86 yolo=67 depth_pose_sync=0 lidar_pose_sync=0 depth_odom_sync=0 lidar_odom_sync=0
[lvdot_detector_main-8] [INFO] [1776995360.704443585] [lvdot_detector_node]: Stage timers: detection=186 lidar_detection=186 tracking=186 classification=186 vis=0
[lvdot_detector_main-8] [INFO] [1776995360.704455358] [lvdot_detector_node]: Processing phases: detection=idle lidar_detection=idle tracking=idle classification=idle
[lvdot_detector_main-8] [INFO] [1776995360.704464361] [lvdot_detector_node]: Pipeline stats: depth_samples=1322/71300 u_map=0 depth_boxes=0 u_map_merge=0 u_map_db=0 u_map_visual=0 u_map_fused=0 u_map_filtered=0 lidar_samples=3240/125213 uv=0 db=14 lidar=15 fused=15 filtered=15 tracks=20 dynamic=3 dyn_points=0 raw_dyn_points=0 service=26/0 split=15->0 (15 outputs) fusion_components=15 visual_only=0 lidar_only=15 yolo_in=0 yolo_match3d=0 yolo_match_det=0 yolo_human=0 fixed_size=0 size_reject=0
[lvdot_detector_main-8] [INFO] [1776995360.706758419] [lvdot_detector_node]: get_dynamic_obstacles responded with 3 obstacles from 3 tracked dynamic boxes.
[lvdot_detector_main-8] [WARN] [1776995360.807732695] [lvdot_detector_node.rclcpp]: failed to send response to /onboard_detector/get_dynamic_obstacles (timeout): client will not receive response, at ./src/rmw_response.cpp:153, at ./src/rcl/service.c:400
[lvdot_detector_main-8] [INFO] [1776995366.525245172] [lvdot_detector_node]: Input health: depth=70 color=68 lidar=69 pose=88 odom=88 yolo=69 depth_pose_sync=0 lidar_pose_sync=0 depth_odom_sync=0 lidar_odom_sync=0
[lvdot_detector_main-8] [INFO] [1776995366.525331068] [lvdot_detector_node]: Stage timers: detection=188 lidar_detection=188 tracking=188 classification=188 vis=0
[lvdot_detector_main-8] [INFO] [1776995366.525340582] [lvdot_detector_node]: Processing phases: detection=idle lidar_detection=idle tracking=idle classification=idle
[lvdot_detector_main-8] [INFO] [1776995366.525347287] [lvdot_detector_node]: Pipeline stats: depth_samples=1214/71300 u_map=2 depth_boxes=0 u_map_merge=0 u_map_db=0 u_map_visual=0 u_map_fused=0 u_map_filtered=0 lidar_samples=3387/136253 uv=2 db=8 lidar=62 fused=63 filtered=63 tracks=14 dynamic=0 dyn_points=0 raw_dyn_points=0 service=27/3 split=63->0 (63 outputs) fusion_components=63 visual_only=1 lidar_only=61 yolo_in=3 yolo_match3d=3 yolo_match_det=3 yolo_human=3 fixed_size=0 size_reject=0
[lvdot_detector_main-8] [INFO] [1776995366.527426818] [lvdot_detector_node]: get_dynamic_obstacles responded with 0 obstacles from 0 tracked dynamic boxes.
[lvdot_detector_main-8] [WARN] [1776995366.627636567] [lvdot_detector_node.rclcpp]: failed to send response to /onboard_detector/get_dynamic_obstacles (timeout): client will not receive response, at ./src/rmw_response.cpp:153, at ./src/rcl/service.c:400
[lvdot_detector_main-8] [INFO] [1776995369.880087501] [lvdot_detector_node]: get_dynamic_obstacles responded with 0 obstacles from 0 tracked dynamic boxes.
[lvdot_detector_main-8] [WARN] [1776995369.980281741] [lvdot_detector_node.rclcpp]: failed to send response to /onboard_detector/get_dynamic_obstacles (timeout): client will not receive response, at ./src/rmw_response.cpp:153, at ./src/rcl/service.c:400
[lvdot_detector_main-8] [INFO] [1776995371.540626245] [lvdot_detector_node]: Input health: depth=72 color=70 lidar=71 pose=90 odom=90 yolo=71 depth_pose_sync=0 lidar_pose_sync=0 depth_odom_sync=0 lidar_odom_sync=0
[lvdot_detector_main-8] [INFO] [1776995371.540694100] [lvdot_detector_node]: Stage timers: detection=190 lidar_detection=190 tracking=190 classification=190 vis=0
[lvdot_detector_main-8] [INFO] [1776995371.540705082] [lvdot_detector_node]: Processing phases: detection=idle lidar_detection=idle tracking=idle classification=idle
[lvdot_detector_main-8] [INFO] [1776995371.540714103] [lvdot_detector_node]: Pipeline stats: depth_samples=1394/71300 u_map=3 depth_boxes=0 u_map_merge=0 u_map_db=0 u_map_visual=0 u_map_fused=0 u_map_filtered=0 lidar_samples=52/103467 uv=2 db=12 lidar=2 fused=4 filtered=4 tracks=11 dynamic=1 dyn_points=0 raw_dyn_points=0 service=29/0 split=4->1 (4 outputs) fusion_components=4 visual_only=2 lidar_only=2 yolo_in=2 yolo_match3d=1 yolo_match_det=2 yolo_human=0 fixed_size=0 size_reject=2
[lvdot_detector_main-8] [INFO] [1776995378.427005989] [lvdot_detector_node]: Input health: depth=74 color=72 lidar=73 pose=92 odom=92 yolo=73 depth_pose_sync=0 lidar_pose_sync=0 depth_odom_sync=0 lidar_odom_sync=0
[lvdot_detector_main-8] [INFO] [1776995378.427568337] [lvdot_detector_node]: Stage timers: detection=192 lidar_detection=192 tracking=192 classification=192 vis=0
[lvdot_detector_main-8] [INFO] [1776995378.427590667] [lvdot_detector_node]: Processing phases: detection=idle lidar_detection=idle tracking=idle classification=idle
[lvdot_detector_main-8] [INFO] [1776995378.427598370] [lvdot_detector_node]: Pipeline stats: depth_samples=1316/71300 u_map=0 depth_boxes=0 u_map_merge=0 u_map_db=0 u_map_visual=0 u_map_fused=0 u_map_filtered=0 lidar_samples=3316/130205 uv=0 db=9 lidar=50 fused=50 filtered=50 tracks=70 dynamic=0 dyn_points=0 raw_dyn_points=0 service=29/0 split=50->0 (50 outputs) fusion_components=50 visual_only=0 lidar_only=50 yolo_in=0 yolo_match3d=0 yolo_match_det=0 yolo_human=0 fixed_size=0 size_reject=0
[lvdot_detector_main-8] [INFO] [1776995378.429853417] [lvdot_detector_node]: get_dynamic_obstacles responded with 0 obstacles from 0 tracked dynamic boxes.
[lvdot_detector_main-8] [WARN] [1776995378.530082943] [lvdot_detector_node.rclcpp]: failed to send response to /onboard_detector/get_dynamic_obstacles (timeout): client will not receive response, at ./src/rmw_response.cpp:153, at ./src/rcl/service.c:400
[lvdot_detector_main-8] [INFO] [1776995387.167153551] [lvdot_detector_node]: Input health: depth=77 color=75 lidar=76 pose=95 odom=95 yolo=76 depth_pose_sync=0 lidar_pose_sync=0 depth_odom_sync=0 lidar_odom_sync=0
[lvdot_detector_main-8] [INFO] [1776995387.167258524] [lvdot_detector_node]: Stage timers: detection=195 lidar_detection=195 tracking=195 classification=195 vis=0
[lvdot_detector_main-8] [INFO] [1776995387.167276657] [lvdot_detector_node]: Processing phases: detection=idle lidar_detection=idle tracking=idle classification=idle
[lvdot_detector_main-8] [INFO] [1776995387.167313315] [lvdot_detector_node]: Pipeline stats: depth_samples=1254/71300 u_map=3 depth_boxes=0 u_map_merge=0 u_map_db=0 u_map_visual=0 u_map_fused=0 u_map_filtered=0 lidar_samples=3059/171365 uv=1 db=9 lidar=20 fused=21 filtered=21 tracks=69 dynamic=2 dyn_points=0 raw_dyn_points=0 service=30/0 split=21->1 (21 outputs) fusion_components=21 visual_only=1 lidar_only=20 yolo_in=5 yolo_match3d=2 yolo_match_det=3 yolo_human=2 fixed_size=0 size_reject=1
[lvdot_detector_main-8] [INFO] [1776995394.965967453] [lvdot_detector_node]: Input health: depth=79 color=77 lidar=78 pose=97 odom=97 yolo=78 depth_pose_sync=0 lidar_pose_sync=0 depth_odom_sync=0 lidar_odom_sync=0
[lvdot_detector_main-8] [INFO] [1776995394.966074411] [lvdot_detector_node]: Stage timers: detection=197 lidar_detection=197 tracking=197 classification=197 vis=0
[lvdot_detector_main-8] [INFO] [1776995394.966085265] [lvdot_detector_node]: Processing phases: detection=idle lidar_detection=idle tracking=idle classification=idle
[lvdot_detector_main-8] [INFO] [1776995394.966092369] [lvdot_detector_node]: Pipeline stats: depth_samples=1322/71300 u_map=0 depth_boxes=0 u_map_merge=0 u_map_db=0 u_map_visual=0 u_map_fused=0 u_map_filtered=0 lidar_samples=3310/172707 uv=0 db=14 lidar=26 fused=26 filtered=26 tracks=3 dynamic=2 dyn_points=0 raw_dyn_points=0 service=30/0 split=26->0 (26 outputs) fusion_components=26 visual_only=0 lidar_only=26 yolo_in=2 yolo_match3d=1 yolo_match_det=1 yolo_human=1 fixed_size=0 size_reject=0
[lvdot_detector_main-8] [INFO] [1776995400.378576241] [lvdot_detector_node]: Input health: depth=81 color=79 lidar=80 pose=99 odom=99 yolo=80 depth_pose_sync=0 lidar_pose_sync=0 depth_odom_sync=0 lidar_odom_sync=0
[lvdot_detector_main-8] [INFO] [1776995400.378801959] [lvdot_detector_node]: Stage timers: detection=199 lidar_detection=199 tracking=199 classification=199 vis=0
[lvdot_detector_main-8] [INFO] [1776995400.378825858] [lvdot_detector_node]: Processing phases: detection=idle lidar_detection=idle tracking=idle classification=idle
[lvdot_detector_main-8] [INFO] [1776995400.378837762] [lvdot_detector_node]: Pipeline stats: depth_samples=1286/71300 u_map=3 depth_boxes=0 u_map_merge=0 u_map_db=0 u_map_visual=0 u_map_fused=0 u_map_filtered=0 lidar_samples=3020/138882 uv=1 db=9 lidar=23 fused=24 filtered=24 tracks=73 dynamic=1 dyn_points=0 raw_dyn_points=0 service=30/0 split=24->0 (24 outputs) fusion_components=24 visual_only=1 lidar_only=23 yolo_in=0 yolo_match3d=0 yolo_match_det=0 yolo_human=0 fixed_size=0 size_reject=0
[lvdot_detector_main-8] [INFO] [1776995406.870879298] [lvdot_detector_node]: Input health: depth=83 color=81 lidar=82 pose=101 odom=101 yolo=82 depth_pose_sync=0 lidar_pose_sync=0 depth_odom_sync=0 lidar_odom_sync=0
[lvdot_detector_main-8] [INFO] [1776995406.870947509] [lvdot_detector_node]: Stage timers: detection=201 lidar_detection=201 tracking=201 classification=201 vis=0
[lvdot_detector_main-8] [INFO] [1776995406.870958423] [lvdot_detector_node]: Processing phases: detection=idle lidar_detection=idle tracking=idle classification=idle
[lvdot_detector_main-8] [INFO] [1776995406.870967387] [lvdot_detector_node]: Pipeline stats: depth_samples=1438/71300 u_map=5 depth_boxes=0 u_map_merge=0 u_map_db=0 u_map_visual=0 u_map_fused=0 u_map_filtered=0 lidar_samples=3118/129426 uv=1 db=15 lidar=18 fused=19 filtered=19 tracks=57 dynamic=0 dyn_points=0 raw_dyn_points=0 service=30/0 split=19->0 (19 outputs) fusion_components=19 visual_only=1 lidar_only=18 yolo_in=0 yolo_match3d=0 yolo_match_det=0 yolo_human=0 fixed_size=0 size_reject=0
[lvdot_detector_main-8] [INFO] [1776995413.422493548] [lvdot_detector_node]: Input health: depth=85 color=83 lidar=84 pose=103 odom=103 yolo=84 depth_pose_sync=0 lidar_pose_sync=0 depth_odom_sync=0 lidar_odom_sync=0
[lvdot_detector_main-8] [INFO] [1776995413.423339674] [lvdot_detector_node]: Stage timers: detection=203 lidar_detection=203 tracking=203 classification=203 vis=0
[lvdot_detector_main-8] [INFO] [1776995413.423883563] [lvdot_detector_node]: Processing phases: detection=idle lidar_detection=idle tracking=idle classification=idle
[lvdot_detector_main-8] [INFO] [1776995413.423905718] [lvdot_detector_node]: Pipeline stats: depth_samples=1326/71300 u_map=0 depth_boxes=0 u_map_merge=0 u_map_db=0 u_map_visual=0 u_map_fused=0 u_map_filtered=0 lidar_samples=3021/123723 uv=0 db=12 lidar=15 fused=15 filtered=15 tracks=67 dynamic=0 dyn_points=0 raw_dyn_points=0 service=30/0 split=15->0 (15 outputs) fusion_components=15 visual_only=0 lidar_only=15 yolo_in=0 yolo_match3d=0 yolo_match_det=0 yolo_human=0 fixed_size=0 size_reject=0
[lvdot_detector_main-8] [INFO] [1776995419.129098856] [lvdot_detector_node]: Input health: depth=87 color=85 lidar=86 pose=105 odom=105 yolo=86 depth_pose_sync=0 lidar_pose_sync=0 depth_odom_sync=0 lidar_odom_sync=0
[lvdot_detector_main-8] [INFO] [1776995419.129455599] [lvdot_detector_node]: Stage timers: detection=205 lidar_detection=205 tracking=205 classification=205 vis=0
[lvdot_detector_main-8] [INFO] [1776995419.129609022] [lvdot_detector_node]: Processing phases: detection=idle lidar_detection=idle tracking=idle classification=idle
[lvdot_detector_main-8] [INFO] [1776995419.129631765] [lvdot_detector_node]: Pipeline stats: depth_samples=1291/71300 u_map=2 depth_boxes=0 u_map_merge=0 u_map_db=0 u_map_visual=0 u_map_fused=0 u_map_filtered=0 lidar_samples=3205/143137 uv=1 db=9 lidar=18 fused=18 filtered=18 tracks=62 dynamic=0 dyn_points=0 raw_dyn_points=0 service=30/0 split=18->1 (18 outputs) fusion_components=18 visual_only=0 lidar_only=17 yolo_in=4 yolo_match3d=2 yolo_match_det=3 yolo_human=2 fixed_size=0 size_reject=0
[lvdot_detector_main-8] [INFO] [1776995426.654774683] [lvdot_detector_node]: Input health: depth=89 color=87 lidar=88 pose=107 odom=107 yolo=88 depth_pose_sync=0 lidar_pose_sync=0 depth_odom_sync=0 lidar_odom_sync=0
[lvdot_detector_main-8] [INFO] [1776995426.654839387] [lvdot_detector_node]: Stage timers: detection=207 lidar_detection=207 tracking=207 classification=207 vis=0
[lvdot_detector_main-8] [INFO] [1776995426.654850550] [lvdot_detector_node]: Processing phases: detection=idle lidar_detection=idle tracking=idle classification=idle
[lvdot_detector_main-8] [INFO] [1776995426.654859638] [lvdot_detector_node]: Pipeline stats: depth_samples=1508/71300 u_map=2 depth_boxes=0 u_map_merge=0 u_map_db=0 u_map_visual=0 u_map_fused=0 u_map_filtered=0 lidar_samples=3212/154070 uv=1 db=11 lidar=63 fused=64 filtered=64 tracks=53 dynamic=2 dyn_points=0 raw_dyn_points=0 service=30/0 split=64->0 (64 outputs) fusion_components=64 visual_only=1 lidar_only=63 yolo_in=3 yolo_match3d=3 yolo_match_det=3 yolo_human=3 fixed_size=0 size_reject=0
[lvdot_detector_main-8] [INFO] [1776995433.057468473] [lvdot_detector_node]: Input health: depth=91 color=89 lidar=90 pose=109 odom=109 yolo=90 depth_pose_sync=0 lidar_pose_sync=0 depth_odom_sync=0 lidar_odom_sync=0
[lvdot_detector_main-8] [INFO] [1776995433.057560072] [lvdot_detector_node]: Stage timers: detection=209 lidar_detection=209 tracking=209 classification=209 vis=0
[lvdot_detector_main-8] [INFO] [1776995433.057577054] [lvdot_detector_node]: Processing phases: detection=idle lidar_detection=idle tracking=idle classification=idle
[lvdot_detector_main-8] [INFO] [1776995433.057587352] [lvdot_detector_node]: Pipeline stats: depth_samples=1322/71300 u_map=0 depth_boxes=0 u_map_merge=0 u_map_db=0 u_map_visual=0 u_map_fused=0 u_map_filtered=0 lidar_samples=3055/145254 uv=0 db=14 lidar=41 fused=41 filtered=41 tracks=7 dynamic=3 dyn_points=0 raw_dyn_points=0 service=30/0 split=41->0 (41 outputs) fusion_components=41 visual_only=0 lidar_only=41 yolo_in=1 yolo_match3d=1 yolo_match_det=1 yolo_human=1 fixed_size=0 size_reject=0
[lvdot_detector_main-8] [INFO] [1776995438.855485135] [lvdot_detector_node]: Input health: depth=93 color=91 lidar=92 pose=111 odom=111 yolo=92 depth_pose_sync=0 lidar_pose_sync=0 depth_odom_sync=0 lidar_odom_sync=0
[lvdot_detector_main-8] [INFO] [1776995438.855587546] [lvdot_detector_node]: Stage timers: detection=211 lidar_detection=211 tracking=211 classification=211 vis=0
[lvdot_detector_main-8] [INFO] [1776995438.855621488] [lvdot_detector_node]: Processing phases: detection=idle lidar_detection=idle tracking=idle classification=idle
[lvdot_detector_main-8] [INFO] [1776995438.855643468] [lvdot_detector_node]: Pipeline stats: depth_samples=1392/71300 u_map=3 depth_boxes=0 u_map_merge=0 u_map_db=0 u_map_visual=0 u_map_fused=0 u_map_filtered=0 lidar_samples=3262/125782 uv=2 db=11 lidar=15 fused=16 filtered=16 tracks=72 dynamic=1 dyn_points=0 raw_dyn_points=0 service=30/0 split=16->0 (16 outputs) fusion_components=16 visual_only=1 lidar_only=14 yolo_in=0 yolo_match3d=0 yolo_match_det=0 yolo_human=0 fixed_size=0 size_reject=0
[lvdot_detector_main-8] [INFO] [1776995446.748892866] [lvdot_detector_node]: Input health: depth=95 color=93 lidar=94 pose=113 odom=113 yolo=94 depth_pose_sync=0 lidar_pose_sync=0 depth_odom_sync=0 lidar_odom_sync=0
[lvdot_detector_main-8] [INFO] [1776995446.748954629] [lvdot_detector_node]: Stage timers: detection=213 lidar_detection=213 tracking=213 classification=213 vis=0
[lvdot_detector_main-8] [INFO] [1776995446.748965511] [lvdot_detector_node]: Processing phases: detection=idle lidar_detection=idle tracking=idle classification=idle
[lvdot_detector_main-8] [INFO] [1776995446.748974824] [lvdot_detector_node]: Pipeline stats: depth_samples=1373/71300 u_map=4 depth_boxes=0 u_map_merge=0 u_map_db=0 u_map_visual=0 u_map_fused=0 u_map_filtered=0 lidar_samples=3376/144949 uv=2 db=14 lidar=64 fused=66 filtered=68 tracks=23 dynamic=0 dyn_points=0 raw_dyn_points=0 service=30/0 split=66->1 (68 outputs) fusion_components=66 visual_only=2 lidar_only=64 yolo_in=5 yolo_match3d=2 yolo_match_det=4 yolo_human=4 fixed_size=0 size_reject=0
[lvdot_detector_main-8] [INFO] [1776995453.145328593] [lvdot_detector_node]: Input health: depth=97 color=95 lidar=96 pose=115 odom=115 yolo=96 depth_pose_sync=0 lidar_pose_sync=0 depth_odom_sync=0 lidar_odom_sync=0
[lvdot_detector_main-8] [INFO] [1776995453.145562604] [lvdot_detector_node]: Stage timers: detection=215 lidar_detection=215 tracking=215 classification=215 vis=0
[lvdot_detector_main-8] [INFO] [1776995453.145587995] [lvdot_detector_node]: Processing phases: detection=idle lidar_detection=idle tracking=idle classification=idle
[lvdot_detector_main-8] [INFO] [1776995453.145601230] [lvdot_detector_node]: Pipeline stats: depth_samples=1446/71300 u_map=2 depth_boxes=0 u_map_merge=0 u_map_db=0 u_map_visual=0 u_map_fused=0 u_map_filtered=0 lidar_samples=3085/121535 uv=1 db=9 lidar=5 fused=6 filtered=6 tracks=4 dynamic=4 dyn_points=0 raw_dyn_points=0 service=30/0 split=6->0 (6 outputs) fusion_components=6 visual_only=1 lidar_only=5 yolo_in=0 yolo_match3d=0 yolo_match_det=0 yolo_human=0 fixed_size=0 size_reject=0
[lvdot_detector_main-8] [INFO] [1776995460.463714528] [lvdot_detector_node]: Input health: depth=99 color=97 lidar=98 pose=117 odom=117 yolo=98 depth_pose_sync=0 lidar_pose_sync=0 depth_odom_sync=0 lidar_odom_sync=0
[lvdot_detector_main-8] [INFO] [1776995460.463774674] [lvdot_detector_node]: Stage timers: detection=217 lidar_detection=217 tracking=217 classification=217 vis=0
[lvdot_detector_main-8] [INFO] [1776995460.463785636] [lvdot_detector_node]: Processing phases: detection=idle lidar_detection=idle tracking=idle classification=idle
[lvdot_detector_main-8] [INFO] [1776995460.463794524] [lvdot_detector_node]: Pipeline stats: depth_samples=1296/71300 u_map=2 depth_boxes=0 u_map_merge=0 u_map_db=0 u_map_visual=0 u_map_fused=0 u_map_filtered=0 lidar_samples=3171/118660 uv=1 db=12 lidar=12 fused=13 filtered=13 tracks=24 dynamic=0 dyn_points=0 raw_dyn_points=0 service=30/0 split=13->0 (13 outputs) fusion_components=13 visual_only=1 lidar_only=12 yolo_in=3 yolo_match3d=2 yolo_match_det=2 yolo_human=2 fixed_size=0 size_reject=0
[lvdot_detector_main-8] [INFO] [1776995466.820528396] [lvdot_detector_node]: Input health: depth=101 color=99 lidar=100 pose=119 odom=119 yolo=100 depth_pose_sync=0 lidar_pose_sync=0 depth_odom_sync=0 lidar_odom_sync=0
[lvdot_detector_main-8] [INFO] [1776995466.820619196] [lvdot_detector_node]: Stage timers: detection=219 lidar_detection=219 tracking=219 classification=219 vis=0
[lvdot_detector_main-8] [INFO] [1776995466.820629492] [lvdot_detector_node]: Processing phases: detection=idle lidar_detection=idle tracking=idle classification=idle
[lvdot_detector_main-8] [INFO] [1776995466.820636258] [lvdot_detector_node]: Pipeline stats: depth_samples=1260/71300 u_map=2 depth_boxes=0 u_map_merge=0 u_map_db=0 u_map_visual=0 u_map_fused=0 u_map_filtered=0 lidar_samples=3207/116517 uv=2 db=12 lidar=13 fused=15 filtered=15 tracks=18 dynamic=2 dyn_points=0 raw_dyn_points=0 service=30/0 split=15->0 (15 outputs) fusion_components=15 visual_only=2 lidar_only=13 yolo_in=0 yolo_match3d=0 yolo_match_det=0 yolo_human=0 fixed_size=0 size_reject=0
[lvdot_detector_main-8] [INFO] [1776995472.654094171] [lvdot_detector_node]: Input health: depth=103 color=101 lidar=102 pose=121 odom=121 yolo=102 depth_pose_sync=0 lidar_pose_sync=0 depth_odom_sync=0 lidar_odom_sync=0
[lvdot_detector_main-8] [INFO] [1776995472.654154892] [lvdot_detector_node]: Stage timers: detection=221 lidar_detection=221 tracking=221 classification=221 vis=0
[lvdot_detector_main-8] [INFO] [1776995472.654165790] [lvdot_detector_node]: Processing phases: detection=idle lidar_detection=idle tracking=idle classification=idle
[lvdot_detector_main-8] [INFO] [1776995472.654174451] [lvdot_detector_node]: Pipeline stats: depth_samples=1505/71300 u_map=2 depth_boxes=0 u_map_merge=0 u_map_db=0 u_map_visual=0 u_map_fused=0 u_map_filtered=0 lidar_samples=3112/134627 uv=1 db=10 lidar=19 fused=20 filtered=20 tracks=5 dynamic=0 dyn_points=0 raw_dyn_points=0 service=30/0 split=20->0 (20 outputs) fusion_components=20 visual_only=1 lidar_only=19 yolo_in=2 yolo_match3d=1 yolo_match_det=1 yolo_human=1 fixed_size=0 size_reject=0
[lvdot_detector_main-8] [INFO] [1776995479.586369090] [lvdot_detector_node]: Input health: depth=105 color=103 lidar=104 pose=123 odom=123 yolo=104 depth_pose_sync=0 lidar_pose_sync=0 depth_odom_sync=0 lidar_odom_sync=0
[lvdot_detector_main-8] [INFO] [1776995479.587747207] [lvdot_detector_node]: Stage timers: detection=223 lidar_detection=223 tracking=223 classification=223 vis=0
[lvdot_detector_main-8] [INFO] [1776995479.588485365] [lvdot_detector_node]: Processing phases: detection=idle lidar_detection=idle tracking=idle classification=idle
[lvdot_detector_main-8] [INFO] [1776995479.589083868] [lvdot_detector_node]: Pipeline stats: depth_samples=1613/68142 u_map=3 depth_boxes=0 u_map_merge=0 u_map_db=0 u_map_visual=0 u_map_fused=0 u_map_filtered=0 lidar_samples=3172/151445 uv=1 db=13 lidar=58 fused=58 filtered=58 tracks=4 dynamic=1 dyn_points=0 raw_dyn_points=0 service=30/0 split=58->0 (58 outputs) fusion_components=58 visual_only=0 lidar_only=57 yolo_in=4 yolo_match3d=4 yolo_match_det=4 yolo_human=4 fixed_size=0 size_reject=0
[lvdot_detector_main-8] [INFO] [1776995479.591640568] [lvdot_detector_node]: get_dynamic_obstacles responded with 1 obstacles from 1 tracked dynamic boxes.
[lvdot_detector_main-8] [INFO] [1776995487.081298673] [lvdot_detector_node]: Input health: depth=107 color=105 lidar=106 pose=125 odom=125 yolo=106 depth_pose_sync=0 lidar_pose_sync=0 depth_odom_sync=0 lidar_odom_sync=0
[lvdot_detector_main-8] [INFO] [1776995487.081423037] [lvdot_detector_node]: Stage timers: detection=225 lidar_detection=225 tracking=225 classification=225 vis=0
[lvdot_detector_main-8] [INFO] [1776995487.081459076] [lvdot_detector_node]: Processing phases: detection=idle lidar_detection=idle tracking=idle classification=idle
[lvdot_detector_main-8] [INFO] [1776995487.081476702] [lvdot_detector_node]: Pipeline stats: depth_samples=1322/71300 u_map=0 depth_boxes=0 u_map_merge=0 u_map_db=0 u_map_visual=0 u_map_fused=0 u_map_filtered=0 lidar_samples=3480/116615 uv=0 db=14 lidar=47 fused=47 filtered=47 tracks=63 dynamic=3 dyn_points=0 raw_dyn_points=0 service=31/1 split=47->0 (47 outputs) fusion_components=47 visual_only=0 lidar_only=47 yolo_in=0 yolo_match3d=0 yolo_match_det=0 yolo_human=0 fixed_size=0 size_reject=1
[lvdot_detector_main-8] [INFO] [1776995494.657059801] [lvdot_detector_node]: Input health: depth=109 color=107 lidar=108 pose=127 odom=127 yolo=108 depth_pose_sync=0 lidar_pose_sync=0 depth_odom_sync=0 lidar_odom_sync=0
[lvdot_detector_main-8] [INFO] [1776995494.657125281] [lvdot_detector_node]: Stage timers: detection=227 lidar_detection=227 tracking=227 classification=227 vis=0
[lvdot_detector_main-8] [INFO] [1776995494.657136999] [lvdot_detector_node]: Processing phases: detection=idle lidar_detection=idle tracking=idle classification=idle
[lvdot_detector_main-8] [INFO] [1776995494.657146156] [lvdot_detector_node]: Pipeline stats: depth_samples=1518/71300 u_map=1 depth_boxes=0 u_map_merge=0 u_map_db=0 u_map_visual=0 u_map_fused=0 u_map_filtered=0 lidar_samples=3451/108062 uv=1 db=10 lidar=3 fused=4 filtered=5 tracks=22 dynamic=0 dyn_points=0 raw_dyn_points=0 service=31/1 split=4->1 (5 outputs) fusion_components=4 visual_only=1 lidar_only=3 yolo_in=4 yolo_match3d=1 yolo_match_det=2 yolo_human=2 fixed_size=0 size_reject=0
[lvdot_detector_main-8] [INFO] [1776995502.087581431] [lvdot_detector_node]: Input health: depth=111 color=109 lidar=110 pose=129 odom=129 yolo=110 depth_pose_sync=0 lidar_pose_sync=0 depth_odom_sync=0 lidar_odom_sync=0
[lvdot_detector_main-8] [INFO] [1776995502.087831475] [lvdot_detector_node]: Stage timers: detection=229 lidar_detection=229 tracking=229 classification=229 vis=0
[lvdot_detector_main-8] [INFO] [1776995502.087861088] [lvdot_detector_node]: Processing phases: detection=idle lidar_detection=idle tracking=idle classification=idle
[lvdot_detector_main-8] [INFO] [1776995502.087873149] [lvdot_detector_node]: Pipeline stats: depth_samples=1354/71300 u_map=2 depth_boxes=0 u_map_merge=0 u_map_db=0 u_map_visual=0 u_map_fused=0 u_map_filtered=0 lidar_samples=3082/145473 uv=0 db=11 lidar=45 fused=45 filtered=45 tracks=20 dynamic=1 dyn_points=0 raw_dyn_points=0 service=31/1 split=45->0 (45 outputs) fusion_components=45 visual_only=0 lidar_only=45 yolo_in=1 yolo_match3d=1 yolo_match_det=1 yolo_human=1 fixed_size=0 size_reject=1
[lvdot_detector_main-8] [INFO] [1776995508.225135469] [lvdot_detector_node]: Input health: depth=113 color=111 lidar=112 pose=131 odom=131 yolo=112 depth_pose_sync=0 lidar_pose_sync=0 depth_odom_sync=0 lidar_odom_sync=0
[lvdot_detector_main-8] [INFO] [1776995508.225226213] [lvdot_detector_node]: Stage timers: detection=231 lidar_detection=231 tracking=231 classification=231 vis=0
[lvdot_detector_main-8] [INFO] [1776995508.225235873] [lvdot_detector_node]: Processing phases: detection=idle lidar_detection=idle tracking=idle classification=idle
[lvdot_detector_main-8] [INFO] [1776995508.225242508] [lvdot_detector_node]: Pipeline stats: depth_samples=1472/71300 u_map=3 depth_boxes=0 u_map_merge=0 u_map_db=0 u_map_visual=0 u_map_fused=0 u_map_filtered=0 lidar_samples=3046/122855 uv=0 db=12 lidar=10 fused=10 filtered=10 tracks=35 dynamic=0 dyn_points=0 raw_dyn_points=0 service=31/1 split=10->1 (10 outputs) fusion_components=10 visual_only=0 lidar_only=10 yolo_in=3 yolo_match3d=2 yolo_match_det=3 yolo_human=2 fixed_size=0 size_reject=1
