[INFO] [launch]: All log files can be found below /home/skbt2/.ros/log/2026-04-28-09-17-25-036490-DESKTOP-90MQDL6-41710
[INFO] [launch]: Default logging verbosity is set to INFO
[INFO] [gazebo-1]: process started with pid [41754]
[INFO] [parameter_bridge-2]: process started with pid [41755]
[INFO] [pedestrian_state_publisher-3]: process started with pid [41756]
[INFO] [uav_trajectory_controller-4]: process started with pid [41757]
[INFO] [image_pointcloud_relay-5]: process started with pid [41758]
[INFO] [image_pointcloud_relay-6]: process started with pid [41759]
[INFO] [lvdot_yolo_node-7]: process started with pid [41760]
[INFO] [lvdot_detector_main-8]: process started with pid [41761]
[parameter_bridge-2] [INFO] [1777339045.372881558] [ros_gz_bridge]: Creating GZ->ROS Bridge: [/rgbd_camera/image (gz.msgs.Image) -> /rgbd_camera/image (sensor_msgs/msg/Image)] (Lazy 0)
[parameter_bridge-2] [INFO] [1777339045.385517199] [ros_gz_bridge]: Creating GZ->ROS Bridge: [/rgbd_camera/camera_info (gz.msgs.CameraInfo) -> /rgbd_camera/camera_info (sensor_msgs/msg/CameraInfo)] (Lazy 0)
[parameter_bridge-2] [INFO] [1777339045.388710085] [ros_gz_bridge]: Creating GZ->ROS Bridge: [/rgbd_camera/depth_image (gz.msgs.Image) -> /rgbd_camera/depth_image (sensor_msgs/msg/Image)] (Lazy 0)
[parameter_bridge-2] [INFO] [1777339045.393975572] [ros_gz_bridge]: Creating GZ->ROS Bridge: [/rgbd_camera/points (gz.msgs.PointCloudPacked) -> /rgbd_camera/points (sensor_msgs/msg/PointCloud2)] (Lazy 0)
[parameter_bridge-2] [INFO] [1777339045.396434044] [ros_gz_bridge]: Creating GZ->ROS Bridge: [/camera/imu (gz.msgs.IMU) -> /camera/imu (sensor_msgs/msg/Imu)] (Lazy 0)
[parameter_bridge-2] [INFO] [1777339045.399000623] [ros_gz_bridge]: Creating ROS->GZ service bridge [/world/pedestrian_prototype/set_pose (ros_gz_interfaces/srv/SetEntityPose -> /)]
[parameter_bridge-2] [INFO] [1777339045.403685567] [ros_gz_bridge]: Creating ROS->GZ service bridge [/world/pedestrian_prototype/set_pose/blocking (ros_gz_interfaces/srv/SetEntityPose -> /)]
[lvdot_detector_main-8] [INFO] [1777339045.536483241] [lvdot_detector_node]: Config loaded: localization_mode=0 dt=0.033 image=640x480 depth_range=[0.50, 5.00] stage_timers=true vis_stage=false executor_threads=1
[lvdot_detector_main-8] [INFO] [1777339045.579154029] [lvdot_detector_node]: LV-DOT ROS2 skeleton started. depth=/camera/depth/image_rect_raw color=/camera/color/image_raw lidar=/pointcloud pose=/mavros/local_position/pose odom=/mavros/local_position/odom yolo=/yolo_detector/detected_bounding_boxes
[lvdot_detector_main-8] [INFO] [1777339045.579210217] [lvdot_detector_node]: Starting executor with executor_threads=1
[lvdot_detector_main-8] [WARN] [1777339045.579312865] [rclcpp]: MultiThreadedExecutor is used with a single thread.
[lvdot_detector_main-8] Use the SingleThreadedExecutor instead.
[gazebo-1] [INFO] [1777339047.056951450] [pedestrian_pose_sync_system]: Configured pedestrian pose sync plugin on topic [/pedestrian_sim/agent_states] for 8 models.
[lvdot_detector_main-8] [INFO] [1777339048.586537805] [lvdot_detector_node]: Input health: depth=2 color=1 lidar=0 pose=6 odom=6 yolo=1 depth_pose_sync=0 lidar_pose_sync=0 depth_odom_sync=0 lidar_odom_sync=0
[lvdot_detector_main-8] [INFO] [1777339048.587555239] [lvdot_detector_node]: Stage timers: detection=44 lidar_detection=44 tracking=44 classification=44 vis=0
[lvdot_detector_main-8] [INFO] [1777339048.587616869] [lvdot_detector_node]: Processing phases: detection=idle lidar_detection=waiting_new_lidar tracking=waiting_filtered_bboxes classification=waiting_new_tracking_update
[lvdot_detector_main-8] [INFO] [1777339048.587634435] [lvdot_detector_node]: Pipeline stats: depth_samples=680/71141 u_map=1 depth_boxes=0 u_map_merge=0 u_map_db=0 u_map_visual=0 u_map_fused=0 u_map_filtered=0 lidar_samples=0/0 uv=1 db=7 lidar=0 fused=1 filtered=1 tracks=0 dynamic=0 dyn_points=0 raw_dyn_points=0 service=0/0 split=1->0 (1 outputs) fusion_components=1 visual_only=1 lidar_only=0 yolo_in=1 yolo_match3d=0 yolo_match_det=0 yolo_human=0 fixed_size=0 size_reject=0
[lvdot_detector_main-8] [INFO] [1777339056.436232191] [lvdot_detector_node]: Input health: depth=4 color=3 lidar=2 pose=8 odom=8 yolo=2 depth_pose_sync=0 lidar_pose_sync=0 depth_odom_sync=0 lidar_odom_sync=0
[lvdot_detector_main-8] [INFO] [1777339056.436307694] [lvdot_detector_node]: Stage timers: detection=46 lidar_detection=46 tracking=46 classification=46 vis=0
[lvdot_detector_main-8] [INFO] [1777339056.436320110] [lvdot_detector_node]: Processing phases: detection=idle lidar_detection=idle tracking=idle classification=idle
[lvdot_detector_main-8] [INFO] [1777339056.436329598] [lvdot_detector_node]: Pipeline stats: depth_samples=1054/52381 u_map=3 depth_boxes=0 u_map_merge=0 u_map_db=0 u_map_visual=0 u_map_fused=0 u_map_filtered=0 lidar_samples=3186/158527 uv=1 db=9 lidar=57 fused=58 filtered=58 tracks=70 dynamic=0 dyn_points=0 raw_dyn_points=0 service=0/0 split=58->0 (58 outputs) fusion_components=58 visual_only=1 lidar_only=57 yolo_in=3 yolo_match3d=3 yolo_match_det=3 yolo_human=3 fixed_size=0 size_reject=0
[lvdot_detector_main-8] [INFO] [1777339065.027672336] [lvdot_detector_node]: Input health: depth=6 color=5 lidar=4 pose=10 odom=10 yolo=4 depth_pose_sync=0 lidar_pose_sync=0 depth_odom_sync=0 lidar_odom_sync=0
[lvdot_detector_main-8] [INFO] [1777339065.027762581] [lvdot_detector_node]: Stage timers: detection=48 lidar_detection=48 tracking=48 classification=48 vis=0
[lvdot_detector_main-8] [INFO] [1777339065.027782724] [lvdot_detector_node]: Processing phases: detection=idle lidar_detection=idle tracking=idle classification=idle
[lvdot_detector_main-8] [INFO] [1777339065.027797083] [lvdot_detector_node]: Pipeline stats: depth_samples=1375/71300 u_map=3 depth_boxes=0 u_map_merge=0 u_map_db=0 u_map_visual=0 u_map_fused=0 u_map_filtered=0 lidar_samples=3368/149760 uv=2 db=11 lidar=64 fused=66 filtered=66 tracks=65 dynamic=3 dyn_points=0 raw_dyn_points=0 service=0/0 split=66->1 (66 outputs) fusion_components=66 visual_only=2 lidar_only=64 yolo_in=6 yolo_match3d=4 yolo_match_det=5 yolo_human=4 fixed_size=0 size_reject=0
[lvdot_detector_main-8] [INFO] [1777339072.205730176] [lvdot_detector_node]: Input health: depth=8 color=7 lidar=6 pose=12 odom=12 yolo=6 depth_pose_sync=0 lidar_pose_sync=0 depth_odom_sync=0 lidar_odom_sync=0
[lvdot_detector_main-8] [INFO] [1777339072.206298963] [lvdot_detector_node]: Stage timers: detection=50 lidar_detection=50 tracking=50 classification=50 vis=0
[lvdot_detector_main-8] [INFO] [1777339072.206310589] [lvdot_detector_node]: Processing phases: detection=idle lidar_detection=idle tracking=idle classification=idle
[lvdot_detector_main-8] [INFO] [1777339072.206317843] [lvdot_detector_node]: Pipeline stats: depth_samples=1322/71300 u_map=0 depth_boxes=0 u_map_merge=0 u_map_db=0 u_map_visual=0 u_map_fused=0 u_map_filtered=0 lidar_samples=3109/126241 uv=0 db=14 lidar=13 fused=13 filtered=14 tracks=15 dynamic=3 dyn_points=0 raw_dyn_points=0 service=0/0 split=13->1 (14 outputs) fusion_components=13 visual_only=0 lidar_only=13 yolo_in=5 yolo_match3d=3 yolo_match_det=4 yolo_human=4 fixed_size=0 size_reject=1
[lvdot_detector_main-8] [INFO] [1777339077.352562092] [lvdot_detector_node]: Input health: depth=10 color=9 lidar=7 pose=14 odom=14 yolo=8 depth_pose_sync=0 lidar_pose_sync=0 depth_odom_sync=0 lidar_odom_sync=0
[lvdot_detector_main-8] [INFO] [1777339077.353126526] [lvdot_detector_node]: Stage timers: detection=52 lidar_detection=52 tracking=52 classification=52 vis=0
[lvdot_detector_main-8] [INFO] [1777339077.353141419] [lvdot_detector_node]: Processing phases: detection=idle lidar_detection=waiting_new_lidar tracking=idle classification=idle
[lvdot_detector_main-8] [INFO] [1777339077.353150652] [lvdot_detector_node]: Pipeline stats: depth_samples=1400/71300 u_map=1 depth_boxes=0 u_map_merge=0 u_map_db=0 u_map_visual=0 u_map_fused=0 u_map_filtered=0 lidar_samples=3314/178609 uv=1 db=10 lidar=3 fused=4 filtered=4 tracks=3 dynamic=4 dyn_points=0 raw_dyn_points=0 service=0/0 split=4->0 (4 outputs) fusion_components=4 visual_only=1 lidar_only=3 yolo_in=0 yolo_match3d=0 yolo_match_det=0 yolo_human=0 fixed_size=0 size_reject=0
[lvdot_detector_main-8] [INFO] [1777339086.566695722] [lvdot_detector_node]: Input health: depth=16 color=15 lidar=8 pose=20 odom=20 yolo=14 depth_pose_sync=0 lidar_pose_sync=0 depth_odom_sync=0 lidar_odom_sync=0
[lvdot_detector_main-8] [INFO] [1777339086.566784192] [lvdot_detector_node]: Stage timers: detection=58 lidar_detection=58 tracking=58 classification=58 vis=0
[lvdot_detector_main-8] [INFO] [1777339086.566796266] [lvdot_detector_node]: Processing phases: detection=idle lidar_detection=idle tracking=idle classification=idle
[lvdot_detector_main-8] [INFO] [1777339086.566805701] [lvdot_detector_node]: Pipeline stats: depth_samples=1397/71300 u_map=2 depth_boxes=0 u_map_merge=0 u_map_db=0 u_map_visual=0 u_map_fused=0 u_map_filtered=0 lidar_samples=3097/131596 uv=2 db=9 lidar=16 fused=18 filtered=18 tracks=3 dynamic=1 dyn_points=0 raw_dyn_points=0 service=0/0 split=18->0 (18 outputs) fusion_components=18 visual_only=2 lidar_only=16 yolo_in=2 yolo_match3d=2 yolo_match_det=2 yolo_human=2 fixed_size=0 size_reject=0
[uav_trajectory_controller-4] [WARN] [1777339088.565168088] [uav_trajectory_controller]: SetEntityPose request timed out after 0.62s on /world/pedestrian_prototype/set_pose/blocking; dropping the pending request and retrying.
[uav_trajectory_controller-4] [WARN] [1777339088.566873358] [uav_trajectory_controller]: Falling back from /world/pedestrian_prototype/set_pose/blocking to /world/pedestrian_prototype/set_pose.
[lvdot_detector_main-8] [WARN] [1777339090.660481531] [lvdot_detector_node.rclcpp]: failed to send response to /lvdot_detector_node/get_parameters (timeout): client will not receive response, at ./src/rmw_response.cpp:153, at ./src/rcl/service.c:400
[lvdot_detector_main-8] [INFO] [1777339094.895486404] [lvdot_detector_node]: Input health: depth=18 color=17 lidar=10 pose=22 odom=22 yolo=16 depth_pose_sync=0 lidar_pose_sync=0 depth_odom_sync=0 lidar_odom_sync=0
[lvdot_detector_main-8] [INFO] [1777339094.895556281] [lvdot_detector_node]: Stage timers: detection=60 lidar_detection=60 tracking=60 classification=60 vis=0
[lvdot_detector_main-8] [INFO] [1777339094.895569976] [lvdot_detector_node]: Processing phases: detection=idle lidar_detection=idle tracking=idle classification=idle
[lvdot_detector_main-8] [INFO] [1777339094.895580773] [lvdot_detector_node]: Pipeline stats: depth_samples=1322/71300 u_map=0 depth_boxes=0 u_map_merge=0 u_map_db=0 u_map_visual=0 u_map_fused=0 u_map_filtered=0 lidar_samples=3282/125299 uv=0 db=14 lidar=52 fused=52 filtered=54 tracks=16 dynamic=1 dyn_points=0 raw_dyn_points=0 service=0/0 split=52->1 (54 outputs) fusion_components=52 visual_only=0 lidar_only=52 yolo_in=4 yolo_match3d=2 yolo_match_det=4 yolo_human=4 fixed_size=0 size_reject=1
[lvdot_detector_main-8] [WARN] [1777339094.996371539] [lvdot_detector_node.rclcpp]: failed to send response to /lvdot_detector_node/get_parameters (timeout): client will not receive response, at ./src/rmw_response.cpp:153, at ./src/rcl/service.c:400
[lvdot_detector_main-8] [INFO] [1777339100.211659587] [lvdot_detector_node]: Input health: depth=20 color=19 lidar=11 pose=24 odom=24 yolo=18 depth_pose_sync=0 lidar_pose_sync=0 depth_odom_sync=0 lidar_odom_sync=0
[lvdot_detector_main-8] [INFO] [1777339100.211736407] [lvdot_detector_node]: Stage timers: detection=62 lidar_detection=62 tracking=62 classification=62 vis=0
[lvdot_detector_main-8] [INFO] [1777339100.211751632] [lvdot_detector_node]: Processing phases: detection=idle lidar_detection=idle tracking=idle classification=idle
[lvdot_detector_main-8] [INFO] [1777339100.211762677] [lvdot_detector_node]: Pipeline stats: depth_samples=1400/71300 u_map=1 depth_boxes=0 u_map_merge=0 u_map_db=0 u_map_visual=0 u_map_fused=0 u_map_filtered=0 lidar_samples=3405/121172 uv=1 db=10 lidar=20 fused=20 filtered=20 tracks=52 dynamic=4 dyn_points=0 raw_dyn_points=0 service=0/0 split=20->0 (20 outputs) fusion_components=20 visual_only=0 lidar_only=19 yolo_in=0 yolo_match3d=0 yolo_match_det=0 yolo_human=0 fixed_size=0 size_reject=0
[lvdot_detector_main-8] [INFO] [1777339101.257029532] [lvdot_detector_node]: get_dynamic_obstacles responded with 4 obstacles from 4 tracked dynamic boxes.
[lvdot_detector_main-8] [INFO] [1777339110.130389425] [lvdot_detector_node]: Input health: depth=26 color=25 lidar=12 pose=30 odom=30 yolo=24 depth_pose_sync=0 lidar_pose_sync=0 depth_odom_sync=0 lidar_odom_sync=0
[lvdot_detector_main-8] [INFO] [1777339110.130494452] [lvdot_detector_node]: Stage timers: detection=68 lidar_detection=68 tracking=68 classification=68 vis=0
[lvdot_detector_main-8] [INFO] [1777339110.130507853] [lvdot_detector_node]: Processing phases: detection=idle lidar_detection=waiting_new_lidar tracking=idle classification=idle
[lvdot_detector_main-8] [INFO] [1777339110.130516887] [lvdot_detector_node]: Pipeline stats: depth_samples=1316/71300 u_map=0 depth_boxes=0 u_map_merge=0 u_map_db=0 u_map_visual=0 u_map_fused=0 u_map_filtered=0 lidar_samples=3461/117415 uv=0 db=9 lidar=59 fused=59 filtered=59 tracks=60 dynamic=4 dyn_points=0 raw_dyn_points=0 service=1/4 split=59->0 (59 outputs) fusion_components=59 visual_only=0 lidar_only=59 yolo_in=2 yolo_match3d=0 yolo_match_det=0 yolo_human=0 fixed_size=0 size_reject=0
[lvdot_detector_main-8] [INFO] [1777339114.028001234] [lvdot_detector_node]: get_dynamic_obstacles responded with 2 obstacles from 2 tracked dynamic boxes.
[lvdot_detector_main-8] [WARN] [1777339114.129078419] [lvdot_detector_node.rclcpp]: failed to send response to /onboard_detector/get_dynamic_obstacles (timeout): client will not receive response, at ./src/rmw_response.cpp:153, at ./src/rcl/service.c:400
[lvdot_detector_main-8] [INFO] [1777339115.328928162] [lvdot_detector_node]: Input health: depth=28 color=27 lidar=13 pose=32 odom=32 yolo=26 depth_pose_sync=0 lidar_pose_sync=0 depth_odom_sync=0 lidar_odom_sync=0
[lvdot_detector_main-8] [INFO] [1777339115.328993581] [lvdot_detector_node]: Stage timers: detection=70 lidar_detection=70 tracking=70 classification=70 vis=0
[lvdot_detector_main-8] [INFO] [1777339115.329005065] [lvdot_detector_node]: Processing phases: detection=idle lidar_detection=waiting_new_lidar tracking=idle classification=idle
[lvdot_detector_main-8] [INFO] [1777339115.329014499] [lvdot_detector_node]: Pipeline stats: depth_samples=1686/71300 u_map=5 depth_boxes=0 u_map_merge=0 u_map_db=0 u_map_visual=0 u_map_fused=0 u_map_filtered=0 lidar_samples=3435/108026 uv=1 db=17 lidar=6 fused=7 filtered=7 tracks=6 dynamic=2 dyn_points=0 raw_dyn_points=0 service=2/2 split=7->0 (7 outputs) fusion_components=7 visual_only=1 lidar_only=6 yolo_in=0 yolo_match3d=0 yolo_match_det=0 yolo_human=0 fixed_size=0 size_reject=0
[lvdot_detector_main-8] [INFO] [1777339119.964470077] [lvdot_detector_node]: get_dynamic_obstacles responded with 1 obstacles from 1 tracked dynamic boxes.
[lvdot_detector_main-8] [WARN] [1777339120.065269965] [lvdot_detector_node.rclcpp]: failed to send response to /onboard_detector/get_dynamic_obstacles (timeout): client will not receive response, at ./src/rmw_response.cpp:153, at ./src/rcl/service.c:400
[lvdot_detector_main-8] [INFO] [1777339121.062290253] [lvdot_detector_node]: Input health: depth=33 color=32 lidar=13 pose=37 odom=37 yolo=31 depth_pose_sync=0 lidar_pose_sync=0 depth_odom_sync=0 lidar_odom_sync=0
[lvdot_detector_main-8] [INFO] [1777339121.063402825] [lvdot_detector_node]: Stage timers: detection=75 lidar_detection=75 tracking=75 classification=75 vis=0
[lvdot_detector_main-8] [INFO] [1777339121.064177737] [lvdot_detector_node]: Processing phases: detection=idle lidar_detection=waiting_new_lidar tracking=idle classification=idle
[lvdot_detector_main-8] [INFO] [1777339121.064978330] [lvdot_detector_node]: Pipeline stats: depth_samples=1397/71300 u_map=3 depth_boxes=0 u_map_merge=0 u_map_db=0 u_map_visual=0 u_map_fused=0 u_map_filtered=0 lidar_samples=3435/108026 uv=2 db=11 lidar=6 fused=8 filtered=8 tracks=10 dynamic=1 dyn_points=0 raw_dyn_points=0 service=3/1 split=8->1 (8 outputs) fusion_components=8 visual_only=2 lidar_only=6 yolo_in=6 yolo_match3d=1 yolo_match_det=3 yolo_human=0 fixed_size=0 size_reject=1
[lvdot_detector_main-8] [INFO] [1777339126.967522067] [lvdot_detector_node]: Input health: depth=39 color=38 lidar=13 pose=43 odom=43 yolo=37 depth_pose_sync=0 lidar_pose_sync=0 depth_odom_sync=0 lidar_odom_sync=0
[lvdot_detector_main-8] [INFO] [1777339126.968717213] [lvdot_detector_node]: Stage timers: detection=81 lidar_detection=81 tracking=81 classification=81 vis=0
[lvdot_detector_main-8] [INFO] [1777339126.969502015] [lvdot_detector_node]: Processing phases: detection=idle lidar_detection=waiting_new_lidar tracking=idle classification=idle
[lvdot_detector_main-8] [INFO] [1777339126.969522108] [lvdot_detector_node]: Pipeline stats: depth_samples=1316/71300 u_map=0 depth_boxes=0 u_map_merge=0 u_map_db=0 u_map_visual=0 u_map_fused=0 u_map_filtered=0 lidar_samples=3435/108026 uv=0 db=9 lidar=6 fused=6 filtered=6 tracks=6 dynamic=2 dyn_points=0 raw_dyn_points=0 service=3/1 split=6->0 (6 outputs) fusion_components=6 visual_only=0 lidar_only=6 yolo_in=1 yolo_match3d=0 yolo_match_det=0 yolo_human=0 fixed_size=6 size_reject=0
[lvdot_detector_main-8] [INFO] [1777339130.015177773] [lvdot_detector_node]: get_dynamic_obstacles responded with 2 obstacles from 2 tracked dynamic boxes.
[lvdot_detector_main-8] [WARN] [1777339130.119227323] [lvdot_detector_node.rclcpp]: failed to send response to /onboard_detector/get_dynamic_obstacles (timeout): client will not receive response, at ./src/rmw_response.cpp:153, at ./src/rcl/service.c:400
[lvdot_detector_main-8] [INFO] [1777339136.808963278] [lvdot_detector_node]: Input health: depth=45 color=44 lidar=14 pose=49 odom=49 yolo=43 depth_pose_sync=0 lidar_pose_sync=0 depth_odom_sync=0 lidar_odom_sync=0
[lvdot_detector_main-8] [INFO] [1777339136.810432087] [lvdot_detector_node]: Stage timers: detection=87 lidar_detection=87 tracking=87 classification=87 vis=0
[lvdot_detector_main-8] [INFO] [1777339136.811151587] [lvdot_detector_node]: Processing phases: detection=idle lidar_detection=waiting_new_lidar tracking=idle classification=idle
[lvdot_detector_main-8] [INFO] [1777339136.811861349] [lvdot_detector_node]: Pipeline stats: depth_samples=1788/71300 u_map=2 depth_boxes=0 u_map_merge=0 u_map_db=0 u_map_visual=0 u_map_fused=0 u_map_filtered=0 lidar_samples=3376/144196 uv=1 db=16 lidar=66 fused=66 filtered=66 tracks=67 dynamic=2 dyn_points=0 raw_dyn_points=0 service=4/2 split=66->0 (66 outputs) fusion_components=66 visual_only=0 lidar_only=65 yolo_in=2 yolo_match3d=0 yolo_match_det=0 yolo_human=0 fixed_size=3 size_reject=0
[lvdot_detector_main-8] [INFO] [1777339142.507370534] [lvdot_detector_node]: Input health: depth=48 color=47 lidar=15 pose=52 odom=52 yolo=46 depth_pose_sync=0 lidar_pose_sync=0 depth_odom_sync=0 lidar_odom_sync=0
[lvdot_detector_main-8] [INFO] [1777339142.508521652] [lvdot_detector_node]: Stage timers: detection=90 lidar_detection=90 tracking=90 classification=90 vis=0
[lvdot_detector_main-8] [INFO] [1777339142.509201642] [lvdot_detector_node]: Processing phases: detection=idle lidar_detection=waiting_new_lidar tracking=idle classification=idle
[lvdot_detector_main-8] [INFO] [1777339142.509969584] [lvdot_detector_node]: Pipeline stats: depth_samples=1389/71300 u_map=1 depth_boxes=0 u_map_merge=0 u_map_db=0 u_map_visual=0 u_map_fused=0 u_map_filtered=0 lidar_samples=2280/200482 uv=1 db=13 lidar=1 fused=2 filtered=2 tracks=1 dynamic=2 dyn_points=0 raw_dyn_points=0 service=4/2 split=2->0 (2 outputs) fusion_components=2 visual_only=1 lidar_only=1 yolo_in=3 yolo_match3d=0 yolo_match_det=0 yolo_human=0 fixed_size=0 size_reject=0
[lvdot_detector_main-8] [INFO] [1777339142.510943210] [lvdot_detector_node]: get_dynamic_obstacles responded with 2 obstacles from 2 tracked dynamic boxes.
[lvdot_detector_main-8] [WARN] [1777339142.611180249] [lvdot_detector_node.rclcpp]: failed to send response to /onboard_detector/get_dynamic_obstacles (timeout): client will not receive response, at ./src/rmw_response.cpp:153, at ./src/rcl/service.c:400
[lvdot_detector_main-8] [INFO] [1777339147.509989256] [lvdot_detector_node]: Input health: depth=53 color=52 lidar=15 pose=57 odom=57 yolo=51 depth_pose_sync=0 lidar_pose_sync=0 depth_odom_sync=0 lidar_odom_sync=0
[lvdot_detector_main-8] [INFO] [1777339147.510061386] [lvdot_detector_node]: Stage timers: detection=95 lidar_detection=95 tracking=95 classification=95 vis=0
[lvdot_detector_main-8] [INFO] [1777339147.510072672] [lvdot_detector_node]: Processing phases: detection=idle lidar_detection=waiting_new_lidar tracking=idle classification=idle
[lvdot_detector_main-8] [INFO] [1777339147.510082420] [lvdot_detector_node]: Pipeline stats: depth_samples=1506/71300 u_map=2 depth_boxes=0 u_map_merge=0 u_map_db=0 u_map_visual=0 u_map_fused=0 u_map_filtered=0 lidar_samples=2280/200482 uv=1 db=12 lidar=1 fused=2 filtered=2 tracks=1 dynamic=2 dyn_points=0 raw_dyn_points=0 service=5/2 split=2->1 (2 outputs) fusion_components=2 visual_only=1 lidar_only=1 yolo_in=2 yolo_match3d=1 yolo_match_det=2 yolo_human=1 fixed_size=0 size_reject=0
[lvdot_detector_main-8] [INFO] [1777339147.510681727] [lvdot_detector_node]: get_dynamic_obstacles responded with 2 obstacles from 2 tracked dynamic boxes.
[lvdot_detector_main-8] [INFO] [1777339152.787434637] [lvdot_detector_node]: Input health: depth=58 color=57 lidar=15 pose=62 odom=62 yolo=56 depth_pose_sync=0 lidar_pose_sync=0 depth_odom_sync=0 lidar_odom_sync=0
[lvdot_detector_main-8] [INFO] [1777339152.788504205] [lvdot_detector_node]: Stage timers: detection=100 lidar_detection=100 tracking=100 classification=100 vis=0
[lvdot_detector_main-8] [INFO] [1777339152.788844003] [lvdot_detector_node]: Processing phases: detection=idle lidar_detection=waiting_new_lidar tracking=idle classification=idle
[lvdot_detector_main-8] [INFO] [1777339152.788856824] [lvdot_detector_node]: Pipeline stats: depth_samples=1432/71300 u_map=2 depth_boxes=0 u_map_merge=0 u_map_db=0 u_map_visual=0 u_map_fused=0 u_map_filtered=0 lidar_samples=2280/200482 uv=0 db=13 lidar=1 fused=1 filtered=1 tracks=2 dynamic=1 dyn_points=0 raw_dyn_points=0 service=6/2 split=1->0 (1 outputs) fusion_components=1 visual_only=0 lidar_only=1 yolo_in=0 yolo_match3d=0 yolo_match_det=0 yolo_human=0 fixed_size=1 size_reject=0
[lvdot_detector_main-8] [INFO] [1777339155.937155360] [lvdot_detector_node]: get_dynamic_obstacles responded with 1 obstacles from 1 tracked dynamic boxes.
[lvdot_detector_main-8] [INFO] [1777339158.977078827] [lvdot_detector_node]: Input health: depth=64 color=63 lidar=15 pose=68 odom=68 yolo=62 depth_pose_sync=0 lidar_pose_sync=0 depth_odom_sync=0 lidar_odom_sync=0
[lvdot_detector_main-8] [INFO] [1777339158.977161906] [lvdot_detector_node]: Stage timers: detection=106 lidar_detection=106 tracking=106 classification=106 vis=0
[lvdot_detector_main-8] [INFO] [1777339158.977178302] [lvdot_detector_node]: Processing phases: detection=idle lidar_detection=waiting_new_lidar tracking=idle classification=idle
[lvdot_detector_main-8] [INFO] [1777339158.977189799] [lvdot_detector_node]: Pipeline stats: depth_samples=1194/71300 u_map=1 depth_boxes=0 u_map_merge=0 u_map_db=0 u_map_visual=0 u_map_fused=0 u_map_filtered=0 lidar_samples=2280/200482 uv=0 db=12 lidar=1 fused=1 filtered=1 tracks=3 dynamic=1 dyn_points=0 raw_dyn_points=0 service=7/1 split=1->0 (1 outputs) fusion_components=1 visual_only=0 lidar_only=1 yolo_in=3 yolo_match3d=0 yolo_match_det=0 yolo_human=0 fixed_size=1 size_reject=0
[lvdot_detector_main-8] [INFO] [1777339164.413354599] [lvdot_detector_node]: Input health: depth=66 color=65 lidar=16 pose=70 odom=70 yolo=63 depth_pose_sync=0 lidar_pose_sync=0 depth_odom_sync=0 lidar_odom_sync=0
[lvdot_detector_main-8] [INFO] [1777339164.413627869] [lvdot_detector_node]: Stage timers: detection=108 lidar_detection=108 tracking=108 classification=108 vis=0
[lvdot_detector_main-8] [INFO] [1777339164.413648369] [lvdot_detector_node]: Processing phases: detection=idle lidar_detection=waiting_new_lidar tracking=idle classification=idle
[lvdot_detector_main-8] [INFO] [1777339164.413658321] [lvdot_detector_node]: Pipeline stats: depth_samples=1349/71300 u_map=0 depth_boxes=0 u_map_merge=0 u_map_db=0 u_map_visual=0 u_map_fused=0 u_map_filtered=0 lidar_samples=3460/120455 uv=0 db=9 lidar=63 fused=63 filtered=63 tracks=64 dynamic=1 dyn_points=0 raw_dyn_points=0 service=7/1 split=63->0 (63 outputs) fusion_components=63 visual_only=0 lidar_only=63 yolo_in=0 yolo_match3d=0 yolo_match_det=0 yolo_human=0 fixed_size=0 size_reject=0
[lvdot_detector_main-8] [INFO] [1777339164.414351348] [lvdot_detector_node]: get_dynamic_obstacles responded with 1 obstacles from 1 tracked dynamic boxes.
[lvdot_detector_main-8] [INFO] [1777339171.488595853] [lvdot_detector_node]: Input health: depth=72 color=71 lidar=16 pose=76 odom=76 yolo=69 depth_pose_sync=0 lidar_pose_sync=0 depth_odom_sync=0 lidar_odom_sync=0
[lvdot_detector_main-8] [INFO] [1777339171.489576447] [lvdot_detector_node]: Stage timers: detection=114 lidar_detection=114 tracking=114 classification=114 vis=0
[lvdot_detector_main-8] [INFO] [1777339171.489591640] [lvdot_detector_node]: Processing phases: detection=idle lidar_detection=waiting_new_lidar tracking=idle classification=idle
[lvdot_detector_main-8] [INFO] [1777339171.489602166] [lvdot_detector_node]: Pipeline stats: depth_samples=1473/71300 u_map=2 depth_boxes=0 u_map_merge=0 u_map_db=0 u_map_visual=0 u_map_fused=0 u_map_filtered=0 lidar_samples=3460/120455 uv=1 db=12 lidar=63 fused=64 filtered=64 tracks=64 dynamic=1 dyn_points=0 raw_dyn_points=0 service=8/1 split=64->0 (64 outputs) fusion_components=64 visual_only=1 lidar_only=63 yolo_in=0 yolo_match3d=0 yolo_match_det=0 yolo_human=0 fixed_size=0 size_reject=0
[lvdot_detector_main-8] [INFO] [1777339172.479197981] [lvdot_detector_node]: get_dynamic_obstacles responded with 1 obstacles from 1 tracked dynamic boxes.
[lvdot_detector_main-8] [INFO] [1777339177.465748476] [lvdot_detector_node]: Input health: depth=77 color=76 lidar=16 pose=81 odom=81 yolo=74 depth_pose_sync=0 lidar_pose_sync=0 depth_odom_sync=0 lidar_odom_sync=0
[lvdot_detector_main-8] [INFO] [1777339177.465816751] [lvdot_detector_node]: Stage timers: detection=119 lidar_detection=119 tracking=119 classification=119 vis=0
[lvdot_detector_main-8] [INFO] [1777339177.465828064] [lvdot_detector_node]: Processing phases: detection=idle lidar_detection=waiting_new_lidar tracking=idle classification=idle
[lvdot_detector_main-8] [INFO] [1777339177.465837095] [lvdot_detector_node]: Pipeline stats: depth_samples=1425/71300 u_map=2 depth_boxes=0 u_map_merge=0 u_map_db=0 u_map_visual=0 u_map_fused=0 u_map_filtered=0 lidar_samples=3460/120455 uv=1 db=15 lidar=63 fused=64 filtered=64 tracks=64 dynamic=1 dyn_points=0 raw_dyn_points=0 service=9/1 split=64->0 (64 outputs) fusion_components=64 visual_only=1 lidar_only=63 yolo_in=1 yolo_match3d=1 yolo_match_det=1 yolo_human=1 fixed_size=63 size_reject=0
[lvdot_detector_main-8] [INFO] [1777339183.106598087] [lvdot_detector_node]: Input health: depth=82 color=81 lidar=16 pose=86 odom=86 yolo=79 depth_pose_sync=0 lidar_pose_sync=0 depth_odom_sync=0 lidar_odom_sync=0
[lvdot_detector_main-8] [INFO] [1777339183.107942494] [lvdot_detector_node]: Stage timers: detection=124 lidar_detection=124 tracking=124 classification=124 vis=0
[lvdot_detector_main-8] [INFO] [1777339183.108813502] [lvdot_detector_node]: Processing phases: detection=idle lidar_detection=waiting_new_lidar tracking=idle classification=idle
[lvdot_detector_main-8] [INFO] [1777339183.109166268] [lvdot_detector_node]: Pipeline stats: depth_samples=1457/71300 u_map=2 depth_boxes=0 u_map_merge=0 u_map_db=0 u_map_visual=0 u_map_fused=0 u_map_filtered=0 lidar_samples=3460/120455 uv=2 db=11 lidar=63 fused=65 filtered=65 tracks=65 dynamic=2 dyn_points=0 raw_dyn_points=0 service=9/1 split=65->0 (65 outputs) fusion_components=65 visual_only=2 lidar_only=63 yolo_in=0 yolo_match3d=0 yolo_match_det=0 yolo_human=0 fixed_size=63 size_reject=0
[lvdot_detector_main-8] [INFO] [1777339183.109970822] [lvdot_detector_node]: get_dynamic_obstacles responded with 2 obstacles from 2 tracked dynamic boxes.
[lvdot_detector_main-8] [WARN] [1777339183.213563480] [lvdot_detector_node.rclcpp]: failed to send response to /onboard_detector/get_dynamic_obstacles (timeout): client will not receive response, at ./src/rmw_response.cpp:153, at ./src/rcl/service.c:400
[lvdot_detector_main-8] [INFO] [1777339188.588249421] [lvdot_detector_node]: Input health: depth=87 color=86 lidar=16 pose=91 odom=91 yolo=84 depth_pose_sync=0 lidar_pose_sync=0 depth_odom_sync=0 lidar_odom_sync=0
[lvdot_detector_main-8] [INFO] [1777339188.588311441] [lvdot_detector_node]: Stage timers: detection=129 lidar_detection=129 tracking=129 classification=129 vis=0
[lvdot_detector_main-8] [INFO] [1777339188.588322681] [lvdot_detector_node]: Processing phases: detection=idle lidar_detection=waiting_new_lidar tracking=idle classification=idle
[lvdot_detector_main-8] [INFO] [1777339188.588331713] [lvdot_detector_node]: Pipeline stats: depth_samples=602/71300 u_map=1 depth_boxes=0 u_map_merge=0 u_map_db=0 u_map_visual=0 u_map_fused=0 u_map_filtered=0 lidar_samples=3460/120455 uv=0 db=5 lidar=63 fused=63 filtered=63 tracks=63 dynamic=2 dyn_points=0 raw_dyn_points=0 service=10/2 split=63->0 (63 outputs) fusion_components=63 visual_only=0 lidar_only=63 yolo_in=2 yolo_match3d=0 yolo_match_det=0 yolo_human=0 fixed_size=63 size_reject=0
[lvdot_detector_main-8] [INFO] [1777339191.655403230] [lvdot_detector_node]: get_dynamic_obstacles responded with 2 obstacles from 2 tracked dynamic boxes.
[lvdot_detector_main-8] [WARN] [1777339191.756051381] [lvdot_detector_node.rclcpp]: failed to send response to /onboard_detector/get_dynamic_obstacles (timeout): client will not receive response, at ./src/rmw_response.cpp:153, at ./src/rcl/service.c:400
[lvdot_detector_main-8] [INFO] [1777339195.252777154] [lvdot_detector_node]: Input health: depth=93 color=92 lidar=16 pose=97 odom=97 yolo=90 depth_pose_sync=0 lidar_pose_sync=0 depth_odom_sync=0 lidar_odom_sync=0
[lvdot_detector_main-8] [INFO] [1777339195.254003678] [lvdot_detector_node]: Stage timers: detection=135 lidar_detection=135 tracking=135 classification=135 vis=0
[lvdot_detector_main-8] [INFO] [1777339195.254707823] [lvdot_detector_node]: Processing phases: detection=idle lidar_detection=waiting_new_lidar tracking=idle classification=idle
[lvdot_detector_main-8] [INFO] [1777339195.255007578] [lvdot_detector_node]: Pipeline stats: depth_samples=1214/71300 u_map=1 depth_boxes=0 u_map_merge=0 u_map_db=0 u_map_visual=0 u_map_fused=0 u_map_filtered=0 lidar_samples=3460/120455 uv=1 db=12 lidar=63 fused=63 filtered=64 tracks=63 dynamic=2 dyn_points=0 raw_dyn_points=0 service=11/2 split=63->1 (64 outputs) fusion_components=63 visual_only=0 lidar_only=62 yolo_in=3 yolo_match3d=1 yolo_match_det=3 yolo_human=2 fixed_size=62 size_reject=1
[lvdot_detector_main-8] [INFO] [1777339201.052808135] [lvdot_detector_node]: Input health: depth=98 color=97 lidar=16 pose=102 odom=102 yolo=95 depth_pose_sync=0 lidar_pose_sync=0 depth_odom_sync=0 lidar_odom_sync=0
[lvdot_detector_main-8] [INFO] [1777339201.053850059] [lvdot_detector_node]: Stage timers: detection=140 lidar_detection=140 tracking=140 classification=140 vis=0
[lvdot_detector_main-8] [INFO] [1777339201.053866802] [lvdot_detector_node]: Processing phases: detection=idle lidar_detection=waiting_new_lidar tracking=idle classification=idle
[lvdot_detector_main-8] [INFO] [1777339201.053876312] [lvdot_detector_node]: Pipeline stats: depth_samples=1439/71300 u_map=1 depth_boxes=0 u_map_merge=0 u_map_db=0 u_map_visual=0 u_map_fused=0 u_map_filtered=0 lidar_samples=3460/120455 uv=1 db=10 lidar=63 fused=64 filtered=64 tracks=63 dynamic=1 dyn_points=0 raw_dyn_points=0 service=11/2 split=64->0 (64 outputs) fusion_components=64 visual_only=1 lidar_only=63 yolo_in=2 yolo_match3d=0 yolo_match_det=0 yolo_human=0 fixed_size=62 size_reject=0
[lvdot_detector_main-8] [INFO] [1777339201.056928572] [lvdot_detector_node]: get_dynamic_obstacles responded with 1 obstacles from 1 tracked dynamic boxes.
[lvdot_detector_main-8] [WARN] [1777339201.157394380] [lvdot_detector_node.rclcpp]: failed to send response to /onboard_detector/get_dynamic_obstacles (timeout): client will not receive response, at ./src/rmw_response.cpp:153, at ./src/rcl/service.c:400
[lvdot_detector_main-8] [INFO] [1777339208.183904352] [lvdot_detector_node]: Input health: depth=104 color=103 lidar=16 pose=108 odom=108 yolo=101 depth_pose_sync=0 lidar_pose_sync=0 depth_odom_sync=0 lidar_odom_sync=0
[lvdot_detector_main-8] [INFO] [1777339208.185087429] [lvdot_detector_node]: Stage timers: detection=146 lidar_detection=146 tracking=146 classification=146 vis=0
[lvdot_detector_main-8] [INFO] [1777339208.185422160] [lvdot_detector_node]: Processing phases: detection=idle lidar_detection=waiting_new_lidar tracking=idle classification=idle
[lvdot_detector_main-8] [INFO] [1777339208.185447573] [lvdot_detector_node]: Pipeline stats: depth_samples=1460/71300 u_map=3 depth_boxes=0 u_map_merge=0 u_map_db=0 u_map_visual=0 u_map_fused=0 u_map_filtered=0 lidar_samples=3460/120455 uv=2 db=12 lidar=63 fused=65 filtered=65 tracks=66 dynamic=1 dyn_points=0 raw_dyn_points=0 service=12/1 split=65->0 (65 outputs) fusion_components=65 visual_only=2 lidar_only=63 yolo_in=3 yolo_match3d=0 yolo_match_det=0 yolo_human=0 fixed_size=63 size_reject=0
[lvdot_detector_main-8] [INFO] [1777339210.729304333] [lvdot_detector_node]: get_dynamic_obstacles responded with 1 obstacles from 1 tracked dynamic boxes.
[lvdot_detector_main-8] [INFO] [1777339215.652401261] [lvdot_detector_node]: Input health: depth=110 color=109 lidar=16 pose=114 odom=114 yolo=107 depth_pose_sync=0 lidar_pose_sync=0 depth_odom_sync=0 lidar_odom_sync=0
[lvdot_detector_main-8] [INFO] [1777339215.652479313] [lvdot_detector_node]: Stage timers: detection=152 lidar_detection=152 tracking=152 classification=152 vis=0
[lvdot_detector_main-8] [INFO] [1777339215.652497427] [lvdot_detector_node]: Processing phases: detection=idle lidar_detection=waiting_new_lidar tracking=idle classification=idle
[lvdot_detector_main-8] [INFO] [1777339215.652509842] [lvdot_detector_node]: Pipeline stats: depth_samples=1316/71300 u_map=0 depth_boxes=0 u_map_merge=0 u_map_db=0 u_map_visual=0 u_map_fused=0 u_map_filtered=0 lidar_samples=3460/120455 uv=0 db=9 lidar=63 fused=63 filtered=63 tracks=63 dynamic=1 dyn_points=0 raw_dyn_points=0 service=13/1 split=63->0 (63 outputs) fusion_components=63 visual_only=0 lidar_only=63 yolo_in=4 yolo_match3d=0 yolo_match_det=0 yolo_human=0 fixed_size=62 size_reject=0
[lvdot_detector_main-8] [INFO] [1777339219.256679724] [lvdot_detector_node]: get_dynamic_obstacles responded with 1 obstacles from 1 tracked dynamic boxes.
[lvdot_detector_main-8] [INFO] [1777339221.747980133] [lvdot_detector_node]: Input health: depth=115 color=114 lidar=16 pose=119 odom=119 yolo=112 depth_pose_sync=0 lidar_pose_sync=0 depth_odom_sync=0 lidar_odom_sync=0
[lvdot_detector_main-8] [INFO] [1777339221.749600730] [lvdot_detector_node]: Stage timers: detection=157 lidar_detection=157 tracking=157 classification=157 vis=0
[lvdot_detector_main-8] [INFO] [1777339221.749628903] [lvdot_detector_node]: Processing phases: detection=idle lidar_detection=waiting_new_lidar tracking=idle classification=idle
[lvdot_detector_main-8] [INFO] [1777339221.749641836] [lvdot_detector_node]: Pipeline stats: depth_samples=1455/71300 u_map=1 depth_boxes=0 u_map_merge=0 u_map_db=0 u_map_visual=0 u_map_fused=0 u_map_filtered=0 lidar_samples=3460/120455 uv=1 db=13 lidar=63 fused=64 filtered=64 tracks=64 dynamic=1 dyn_points=0 raw_dyn_points=0 service=14/1 split=64->0 (64 outputs) fusion_components=64 visual_only=1 lidar_only=63 yolo_in=0 yolo_match3d=0 yolo_match_det=0 yolo_human=0 fixed_size=62 size_reject=0
[lvdot_detector_main-8] [INFO] [1777339227.289854000] [lvdot_detector_node]: Input health: depth=117 color=116 lidar=17 pose=121 odom=121 yolo=114 depth_pose_sync=0 lidar_pose_sync=0 depth_odom_sync=0 lidar_odom_sync=0
[lvdot_detector_main-8] [INFO] [1777339227.291465962] [lvdot_detector_node]: Stage timers: detection=159 lidar_detection=159 tracking=159 classification=159 vis=0
[lvdot_detector_main-8] [INFO] [1777339227.292335782] [lvdot_detector_node]: Processing phases: detection=idle lidar_detection=waiting_new_lidar tracking=idle classification=idle
[lvdot_detector_main-8] [INFO] [1777339227.292358905] [lvdot_detector_node]: Pipeline stats: depth_samples=1324/71300 u_map=2 depth_boxes=0 u_map_merge=0 u_map_db=0 u_map_visual=0 u_map_fused=0 u_map_filtered=0 lidar_samples=3297/121371 uv=1 db=12 lidar=22 fused=23 filtered=23 tracks=22 dynamic=1 dyn_points=0 raw_dyn_points=0 service=14/1 split=23->0 (23 outputs) fusion_components=23 visual_only=1 lidar_only=22 yolo_in=5 yolo_match3d=1 yolo_match_det=1 yolo_human=1 fixed_size=0 size_reject=0
[lvdot_detector_main-8] [INFO] [1777339228.412353249] [lvdot_detector_node]: get_dynamic_obstacles responded with 1 obstacles from 1 tracked dynamic boxes.
[lvdot_detector_main-8] [INFO] [1777339236.952580382] [lvdot_detector_node]: Input health: depth=123 color=122 lidar=18 pose=127 odom=127 yolo=120 depth_pose_sync=0 lidar_pose_sync=0 depth_odom_sync=0 lidar_odom_sync=0
[lvdot_detector_main-8] [INFO] [1777339236.952951703] [lvdot_detector_node]: Stage timers: detection=165 lidar_detection=165 tracking=165 classification=165 vis=0
[lvdot_detector_main-8] [INFO] [1777339236.952965706] [lvdot_detector_node]: Processing phases: detection=idle lidar_detection=waiting_new_lidar tracking=idle classification=idle
[lvdot_detector_main-8] [INFO] [1777339236.952975339] [lvdot_detector_node]: Pipeline stats: depth_samples=1400/71300 u_map=1 depth_boxes=0 u_map_merge=0 u_map_db=0 u_map_visual=0 u_map_fused=0 u_map_filtered=0 lidar_samples=3255/123770 uv=1 db=10 lidar=19 fused=20 filtered=20 tracks=20 dynamic=1 dyn_points=0 raw_dyn_points=0 service=15/1 split=20->0 (20 outputs) fusion_components=20 visual_only=1 lidar_only=19 yolo_in=0 yolo_match3d=0 yolo_match_det=0 yolo_human=0 fixed_size=0 size_reject=0
[lvdot_detector_main-8] [INFO] [1777339236.953636446] [lvdot_detector_node]: get_dynamic_obstacles responded with 1 obstacles from 1 tracked dynamic boxes.
[lvdot_detector_main-8] [INFO] [1777339247.160496486] [lvdot_detector_node]: Input health: depth=129 color=128 lidar=19 pose=133 odom=133 yolo=126 depth_pose_sync=0 lidar_pose_sync=0 depth_odom_sync=0 lidar_odom_sync=0
[lvdot_detector_main-8] [INFO] [1777339247.160598998] [lvdot_detector_node]: Stage timers: detection=171 lidar_detection=171 tracking=171 classification=171 vis=0
[lvdot_detector_main-8] [INFO] [1777339247.160616862] [lvdot_detector_node]: Processing phases: detection=idle lidar_detection=idle tracking=idle classification=idle
[lvdot_detector_main-8] [INFO] [1777339247.160630666] [lvdot_detector_node]: Pipeline stats: depth_samples=1410/71300 u_map=1 depth_boxes=0 u_map_merge=0 u_map_db=0 u_map_visual=0 u_map_fused=0 u_map_filtered=0 lidar_samples=3420/127451 uv=1 db=10 lidar=57 fused=58 filtered=59 tracks=19 dynamic=2 dyn_points=0 raw_dyn_points=0 service=16/1 split=58->2 (59 outputs) fusion_components=58 visual_only=1 lidar_only=57 yolo_in=5 yolo_match3d=2 yolo_match_det=5 yolo_human=3 fixed_size=0 size_reject=0
[lvdot_detector_main-8] [INFO] [1777339247.161759729] [lvdot_detector_node]: get_dynamic_obstacles responded with 2 obstacles from 2 tracked dynamic boxes.
[lvdot_detector_main-8] [WARN] [1777339247.264636383] [lvdot_detector_node.rclcpp]: failed to send response to /onboard_detector/get_dynamic_obstacles (timeout): client will not receive response, at ./src/rmw_response.cpp:153, at ./src/rcl/service.c:400
[lvdot_detector_main-8] [INFO] [1777339254.534786286] [lvdot_detector_node]: get_dynamic_obstacles responded with 2 obstacles from 2 tracked dynamic boxes.
[lvdot_detector_main-8] [INFO] [1777339255.697724514] [lvdot_detector_node]: Input health: depth=136 color=135 lidar=19 pose=140 odom=140 yolo=133 depth_pose_sync=0 lidar_pose_sync=0 depth_odom_sync=0 lidar_odom_sync=0
[lvdot_detector_main-8] [INFO] [1777339255.697790192] [lvdot_detector_node]: Stage timers: detection=178 lidar_detection=178 tracking=178 classification=178 vis=0
[lvdot_detector_main-8] [INFO] [1777339255.697801288] [lvdot_detector_node]: Processing phases: detection=idle lidar_detection=waiting_new_lidar tracking=idle classification=idle
[lvdot_detector_main-8] [INFO] [1777339255.697813584] [lvdot_detector_node]: Pipeline stats: depth_samples=1428/71300 u_map=1 depth_boxes=0 u_map_merge=0 u_map_db=0 u_map_visual=0 u_map_fused=0 u_map_filtered=0 lidar_samples=3420/127451 uv=1 db=9 lidar=57 fused=58 filtered=58 tracks=58 dynamic=2 dyn_points=0 raw_dyn_points=0 service=18/2 split=58->0 (58 outputs) fusion_components=58 visual_only=1 lidar_only=57 yolo_in=0 yolo_match3d=0 yolo_match_det=0 yolo_human=0 fixed_size=0 size_reject=0
[lvdot_detector_main-8] [INFO] [1777339262.405255356] [lvdot_detector_node]: Input health: depth=139 color=138 lidar=20 pose=143 odom=143 yolo=136 depth_pose_sync=0 lidar_pose_sync=0 depth_odom_sync=0 lidar_odom_sync=0
[lvdot_detector_main-8] [INFO] [1777339262.405319085] [lvdot_detector_node]: Stage timers: detection=181 lidar_detection=181 tracking=181 classification=181 vis=0
[lvdot_detector_main-8] [INFO] [1777339262.405330817] [lvdot_detector_node]: Processing phases: detection=idle lidar_detection=waiting_new_lidar tracking=idle classification=idle
[lvdot_detector_main-8] [INFO] [1777339262.405340064] [lvdot_detector_node]: Pipeline stats: depth_samples=1293/71300 u_map=2 depth_boxes=0 u_map_merge=0 u_map_db=0 u_map_visual=0 u_map_fused=0 u_map_filtered=0 lidar_samples=3243/120909 uv=2 db=9 lidar=24 fused=26 filtered=26 tracks=25 dynamic=2 dyn_points=0 raw_dyn_points=0 service=18/2 split=26->0 (26 outputs) fusion_components=26 visual_only=2 lidar_only=24 yolo_in=3 yolo_match3d=1 yolo_match_det=1 yolo_human=1 fixed_size=0 size_reject=0
[lvdot_detector_main-8] [INFO] [1777339267.526948442] [lvdot_detector_node]: Input health: depth=141 color=140 lidar=21 pose=145 odom=145 yolo=138 depth_pose_sync=0 lidar_pose_sync=0 depth_odom_sync=0 lidar_odom_sync=0
[lvdot_detector_main-8] [INFO] [1777339267.527885590] [lvdot_detector_node]: Stage timers: detection=183 lidar_detection=183 tracking=183 classification=183 vis=0
[lvdot_detector_main-8] [INFO] [1777339267.528562937] [lvdot_detector_node]: Processing phases: detection=idle lidar_detection=waiting_new_lidar tracking=idle classification=idle
[lvdot_detector_main-8] [INFO] [1777339267.529348692] [lvdot_detector_node]: Pipeline stats: depth_samples=1322/71300 u_map=0 depth_boxes=0 u_map_merge=0 u_map_db=0 u_map_visual=0 u_map_fused=0 u_map_filtered=0 lidar_samples=3266/136339 uv=0 db=14 lidar=12 fused=12 filtered=12 tracks=13 dynamic=1 dyn_points=0 raw_dyn_points=0 service=18/2 split=12->0 (12 outputs) fusion_components=12 visual_only=0 lidar_only=12 yolo_in=3 yolo_match3d=0 yolo_match_det=0 yolo_human=0 fixed_size=0 size_reject=0
[lvdot_detector_main-8] [INFO] [1777339267.533405529] [lvdot_detector_node]: get_dynamic_obstacles responded with 1 obstacles from 1 tracked dynamic boxes.
[lvdot_detector_main-8] [WARN] [1777339267.633682820] [lvdot_detector_node.rclcpp]: failed to send response to /onboard_detector/get_dynamic_obstacles (timeout): client will not receive response, at ./src/rmw_response.cpp:153, at ./src/rcl/service.c:400
[lvdot_detector_main-8] [INFO] [1777339276.682614955] [lvdot_detector_node]: get_dynamic_obstacles responded with 1 obstacles from 1 tracked dynamic boxes.
[lvdot_detector_main-8] [WARN] [1777339276.783463974] [lvdot_detector_node.rclcpp]: failed to send response to /onboard_detector/get_dynamic_obstacles (timeout): client will not receive response, at ./src/rmw_response.cpp:153, at ./src/rcl/service.c:400
[lvdot_detector_main-8] [INFO] [1777339277.726947089] [lvdot_detector_node]: Input health: depth=145 color=144 lidar=23 pose=149 odom=149 yolo=142 depth_pose_sync=0 lidar_pose_sync=0 depth_odom_sync=0 lidar_odom_sync=0
[lvdot_detector_main-8] [INFO] [1777339277.727011456] [lvdot_detector_node]: Stage timers: detection=187 lidar_detection=187 tracking=187 classification=187 vis=0
[lvdot_detector_main-8] [INFO] [1777339277.727023002] [lvdot_detector_node]: Processing phases: detection=idle lidar_detection=waiting_new_lidar tracking=idle classification=idle
[lvdot_detector_main-8] [INFO] [1777339277.727032197] [lvdot_detector_node]: Pipeline stats: depth_samples=1385/71300 u_map=1 depth_boxes=0 u_map_merge=0 u_map_db=0 u_map_visual=0 u_map_fused=0 u_map_filtered=0 lidar_samples=3434/123928 uv=0 db=11 lidar=22 fused=22 filtered=22 tracks=24 dynamic=1 dyn_points=0 raw_dyn_points=0 service=20/1 split=22->0 (22 outputs) fusion_components=22 visual_only=0 lidar_only=22 yolo_in=1 yolo_match3d=0 yolo_match_det=0 yolo_human=0 fixed_size=0 size_reject=0
[lvdot_detector_main-8] [INFO] [1777339284.809790927] [lvdot_detector_node]: Input health: depth=152 color=151 lidar=23 pose=156 odom=156 yolo=149 depth_pose_sync=0 lidar_pose_sync=0 depth_odom_sync=0 lidar_odom_sync=0
[lvdot_detector_main-8] [INFO] [1777339284.809872316] [lvdot_detector_node]: Stage timers: detection=194 lidar_detection=194 tracking=194 classification=194 vis=0
[lvdot_detector_main-8] [INFO] [1777339284.809888373] [lvdot_detector_node]: Processing phases: detection=idle lidar_detection=waiting_new_lidar tracking=idle classification=idle
[lvdot_detector_main-8] [INFO] [1777339284.809899312] [lvdot_detector_node]: Pipeline stats: depth_samples=1322/71300 u_map=0 depth_boxes=0 u_map_merge=0 u_map_db=0 u_map_visual=0 u_map_fused=0 u_map_filtered=0 lidar_samples=3434/123928 uv=0 db=14 lidar=22 fused=22 filtered=22 tracks=22 dynamic=1 dyn_points=0 raw_dyn_points=0 service=20/1 split=22->0 (22 outputs) fusion_components=22 visual_only=0 lidar_only=22 yolo_in=3 yolo_match3d=0 yolo_match_det=0 yolo_human=0 fixed_size=0 size_reject=0
[lvdot_detector_main-8] [INFO] [1777339284.810598192] [lvdot_detector_node]: get_dynamic_obstacles responded with 1 obstacles from 1 tracked dynamic boxes.
[lvdot_detector_main-8] [WARN] [1777339284.910904718] [lvdot_detector_node.rclcpp]: failed to send response to /onboard_detector/get_dynamic_obstacles (timeout): client will not receive response, at ./src/rmw_response.cpp:153, at ./src/rcl/service.c:400
[lvdot_detector_main-8] [INFO] [1777339291.470474593] [lvdot_detector_node]: Input health: depth=158 color=157 lidar=23 pose=162 odom=162 yolo=155 depth_pose_sync=0 lidar_pose_sync=0 depth_odom_sync=0 lidar_odom_sync=0
[lvdot_detector_main-8] [INFO] [1777339291.470538365] [lvdot_detector_node]: Stage timers: detection=200 lidar_detection=200 tracking=200 classification=200 vis=0
[lvdot_detector_main-8] [INFO] [1777339291.470549425] [lvdot_detector_node]: Processing phases: detection=idle lidar_detection=waiting_new_lidar tracking=idle classification=idle
[lvdot_detector_main-8] [INFO] [1777339291.470558493] [lvdot_detector_node]: Pipeline stats: depth_samples=1473/71300 u_map=1 depth_boxes=0 u_map_merge=0 u_map_db=0 u_map_visual=0 u_map_fused=0 u_map_filtered=0 lidar_samples=3434/123928 uv=1 db=11 lidar=22 fused=23 filtered=23 tracks=23 dynamic=1 dyn_points=0 raw_dyn_points=0 service=21/1 split=23->0 (23 outputs) fusion_components=23 visual_only=1 lidar_only=22 yolo_in=0 yolo_match3d=0 yolo_match_det=0 yolo_human=0 fixed_size=22 size_reject=0
[lvdot_detector_main-8] [INFO] [1777339295.247474468] [lvdot_detector_node]: get_dynamic_obstacles responded with 2 obstacles from 2 tracked dynamic boxes.
[lvdot_detector_main-8] [WARN] [1777339295.352289648] [lvdot_detector_node.rclcpp]: failed to send response to /onboard_detector/get_dynamic_obstacles (timeout): client will not receive response, at ./src/rmw_response.cpp:153, at ./src/rcl/service.c:400
[lvdot_detector_main-8] [INFO] [1777339296.634195053] [lvdot_detector_node]: Input health: depth=160 color=159 lidar=24 pose=164 odom=164 yolo=157 depth_pose_sync=0 lidar_pose_sync=0 depth_odom_sync=0 lidar_odom_sync=0
[lvdot_detector_main-8] [INFO] [1777339296.638620995] [lvdot_detector_node]: Stage timers: detection=202 lidar_detection=202 tracking=202 classification=202 vis=0
[lvdot_detector_main-8] [INFO] [1777339296.638649902] [lvdot_detector_node]: Processing phases: detection=idle lidar_detection=waiting_new_lidar tracking=idle classification=idle
[lvdot_detector_main-8] [INFO] [1777339296.638661325] [lvdot_detector_node]: Pipeline stats: depth_samples=1543/71300 u_map=2 depth_boxes=0 u_map_merge=0 u_map_db=0 u_map_visual=0 u_map_fused=0 u_map_filtered=0 lidar_samples=3236/123596 uv=0 db=14 lidar=16 fused=16 filtered=16 tracks=17 dynamic=2 dyn_points=0 raw_dyn_points=0 service=22/2 split=16->0 (16 outputs) fusion_components=16 visual_only=0 lidar_only=16 yolo_in=0 yolo_match3d=0 yolo_match_det=0 yolo_human=0 fixed_size=0 size_reject=0
[lvdot_detector_main-8] [INFO] [1777339304.174304996] [lvdot_detector_node]: Input health: depth=164 color=163 lidar=25 pose=168 odom=168 yolo=161 depth_pose_sync=0 lidar_pose_sync=0 depth_odom_sync=0 lidar_odom_sync=0
[lvdot_detector_main-8] [INFO] [1777339304.174426358] [lvdot_detector_node]: Stage timers: detection=206 lidar_detection=206 tracking=206 classification=206 vis=0
[lvdot_detector_main-8] [INFO] [1777339304.174443724] [lvdot_detector_node]: Processing phases: detection=idle lidar_detection=idle tracking=idle classification=idle
[lvdot_detector_main-8] [INFO] [1777339304.174454044] [lvdot_detector_node]: Pipeline stats: depth_samples=1552/71300 u_map=4 depth_boxes=0 u_map_merge=0 u_map_db=0 u_map_visual=0 u_map_fused=0 u_map_filtered=0 lidar_samples=3156/119870 uv=4 db=16 lidar=13 fused=16 filtered=16 tracks=18 dynamic=1 dyn_points=0 raw_dyn_points=0 service=22/2 split=16->0 (16 outputs) fusion_components=16 visual_only=3 lidar_only=12 yolo_in=0 yolo_match3d=0 yolo_match_det=0 yolo_human=0 fixed_size=4 size_reject=0
[lvdot_detector_main-8] [INFO] [1777339305.179341868] [lvdot_detector_node]: get_dynamic_obstacles responded with 1 obstacles from 1 tracked dynamic boxes.
[lvdot_detector_main-8] [WARN] [1777339305.279588229] [lvdot_detector_node.rclcpp]: failed to send response to /onboard_detector/get_dynamic_obstacles (timeout): client will not receive response, at ./src/rmw_response.cpp:153, at ./src/rcl/service.c:400
[lvdot_detector_main-8] [INFO] [1777339309.357911031] [lvdot_detector_node]: Input health: depth=169 color=168 lidar=25 pose=173 odom=173 yolo=166 depth_pose_sync=0 lidar_pose_sync=0 depth_odom_sync=0 lidar_odom_sync=0
[lvdot_detector_main-8] [INFO] [1777339309.357976770] [lvdot_detector_node]: Stage timers: detection=211 lidar_detection=211 tracking=211 classification=211 vis=0
[lvdot_detector_main-8] [INFO] [1777339309.357988479] [lvdot_detector_node]: Processing phases: detection=idle lidar_detection=waiting_new_lidar tracking=idle classification=idle
[lvdot_detector_main-8] [INFO] [1777339309.357997724] [lvdot_detector_node]: Pipeline stats: depth_samples=1383/71300 u_map=1 depth_boxes=0 u_map_merge=0 u_map_db=0 u_map_visual=0 u_map_fused=0 u_map_filtered=0 lidar_samples=3156/119870 uv=1 db=10 lidar=13 fused=14 filtered=14 tracks=14 dynamic=1 dyn_points=0 raw_dyn_points=0 service=23/1 split=14->0 (14 outputs) fusion_components=14 visual_only=1 lidar_only=13 yolo_in=1 yolo_match3d=0 yolo_match_det=0 yolo_human=0 fixed_size=0 size_reject=0
[lvdot_detector_main-8] [INFO] [1777339309.358730708] [lvdot_detector_node]: get_dynamic_obstacles responded with 1 obstacles from 1 tracked dynamic boxes.
[lvdot_detector_main-8] [INFO] [1777339320.595032513] [lvdot_detector_node]: Input health: depth=177 color=176 lidar=26 pose=181 odom=181 yolo=174 depth_pose_sync=0 lidar_pose_sync=0 depth_odom_sync=0 lidar_odom_sync=0
[lvdot_detector_main-8] [INFO] [1777339320.595112411] [lvdot_detector_node]: Stage timers: detection=219 lidar_detection=219 tracking=219 classification=219 vis=0
[lvdot_detector_main-8] [INFO] [1777339320.595125810] [lvdot_detector_node]: Processing phases: detection=idle lidar_detection=idle tracking=idle classification=idle
[lvdot_detector_main-8] [INFO] [1777339320.595136010] [lvdot_detector_node]: Pipeline stats: depth_samples=1376/71300 u_map=2 depth_boxes=0 u_map_merge=0 u_map_db=0 u_map_visual=0 u_map_fused=0 u_map_filtered=0 lidar_samples=3142/128301 uv=1 db=13 lidar=18 fused=18 filtered=19 tracks=13 dynamic=1 dyn_points=0 raw_dyn_points=0 service=24/1 split=18->1 (19 outputs) fusion_components=18 visual_only=0 lidar_only=17 yolo_in=2 yolo_match3d=1 yolo_match_det=2 yolo_human=2 fixed_size=13 size_reject=0
[lvdot_detector_main-8] [INFO] [1777339320.595774394] [lvdot_detector_node]: get_dynamic_obstacles responded with 1 obstacles from 1 tracked dynamic boxes.
[lvdot_detector_main-8] [WARN] [1777339320.696380535] [lvdot_detector_node.rclcpp]: failed to send response to /onboard_detector/get_dynamic_obstacles (timeout): client will not receive response, at ./src/rmw_response.cpp:153, at ./src/rcl/service.c:400
[lvdot_detector_main-8] [INFO] [1777339326.891419902] [lvdot_detector_node]: Input health: depth=183 color=182 lidar=26 pose=187 odom=187 yolo=180 depth_pose_sync=0 lidar_pose_sync=0 depth_odom_sync=0 lidar_odom_sync=0
[lvdot_detector_main-8] [INFO] [1777339326.891487183] [lvdot_detector_node]: Stage timers: detection=225 lidar_detection=225 tracking=225 classification=225 vis=0
[lvdot_detector_main-8] [INFO] [1777339326.891500121] [lvdot_detector_node]: Processing phases: detection=idle lidar_detection=waiting_new_lidar tracking=idle classification=idle
[lvdot_detector_main-8] [INFO] [1777339326.891509875] [lvdot_detector_node]: Pipeline stats: depth_samples=1383/71300 u_map=1 depth_boxes=0 u_map_merge=0 u_map_db=0 u_map_visual=0 u_map_fused=0 u_map_filtered=0 lidar_samples=3142/128301 uv=1 db=10 lidar=18 fused=19 filtered=19 tracks=19 dynamic=2 dyn_points=0 raw_dyn_points=0 service=25/1 split=19->0 (19 outputs) fusion_components=19 visual_only=1 lidar_only=18 yolo_in=4 yolo_match3d=0 yolo_match_det=0 yolo_human=0 fixed_size=1 size_reject=0
[lvdot_detector_main-8] [INFO] [1777339330.048071796] [lvdot_detector_node]: get_dynamic_obstacles responded with 1 obstacles from 1 tracked dynamic boxes.
[lvdot_detector_main-8] [WARN] [1777339330.148246104] [lvdot_detector_node.rclcpp]: failed to send response to /onboard_detector/get_dynamic_obstacles (timeout): client will not receive response, at ./src/rmw_response.cpp:153, at ./src/rcl/service.c:400
[lvdot_detector_main-8] [INFO] [1777339333.288765970] [lvdot_detector_node]: Input health: depth=189 color=188 lidar=26 pose=193 odom=193 yolo=186 depth_pose_sync=0 lidar_pose_sync=0 depth_odom_sync=0 lidar_odom_sync=0
[lvdot_detector_main-8] [INFO] [1777339333.290129773] [lvdot_detector_node]: Stage timers: detection=231 lidar_detection=231 tracking=231 classification=231 vis=0
[lvdot_detector_main-8] [INFO] [1777339333.290149531] [lvdot_detector_node]: Processing phases: detection=idle lidar_detection=waiting_new_lidar tracking=idle classification=idle
[lvdot_detector_main-8] [INFO] [1777339333.290158963] [lvdot_detector_node]: Pipeline stats: depth_samples=1332/71300 u_map=1 depth_boxes=0 u_map_merge=0 u_map_db=0 u_map_visual=0 u_map_fused=0 u_map_filtered=0 lidar_samples=3142/128301 uv=0 db=11 lidar=18 fused=18 filtered=18 tracks=19 dynamic=1 dyn_points=0 raw_dyn_points=0 service=26/1 split=18->0 (18 outputs) fusion_components=18 visual_only=0 lidar_only=18 yolo_in=2 yolo_match3d=2 yolo_match_det=2 yolo_human=2 fixed_size=17 size_reject=0
[lvdot_detector_main-8] [INFO] [1777339339.081291271] [lvdot_detector_node]: get_dynamic_obstacles responded with 1 obstacles from 1 tracked dynamic boxes.
[lvdot_detector_main-8] [WARN] [1777339339.186704128] [lvdot_detector_node.rclcpp]: failed to send response to /onboard_detector/get_dynamic_obstacles (timeout): client will not receive response, at ./src/rmw_response.cpp:153, at ./src/rcl/service.c:400
[lvdot_detector_main-8] [INFO] [1777339341.128349671] [lvdot_detector_node]: Input health: depth=194 color=193 lidar=27 pose=198 odom=198 yolo=191 depth_pose_sync=0 lidar_pose_sync=0 depth_odom_sync=0 lidar_odom_sync=0
[lvdot_detector_main-8] [INFO] [1777339341.128411825] [lvdot_detector_node]: Stage timers: detection=236 lidar_detection=236 tracking=236 classification=236 vis=0
[lvdot_detector_main-8] [INFO] [1777339341.128423536] [lvdot_detector_node]: Processing phases: detection=idle lidar_detection=waiting_new_lidar tracking=idle classification=idle
[lvdot_detector_main-8] [INFO] [1777339341.128432782] [lvdot_detector_node]: Pipeline stats: depth_samples=1349/71300 u_map=0 depth_boxes=0 u_map_merge=0 u_map_db=0 u_map_visual=0 u_map_fused=0 u_map_filtered=0 lidar_samples=2176/212269 uv=0 db=9 lidar=1 fused=1 filtered=1 tracks=1 dynamic=1 dyn_points=0 raw_dyn_points=0 service=27/1 split=1->0 (1 outputs) fusion_components=1 visual_only=0 lidar_only=1 yolo_in=1 yolo_match3d=0 yolo_match_det=0 yolo_human=0 fixed_size=0 size_reject=0
[lvdot_detector_main-8] [INFO] [1777339346.710947270] [lvdot_detector_node]: Input health: depth=200 color=199 lidar=27 pose=204 odom=204 yolo=197 depth_pose_sync=0 lidar_pose_sync=0 depth_odom_sync=0 lidar_odom_sync=0
[lvdot_detector_main-8] [INFO] [1777339346.711387665] [lvdot_detector_node]: Stage timers: detection=242 lidar_detection=242 tracking=242 classification=242 vis=0
[lvdot_detector_main-8] [INFO] [1777339346.711411402] [lvdot_detector_node]: Processing phases: detection=idle lidar_detection=waiting_new_lidar tracking=idle classification=idle
[lvdot_detector_main-8] [INFO] [1777339346.711424129] [lvdot_detector_node]: Pipeline stats: depth_samples=1095/57782 u_map=3 depth_boxes=0 u_map_merge=0 u_map_db=0 u_map_visual=0 u_map_fused=0 u_map_filtered=0 lidar_samples=2176/212269 uv=1 db=7 lidar=1 fused=2 filtered=2 tracks=2 dynamic=1 dyn_points=0 raw_dyn_points=0 service=27/1 split=2->0 (2 outputs) fusion_components=2 visual_only=1 lidar_only=1 yolo_in=0 yolo_match3d=0 yolo_match_det=0 yolo_human=0 fixed_size=1 size_reject=0
[lvdot_detector_main-8] [INFO] [1777339347.702875761] [lvdot_detector_node]: get_dynamic_obstacles responded with 1 obstacles from 1 tracked dynamic boxes.
[lvdot_detector_main-8] [WARN] [1777339347.803452179] [lvdot_detector_node.rclcpp]: failed to send response to /onboard_detector/get_dynamic_obstacles (timeout): client will not receive response, at ./src/rmw_response.cpp:153, at ./src/rcl/service.c:400
[lvdot_detector_main-8] [INFO] [1777339353.049410853] [lvdot_detector_node]: Input health: depth=206 color=205 lidar=27 pose=210 odom=210 yolo=203 depth_pose_sync=0 lidar_pose_sync=0 depth_odom_sync=0 lidar_odom_sync=0
[lvdot_detector_main-8] [INFO] [1777339353.050734198] [lvdot_detector_node]: Stage timers: detection=248 lidar_detection=248 tracking=248 classification=248 vis=0
[lvdot_detector_main-8] [INFO] [1777339353.051484928] [lvdot_detector_node]: Processing phases: detection=idle lidar_detection=waiting_new_lidar tracking=idle classification=idle
[lvdot_detector_main-8] [INFO] [1777339353.051781525] [lvdot_detector_node]: Pipeline stats: depth_samples=1338/71300 u_map=1 depth_boxes=0 u_map_merge=0 u_map_db=0 u_map_visual=0 u_map_fused=0 u_map_filtered=0 lidar_samples=2176/212269 uv=0 db=11 lidar=1 fused=1 filtered=1 tracks=4 dynamic=1 dyn_points=0 raw_dyn_points=0 service=28/1 split=1->0 (1 outputs) fusion_components=1 visual_only=0 lidar_only=1 yolo_in=2 yolo_match3d=0 yolo_match_det=0 yolo_human=0 fixed_size=1 size_reject=0
[lvdot_detector_main-8] [INFO] [1777339356.705952711] [lvdot_detector_node]: get_dynamic_obstacles responded with 1 obstacles from 1 tracked dynamic boxes.
[lvdot_detector_main-8] [WARN] [1777339356.806131192] [lvdot_detector_node.rclcpp]: failed to send response to /onboard_detector/get_dynamic_obstacles (timeout): client will not receive response, at ./src/rmw_response.cpp:153, at ./src/rcl/service.c:400
[lvdot_detector_main-8] [INFO] [1777339358.800215579] [lvdot_detector_node]: Input health: depth=212 color=211 lidar=27 pose=216 odom=216 yolo=209 depth_pose_sync=0 lidar_pose_sync=0 depth_odom_sync=0 lidar_odom_sync=0
[lvdot_detector_main-8] [INFO] [1777339358.800426964] [lvdot_detector_node]: Stage timers: detection=254 lidar_detection=254 tracking=254 classification=254 vis=0
[lvdot_detector_main-8] [INFO] [1777339358.800446869] [lvdot_detector_node]: Processing phases: detection=idle lidar_detection=waiting_new_lidar tracking=idle classification=idle
[lvdot_detector_main-8] [INFO] [1777339358.800459409] [lvdot_detector_node]: Pipeline stats: depth_samples=1349/71300 u_map=0 depth_boxes=0 u_map_merge=0 u_map_db=0 u_map_visual=0 u_map_fused=0 u_map_filtered=0 lidar_samples=2176/212269 uv=0 db=9 lidar=1 fused=1 filtered=1 tracks=1 dynamic=1 dyn_points=0 raw_dyn_points=0 service=29/1 split=1->0 (1 outputs) fusion_components=1 visual_only=0 lidar_only=1 yolo_in=2 yolo_match3d=0 yolo_match_det=0 yolo_human=0 fixed_size=1 size_reject=0
[lvdot_detector_main-8] [INFO] [1777339364.692863246] [lvdot_detector_node]: Input health: depth=218 color=217 lidar=27 pose=222 odom=222 yolo=214 depth_pose_sync=0 lidar_pose_sync=0 depth_odom_sync=0 lidar_odom_sync=0
[lvdot_detector_main-8] [INFO] [1777339364.692965714] [lvdot_detector_node]: Stage timers: detection=260 lidar_detection=260 tracking=260 classification=260 vis=0
[lvdot_detector_main-8] [INFO] [1777339364.692983984] [lvdot_detector_node]: Processing phases: detection=idle lidar_detection=waiting_new_lidar tracking=idle classification=idle
[lvdot_detector_main-8] [INFO] [1777339364.692994608] [lvdot_detector_node]: Pipeline stats: depth_samples=1399/71300 u_map=2 depth_boxes=0 u_map_merge=0 u_map_db=0 u_map_visual=0 u_map_fused=0 u_map_filtered=0 lidar_samples=2176/212269 uv=2 db=8 lidar=1 fused=3 filtered=3 tracks=2 dynamic=1 dyn_points=0 raw_dyn_points=0 service=29/1 split=3->1 (3 outputs) fusion_components=3 visual_only=2 lidar_only=1 yolo_in=2 yolo_match3d=1 yolo_match_det=2 yolo_human=0 fixed_size=1 size_reject=0
[lvdot_detector_main-8] [INFO] [1777339365.758542050] [lvdot_detector_node]: get_dynamic_obstacles responded with 1 obstacles from 1 tracked dynamic boxes.
[lvdot_detector_main-8] [WARN] [1777339365.859721308] [lvdot_detector_node.rclcpp]: failed to send response to /onboard_detector/get_dynamic_obstacles (timeout): client will not receive response, at ./src/rmw_response.cpp:153, at ./src/rcl/service.c:400
[lvdot_detector_main-8] [INFO] [1777339371.086330480] [lvdot_detector_node]: Input health: depth=224 color=223 lidar=27 pose=228 odom=228 yolo=220 depth_pose_sync=0 lidar_pose_sync=0 depth_odom_sync=0 lidar_odom_sync=0
[lvdot_detector_main-8] [INFO] [1777339371.086401600] [lvdot_detector_node]: Stage timers: detection=266 lidar_detection=266 tracking=266 classification=266 vis=0
[lvdot_detector_main-8] [INFO] [1777339371.086414991] [lvdot_detector_node]: Processing phases: detection=idle lidar_detection=waiting_new_lidar tracking=idle classification=idle
[lvdot_detector_main-8] [INFO] [1777339371.086424017] [lvdot_detector_node]: Pipeline stats: depth_samples=1456/71300 u_map=1 depth_boxes=0 u_map_merge=0 u_map_db=0 u_map_visual=0 u_map_fused=0 u_map_filtered=0 lidar_samples=2176/212269 uv=0 db=12 lidar=1 fused=1 filtered=1 tracks=2 dynamic=1 dyn_points=0 raw_dyn_points=0 service=30/1 split=1->0 (1 outputs) fusion_components=1 visual_only=0 lidar_only=1 yolo_in=1 yolo_match3d=0 yolo_match_det=0 yolo_human=0 fixed_size=1 size_reject=0
[lvdot_detector_main-8] [INFO] [1777339376.953122594] [lvdot_detector_node]: Input health: depth=230 color=229 lidar=27 pose=234 odom=234 yolo=225 depth_pose_sync=0 lidar_pose_sync=0 depth_odom_sync=0 lidar_odom_sync=0
[lvdot_detector_main-8] [INFO] [1777339376.953188767] [lvdot_detector_node]: Stage timers: detection=272 lidar_detection=272 tracking=272 classification=272 vis=0
[lvdot_detector_main-8] [INFO] [1777339376.953199780] [lvdot_detector_node]: Processing phases: detection=idle lidar_detection=waiting_new_lidar tracking=idle classification=idle
[lvdot_detector_main-8] [INFO] [1777339376.953209006] [lvdot_detector_node]: Pipeline stats: depth_samples=1349/71300 u_map=0 depth_boxes=0 u_map_merge=0 u_map_db=0 u_map_visual=0 u_map_fused=0 u_map_filtered=0 lidar_samples=2176/212269 uv=0 db=9 lidar=1 fused=1 filtered=1 tracks=1 dynamic=1 dyn_points=0 raw_dyn_points=0 service=30/1 split=1->0 (1 outputs) fusion_components=1 visual_only=0 lidar_only=1 yolo_in=0 yolo_match3d=0 yolo_match_det=0 yolo_human=0 fixed_size=1 size_reject=0
[lvdot_detector_main-8] [INFO] [1777339383.349334042] [lvdot_detector_node]: Input health: depth=235 color=234 lidar=27 pose=239 odom=239 yolo=229 depth_pose_sync=0 lidar_pose_sync=0 depth_odom_sync=0 lidar_odom_sync=0
[lvdot_detector_main-8] [INFO] [1777339383.350632607] [lvdot_detector_node]: Stage timers: detection=277 lidar_detection=277 tracking=277 classification=277 vis=0
[lvdot_detector_main-8] [INFO] [1777339383.350658772] [lvdot_detector_node]: Processing phases: detection=idle lidar_detection=waiting_new_lidar tracking=idle classification=idle
[lvdot_detector_main-8] [INFO] [1777339383.350707817] [lvdot_detector_node]: Pipeline stats: depth_samples=1492/71300 u_map=1 depth_boxes=0 u_map_merge=0 u_map_db=0 u_map_visual=0 u_map_fused=0 u_map_filtered=0 lidar_samples=2176/212269 uv=1 db=12 lidar=1 fused=2 filtered=2 tracks=2 dynamic=1 dyn_points=0 raw_dyn_points=0 service=30/1 split=2->0 (2 outputs) fusion_components=2 visual_only=1 lidar_only=1 yolo_in=3 yolo_match3d=0 yolo_match_det=0 yolo_human=0 fixed_size=1 size_reject=0
[lvdot_detector_main-8] [INFO] [1777339389.443955306] [lvdot_detector_node]: Input health: depth=240 color=239 lidar=27 pose=244 odom=244 yolo=234 depth_pose_sync=0 lidar_pose_sync=0 depth_odom_sync=0 lidar_odom_sync=0
[lvdot_detector_main-8] [INFO] [1777339389.445865094] [lvdot_detector_node]: Stage timers: detection=282 lidar_detection=282 tracking=282 classification=282 vis=0
[lvdot_detector_main-8] [INFO] [1777339389.445886585] [lvdot_detector_node]: Processing phases: detection=idle lidar_detection=waiting_new_lidar tracking=idle classification=idle
[lvdot_detector_main-8] [INFO] [1777339389.445900769] [lvdot_detector_node]: Pipeline stats: depth_samples=1325/71300 u_map=2 depth_boxes=0 u_map_merge=0 u_map_db=0 u_map_visual=0 u_map_fused=0 u_map_filtered=0 lidar_samples=2176/212269 uv=1 db=16 lidar=1 fused=2 filtered=2 tracks=1 dynamic=1 dyn_points=0 raw_dyn_points=0 service=30/1 split=2->1 (2 outputs) fusion_components=2 visual_only=1 lidar_only=1 yolo_in=2 yolo_match3d=1 yolo_match_det=2 yolo_human=1 fixed_size=1 size_reject=0
[lvdot_detector_main-8] [INFO] [1777339395.429837630] [lvdot_detector_node]: Input health: depth=245 color=244 lidar=27 pose=249 odom=249 yolo=238 depth_pose_sync=0 lidar_pose_sync=0 depth_odom_sync=0 lidar_odom_sync=0
[lvdot_detector_main-8] [INFO] [1777339395.429909044] [lvdot_detector_node]: Stage timers: detection=287 lidar_detection=287 tracking=287 classification=287 vis=0
[lvdot_detector_main-8] [INFO] [1777339395.429920450] [lvdot_detector_node]: Processing phases: detection=idle lidar_detection=waiting_new_lidar tracking=idle classification=idle
[lvdot_detector_main-8] [INFO] [1777339395.429929773] [lvdot_detector_node]: Pipeline stats: depth_samples=1349/71300 u_map=0 depth_boxes=0 u_map_merge=0 u_map_db=0 u_map_visual=0 u_map_fused=0 u_map_filtered=0 lidar_samples=2176/212269 uv=0 db=9 lidar=1 fused=1 filtered=1 tracks=3 dynamic=1 dyn_points=0 raw_dyn_points=0 service=30/1 split=1->0 (1 outputs) fusion_components=1 visual_only=0 lidar_only=1 yolo_in=0 yolo_match3d=0 yolo_match_det=0 yolo_human=0 fixed_size=1 size_reject=0
[lvdot_detector_main-8] [INFO] [1777339400.849345815] [lvdot_detector_node]: Input health: depth=250 color=249 lidar=27 pose=254 odom=254 yolo=242 depth_pose_sync=0 lidar_pose_sync=0 depth_odom_sync=0 lidar_odom_sync=0
[lvdot_detector_main-8] [INFO] [1777339400.849464836] [lvdot_detector_node]: Stage timers: detection=292 lidar_detection=292 tracking=292 classification=292 vis=0
[lvdot_detector_main-8] [INFO] [1777339400.849486062] [lvdot_detector_node]: Processing phases: detection=idle lidar_detection=waiting_new_lidar tracking=idle classification=idle
[lvdot_detector_main-8] [INFO] [1777339400.849499452] [lvdot_detector_node]: Pipeline stats: depth_samples=1311/71300 u_map=2 depth_boxes=0 u_map_merge=0 u_map_db=0 u_map_visual=0 u_map_fused=0 u_map_filtered=0 lidar_samples=2176/212269 uv=2 db=7 lidar=1 fused=3 filtered=3 tracks=5 dynamic=1 dyn_points=0 raw_dyn_points=0 service=30/1 split=3->0 (3 outputs) fusion_components=3 visual_only=2 lidar_only=1 yolo_in=2 yolo_match3d=1 yolo_match_det=1 yolo_human=1 fixed_size=1 size_reject=0
[lvdot_detector_main-8] [INFO] [1777339406.175840408] [lvdot_detector_node]: Input health: depth=252 color=251 lidar=28 pose=256 odom=256 yolo=244 depth_pose_sync=0 lidar_pose_sync=0 depth_odom_sync=0 lidar_odom_sync=0
[lvdot_detector_main-8] [INFO] [1777339406.175907652] [lvdot_detector_node]: Stage timers: detection=294 lidar_detection=294 tracking=294 classification=294 vis=0
[lvdot_detector_main-8] [INFO] [1777339406.175919200] [lvdot_detector_node]: Processing phases: detection=idle lidar_detection=waiting_new_lidar tracking=idle classification=idle
[lvdot_detector_main-8] [INFO] [1777339406.175928704] [lvdot_detector_node]: Pipeline stats: depth_samples=1501/71300 u_map=2 depth_boxes=0 u_map_merge=0 u_map_db=0 u_map_visual=0 u_map_fused=0 u_map_filtered=0 lidar_samples=3275/123828 uv=1 db=15 lidar=20 fused=21 filtered=21 tracks=20 dynamic=2 dyn_points=0 raw_dyn_points=0 service=30/1 split=21->1 (21 outputs) fusion_components=21 visual_only=1 lidar_only=20 yolo_in=4 yolo_match3d=1 yolo_match_det=3 yolo_human=0 fixed_size=0 size_reject=1
[lvdot_detector_main-8] [INFO] [1777339411.406940310] [lvdot_detector_node]: Input health: depth=257 color=256 lidar=28 pose=261 odom=261 yolo=249 depth_pose_sync=0 lidar_pose_sync=0 depth_odom_sync=0 lidar_odom_sync=0
[lvdot_detector_main-8] [INFO] [1777339411.407043354] [lvdot_detector_node]: Stage timers: detection=299 lidar_detection=299 tracking=299 classification=299 vis=0
[lvdot_detector_main-8] [INFO] [1777339411.407058866] [lvdot_detector_node]: Processing phases: detection=idle lidar_detection=waiting_new_lidar tracking=idle classification=idle
[lvdot_detector_main-8] [INFO] [1777339411.407069845] [lvdot_detector_node]: Pipeline stats: depth_samples=1349/71300 u_map=0 depth_boxes=0 u_map_merge=0 u_map_db=0 u_map_visual=0 u_map_fused=0 u_map_filtered=0 lidar_samples=3275/123828 uv=0 db=9 lidar=20 fused=20 filtered=20 tracks=20 dynamic=1 dyn_points=0 raw_dyn_points=0 service=30/1 split=20->0 (20 outputs) fusion_components=20 visual_only=0 lidar_only=20 yolo_in=1 yolo_match3d=1 yolo_match_det=1 yolo_human=1 fixed_size=0 size_reject=0
[lvdot_detector_main-8] [INFO] [1777339417.450051511] [lvdot_detector_node]: Input health: depth=263 color=262 lidar=28 pose=267 odom=267 yolo=255 depth_pose_sync=0 lidar_pose_sync=0 depth_odom_sync=0 lidar_odom_sync=0
[lvdot_detector_main-8] [INFO] [1777339417.451140362] [lvdot_detector_node]: Stage timers: detection=305 lidar_detection=305 tracking=305 classification=305 vis=0
[lvdot_detector_main-8] [INFO] [1777339417.451160238] [lvdot_detector_node]: Processing phases: detection=idle lidar_detection=waiting_new_lidar tracking=idle classification=idle
[lvdot_detector_main-8] [INFO] [1777339417.451169826] [lvdot_detector_node]: Pipeline stats: depth_samples=1385/71300 u_map=1 depth_boxes=0 u_map_merge=0 u_map_db=0 u_map_visual=0 u_map_fused=0 u_map_filtered=0 lidar_samples=3275/123828 uv=0 db=11 lidar=20 fused=20 filtered=20 tracks=21 dynamic=1 dyn_points=0 raw_dyn_points=0 service=30/1 split=20->0 (20 outputs) fusion_components=20 visual_only=0 lidar_only=20 yolo_in=2 yolo_match3d=0 yolo_match_det=0 yolo_human=0 fixed_size=20 size_reject=0
[lvdot_detector_main-8] [INFO] [1777339423.620488815] [lvdot_detector_node]: Input health: depth=269 color=268 lidar=28 pose=273 odom=273 yolo=261 depth_pose_sync=0 lidar_pose_sync=0 depth_odom_sync=0 lidar_odom_sync=0
[lvdot_detector_main-8] [INFO] [1777339423.621146851] [lvdot_detector_node]: Stage timers: detection=311 lidar_detection=311 tracking=311 classification=311 vis=0
[lvdot_detector_main-8] [INFO] [1777339423.621166834] [lvdot_detector_node]: Processing phases: detection=idle lidar_detection=waiting_new_lidar tracking=idle classification=idle
[lvdot_detector_main-8] [INFO] [1777339423.621180752] [lvdot_detector_node]: Pipeline stats: depth_samples=1579/71300 u_map=1 depth_boxes=0 u_map_merge=0 u_map_db=0 u_map_visual=0 u_map_fused=0 u_map_filtered=0 lidar_samples=3275/123828 uv=1 db=17 lidar=20 fused=21 filtered=21 tracks=22 dynamic=1 dyn_points=0 raw_dyn_points=0 service=30/1 split=21->0 (21 outputs) fusion_components=21 visual_only=1 lidar_only=20 yolo_in=1 yolo_match3d=1 yolo_match_det=1 yolo_human=1 fixed_size=19 size_reject=0
[lvdot_detector_main-8] [INFO] [1777339430.118120755] [lvdot_detector_node]: Input health: depth=272 color=271 lidar=29 pose=276 odom=276 yolo=264 depth_pose_sync=0 lidar_pose_sync=0 depth_odom_sync=0 lidar_odom_sync=0
[lvdot_detector_main-8] [INFO] [1777339430.118211046] [lvdot_detector_node]: Stage timers: detection=314 lidar_detection=314 tracking=314 classification=314 vis=0
[lvdot_detector_main-8] [INFO] [1777339430.118227084] [lvdot_detector_node]: Processing phases: detection=idle lidar_detection=idle tracking=idle classification=idle
[lvdot_detector_main-8] [INFO] [1777339430.118240053] [lvdot_detector_node]: Pipeline stats: depth_samples=1316/71300 u_map=0 depth_boxes=0 u_map_merge=0 u_map_db=0 u_map_visual=0 u_map_fused=0 u_map_filtered=0 lidar_samples=3182/137971 uv=0 db=9 lidar=66 fused=66 filtered=66 tracks=22 dynamic=1 dyn_points=0 raw_dyn_points=0 service=30/1 split=66->1 (66 outputs) fusion_components=66 visual_only=0 lidar_only=66 yolo_in=3 yolo_match3d=1 yolo_match_det=2 yolo_human=1 fixed_size=19 size_reject=1
[lvdot_detector_main-8] [INFO] [1777339440.039562296] [lvdot_detector_node]: Input health: depth=275 color=274 lidar=31 pose=279 odom=279 yolo=267 depth_pose_sync=0 lidar_pose_sync=0 depth_odom_sync=0 lidar_odom_sync=0
[lvdot_detector_main-8] [INFO] [1777339440.041202131] [lvdot_detector_node]: Stage timers: detection=317 lidar_detection=317 tracking=317 classification=317 vis=0
[lvdot_detector_main-8] [INFO] [1777339440.043255603] [lvdot_detector_node]: Processing phases: detection=idle lidar_detection=idle tracking=idle classification=idle
[lvdot_detector_main-8] [INFO] [1777339440.043279307] [lvdot_detector_node]: Pipeline stats: depth_samples=1501/71300 u_map=3 depth_boxes=0 u_map_merge=0 u_map_db=0 u_map_visual=0 u_map_fused=0 u_map_filtered=0 lidar_samples=3423/148258 uv=1 db=15 lidar=69 fused=70 filtered=70 tracks=3 dynamic=1 dyn_points=0 raw_dyn_points=0 service=30/1 split=70->0 (70 outputs) fusion_components=70 visual_only=1 lidar_only=69 yolo_in=2 yolo_match3d=2 yolo_match_det=2 yolo_human=2 fixed_size=0 size_reject=0
[lvdot_detector_main-8] [INFO] [1777339447.859260603] [lvdot_detector_node]: Input health: depth=281 color=280 lidar=31 pose=285 odom=285 yolo=273 depth_pose_sync=0 lidar_pose_sync=0 depth_odom_sync=0 lidar_odom_sync=0
[lvdot_detector_main-8] [INFO] [1777339447.859323985] [lvdot_detector_node]: Stage timers: detection=323 lidar_detection=323 tracking=323 classification=323 vis=0
[lvdot_detector_main-8] [INFO] [1777339447.859340432] [lvdot_detector_node]: Processing phases: detection=idle lidar_detection=waiting_new_lidar tracking=idle classification=idle
[lvdot_detector_main-8] [INFO] [1777339447.859350160] [lvdot_detector_node]: Pipeline stats: depth_samples=1430/71300 u_map=3 depth_boxes=0 u_map_merge=0 u_map_db=0 u_map_visual=0 u_map_fused=0 u_map_filtered=0 lidar_samples=3423/148258 uv=2 db=11 lidar=69 fused=71 filtered=71 tracks=70 dynamic=1 dyn_points=0 raw_dyn_points=0 service=30/1 split=71->0 (71 outputs) fusion_components=71 visual_only=2 lidar_only=69 yolo_in=3 yolo_match3d=1 yolo_match_det=1 yolo_human=1 fixed_size=0 size_reject=0
[lvdot_detector_main-8] [INFO] [1777339453.354653991] [lvdot_detector_node]: Input health: depth=283 color=282 lidar=32 pose=287 odom=287 yolo=275 depth_pose_sync=0 lidar_pose_sync=0 depth_odom_sync=0 lidar_odom_sync=0
[lvdot_detector_main-8] [INFO] [1777339453.354795328] [lvdot_detector_node]: Stage timers: detection=325 lidar_detection=325 tracking=325 classification=325 vis=0
[lvdot_detector_main-8] [INFO] [1777339453.354814270] [lvdot_detector_node]: Processing phases: detection=idle lidar_detection=waiting_new_lidar tracking=idle classification=idle
[lvdot_detector_main-8] [INFO] [1777339453.354821764] [lvdot_detector_node]: Pipeline stats: depth_samples=1406/68051 u_map=2 depth_boxes=0 u_map_merge=0 u_map_db=0 u_map_visual=0 u_map_fused=0 u_map_filtered=0 lidar_samples=3336/120789 uv=1 db=10 lidar=17 fused=18 filtered=19 tracks=17 dynamic=1 dyn_points=0 raw_dyn_points=0 service=30/1 split=18->1 (19 outputs) fusion_components=18 visual_only=1 lidar_only=17 yolo_in=4 yolo_match3d=2 yolo_match_det=3 yolo_human=3 fixed_size=0 size_reject=0
[lvdot_detector_main-8] [INFO] [1777339458.545872271] [lvdot_detector_node]: Input health: depth=288 color=287 lidar=32 pose=292 odom=292 yolo=280 depth_pose_sync=0 lidar_pose_sync=0 depth_odom_sync=0 lidar_odom_sync=0
[lvdot_detector_main-8] [INFO] [1777339458.547012403] [lvdot_detector_node]: Stage timers: detection=330 lidar_detection=330 tracking=330 classification=330 vis=0
[lvdot_detector_main-8] [INFO] [1777339458.547317081] [lvdot_detector_node]: Processing phases: detection=idle lidar_detection=waiting_new_lidar tracking=idle classification=idle
[lvdot_detector_main-8] [INFO] [1777339458.547329366] [lvdot_detector_node]: Pipeline stats: depth_samples=1123/50169 u_map=4 depth_boxes=0 u_map_merge=0 u_map_db=0 u_map_visual=0 u_map_fused=0 u_map_filtered=0 lidar_samples=3336/120789 uv=2 db=12 lidar=17 fused=19 filtered=19 tracks=20 dynamic=1 dyn_points=0 raw_dyn_points=0 service=30/1 split=19->0 (19 outputs) fusion_components=19 visual_only=2 lidar_only=17 yolo_in=2 yolo_match3d=0 yolo_match_det=0 yolo_human=0 fixed_size=1 size_reject=0
[lvdot_detector_main-8] [INFO] [1777339465.524866675] [lvdot_detector_node]: Input health: depth=295 color=294 lidar=32 pose=299 odom=299 yolo=286 depth_pose_sync=0 lidar_pose_sync=0 depth_odom_sync=0 lidar_odom_sync=0
[lvdot_detector_main-8] [INFO] [1777339465.526267718] [lvdot_detector_node]: Stage timers: detection=337 lidar_detection=337 tracking=337 classification=337 vis=0
[lvdot_detector_main-8] [INFO] [1777339465.526281332] [lvdot_detector_node]: Processing phases: detection=idle lidar_detection=waiting_new_lidar tracking=idle classification=idle
[lvdot_detector_main-8] [INFO] [1777339465.526290642] [lvdot_detector_node]: Pipeline stats: depth_samples=1369/71300 u_map=0 depth_boxes=0 u_map_merge=0 u_map_db=0 u_map_visual=0 u_map_fused=0 u_map_filtered=0 lidar_samples=3336/120789 uv=0 db=10 lidar=17 fused=17 filtered=17 tracks=17 dynamic=1 dyn_points=0 raw_dyn_points=0 service=30/1 split=17->0 (17 outputs) fusion_components=17 visual_only=0 lidar_only=17 yolo_in=1 yolo_match3d=1 yolo_match_det=1 yolo_human=1 fixed_size=17 size_reject=1
[lvdot_detector_main-8] [INFO] [1777339472.417860460] [lvdot_detector_node]: Input health: depth=299 color=298 lidar=33 pose=303 odom=303 yolo=290 depth_pose_sync=0 lidar_pose_sync=0 depth_odom_sync=0 lidar_odom_sync=0
[lvdot_detector_main-8] [INFO] [1777339472.417925987] [lvdot_detector_node]: Stage timers: detection=341 lidar_detection=341 tracking=341 classification=341 vis=0
[lvdot_detector_main-8] [INFO] [1777339472.417937206] [lvdot_detector_node]: Processing phases: detection=idle lidar_detection=waiting_new_lidar tracking=idle classification=idle
[lvdot_detector_main-8] [INFO] [1777339472.417946439] [lvdot_detector_node]: Pipeline stats: depth_samples=1017/47282 u_map=3 depth_boxes=0 u_map_merge=0 u_map_db=0 u_map_visual=0 u_map_fused=0 u_map_filtered=0 lidar_samples=3186/124887 uv=1 db=12 lidar=22 fused=23 filtered=23 tracks=22 dynamic=1 dyn_points=0 raw_dyn_points=0 service=30/1 split=23->0 (23 outputs) fusion_components=23 visual_only=1 lidar_only=22 yolo_in=1 yolo_match3d=0 yolo_match_det=0 yolo_human=0 fixed_size=0 size_reject=0
[lvdot_detector_main-8] [INFO] [1777339477.738517508] [lvdot_detector_node]: Input health: depth=301 color=300 lidar=34 pose=305 odom=305 yolo=292 depth_pose_sync=0 lidar_pose_sync=0 depth_odom_sync=0 lidar_odom_sync=0
[lvdot_detector_main-8] [INFO] [1777339477.739730382] [lvdot_detector_node]: Stage timers: detection=343 lidar_detection=343 tracking=343 classification=343 vis=0
[lvdot_detector_main-8] [INFO] [1777339477.740467783] [lvdot_detector_node]: Processing phases: detection=idle lidar_detection=waiting_new_lidar tracking=idle classification=idle
[lvdot_detector_main-8] [INFO] [1777339477.740869720] [lvdot_detector_node]: Pipeline stats: depth_samples=1426/71300 u_map=3 depth_boxes=0 u_map_merge=0 u_map_db=0 u_map_visual=0 u_map_fused=0 u_map_filtered=0 lidar_samples=3342/123507 uv=2 db=18 lidar=17 fused=19 filtered=19 tracks=19 dynamic=1 dyn_points=0 raw_dyn_points=0 service=30/1 split=19->1 (19 outputs) fusion_components=19 visual_only=2 lidar_only=17 yolo_in=2 yolo_match3d=1 yolo_match_det=2 yolo_human=1 fixed_size=0 size_reject=0
[lvdot_detector_main-8] [INFO] [1777339482.823276925] [lvdot_detector_node]: Input health: depth=307 color=306 lidar=34 pose=311 odom=311 yolo=298 depth_pose_sync=0 lidar_pose_sync=0 depth_odom_sync=0 lidar_odom_sync=0
[lvdot_detector_main-8] [INFO] [1777339482.823379480] [lvdot_detector_node]: Stage timers: detection=349 lidar_detection=349 tracking=349 classification=349 vis=0
[lvdot_detector_main-8] [INFO] [1777339482.823395265] [lvdot_detector_node]: Processing phases: detection=idle lidar_detection=waiting_new_lidar tracking=idle classification=idle
[lvdot_detector_main-8] [INFO] [1777339482.823405788] [lvdot_detector_node]: Pipeline stats: depth_samples=1258/71300 u_map=1 depth_boxes=0 u_map_merge=0 u_map_db=0 u_map_visual=0 u_map_fused=0 u_map_filtered=0 lidar_samples=3342/123507 uv=1 db=8 lidar=17 fused=18 filtered=18 tracks=17 dynamic=1 dyn_points=0 raw_dyn_points=0 service=30/1 split=18->0 (18 outputs) fusion_components=18 visual_only=1 lidar_only=17 yolo_in=3 yolo_match3d=2 yolo_match_det=2 yolo_human=2 fixed_size=0 size_reject=0
[lvdot_detector_main-8] [INFO] [1777339490.131569983] [lvdot_detector_node]: Input health: depth=311 color=310 lidar=35 pose=315 odom=315 yolo=302 depth_pose_sync=0 lidar_pose_sync=0 depth_odom_sync=0 lidar_odom_sync=0
[lvdot_detector_main-8] [INFO] [1777339490.132256716] [lvdot_detector_node]: Stage timers: detection=353 lidar_detection=353 tracking=353 classification=353 vis=0
[lvdot_detector_main-8] [INFO] [1777339490.132277054] [lvdot_detector_node]: Processing phases: detection=idle lidar_detection=waiting_new_lidar tracking=idle classification=idle
[lvdot_detector_main-8] [INFO] [1777339490.132288994] [lvdot_detector_node]: Pipeline stats: depth_samples=1359/71300 u_map=2 depth_boxes=0 u_map_merge=0 u_map_db=0 u_map_visual=0 u_map_fused=0 u_map_filtered=0 lidar_samples=3275/121098 uv=0 db=11 lidar=11 fused=11 filtered=11 tracks=12 dynamic=2 dyn_points=0 raw_dyn_points=0 service=30/1 split=11->0 (11 outputs) fusion_components=11 visual_only=0 lidar_only=11 yolo_in=0 yolo_match3d=0 yolo_match_det=0 yolo_human=0 fixed_size=0 size_reject=0
[lvdot_detector_main-8] [INFO] [1777339495.867263643] [lvdot_detector_node]: Input health: depth=313 color=312 lidar=36 pose=317 odom=317 yolo=304 depth_pose_sync=0 lidar_pose_sync=0 depth_odom_sync=0 lidar_odom_sync=0
[lvdot_detector_main-8] [INFO] [1777339495.871618477] [lvdot_detector_node]: Stage timers: detection=355 lidar_detection=355 tracking=355 classification=355 vis=0
[lvdot_detector_main-8] [INFO] [1777339495.871968043] [lvdot_detector_node]: Processing phases: detection=idle lidar_detection=waiting_new_lidar tracking=idle classification=idle
[lvdot_detector_main-8] [INFO] [1777339495.871982138] [lvdot_detector_node]: Pipeline stats: depth_samples=1312/71300 u_map=2 depth_boxes=0 u_map_merge=0 u_map_db=0 u_map_visual=0 u_map_fused=0 u_map_filtered=0 lidar_samples=3284/140693 uv=0 db=13 lidar=64 fused=64 filtered=64 tracks=66 dynamic=2 dyn_points=0 raw_dyn_points=0 service=30/1 split=64->0 (64 outputs) fusion_components=64 visual_only=0 lidar_only=64 yolo_in=3 yolo_match3d=1 yolo_match_det=1 yolo_human=1 fixed_size=0 size_reject=0
[lvdot_detector_main-8] [INFO] [1777339495.874248871] [lvdot_detector_node]: get_dynamic_obstacles responded with 2 obstacles from 2 tracked dynamic boxes.
[lvdot_detector_main-8] [INFO] [1777339505.129595242] [lvdot_detector_node]: Input health: depth=315 color=314 lidar=38 pose=319 odom=319 yolo=306 depth_pose_sync=0 lidar_pose_sync=0 depth_odom_sync=0 lidar_odom_sync=0
[lvdot_detector_main-8] [INFO] [1777339505.130458869] [lvdot_detector_node]: Stage timers: detection=357 lidar_detection=357 tracking=357 classification=357 vis=0
[lvdot_detector_main-8] [INFO] [1777339505.130487445] [lvdot_detector_node]: Processing phases: detection=idle lidar_detection=idle tracking=idle classification=idle
[lvdot_detector_main-8] [INFO] [1777339505.130502229] [lvdot_detector_node]: Pipeline stats: depth_samples=1377/71300 u_map=1 depth_boxes=0 u_map_merge=0 u_map_db=0 u_map_visual=0 u_map_fused=0 u_map_filtered=0 lidar_samples=3124/149673 uv=1 db=10 lidar=54 fused=55 filtered=55 tracks=7 dynamic=2 dyn_points=0 raw_dyn_points=0 service=31/2 split=55->0 (55 outputs) fusion_components=55 visual_only=1 lidar_only=54 yolo_in=2 yolo_match3d=0 yolo_match_det=0 yolo_human=0 fixed_size=0 size_reject=1
[lvdot_detector_main-8] [INFO] [1777339511.321988359] [lvdot_detector_node]: Input health: depth=321 color=320 lidar=38 pose=325 odom=325 yolo=312 depth_pose_sync=0 lidar_pose_sync=0 depth_odom_sync=0 lidar_odom_sync=0
[lvdot_detector_main-8] [INFO] [1777339511.323297014] [lvdot_detector_node]: Stage timers: detection=363 lidar_detection=363 tracking=363 classification=363 vis=0
[lvdot_detector_main-8] [INFO] [1777339511.323943401] [lvdot_detector_node]: Processing phases: detection=idle lidar_detection=waiting_new_lidar tracking=idle classification=idle
[lvdot_detector_main-8] [INFO] [1777339511.323962258] [lvdot_detector_node]: Pipeline stats: depth_samples=1289/71300 u_map=1 depth_boxes=0 u_map_merge=0 u_map_db=0 u_map_visual=0 u_map_fused=0 u_map_filtered=0 lidar_samples=3124/149673 uv=1 db=10 lidar=54 fused=55 filtered=55 tracks=55 dynamic=1 dyn_points=0 raw_dyn_points=0 service=31/2 split=55->1 (55 outputs) fusion_components=55 visual_only=1 lidar_only=54 yolo_in=4 yolo_match3d=1 yolo_match_det=2 yolo_human=1 fixed_size=0 size_reject=0
[lvdot_detector_main-8] [INFO] [1777339517.427788345] [lvdot_detector_node]: Input health: depth=327 color=326 lidar=38 pose=331 odom=331 yolo=318 depth_pose_sync=0 lidar_pose_sync=0 depth_odom_sync=0 lidar_odom_sync=0
[lvdot_detector_main-8] [INFO] [1777339517.428838875] [lvdot_detector_node]: Stage timers: detection=369 lidar_detection=369 tracking=369 classification=369 vis=0
[lvdot_detector_main-8] [INFO] [1777339517.429609442] [lvdot_detector_node]: Processing phases: detection=idle lidar_detection=waiting_new_lidar tracking=idle classification=idle
[lvdot_detector_main-8] [INFO] [1777339517.430283477] [lvdot_detector_node]: Pipeline stats: depth_samples=1349/71300 u_map=0 depth_boxes=0 u_map_merge=0 u_map_db=0 u_map_visual=0 u_map_fused=0 u_map_filtered=0 lidar_samples=3124/149673 uv=0 db=9 lidar=54 fused=54 filtered=54 tracks=54 dynamic=1 dyn_points=0 raw_dyn_points=0 service=31/2 split=54->0 (54 outputs) fusion_components=54 visual_only=0 lidar_only=54 yolo_in=4 yolo_match3d=0 yolo_match_det=0 yolo_human=0 fixed_size=54 size_reject=0
