[INFO] [launch]: All log files can be found below /home/skbt2/.ros/log/2026-04-23-22-38-07-916951-DESKTOP-90MQDL6-138320
[INFO] [launch]: Default logging verbosity is set to INFO
[INFO] [gazebo-1]: process started with pid [138359]
[INFO] [parameter_bridge-2]: process started with pid [138360]
[INFO] [pedestrian_state_publisher-3]: process started with pid [138361]
[INFO] [uav_trajectory_controller-4]: process started with pid [138362]
[INFO] [image_pointcloud_relay-5]: process started with pid [138363]
[INFO] [lvdot_yolo_node-6]: process started with pid [138364]
[INFO] [lvdot_detector_main-7]: process started with pid [138365]
[parameter_bridge-2] [INFO] [1776955088.177845290] [ros_gz_bridge]: Creating GZ->ROS Bridge: [/rgbd_camera/image (gz.msgs.Image) -> /rgbd_camera/image (sensor_msgs/msg/Image)] (Lazy 0)
[parameter_bridge-2] [INFO] [1776955088.183954472] [ros_gz_bridge]: Creating GZ->ROS Bridge: [/rgbd_camera/camera_info (gz.msgs.CameraInfo) -> /rgbd_camera/camera_info (sensor_msgs/msg/CameraInfo)] (Lazy 0)
[parameter_bridge-2] [INFO] [1776955088.185503513] [ros_gz_bridge]: Creating GZ->ROS Bridge: [/rgbd_camera/depth_image (gz.msgs.Image) -> /rgbd_camera/depth_image (sensor_msgs/msg/Image)] (Lazy 0)
[parameter_bridge-2] [INFO] [1776955088.186423035] [ros_gz_bridge]: Creating GZ->ROS Bridge: [/rgbd_camera/points (gz.msgs.PointCloudPacked) -> /rgbd_camera/points (sensor_msgs/msg/PointCloud2)] (Lazy 0)
[parameter_bridge-2] [INFO] [1776955088.187935946] [ros_gz_bridge]: Creating GZ->ROS Bridge: [/camera/imu (gz.msgs.IMU) -> /camera/imu (sensor_msgs/msg/Imu)] (Lazy 0)
[parameter_bridge-2] [INFO] [1776955088.189367609] [ros_gz_bridge]: Creating ROS->GZ service bridge [/world/pedestrian_prototype/set_pose (ros_gz_interfaces/srv/SetEntityPose -> /)]
[parameter_bridge-2] [INFO] [1776955088.191185911] [ros_gz_bridge]: Creating ROS->GZ service bridge [/world/pedestrian_prototype/set_pose/blocking (ros_gz_interfaces/srv/SetEntityPose -> /)]
[lvdot_detector_main-7] [INFO] [1776955088.394070899] [lvdot_detector_node]: Config loaded: localization_mode=0 dt=0.033 image=640x480 depth_range=[0.20, 12.00] stage_timers=true
[lvdot_detector_main-7] [INFO] [1776955088.437559035] [lvdot_detector_node]: LV-DOT ROS2 skeleton started. depth=/camera/depth/image_rect_raw color=/camera/color/image_raw lidar=/rgbd_camera/points pose=/mavros/local_position/pose odom=/mavros/local_position/odom yolo=/yolo_detector/detected_bounding_boxes
[gazebo-1] [INFO] [1776955089.260180878] [pedestrian_pose_sync_system]: Configured pedestrian pose sync plugin on topic [/pedestrian_sim/agent_states] for 8 models.
[uav_trajectory_controller-4] [WARN] [1776955089.751329739] [uav_trajectory_controller]: SetEntityPose request timed out after 0.62s on /world/pedestrian_prototype/set_pose/blocking; dropping the pending request and retrying.
[uav_trajectory_controller-4] [WARN] [1776955089.751953519] [uav_trajectory_controller]: Falling back from /world/pedestrian_prototype/set_pose/blocking to /world/pedestrian_prototype/set_pose.
[lvdot_detector_main-7] [INFO] [1776955090.438011116] [lvdot_detector_node]: Input health: depth=0 color=0 lidar=0 pose=1 odom=1 yolo=0 depth_pose_sync=0 lidar_pose_sync=0 depth_odom_sync=0 lidar_odom_sync=0
[lvdot_detector_main-7] [INFO] [1776955090.438181758] [lvdot_detector_node]: Stage timers: detection=60 lidar_detection=60 tracking=60 classification=60 vis=60
[lvdot_detector_main-7] [INFO] [1776955090.438204543] [lvdot_detector_node]: Processing phases: detection=waiting_sensor_pose lidar_detection=waiting_new_lidar tracking=waiting_new_filtered_update classification=waiting_new_tracking_update
[lvdot_detector_main-7] [INFO] [1776955090.438212927] [lvdot_detector_node]: Pipeline stats: depth_samples=0/0 u_map=0 depth_boxes=0 u_map_merge=0 u_map_db=0 u_map_visual=0 u_map_fused=0 u_map_filtered=0 lidar_samples=0/0 uv=0 db=0 lidar=0 fused=0 filtered=0 tracks=0 dynamic=0 dyn_points=0 raw_dyn_points=0 service=0/0 split=0->0 (0 outputs) fusion_components=0 visual_only=0 lidar_only=0 yolo_in=0 yolo_match3d=0 yolo_match_det=0 yolo_human=0 fixed_size=0 size_reject=0
[lvdot_detector_main-7] [INFO] [1776955096.438274738] [lvdot_detector_node]: Input health: depth=13 color=11 lidar=15 pose=49 odom=49 yolo=11 depth_pose_sync=0 lidar_pose_sync=0 depth_odom_sync=0 lidar_odom_sync=0
[lvdot_detector_main-7] [INFO] [1776955096.438343321] [lvdot_detector_node]: Stage timers: detection=138 lidar_detection=130 tracking=242 classification=242 vis=239
[lvdot_detector_main-7] [INFO] [1776955096.438359580] [lvdot_detector_node]: Processing phases: detection=run_core lidar_detection=run_lidar_detector/dbscan tracking=waiting_new_filtered_update classification=waiting_new_tracking_update
[lvdot_detector_main-7] [INFO] [1776955096.438378696] [lvdot_detector_node]: Pipeline stats: depth_samples=182/71300 u_map=2 depth_boxes=0 u_map_merge=0 u_map_db=0 u_map_visual=0 u_map_fused=0 u_map_filtered=0 lidar_samples=3147/121336 uv=1 db=2 lidar=14 fused=15 filtered=15 tracks=15 dynamic=0 dyn_points=0 raw_dyn_points=0 service=0/0 split=15->0 (15 outputs) fusion_components=15 visual_only=1 lidar_only=14 yolo_in=0 yolo_match3d=0 yolo_match_det=0 yolo_human=0 fixed_size=0 size_reject=0
[lvdot_detector_main-7] [INFO] [1776955102.441704107] [lvdot_detector_node]: Input health: depth=28 color=27 lidar=31 pose=97 odom=97 yolo=25 depth_pose_sync=0 lidar_pose_sync=0 depth_odom_sync=0 lidar_odom_sync=0
[lvdot_detector_main-7] [INFO] [1776955102.441801434] [lvdot_detector_node]: Stage timers: detection=149 lidar_detection=132 tracking=412 classification=402 vis=406
[lvdot_detector_main-7] [INFO] [1776955102.441810595] [lvdot_detector_node]: Processing phases: detection=run_core lidar_detection=run_lidar_detector/dbscan tracking=waiting_new_filtered_update classification=waiting_new_tracking_update
[lvdot_detector_main-7] [INFO] [1776955102.441820151] [lvdot_detector_node]: Pipeline stats: depth_samples=171/71300 u_map=4 depth_boxes=0 u_map_merge=0 u_map_db=0 u_map_visual=0 u_map_fused=0 u_map_filtered=0 lidar_samples=3468/126922 uv=0 db=3 lidar=56 fused=56 filtered=56 tracks=56 dynamic=0 dyn_points=0 raw_dyn_points=0 service=0/0 split=56->0 (56 outputs) fusion_components=56 visual_only=0 lidar_only=56 yolo_in=3 yolo_match3d=0 yolo_match_det=0 yolo_human=0 fixed_size=0 size_reject=0
[lvdot_detector_main-7] [INFO] [1776955109.005594892] [lvdot_detector_node]: Input health: depth=63 color=61 lidar=58 pose=146 odom=146 yolo=43 depth_pose_sync=0 lidar_pose_sync=0 depth_odom_sync=0 lidar_odom_sync=0
[lvdot_detector_main-7] [INFO] [1776955109.005665523] [lvdot_detector_node]: Stage timers: detection=161 lidar_detection=135 tracking=591 classification=578 vis=577
[lvdot_detector_main-7] [INFO] [1776955109.005676753] [lvdot_detector_node]: Processing phases: detection=run_core lidar_detection=run_lidar_detector/project tracking=waiting_new_filtered_update classification=waiting_new_tracking_update
[lvdot_detector_main-7] [INFO] [1776955109.005688672] [lvdot_detector_node]: Pipeline stats: depth_samples=105/71300 u_map=0 depth_boxes=0 u_map_merge=0 u_map_db=0 u_map_visual=0 u_map_fused=0 u_map_filtered=0 lidar_samples=3377/107975 uv=0 db=0 lidar=6 fused=5 filtered=5 tracks=5 dynamic=0 dyn_points=0 raw_dyn_points=0 service=0/0 split=5->0 (5 outputs) fusion_components=5 visual_only=0 lidar_only=5 yolo_in=0 yolo_match3d=0 yolo_match_det=0 yolo_human=0 fixed_size=0 size_reject=0
[lvdot_detector_main-7] [INFO] [1776955115.005367717] [lvdot_detector_node]: Input health: depth=81 color=79 lidar=79 pose=194 odom=194 yolo=60 depth_pose_sync=0 lidar_pose_sync=0 depth_odom_sync=0 lidar_odom_sync=0
[lvdot_detector_main-7] [INFO] [1776955115.005468526] [lvdot_detector_node]: Stage timers: detection=173 lidar_detection=137 tracking=773 classification=760 vis=759
[lvdot_detector_main-7] [INFO] [1776955115.005482913] [lvdot_detector_node]: Processing phases: detection=run_core lidar_detection=run_lidar_detector/dbscan tracking=waiting_new_filtered_update classification=waiting_new_tracking_update
[lvdot_detector_main-7] [INFO] [1776955115.005493457] [lvdot_detector_node]: Pipeline stats: depth_samples=194/71300 u_map=3 depth_boxes=0 u_map_merge=0 u_map_db=0 u_map_visual=0 u_map_fused=0 u_map_filtered=0 lidar_samples=3476/120381 uv=0 db=2 lidar=19 fused=19 filtered=19 tracks=19 dynamic=0 dyn_points=0 raw_dyn_points=0 service=0/0 split=19->0 (19 outputs) fusion_components=19 visual_only=0 lidar_only=19 yolo_in=2 yolo_match3d=0 yolo_match_det=0 yolo_human=0 fixed_size=0 size_reject=0
[lvdot_detector_main-7] [INFO] [1776955121.025408791] [lvdot_detector_node]: Input health: depth=105 color=103 lidar=100 pose=242 odom=242 yolo=77 depth_pose_sync=0 lidar_pose_sync=0 depth_odom_sync=0 lidar_odom_sync=0
[lvdot_detector_main-7] [INFO] [1776955121.025501874] [lvdot_detector_node]: Stage timers: detection=185 lidar_detection=139 tracking=954 classification=929 vis=929
[lvdot_detector_main-7] [INFO] [1776955121.025514442] [lvdot_detector_node]: Processing phases: detection=run_core lidar_detection=run_lidar_detector/dbscan tracking=waiting_new_filtered_update classification=run_core
[lvdot_detector_main-7] [INFO] [1776955121.025523574] [lvdot_detector_node]: Pipeline stats: depth_samples=110/71300 u_map=2 depth_boxes=0 u_map_merge=0 u_map_db=0 u_map_visual=0 u_map_fused=0 u_map_filtered=0 lidar_samples=3135/130708 uv=0 db=1 lidar=24 fused=24 filtered=24 tracks=24 dynamic=0 dyn_points=0 raw_dyn_points=0 service=0/0 split=24->0 (24 outputs) fusion_components=24 visual_only=0 lidar_only=24 yolo_in=0 yolo_match3d=0 yolo_match_det=0 yolo_human=0 fixed_size=0 size_reject=0
[lvdot_detector_main-7] [INFO] [1776955127.005393748] [lvdot_detector_node]: Input health: depth=139 color=129 lidar=124 pose=290 odom=290 yolo=95 depth_pose_sync=0 lidar_pose_sync=0 depth_odom_sync=0 lidar_odom_sync=0
[lvdot_detector_main-7] [INFO] [1776955127.005488739] [lvdot_detector_node]: Stage timers: detection=197 lidar_detection=142 tracking=1135 classification=1109 vis=1101
[lvdot_detector_main-7] [INFO] [1776955127.005499151] [lvdot_detector_node]: Processing phases: detection=run_core lidar_detection=run_lidar_detector/dbscan tracking=waiting_new_filtered_update classification=waiting_new_tracking_update
[lvdot_detector_main-7] [INFO] [1776955127.005506126] [lvdot_detector_node]: Pipeline stats: depth_samples=125/71300 u_map=1 depth_boxes=0 u_map_merge=0 u_map_db=0 u_map_visual=0 u_map_fused=0 u_map_filtered=0 lidar_samples=3357/107962 uv=0 db=2 lidar=4 fused=4 filtered=4 tracks=4 dynamic=0 dyn_points=0 raw_dyn_points=0 service=0/0 split=4->0 (4 outputs) fusion_components=4 visual_only=0 lidar_only=4 yolo_in=3 yolo_match3d=0 yolo_match_det=0 yolo_human=0 fixed_size=0 size_reject=0
[lvdot_detector_main-7] [INFO] [1776955133.010981650] [lvdot_detector_node]: Input health: depth=158 color=151 lidar=145 pose=337 odom=337 yolo=116 depth_pose_sync=0 lidar_pose_sync=0 depth_odom_sync=0 lidar_odom_sync=0
[lvdot_detector_main-7] [INFO] [1776955133.011054145] [lvdot_detector_node]: Stage timers: detection=210 lidar_detection=144 tracking=1316 classification=1290 vis=1282
[lvdot_detector_main-7] [INFO] [1776955133.011069568] [lvdot_detector_node]: Processing phases: detection=build_input lidar_detection=run_lidar_detector/dbscan tracking=idle classification=waiting_new_tracking_update
[lvdot_detector_main-7] [INFO] [1776955133.011080963] [lvdot_detector_node]: Pipeline stats: depth_samples=253/71300 u_map=6 depth_boxes=0 u_map_merge=0 u_map_db=0 u_map_visual=0 u_map_fused=0 u_map_filtered=0 lidar_samples=3385/123784 uv=1 db=3 lidar=16 fused=17 filtered=17 tracks=17 dynamic=0 dyn_points=0 raw_dyn_points=0 service=0/0 split=17->1 (17 outputs) fusion_components=17 visual_only=1 lidar_only=16 yolo_in=5 yolo_match3d=1 yolo_match_det=3 yolo_human=1 fixed_size=0 size_reject=0
[lvdot_detector_main-7] [INFO] [1776955139.012476850] [lvdot_detector_node]: Input health: depth=173 color=165 lidar=155 pose=386 odom=386 yolo=129 depth_pose_sync=0 lidar_pose_sync=0 depth_odom_sync=0 lidar_odom_sync=0
[lvdot_detector_main-7] [INFO] [1776955139.012607710] [lvdot_detector_node]: Stage timers: detection=220 lidar_detection=146 tracking=1488 classification=1444 vis=1436
[lvdot_detector_main-7] [INFO] [1776955139.012702263] [lvdot_detector_node]: Processing phases: detection=run_core lidar_detection=run_lidar_detector/dbscan tracking=waiting_new_filtered_update classification=waiting_new_tracking_update
[lvdot_detector_main-7] [INFO] [1776955139.012726861] [lvdot_detector_node]: Pipeline stats: depth_samples=113/71300 u_map=3 depth_boxes=0 u_map_merge=0 u_map_db=0 u_map_visual=0 u_map_fused=0 u_map_filtered=0 lidar_samples=3190/164397 uv=0 db=1 lidar=56 fused=56 filtered=56 tracks=56 dynamic=0 dyn_points=0 raw_dyn_points=0 service=0/0 split=56->0 (56 outputs) fusion_components=56 visual_only=0 lidar_only=56 yolo_in=1 yolo_match3d=0 yolo_match_det=0 yolo_human=0 fixed_size=0 size_reject=0
[lvdot_detector_main-7] [INFO] [1776955145.554879815] [lvdot_detector_node]: Input health: depth=203 color=189 lidar=179 pose=434 odom=434 yolo=146 depth_pose_sync=0 lidar_pose_sync=0 depth_odom_sync=0 lidar_odom_sync=0
[lvdot_detector_main-7] [INFO] [1776955145.554976263] [lvdot_detector_node]: Stage timers: detection=233 lidar_detection=149 tracking=1658 classification=1601 vis=1599
[lvdot_detector_main-7] [INFO] [1776955145.554989859] [lvdot_detector_node]: Processing phases: detection=build_input lidar_detection=run_lidar_detector/downsample tracking=idle classification=waiting_new_tracking_update
[lvdot_detector_main-7] [INFO] [1776955145.555000006] [lvdot_detector_node]: Pipeline stats: depth_samples=125/71300 u_map=3 depth_boxes=0 u_map_merge=0 u_map_db=0 u_map_visual=0 u_map_fused=0 u_map_filtered=0 lidar_samples=3351/107716 uv=0 db=2 lidar=3 fused=3 filtered=3 tracks=3 dynamic=0 dyn_points=0 raw_dyn_points=0 service=0/0 split=3->0 (3 outputs) fusion_components=3 visual_only=0 lidar_only=3 yolo_in=4 yolo_match3d=0 yolo_match_det=0 yolo_human=0 fixed_size=0 size_reject=0
[lvdot_detector_main-7] [INFO] [1776955151.558159887] [lvdot_detector_node]: Input health: depth=221 color=210 lidar=199 pose=482 odom=482 yolo=165 depth_pose_sync=0 lidar_pose_sync=0 depth_odom_sync=0 lidar_odom_sync=0
[lvdot_detector_main-7] [INFO] [1776955151.558229895] [lvdot_detector_node]: Stage timers: detection=245 lidar_detection=151 tracking=1839 classification=1783 vis=1777
[lvdot_detector_main-7] [INFO] [1776955151.558244981] [lvdot_detector_node]: Processing phases: detection=run_core lidar_detection=run_lidar_detector/dbscan tracking=waiting_new_filtered_update classification=waiting_new_tracking_update
[lvdot_detector_main-7] [INFO] [1776955151.558256182] [lvdot_detector_node]: Pipeline stats: depth_samples=206/71300 u_map=3 depth_boxes=0 u_map_merge=0 u_map_db=0 u_map_visual=0 u_map_fused=0 u_map_filtered=0 lidar_samples=3244/132263 uv=0 db=3 lidar=25 fused=25 filtered=25 tracks=25 dynamic=0 dyn_points=0 raw_dyn_points=0 service=0/0 split=25->0 (25 outputs) fusion_components=25 visual_only=0 lidar_only=25 yolo_in=2 yolo_match3d=0 yolo_match_det=0 yolo_human=0 fixed_size=0 size_reject=0
[lvdot_detector_main-7] [INFO] [1776955157.556258485] [lvdot_detector_node]: Input health: depth=238 color=231 lidar=217 pose=530 odom=530 yolo=182 depth_pose_sync=0 lidar_pose_sync=0 depth_odom_sync=0 lidar_odom_sync=0
[lvdot_detector_main-7] [INFO] [1776955157.556325890] [lvdot_detector_node]: Stage timers: detection=257 lidar_detection=154 tracking=2021 classification=1965 vis=1952
[lvdot_detector_main-7] [INFO] [1776955157.556338209] [lvdot_detector_node]: Processing phases: detection=run_core lidar_detection=run_lidar_detector/project tracking=waiting_new_filtered_update classification=waiting_new_tracking_update
[lvdot_detector_main-7] [INFO] [1776955157.556348359] [lvdot_detector_node]: Pipeline stats: depth_samples=110/71300 u_map=1 depth_boxes=0 u_map_merge=0 u_map_db=0 u_map_visual=0 u_map_fused=0 u_map_filtered=0 lidar_samples=3036/136024 uv=0 db=1 lidar=18 fused=17 filtered=17 tracks=17 dynamic=0 dyn_points=0 raw_dyn_points=0 service=0/0 split=17->0 (17 outputs) fusion_components=17 visual_only=0 lidar_only=17 yolo_in=1 yolo_match3d=0 yolo_match_det=0 yolo_human=0 fixed_size=0 size_reject=0
[lvdot_detector_main-7] [INFO] [1776955163.588220480] [lvdot_detector_node]: Input health: depth=266 color=252 lidar=238 pose=578 odom=578 yolo=199 depth_pose_sync=0 lidar_pose_sync=0 depth_odom_sync=0 lidar_odom_sync=0
[lvdot_detector_main-7] [INFO] [1776955163.588298983] [lvdot_detector_node]: Stage timers: detection=268 lidar_detection=156 tracking=2201 classification=2143 vis=2119
[lvdot_detector_main-7] [INFO] [1776955163.588309030] [lvdot_detector_node]: Processing phases: detection=idle lidar_detection=run_lidar_detector/dbscan tracking=waiting_new_filtered_update classification=waiting_new_tracking_update
[lvdot_detector_main-7] [INFO] [1776955163.588315630] [lvdot_detector_node]: Pipeline stats: depth_samples=125/71300 u_map=2 depth_boxes=0 u_map_merge=0 u_map_db=0 u_map_visual=0 u_map_fused=0 u_map_filtered=0 lidar_samples=3215/124652 uv=0 db=2 lidar=8 fused=8 filtered=8 tracks=8 dynamic=0 dyn_points=0 raw_dyn_points=0 service=0/0 split=8->0 (8 outputs) fusion_components=8 visual_only=0 lidar_only=8 yolo_in=1 yolo_match3d=0 yolo_match_det=0 yolo_human=0 fixed_size=0 size_reject=0
[lvdot_detector_main-7] [INFO] [1776955169.560937021] [lvdot_detector_node]: Input health: depth=285 color=270 lidar=254 pose=626 odom=626 yolo=219 depth_pose_sync=0 lidar_pose_sync=0 depth_odom_sync=0 lidar_odom_sync=0
[lvdot_detector_main-7] [INFO] [1776955169.561026950] [lvdot_detector_node]: Stage timers: detection=280 lidar_detection=158 tracking=2377 classification=2321 vis=2285
[lvdot_detector_main-7] [INFO] [1776955169.561037414] [lvdot_detector_node]: Processing phases: detection=run_core lidar_detection=run_lidar_detector/dbscan tracking=waiting_new_filtered_update classification=waiting_new_tracking_update
[lvdot_detector_main-7] [INFO] [1776955169.561044620] [lvdot_detector_node]: Pipeline stats: depth_samples=167/71300 u_map=2 depth_boxes=0 u_map_merge=0 u_map_db=0 u_map_visual=0 u_map_fused=0 u_map_filtered=0 lidar_samples=3157/163103 uv=0 db=3 lidar=65 fused=65 filtered=65 tracks=65 dynamic=0 dyn_points=0 raw_dyn_points=0 service=0/0 split=65->0 (65 outputs) fusion_components=65 visual_only=0 lidar_only=65 yolo_in=5 yolo_match3d=0 yolo_match_det=0 yolo_human=0 fixed_size=0 size_reject=0
[lvdot_detector_main-7] [INFO] [1776955176.326962505] [lvdot_detector_node]: Input health: depth=300 color=287 lidar=264 pose=674 odom=674 yolo=232 depth_pose_sync=0 lidar_pose_sync=0 depth_odom_sync=0 lidar_odom_sync=0
[lvdot_detector_main-7] [INFO] [1776955176.327071431] [lvdot_detector_node]: Stage timers: detection=291 lidar_detection=160 tracking=2546 classification=2476 vis=2434
[lvdot_detector_main-7] [INFO] [1776955176.327083923] [lvdot_detector_node]: Processing phases: detection=run_core lidar_detection=run_lidar_detector/dbscan tracking=waiting_new_filtered_update classification=run_core
[lvdot_detector_main-7] [INFO] [1776955176.327093916] [lvdot_detector_node]: Pipeline stats: depth_samples=110/71300 u_map=2 depth_boxes=0 u_map_merge=0 u_map_db=0 u_map_visual=0 u_map_fused=0 u_map_filtered=0 lidar_samples=3472/135176 uv=0 db=1 lidar=58 fused=58 filtered=58 tracks=58 dynamic=0 dyn_points=0 raw_dyn_points=0 service=0/0 split=58->0 (58 outputs) fusion_components=58 visual_only=0 lidar_only=58 yolo_in=1 yolo_match3d=0 yolo_match_det=0 yolo_human=0 fixed_size=0 size_reject=0
[lvdot_detector_main-7] [INFO] [1776955182.324597789] [lvdot_detector_node]: Input health: depth=320 color=306 lidar=278 pose=722 odom=722 yolo=247 depth_pose_sync=0 lidar_pose_sync=0 depth_odom_sync=0 lidar_odom_sync=0
[lvdot_detector_main-7] [INFO] [1776955182.324663344] [lvdot_detector_node]: Stage timers: detection=302 lidar_detection=163 tracking=2720 classification=2621 vis=2598
[lvdot_detector_main-7] [INFO] [1776955182.324674537] [lvdot_detector_node]: Processing phases: detection=run_core lidar_detection=run_lidar_detector/project tracking=waiting_new_filtered_update classification=waiting_new_tracking_update
[lvdot_detector_main-7] [INFO] [1776955182.324683730] [lvdot_detector_node]: Pipeline stats: depth_samples=160/71300 u_map=2 depth_boxes=0 u_map_merge=0 u_map_db=0 u_map_visual=0 u_map_fused=0 u_map_filtered=0 lidar_samples=3404/107962 uv=0 db=3 lidar=6 fused=6 filtered=6 tracks=6 dynamic=0 dyn_points=0 raw_dyn_points=0 service=0/0 split=6->0 (6 outputs) fusion_components=6 visual_only=0 lidar_only=6 yolo_in=0 yolo_match3d=0 yolo_match_det=0 yolo_human=0 fixed_size=0 size_reject=0
[lvdot_detector_main-7] [INFO] [1776955188.324474582] [lvdot_detector_node]: Input health: depth=332 color=322 lidar=292 pose=770 odom=770 yolo=264 depth_pose_sync=0 lidar_pose_sync=0 depth_odom_sync=0 lidar_odom_sync=0
[lvdot_detector_main-7] [INFO] [1776955188.324570691] [lvdot_detector_node]: Stage timers: detection=314 lidar_detection=165 tracking=2895 classification=2787 vis=2756
[lvdot_detector_main-7] [INFO] [1776955188.324583098] [lvdot_detector_node]: Processing phases: detection=run_core lidar_detection=run_lidar_detector/dbscan tracking=waiting_new_filtered_update classification=waiting_new_tracking_update
[lvdot_detector_main-7] [INFO] [1776955188.324592453] [lvdot_detector_node]: Pipeline stats: depth_samples=129/71300 u_map=2 depth_boxes=0 u_map_merge=0 u_map_db=0 u_map_visual=0 u_map_fused=0 u_map_filtered=0 lidar_samples=3034/136178 uv=0 db=1 lidar=23 fused=23 filtered=23 tracks=23 dynamic=0 dyn_points=0 raw_dyn_points=0 service=0/0 split=23->0 (23 outputs) fusion_components=23 visual_only=0 lidar_only=23 yolo_in=3 yolo_match3d=0 yolo_match_det=0 yolo_human=0 fixed_size=0 size_reject=0
[lvdot_detector_main-7] [INFO] [1776955194.326143973] [lvdot_detector_node]: Input health: depth=354 color=338 lidar=308 pose=818 odom=818 yolo=278 depth_pose_sync=0 lidar_pose_sync=0 depth_odom_sync=0 lidar_odom_sync=0
[lvdot_detector_main-7] [INFO] [1776955194.326210205] [lvdot_detector_node]: Stage timers: detection=325 lidar_detection=167 tracking=3076 classification=2956 vis=2916
[lvdot_detector_main-7] [INFO] [1776955194.326224022] [lvdot_detector_node]: Processing phases: detection=run_core lidar_detection=run_lidar_detector/dbscan tracking=waiting_new_filtered_update classification=waiting_new_tracking_update
[lvdot_detector_main-7] [INFO] [1776955194.326234616] [lvdot_detector_node]: Pipeline stats: depth_samples=181/71300 u_map=1 depth_boxes=0 u_map_merge=0 u_map_db=0 u_map_visual=0 u_map_fused=0 u_map_filtered=0 lidar_samples=2345/201867 uv=1 db=1 lidar=1 fused=2 filtered=2 tracks=2 dynamic=0 dyn_points=0 raw_dyn_points=0 service=0/0 split=2->0 (2 outputs) fusion_components=2 visual_only=1 lidar_only=1 yolo_in=1 yolo_match3d=0 yolo_match_det=0 yolo_human=0 fixed_size=0 size_reject=0
[lvdot_detector_main-7] [INFO] [1776955200.338994155] [lvdot_detector_node]: Input health: depth=371 color=352 lidar=318 pose=865 odom=865 yolo=288 depth_pose_sync=0 lidar_pose_sync=0 depth_odom_sync=0 lidar_odom_sync=0
[lvdot_detector_main-7] [INFO] [1776955200.339067875] [lvdot_detector_node]: Stage timers: detection=336 lidar_detection=169 tracking=3253 classification=3130 vis=3077
[lvdot_detector_main-7] [INFO] [1776955200.339077914] [lvdot_detector_node]: Processing phases: detection=idle lidar_detection=run_lidar_detector/dbscan tracking=build_input classification=waiting_new_tracking_update
[lvdot_detector_main-7] [INFO] [1776955200.339084804] [lvdot_detector_node]: Pipeline stats: depth_samples=128/71300 u_map=2 depth_boxes=0 u_map_merge=0 u_map_db=0 u_map_visual=0 u_map_fused=0 u_map_filtered=0 lidar_samples=3378/125288 uv=0 db=3 lidar=59 fused=59 filtered=59 tracks=59 dynamic=0 dyn_points=0 raw_dyn_points=0 service=0/0 split=59->0 (59 outputs) fusion_components=59 visual_only=0 lidar_only=59 yolo_in=5 yolo_match3d=0 yolo_match_det=0 yolo_human=0 fixed_size=0 size_reject=0
[lvdot_detector_main-7] [INFO] [1776955206.336747982] [lvdot_detector_node]: Input health: depth=382 color=366 lidar=329 pose=911 odom=911 yolo=301 depth_pose_sync=0 lidar_pose_sync=0 depth_odom_sync=0 lidar_odom_sync=0
[lvdot_detector_main-7] [INFO] [1776955206.339007323] [lvdot_detector_node]: Stage timers: detection=348 lidar_detection=172 tracking=3434 classification=3311 vis=3254
[lvdot_detector_main-7] [INFO] [1776955206.339044331] [lvdot_detector_node]: Processing phases: detection=run_core lidar_detection=run_lidar_detector/project tracking=waiting_new_filtered_update classification=waiting_new_tracking_update
[lvdot_detector_main-7] [INFO] [1776955206.339054764] [lvdot_detector_node]: Pipeline stats: depth_samples=129/71300 u_map=5 depth_boxes=0 u_map_merge=0 u_map_db=0 u_map_visual=0 u_map_fused=0 u_map_filtered=0 lidar_samples=3408/123667 uv=0 db=1 lidar=24 fused=19 filtered=19 tracks=19 dynamic=0 dyn_points=0 raw_dyn_points=0 service=0/0 split=19->0 (19 outputs) fusion_components=19 visual_only=0 lidar_only=19 yolo_in=5 yolo_match3d=0 yolo_match_det=0 yolo_human=0 fixed_size=0 size_reject=0
[lvdot_detector_main-7] [INFO] [1776955213.047898998] [lvdot_detector_node]: Input health: depth=391 color=376 lidar=337 pose=960 odom=960 yolo=311 depth_pose_sync=0 lidar_pose_sync=0 depth_odom_sync=0 lidar_odom_sync=0
[lvdot_detector_main-7] [INFO] [1776955213.047962756] [lvdot_detector_node]: Stage timers: detection=358 lidar_detection=174 tracking=3594 classification=3450 vis=3402
[lvdot_detector_main-7] [INFO] [1776955213.047974060] [lvdot_detector_node]: Processing phases: detection=run_core lidar_detection=run_lidar_detector/dbscan tracking=waiting_new_filtered_update classification=waiting_new_tracking_update
[lvdot_detector_main-7] [INFO] [1776955213.047983182] [lvdot_detector_node]: Pipeline stats: depth_samples=110/71300 u_map=2 depth_boxes=0 u_map_merge=0 u_map_db=0 u_map_visual=0 u_map_fused=0 u_map_filtered=0 lidar_samples=3076/123829 uv=0 db=1 lidar=12 fused=65 filtered=65 tracks=65 dynamic=0 dyn_points=0 raw_dyn_points=0 service=0/0 split=65->0 (65 outputs) fusion_components=65 visual_only=0 lidar_only=65 yolo_in=0 yolo_match3d=0 yolo_match_det=0 yolo_human=0 fixed_size=0 size_reject=0
[lvdot_detector_main-7] [INFO] [1776955219.042635918] [lvdot_detector_node]: Input health: depth=415 color=397 lidar=354 pose=1008 odom=1008 yolo=324 depth_pose_sync=0 lidar_pose_sync=0 depth_odom_sync=0 lidar_odom_sync=0
[lvdot_detector_main-7] [INFO] [1776955219.042708636] [lvdot_detector_node]: Stage timers: detection=370 lidar_detection=176 tracking=3774 classification=3632 vis=3578
[lvdot_detector_main-7] [INFO] [1776955219.042729232] [lvdot_detector_node]: Processing phases: detection=run_core lidar_detection=run_lidar_detector/dbscan tracking=waiting_new_filtered_update classification=waiting_new_tracking_update
[lvdot_detector_main-7] [INFO] [1776955219.042742511] [lvdot_detector_node]: Pipeline stats: depth_samples=125/71300 u_map=2 depth_boxes=0 u_map_merge=0 u_map_db=0 u_map_visual=0 u_map_fused=0 u_map_filtered=0 lidar_samples=3381/108127 uv=0 db=2 lidar=13 fused=13 filtered=13 tracks=13 dynamic=0 dyn_points=0 raw_dyn_points=0 service=0/0 split=13->0 (13 outputs) fusion_components=13 visual_only=0 lidar_only=13 yolo_in=4 yolo_match3d=0 yolo_match_det=0 yolo_human=0 fixed_size=0 size_reject=0
[lvdot_detector_main-7] [INFO] [1776955225.062799200] [lvdot_detector_node]: Input health: depth=427 color=411 lidar=368 pose=1056 odom=1056 yolo=337 depth_pose_sync=0 lidar_pose_sync=0 depth_odom_sync=0 lidar_odom_sync=0
[lvdot_detector_main-7] [INFO] [1776955225.062855727] [lvdot_detector_node]: Stage timers: detection=382 lidar_detection=179 tracking=3949 classification=3809 vis=3737
[lvdot_detector_main-7] [INFO] [1776955225.062864657] [lvdot_detector_node]: Processing phases: detection=run_core lidar_detection=run_lidar_detector/project tracking=idle classification=waiting_new_tracking_update
[lvdot_detector_main-7] [INFO] [1776955225.062871429] [lvdot_detector_node]: Pipeline stats: depth_samples=129/71300 u_map=2 depth_boxes=0 u_map_merge=0 u_map_db=0 u_map_visual=0 u_map_fused=0 u_map_filtered=0 lidar_samples=3344/175551 uv=0 db=1 lidar=4 fused=62 filtered=62 tracks=62 dynamic=0 dyn_points=0 raw_dyn_points=0 service=0/0 split=62->0 (62 outputs) fusion_components=62 visual_only=0 lidar_only=62 yolo_in=1 yolo_match3d=0 yolo_match_det=0 yolo_human=0 fixed_size=0 size_reject=0
[lvdot_detector_main-7] [INFO] [1776955231.044707743] [lvdot_detector_node]: Input health: depth=440 color=425 lidar=378 pose=1103 odom=1103 yolo=348 depth_pose_sync=0 lidar_pose_sync=0 depth_odom_sync=0 lidar_odom_sync=0
[lvdot_detector_main-7] [INFO] [1776955231.044776831] [lvdot_detector_node]: Stage timers: detection=392 lidar_detection=181 tracking=4130 classification=3991 vis=3893
[lvdot_detector_main-7] [INFO] [1776955231.044787725] [lvdot_detector_node]: Processing phases: detection=run_core lidar_detection=run_lidar_detector/project tracking=waiting_new_filtered_update classification=waiting_new_tracking_update
[lvdot_detector_main-7] [INFO] [1776955231.044797048] [lvdot_detector_node]: Pipeline stats: depth_samples=146/71300 u_map=1 depth_boxes=0 u_map_merge=0 u_map_db=0 u_map_visual=0 u_map_fused=0 u_map_filtered=0 lidar_samples=3070/167402 uv=0 db=1 lidar=4 fused=16 filtered=16 tracks=16 dynamic=0 dyn_points=0 raw_dyn_points=0 service=0/0 split=16->0 (16 outputs) fusion_components=16 visual_only=0 lidar_only=16 yolo_in=0 yolo_match3d=0 yolo_match_det=0 yolo_human=0 fixed_size=0 size_reject=0
[lvdot_detector_main-7] [INFO] [1776955232.799718500] [lvdot_detector_node]: get_dynamic_obstacles responded with 0 obstacles from 0 tracked dynamic boxes.
