[INFO] [launch]: All log files can be found below /home/skbt2/.ros/log/2026-04-23-23-39-49-680262-DESKTOP-90MQDL6-192526
[INFO] [launch]: Default logging verbosity is set to INFO
[INFO] [gazebo-1]: process started with pid [192564]
[INFO] [parameter_bridge-2]: process started with pid [192565]
[INFO] [pedestrian_state_publisher-3]: process started with pid [192566]
[INFO] [uav_trajectory_controller-4]: process started with pid [192567]
[INFO] [image_pointcloud_relay-5]: process started with pid [192568]
[INFO] [lvdot_yolo_node-6]: process started with pid [192569]
[INFO] [lvdot_detector_main-7]: process started with pid [192570]
[parameter_bridge-2] [INFO] [1776958789.919363664] [ros_gz_bridge]: Creating GZ->ROS Bridge: [/rgbd_camera/image (gz.msgs.Image) -> /rgbd_camera/image (sensor_msgs/msg/Image)] (Lazy 0)
[parameter_bridge-2] [INFO] [1776958789.924905288] [ros_gz_bridge]: Creating GZ->ROS Bridge: [/rgbd_camera/camera_info (gz.msgs.CameraInfo) -> /rgbd_camera/camera_info (sensor_msgs/msg/CameraInfo)] (Lazy 0)
[parameter_bridge-2] [INFO] [1776958789.926479598] [ros_gz_bridge]: Creating GZ->ROS Bridge: [/rgbd_camera/depth_image (gz.msgs.Image) -> /rgbd_camera/depth_image (sensor_msgs/msg/Image)] (Lazy 0)
[parameter_bridge-2] [INFO] [1776958789.927118134] [ros_gz_bridge]: Creating GZ->ROS Bridge: [/rgbd_camera/points (gz.msgs.PointCloudPacked) -> /rgbd_camera/points (sensor_msgs/msg/PointCloud2)] (Lazy 0)
[parameter_bridge-2] [INFO] [1776958789.928222693] [ros_gz_bridge]: Creating GZ->ROS Bridge: [/camera/imu (gz.msgs.IMU) -> /camera/imu (sensor_msgs/msg/Imu)] (Lazy 0)
[parameter_bridge-2] [INFO] [1776958789.929355447] [ros_gz_bridge]: Creating ROS->GZ service bridge [/world/pedestrian_prototype/set_pose (ros_gz_interfaces/srv/SetEntityPose -> /)]
[parameter_bridge-2] [INFO] [1776958789.931196602] [ros_gz_bridge]: Creating ROS->GZ service bridge [/world/pedestrian_prototype/set_pose/blocking (ros_gz_interfaces/srv/SetEntityPose -> /)]
[lvdot_detector_main-7] [INFO] [1776958790.114378535] [lvdot_detector_node]: Config loaded: localization_mode=0 dt=0.033 image=640x480 depth_range=[0.20, 12.00] stage_timers=true
[lvdot_detector_main-7] [INFO] [1776958790.168707042] [lvdot_detector_node]: LV-DOT ROS2 skeleton started. depth=/camera/depth/image_rect_raw color=/camera/color/image_raw lidar=/rgbd_camera/points pose=/mavros/local_position/pose odom=/mavros/local_position/odom yolo=/yolo_detector/detected_bounding_boxes
[gazebo-1] [INFO] [1776958790.986032140] [pedestrian_pose_sync_system]: Configured pedestrian pose sync plugin on topic [/pedestrian_sim/agent_states] for 8 models.
[uav_trajectory_controller-4] [WARN] [1776958791.472091347] [uav_trajectory_controller]: SetEntityPose request timed out after 0.62s on /world/pedestrian_prototype/set_pose/blocking; dropping the pending request and retrying.
[uav_trajectory_controller-4] [WARN] [1776958791.473342805] [uav_trajectory_controller]: Falling back from /world/pedestrian_prototype/set_pose/blocking to /world/pedestrian_prototype/set_pose.
[lvdot_detector_main-7] [INFO] [1776958792.169165812] [lvdot_detector_node]: Input health: depth=0 color=0 lidar=0 pose=1 odom=1 yolo=0 depth_pose_sync=0 lidar_pose_sync=0 depth_odom_sync=0 lidar_odom_sync=0
[lvdot_detector_main-7] [INFO] [1776958792.169335744] [lvdot_detector_node]: Stage timers: detection=60 lidar_detection=60 tracking=60 classification=60 vis=60
[lvdot_detector_main-7] [INFO] [1776958792.169356580] [lvdot_detector_node]: Processing phases: detection=waiting_depth lidar_detection=waiting_new_lidar tracking=waiting_new_filtered_update classification=waiting_new_tracking_update
[lvdot_detector_main-7] [INFO] [1776958792.169364608] [lvdot_detector_node]: Pipeline stats: depth_samples=0/0 u_map=0 depth_boxes=0 u_map_merge=0 u_map_db=0 u_map_visual=0 u_map_fused=0 u_map_filtered=0 lidar_samples=0/0 uv=0 db=0 lidar=0 fused=0 filtered=0 tracks=0 dynamic=0 dyn_points=0 raw_dyn_points=0 service=0/0 split=0->0 (0 outputs) fusion_components=0 visual_only=0 lidar_only=0 yolo_in=0 yolo_match3d=0 yolo_match_det=0 yolo_human=0 fixed_size=0 size_reject=0
[lvdot_detector_main-7] [INFO] [1776958798.173843182] [lvdot_detector_node]: Input health: depth=15 color=17 lidar=15 pose=49 odom=49 yolo=13 depth_pose_sync=0 lidar_pose_sync=0 depth_odom_sync=0 lidar_odom_sync=0
[lvdot_detector_main-7] [INFO] [1776958798.173905607] [lvdot_detector_node]: Stage timers: detection=134 lidar_detection=131 tracking=242 classification=242 vis=239
[lvdot_detector_main-7] [INFO] [1776958798.173916882] [lvdot_detector_node]: Processing phases: detection=run_core lidar_detection=run_lidar_detector/dbscan tracking=waiting_new_filtered_update classification=waiting_new_tracking_update
[lvdot_detector_main-7] [INFO] [1776958798.173925682] [lvdot_detector_node]: Pipeline stats: depth_samples=1420/71300 u_map=3 depth_boxes=0 u_map_merge=0 u_map_db=0 u_map_visual=0 u_map_fused=0 u_map_filtered=0 lidar_samples=3147/121336 uv=1 db=6 lidar=14 fused=15 filtered=15 tracks=15 dynamic=0 dyn_points=0 raw_dyn_points=0 service=0/0 split=15->0 (15 outputs) fusion_components=15 visual_only=1 lidar_only=14 yolo_in=0 yolo_match3d=0 yolo_match_det=0 yolo_human=0 fixed_size=0 size_reject=0
[lvdot_detector_main-7] [INFO] [1776958804.177312496] [lvdot_detector_node]: Input health: depth=36 color=33 lidar=34 pose=97 odom=97 yolo=30 depth_pose_sync=0 lidar_pose_sync=0 depth_odom_sync=0 lidar_odom_sync=0
[lvdot_detector_main-7] [INFO] [1776958804.177417903] [lvdot_detector_node]: Stage timers: detection=141 lidar_detection=134 tracking=419 classification=418 vis=400
[lvdot_detector_main-7] [INFO] [1776958804.177428307] [lvdot_detector_node]: Processing phases: detection=run_core lidar_detection=run_lidar_detector/project tracking=waiting_new_filtered_update classification=waiting_new_tracking_update
[lvdot_detector_main-7] [INFO] [1776958804.177436355] [lvdot_detector_node]: Pipeline stats: depth_samples=1215/71300 u_map=5 depth_boxes=0 u_map_merge=0 u_map_db=0 u_map_visual=0 u_map_fused=0 u_map_filtered=0 lidar_samples=2548/198982 uv=2 db=10 lidar=2 fused=4 filtered=4 tracks=4 dynamic=0 dyn_points=0 raw_dyn_points=0 service=0/0 split=4->0 (4 outputs) fusion_components=4 visual_only=2 lidar_only=2 yolo_in=1 yolo_match3d=0 yolo_match_det=0 yolo_human=0 fixed_size=0 size_reject=0
[lvdot_detector_main-7] [INFO] [1776958810.181427193] [lvdot_detector_node]: Input health: depth=66 color=57 lidar=55 pose=145 odom=145 yolo=46 depth_pose_sync=0 lidar_pose_sync=0 depth_odom_sync=0 lidar_odom_sync=0
[lvdot_detector_main-7] [INFO] [1776958810.181506592] [lvdot_detector_node]: Stage timers: detection=149 lidar_detection=136 tracking=600 classification=600 vis=546
[lvdot_detector_main-7] [INFO] [1776958810.181516701] [lvdot_detector_node]: Processing phases: detection=run_core lidar_detection=run_lidar_detector/dbscan tracking=waiting_new_filtered_update classification=waiting_new_tracking_update
[lvdot_detector_main-7] [INFO] [1776958810.181526712] [lvdot_detector_node]: Pipeline stats: depth_samples=1536/71300 u_map=0 depth_boxes=0 u_map_merge=0 u_map_db=0 u_map_visual=0 u_map_fused=0 u_map_filtered=0 lidar_samples=3377/107814 uv=0 db=9 lidar=4 fused=5 filtered=5 tracks=5 dynamic=0 dyn_points=0 raw_dyn_points=0 service=0/0 split=5->0 (5 outputs) fusion_components=5 visual_only=0 lidar_only=5 yolo_in=0 yolo_match3d=0 yolo_match_det=0 yolo_human=0 fixed_size=0 size_reject=0
[lvdot_detector_main-7] [INFO] [1776958816.168897882] [lvdot_detector_node]: Input health: depth=82 color=74 lidar=69 pose=193 odom=193 yolo=64 depth_pose_sync=0 lidar_pose_sync=0 depth_odom_sync=0 lidar_odom_sync=0
[lvdot_detector_main-7] [INFO] [1776958816.168988487] [lvdot_detector_node]: Stage timers: detection=156 lidar_detection=138 tracking=781 classification=781 vis=721
[lvdot_detector_main-7] [INFO] [1776958816.168998226] [lvdot_detector_node]: Processing phases: detection=run_core lidar_detection=run_lidar_detector/dbscan tracking=waiting_new_filtered_update classification=waiting_new_tracking_update
[lvdot_detector_main-7] [INFO] [1776958816.169004719] [lvdot_detector_node]: Pipeline stats: depth_samples=1342/71300 u_map=2 depth_boxes=0 u_map_merge=0 u_map_db=0 u_map_visual=0 u_map_fused=0 u_map_filtered=0 lidar_samples=3430/117848 uv=0 db=8 lidar=20 fused=20 filtered=20 tracks=20 dynamic=0 dyn_points=0 raw_dyn_points=0 service=0/0 split=20->0 (20 outputs) fusion_components=20 visual_only=0 lidar_only=20 yolo_in=2 yolo_match3d=0 yolo_match_det=0 yolo_human=0 fixed_size=0 size_reject=0
[lvdot_detector_main-7] [INFO] [1776958822.919955793] [lvdot_detector_node]: Input health: depth=102 color=92 lidar=88 pose=241 odom=241 yolo=79 depth_pose_sync=0 lidar_pose_sync=0 depth_odom_sync=0 lidar_odom_sync=0
[lvdot_detector_main-7] [INFO] [1776958822.920020748] [lvdot_detector_node]: Stage timers: detection=163 lidar_detection=141 tracking=962 classification=963 vis=883
[lvdot_detector_main-7] [INFO] [1776958822.920088540] [lvdot_detector_node]: Processing phases: detection=run_core lidar_detection=run_lidar_detector/project tracking=waiting_new_filtered_update classification=waiting_new_tracking_update
[lvdot_detector_main-7] [INFO] [1776958822.920106315] [lvdot_detector_node]: Pipeline stats: depth_samples=1561/71300 u_map=2 depth_boxes=0 u_map_merge=0 u_map_db=0 u_map_visual=0 u_map_fused=0 u_map_filtered=0 lidar_samples=2706/187908 uv=1 db=16 lidar=1 fused=16 filtered=16 tracks=16 dynamic=0 dyn_points=0 raw_dyn_points=0 service=0/0 split=16->0 (16 outputs) fusion_components=16 visual_only=1 lidar_only=15 yolo_in=0 yolo_match3d=0 yolo_match_det=0 yolo_human=0 fixed_size=0 size_reject=0
[lvdot_detector_main-7] [INFO] [1776958828.920339530] [lvdot_detector_node]: Input health: depth=127 color=112 lidar=103 pose=287 odom=287 yolo=91 depth_pose_sync=0 lidar_pose_sync=0 depth_odom_sync=0 lidar_odom_sync=0
[lvdot_detector_main-7] [INFO] [1776958828.920402066] [lvdot_detector_node]: Stage timers: detection=170 lidar_detection=143 tracking=1143 classification=1144 vis=1042
[lvdot_detector_main-7] [INFO] [1776958828.920413368] [lvdot_detector_node]: Processing phases: detection=run_core lidar_detection=run_lidar_detector/dbscan tracking=snapshot classification=idle
[lvdot_detector_main-7] [INFO] [1776958828.920431827] [lvdot_detector_node]: Pipeline stats: depth_samples=1536/71300 u_map=0 depth_boxes=0 u_map_merge=0 u_map_db=0 u_map_visual=0 u_map_fused=0 u_map_filtered=0 lidar_samples=3379/107866 uv=0 db=9 lidar=9 fused=9 filtered=9 tracks=9 dynamic=0 dyn_points=0 raw_dyn_points=0 service=0/0 split=9->0 (9 outputs) fusion_components=9 visual_only=0 lidar_only=9 yolo_in=0 yolo_match3d=0 yolo_match_det=0 yolo_human=0 fixed_size=0 size_reject=0
[lvdot_detector_main-7] [INFO] [1776958834.916546980] [lvdot_detector_node]: Input health: depth=137 color=124 lidar=117 pose=333 odom=333 yolo=104 depth_pose_sync=0 lidar_pose_sync=0 depth_odom_sync=0 lidar_odom_sync=0
[lvdot_detector_main-7] [INFO] [1776958834.916629880] [lvdot_detector_node]: Stage timers: detection=176 lidar_detection=145 tracking=1324 classification=1326 vis=1215
[lvdot_detector_main-7] [INFO] [1776958834.916639880] [lvdot_detector_node]: Processing phases: detection=run_core lidar_detection=run_lidar_detector/dbscan tracking=waiting_new_filtered_update classification=waiting_new_tracking_update
[lvdot_detector_main-7] [INFO] [1776958834.916646780] [lvdot_detector_node]: Pipeline stats: depth_samples=1676/71300 u_map=4 depth_boxes=0 u_map_merge=0 u_map_db=0 u_map_visual=0 u_map_fused=0 u_map_filtered=0 lidar_samples=3360/120282 uv=2 db=8 lidar=19 fused=21 filtered=21 tracks=21 dynamic=0 dyn_points=0 raw_dyn_points=0 service=0/0 split=21->0 (21 outputs) fusion_components=21 visual_only=2 lidar_only=19 yolo_in=4 yolo_match3d=1 yolo_match_det=1 yolo_human=1 fixed_size=0 size_reject=1
[lvdot_detector_main-7] [INFO] [1776958839.651369005] [lvdot_detector_node]: get_dynamic_obstacles responded with 0 obstacles from 0 tracked dynamic boxes.
[lvdot_detector_main-7] [INFO] [1776958840.941992985] [lvdot_detector_node]: Input health: depth=154 color=137 lidar=134 pose=381 odom=381 yolo=116 depth_pose_sync=0 lidar_pose_sync=0 depth_odom_sync=0 lidar_odom_sync=0
[lvdot_detector_main-7] [INFO] [1776958840.942050890] [lvdot_detector_node]: Stage timers: detection=184 lidar_detection=148 tracking=1502 classification=1503 vis=1360
[lvdot_detector_main-7] [INFO] [1776958840.942061868] [lvdot_detector_node]: Processing phases: detection=run_core lidar_detection=run_lidar_detector/project tracking=waiting_new_filtered_update classification=run_core
[lvdot_detector_main-7] [INFO] [1776958840.942070612] [lvdot_detector_node]: Pipeline stats: depth_samples=1230/71300 u_map=3 depth_boxes=0 u_map_merge=0 u_map_db=0 u_map_visual=0 u_map_fused=0 u_map_filtered=0 lidar_samples=3416/133027 uv=2 db=13 lidar=58 fused=60 filtered=60 tracks=60 dynamic=0 dyn_points=0 raw_dyn_points=0 service=1/0 split=60->0 (60 outputs) fusion_components=60 visual_only=2 lidar_only=58 yolo_in=0 yolo_match3d=0 yolo_match_det=0 yolo_human=0 fixed_size=0 size_reject=0
[lvdot_detector_main-7] [INFO] [1776958842.664051267] [lvdot_detector_node]: get_dynamic_obstacles responded with 0 obstacles from 0 tracked dynamic boxes.
[lvdot_detector_main-7] [INFO] [1776958846.917594911] [lvdot_detector_node]: Input health: depth=173 color=154 lidar=143 pose=429 odom=429 yolo=127 depth_pose_sync=0 lidar_pose_sync=0 depth_odom_sync=0 lidar_odom_sync=0
[lvdot_detector_main-7] [INFO] [1776958846.917694958] [lvdot_detector_node]: Stage timers: detection=190 lidar_detection=150 tracking=1684 classification=1681 vis=1524
[lvdot_detector_main-7] [INFO] [1776958846.917713292] [lvdot_detector_node]: Processing phases: detection=run_core lidar_detection=run_lidar_detector/dbscan tracking=waiting_new_filtered_update classification=waiting_new_tracking_update
[lvdot_detector_main-7] [INFO] [1776958846.917727288] [lvdot_detector_node]: Pipeline stats: depth_samples=1536/71300 u_map=0 depth_boxes=0 u_map_merge=0 u_map_db=0 u_map_visual=0 u_map_fused=0 u_map_filtered=0 lidar_samples=3359/110762 uv=0 db=9 lidar=4 fused=9 filtered=9 tracks=9 dynamic=0 dyn_points=0 raw_dyn_points=0 service=3/0 split=9->0 (9 outputs) fusion_components=9 visual_only=0 lidar_only=9 yolo_in=0 yolo_match3d=0 yolo_match_det=0 yolo_human=0 fixed_size=0 size_reject=0
[lvdot_detector_main-7] [INFO] [1776958848.881598612] [lvdot_detector_node]: get_dynamic_obstacles responded with 0 obstacles from 0 tracked dynamic boxes.
[lvdot_detector_main-7] [INFO] [1776958853.251805213] [lvdot_detector_node]: get_dynamic_obstacles responded with 1 obstacles from 1 tracked dynamic boxes.
[lvdot_detector_main-7] [INFO] [1776958853.646139723] [lvdot_detector_node]: Input health: depth=180 color=165 lidar=151 pose=478 odom=478 yolo=138 depth_pose_sync=0 lidar_pose_sync=0 depth_odom_sync=0 lidar_odom_sync=0
[lvdot_detector_main-7] [INFO] [1776958853.646218072] [lvdot_detector_node]: Stage timers: detection=196 lidar_detection=152 tracking=1865 classification=1862 vis=1691
[lvdot_detector_main-7] [INFO] [1776958853.646227388] [lvdot_detector_node]: Processing phases: detection=run_core lidar_detection=run_lidar_detector/dbscan tracking=waiting_new_filtered_update classification=waiting_new_tracking_update
[lvdot_detector_main-7] [INFO] [1776958853.646233537] [lvdot_detector_node]: Pipeline stats: depth_samples=1652/71300 u_map=4 depth_boxes=0 u_map_merge=0 u_map_db=0 u_map_visual=0 u_map_fused=0 u_map_filtered=0 lidar_samples=3261/127734 uv=1 db=14 lidar=18 fused=11 filtered=11 tracks=11 dynamic=1 dyn_points=99 raw_dyn_points=0 service=5/1 split=11->0 (11 outputs) fusion_components=11 visual_only=1 lidar_only=10 yolo_in=2 yolo_match3d=1 yolo_match_det=1 yolo_human=1 fixed_size=0 size_reject=0
[lvdot_detector_main-7] [INFO] [1776958857.674955774] [lvdot_detector_node]: get_dynamic_obstacles responded with 0 obstacles from 0 tracked dynamic boxes.
[lvdot_detector_main-7] [INFO] [1776958859.651605234] [lvdot_detector_node]: Input health: depth=198 color=181 lidar=163 pose=526 odom=526 yolo=150 depth_pose_sync=0 lidar_pose_sync=0 depth_odom_sync=0 lidar_odom_sync=0
[lvdot_detector_main-7] [INFO] [1776958859.651669734] [lvdot_detector_node]: Stage timers: detection=204 lidar_detection=154 tracking=2043 classification=2040 vis=1846
[lvdot_detector_main-7] [INFO] [1776958859.651680934] [lvdot_detector_node]: Processing phases: detection=run_core lidar_detection=run_lidar_detector/dbscan tracking=waiting_new_filtered_update classification=waiting_new_tracking_update
[lvdot_detector_main-7] [INFO] [1776958859.651690434] [lvdot_detector_node]: Pipeline stats: depth_samples=1522/71300 u_map=2 depth_boxes=0 u_map_merge=0 u_map_db=0 u_map_visual=0 u_map_fused=0 u_map_filtered=0 lidar_samples=3499/161858 uv=2 db=15 lidar=13 fused=15 filtered=15 tracks=15 dynamic=1 dyn_points=103 raw_dyn_points=0 service=6/0 split=15->0 (15 outputs) fusion_components=15 visual_only=2 lidar_only=13 yolo_in=1 yolo_match3d=1 yolo_match_det=1 yolo_human=1 fixed_size=0 size_reject=0
[lvdot_detector_main-7] [INFO] [1776958862.113356491] [lvdot_detector_node]: get_dynamic_obstacles responded with 0 obstacles from 0 tracked dynamic boxes.
[lvdot_detector_main-7] [INFO] [1776958865.581758466] [lvdot_detector_node]: get_dynamic_obstacles responded with 0 obstacles from 0 tracked dynamic boxes.
[lvdot_detector_main-7] [INFO] [1776958865.646352368] [lvdot_detector_node]: Input health: depth=213 color=198 lidar=175 pose=574 odom=574 yolo=164 depth_pose_sync=0 lidar_pose_sync=0 depth_odom_sync=0 lidar_odom_sync=0
[lvdot_detector_main-7] [INFO] [1776958865.646416068] [lvdot_detector_node]: Stage timers: detection=211 lidar_detection=156 tracking=2223 classification=2221 vis=2000
[lvdot_detector_main-7] [INFO] [1776958865.646427568] [lvdot_detector_node]: Processing phases: detection=run_core lidar_detection=run_lidar_detector/dbscan tracking=waiting_new_filtered_update classification=waiting_new_tracking_update
[lvdot_detector_main-7] [INFO] [1776958865.646441668] [lvdot_detector_node]: Pipeline stats: depth_samples=1606/71300 u_map=3 depth_boxes=0 u_map_merge=0 u_map_db=0 u_map_visual=0 u_map_fused=0 u_map_filtered=0 lidar_samples=3364/127308 uv=1 db=10 lidar=60 fused=61 filtered=61 tracks=61 dynamic=0 dyn_points=0 raw_dyn_points=0 service=8/0 split=61->0 (61 outputs) fusion_components=61 visual_only=1 lidar_only=60 yolo_in=0 yolo_match3d=0 yolo_match_det=0 yolo_human=0 fixed_size=0 size_reject=0
[lvdot_detector_main-7] [INFO] [1776958869.447756183] [lvdot_detector_node]: get_dynamic_obstacles responded with 2 obstacles from 2 tracked dynamic boxes.
[lvdot_detector_main-7] [INFO] [1776958871.656125836] [lvdot_detector_node]: Input health: depth=227 color=210 lidar=188 pose=622 odom=622 yolo=175 depth_pose_sync=0 lidar_pose_sync=0 depth_odom_sync=0 lidar_odom_sync=0
[lvdot_detector_main-7] [INFO] [1776958871.656199216] [lvdot_detector_node]: Stage timers: detection=218 lidar_detection=159 tracking=2405 classification=2403 vis=2171
[lvdot_detector_main-7] [INFO] [1776958871.656211217] [lvdot_detector_node]: Processing phases: detection=run_core lidar_detection=run_lidar_detector/project tracking=waiting_new_filtered_update classification=waiting_new_tracking_update
[lvdot_detector_main-7] [INFO] [1776958871.656220955] [lvdot_detector_node]: Pipeline stats: depth_samples=1549/71300 u_map=3 depth_boxes=0 u_map_merge=0 u_map_db=0 u_map_visual=0 u_map_fused=0 u_map_filtered=0 lidar_samples=3464/179369 uv=1 db=7 lidar=27 fused=28 filtered=28 tracks=28 dynamic=2 dyn_points=270 raw_dyn_points=1201 service=9/2 split=28->0 (28 outputs) fusion_components=28 visual_only=1 lidar_only=27 yolo_in=2 yolo_match3d=2 yolo_match_det=2 yolo_human=2 fixed_size=0 size_reject=0
[lvdot_detector_main-7] [INFO] [1776958872.511824953] [lvdot_detector_node]: get_dynamic_obstacles responded with 0 obstacles from 0 tracked dynamic boxes.
[uav_trajectory_controller-4] [WARN] [1776958875.196252040] [uav_trajectory_controller]: SetEntityPose request timed out after 0.62s on /world/pedestrian_prototype/set_pose; dropping the pending request and retrying.
[uav_trajectory_controller-4] [WARN] [1776958875.822331281] [uav_trajectory_controller]: SetEntityPose request timed out after 0.50s on /world/pedestrian_prototype/set_pose; dropping the pending request and retrying.
[lvdot_detector_main-7] [INFO] [1776958876.243172917] [lvdot_detector_node]: get_dynamic_obstacles responded with 0 obstacles from 0 tracked dynamic boxes.
[uav_trajectory_controller-4] [WARN] [1776958876.572245786] [uav_trajectory_controller]: SetEntityPose request timed out after 0.62s on /world/pedestrian_prototype/set_pose; dropping the pending request and retrying.
[uav_trajectory_controller-4] [WARN] [1776958877.199820199] [uav_trajectory_controller]: SetEntityPose request timed out after 0.50s on /world/pedestrian_prototype/set_pose; dropping the pending request and retrying.
[lvdot_detector_main-7] [INFO] [1776958877.659012900] [lvdot_detector_node]: Input health: depth=239 color=222 lidar=200 pose=646 odom=646 yolo=187 depth_pose_sync=0 lidar_pose_sync=0 depth_odom_sync=0 lidar_odom_sync=0
[lvdot_detector_main-7] [INFO] [1776958877.659938113] [lvdot_detector_node]: Stage timers: detection=225 lidar_detection=161 tracking=2585 classification=2583 vis=2307
[lvdot_detector_main-7] [INFO] [1776958877.659954859] [lvdot_detector_node]: Processing phases: detection=run_core lidar_detection=run_lidar_detector/dbscan tracking=waiting_new_filtered_update classification=waiting_new_tracking_update
[lvdot_detector_main-7] [INFO] [1776958877.659964328] [lvdot_detector_node]: Pipeline stats: depth_samples=1249/71300 u_map=2 depth_boxes=0 u_map_merge=0 u_map_db=0 u_map_visual=0 u_map_fused=0 u_map_filtered=0 lidar_samples=2103/205061 uv=0 db=11 lidar=2 fused=2 filtered=2 tracks=2 dynamic=0 dyn_points=0 raw_dyn_points=0 service=11/0 split=2->0 (2 outputs) fusion_components=2 visual_only=0 lidar_only=2 yolo_in=1 yolo_match3d=0 yolo_match_det=0 yolo_human=0 fixed_size=0 size_reject=0
[lvdot_detector_main-7] [INFO] [1776958882.716016766] [lvdot_detector_node]: get_dynamic_obstacles responded with 0 obstacles from 0 tracked dynamic boxes.
[lvdot_detector_main-7] [INFO] [1776958884.368461300] [lvdot_detector_node]: Input health: depth=254 color=237 lidar=206 pose=693 odom=693 yolo=196 depth_pose_sync=0 lidar_pose_sync=0 depth_odom_sync=0 lidar_odom_sync=0
[lvdot_detector_main-7] [INFO] [1776958884.369641988] [lvdot_detector_node]: Stage timers: detection=232 lidar_detection=163 tracking=2765 classification=2763 vis=2457
[lvdot_detector_main-7] [INFO] [1776958884.370236369] [lvdot_detector_node]: Processing phases: detection=run_core lidar_detection=run_lidar_detector/dbscan tracking=waiting_new_filtered_update classification=waiting_new_tracking_update
[lvdot_detector_main-7] [INFO] [1776958884.370785596] [lvdot_detector_node]: Pipeline stats: depth_samples=1336/71300 u_map=1 depth_boxes=0 u_map_merge=0 u_map_db=0 u_map_visual=0 u_map_fused=0 u_map_filtered=0 lidar_samples=3408/117782 uv=0 db=8 lidar=65 fused=65 filtered=65 tracks=65 dynamic=1 dyn_points=127 raw_dyn_points=2145 service=13/0 split=65->0 (65 outputs) fusion_components=65 visual_only=0 lidar_only=65 yolo_in=1 yolo_match3d=1 yolo_match_det=1 yolo_human=1 fixed_size=0 size_reject=0
[lvdot_detector_main-7] [INFO] [1776958889.275934024] [lvdot_detector_node]: get_dynamic_obstacles responded with 0 obstacles from 0 tracked dynamic boxes.
[lvdot_detector_main-7] [INFO] [1776958890.368303880] [lvdot_detector_node]: Input health: depth=269 color=249 lidar=219 pose=739 odom=739 yolo=208 depth_pose_sync=0 lidar_pose_sync=0 depth_odom_sync=0 lidar_odom_sync=0
[lvdot_detector_main-7] [INFO] [1776958890.368389276] [lvdot_detector_node]: Stage timers: detection=239 lidar_detection=166 tracking=2945 classification=2944 vis=2623
[lvdot_detector_main-7] [INFO] [1776958890.368424010] [lvdot_detector_node]: Processing phases: detection=run_core lidar_detection=run_lidar_detector/project tracking=waiting_new_filtered_update classification=waiting_new_tracking_update
[lvdot_detector_main-7] [INFO] [1776958890.368441761] [lvdot_detector_node]: Pipeline stats: depth_samples=1339/71300 u_map=4 depth_boxes=0 u_map_merge=0 u_map_db=0 u_map_visual=0 u_map_fused=0 u_map_filtered=0 lidar_samples=3059/139634 uv=2 db=10 lidar=19 fused=21 filtered=21 tracks=21 dynamic=1 dyn_points=41 raw_dyn_points=8991 service=14/0 split=21->1 (21 outputs) fusion_components=21 visual_only=2 lidar_only=19 yolo_in=3 yolo_match3d=1 yolo_match_det=2 yolo_human=1 fixed_size=0 size_reject=0
[lvdot_detector_main-7] [INFO] [1776958895.263315884] [lvdot_detector_node]: get_dynamic_obstacles responded with 0 obstacles from 0 tracked dynamic boxes.
[lvdot_detector_main-7] [INFO] [1776958896.368212990] [lvdot_detector_node]: Input health: depth=280 color=266 lidar=228 pose=785 odom=785 yolo=223 depth_pose_sync=0 lidar_pose_sync=0 depth_odom_sync=0 lidar_odom_sync=0
[lvdot_detector_main-7] [INFO] [1776958896.368694983] [lvdot_detector_node]: Stage timers: detection=246 lidar_detection=168 tracking=3124 classification=3126 vis=2776
[lvdot_detector_main-7] [INFO] [1776958896.368708337] [lvdot_detector_node]: Processing phases: detection=run_core lidar_detection=run_lidar_detector/project tracking=waiting_new_filtered_update classification=waiting_new_tracking_update
[lvdot_detector_main-7] [INFO] [1776958896.368717626] [lvdot_detector_node]: Pipeline stats: depth_samples=1024/71300 u_map=3 depth_boxes=0 u_map_merge=0 u_map_db=0 u_map_visual=0 u_map_fused=0 u_map_filtered=0 lidar_samples=3190/124928 uv=1 db=8 lidar=22 fused=13 filtered=13 tracks=13 dynamic=0 dyn_points=52 raw_dyn_points=335 service=15/0 split=13->0 (13 outputs) fusion_components=13 visual_only=1 lidar_only=12 yolo_in=0 yolo_match3d=0 yolo_match_det=0 yolo_human=0 fixed_size=0 size_reject=0
[lvdot_detector_main-7] [INFO] [1776958901.319615693] [lvdot_detector_node]: get_dynamic_obstacles responded with 0 obstacles from 0 tracked dynamic boxes.
[lvdot_detector_main-7] [INFO] [1776958902.376143427] [lvdot_detector_node]: Input health: depth=301 color=281 lidar=233 pose=829 odom=829 yolo=235 depth_pose_sync=0 lidar_pose_sync=0 depth_odom_sync=0 lidar_odom_sync=0
[lvdot_detector_main-7] [INFO] [1776958902.376213627] [lvdot_detector_node]: Stage timers: detection=253 lidar_detection=170 tracking=3304 classification=3305 vis=2929
[lvdot_detector_main-7] [INFO] [1776958902.376234627] [lvdot_detector_node]: Processing phases: detection=run_core lidar_detection=run_lidar_detector/dbscan tracking=waiting_new_filtered_update classification=waiting_new_tracking_update
[lvdot_detector_main-7] [INFO] [1776958902.376253327] [lvdot_detector_node]: Pipeline stats: depth_samples=1581/71300 u_map=0 depth_boxes=0 u_map_merge=0 u_map_db=0 u_map_visual=0 u_map_fused=0 u_map_filtered=0 lidar_samples=3087/123829 uv=0 db=9 lidar=13 fused=13 filtered=13 tracks=13 dynamic=0 dyn_points=0 raw_dyn_points=0 service=16/0 split=13->0 (13 outputs) fusion_components=13 visual_only=0 lidar_only=13 yolo_in=0 yolo_match3d=0 yolo_match_det=0 yolo_human=0 fixed_size=0 size_reject=0
[lvdot_detector_main-7] [INFO] [1776958907.230272164] [lvdot_detector_node]: get_dynamic_obstacles responded with 0 obstacles from 0 tracked dynamic boxes.
[lvdot_detector_main-7] [INFO] [1776958908.382566558] [lvdot_detector_node]: Input health: depth=320 color=300 lidar=252 pose=875 odom=875 yolo=248 depth_pose_sync=0 lidar_pose_sync=0 depth_odom_sync=0 lidar_odom_sync=0
[lvdot_detector_main-7] [INFO] [1776958908.382637994] [lvdot_detector_node]: Stage timers: detection=260 lidar_detection=173 tracking=3485 classification=3487 vis=3107
[lvdot_detector_main-7] [INFO] [1776958908.382653760] [lvdot_detector_node]: Processing phases: detection=run_core lidar_detection=run_lidar_detector/project tracking=waiting_new_filtered_update classification=waiting_new_tracking_update
[lvdot_detector_main-7] [INFO] [1776958908.382663980] [lvdot_detector_node]: Pipeline stats: depth_samples=1590/71300 u_map=2 depth_boxes=0 u_map_merge=0 u_map_db=0 u_map_visual=0 u_map_fused=0 u_map_filtered=0 lidar_samples=3325/118834 uv=2 db=12 lidar=18 fused=20 filtered=20 tracks=20 dynamic=2 dyn_points=90 raw_dyn_points=316 service=17/0 split=20->0 (20 outputs) fusion_components=20 visual_only=2 lidar_only=18 yolo_in=3 yolo_match3d=3 yolo_match_det=3 yolo_human=3 fixed_size=0 size_reject=1
[lvdot_detector_main-7] [INFO] [1776958913.265824071] [lvdot_detector_node]: get_dynamic_obstacles responded with 3 obstacles from 3 tracked dynamic boxes.
[lvdot_detector_main-7] [INFO] [1776958914.368214404] [lvdot_detector_node]: Input health: depth=332 color=311 lidar=261 pose=921 odom=921 yolo=260 depth_pose_sync=0 lidar_pose_sync=0 depth_odom_sync=0 lidar_odom_sync=0
[lvdot_detector_main-7] [INFO] [1776958914.368328273] [lvdot_detector_node]: Stage timers: detection=267 lidar_detection=175 tracking=3666 classification=3668 vis=3267
[lvdot_detector_main-7] [INFO] [1776958914.368349599] [lvdot_detector_node]: Processing phases: detection=run_core lidar_detection=run_lidar_detector/dbscan tracking=waiting_new_filtered_update classification=waiting_new_tracking_update
[lvdot_detector_main-7] [INFO] [1776958914.368360066] [lvdot_detector_node]: Pipeline stats: depth_samples=1608/71300 u_map=4 depth_boxes=0 u_map_merge=0 u_map_db=0 u_map_visual=0 u_map_fused=0 u_map_filtered=0 lidar_samples=3168/171443 uv=1 db=11 lidar=22 fused=15 filtered=15 tracks=15 dynamic=0 dyn_points=0 raw_dyn_points=0 service=18/3 split=15->0 (15 outputs) fusion_components=15 visual_only=1 lidar_only=14 yolo_in=1 yolo_match3d=0 yolo_match_det=0 yolo_human=0 fixed_size=0 size_reject=0
[lvdot_detector_main-7] [INFO] [1776958917.791321046] [lvdot_detector_node]: get_dynamic_obstacles responded with 0 obstacles from 0 tracked dynamic boxes.
[lvdot_detector_main-7] [INFO] [1776958921.030423640] [lvdot_detector_node]: Input health: depth=351 color=328 lidar=269 pose=969 odom=969 yolo=270 depth_pose_sync=0 lidar_pose_sync=0 depth_odom_sync=0 lidar_odom_sync=0
[lvdot_detector_main-7] [INFO] [1776958921.030523656] [lvdot_detector_node]: Stage timers: detection=274 lidar_detection=177 tracking=3845 classification=3847 vis=3426
[lvdot_detector_main-7] [INFO] [1776958921.030539342] [lvdot_detector_node]: Processing phases: detection=run_core lidar_detection=run_lidar_detector/dbscan tracking=waiting_new_filtered_update classification=waiting_new_tracking_update
[lvdot_detector_main-7] [INFO] [1776958921.030549508] [lvdot_detector_node]: Pipeline stats: depth_samples=1581/71300 u_map=0 depth_boxes=0 u_map_merge=0 u_map_db=0 u_map_visual=0 u_map_fused=0 u_map_filtered=0 lidar_samples=3084/123770 uv=0 db=9 lidar=6 fused=6 filtered=6 tracks=6 dynamic=0 dyn_points=0 raw_dyn_points=0 service=19/0 split=6->0 (6 outputs) fusion_components=6 visual_only=0 lidar_only=6 yolo_in=0 yolo_match3d=0 yolo_match_det=0 yolo_human=0 fixed_size=0 size_reject=0
[lvdot_detector_main-7] [INFO] [1776958921.679516449] [lvdot_detector_node]: get_dynamic_obstacles responded with 0 obstacles from 0 tracked dynamic boxes.
[lvdot_detector_main-7] [INFO] [1776958927.031777816] [lvdot_detector_node]: Input health: depth=369 color=337 lidar=286 pose=1017 odom=1017 yolo=280 depth_pose_sync=0 lidar_pose_sync=0 depth_odom_sync=0 lidar_odom_sync=0
[lvdot_detector_main-7] [INFO] [1776958927.032332616] [lvdot_detector_node]: Stage timers: detection=281 lidar_detection=180 tracking=4026 classification=4026 vis=3599
[lvdot_detector_main-7] [INFO] [1776958927.032346616] [lvdot_detector_node]: Processing phases: detection=run_core lidar_detection=run_lidar_detector/project tracking=waiting_new_filtered_update classification=waiting_new_tracking_update
[lvdot_detector_main-7] [INFO] [1776958927.032356416] [lvdot_detector_node]: Pipeline stats: depth_samples=1461/71300 u_map=3 depth_boxes=0 u_map_merge=0 u_map_db=0 u_map_visual=0 u_map_fused=0 u_map_filtered=0 lidar_samples=3175/126982 uv=1 db=12 lidar=15 fused=16 filtered=16 tracks=16 dynamic=0 dyn_points=0 raw_dyn_points=0 service=21/0 split=16->0 (16 outputs) fusion_components=16 visual_only=1 lidar_only=15 yolo_in=1 yolo_match3d=1 yolo_match_det=1 yolo_human=1 fixed_size=0 size_reject=0
[lvdot_detector_main-7] [INFO] [1776958928.692123775] [lvdot_detector_node]: get_dynamic_obstacles responded with 0 obstacles from 0 tracked dynamic boxes.
[lvdot_detector_main-7] [INFO] [1776958933.042706013] [lvdot_detector_node]: Input health: depth=382 color=350 lidar=295 pose=1065 odom=1065 yolo=293 depth_pose_sync=0 lidar_pose_sync=0 depth_odom_sync=0 lidar_odom_sync=0
[lvdot_detector_main-7] [INFO] [1776958933.042776083] [lvdot_detector_node]: Stage timers: detection=289 lidar_detection=182 tracking=4207 classification=4207 vis=3754
[lvdot_detector_main-7] [INFO] [1776958933.042790389] [lvdot_detector_node]: Processing phases: detection=run_core lidar_detection=run_lidar_detector/project tracking=waiting_new_filtered_update classification=waiting_new_tracking_update
[lvdot_detector_main-7] [INFO] [1776958933.042801289] [lvdot_detector_node]: Pipeline stats: depth_samples=1444/71300 u_map=2 depth_boxes=0 u_map_merge=0 u_map_db=0 u_map_visual=0 u_map_fused=0 u_map_filtered=0 lidar_samples=3404/142821 uv=2 db=8 lidar=59 fused=7 filtered=7 tracks=7 dynamic=0 dyn_points=0 raw_dyn_points=0 service=23/1 split=7->0 (7 outputs) fusion_components=7 visual_only=2 lidar_only=5 yolo_in=0 yolo_match3d=0 yolo_match_det=0 yolo_human=0 fixed_size=0 size_reject=0
[lvdot_detector_main-7] [INFO] [1776958935.445324223] [lvdot_detector_node]: get_dynamic_obstacles responded with 0 obstacles from 0 tracked dynamic boxes.
[lvdot_detector_main-7] [INFO] [1776958939.032755980] [lvdot_detector_node]: Input health: depth=404 color=364 lidar=304 pose=1113 odom=1113 yolo=301 depth_pose_sync=0 lidar_pose_sync=0 depth_odom_sync=0 lidar_odom_sync=0
[lvdot_detector_main-7] [INFO] [1776958939.032848794] [lvdot_detector_node]: Stage timers: detection=295 lidar_detection=184 tracking=4381 classification=4362 vis=3897
[lvdot_detector_main-7] [INFO] [1776958939.032861312] [lvdot_detector_node]: Processing phases: detection=run_core lidar_detection=run_lidar_detector/project tracking=waiting_new_filtered_update classification=waiting_new_tracking_update
[lvdot_detector_main-7] [INFO] [1776958939.032871484] [lvdot_detector_node]: Pipeline stats: depth_samples=1449/71300 u_map=1 depth_boxes=0 u_map_merge=0 u_map_db=0 u_map_visual=0 u_map_fused=0 u_map_filtered=0 lidar_samples=3420/122216 uv=1 db=8 lidar=71 fused=71 filtered=71 tracks=71 dynamic=0 dyn_points=0 raw_dyn_points=0 service=24/0 split=71->0 (71 outputs) fusion_components=71 visual_only=0 lidar_only=70 yolo_in=0 yolo_match3d=0 yolo_match_det=0 yolo_human=0 fixed_size=0 size_reject=0
[lvdot_detector_main-7] [INFO] [1776958940.802023006] [lvdot_detector_node]: get_dynamic_obstacles responded with 0 obstacles from 0 tracked dynamic boxes.
[lvdot_detector_main-7] [INFO] [1776958945.040171623] [lvdot_detector_node]: Input health: depth=422 color=381 lidar=315 pose=1161 odom=1161 yolo=313 depth_pose_sync=0 lidar_pose_sync=0 depth_odom_sync=0 lidar_odom_sync=0
[lvdot_detector_main-7] [INFO] [1776958945.040247949] [lvdot_detector_node]: Stage timers: detection=302 lidar_detection=186 tracking=4563 classification=4543 vis=4071
[lvdot_detector_main-7] [INFO] [1776958945.040264431] [lvdot_detector_node]: Processing phases: detection=run_core lidar_detection=run_lidar_detector/dbscan tracking=waiting_new_filtered_update classification=waiting_new_tracking_update
[lvdot_detector_main-7] [INFO] [1776958945.040276106] [lvdot_detector_node]: Pipeline stats: depth_samples=1606/71300 u_map=2 depth_boxes=0 u_map_merge=0 u_map_db=0 u_map_visual=0 u_map_fused=0 u_map_filtered=0 lidar_samples=3403/108003 uv=1 db=12 lidar=5 fused=7 filtered=7 tracks=7 dynamic=0 dyn_points=0 raw_dyn_points=0 service=26/0 split=7->0 (7 outputs) fusion_components=7 visual_only=1 lidar_only=6 yolo_in=2 yolo_match3d=0 yolo_match_det=0 yolo_human=0 fixed_size=0 size_reject=0
[lvdot_detector_main-7] [INFO] [1776958946.893480870] [lvdot_detector_node]: get_dynamic_obstacles responded with 2 obstacles from 2 tracked dynamic boxes.
[lvdot_detector_main-7] [INFO] [1776958950.338761781] [lvdot_detector_node]: get_dynamic_obstacles responded with 1 obstacles from 1 tracked dynamic boxes.
[lvdot_detector_main-7] [INFO] [1776958951.738144754] [lvdot_detector_node]: Input health: depth=433 color=390 lidar=321 pose=1210 odom=1210 yolo=322 depth_pose_sync=0 lidar_pose_sync=0 depth_odom_sync=0 lidar_odom_sync=0
[lvdot_detector_main-7] [INFO] [1776958951.738228754] [lvdot_detector_node]: Stage timers: detection=309 lidar_detection=188 tracking=4740 classification=4721 vis=4226
[lvdot_detector_main-7] [INFO] [1776958951.738240954] [lvdot_detector_node]: Processing phases: detection=build_input lidar_detection=run_lidar_detector/dbscan tracking=idle classification=waiting_new_tracking_update
[lvdot_detector_main-7] [INFO] [1776958951.738250054] [lvdot_detector_node]: Pipeline stats: depth_samples=1430/71300 u_map=4 depth_boxes=0 u_map_merge=0 u_map_db=0 u_map_visual=0 u_map_fused=0 u_map_filtered=0 lidar_samples=3098/159834 uv=1 db=12 lidar=13 fused=14 filtered=14 tracks=14 dynamic=1 dyn_points=110 raw_dyn_points=0 service=28/1 split=14->1 (14 outputs) fusion_components=14 visual_only=1 lidar_only=13 yolo_in=4 yolo_match3d=1 yolo_match_det=3 yolo_human=1 fixed_size=0 size_reject=0
[lvdot_detector_main-7] [INFO] [1776958953.545726641] [lvdot_detector_node]: get_dynamic_obstacles responded with 1 obstacles from 1 tracked dynamic boxes.
[lvdot_detector_main-7] [INFO] [1776958957.755989433] [lvdot_detector_node]: Input health: depth=452 color=405 lidar=330 pose=1257 odom=1258 yolo=333 depth_pose_sync=0 lidar_pose_sync=0 depth_odom_sync=0 lidar_odom_sync=0
[lvdot_detector_main-7] [INFO] [1776958957.757402133] [lvdot_detector_node]: Stage timers: detection=315 lidar_detection=191 tracking=4919 classification=4898 vis=4385
[lvdot_detector_main-7] [INFO] [1776958957.758070733] [lvdot_detector_node]: Processing phases: detection=idle lidar_detection=run_lidar_detector/project tracking=run_core classification=waiting_new_tracking_update
[lvdot_detector_main-7] [INFO] [1776958957.758083933] [lvdot_detector_node]: Pipeline stats: depth_samples=1581/71300 u_map=0 depth_boxes=0 u_map_merge=0 u_map_db=0 u_map_visual=0 u_map_fused=0 u_map_filtered=0 lidar_samples=3218/145055 uv=0 db=9 lidar=54 fused=11 filtered=11 tracks=57 dynamic=0 dyn_points=0 raw_dyn_points=0 service=30/0 split=11->0 (11 outputs) fusion_components=11 visual_only=0 lidar_only=11 yolo_in=0 yolo_match3d=0 yolo_match_det=0 yolo_human=0 fixed_size=0 size_reject=0
[lvdot_detector_main-7] [INFO] [1776958963.732180536] [lvdot_detector_node]: Input health: depth=474 color=424 lidar=351 pose=1306 odom=1306 yolo=350 depth_pose_sync=0 lidar_pose_sync=0 depth_odom_sync=0 lidar_odom_sync=0
[lvdot_detector_main-7] [INFO] [1776958963.732297168] [lvdot_detector_node]: Stage timers: detection=323 lidar_detection=193 tracking=5101 classification=5080 vis=4562
[lvdot_detector_main-7] [INFO] [1776958963.732328328] [lvdot_detector_node]: Processing phases: detection=run_core lidar_detection=run_lidar_detector/dbscan tracking=waiting_new_filtered_update classification=waiting_new_tracking_update
[lvdot_detector_main-7] [INFO] [1776958963.732354278] [lvdot_detector_node]: Pipeline stats: depth_samples=1635/71300 u_map=4 depth_boxes=0 u_map_merge=0 u_map_db=0 u_map_visual=0 u_map_fused=0 u_map_filtered=0 lidar_samples=3451/117070 uv=1 db=12 lidar=19 fused=20 filtered=20 tracks=20 dynamic=2 dyn_points=61 raw_dyn_points=519 service=30/0 split=20->0 (20 outputs) fusion_components=20 visual_only=1 lidar_only=19 yolo_in=4 yolo_match3d=3 yolo_match_det=3 yolo_human=3 fixed_size=0 size_reject=1
[lvdot_detector_main-7] [INFO] [1776958969.745994043] [lvdot_detector_node]: Input health: depth=495 color=445 lidar=369 pose=1354 odom=1354 yolo=364 depth_pose_sync=0 lidar_pose_sync=0 depth_odom_sync=0 lidar_odom_sync=0
[lvdot_detector_main-7] [INFO] [1776958969.746090510] [lvdot_detector_node]: Stage timers: detection=330 lidar_detection=195 tracking=5281 classification=5262 vis=4726
[lvdot_detector_main-7] [INFO] [1776958969.746104514] [lvdot_detector_node]: Processing phases: detection=run_core lidar_detection=run_lidar_detector/dbscan tracking=waiting_new_filtered_update classification=waiting_new_tracking_update
[lvdot_detector_main-7] [INFO] [1776958969.746113460] [lvdot_detector_node]: Pipeline stats: depth_samples=1353/71300 u_map=3 depth_boxes=0 u_map_merge=0 u_map_db=0 u_map_visual=0 u_map_fused=0 u_map_filtered=0 lidar_samples=3486/170282 uv=1 db=11 lidar=6 fused=7 filtered=7 tracks=7 dynamic=0 dyn_points=0 raw_dyn_points=0 service=30/0 split=7->0 (7 outputs) fusion_components=7 visual_only=1 lidar_only=6 yolo_in=1 yolo_match3d=1 yolo_match_det=1 yolo_human=1 fixed_size=0 size_reject=1
[lvdot_detector_main-7] [INFO] [1776958975.757457565] [lvdot_detector_node]: Input health: depth=536 color=466 lidar=397 pose=1402 odom=1402 yolo=380 depth_pose_sync=0 lidar_pose_sync=0 depth_odom_sync=0 lidar_odom_sync=0
[lvdot_detector_main-7] [INFO] [1776958975.757564365] [lvdot_detector_node]: Stage timers: detection=338 lidar_detection=198 tracking=5462 classification=5442 vis=4898
[lvdot_detector_main-7] [INFO] [1776958975.757576465] [lvdot_detector_node]: Processing phases: detection=run_core lidar_detection=run_lidar_detector/project tracking=waiting_new_filtered_update classification=idle
[lvdot_detector_main-7] [INFO] [1776958975.757585265] [lvdot_detector_node]: Pipeline stats: depth_samples=1581/71300 u_map=0 depth_boxes=0 u_map_merge=0 u_map_db=0 u_map_visual=0 u_map_fused=0 u_map_filtered=0 lidar_samples=3326/140929 uv=0 db=9 lidar=61 fused=65 filtered=65 tracks=65 dynamic=0 dyn_points=0 raw_dyn_points=0 service=30/0 split=65->0 (65 outputs) fusion_components=65 visual_only=0 lidar_only=65 yolo_in=0 yolo_match3d=0 yolo_match_det=0 yolo_human=0 fixed_size=0 size_reject=0
[lvdot_detector_main-7] [INFO] [1776958981.733231532] [lvdot_detector_node]: Input health: depth=549 color=483 lidar=409 pose=1450 odom=1450 yolo=396 depth_pose_sync=0 lidar_pose_sync=0 depth_odom_sync=0 lidar_odom_sync=0
[lvdot_detector_main-7] [INFO] [1776958981.733294003] [lvdot_detector_node]: Stage timers: detection=344 lidar_detection=200 tracking=5643 classification=5623 vis=5074
[lvdot_detector_main-7] [INFO] [1776958981.733304693] [lvdot_detector_node]: Processing phases: detection=run_core lidar_detection=run_lidar_detector/dbscan tracking=waiting_new_filtered_update classification=waiting_new_tracking_update
[lvdot_detector_main-7] [INFO] [1776958981.733313618] [lvdot_detector_node]: Pipeline stats: depth_samples=1700/71300 u_map=3 depth_boxes=0 u_map_merge=0 u_map_db=0 u_map_visual=0 u_map_fused=0 u_map_filtered=0 lidar_samples=3271/123297 uv=2 db=14 lidar=18 fused=9 filtered=9 tracks=9 dynamic=0 dyn_points=0 raw_dyn_points=0 service=30/0 split=9->1 (9 outputs) fusion_components=9 visual_only=2 lidar_only=7 yolo_in=5 yolo_match3d=1 yolo_match_det=4 yolo_human=0 fixed_size=0 size_reject=0
[lvdot_detector_main-7] [INFO] [1776958988.494804799] [lvdot_detector_node]: Input health: depth=566 color=507 lidar=426 pose=1498 odom=1498 yolo=413 depth_pose_sync=0 lidar_pose_sync=0 depth_odom_sync=0 lidar_odom_sync=0
[lvdot_detector_main-7] [INFO] [1776958988.494899361] [lvdot_detector_node]: Stage timers: detection=352 lidar_detection=202 tracking=5824 classification=5805 vis=5237
[lvdot_detector_main-7] [INFO] [1776958988.494918545] [lvdot_detector_node]: Processing phases: detection=run_core lidar_detection=run_lidar_detector/dbscan tracking=waiting_new_filtered_update classification=waiting_new_tracking_update
[lvdot_detector_main-7] [INFO] [1776958988.494929978] [lvdot_detector_node]: Pipeline stats: depth_samples=1350/71300 u_map=3 depth_boxes=0 u_map_merge=0 u_map_db=0 u_map_visual=0 u_map_fused=0 u_map_filtered=0 lidar_samples=3107/169633 uv=1 db=10 lidar=26 fused=27 filtered=27 tracks=27 dynamic=1 dyn_points=125 raw_dyn_points=0 service=30/0 split=27->0 (27 outputs) fusion_components=27 visual_only=1 lidar_only=26 yolo_in=1 yolo_match3d=1 yolo_match_det=1 yolo_human=1 fixed_size=0 size_reject=0
[lvdot_detector_main-7] [INFO] [1776958994.491501700] [lvdot_detector_node]: Input health: depth=598 color=530 lidar=456 pose=1546 odom=1546 yolo=430 depth_pose_sync=0 lidar_pose_sync=0 depth_odom_sync=0 lidar_odom_sync=0
[lvdot_detector_main-7] [INFO] [1776958994.491571733] [lvdot_detector_node]: Stage timers: detection=359 lidar_detection=205 tracking=6006 classification=5985 vis=5410
[lvdot_detector_main-7] [INFO] [1776958994.491588262] [lvdot_detector_node]: Processing phases: detection=run_core lidar_detection=run_lidar_detector/downsample tracking=waiting_new_filtered_update classification=waiting_new_tracking_update
[lvdot_detector_main-7] [INFO] [1776958994.491595618] [lvdot_detector_node]: Pipeline stats: depth_samples=1536/71300 u_map=0 depth_boxes=0 u_map_merge=0 u_map_db=0 u_map_visual=0 u_map_fused=0 u_map_filtered=0 lidar_samples=3370/108251 uv=0 db=9 lidar=5 fused=55 filtered=55 tracks=55 dynamic=0 dyn_points=0 raw_dyn_points=0 service=30/0 split=55->0 (55 outputs) fusion_components=55 visual_only=0 lidar_only=55 yolo_in=0 yolo_match3d=0 yolo_match_det=0 yolo_human=0 fixed_size=0 size_reject=0
[lvdot_detector_main-7] [INFO] [1776959000.490156373] [lvdot_detector_node]: Input health: depth=615 color=547 lidar=473 pose=1594 odom=1594 yolo=449 depth_pose_sync=0 lidar_pose_sync=0 depth_odom_sync=0 lidar_odom_sync=0
[lvdot_detector_main-7] [INFO] [1776959000.490394973] [lvdot_detector_node]: Stage timers: detection=366 lidar_detection=207 tracking=6188 classification=6167 vis=5588
[lvdot_detector_main-7] [INFO] [1776959000.490435773] [lvdot_detector_node]: Processing phases: detection=build_filter_input lidar_detection=run_lidar_detector/dbscan tracking=waiting_new_filtered_update classification=waiting_new_tracking_update
[lvdot_detector_main-7] [INFO] [1776959000.490449873] [lvdot_detector_node]: Pipeline stats: depth_samples=1518/71300 u_map=3 depth_boxes=0 u_map_merge=0 u_map_db=0 u_map_visual=0 u_map_fused=0 u_map_filtered=0 lidar_samples=3466/117013 uv=2 db=13 lidar=17 fused=19 filtered=19 tracks=19 dynamic=2 dyn_points=61 raw_dyn_points=247 service=30/0 split=19->0 (19 outputs) fusion_components=19 visual_only=2 lidar_only=17 yolo_in=2 yolo_match3d=2 yolo_match_det=2 yolo_human=2 fixed_size=0 size_reject=0
[lvdot_detector_main-7] [INFO] [1776959006.500332698] [lvdot_detector_node]: Input health: depth=634 color=560 lidar=486 pose=1642 odom=1642 yolo=463 depth_pose_sync=0 lidar_pose_sync=0 depth_odom_sync=0 lidar_odom_sync=0
[lvdot_detector_main-7] [INFO] [1776959006.500407398] [lvdot_detector_node]: Stage timers: detection=374 lidar_detection=209 tracking=6367 classification=6348 vis=5745
[lvdot_detector_main-7] [INFO] [1776959006.500419598] [lvdot_detector_node]: Processing phases: detection=run_core lidar_detection=run_lidar_detector/dbscan tracking=waiting_new_filtered_update classification=waiting_new_tracking_update
[lvdot_detector_main-7] [INFO] [1776959006.500429998] [lvdot_detector_node]: Pipeline stats: depth_samples=1237/71300 u_map=3 depth_boxes=0 u_map_merge=0 u_map_db=0 u_map_visual=0 u_map_fused=0 u_map_filtered=0 lidar_samples=2993/171280 uv=1 db=9 lidar=13 fused=14 filtered=15 tracks=15 dynamic=1 dyn_points=69 raw_dyn_points=0 service=30/0 split=14->1 (15 outputs) fusion_components=14 visual_only=1 lidar_only=13 yolo_in=2 yolo_match3d=1 yolo_match_det=2 yolo_human=2 fixed_size=0 size_reject=1
[lvdot_detector_main-7] [INFO] [1776959012.498052064] [lvdot_detector_node]: Input health: depth=658 color=582 lidar=502 pose=1690 odom=1690 yolo=478 depth_pose_sync=0 lidar_pose_sync=0 depth_odom_sync=0 lidar_odom_sync=0
[lvdot_detector_main-7] [INFO] [1776959012.498569269] [lvdot_detector_node]: Stage timers: detection=381 lidar_detection=212 tracking=6543 classification=6525 vis=5889
[lvdot_detector_main-7] [INFO] [1776959012.498583150] [lvdot_detector_node]: Processing phases: detection=run_core lidar_detection=run_lidar_detector/downsample tracking=waiting_new_filtered_update classification=waiting_new_tracking_update
[lvdot_detector_main-7] [INFO] [1776959012.498592339] [lvdot_detector_node]: Pipeline stats: depth_samples=1536/71300 u_map=0 depth_boxes=0 u_map_merge=0 u_map_db=0 u_map_visual=0 u_map_fused=0 u_map_filtered=0 lidar_samples=3364/107969 uv=0 db=9 lidar=4 fused=62 filtered=62 tracks=62 dynamic=0 dyn_points=0 raw_dyn_points=0 service=30/0 split=62->0 (62 outputs) fusion_components=62 visual_only=0 lidar_only=62 yolo_in=0 yolo_match3d=0 yolo_match_det=0 yolo_human=0 fixed_size=0 size_reject=0
[lvdot_detector_main-7] [INFO] [1776959019.223762162] [lvdot_detector_node]: Input health: depth=676 color=603 lidar=519 pose=1739 odom=1739 yolo=498 depth_pose_sync=0 lidar_pose_sync=0 depth_odom_sync=0 lidar_odom_sync=0
[lvdot_detector_main-7] [INFO] [1776959019.223832284] [lvdot_detector_node]: Stage timers: detection=389 lidar_detection=214 tracking=6724 classification=6706 vis=6063
[lvdot_detector_main-7] [INFO] [1776959019.223847866] [lvdot_detector_node]: Processing phases: detection=run_core lidar_detection=run_lidar_detector/dbscan tracking=waiting_new_filtered_update classification=waiting_new_tracking_update
[lvdot_detector_main-7] [INFO] [1776959019.223859505] [lvdot_detector_node]: Pipeline stats: depth_samples=1315/71300 u_map=3 depth_boxes=0 u_map_merge=0 u_map_db=0 u_map_visual=0 u_map_fused=0 u_map_filtered=0 lidar_samples=3265/149672 uv=2 db=7 lidar=78 fused=80 filtered=80 tracks=80 dynamic=0 dyn_points=0 raw_dyn_points=0 service=30/0 split=80->0 (80 outputs) fusion_components=80 visual_only=2 lidar_only=78 yolo_in=1 yolo_match3d=1 yolo_match_det=1 yolo_human=1 fixed_size=0 size_reject=1
[lvdot_detector_main-7] [INFO] [1776959025.228662490] [lvdot_detector_node]: Input health: depth=691 color=614 lidar=528 pose=1787 odom=1787 yolo=507 depth_pose_sync=0 lidar_pose_sync=0 depth_odom_sync=0 lidar_odom_sync=0
[lvdot_detector_main-7] [INFO] [1776959025.228751190] [lvdot_detector_node]: Stage timers: detection=395 lidar_detection=216 tracking=6905 classification=6884 vis=6214
[lvdot_detector_main-7] [INFO] [1776959025.228767790] [lvdot_detector_node]: Processing phases: detection=run_core lidar_detection=run_lidar_detector/dbscan tracking=waiting_new_filtered_update classification=waiting_new_tracking_update
[lvdot_detector_main-7] [INFO] [1776959025.228778490] [lvdot_detector_node]: Pipeline stats: depth_samples=1304/71300 u_map=3 depth_boxes=0 u_map_merge=0 u_map_db=0 u_map_visual=0 u_map_fused=0 u_map_filtered=0 lidar_samples=3043/168243 uv=1 db=12 lidar=10 fused=11 filtered=11 tracks=11 dynamic=0 dyn_points=0 raw_dyn_points=0 service=30/0 split=11->0 (11 outputs) fusion_components=11 visual_only=1 lidar_only=10 yolo_in=1 yolo_match3d=0 yolo_match_det=0 yolo_human=0 fixed_size=0 size_reject=0
[lvdot_detector_main-7] [INFO] [1776959031.228741879] [lvdot_detector_node]: Input health: depth=718 color=635 lidar=547 pose=1831 odom=1831 yolo=519 depth_pose_sync=0 lidar_pose_sync=0 depth_odom_sync=0 lidar_odom_sync=0
[lvdot_detector_main-7] [INFO] [1776959031.229282879] [lvdot_detector_node]: Stage timers: detection=403 lidar_detection=219 tracking=7073 classification=7053 vis=6363
[lvdot_detector_main-7] [INFO] [1776959031.229309879] [lvdot_detector_node]: Processing phases: detection=run_core lidar_detection=run_lidar_detector/dbscan tracking=waiting_new_filtered_update classification=waiting_new_tracking_update
[lvdot_detector_main-7] [INFO] [1776959031.229324979] [lvdot_detector_node]: Pipeline stats: depth_samples=1536/71300 u_map=0 depth_boxes=0 u_map_merge=0 u_map_db=0 u_map_visual=0 u_map_fused=0 u_map_filtered=0 lidar_samples=3382/108134 uv=0 db=9 lidar=6 fused=6 filtered=6 tracks=6 dynamic=0 dyn_points=0 raw_dyn_points=0 service=30/0 split=6->0 (6 outputs) fusion_components=6 visual_only=0 lidar_only=6 yolo_in=0 yolo_match3d=0 yolo_match_det=0 yolo_human=0 fixed_size=0 size_reject=0
[lvdot_detector_main-7] [INFO] [1776959037.227495604] [lvdot_detector_node]: Input health: depth=732 color=649 lidar=561 pose=1878 odom=1878 yolo=533 depth_pose_sync=0 lidar_pose_sync=0 depth_odom_sync=0 lidar_odom_sync=0
[lvdot_detector_main-7] [INFO] [1776959037.227576867] [lvdot_detector_node]: Stage timers: detection=410 lidar_detection=221 tracking=7255 classification=7235 vis=6545
[lvdot_detector_main-7] [INFO] [1776959037.227656892] [lvdot_detector_node]: Processing phases: detection=run_core lidar_detection=run_lidar_detector/dbscan tracking=waiting_new_filtered_update classification=waiting_new_tracking_update
[lvdot_detector_main-7] [INFO] [1776959037.227682614] [lvdot_detector_node]: Pipeline stats: depth_samples=1372/71300 u_map=3 depth_boxes=0 u_map_merge=0 u_map_db=0 u_map_visual=0 u_map_fused=0 u_map_filtered=0 lidar_samples=3340/119293 uv=2 db=7 lidar=14 fused=16 filtered=16 tracks=16 dynamic=0 dyn_points=0 raw_dyn_points=0 service=30/0 split=16->0 (16 outputs) fusion_components=16 visual_only=2 lidar_only=14 yolo_in=1 yolo_match3d=1 yolo_match_det=1 yolo_human=1 fixed_size=0 size_reject=1
[lvdot_detector_main-7] [INFO] [1776959043.237250667] [lvdot_detector_node]: Input health: depth=744 color=661 lidar=568 pose=1925 odom=1925 yolo=542 depth_pose_sync=0 lidar_pose_sync=0 depth_odom_sync=0 lidar_odom_sync=0
[lvdot_detector_main-7] [INFO] [1776959043.237317701] [lvdot_detector_node]: Stage timers: detection=416 lidar_detection=223 tracking=7428 classification=7407 vis=6680
[lvdot_detector_main-7] [INFO] [1776959043.237328372] [lvdot_detector_node]: Processing phases: detection=run_core lidar_detection=run_lidar_detector/dbscan tracking=waiting_new_filtered_update classification=waiting_new_tracking_update
[lvdot_detector_main-7] [INFO] [1776959043.237337103] [lvdot_detector_node]: Pipeline stats: depth_samples=1150/71300 u_map=5 depth_boxes=0 u_map_merge=0 u_map_db=0 u_map_visual=0 u_map_fused=0 u_map_filtered=0 lidar_samples=3191/142715 uv=1 db=12 lidar=49 fused=50 filtered=50 tracks=50 dynamic=1 dyn_points=89 raw_dyn_points=0 service=30/0 split=50->0 (50 outputs) fusion_components=50 visual_only=1 lidar_only=49 yolo_in=3 yolo_match3d=1 yolo_match_det=1 yolo_human=1 fixed_size=0 size_reject=0
[lvdot_detector_main-7] [INFO] [1776959045.296330833] [lvdot_detector_node]: get_dynamic_obstacles responded with 0 obstacles from 0 tracked dynamic boxes.
[lvdot_detector_main-7] [INFO] [1776959049.932114587] [lvdot_detector_node]: Input health: depth=760 color=673 lidar=577 pose=1972 odom=1972 yolo=551 depth_pose_sync=0 lidar_pose_sync=0 depth_odom_sync=0 lidar_odom_sync=0
[lvdot_detector_main-7] [INFO] [1776959049.932182687] [lvdot_detector_node]: Stage timers: detection=423 lidar_detection=226 tracking=7603 classification=7578 vis=6828
[lvdot_detector_main-7] [INFO] [1776959049.932193887] [lvdot_detector_node]: Processing phases: detection=run_core lidar_detection=run_lidar_detector/project tracking=waiting_new_filtered_update classification=waiting_new_tracking_update
[lvdot_detector_main-7] [INFO] [1776959049.932203087] [lvdot_detector_node]: Pipeline stats: depth_samples=1536/71300 u_map=0 depth_boxes=0 u_map_merge=0 u_map_db=0 u_map_visual=0 u_map_fused=0 u_map_filtered=0 lidar_samples=3379/108032 uv=0 db=9 lidar=4 fused=10 filtered=10 tracks=10 dynamic=0 dyn_points=0 raw_dyn_points=0 service=31/0 split=10->0 (10 outputs) fusion_components=10 visual_only=0 lidar_only=10 yolo_in=0 yolo_match3d=0 yolo_match_det=0 yolo_human=0 fixed_size=0 size_reject=0
[lvdot_detector_main-7] [INFO] [1776959055.932131095] [lvdot_detector_node]: Input health: depth=768 color=683 lidar=587 pose=2018 odom=2018 yolo=563 depth_pose_sync=0 lidar_pose_sync=0 depth_odom_sync=0 lidar_odom_sync=0
[lvdot_detector_main-7] [INFO] [1776959055.932215895] [lvdot_detector_node]: Stage timers: detection=429 lidar_detection=228 tracking=7784 classification=7759 vis=7001
[lvdot_detector_main-7] [INFO] [1776959055.932226395] [lvdot_detector_node]: Processing phases: detection=run_core lidar_detection=run_lidar_detector/dbscan tracking=waiting_new_filtered_update classification=waiting_new_tracking_update
[lvdot_detector_main-7] [INFO] [1776959055.932233495] [lvdot_detector_node]: Pipeline stats: depth_samples=1542/71300 u_map=3 depth_boxes=0 u_map_merge=0 u_map_db=0 u_map_visual=0 u_map_fused=0 u_map_filtered=0 lidar_samples=3096/126480 uv=2 db=11 lidar=18 fused=17 filtered=17 tracks=17 dynamic=0 dyn_points=0 raw_dyn_points=0 service=31/0 split=17->0 (17 outputs) fusion_components=17 visual_only=2 lidar_only=15 yolo_in=2 yolo_match3d=0 yolo_match_det=0 yolo_human=0 fixed_size=0 size_reject=0
[lvdot_detector_main-7] [INFO] [1776959061.932114521] [lvdot_detector_node]: Input health: depth=782 color=701 lidar=602 pose=2066 odom=2066 yolo=575 depth_pose_sync=0 lidar_pose_sync=0 depth_odom_sync=0 lidar_odom_sync=0
[lvdot_detector_main-7] [INFO] [1776959061.932322921] [lvdot_detector_node]: Stage timers: detection=436 lidar_detection=230 tracking=7962 classification=7937 vis=7156
[lvdot_detector_main-7] [INFO] [1776959061.932341621] [lvdot_detector_node]: Processing phases: detection=run_core lidar_detection=run_lidar_detector/dbscan tracking=waiting_new_filtered_update classification=waiting_new_tracking_update
[lvdot_detector_main-7] [INFO] [1776959061.932488421] [lvdot_detector_node]: Pipeline stats: depth_samples=1370/71300 u_map=4 depth_boxes=0 u_map_merge=0 u_map_db=0 u_map_visual=0 u_map_fused=0 u_map_filtered=0 lidar_samples=3474/172424 uv=1 db=12 lidar=18 fused=19 filtered=19 tracks=19 dynamic=0 dyn_points=0 raw_dyn_points=0 service=31/0 split=19->0 (19 outputs) fusion_components=19 visual_only=1 lidar_only=18 yolo_in=2 yolo_match3d=0 yolo_match_det=0 yolo_human=0 fixed_size=0 size_reject=0
