[INFO] [launch]: All log files can be found below /home/skbt2/.ros/log/2026-04-24-09-39-45-418193-DESKTOP-90MQDL6-53709
[INFO] [launch]: Default logging verbosity is set to INFO
[INFO] [gazebo-1]: process started with pid [53747]
[INFO] [parameter_bridge-2]: process started with pid [53748]
[INFO] [pedestrian_state_publisher-3]: process started with pid [53749]
[INFO] [uav_trajectory_controller-4]: process started with pid [53750]
[INFO] [image_pointcloud_relay-5]: process started with pid [53751]
[INFO] [image_pointcloud_relay-6]: process started with pid [53752]
[INFO] [lvdot_yolo_node-7]: process started with pid [53753]
[INFO] [lvdot_detector_main-8]: process started with pid [53754]
[parameter_bridge-2] [INFO] [1776994785.661850116] [ros_gz_bridge]: Creating GZ->ROS Bridge: [/rgbd_camera/image (gz.msgs.Image) -> /rgbd_camera/image (sensor_msgs/msg/Image)] (Lazy 0)
[parameter_bridge-2] [INFO] [1776994785.668256111] [ros_gz_bridge]: Creating GZ->ROS Bridge: [/rgbd_camera/camera_info (gz.msgs.CameraInfo) -> /rgbd_camera/camera_info (sensor_msgs/msg/CameraInfo)] (Lazy 0)
[parameter_bridge-2] [INFO] [1776994785.669546490] [ros_gz_bridge]: Creating GZ->ROS Bridge: [/rgbd_camera/depth_image (gz.msgs.Image) -> /rgbd_camera/depth_image (sensor_msgs/msg/Image)] (Lazy 0)
[parameter_bridge-2] [INFO] [1776994785.670283681] [ros_gz_bridge]: Creating GZ->ROS Bridge: [/rgbd_camera/points (gz.msgs.PointCloudPacked) -> /rgbd_camera/points (sensor_msgs/msg/PointCloud2)] (Lazy 0)
[parameter_bridge-2] [INFO] [1776994785.671435566] [ros_gz_bridge]: Creating GZ->ROS Bridge: [/camera/imu (gz.msgs.IMU) -> /camera/imu (sensor_msgs/msg/Imu)] (Lazy 0)
[parameter_bridge-2] [INFO] [1776994785.672345924] [ros_gz_bridge]: Creating ROS->GZ service bridge [/world/pedestrian_prototype/set_pose (ros_gz_interfaces/srv/SetEntityPose -> /)]
[parameter_bridge-2] [INFO] [1776994785.673784746] [ros_gz_bridge]: Creating ROS->GZ service bridge [/world/pedestrian_prototype/set_pose/blocking (ros_gz_interfaces/srv/SetEntityPose -> /)]
[lvdot_detector_main-8] [INFO] [1776994785.818156925] [lvdot_detector_node]: Config loaded: localization_mode=0 dt=0.033 image=640x480 depth_range=[0.50, 5.00] stage_timers=true vis_stage=false executor_threads=1
[lvdot_detector_main-8] [INFO] [1776994785.871568782] [lvdot_detector_node]: LV-DOT ROS2 skeleton started. depth=/camera/depth/image_rect_raw color=/camera/color/image_raw lidar=/pointcloud pose=/mavros/local_position/pose odom=/mavros/local_position/odom yolo=/yolo_detector/detected_bounding_boxes
[lvdot_detector_main-8] [INFO] [1776994785.874617032] [lvdot_detector_node]: Starting executor with executor_threads=1
[lvdot_detector_main-8] [WARN] [1776994785.875214153] [rclcpp]: MultiThreadedExecutor is used with a single thread.
[lvdot_detector_main-8] Use the SingleThreadedExecutor instead.
[gazebo-1] [INFO] [1776994786.815599419] [pedestrian_pose_sync_system]: Configured pedestrian pose sync plugin on topic [/pedestrian_sim/agent_states] for 8 models.
[uav_trajectory_controller-4] [WARN] [1776994786.935135635] [uav_trajectory_controller]: SetEntityPose service /world/pedestrian_prototype/set_pose/blocking is unavailable; UAV state publication is paused until Gazebo pose control is reachable.
[lvdot_detector_main-8] [INFO] [1776994787.872009296] [lvdot_detector_node]: Input health: depth=0 color=0 lidar=0 pose=0 odom=0 yolo=0 depth_pose_sync=0 lidar_pose_sync=0 depth_odom_sync=0 lidar_odom_sync=0
[lvdot_detector_main-8] [INFO] [1776994787.872288452] [lvdot_detector_node]: Stage timers: detection=60 lidar_detection=60 tracking=60 classification=60 vis=0
[lvdot_detector_main-8] [INFO] [1776994787.872321844] [lvdot_detector_node]: Processing phases: detection=waiting_sensor_pose lidar_detection=waiting_new_lidar tracking=waiting_new_filtered_update classification=waiting_new_tracking_update
[lvdot_detector_main-8] [INFO] [1776994787.872335142] [lvdot_detector_node]: Pipeline stats: depth_samples=0/0 u_map=0 depth_boxes=0 u_map_merge=0 u_map_db=0 u_map_visual=0 u_map_fused=0 u_map_filtered=0 lidar_samples=0/0 uv=0 db=0 lidar=0 fused=0 filtered=0 tracks=0 dynamic=0 dyn_points=0 raw_dyn_points=0 service=0/0 split=0->0 (0 outputs) fusion_components=0 visual_only=0 lidar_only=0 yolo_in=0 yolo_match3d=0 yolo_match_det=0 yolo_human=0 fixed_size=0 size_reject=0
[lvdot_detector_main-8] [INFO] [1776994794.118689657] [lvdot_detector_node]: Input health: depth=1 color=0 lidar=1 pose=4 odom=4 yolo=0 depth_pose_sync=0 lidar_pose_sync=0 depth_odom_sync=0 lidar_odom_sync=0
[lvdot_detector_main-8] [INFO] [1776994794.118739361] [lvdot_detector_node]: Stage timers: detection=126 lidar_detection=126 tracking=126 classification=126 vis=0
[lvdot_detector_main-8] [INFO] [1776994794.118748282] [lvdot_detector_node]: Processing phases: detection=idle lidar_detection=waiting_new_lidar tracking=idle classification=waiting_new_tracking_update
[lvdot_detector_main-8] [INFO] [1776994794.118755144] [lvdot_detector_node]: Pipeline stats: depth_samples=1388/71300 u_map=1 depth_boxes=0 u_map_merge=0 u_map_db=0 u_map_visual=0 u_map_fused=0 u_map_filtered=0 lidar_samples=3261/116760 uv=0 db=11 lidar=10 fused=10 filtered=10 tracks=10 dynamic=0 dyn_points=0 raw_dyn_points=0 service=0/0 split=10->0 (10 outputs) fusion_components=10 visual_only=0 lidar_only=10 yolo_in=0 yolo_match3d=0 yolo_match_det=0 yolo_human=0 fixed_size=0 size_reject=0
[lvdot_detector_main-8] [INFO] [1776994799.879579330] [lvdot_detector_node]: Input health: depth=3 color=2 lidar=3 pose=6 odom=6 yolo=2 depth_pose_sync=0 lidar_pose_sync=0 depth_odom_sync=0 lidar_odom_sync=0
[lvdot_detector_main-8] [INFO] [1776994799.879629100] [lvdot_detector_node]: Stage timers: detection=128 lidar_detection=128 tracking=128 classification=128 vis=0
[lvdot_detector_main-8] [INFO] [1776994799.879638328] [lvdot_detector_node]: Processing phases: detection=idle lidar_detection=idle tracking=idle classification=idle
[lvdot_detector_main-8] [INFO] [1776994799.879646672] [lvdot_detector_node]: Pipeline stats: depth_samples=1324/71300 u_map=3 depth_boxes=0 u_map_merge=0 u_map_db=0 u_map_visual=0 u_map_fused=0 u_map_filtered=0 lidar_samples=3410/125651 uv=1 db=10 lidar=56 fused=57 filtered=57 tracks=19 dynamic=0 dyn_points=0 raw_dyn_points=0 service=0/0 split=57->0 (57 outputs) fusion_components=57 visual_only=1 lidar_only=56 yolo_in=1 yolo_match3d=1 yolo_match_det=1 yolo_human=1 fixed_size=0 size_reject=0
[lvdot_detector_main-8] [INFO] [1776994805.928670391] [lvdot_detector_node]: Input health: depth=5 color=4 lidar=5 pose=8 odom=8 yolo=4 depth_pose_sync=0 lidar_pose_sync=0 depth_odom_sync=0 lidar_odom_sync=0
[lvdot_detector_main-8] [INFO] [1776994805.928746432] [lvdot_detector_node]: Stage timers: detection=130 lidar_detection=130 tracking=130 classification=130 vis=0
[lvdot_detector_main-8] [INFO] [1776994805.928756241] [lvdot_detector_node]: Processing phases: detection=idle lidar_detection=idle tracking=idle classification=idle
[lvdot_detector_main-8] [INFO] [1776994805.928764107] [lvdot_detector_node]: Pipeline stats: depth_samples=1066/71300 u_map=1 depth_boxes=0 u_map_merge=0 u_map_db=0 u_map_visual=0 u_map_fused=0 u_map_filtered=0 lidar_samples=3046/156002 uv=0 db=10 lidar=59 fused=59 filtered=59 tracks=67 dynamic=1 dyn_points=0 raw_dyn_points=0 service=0/0 split=59->0 (59 outputs) fusion_components=59 visual_only=0 lidar_only=59 yolo_in=0 yolo_match3d=0 yolo_match_det=0 yolo_human=0 fixed_size=0 size_reject=0
[lvdot_detector_main-8] [INFO] [1776994811.230695571] [lvdot_detector_node]: Input health: depth=7 color=6 lidar=7 pose=10 odom=10 yolo=6 depth_pose_sync=0 lidar_pose_sync=0 depth_odom_sync=0 lidar_odom_sync=0
[lvdot_detector_main-8] [INFO] [1776994811.230772486] [lvdot_detector_node]: Stage timers: detection=132 lidar_detection=132 tracking=132 classification=132 vis=0
[lvdot_detector_main-8] [INFO] [1776994811.230782780] [lvdot_detector_node]: Processing phases: detection=idle lidar_detection=idle tracking=idle classification=idle
[lvdot_detector_main-8] [INFO] [1776994811.230789287] [lvdot_detector_node]: Pipeline stats: depth_samples=1439/71300 u_map=2 depth_boxes=0 u_map_merge=0 u_map_db=0 u_map_visual=0 u_map_fused=0 u_map_filtered=0 lidar_samples=3405/119224 uv=1 db=12 lidar=18 fused=19 filtered=19 tracks=4 dynamic=0 dyn_points=0 raw_dyn_points=0 service=0/0 split=19->0 (19 outputs) fusion_components=19 visual_only=1 lidar_only=18 yolo_in=5 yolo_match3d=2 yolo_match_det=2 yolo_human=2 fixed_size=0 size_reject=0
[lvdot_detector_main-8] [INFO] [1776994817.020496758] [lvdot_detector_node]: Input health: depth=9 color=8 lidar=9 pose=12 odom=12 yolo=8 depth_pose_sync=0 lidar_pose_sync=0 depth_odom_sync=0 lidar_odom_sync=0
[lvdot_detector_main-8] [INFO] [1776994817.020587228] [lvdot_detector_node]: Stage timers: detection=134 lidar_detection=134 tracking=134 classification=134 vis=0
[lvdot_detector_main-8] [INFO] [1776994817.020597356] [lvdot_detector_node]: Processing phases: detection=idle lidar_detection=idle tracking=idle classification=idle
[lvdot_detector_main-8] [INFO] [1776994817.020604338] [lvdot_detector_node]: Pipeline stats: depth_samples=1262/71300 u_map=3 depth_boxes=0 u_map_merge=0 u_map_db=0 u_map_visual=0 u_map_fused=0 u_map_filtered=0 lidar_samples=3218/170697 uv=0 db=12 lidar=14 fused=14 filtered=14 tracks=23 dynamic=2 dyn_points=0 raw_dyn_points=0 service=0/0 split=14->0 (14 outputs) fusion_components=14 visual_only=0 lidar_only=14 yolo_in=3 yolo_match3d=2 yolo_match_det=2 yolo_human=2 fixed_size=0 size_reject=0
[lvdot_detector_main-8] [INFO] [1776994822.805506953] [lvdot_detector_node]: Input health: depth=11 color=10 lidar=11 pose=14 odom=14 yolo=10 depth_pose_sync=0 lidar_pose_sync=0 depth_odom_sync=0 lidar_odom_sync=0
[lvdot_detector_main-8] [INFO] [1776994822.805610078] [lvdot_detector_node]: Stage timers: detection=136 lidar_detection=136 tracking=136 classification=136 vis=0
[lvdot_detector_main-8] [INFO] [1776994822.805625596] [lvdot_detector_node]: Processing phases: detection=idle lidar_detection=idle tracking=idle classification=idle
[lvdot_detector_main-8] [INFO] [1776994822.805638953] [lvdot_detector_node]: Pipeline stats: depth_samples=1244/71300 u_map=1 depth_boxes=0 u_map_merge=0 u_map_db=0 u_map_visual=0 u_map_fused=0 u_map_filtered=0 lidar_samples=3033/119854 uv=1 db=9 lidar=6 fused=6 filtered=6 tracks=91 dynamic=2 dyn_points=0 raw_dyn_points=0 service=0/0 split=6->0 (6 outputs) fusion_components=6 visual_only=0 lidar_only=5 yolo_in=0 yolo_match3d=0 yolo_match_det=0 yolo_human=0 fixed_size=0 size_reject=0
[lvdot_detector_main-8] [INFO] [1776994828.682918523] [lvdot_detector_node]: Input health: depth=13 color=12 lidar=13 pose=16 odom=16 yolo=12 depth_pose_sync=0 lidar_pose_sync=0 depth_odom_sync=0 lidar_odom_sync=0
[lvdot_detector_main-8] [INFO] [1776994828.683017915] [lvdot_detector_node]: Stage timers: detection=138 lidar_detection=138 tracking=138 classification=138 vis=0
[lvdot_detector_main-8] [INFO] [1776994828.683031665] [lvdot_detector_node]: Processing phases: detection=idle lidar_detection=idle tracking=idle classification=idle
[lvdot_detector_main-8] [INFO] [1776994828.683044728] [lvdot_detector_node]: Pipeline stats: depth_samples=1316/71300 u_map=0 depth_boxes=0 u_map_merge=0 u_map_db=0 u_map_visual=0 u_map_fused=0 u_map_filtered=0 lidar_samples=3395/108009 uv=0 db=9 lidar=4 fused=4 filtered=4 tracks=6 dynamic=0 dyn_points=0 raw_dyn_points=0 service=0/0 split=4->0 (4 outputs) fusion_components=4 visual_only=0 lidar_only=4 yolo_in=0 yolo_match3d=0 yolo_match_det=0 yolo_human=0 fixed_size=0 size_reject=0
[lvdot_detector_main-8] [INFO] [1776994834.182728437] [lvdot_detector_node]: Input health: depth=15 color=14 lidar=15 pose=18 odom=18 yolo=14 depth_pose_sync=0 lidar_pose_sync=0 depth_odom_sync=0 lidar_odom_sync=0
[lvdot_detector_main-8] [INFO] [1776994834.182836716] [lvdot_detector_node]: Stage timers: detection=140 lidar_detection=140 tracking=140 classification=140 vis=0
[lvdot_detector_main-8] [INFO] [1776994834.182851120] [lvdot_detector_node]: Processing phases: detection=idle lidar_detection=idle tracking=idle classification=idle
[lvdot_detector_main-8] [INFO] [1776994834.182861017] [lvdot_detector_node]: Pipeline stats: depth_samples=1481/71300 u_map=4 depth_boxes=0 u_map_merge=0 u_map_db=0 u_map_visual=0 u_map_fused=0 u_map_filtered=0 lidar_samples=3340/127371 uv=1 db=17 lidar=31 fused=31 filtered=31 tracks=15 dynamic=0 dyn_points=0 raw_dyn_points=0 service=0/0 split=31->0 (31 outputs) fusion_components=31 visual_only=0 lidar_only=30 yolo_in=4 yolo_match3d=4 yolo_match_det=4 yolo_human=4 fixed_size=0 size_reject=0
[lvdot_detector_main-8] [INFO] [1776994840.137986663] [lvdot_detector_node]: Input health: depth=17 color=16 lidar=17 pose=20 odom=20 yolo=16 depth_pose_sync=0 lidar_pose_sync=0 depth_odom_sync=0 lidar_odom_sync=0
[lvdot_detector_main-8] [INFO] [1776994840.138079010] [lvdot_detector_node]: Stage timers: detection=142 lidar_detection=142 tracking=142 classification=142 vis=0
[lvdot_detector_main-8] [INFO] [1776994840.138088517] [lvdot_detector_node]: Processing phases: detection=idle lidar_detection=idle tracking=idle classification=idle
[lvdot_detector_main-8] [INFO] [1776994840.138095404] [lvdot_detector_node]: Pipeline stats: depth_samples=1072/58294 u_map=2 depth_boxes=0 u_map_merge=0 u_map_db=0 u_map_visual=0 u_map_fused=0 u_map_filtered=0 lidar_samples=3350/184075 uv=0 db=8 lidar=11 fused=11 filtered=11 tracks=9 dynamic=4 dyn_points=0 raw_dyn_points=0 service=0/0 split=11->0 (11 outputs) fusion_components=11 visual_only=0 lidar_only=11 yolo_in=2 yolo_match3d=1 yolo_match_det=1 yolo_human=1 fixed_size=0 size_reject=0
[lvdot_detector_main-8] [INFO] [1776994845.619129335] [lvdot_detector_node]: Input health: depth=19 color=18 lidar=19 pose=22 odom=22 yolo=18 depth_pose_sync=0 lidar_pose_sync=0 depth_odom_sync=0 lidar_odom_sync=0
[lvdot_detector_main-8] [INFO] [1776994845.619210735] [lvdot_detector_node]: Stage timers: detection=144 lidar_detection=144 tracking=144 classification=144 vis=0
[lvdot_detector_main-8] [INFO] [1776994845.619221135] [lvdot_detector_node]: Processing phases: detection=idle lidar_detection=idle tracking=idle classification=idle
[lvdot_detector_main-8] [INFO] [1776994845.619227935] [lvdot_detector_node]: Pipeline stats: depth_samples=1322/71300 u_map=0 depth_boxes=0 u_map_merge=0 u_map_db=0 u_map_visual=0 u_map_fused=0 u_map_filtered=0 lidar_samples=3354/107902 uv=0 db=14 lidar=3 fused=3 filtered=3 tracks=72 dynamic=1 dyn_points=0 raw_dyn_points=0 service=0/0 split=3->0 (3 outputs) fusion_components=3 visual_only=0 lidar_only=3 yolo_in=0 yolo_match3d=0 yolo_match_det=0 yolo_human=0 fixed_size=0 size_reject=0
[lvdot_detector_main-8] [INFO] [1776994851.298323733] [lvdot_detector_node]: Input health: depth=21 color=20 lidar=21 pose=24 odom=24 yolo=20 depth_pose_sync=0 lidar_pose_sync=0 depth_odom_sync=0 lidar_odom_sync=0
[lvdot_detector_main-8] [INFO] [1776994851.298513912] [lvdot_detector_node]: Stage timers: detection=146 lidar_detection=146 tracking=146 classification=146 vis=0
[lvdot_detector_main-8] [INFO] [1776994851.298545494] [lvdot_detector_node]: Processing phases: detection=idle lidar_detection=idle tracking=idle classification=idle
[lvdot_detector_main-8] [INFO] [1776994851.298555302] [lvdot_detector_node]: Pipeline stats: depth_samples=1621/71300 u_map=3 depth_boxes=0 u_map_merge=0 u_map_db=0 u_map_visual=0 u_map_fused=0 u_map_filtered=0 lidar_samples=3474/125952 uv=0 db=12 lidar=25 fused=25 filtered=26 tracks=23 dynamic=0 dyn_points=0 raw_dyn_points=0 service=0/0 split=25->1 (26 outputs) fusion_components=25 visual_only=0 lidar_only=25 yolo_in=5 yolo_match3d=3 yolo_match_det=4 yolo_human=4 fixed_size=0 size_reject=0
[lvdot_detector_main-8] [INFO] [1776994856.727093615] [lvdot_detector_node]: Input health: depth=23 color=22 lidar=23 pose=26 odom=26 yolo=22 depth_pose_sync=0 lidar_pose_sync=0 depth_odom_sync=0 lidar_odom_sync=0
[lvdot_detector_main-8] [INFO] [1776994856.727210249] [lvdot_detector_node]: Stage timers: detection=148 lidar_detection=148 tracking=148 classification=148 vis=0
[lvdot_detector_main-8] [INFO] [1776994856.727249946] [lvdot_detector_node]: Processing phases: detection=idle lidar_detection=idle tracking=idle classification=idle
[lvdot_detector_main-8] [INFO] [1776994856.727261541] [lvdot_detector_node]: Pipeline stats: depth_samples=1097/69000 u_map=5 depth_boxes=0 u_map_merge=0 u_map_db=0 u_map_visual=0 u_map_fused=0 u_map_filtered=0 lidar_samples=1552/225944 uv=2 db=12 lidar=1 fused=3 filtered=3 tracks=23 dynamic=3 dyn_points=0 raw_dyn_points=0 service=0/0 split=3->0 (3 outputs) fusion_components=3 visual_only=2 lidar_only=1 yolo_in=1 yolo_match3d=1 yolo_match_det=1 yolo_human=1 fixed_size=0 size_reject=1
[lvdot_detector_main-8] [INFO] [1776994862.734436857] [lvdot_detector_node]: Input health: depth=25 color=24 lidar=25 pose=28 odom=28 yolo=24 depth_pose_sync=0 lidar_pose_sync=0 depth_odom_sync=0 lidar_odom_sync=0
[lvdot_detector_main-8] [INFO] [1776994862.734516957] [lvdot_detector_node]: Stage timers: detection=150 lidar_detection=150 tracking=150 classification=150 vis=0
[lvdot_detector_main-8] [INFO] [1776994862.734527057] [lvdot_detector_node]: Processing phases: detection=idle lidar_detection=idle tracking=idle classification=idle
[lvdot_detector_main-8] [INFO] [1776994862.734533857] [lvdot_detector_node]: Pipeline stats: depth_samples=1322/71300 u_map=0 depth_boxes=0 u_map_merge=0 u_map_db=0 u_map_visual=0 u_map_fused=0 u_map_filtered=0 lidar_samples=3352/113211 uv=0 db=14 lidar=9 fused=9 filtered=9 tracks=8 dynamic=1 dyn_points=0 raw_dyn_points=0 service=0/0 split=9->0 (9 outputs) fusion_components=9 visual_only=0 lidar_only=9 yolo_in=1 yolo_match3d=0 yolo_match_det=0 yolo_human=0 fixed_size=0 size_reject=0
[lvdot_detector_main-8] [INFO] [1776994868.016995092] [lvdot_detector_node]: Input health: depth=27 color=26 lidar=27 pose=30 odom=30 yolo=26 depth_pose_sync=0 lidar_pose_sync=0 depth_odom_sync=0 lidar_odom_sync=0
[lvdot_detector_main-8] [INFO] [1776994868.017090131] [lvdot_detector_node]: Stage timers: detection=152 lidar_detection=152 tracking=152 classification=152 vis=0
[lvdot_detector_main-8] [INFO] [1776994868.017102158] [lvdot_detector_node]: Processing phases: detection=idle lidar_detection=idle tracking=idle classification=idle
[lvdot_detector_main-8] [INFO] [1776994868.017109589] [lvdot_detector_node]: Pipeline stats: depth_samples=1480/71300 u_map=2 depth_boxes=0 u_map_merge=0 u_map_db=0 u_map_visual=0 u_map_fused=0 u_map_filtered=0 lidar_samples=3264/126614 uv=1 db=12 lidar=15 fused=16 filtered=17 tracks=9 dynamic=0 dyn_points=0 raw_dyn_points=0 service=0/0 split=16->1 (17 outputs) fusion_components=16 visual_only=1 lidar_only=15 yolo_in=4 yolo_match3d=2 yolo_match_det=3 yolo_human=3 fixed_size=0 size_reject=0
[lvdot_detector_main-8] [INFO] [1776994874.013203267] [lvdot_detector_node]: Input health: depth=29 color=28 lidar=29 pose=32 odom=32 yolo=28 depth_pose_sync=0 lidar_pose_sync=0 depth_odom_sync=0 lidar_odom_sync=0
[lvdot_detector_main-8] [INFO] [1776994874.013299775] [lvdot_detector_node]: Stage timers: detection=154 lidar_detection=154 tracking=154 classification=154 vis=0
[lvdot_detector_main-8] [INFO] [1776994874.013312218] [lvdot_detector_node]: Processing phases: detection=idle lidar_detection=idle tracking=idle classification=idle
[lvdot_detector_main-8] [INFO] [1776994874.013319175] [lvdot_detector_node]: Pipeline stats: depth_samples=1520/66019 u_map=3 depth_boxes=0 u_map_merge=0 u_map_db=0 u_map_visual=0 u_map_fused=0 u_map_filtered=0 lidar_samples=3380/147257 uv=2 db=11 lidar=50 fused=51 filtered=52 tracks=23 dynamic=3 dyn_points=0 raw_dyn_points=0 service=0/0 split=51->1 (52 outputs) fusion_components=51 visual_only=1 lidar_only=49 yolo_in=5 yolo_match3d=4 yolo_match_det=5 yolo_human=5 fixed_size=0 size_reject=0
[uav_trajectory_controller-4] [WARN] [1776994877.898184155] [uav_trajectory_controller]: SetEntityPose request timed out after 0.62s on /world/pedestrian_prototype/set_pose/blocking; dropping the pending request and retrying.
[uav_trajectory_controller-4] [WARN] [1776994877.899042148] [uav_trajectory_controller]: Falling back from /world/pedestrian_prototype/set_pose/blocking to /world/pedestrian_prototype/set_pose.
[lvdot_detector_main-8] [INFO] [1776994880.011470021] [lvdot_detector_node]: Input health: depth=31 color=30 lidar=31 pose=34 odom=34 yolo=30 depth_pose_sync=0 lidar_pose_sync=0 depth_odom_sync=0 lidar_odom_sync=0
[lvdot_detector_main-8] [INFO] [1776994880.011567051] [lvdot_detector_node]: Stage timers: detection=156 lidar_detection=156 tracking=156 classification=156 vis=0
[lvdot_detector_main-8] [INFO] [1776994880.011580098] [lvdot_detector_node]: Processing phases: detection=idle lidar_detection=idle tracking=idle classification=idle
[lvdot_detector_main-8] [INFO] [1776994880.011590245] [lvdot_detector_node]: Pipeline stats: depth_samples=1108/71300 u_map=2 depth_boxes=0 u_map_merge=0 u_map_db=0 u_map_visual=0 u_map_fused=0 u_map_filtered=0 lidar_samples=3174/137941 uv=2 db=10 lidar=77 fused=78 filtered=78 tracks=63 dynamic=2 dyn_points=0 raw_dyn_points=0 service=0/0 split=78->0 (78 outputs) fusion_components=78 visual_only=1 lidar_only=76 yolo_in=1 yolo_match3d=1 yolo_match_det=1 yolo_human=1 fixed_size=0 size_reject=3
[lvdot_detector_main-8] [INFO] [1776994885.283325526] [lvdot_detector_node]: Input health: depth=33 color=32 lidar=33 pose=36 odom=36 yolo=32 depth_pose_sync=0 lidar_pose_sync=0 depth_odom_sync=0 lidar_odom_sync=0
[lvdot_detector_main-8] [INFO] [1776994885.283423126] [lvdot_detector_node]: Stage timers: detection=158 lidar_detection=158 tracking=158 classification=158 vis=0
[lvdot_detector_main-8] [INFO] [1776994885.283437026] [lvdot_detector_node]: Processing phases: detection=idle lidar_detection=idle tracking=idle classification=idle
[lvdot_detector_main-8] [INFO] [1776994885.283447026] [lvdot_detector_node]: Pipeline stats: depth_samples=1453/71300 u_map=2 depth_boxes=0 u_map_merge=0 u_map_db=0 u_map_visual=0 u_map_fused=0 u_map_filtered=0 lidar_samples=3150/126378 uv=1 db=13 lidar=26 fused=26 filtered=26 tracks=3 dynamic=1 dyn_points=0 raw_dyn_points=0 service=0/0 split=26->0 (26 outputs) fusion_components=26 visual_only=0 lidar_only=25 yolo_in=3 yolo_match3d=1 yolo_match_det=1 yolo_human=1 fixed_size=0 size_reject=0
[lvdot_detector_main-8] [INFO] [1776994890.874665408] [lvdot_detector_node]: Input health: depth=35 color=34 lidar=35 pose=38 odom=38 yolo=34 depth_pose_sync=0 lidar_pose_sync=0 depth_odom_sync=0 lidar_odom_sync=0
[lvdot_detector_main-8] [INFO] [1776994890.874813593] [lvdot_detector_node]: Stage timers: detection=160 lidar_detection=160 tracking=160 classification=160 vis=0
[lvdot_detector_main-8] [INFO] [1776994890.874831615] [lvdot_detector_node]: Processing phases: detection=idle lidar_detection=idle tracking=idle classification=idle
[lvdot_detector_main-8] [INFO] [1776994890.874840919] [lvdot_detector_node]: Pipeline stats: depth_samples=954/71300 u_map=3 depth_boxes=0 u_map_merge=0 u_map_db=0 u_map_visual=0 u_map_fused=0 u_map_filtered=0 lidar_samples=3244/177458 uv=1 db=8 lidar=11 fused=12 filtered=12 tracks=18 dynamic=1 dyn_points=0 raw_dyn_points=0 service=0/0 split=12->0 (12 outputs) fusion_components=12 visual_only=1 lidar_only=11 yolo_in=1 yolo_match3d=1 yolo_match_det=1 yolo_human=1 fixed_size=0 size_reject=0
[lvdot_detector_main-8] [INFO] [1776994897.397272925] [lvdot_detector_node]: Input health: depth=37 color=36 lidar=37 pose=40 odom=40 yolo=36 depth_pose_sync=0 lidar_pose_sync=0 depth_odom_sync=0 lidar_odom_sync=0
[lvdot_detector_main-8] [INFO] [1776994897.397368953] [lvdot_detector_node]: Stage timers: detection=162 lidar_detection=162 tracking=162 classification=162 vis=0
[lvdot_detector_main-8] [INFO] [1776994897.397383897] [lvdot_detector_node]: Processing phases: detection=idle lidar_detection=idle tracking=idle classification=idle
[lvdot_detector_main-8] [INFO] [1776994897.397394310] [lvdot_detector_node]: Pipeline stats: depth_samples=1377/71300 u_map=2 depth_boxes=0 u_map_merge=0 u_map_db=0 u_map_visual=0 u_map_fused=0 u_map_filtered=0 lidar_samples=3492/116167 uv=1 db=11 lidar=71 fused=71 filtered=71 tracks=20 dynamic=1 dyn_points=0 raw_dyn_points=0 service=0/0 split=71->0 (71 outputs) fusion_components=71 visual_only=0 lidar_only=70 yolo_in=1 yolo_match3d=0 yolo_match_det=0 yolo_human=0 fixed_size=0 size_reject=0
[lvdot_detector_main-8] [INFO] [1776994902.574807658] [lvdot_detector_node]: Input health: depth=39 color=38 lidar=39 pose=42 odom=42 yolo=38 depth_pose_sync=0 lidar_pose_sync=0 depth_odom_sync=0 lidar_odom_sync=0
[lvdot_detector_main-8] [INFO] [1776994902.574909158] [lvdot_detector_node]: Stage timers: detection=164 lidar_detection=164 tracking=164 classification=164 vis=0
[lvdot_detector_main-8] [INFO] [1776994902.574922458] [lvdot_detector_node]: Processing phases: detection=idle lidar_detection=idle tracking=idle classification=idle
[lvdot_detector_main-8] [INFO] [1776994902.574931858] [lvdot_detector_node]: Pipeline stats: depth_samples=1316/71300 u_map=0 depth_boxes=0 u_map_merge=0 u_map_db=0 u_map_visual=0 u_map_fused=0 u_map_filtered=0 lidar_samples=3386/107929 uv=0 db=9 lidar=5 fused=5 filtered=5 tracks=4 dynamic=0 dyn_points=0 raw_dyn_points=0 service=0/0 split=5->0 (5 outputs) fusion_components=5 visual_only=0 lidar_only=5 yolo_in=0 yolo_match3d=0 yolo_match_det=0 yolo_human=0 fixed_size=0 size_reject=0
[lvdot_detector_main-8] [INFO] [1776994907.692775285] [lvdot_detector_node]: Input health: depth=41 color=40 lidar=41 pose=44 odom=44 yolo=40 depth_pose_sync=0 lidar_pose_sync=0 depth_odom_sync=0 lidar_odom_sync=0
[lvdot_detector_main-8] [INFO] [1776994907.692877538] [lvdot_detector_node]: Stage timers: detection=166 lidar_detection=166 tracking=166 classification=166 vis=0
[lvdot_detector_main-8] [INFO] [1776994907.692892036] [lvdot_detector_node]: Processing phases: detection=idle lidar_detection=idle tracking=idle classification=idle
[lvdot_detector_main-8] [INFO] [1776994907.692902280] [lvdot_detector_node]: Pipeline stats: depth_samples=1397/71300 u_map=3 depth_boxes=0 u_map_merge=0 u_map_db=0 u_map_visual=0 u_map_fused=0 u_map_filtered=0 lidar_samples=3078/128457 uv=3 db=12 lidar=19 fused=22 filtered=22 tracks=13 dynamic=0 dyn_points=0 raw_dyn_points=0 service=0/0 split=22->1 (22 outputs) fusion_components=22 visual_only=3 lidar_only=19 yolo_in=3 yolo_match3d=1 yolo_match_det=2 yolo_human=1 fixed_size=0 size_reject=0
[lvdot_detector_main-8] [INFO] [1776994913.504688726] [lvdot_detector_node]: Input health: depth=43 color=42 lidar=43 pose=46 odom=46 yolo=42 depth_pose_sync=0 lidar_pose_sync=0 depth_odom_sync=0 lidar_odom_sync=0
[lvdot_detector_main-8] [INFO] [1776994913.504778817] [lvdot_detector_node]: Stage timers: detection=168 lidar_detection=168 tracking=168 classification=168 vis=0
[lvdot_detector_main-8] [INFO] [1776994913.504793881] [lvdot_detector_node]: Processing phases: detection=idle lidar_detection=idle tracking=idle classification=idle
[lvdot_detector_main-8] [INFO] [1776994913.504806257] [lvdot_detector_node]: Pipeline stats: depth_samples=1314/71300 u_map=2 depth_boxes=0 u_map_merge=0 u_map_db=0 u_map_visual=0 u_map_fused=0 u_map_filtered=0 lidar_samples=3170/122512 uv=0 db=10 lidar=18 fused=18 filtered=18 tracks=34 dynamic=1 dyn_points=0 raw_dyn_points=0 service=0/0 split=18->0 (18 outputs) fusion_components=18 visual_only=0 lidar_only=18 yolo_in=0 yolo_match3d=0 yolo_match_det=0 yolo_human=0 fixed_size=0 size_reject=0
[lvdot_detector_main-8] [INFO] [1776994918.664923649] [lvdot_detector_node]: Input health: depth=45 color=44 lidar=45 pose=48 odom=48 yolo=44 depth_pose_sync=0 lidar_pose_sync=0 depth_odom_sync=0 lidar_odom_sync=0
[lvdot_detector_main-8] [INFO] [1776994918.665020144] [lvdot_detector_node]: Stage timers: detection=170 lidar_detection=170 tracking=170 classification=170 vis=0
[lvdot_detector_main-8] [INFO] [1776994918.665032280] [lvdot_detector_node]: Processing phases: detection=idle lidar_detection=idle tracking=idle classification=idle
[lvdot_detector_main-8] [INFO] [1776994918.665041357] [lvdot_detector_node]: Pipeline stats: depth_samples=1322/71300 u_map=0 depth_boxes=0 u_map_merge=0 u_map_db=0 u_map_visual=0 u_map_fused=0 u_map_filtered=0 lidar_samples=3371/108061 uv=0 db=14 lidar=6 fused=6 filtered=6 tracks=8 dynamic=0 dyn_points=0 raw_dyn_points=0 service=0/0 split=6->0 (6 outputs) fusion_components=6 visual_only=0 lidar_only=6 yolo_in=0 yolo_match3d=0 yolo_match_det=0 yolo_human=0 fixed_size=0 size_reject=0
[lvdot_detector_main-8] [INFO] [1776994924.384341090] [lvdot_detector_node]: Input health: depth=47 color=46 lidar=47 pose=50 odom=50 yolo=46 depth_pose_sync=0 lidar_pose_sync=0 depth_odom_sync=0 lidar_odom_sync=0
[lvdot_detector_main-8] [INFO] [1776994924.384418659] [lvdot_detector_node]: Stage timers: detection=172 lidar_detection=172 tracking=172 classification=172 vis=0
[lvdot_detector_main-8] [INFO] [1776994924.384428564] [lvdot_detector_node]: Processing phases: detection=idle lidar_detection=idle tracking=idle classification=idle
[lvdot_detector_main-8] [INFO] [1776994924.384435723] [lvdot_detector_node]: Pipeline stats: depth_samples=999/57345 u_map=5 depth_boxes=0 u_map_merge=0 u_map_db=0 u_map_visual=0 u_map_fused=0 u_map_filtered=0 lidar_samples=3486/134454 uv=2 db=6 lidar=73 fused=75 filtered=75 tracks=7 dynamic=0 dyn_points=0 raw_dyn_points=0 service=0/0 split=75->0 (75 outputs) fusion_components=75 visual_only=2 lidar_only=73 yolo_in=1 yolo_match3d=1 yolo_match_det=1 yolo_human=1 fixed_size=0 size_reject=0
[lvdot_detector_main-8] [INFO] [1776994930.940788895] [lvdot_detector_node]: Input health: depth=49 color=48 lidar=49 pose=52 odom=52 yolo=48 depth_pose_sync=0 lidar_pose_sync=0 depth_odom_sync=0 lidar_odom_sync=0
[lvdot_detector_main-8] [INFO] [1776994930.940841582] [lvdot_detector_node]: Stage timers: detection=174 lidar_detection=174 tracking=174 classification=174 vis=0
[lvdot_detector_main-8] [INFO] [1776994930.940852179] [lvdot_detector_node]: Processing phases: detection=idle lidar_detection=idle tracking=idle classification=idle
[lvdot_detector_main-8] [INFO] [1776994930.940864443] [lvdot_detector_node]: Pipeline stats: depth_samples=1277/61180 u_map=2 depth_boxes=0 u_map_merge=0 u_map_db=0 u_map_visual=0 u_map_fused=0 u_map_filtered=0 lidar_samples=3041/169417 uv=0 db=16 lidar=2 fused=2 filtered=2 tracks=14 dynamic=1 dyn_points=0 raw_dyn_points=0 service=0/0 split=2->0 (2 outputs) fusion_components=2 visual_only=0 lidar_only=2 yolo_in=1 yolo_match3d=0 yolo_match_det=0 yolo_human=0 fixed_size=0 size_reject=0
[lvdot_detector_main-8] [INFO] [1776994936.655706843] [lvdot_detector_node]: Input health: depth=51 color=50 lidar=51 pose=54 odom=54 yolo=50 depth_pose_sync=0 lidar_pose_sync=0 depth_odom_sync=0 lidar_odom_sync=0
[lvdot_detector_main-8] [INFO] [1776994936.655817568] [lvdot_detector_node]: Stage timers: detection=176 lidar_detection=176 tracking=176 classification=176 vis=0
[lvdot_detector_main-8] [INFO] [1776994936.655827847] [lvdot_detector_node]: Processing phases: detection=idle lidar_detection=idle tracking=idle classification=idle
[lvdot_detector_main-8] [INFO] [1776994936.655834505] [lvdot_detector_node]: Pipeline stats: depth_samples=1322/71300 u_map=0 depth_boxes=0 u_map_merge=0 u_map_db=0 u_map_visual=0 u_map_fused=0 u_map_filtered=0 lidar_samples=3372/107879 uv=0 db=14 lidar=7 fused=7 filtered=7 tracks=67 dynamic=0 dyn_points=0 raw_dyn_points=0 service=0/0 split=7->0 (7 outputs) fusion_components=7 visual_only=0 lidar_only=7 yolo_in=0 yolo_match3d=0 yolo_match_det=0 yolo_human=0 fixed_size=0 size_reject=0
[lvdot_detector_main-8] [INFO] [1776994942.025616212] [lvdot_detector_node]: Input health: depth=53 color=52 lidar=53 pose=56 odom=56 yolo=52 depth_pose_sync=0 lidar_pose_sync=0 depth_odom_sync=0 lidar_odom_sync=0
[lvdot_detector_main-8] [INFO] [1776994942.025709315] [lvdot_detector_node]: Stage timers: detection=178 lidar_detection=178 tracking=178 classification=178 vis=0
[lvdot_detector_main-8] [INFO] [1776994942.025723021] [lvdot_detector_node]: Processing phases: detection=idle lidar_detection=idle tracking=idle classification=idle
[lvdot_detector_main-8] [INFO] [1776994942.025733301] [lvdot_detector_node]: Pipeline stats: depth_samples=1432/71300 u_map=2 depth_boxes=0 u_map_merge=0 u_map_db=0 u_map_visual=0 u_map_fused=0 u_map_filtered=0 lidar_samples=3214/125528 uv=1 db=9 lidar=9 fused=9 filtered=9 tracks=10 dynamic=0 dyn_points=0 raw_dyn_points=0 service=0/0 split=9->0 (9 outputs) fusion_components=9 visual_only=0 lidar_only=8 yolo_in=1 yolo_match3d=0 yolo_match_det=0 yolo_human=0 fixed_size=0 size_reject=0
[lvdot_detector_main-8] [INFO] [1776994947.590298829] [lvdot_detector_node]: Input health: depth=55 color=54 lidar=55 pose=58 odom=58 yolo=54 depth_pose_sync=0 lidar_pose_sync=0 depth_odom_sync=0 lidar_odom_sync=0
[lvdot_detector_main-8] [INFO] [1776994947.590398861] [lvdot_detector_node]: Stage timers: detection=180 lidar_detection=180 tracking=180 classification=180 vis=0
[lvdot_detector_main-8] [INFO] [1776994947.590410998] [lvdot_detector_node]: Processing phases: detection=idle lidar_detection=idle tracking=idle classification=idle
[lvdot_detector_main-8] [INFO] [1776994947.590420198] [lvdot_detector_node]: Pipeline stats: depth_samples=1530/71300 u_map=2 depth_boxes=0 u_map_merge=0 u_map_db=0 u_map_visual=0 u_map_fused=0 u_map_filtered=0 lidar_samples=3096/127308 uv=2 db=12 lidar=18 fused=20 filtered=21 tracks=58 dynamic=0 dyn_points=0 raw_dyn_points=0 service=0/0 split=20->1 (21 outputs) fusion_components=20 visual_only=2 lidar_only=18 yolo_in=3 yolo_match3d=1 yolo_match_det=3 yolo_human=2 fixed_size=0 size_reject=0
[lvdot_detector_main-8] [INFO] [1776994953.355229579] [lvdot_detector_node]: Input health: depth=57 color=56 lidar=57 pose=60 odom=60 yolo=56 depth_pose_sync=0 lidar_pose_sync=0 depth_odom_sync=0 lidar_odom_sync=0
[lvdot_detector_main-8] [INFO] [1776994953.355325534] [lvdot_detector_node]: Stage timers: detection=182 lidar_detection=182 tracking=182 classification=182 vis=0
[lvdot_detector_main-8] [INFO] [1776994953.355339844] [lvdot_detector_node]: Processing phases: detection=idle lidar_detection=idle tracking=idle classification=idle
[lvdot_detector_main-8] [INFO] [1776994953.355346999] [lvdot_detector_node]: Pipeline stats: depth_samples=1322/71300 u_map=0 depth_boxes=0 u_map_merge=0 u_map_db=0 u_map_visual=0 u_map_fused=0 u_map_filtered=0 lidar_samples=3386/108245 uv=0 db=14 lidar=5 fused=5 filtered=5 tracks=5 dynamic=2 dyn_points=0 raw_dyn_points=0 service=0/0 split=5->0 (5 outputs) fusion_components=5 visual_only=0 lidar_only=5 yolo_in=0 yolo_match3d=0 yolo_match_det=0 yolo_human=0 fixed_size=0 size_reject=0
[lvdot_detector_main-8] [INFO] [1776994959.382397906] [lvdot_detector_node]: Input health: depth=59 color=58 lidar=59 pose=62 odom=62 yolo=58 depth_pose_sync=0 lidar_pose_sync=0 depth_odom_sync=0 lidar_odom_sync=0
[lvdot_detector_main-8] [INFO] [1776994959.382450833] [lvdot_detector_node]: Stage timers: detection=184 lidar_detection=184 tracking=184 classification=184 vis=0
[lvdot_detector_main-8] [INFO] [1776994959.382459654] [lvdot_detector_node]: Processing phases: detection=idle lidar_detection=idle tracking=idle classification=idle
[lvdot_detector_main-8] [INFO] [1776994959.382466613] [lvdot_detector_node]: Pipeline stats: depth_samples=1375/71300 u_map=1 depth_boxes=0 u_map_merge=0 u_map_db=0 u_map_visual=0 u_map_fused=0 u_map_filtered=0 lidar_samples=3481/117032 uv=1 db=10 lidar=19 fused=20 filtered=20 tracks=3 dynamic=0 dyn_points=0 raw_dyn_points=0 service=0/0 split=20->0 (20 outputs) fusion_components=20 visual_only=1 lidar_only=19 yolo_in=2 yolo_match3d=1 yolo_match_det=1 yolo_human=1 fixed_size=0 size_reject=0
[lvdot_detector_main-8] [INFO] [1776994964.767910574] [lvdot_detector_node]: Input health: depth=61 color=60 lidar=61 pose=64 odom=64 yolo=60 depth_pose_sync=0 lidar_pose_sync=0 depth_odom_sync=0 lidar_odom_sync=0
[lvdot_detector_main-8] [INFO] [1776994964.767988258] [lvdot_detector_node]: Stage timers: detection=186 lidar_detection=186 tracking=186 classification=186 vis=0
[lvdot_detector_main-8] [INFO] [1776994964.767998459] [lvdot_detector_node]: Processing phases: detection=idle lidar_detection=idle tracking=idle classification=idle
[lvdot_detector_main-8] [INFO] [1776994964.768005718] [lvdot_detector_node]: Pipeline stats: depth_samples=1717/71300 u_map=2 depth_boxes=0 u_map_merge=0 u_map_db=0 u_map_visual=0 u_map_fused=0 u_map_filtered=0 lidar_samples=2975/130677 uv=2 db=15 lidar=17 fused=19 filtered=19 tracks=18 dynamic=1 dyn_points=0 raw_dyn_points=0 service=0/0 split=19->0 (19 outputs) fusion_components=19 visual_only=2 lidar_only=17 yolo_in=3 yolo_match3d=3 yolo_match_det=3 yolo_human=3 fixed_size=0 size_reject=0
[lvdot_detector_main-8] [INFO] [1776994970.051489967] [lvdot_detector_node]: Input health: depth=63 color=62 lidar=63 pose=66 odom=66 yolo=62 depth_pose_sync=0 lidar_pose_sync=0 depth_odom_sync=0 lidar_odom_sync=0
[lvdot_detector_main-8] [INFO] [1776994970.051622441] [lvdot_detector_node]: Stage timers: detection=188 lidar_detection=188 tracking=188 classification=188 vis=0
[lvdot_detector_main-8] [INFO] [1776994970.051643198] [lvdot_detector_node]: Processing phases: detection=idle lidar_detection=idle tracking=idle classification=idle
[lvdot_detector_main-8] [INFO] [1776994970.051658864] [lvdot_detector_node]: Pipeline stats: depth_samples=1258/71300 u_map=1 depth_boxes=0 u_map_merge=0 u_map_db=0 u_map_visual=0 u_map_fused=0 u_map_filtered=0 lidar_samples=3080/118562 uv=1 db=12 lidar=9 fused=9 filtered=9 tracks=18 dynamic=3 dyn_points=0 raw_dyn_points=0 service=0/0 split=9->0 (9 outputs) fusion_components=9 visual_only=0 lidar_only=8 yolo_in=0 yolo_match3d=0 yolo_match_det=0 yolo_human=0 fixed_size=0 size_reject=0
[lvdot_detector_main-8] [INFO] [1776994975.483939236] [lvdot_detector_node]: Input health: depth=65 color=64 lidar=65 pose=68 odom=68 yolo=64 depth_pose_sync=0 lidar_pose_sync=0 depth_odom_sync=0 lidar_odom_sync=0
[lvdot_detector_main-8] [INFO] [1776994975.484037049] [lvdot_detector_node]: Stage timers: detection=190 lidar_detection=190 tracking=190 classification=190 vis=0
[lvdot_detector_main-8] [INFO] [1776994975.484051442] [lvdot_detector_node]: Processing phases: detection=idle lidar_detection=idle tracking=idle classification=idle
[lvdot_detector_main-8] [INFO] [1776994975.484059079] [lvdot_detector_node]: Pipeline stats: depth_samples=1410/71300 u_map=3 depth_boxes=0 u_map_merge=0 u_map_db=0 u_map_visual=0 u_map_fused=0 u_map_filtered=0 lidar_samples=3422/107952 uv=1 db=11 lidar=3 fused=4 filtered=4 tracks=5 dynamic=0 dyn_points=0 raw_dyn_points=0 service=0/0 split=4->0 (4 outputs) fusion_components=4 visual_only=1 lidar_only=3 yolo_in=2 yolo_match3d=0 yolo_match_det=0 yolo_human=0 fixed_size=0 size_reject=0
[lvdot_detector_main-8] [INFO] [1776994980.993206597] [lvdot_detector_node]: Input health: depth=67 color=66 lidar=67 pose=70 odom=70 yolo=66 depth_pose_sync=0 lidar_pose_sync=0 depth_odom_sync=0 lidar_odom_sync=0
[lvdot_detector_main-8] [INFO] [1776994980.993300565] [lvdot_detector_node]: Stage timers: detection=192 lidar_detection=192 tracking=192 classification=192 vis=0
[lvdot_detector_main-8] [INFO] [1776994980.993310744] [lvdot_detector_node]: Processing phases: detection=idle lidar_detection=idle tracking=idle classification=idle
[lvdot_detector_main-8] [INFO] [1776994980.993317400] [lvdot_detector_node]: Pipeline stats: depth_samples=1240/71300 u_map=3 depth_boxes=0 u_map_merge=0 u_map_db=0 u_map_visual=0 u_map_fused=0 u_map_filtered=0 lidar_samples=3205/142256 uv=1 db=11 lidar=72 fused=73 filtered=74 tracks=21 dynamic=0 dyn_points=0 raw_dyn_points=0 service=0/0 split=73->1 (74 outputs) fusion_components=73 visual_only=1 lidar_only=72 yolo_in=2 yolo_match3d=1 yolo_match_det=2 yolo_human=2 fixed_size=0 size_reject=0
[lvdot_detector_main-8] [INFO] [1776994986.736656862] [lvdot_detector_node]: Input health: depth=69 color=68 lidar=69 pose=72 odom=72 yolo=68 depth_pose_sync=0 lidar_pose_sync=0 depth_odom_sync=0 lidar_odom_sync=0
[lvdot_detector_main-8] [INFO] [1776994986.736790209] [lvdot_detector_node]: Stage timers: detection=194 lidar_detection=194 tracking=194 classification=194 vis=0
[lvdot_detector_main-8] [INFO] [1776994986.736813430] [lvdot_detector_node]: Processing phases: detection=idle lidar_detection=idle tracking=idle classification=idle
[lvdot_detector_main-8] [INFO] [1776994986.736829498] [lvdot_detector_node]: Pipeline stats: depth_samples=1408/71300 u_map=2 depth_boxes=0 u_map_merge=0 u_map_db=0 u_map_visual=0 u_map_fused=0 u_map_filtered=0 lidar_samples=3397/116288 uv=1 db=13 lidar=56 fused=57 filtered=57 tracks=15 dynamic=2 dyn_points=0 raw_dyn_points=0 service=0/0 split=57->0 (57 outputs) fusion_components=57 visual_only=1 lidar_only=56 yolo_in=0 yolo_match3d=0 yolo_match_det=0 yolo_human=0 fixed_size=0 size_reject=0
[lvdot_detector_main-8] [INFO] [1776994992.752725036] [lvdot_detector_node]: Input health: depth=71 color=70 lidar=71 pose=74 odom=74 yolo=70 depth_pose_sync=0 lidar_pose_sync=0 depth_odom_sync=0 lidar_odom_sync=0
[lvdot_detector_main-8] [INFO] [1776994992.752827913] [lvdot_detector_node]: Stage timers: detection=196 lidar_detection=196 tracking=196 classification=196 vis=0
[lvdot_detector_main-8] [INFO] [1776994992.752841630] [lvdot_detector_node]: Processing phases: detection=idle lidar_detection=idle tracking=idle classification=idle
[lvdot_detector_main-8] [INFO] [1776994992.752852015] [lvdot_detector_node]: Pipeline stats: depth_samples=1316/71300 u_map=0 depth_boxes=0 u_map_merge=0 u_map_db=0 u_map_visual=0 u_map_fused=0 u_map_filtered=0 lidar_samples=3420/107877 uv=0 db=9 lidar=11 fused=11 filtered=11 tracks=4 dynamic=0 dyn_points=0 raw_dyn_points=0 service=0/0 split=11->0 (11 outputs) fusion_components=11 visual_only=0 lidar_only=11 yolo_in=0 yolo_match3d=0 yolo_match_det=0 yolo_human=0 fixed_size=0 size_reject=0
[lvdot_detector_main-8] [INFO] [1776994998.375304392] [lvdot_detector_node]: Input health: depth=73 color=72 lidar=73 pose=76 odom=76 yolo=72 depth_pose_sync=0 lidar_pose_sync=0 depth_odom_sync=0 lidar_odom_sync=0
[lvdot_detector_main-8] [INFO] [1776994998.375410897] [lvdot_detector_node]: Stage timers: detection=198 lidar_detection=198 tracking=198 classification=198 vis=0
[lvdot_detector_main-8] [INFO] [1776994998.375423646] [lvdot_detector_node]: Processing phases: detection=idle lidar_detection=idle tracking=idle classification=idle
[lvdot_detector_main-8] [INFO] [1776994998.375433159] [lvdot_detector_node]: Pipeline stats: depth_samples=1424/71300 u_map=4 depth_boxes=0 u_map_merge=0 u_map_db=0 u_map_visual=0 u_map_fused=0 u_map_filtered=0 lidar_samples=3463/133939 uv=2 db=12 lidar=76 fused=77 filtered=77 tracks=26 dynamic=0 dyn_points=0 raw_dyn_points=0 service=0/0 split=77->1 (77 outputs) fusion_components=77 visual_only=1 lidar_only=75 yolo_in=2 yolo_match3d=1 yolo_match_det=2 yolo_human=1 fixed_size=0 size_reject=0
[lvdot_detector_main-8] [INFO] [1776995004.662227785] [lvdot_detector_node]: Input health: depth=75 color=74 lidar=75 pose=78 odom=78 yolo=74 depth_pose_sync=0 lidar_pose_sync=0 depth_odom_sync=0 lidar_odom_sync=0
[lvdot_detector_main-8] [INFO] [1776995004.662330824] [lvdot_detector_node]: Stage timers: detection=200 lidar_detection=200 tracking=200 classification=200 vis=0
[lvdot_detector_main-8] [INFO] [1776995004.662346789] [lvdot_detector_node]: Processing phases: detection=idle lidar_detection=idle tracking=idle classification=idle
[lvdot_detector_main-8] [INFO] [1776995004.662357563] [lvdot_detector_node]: Pipeline stats: depth_samples=1474/71300 u_map=2 depth_boxes=0 u_map_merge=0 u_map_db=0 u_map_visual=0 u_map_fused=0 u_map_filtered=0 lidar_samples=3254/140583 uv=2 db=9 lidar=3 fused=5 filtered=5 tracks=63 dynamic=1 dyn_points=0 raw_dyn_points=0 service=0/0 split=5->0 (5 outputs) fusion_components=5 visual_only=2 lidar_only=3 yolo_in=1 yolo_match3d=1 yolo_match_det=1 yolo_human=1 fixed_size=0 size_reject=0
[lvdot_detector_main-8] [INFO] [1776995010.247852583] [lvdot_detector_node]: Input health: depth=77 color=76 lidar=77 pose=80 odom=80 yolo=76 depth_pose_sync=0 lidar_pose_sync=0 depth_odom_sync=0 lidar_odom_sync=0
[lvdot_detector_main-8] [INFO] [1776995010.247935331] [lvdot_detector_node]: Stage timers: detection=202 lidar_detection=202 tracking=202 classification=202 vis=0
[lvdot_detector_main-8] [INFO] [1776995010.247945516] [lvdot_detector_node]: Processing phases: detection=idle lidar_detection=idle tracking=idle classification=idle
[lvdot_detector_main-8] [INFO] [1776995010.247952860] [lvdot_detector_node]: Pipeline stats: depth_samples=1316/71300 u_map=0 depth_boxes=0 u_map_merge=0 u_map_db=0 u_map_visual=0 u_map_fused=0 u_map_filtered=0 lidar_samples=3396/108013 uv=0 db=9 lidar=6 fused=6 filtered=6 tracks=27 dynamic=1 dyn_points=0 raw_dyn_points=0 service=0/0 split=6->0 (6 outputs) fusion_components=6 visual_only=0 lidar_only=6 yolo_in=0 yolo_match3d=0 yolo_match_det=0 yolo_human=0 fixed_size=0 size_reject=0
[lvdot_detector_main-8] [INFO] [1776995015.812907133] [lvdot_detector_node]: Input health: depth=79 color=78 lidar=79 pose=82 odom=82 yolo=78 depth_pose_sync=0 lidar_pose_sync=0 depth_odom_sync=0 lidar_odom_sync=0
[lvdot_detector_main-8] [INFO] [1776995015.812989195] [lvdot_detector_node]: Stage timers: detection=204 lidar_detection=204 tracking=204 classification=204 vis=0
[lvdot_detector_main-8] [INFO] [1776995015.812999380] [lvdot_detector_node]: Processing phases: detection=idle lidar_detection=idle tracking=idle classification=idle
[lvdot_detector_main-8] [INFO] [1776995015.813006234] [lvdot_detector_node]: Pipeline stats: depth_samples=1264/71300 u_map=3 depth_boxes=0 u_map_merge=0 u_map_db=0 u_map_visual=0 u_map_fused=0 u_map_filtered=0 lidar_samples=3339/138527 uv=2 db=7 lidar=62 fused=63 filtered=63 tracks=8 dynamic=0 dyn_points=0 raw_dyn_points=0 service=0/0 split=63->0 (63 outputs) fusion_components=63 visual_only=1 lidar_only=61 yolo_in=2 yolo_match3d=2 yolo_match_det=2 yolo_human=2 fixed_size=0 size_reject=0
[lvdot_detector_main-8] [INFO] [1776995021.148677280] [lvdot_detector_node]: Input health: depth=81 color=80 lidar=81 pose=84 odom=84 yolo=80 depth_pose_sync=0 lidar_pose_sync=0 depth_odom_sync=0 lidar_odom_sync=0
[lvdot_detector_main-8] [INFO] [1776995021.148751075] [lvdot_detector_node]: Stage timers: detection=206 lidar_detection=206 tracking=206 classification=206 vis=0
[lvdot_detector_main-8] [INFO] [1776995021.148760778] [lvdot_detector_node]: Processing phases: detection=idle lidar_detection=idle tracking=idle classification=idle
[lvdot_detector_main-8] [INFO] [1776995021.148767246] [lvdot_detector_node]: Pipeline stats: depth_samples=1318/71300 u_map=3 depth_boxes=0 u_map_merge=0 u_map_db=0 u_map_visual=0 u_map_fused=0 u_map_filtered=0 lidar_samples=3065/147412 uv=1 db=12 lidar=20 fused=21 filtered=21 tracks=19 dynamic=1 dyn_points=0 raw_dyn_points=0 service=0/0 split=21->1 (21 outputs) fusion_components=21 visual_only=1 lidar_only=20 yolo_in=3 yolo_match3d=2 yolo_match_det=3 yolo_human=2 fixed_size=0 size_reject=1
[lvdot_detector_main-8] [INFO] [1776995027.319839125] [lvdot_detector_node]: Input health: depth=83 color=82 lidar=83 pose=86 odom=86 yolo=82 depth_pose_sync=0 lidar_pose_sync=0 depth_odom_sync=0 lidar_odom_sync=0
[lvdot_detector_main-8] [INFO] [1776995027.319915718] [lvdot_detector_node]: Stage timers: detection=208 lidar_detection=208 tracking=208 classification=208 vis=0
[lvdot_detector_main-8] [INFO] [1776995027.319927780] [lvdot_detector_node]: Processing phases: detection=idle lidar_detection=idle tracking=idle classification=idle
[lvdot_detector_main-8] [INFO] [1776995027.320006335] [lvdot_detector_node]: Pipeline stats: depth_samples=1322/71300 u_map=0 depth_boxes=0 u_map_merge=0 u_map_db=0 u_map_visual=0 u_map_fused=0 u_map_filtered=0 lidar_samples=3370/107895 uv=0 db=14 lidar=4 fused=4 filtered=4 tracks=7 dynamic=0 dyn_points=0 raw_dyn_points=0 service=0/0 split=4->0 (4 outputs) fusion_components=4 visual_only=0 lidar_only=4 yolo_in=0 yolo_match3d=0 yolo_match_det=0 yolo_human=0 fixed_size=0 size_reject=2
[lvdot_detector_main-8] [INFO] [1776995032.636561381] [lvdot_detector_node]: Input health: depth=85 color=84 lidar=85 pose=88 odom=88 yolo=84 depth_pose_sync=0 lidar_pose_sync=0 depth_odom_sync=0 lidar_odom_sync=0
[lvdot_detector_main-8] [INFO] [1776995032.636639739] [lvdot_detector_node]: Stage timers: detection=210 lidar_detection=210 tracking=210 classification=210 vis=0
[lvdot_detector_main-8] [INFO] [1776995032.636649546] [lvdot_detector_node]: Processing phases: detection=idle lidar_detection=idle tracking=idle classification=idle
[lvdot_detector_main-8] [INFO] [1776995032.636656215] [lvdot_detector_node]: Pipeline stats: depth_samples=1501/71300 u_map=3 depth_boxes=0 u_map_merge=0 u_map_db=0 u_map_visual=0 u_map_fused=0 u_map_filtered=0 lidar_samples=3195/127287 uv=2 db=9 lidar=13 fused=15 filtered=15 tracks=17 dynamic=0 dyn_points=0 raw_dyn_points=0 service=0/0 split=15->1 (15 outputs) fusion_components=15 visual_only=2 lidar_only=13 yolo_in=3 yolo_match3d=2 yolo_match_det=3 yolo_human=2 fixed_size=0 size_reject=0
[lvdot_detector_main-8] [INFO] [1776995038.824661980] [lvdot_detector_node]: Input health: depth=87 color=86 lidar=87 pose=90 odom=90 yolo=86 depth_pose_sync=0 lidar_pose_sync=0 depth_odom_sync=0 lidar_odom_sync=0
[lvdot_detector_main-8] [INFO] [1776995038.824739478] [lvdot_detector_node]: Stage timers: detection=212 lidar_detection=212 tracking=212 classification=212 vis=0
[lvdot_detector_main-8] [INFO] [1776995038.824749667] [lvdot_detector_node]: Processing phases: detection=idle lidar_detection=idle tracking=idle classification=idle
[lvdot_detector_main-8] [INFO] [1776995038.824756428] [lvdot_detector_node]: Pipeline stats: depth_samples=1019/70840 u_map=2 depth_boxes=0 u_map_merge=0 u_map_db=0 u_map_visual=0 u_map_fused=0 u_map_filtered=0 lidar_samples=3365/174856 uv=1 db=7 lidar=23 fused=23 filtered=23 tracks=5 dynamic=1 dyn_points=0 raw_dyn_points=0 service=0/0 split=23->0 (23 outputs) fusion_components=23 visual_only=0 lidar_only=22 yolo_in=1 yolo_match3d=1 yolo_match_det=1 yolo_human=1 fixed_size=0 size_reject=1
[lvdot_detector_main-8] [INFO] [1776995044.590466899] [lvdot_detector_node]: Input health: depth=89 color=88 lidar=89 pose=92 odom=92 yolo=88 depth_pose_sync=0 lidar_pose_sync=0 depth_odom_sync=0 lidar_odom_sync=0
[lvdot_detector_main-8] [INFO] [1776995044.590559364] [lvdot_detector_node]: Stage timers: detection=214 lidar_detection=214 tracking=214 classification=214 vis=0
[lvdot_detector_main-8] [INFO] [1776995044.590570138] [lvdot_detector_node]: Processing phases: detection=idle lidar_detection=idle tracking=idle classification=idle
[lvdot_detector_main-8] [INFO] [1776995044.590577093] [lvdot_detector_node]: Pipeline stats: depth_samples=1322/71300 u_map=0 depth_boxes=0 u_map_merge=0 u_map_db=0 u_map_visual=0 u_map_fused=0 u_map_filtered=0 lidar_samples=3382/108119 uv=0 db=14 lidar=6 fused=6 filtered=6 tracks=61 dynamic=0 dyn_points=0 raw_dyn_points=0 service=0/0 split=6->0 (6 outputs) fusion_components=6 visual_only=0 lidar_only=6 yolo_in=0 yolo_match3d=0 yolo_match_det=0 yolo_human=0 fixed_size=0 size_reject=1
[lvdot_detector_main-8] [INFO] [1776995049.765090469] [lvdot_detector_node]: Input health: depth=91 color=90 lidar=91 pose=94 odom=94 yolo=90 depth_pose_sync=0 lidar_pose_sync=0 depth_odom_sync=0 lidar_odom_sync=0
[lvdot_detector_main-8] [INFO] [1776995049.765182837] [lvdot_detector_node]: Stage timers: detection=216 lidar_detection=216 tracking=216 classification=216 vis=0
[lvdot_detector_main-8] [INFO] [1776995049.765195374] [lvdot_detector_node]: Processing phases: detection=idle lidar_detection=idle tracking=idle classification=idle
[lvdot_detector_main-8] [INFO] [1776995049.765202035] [lvdot_detector_node]: Pipeline stats: depth_samples=1475/71300 u_map=3 depth_boxes=0 u_map_merge=0 u_map_db=0 u_map_visual=0 u_map_fused=0 u_map_filtered=0 lidar_samples=3186/132047 uv=0 db=11 lidar=15 fused=15 filtered=15 tracks=9 dynamic=0 dyn_points=0 raw_dyn_points=0 service=0/0 split=15->0 (15 outputs) fusion_components=15 visual_only=0 lidar_only=15 yolo_in=3 yolo_match3d=1 yolo_match_det=1 yolo_human=1 fixed_size=0 size_reject=0
[lvdot_detector_main-8] [INFO] [1776995055.704143696] [lvdot_detector_node]: Input health: depth=93 color=92 lidar=93 pose=96 odom=96 yolo=92 depth_pose_sync=0 lidar_pose_sync=0 depth_odom_sync=0 lidar_odom_sync=0
[lvdot_detector_main-8] [INFO] [1776995055.704255714] [lvdot_detector_node]: Stage timers: detection=218 lidar_detection=218 tracking=218 classification=218 vis=0
[lvdot_detector_main-8] [INFO] [1776995055.704270218] [lvdot_detector_node]: Processing phases: detection=idle lidar_detection=idle tracking=idle classification=idle
[lvdot_detector_main-8] [INFO] [1776995055.704280901] [lvdot_detector_node]: Pipeline stats: depth_samples=1063/71300 u_map=1 depth_boxes=0 u_map_merge=0 u_map_db=0 u_map_visual=0 u_map_fused=0 u_map_filtered=0 lidar_samples=3409/138455 uv=0 db=9 lidar=70 fused=70 filtered=70 tracks=19 dynamic=0 dyn_points=0 raw_dyn_points=0 service=0/0 split=70->0 (70 outputs) fusion_components=70 visual_only=0 lidar_only=70 yolo_in=1 yolo_match3d=1 yolo_match_det=1 yolo_human=1 fixed_size=0 size_reject=1
[lvdot_detector_main-8] [INFO] [1776995062.279258171] [lvdot_detector_node]: Input health: depth=95 color=94 lidar=95 pose=98 odom=98 yolo=94 depth_pose_sync=0 lidar_pose_sync=0 depth_odom_sync=0 lidar_odom_sync=0
[lvdot_detector_main-8] [INFO] [1776995062.279336720] [lvdot_detector_node]: Stage timers: detection=220 lidar_detection=220 tracking=220 classification=220 vis=0
[lvdot_detector_main-8] [INFO] [1776995062.279347017] [lvdot_detector_node]: Processing phases: detection=idle lidar_detection=idle tracking=idle classification=idle
[lvdot_detector_main-8] [INFO] [1776995062.279354372] [lvdot_detector_node]: Pipeline stats: depth_samples=1322/71300 u_map=0 depth_boxes=0 u_map_merge=0 u_map_db=0 u_map_visual=0 u_map_fused=0 u_map_filtered=0 lidar_samples=3448/160559 uv=0 db=14 lidar=25 fused=25 filtered=25 tracks=12 dynamic=0 dyn_points=0 raw_dyn_points=0 service=0/0 split=25->0 (25 outputs) fusion_components=25 visual_only=0 lidar_only=25 yolo_in=2 yolo_match3d=0 yolo_match_det=0 yolo_human=0 fixed_size=0 size_reject=1
[lvdot_detector_main-8] [INFO] [1776995068.031923887] [lvdot_detector_node]: Input health: depth=97 color=96 lidar=97 pose=100 odom=100 yolo=96 depth_pose_sync=0 lidar_pose_sync=0 depth_odom_sync=0 lidar_odom_sync=0
[lvdot_detector_main-8] [INFO] [1776995068.032003245] [lvdot_detector_node]: Stage timers: detection=222 lidar_detection=222 tracking=222 classification=222 vis=0
[lvdot_detector_main-8] [INFO] [1776995068.032012944] [lvdot_detector_node]: Processing phases: detection=idle lidar_detection=idle tracking=idle classification=idle
[lvdot_detector_main-8] [INFO] [1776995068.032019998] [lvdot_detector_node]: Pipeline stats: depth_samples=1462/71300 u_map=3 depth_boxes=0 u_map_merge=0 u_map_db=0 u_map_visual=0 u_map_fused=0 u_map_filtered=0 lidar_samples=3384/144641 uv=2 db=10 lidar=78 fused=80 filtered=80 tracks=8 dynamic=0 dyn_points=0 raw_dyn_points=0 service=0/0 split=80->0 (80 outputs) fusion_components=80 visual_only=2 lidar_only=78 yolo_in=2 yolo_match3d=2 yolo_match_det=2 yolo_human=2 fixed_size=0 size_reject=0
[lvdot_detector_main-8] [INFO] [1776995078.798099869] [lvdot_detector_node]: Input health: depth=101 color=100 lidar=101 pose=104 odom=104 yolo=100 depth_pose_sync=0 lidar_pose_sync=0 depth_odom_sync=0 lidar_odom_sync=0
[lvdot_detector_main-8] [INFO] [1776995078.798217504] [lvdot_detector_node]: Stage timers: detection=226 lidar_detection=226 tracking=226 classification=226 vis=0
[lvdot_detector_main-8] [INFO] [1776995078.798244341] [lvdot_detector_node]: Processing phases: detection=idle lidar_detection=idle tracking=idle classification=idle
[lvdot_detector_main-8] [INFO] [1776995078.798255214] [lvdot_detector_node]: Pipeline stats: depth_samples=1322/71300 u_map=0 depth_boxes=0 u_map_merge=0 u_map_db=0 u_map_visual=0 u_map_fused=0 u_map_filtered=0 lidar_samples=3362/107694 uv=0 db=14 lidar=4 fused=4 filtered=4 tracks=5 dynamic=0 dyn_points=0 raw_dyn_points=0 service=0/0 split=4->0 (4 outputs) fusion_components=4 visual_only=0 lidar_only=4 yolo_in=0 yolo_match3d=0 yolo_match_det=0 yolo_human=0 fixed_size=0 size_reject=0
[lvdot_detector_main-8] [INFO] [1776995084.072205367] [lvdot_detector_node]: Input health: depth=103 color=102 lidar=103 pose=106 odom=106 yolo=102 depth_pose_sync=0 lidar_pose_sync=0 depth_odom_sync=0 lidar_odom_sync=0
[lvdot_detector_main-8] [INFO] [1776995084.072307871] [lvdot_detector_node]: Stage timers: detection=228 lidar_detection=228 tracking=228 classification=228 vis=0
[lvdot_detector_main-8] [INFO] [1776995084.072322962] [lvdot_detector_node]: Processing phases: detection=idle lidar_detection=idle tracking=idle classification=idle
[lvdot_detector_main-8] [INFO] [1776995084.072334722] [lvdot_detector_node]: Pipeline stats: depth_samples=1466/71300 u_map=2 depth_boxes=0 u_map_merge=0 u_map_db=0 u_map_visual=0 u_map_fused=0 u_map_filtered=0 lidar_samples=3346/117802 uv=1 db=10 lidar=15 fused=16 filtered=16 tracks=9 dynamic=0 dyn_points=0 raw_dyn_points=0 service=0/0 split=16->1 (16 outputs) fusion_components=16 visual_only=1 lidar_only=15 yolo_in=3 yolo_match3d=2 yolo_match_det=3 yolo_human=2 fixed_size=0 size_reject=0
[lvdot_detector_main-8] [INFO] [1776995090.493385451] [lvdot_detector_node]: Input health: depth=105 color=104 lidar=105 pose=108 odom=108 yolo=104 depth_pose_sync=0 lidar_pose_sync=0 depth_odom_sync=0 lidar_odom_sync=0
[lvdot_detector_main-8] [INFO] [1776995090.493466591] [lvdot_detector_node]: Stage timers: detection=230 lidar_detection=230 tracking=230 classification=230 vis=0
[lvdot_detector_main-8] [INFO] [1776995090.493477175] [lvdot_detector_node]: Processing phases: detection=idle lidar_detection=idle tracking=idle classification=idle
[lvdot_detector_main-8] [INFO] [1776995090.493484231] [lvdot_detector_node]: Pipeline stats: depth_samples=1575/71300 u_map=3 depth_boxes=0 u_map_merge=0 u_map_db=0 u_map_visual=0 u_map_fused=0 u_map_filtered=0 lidar_samples=3260/119352 uv=2 db=14 lidar=13 fused=14 filtered=14 tracks=15 dynamic=2 dyn_points=0 raw_dyn_points=0 service=0/0 split=14->0 (14 outputs) fusion_components=14 visual_only=1 lidar_only=12 yolo_in=2 yolo_match3d=2 yolo_match_det=2 yolo_human=2 fixed_size=0 size_reject=0
