[INFO] [launch]: All log files can be found below /home/skbt2/.ros/log/2026-04-24-10-55-05-642191-DESKTOP-90MQDL6-28460
[INFO] [launch]: Default logging verbosity is set to INFO
[INFO] [gazebo-1]: process started with pid [28498]
[INFO] [parameter_bridge-2]: process started with pid [28499]
[INFO] [pedestrian_state_publisher-3]: process started with pid [28500]
[INFO] [uav_trajectory_controller-4]: process started with pid [28501]
[INFO] [image_pointcloud_relay-5]: process started with pid [28502]
[INFO] [image_pointcloud_relay-6]: process started with pid [28503]
[INFO] [lvdot_yolo_node-7]: process started with pid [28504]
[INFO] [lvdot_detector_main-8]: process started with pid [28505]
[parameter_bridge-2] [INFO] [1776999306.161980258] [ros_gz_bridge]: Creating GZ->ROS Bridge: [/rgbd_camera/image (gz.msgs.Image) -> /rgbd_camera/image (sensor_msgs/msg/Image)] (Lazy 0)
[parameter_bridge-2] [INFO] [1776999306.172128115] [ros_gz_bridge]: Creating GZ->ROS Bridge: [/rgbd_camera/camera_info (gz.msgs.CameraInfo) -> /rgbd_camera/camera_info (sensor_msgs/msg/CameraInfo)] (Lazy 0)
[parameter_bridge-2] [INFO] [1776999306.175280428] [ros_gz_bridge]: Creating GZ->ROS Bridge: [/rgbd_camera/depth_image (gz.msgs.Image) -> /rgbd_camera/depth_image (sensor_msgs/msg/Image)] (Lazy 0)
[parameter_bridge-2] [INFO] [1776999306.178255071] [ros_gz_bridge]: Creating GZ->ROS Bridge: [/rgbd_camera/points (gz.msgs.PointCloudPacked) -> /rgbd_camera/points (sensor_msgs/msg/PointCloud2)] (Lazy 0)
[parameter_bridge-2] [INFO] [1776999306.182167022] [ros_gz_bridge]: Creating GZ->ROS Bridge: [/camera/imu (gz.msgs.IMU) -> /camera/imu (sensor_msgs/msg/Imu)] (Lazy 0)
[parameter_bridge-2] [INFO] [1776999306.184942928] [ros_gz_bridge]: Creating ROS->GZ service bridge [/world/pedestrian_prototype/set_pose (ros_gz_interfaces/srv/SetEntityPose -> /)]
[parameter_bridge-2] [INFO] [1776999306.188200780] [ros_gz_bridge]: Creating ROS->GZ service bridge [/world/pedestrian_prototype/set_pose/blocking (ros_gz_interfaces/srv/SetEntityPose -> /)]
[lvdot_detector_main-8] [INFO] [1776999306.961907838] [lvdot_detector_node]: Config loaded: localization_mode=0 dt=0.033 image=640x480 depth_range=[0.50, 5.00] stage_timers=true vis_stage=false executor_threads=1
[lvdot_detector_main-8] [INFO] [1776999307.209662095] [lvdot_detector_node]: LV-DOT ROS2 skeleton started. depth=/camera/depth/image_rect_raw color=/camera/color/image_raw lidar=/pointcloud pose=/mavros/local_position/pose odom=/mavros/local_position/odom yolo=/yolo_detector/detected_bounding_boxes
[lvdot_detector_main-8] [INFO] [1776999307.209747487] [lvdot_detector_node]: Starting executor with executor_threads=1
[lvdot_detector_main-8] [WARN] [1776999307.209846726] [rclcpp]: MultiThreadedExecutor is used with a single thread.
[lvdot_detector_main-8] Use the SingleThreadedExecutor instead.
[gazebo-1] [INFO] [1776999308.752163849] [pedestrian_pose_sync_system]: Configured pedestrian pose sync plugin on topic [/pedestrian_sim/agent_states] for 8 models.
[lvdot_detector_main-8] [INFO] [1776999311.133288065] [lvdot_detector_node]: Input health: depth=2 color=1 lidar=0 pose=3 odom=3 yolo=0 depth_pose_sync=0 lidar_pose_sync=0 depth_odom_sync=0 lidar_odom_sync=0
[lvdot_detector_main-8] [INFO] [1776999311.134310460] [lvdot_detector_node]: Stage timers: detection=3 lidar_detection=2 tracking=3 classification=3 vis=0
[lvdot_detector_main-8] [INFO] [1776999311.134351123] [lvdot_detector_node]: Processing phases: detection=idle lidar_detection=waiting_new_lidar tracking=waiting_filtered_bboxes classification=waiting_new_tracking_update
[lvdot_detector_main-8] [INFO] [1776999311.134366284] [lvdot_detector_node]: Pipeline stats: depth_samples=1366/71300 u_map=2 depth_boxes=0 u_map_merge=0 u_map_db=0 u_map_visual=0 u_map_fused=0 u_map_filtered=0 lidar_samples=0/0 uv=2 db=10 lidar=0 fused=2 filtered=2 tracks=0 dynamic=0 dyn_points=0 raw_dyn_points=0 service=0/0 split=2->0 (2 outputs) fusion_components=2 visual_only=2 lidar_only=0 yolo_in=0 yolo_match3d=0 yolo_match_det=0 yolo_human=0 fixed_size=0 size_reject=0
[lvdot_detector_main-8] [INFO] [1776999321.634142286] [lvdot_detector_node]: Input health: depth=7 color=6 lidar=1 pose=8 odom=8 yolo=3 depth_pose_sync=0 lidar_pose_sync=0 depth_odom_sync=0 lidar_odom_sync=0
[lvdot_detector_main-8] [INFO] [1776999321.635252418] [lvdot_detector_node]: Stage timers: detection=8 lidar_detection=5 tracking=8 classification=8 vis=0
[lvdot_detector_main-8] [INFO] [1776999321.635297845] [lvdot_detector_node]: Processing phases: detection=idle lidar_detection=idle tracking=idle classification=idle
[lvdot_detector_main-8] [INFO] [1776999321.635332826] [lvdot_detector_node]: Pipeline stats: depth_samples=1169/71300 u_map=2 depth_boxes=0 u_map_merge=0 u_map_db=0 u_map_visual=0 u_map_fused=0 u_map_filtered=0 lidar_samples=3238/119185 uv=1 db=8 lidar=15 fused=16 filtered=16 tracks=3 dynamic=0 dyn_points=0 raw_dyn_points=0 service=0/0 split=16->0 (16 outputs) fusion_components=16 visual_only=1 lidar_only=15 yolo_in=3 yolo_match3d=2 yolo_match_det=2 yolo_human=2 fixed_size=0 size_reject=0
[lvdot_detector_main-8] [INFO] [1776999330.928789430] [lvdot_detector_node]: Input health: depth=10 color=9 lidar=2 pose=11 odom=11 yolo=6 depth_pose_sync=0 lidar_pose_sync=0 depth_odom_sync=0 lidar_odom_sync=0
[lvdot_detector_main-8] [INFO] [1776999330.928863045] [lvdot_detector_node]: Stage timers: detection=11 lidar_detection=8 tracking=11 classification=11 vis=0
[lvdot_detector_main-8] [INFO] [1776999330.928874531] [lvdot_detector_node]: Processing phases: detection=idle lidar_detection=waiting_new_lidar tracking=idle classification=idle
[lvdot_detector_main-8] [INFO] [1776999330.928883521] [lvdot_detector_node]: Pipeline stats: depth_samples=985/71068 u_map=2 depth_boxes=0 u_map_merge=0 u_map_db=0 u_map_visual=0 u_map_fused=0 u_map_filtered=0 lidar_samples=3193/126396 uv=2 db=7 lidar=19 fused=21 filtered=21 tracks=20 dynamic=1 dyn_points=0 raw_dyn_points=0 service=0/0 split=21->0 (21 outputs) fusion_components=21 visual_only=2 lidar_only=19 yolo_in=4 yolo_match3d=4 yolo_match_det=4 yolo_human=4 fixed_size=0 size_reject=0
[lvdot_detector_main-8] [INFO] [1776999336.653883912] [lvdot_detector_node]: Input health: depth=14 color=13 lidar=2 pose=15 odom=15 yolo=10 depth_pose_sync=0 lidar_pose_sync=0 depth_odom_sync=0 lidar_odom_sync=0
[lvdot_detector_main-8] [INFO] [1776999336.654395298] [lvdot_detector_node]: Stage timers: detection=15 lidar_detection=10 tracking=15 classification=15 vis=0
[lvdot_detector_main-8] [INFO] [1776999336.654408636] [lvdot_detector_node]: Processing phases: detection=idle lidar_detection=waiting_new_lidar tracking=idle classification=idle
[lvdot_detector_main-8] [INFO] [1776999336.654418064] [lvdot_detector_node]: Pipeline stats: depth_samples=1547/71300 u_map=2 depth_boxes=0 u_map_merge=0 u_map_db=0 u_map_visual=0 u_map_fused=0 u_map_filtered=0 lidar_samples=3193/126396 uv=2 db=7 lidar=19 fused=21 filtered=21 tracks=21 dynamic=2 dyn_points=0 raw_dyn_points=0 service=0/0 split=21->0 (21 outputs) fusion_components=21 visual_only=2 lidar_only=19 yolo_in=1 yolo_match3d=0 yolo_match_det=0 yolo_human=0 fixed_size=0 size_reject=0
[lvdot_detector_main-8] [INFO] [1776999344.190270529] [lvdot_detector_node]: Input health: depth=19 color=18 lidar=2 pose=20 odom=20 yolo=15 depth_pose_sync=0 lidar_pose_sync=0 depth_odom_sync=0 lidar_odom_sync=0
[lvdot_detector_main-8] [INFO] [1776999344.190357608] [lvdot_detector_node]: Stage timers: detection=20 lidar_detection=15 tracking=20 classification=20 vis=0
[lvdot_detector_main-8] [INFO] [1776999344.190379202] [lvdot_detector_node]: Processing phases: detection=idle lidar_detection=waiting_new_lidar tracking=idle classification=idle
[lvdot_detector_main-8] [INFO] [1776999344.190395272] [lvdot_detector_node]: Pipeline stats: depth_samples=1489/71300 u_map=2 depth_boxes=0 u_map_merge=0 u_map_db=0 u_map_visual=0 u_map_fused=0 u_map_filtered=0 lidar_samples=3193/126396 uv=0 db=12 lidar=19 fused=19 filtered=19 tracks=21 dynamic=0 dyn_points=0 raw_dyn_points=0 service=0/0 split=19->0 (19 outputs) fusion_components=19 visual_only=0 lidar_only=19 yolo_in=5 yolo_match3d=0 yolo_match_det=0 yolo_human=0 fixed_size=19 size_reject=0
[lvdot_detector_main-8] [INFO] [1776999352.038354932] [lvdot_detector_node]: Input health: depth=22 color=21 lidar=3 pose=23 odom=23 yolo=18 depth_pose_sync=0 lidar_pose_sync=0 depth_odom_sync=0 lidar_odom_sync=0
[lvdot_detector_main-8] [INFO] [1776999352.039910233] [lvdot_detector_node]: Stage timers: detection=23 lidar_detection=17 tracking=23 classification=23 vis=0
[lvdot_detector_main-8] [INFO] [1776999352.040853832] [lvdot_detector_node]: Processing phases: detection=idle lidar_detection=waiting_new_lidar tracking=idle classification=idle
[lvdot_detector_main-8] [INFO] [1776999352.041398542] [lvdot_detector_node]: Pipeline stats: depth_samples=1098/71300 u_map=1 depth_boxes=0 u_map_merge=0 u_map_db=0 u_map_visual=0 u_map_fused=0 u_map_filtered=0 lidar_samples=3338/120430 uv=1 db=13 lidar=17 fused=18 filtered=19 tracks=19 dynamic=0 dyn_points=0 raw_dyn_points=0 service=0/0 split=18->2 (19 outputs) fusion_components=18 visual_only=1 lidar_only=17 yolo_in=5 yolo_match3d=2 yolo_match_det=4 yolo_human=3 fixed_size=0 size_reject=0
[lvdot_detector_main-8] [WARN] [1776999352.144859685] [lvdot_detector_node.rclcpp]: failed to send response to /lvdot_detector_node/get_parameters (timeout): client will not receive response, at ./src/rmw_response.cpp:153, at ./src/rcl/service.c:400
[lvdot_detector_main-8] [INFO] [1776999362.362017770] [lvdot_detector_node]: Input health: depth=26 color=25 lidar=4 pose=27 odom=27 yolo=22 depth_pose_sync=0 lidar_pose_sync=0 depth_odom_sync=0 lidar_odom_sync=0
[lvdot_detector_main-8] [INFO] [1776999362.370755681] [lvdot_detector_node]: Stage timers: detection=27 lidar_detection=20 tracking=27 classification=27 vis=0
[lvdot_detector_main-8] [INFO] [1776999362.370779579] [lvdot_detector_node]: Processing phases: detection=idle lidar_detection=idle tracking=idle classification=idle
[lvdot_detector_main-8] [INFO] [1776999362.370791178] [lvdot_detector_node]: Pipeline stats: depth_samples=1369/71300 u_map=0 depth_boxes=0 u_map_merge=0 u_map_db=0 u_map_visual=0 u_map_fused=0 u_map_filtered=0 lidar_samples=3283/124574 uv=0 db=10 lidar=20 fused=20 filtered=20 tracks=18 dynamic=0 dyn_points=0 raw_dyn_points=0 service=0/0 split=20->0 (20 outputs) fusion_components=20 visual_only=0 lidar_only=20 yolo_in=2 yolo_match3d=2 yolo_match_det=2 yolo_human=2 fixed_size=1 size_reject=1
[lvdot_detector_main-8] [WARN] [1776999362.472445492] [lvdot_detector_node.rclcpp]: failed to send response to /lvdot_detector_node/get_parameters (timeout): client will not receive response, at ./src/rmw_response.cpp:153, at ./src/rcl/service.c:400
[lvdot_detector_main-8] [INFO] [1776999364.064982011] [lvdot_detector_node]: get_dynamic_obstacles responded with 1 obstacles from 1 tracked dynamic boxes.
[lvdot_detector_main-8] [WARN] [1776999364.177799826] [lvdot_detector_node.rclcpp]: failed to send response to /onboard_detector/get_dynamic_obstacles (timeout): client will not receive response, at ./src/rmw_response.cpp:153, at ./src/rcl/service.c:400
[lvdot_detector_main-8] [INFO] [1776999370.087871735] [lvdot_detector_node]: Input health: depth=28 color=27 lidar=5 pose=29 odom=29 yolo=24 depth_pose_sync=0 lidar_pose_sync=0 depth_odom_sync=0 lidar_odom_sync=0
[lvdot_detector_main-8] [INFO] [1776999370.087940338] [lvdot_detector_node]: Stage timers: detection=29 lidar_detection=22 tracking=29 classification=29 vis=0
[lvdot_detector_main-8] [INFO] [1776999370.087951487] [lvdot_detector_node]: Processing phases: detection=idle lidar_detection=idle tracking=idle classification=idle
[lvdot_detector_main-8] [INFO] [1776999370.087962033] [lvdot_detector_node]: Pipeline stats: depth_samples=1449/71300 u_map=2 depth_boxes=0 u_map_merge=0 u_map_db=0 u_map_visual=0 u_map_fused=0 u_map_filtered=0 lidar_samples=3256/131763 uv=2 db=13 lidar=22 fused=24 filtered=25 tracks=21 dynamic=1 dyn_points=0 raw_dyn_points=0 service=1/1 split=24->1 (25 outputs) fusion_components=24 visual_only=2 lidar_only=22 yolo_in=4 yolo_match3d=3 yolo_match_det=4 yolo_human=4 fixed_size=0 size_reject=1
[lvdot_detector_main-8] [INFO] [1776999375.682130923] [lvdot_detector_node]: get_dynamic_obstacles responded with 4 obstacles from 4 tracked dynamic boxes.
[lvdot_detector_main-8] [WARN] [1776999375.783846565] [lvdot_detector_node.rclcpp]: failed to send response to /onboard_detector/get_dynamic_obstacles (timeout): client will not receive response, at ./src/rmw_response.cpp:153, at ./src/rcl/service.c:400
[lvdot_detector_main-8] [INFO] [1776999377.489806582] [lvdot_detector_node]: Input health: depth=30 color=29 lidar=6 pose=31 odom=31 yolo=26 depth_pose_sync=0 lidar_pose_sync=0 depth_odom_sync=0 lidar_odom_sync=0
[lvdot_detector_main-8] [INFO] [1776999377.489898196] [lvdot_detector_node]: Stage timers: detection=31 lidar_detection=24 tracking=31 classification=31 vis=0
[lvdot_detector_main-8] [INFO] [1776999377.489916116] [lvdot_detector_node]: Processing phases: detection=idle lidar_detection=waiting_new_lidar tracking=idle classification=idle
[lvdot_detector_main-8] [INFO] [1776999377.489927391] [lvdot_detector_node]: Pipeline stats: depth_samples=1441/71300 u_map=2 depth_boxes=0 u_map_merge=0 u_map_db=0 u_map_visual=0 u_map_fused=0 u_map_filtered=0 lidar_samples=3273/125198 uv=2 db=11 lidar=12 fused=14 filtered=14 tracks=13 dynamic=2 dyn_points=0 raw_dyn_points=0 service=2/4 split=14->0 (14 outputs) fusion_components=14 visual_only=2 lidar_only=12 yolo_in=2 yolo_match3d=2 yolo_match_det=2 yolo_human=2 fixed_size=0 size_reject=2
[lvdot_detector_main-8] [INFO] [1776999384.879296594] [lvdot_detector_node]: Input health: depth=35 color=34 lidar=6 pose=36 odom=36 yolo=31 depth_pose_sync=0 lidar_pose_sync=0 depth_odom_sync=0 lidar_odom_sync=0
[lvdot_detector_main-8] [INFO] [1776999384.880331718] [lvdot_detector_node]: Stage timers: detection=36 lidar_detection=27 tracking=36 classification=36 vis=0
[lvdot_detector_main-8] [INFO] [1776999384.881044881] [lvdot_detector_node]: Processing phases: detection=idle lidar_detection=waiting_new_lidar tracking=idle classification=idle
[lvdot_detector_main-8] [INFO] [1776999384.883105709] [lvdot_detector_node]: Pipeline stats: depth_samples=1316/71300 u_map=0 depth_boxes=0 u_map_merge=0 u_map_db=0 u_map_visual=0 u_map_fused=0 u_map_filtered=0 lidar_samples=3273/125198 uv=0 db=9 lidar=12 fused=12 filtered=12 tracks=13 dynamic=1 dyn_points=0 raw_dyn_points=0 service=2/4 split=12->1 (12 outputs) fusion_components=12 visual_only=0 lidar_only=12 yolo_in=4 yolo_match3d=1 yolo_match_det=2 yolo_human=1 fixed_size=0 size_reject=0
[lvdot_detector_main-8] [INFO] [1776999384.884426419] [lvdot_detector_node]: get_dynamic_obstacles responded with 1 obstacles from 1 tracked dynamic boxes.
[lvdot_detector_main-8] [WARN] [1776999384.984878215] [lvdot_detector_node.rclcpp]: failed to send response to /onboard_detector/get_dynamic_obstacles (timeout): client will not receive response, at ./src/rmw_response.cpp:153, at ./src/rcl/service.c:400
[uav_trajectory_controller-4] [WARN] [1776999390.215406666] [uav_trajectory_controller]: SetEntityPose request timed out after 0.50s on /world/pedestrian_prototype/set_pose/blocking; dropping the pending request and retrying.
[uav_trajectory_controller-4] [WARN] [1776999390.217711156] [uav_trajectory_controller]: Falling back from /world/pedestrian_prototype/set_pose/blocking to /world/pedestrian_prototype/set_pose.
[lvdot_detector_main-8] [INFO] [1776999390.989042290] [lvdot_detector_node]: Input health: depth=39 color=38 lidar=6 pose=40 odom=40 yolo=35 depth_pose_sync=0 lidar_pose_sync=0 depth_odom_sync=0 lidar_odom_sync=0
[lvdot_detector_main-8] [INFO] [1776999390.989111721] [lvdot_detector_node]: Stage timers: detection=40 lidar_detection=30 tracking=40 classification=40 vis=0
[lvdot_detector_main-8] [INFO] [1776999390.989122846] [lvdot_detector_node]: Processing phases: detection=idle lidar_detection=waiting_new_lidar tracking=idle classification=idle
[lvdot_detector_main-8] [INFO] [1776999390.989153937] [lvdot_detector_node]: Pipeline stats: depth_samples=1044/66225 u_map=1 depth_boxes=0 u_map_merge=0 u_map_db=0 u_map_visual=0 u_map_fused=0 u_map_filtered=0 lidar_samples=3273/125198 uv=0 db=9 lidar=12 fused=12 filtered=13 tracks=14 dynamic=0 dyn_points=0 raw_dyn_points=0 service=3/1 split=12->1 (13 outputs) fusion_components=12 visual_only=0 lidar_only=12 yolo_in=5 yolo_match3d=3 yolo_match_det=4 yolo_human=4 fixed_size=10 size_reject=0
[lvdot_detector_main-8] [INFO] [1776999392.245324071] [lvdot_detector_node]: get_dynamic_obstacles responded with 1 obstacles from 1 tracked dynamic boxes.
[lvdot_detector_main-8] [WARN] [1776999392.354810437] [lvdot_detector_node.rclcpp]: failed to send response to /onboard_detector/get_dynamic_obstacles (timeout): client will not receive response, at ./src/rmw_response.cpp:153, at ./src/rcl/service.c:400
[lvdot_detector_main-8] [INFO] [1776999397.342049714] [lvdot_detector_node]: Input health: depth=43 color=42 lidar=6 pose=44 odom=44 yolo=39 depth_pose_sync=0 lidar_pose_sync=0 depth_odom_sync=0 lidar_odom_sync=0
[lvdot_detector_main-8] [INFO] [1776999397.343095913] [lvdot_detector_node]: Stage timers: detection=44 lidar_detection=32 tracking=44 classification=44 vis=0
[lvdot_detector_main-8] [INFO] [1776999397.343120921] [lvdot_detector_node]: Processing phases: detection=idle lidar_detection=waiting_new_lidar tracking=idle classification=idle
[lvdot_detector_main-8] [INFO] [1776999397.343135025] [lvdot_detector_node]: Pipeline stats: depth_samples=1474/71300 u_map=3 depth_boxes=0 u_map_merge=0 u_map_db=0 u_map_visual=0 u_map_fused=0 u_map_filtered=0 lidar_samples=3273/125198 uv=2 db=13 lidar=12 fused=14 filtered=14 tracks=12 dynamic=0 dyn_points=0 raw_dyn_points=0 service=4/1 split=14->0 (14 outputs) fusion_components=14 visual_only=2 lidar_only=12 yolo_in=0 yolo_match3d=0 yolo_match_det=0 yolo_human=0 fixed_size=11 size_reject=0
[lvdot_detector_main-8] [INFO] [1776999398.879462648] [lvdot_detector_node]: get_dynamic_obstacles responded with 0 obstacles from 0 tracked dynamic boxes.
[lvdot_detector_main-8] [WARN] [1776999398.979707266] [lvdot_detector_node.rclcpp]: failed to send response to /onboard_detector/get_dynamic_obstacles (timeout): client will not receive response, at ./src/rmw_response.cpp:153, at ./src/rcl/service.c:400
[lvdot_detector_main-8] [INFO] [1776999406.224191626] [lvdot_detector_node]: Input health: depth=49 color=48 lidar=6 pose=50 odom=50 yolo=45 depth_pose_sync=0 lidar_pose_sync=0 depth_odom_sync=0 lidar_odom_sync=0
[lvdot_detector_main-8] [INFO] [1776999406.225072365] [lvdot_detector_node]: Stage timers: detection=50 lidar_detection=36 tracking=50 classification=50 vis=0
[lvdot_detector_main-8] [INFO] [1776999406.225093242] [lvdot_detector_node]: Processing phases: detection=idle lidar_detection=waiting_new_lidar tracking=idle classification=idle
[lvdot_detector_main-8] [INFO] [1776999406.225102677] [lvdot_detector_node]: Pipeline stats: depth_samples=1521/71300 u_map=3 depth_boxes=0 u_map_merge=0 u_map_db=0 u_map_visual=0 u_map_fused=0 u_map_filtered=0 lidar_samples=3273/125198 uv=1 db=11 lidar=12 fused=13 filtered=13 tracks=14 dynamic=0 dyn_points=0 raw_dyn_points=0 service=5/0 split=13->0 (13 outputs) fusion_components=13 visual_only=1 lidar_only=12 yolo_in=4 yolo_match3d=1 yolo_match_det=1 yolo_human=1 fixed_size=11 size_reject=1
[lvdot_detector_main-8] [INFO] [1776999406.225673276] [lvdot_detector_node]: get_dynamic_obstacles responded with 0 obstacles from 0 tracked dynamic boxes.
[lvdot_detector_main-8] [INFO] [1776999413.732675577] [lvdot_detector_node]: Input health: depth=54 color=53 lidar=6 pose=55 odom=55 yolo=50 depth_pose_sync=0 lidar_pose_sync=0 depth_odom_sync=0 lidar_odom_sync=0
[lvdot_detector_main-8] [INFO] [1776999413.733222014] [lvdot_detector_node]: Stage timers: detection=55 lidar_detection=38 tracking=55 classification=55 vis=0
[lvdot_detector_main-8] [INFO] [1776999413.733296602] [lvdot_detector_node]: Processing phases: detection=idle lidar_detection=waiting_new_lidar tracking=idle classification=idle
[lvdot_detector_main-8] [INFO] [1776999413.733335001] [lvdot_detector_node]: Pipeline stats: depth_samples=935/71300 u_map=2 depth_boxes=0 u_map_merge=0 u_map_db=0 u_map_visual=0 u_map_fused=0 u_map_filtered=0 lidar_samples=3273/125198 uv=0 db=9 lidar=12 fused=12 filtered=12 tracks=13 dynamic=0 dyn_points=0 raw_dyn_points=0 service=6/0 split=12->0 (12 outputs) fusion_components=12 visual_only=0 lidar_only=12 yolo_in=1 yolo_match3d=0 yolo_match_det=0 yolo_human=0 fixed_size=12 size_reject=0
[lvdot_detector_main-8] [INFO] [1776999415.276337525] [lvdot_detector_node]: get_dynamic_obstacles responded with 0 obstacles from 0 tracked dynamic boxes.
[lvdot_detector_main-8] [WARN] [1776999415.378276717] [lvdot_detector_node.rclcpp]: failed to send response to /onboard_detector/get_dynamic_obstacles (timeout): client will not receive response, at ./src/rmw_response.cpp:153, at ./src/rcl/service.c:400
[lvdot_detector_main-8] [INFO] [1776999420.328572188] [lvdot_detector_node]: Input health: depth=58 color=57 lidar=6 pose=59 odom=59 yolo=54 depth_pose_sync=0 lidar_pose_sync=0 depth_odom_sync=0 lidar_odom_sync=0
[lvdot_detector_main-8] [INFO] [1776999420.336203960] [lvdot_detector_node]: Stage timers: detection=59 lidar_detection=41 tracking=59 classification=59 vis=0
[lvdot_detector_main-8] [INFO] [1776999420.336232046] [lvdot_detector_node]: Processing phases: detection=idle lidar_detection=waiting_new_lidar tracking=idle classification=idle
[lvdot_detector_main-8] [INFO] [1776999420.336244154] [lvdot_detector_node]: Pipeline stats: depth_samples=974/71300 u_map=0 depth_boxes=0 u_map_merge=0 u_map_db=0 u_map_visual=0 u_map_fused=0 u_map_filtered=0 lidar_samples=3273/125198 uv=0 db=9 lidar=12 fused=12 filtered=12 tracks=14 dynamic=3 dyn_points=0 raw_dyn_points=0 service=7/0 split=12->0 (12 outputs) fusion_components=12 visual_only=0 lidar_only=12 yolo_in=5 yolo_match3d=1 yolo_match_det=1 yolo_human=1 fixed_size=11 size_reject=0
[lvdot_detector_main-8] [INFO] [1776999421.578710198] [lvdot_detector_node]: get_dynamic_obstacles responded with 3 obstacles from 3 tracked dynamic boxes.
[lvdot_detector_main-8] [WARN] [1776999421.696500217] [lvdot_detector_node.rclcpp]: failed to send response to /onboard_detector/get_dynamic_obstacles (timeout): client will not receive response, at ./src/rmw_response.cpp:153, at ./src/rcl/service.c:400
[lvdot_detector_main-8] [INFO] [1776999426.364217903] [lvdot_detector_node]: get_dynamic_obstacles responded with 1 obstacles from 1 tracked dynamic boxes.
[lvdot_detector_main-8] [INFO] [1776999428.093960183] [lvdot_detector_node]: Input health: depth=63 color=62 lidar=6 pose=64 odom=64 yolo=59 depth_pose_sync=0 lidar_pose_sync=0 depth_odom_sync=0 lidar_odom_sync=0
[lvdot_detector_main-8] [INFO] [1776999428.104608941] [lvdot_detector_node]: Stage timers: detection=64 lidar_detection=44 tracking=64 classification=64 vis=0
[lvdot_detector_main-8] [INFO] [1776999428.104635357] [lvdot_detector_node]: Processing phases: detection=idle lidar_detection=waiting_new_lidar tracking=idle classification=idle
[lvdot_detector_main-8] [INFO] [1776999428.104645764] [lvdot_detector_node]: Pipeline stats: depth_samples=1356/71300 u_map=3 depth_boxes=0 u_map_merge=0 u_map_db=0 u_map_visual=0 u_map_fused=0 u_map_filtered=0 lidar_samples=3273/125198 uv=1 db=9 lidar=12 fused=13 filtered=13 tracks=13 dynamic=0 dyn_points=0 raw_dyn_points=0 service=9/1 split=13->0 (13 outputs) fusion_components=13 visual_only=1 lidar_only=12 yolo_in=0 yolo_match3d=0 yolo_match_det=0 yolo_human=0 fixed_size=10 size_reject=0
[lvdot_detector_main-8] [INFO] [1776999439.509878185] [lvdot_detector_node]: Input health: depth=67 color=66 lidar=7 pose=68 odom=68 yolo=63 depth_pose_sync=0 lidar_pose_sync=0 depth_odom_sync=0 lidar_odom_sync=0
[lvdot_detector_main-8] [INFO] [1776999439.511061160] [lvdot_detector_node]: Stage timers: detection=68 lidar_detection=47 tracking=68 classification=68 vis=0
[lvdot_detector_main-8] [INFO] [1776999439.512016038] [lvdot_detector_node]: Processing phases: detection=idle lidar_detection=idle tracking=idle classification=idle
[lvdot_detector_main-8] [INFO] [1776999439.512470225] [lvdot_detector_node]: Pipeline stats: depth_samples=1088/69460 u_map=2 depth_boxes=0 u_map_merge=0 u_map_db=0 u_map_visual=0 u_map_fused=0 u_map_filtered=0 lidar_samples=3220/133698 uv=0 db=12 lidar=12 fused=12 filtered=12 tracks=13 dynamic=0 dyn_points=0 raw_dyn_points=0 service=9/1 split=12->0 (12 outputs) fusion_components=12 visual_only=0 lidar_only=12 yolo_in=4 yolo_match3d=1 yolo_match_det=1 yolo_human=1 fixed_size=10 size_reject=0
[lvdot_detector_main-8] [INFO] [1776999442.521036298] [lvdot_detector_node]: get_dynamic_obstacles responded with 1 obstacles from 1 tracked dynamic boxes.
[lvdot_detector_main-8] [WARN] [1776999442.626378885] [lvdot_detector_node.rclcpp]: failed to send response to /onboard_detector/get_dynamic_obstacles (timeout): client will not receive response, at ./src/rmw_response.cpp:153, at ./src/rcl/service.c:400
[lvdot_detector_main-8] [INFO] [1776999448.840044099] [lvdot_detector_node]: Input health: depth=70 color=69 lidar=9 pose=71 odom=71 yolo=66 depth_pose_sync=0 lidar_pose_sync=0 depth_odom_sync=0 lidar_odom_sync=0
[lvdot_detector_main-8] [INFO] [1776999448.841200759] [lvdot_detector_node]: Stage timers: detection=71 lidar_detection=49 tracking=71 classification=71 vis=0
[lvdot_detector_main-8] [INFO] [1776999448.841227272] [lvdot_detector_node]: Processing phases: detection=idle lidar_detection=idle tracking=idle classification=idle
[lvdot_detector_main-8] [INFO] [1776999448.841239023] [lvdot_detector_node]: Pipeline stats: depth_samples=1437/71300 u_map=2 depth_boxes=0 u_map_merge=0 u_map_db=0 u_map_visual=0 u_map_fused=0 u_map_filtered=0 lidar_samples=3255/121250 uv=1 db=13 lidar=22 fused=23 filtered=23 tracks=14 dynamic=0 dyn_points=0 raw_dyn_points=0 service=10/1 split=23->0 (23 outputs) fusion_components=23 visual_only=1 lidar_only=22 yolo_in=0 yolo_match3d=0 yolo_match_det=0 yolo_human=0 fixed_size=3 size_reject=0
[lvdot_detector_main-8] [INFO] [1776999450.336855470] [lvdot_detector_node]: get_dynamic_obstacles responded with 0 obstacles from 0 tracked dynamic boxes.
[lvdot_detector_main-8] [WARN] [1776999450.442489443] [lvdot_detector_node.rclcpp]: failed to send response to /onboard_detector/get_dynamic_obstacles (timeout): client will not receive response, at ./src/rmw_response.cpp:153, at ./src/rcl/service.c:400
[lvdot_detector_main-8] [INFO] [1776999455.477103579] [lvdot_detector_node]: Input health: depth=74 color=73 lidar=9 pose=75 odom=75 yolo=70 depth_pose_sync=0 lidar_pose_sync=0 depth_odom_sync=0 lidar_odom_sync=0
[lvdot_detector_main-8] [INFO] [1776999455.482933769] [lvdot_detector_node]: Stage timers: detection=75 lidar_detection=52 tracking=75 classification=75 vis=0
[lvdot_detector_main-8] [INFO] [1776999455.482959310] [lvdot_detector_node]: Processing phases: detection=idle lidar_detection=waiting_new_lidar tracking=idle classification=idle
[lvdot_detector_main-8] [INFO] [1776999455.482972329] [lvdot_detector_node]: Pipeline stats: depth_samples=1322/71300 u_map=0 depth_boxes=0 u_map_merge=0 u_map_db=0 u_map_visual=0 u_map_fused=0 u_map_filtered=0 lidar_samples=3255/121250 uv=0 db=14 lidar=22 fused=22 filtered=22 tracks=24 dynamic=1 dyn_points=0 raw_dyn_points=0 service=11/0 split=22->0 (22 outputs) fusion_components=22 visual_only=0 lidar_only=22 yolo_in=3 yolo_match3d=0 yolo_match_det=0 yolo_human=0 fixed_size=0 size_reject=0
[lvdot_detector_main-8] [INFO] [1776999457.165347318] [lvdot_detector_node]: get_dynamic_obstacles responded with 2 obstacles from 2 tracked dynamic boxes.
[lvdot_detector_main-8] [WARN] [1776999457.266736602] [lvdot_detector_node.rclcpp]: failed to send response to /onboard_detector/get_dynamic_obstacles (timeout): client will not receive response, at ./src/rmw_response.cpp:153, at ./src/rcl/service.c:400
[lvdot_detector_main-8] [INFO] [1776999461.852891996] [lvdot_detector_node]: Input health: depth=78 color=77 lidar=9 pose=79 odom=79 yolo=74 depth_pose_sync=0 lidar_pose_sync=0 depth_odom_sync=0 lidar_odom_sync=0
[lvdot_detector_main-8] [INFO] [1776999461.852961095] [lvdot_detector_node]: Stage timers: detection=79 lidar_detection=55 tracking=79 classification=79 vis=0
[lvdot_detector_main-8] [INFO] [1776999461.852972194] [lvdot_detector_node]: Processing phases: detection=idle lidar_detection=waiting_new_lidar tracking=idle classification=idle
[lvdot_detector_main-8] [INFO] [1776999461.852981494] [lvdot_detector_node]: Pipeline stats: depth_samples=1444/71300 u_map=3 depth_boxes=0 u_map_merge=0 u_map_db=0 u_map_visual=0 u_map_fused=0 u_map_filtered=0 lidar_samples=3255/121250 uv=3 db=11 lidar=22 fused=24 filtered=24 tracks=23 dynamic=0 dyn_points=0 raw_dyn_points=0 service=12/2 split=24->0 (24 outputs) fusion_components=24 visual_only=2 lidar_only=21 yolo_in=1 yolo_match3d=1 yolo_match_det=1 yolo_human=1 fixed_size=0 size_reject=0
[lvdot_detector_main-8] [INFO] [1776999463.244831767] [lvdot_detector_node]: get_dynamic_obstacles responded with 2 obstacles from 2 tracked dynamic boxes.
[lvdot_detector_main-8] [WARN] [1776999463.345043238] [lvdot_detector_node.rclcpp]: failed to send response to /onboard_detector/get_dynamic_obstacles (timeout): client will not receive response, at ./src/rmw_response.cpp:153, at ./src/rcl/service.c:400
[lvdot_detector_main-8] [INFO] [1776999468.262919608] [lvdot_detector_node]: Input health: depth=82 color=81 lidar=9 pose=83 odom=83 yolo=78 depth_pose_sync=0 lidar_pose_sync=0 depth_odom_sync=0 lidar_odom_sync=0
[lvdot_detector_main-8] [INFO] [1776999468.264005749] [lvdot_detector_node]: Stage timers: detection=83 lidar_detection=59 tracking=83 classification=83 vis=0
[lvdot_detector_main-8] [INFO] [1776999468.264029019] [lvdot_detector_node]: Processing phases: detection=idle lidar_detection=waiting_new_lidar tracking=idle classification=idle
[lvdot_detector_main-8] [INFO] [1776999468.264039049] [lvdot_detector_node]: Pipeline stats: depth_samples=1288/71300 u_map=4 depth_boxes=0 u_map_merge=0 u_map_db=0 u_map_visual=0 u_map_fused=0 u_map_filtered=0 lidar_samples=3255/121250 uv=3 db=7 lidar=22 fused=25 filtered=25 tracks=24 dynamic=1 dyn_points=0 raw_dyn_points=0 service=13/2 split=25->0 (25 outputs) fusion_components=25 visual_only=3 lidar_only=22 yolo_in=3 yolo_match3d=3 yolo_match_det=3 yolo_human=3 fixed_size=22 size_reject=0
[lvdot_detector_main-8] [INFO] [1776999473.694266289] [lvdot_detector_node]: get_dynamic_obstacles responded with 2 obstacles from 2 tracked dynamic boxes.
[lvdot_detector_main-8] [INFO] [1776999475.093382412] [lvdot_detector_node]: Input health: depth=84 color=83 lidar=10 pose=85 odom=85 yolo=80 depth_pose_sync=0 lidar_pose_sync=0 depth_odom_sync=0 lidar_odom_sync=0
[lvdot_detector_main-8] [INFO] [1776999475.093471983] [lvdot_detector_node]: Stage timers: detection=85 lidar_detection=61 tracking=85 classification=85 vis=0
[lvdot_detector_main-8] [INFO] [1776999475.093486945] [lvdot_detector_node]: Processing phases: detection=idle lidar_detection=waiting_new_lidar tracking=idle classification=idle
[lvdot_detector_main-8] [INFO] [1776999475.093497991] [lvdot_detector_node]: Pipeline stats: depth_samples=1322/71300 u_map=0 depth_boxes=0 u_map_merge=0 u_map_db=0 u_map_visual=0 u_map_fused=0 u_map_filtered=0 lidar_samples=3141/136684 uv=0 db=14 lidar=12 fused=12 filtered=12 tracks=13 dynamic=3 dyn_points=0 raw_dyn_points=0 service=14/2 split=12->0 (12 outputs) fusion_components=12 visual_only=0 lidar_only=12 yolo_in=3 yolo_match3d=0 yolo_match_det=0 yolo_human=0 fixed_size=0 size_reject=0
[lvdot_detector_main-8] [INFO] [1776999481.533924888] [lvdot_detector_node]: Input health: depth=88 color=87 lidar=10 pose=89 odom=89 yolo=84 depth_pose_sync=0 lidar_pose_sync=0 depth_odom_sync=0 lidar_odom_sync=0
[lvdot_detector_main-8] [INFO] [1776999481.534022934] [lvdot_detector_node]: Stage timers: detection=89 lidar_detection=64 tracking=89 classification=89 vis=0
[lvdot_detector_main-8] [INFO] [1776999481.534035592] [lvdot_detector_node]: Processing phases: detection=idle lidar_detection=waiting_new_lidar tracking=idle classification=idle
[lvdot_detector_main-8] [INFO] [1776999481.534045035] [lvdot_detector_node]: Pipeline stats: depth_samples=1427/71300 u_map=4 depth_boxes=0 u_map_merge=0 u_map_db=0 u_map_visual=0 u_map_fused=0 u_map_filtered=0 lidar_samples=3141/136684 uv=2 db=16 lidar=12 fused=14 filtered=14 tracks=14 dynamic=3 dyn_points=0 raw_dyn_points=0 service=14/2 split=14->0 (14 outputs) fusion_components=14 visual_only=2 lidar_only=12 yolo_in=2 yolo_match3d=1 yolo_match_det=1 yolo_human=1 fixed_size=0 size_reject=0
[lvdot_detector_main-8] [INFO] [1776999481.534691474] [lvdot_detector_node]: get_dynamic_obstacles responded with 3 obstacles from 3 tracked dynamic boxes.
[lvdot_detector_main-8] [WARN] [1776999481.636267383] [lvdot_detector_node.rclcpp]: failed to send response to /onboard_detector/get_dynamic_obstacles (timeout): client will not receive response, at ./src/rmw_response.cpp:153, at ./src/rcl/service.c:400
[lvdot_detector_main-8] [INFO] [1776999488.015804757] [lvdot_detector_node]: Input health: depth=92 color=91 lidar=10 pose=93 odom=93 yolo=88 depth_pose_sync=0 lidar_pose_sync=0 depth_odom_sync=0 lidar_odom_sync=0
[lvdot_detector_main-8] [INFO] [1776999488.015871301] [lvdot_detector_node]: Stage timers: detection=93 lidar_detection=67 tracking=93 classification=93 vis=0
[lvdot_detector_main-8] [INFO] [1776999488.015882657] [lvdot_detector_node]: Processing phases: detection=idle lidar_detection=waiting_new_lidar tracking=idle classification=idle
[lvdot_detector_main-8] [INFO] [1776999488.015891622] [lvdot_detector_node]: Pipeline stats: depth_samples=1210/71300 u_map=1 depth_boxes=0 u_map_merge=0 u_map_db=0 u_map_visual=0 u_map_fused=0 u_map_filtered=0 lidar_samples=3141/136684 uv=1 db=10 lidar=12 fused=13 filtered=13 tracks=12 dynamic=0 dyn_points=0 raw_dyn_points=0 service=15/3 split=13->0 (13 outputs) fusion_components=13 visual_only=1 lidar_only=12 yolo_in=1 yolo_match3d=1 yolo_match_det=1 yolo_human=1 fixed_size=0 size_reject=0
[lvdot_detector_main-8] [INFO] [1776999494.008248887] [lvdot_detector_node]: Input health: depth=96 color=95 lidar=10 pose=97 odom=97 yolo=92 depth_pose_sync=0 lidar_pose_sync=0 depth_odom_sync=0 lidar_odom_sync=0
[lvdot_detector_main-8] [INFO] [1776999494.013842577] [lvdot_detector_node]: Stage timers: detection=97 lidar_detection=70 tracking=97 classification=97 vis=0
[lvdot_detector_main-8] [INFO] [1776999494.013871705] [lvdot_detector_node]: Processing phases: detection=idle lidar_detection=waiting_new_lidar tracking=idle classification=idle
[lvdot_detector_main-8] [INFO] [1776999494.013881915] [lvdot_detector_node]: Pipeline stats: depth_samples=1349/71300 u_map=0 depth_boxes=0 u_map_merge=0 u_map_db=0 u_map_visual=0 u_map_fused=0 u_map_filtered=0 lidar_samples=3141/136684 uv=0 db=9 lidar=12 fused=12 filtered=12 tracks=13 dynamic=0 dyn_points=0 raw_dyn_points=0 service=15/3 split=12->0 (12 outputs) fusion_components=12 visual_only=0 lidar_only=12 yolo_in=4 yolo_match3d=0 yolo_match_det=0 yolo_human=0 fixed_size=11 size_reject=1
[lvdot_detector_main-8] [INFO] [1776999495.559681977] [lvdot_detector_node]: get_dynamic_obstacles responded with 0 obstacles from 0 tracked dynamic boxes.
[lvdot_detector_main-8] [WARN] [1776999495.662724064] [lvdot_detector_node.rclcpp]: failed to send response to /onboard_detector/get_dynamic_obstacles (timeout): client will not receive response, at ./src/rmw_response.cpp:153, at ./src/rcl/service.c:400
[lvdot_detector_main-8] [INFO] [1776999502.127740564] [lvdot_detector_node]: Input health: depth=101 color=100 lidar=10 pose=102 odom=102 yolo=97 depth_pose_sync=0 lidar_pose_sync=0 depth_odom_sync=0 lidar_odom_sync=0
[lvdot_detector_main-8] [INFO] [1776999502.127813423] [lvdot_detector_node]: Stage timers: detection=102 lidar_detection=73 tracking=102 classification=102 vis=0
[lvdot_detector_main-8] [INFO] [1776999502.127825366] [lvdot_detector_node]: Processing phases: detection=idle lidar_detection=waiting_new_lidar tracking=idle classification=idle
[lvdot_detector_main-8] [INFO] [1776999502.127834599] [lvdot_detector_node]: Pipeline stats: depth_samples=1418/71300 u_map=1 depth_boxes=0 u_map_merge=0 u_map_db=0 u_map_visual=0 u_map_fused=0 u_map_filtered=0 lidar_samples=3141/136684 uv=1 db=10 lidar=12 fused=13 filtered=13 tracks=12 dynamic=0 dyn_points=0 raw_dyn_points=0 service=16/0 split=13->0 (13 outputs) fusion_components=13 visual_only=1 lidar_only=12 yolo_in=0 yolo_match3d=0 yolo_match_det=0 yolo_human=0 fixed_size=12 size_reject=0
[lvdot_detector_main-8] [INFO] [1776999503.825083554] [lvdot_detector_node]: get_dynamic_obstacles responded with 0 obstacles from 0 tracked dynamic boxes.
[lvdot_detector_main-8] [WARN] [1776999503.930688472] [lvdot_detector_node.rclcpp]: failed to send response to /onboard_detector/get_dynamic_obstacles (timeout): client will not receive response, at ./src/rmw_response.cpp:153, at ./src/rcl/service.c:400
[lvdot_detector_main-8] [INFO] [1776999510.021872793] [lvdot_detector_node]: Input health: depth=106 color=105 lidar=10 pose=107 odom=107 yolo=102 depth_pose_sync=0 lidar_pose_sync=0 depth_odom_sync=0 lidar_odom_sync=0
[lvdot_detector_main-8] [INFO] [1776999510.024801070] [lvdot_detector_node]: Stage timers: detection=107 lidar_detection=76 tracking=107 classification=107 vis=0
[lvdot_detector_main-8] [INFO] [1776999510.024833014] [lvdot_detector_node]: Processing phases: detection=idle lidar_detection=waiting_new_lidar tracking=idle classification=idle
[lvdot_detector_main-8] [INFO] [1776999510.024843762] [lvdot_detector_node]: Pipeline stats: depth_samples=1335/71300 u_map=1 depth_boxes=0 u_map_merge=0 u_map_db=0 u_map_visual=0 u_map_fused=0 u_map_filtered=0 lidar_samples=3141/136684 uv=1 db=10 lidar=12 fused=13 filtered=13 tracks=13 dynamic=1 dyn_points=0 raw_dyn_points=0 service=17/0 split=13->0 (13 outputs) fusion_components=13 visual_only=1 lidar_only=12 yolo_in=4 yolo_match3d=0 yolo_match_det=0 yolo_human=0 fixed_size=12 size_reject=0
[lvdot_detector_main-8] [INFO] [1776999511.651270995] [lvdot_detector_node]: get_dynamic_obstacles responded with 1 obstacles from 1 tracked dynamic boxes.
[lvdot_detector_main-8] [WARN] [1776999511.759485848] [lvdot_detector_node.rclcpp]: failed to send response to /onboard_detector/get_dynamic_obstacles (timeout): client will not receive response, at ./src/rmw_response.cpp:153, at ./src/rcl/service.c:400
[lvdot_detector_main-8] [INFO] [1776999517.945568402] [lvdot_detector_node]: Input health: depth=111 color=110 lidar=10 pose=112 odom=112 yolo=107 depth_pose_sync=0 lidar_pose_sync=0 depth_odom_sync=0 lidar_odom_sync=0
[lvdot_detector_main-8] [INFO] [1776999517.946687639] [lvdot_detector_node]: Stage timers: detection=112 lidar_detection=79 tracking=112 classification=112 vis=0
[lvdot_detector_main-8] [INFO] [1776999517.947326285] [lvdot_detector_node]: Processing phases: detection=idle lidar_detection=waiting_new_lidar tracking=idle classification=idle
[lvdot_detector_main-8] [INFO] [1776999517.947570441] [lvdot_detector_node]: Pipeline stats: depth_samples=1423/71300 u_map=1 depth_boxes=0 u_map_merge=0 u_map_db=0 u_map_visual=0 u_map_fused=0 u_map_filtered=0 lidar_samples=3141/136684 uv=0 db=11 lidar=12 fused=12 filtered=12 tracks=13 dynamic=0 dyn_points=0 raw_dyn_points=0 service=18/1 split=12->0 (12 outputs) fusion_components=12 visual_only=0 lidar_only=12 yolo_in=0 yolo_match3d=0 yolo_match_det=0 yolo_human=0 fixed_size=12 size_reject=0
[lvdot_detector_main-8] [INFO] [1776999517.948264706] [lvdot_detector_node]: get_dynamic_obstacles responded with 0 obstacles from 0 tracked dynamic boxes.
[lvdot_detector_main-8] [WARN] [1776999518.048435099] [lvdot_detector_node.rclcpp]: failed to send response to /onboard_detector/get_dynamic_obstacles (timeout): client will not receive response, at ./src/rmw_response.cpp:153, at ./src/rcl/service.c:400
[lvdot_detector_main-8] [INFO] [1776999524.644350796] [lvdot_detector_node]: Input health: depth=115 color=114 lidar=10 pose=116 odom=116 yolo=111 depth_pose_sync=0 lidar_pose_sync=0 depth_odom_sync=0 lidar_odom_sync=0
[lvdot_detector_main-8] [INFO] [1776999524.646733372] [lvdot_detector_node]: Stage timers: detection=116 lidar_detection=81 tracking=116 classification=116 vis=0
[lvdot_detector_main-8] [INFO] [1776999524.646752852] [lvdot_detector_node]: Processing phases: detection=idle lidar_detection=waiting_new_lidar tracking=idle classification=idle
[lvdot_detector_main-8] [INFO] [1776999524.646764339] [lvdot_detector_node]: Pipeline stats: depth_samples=1369/71300 u_map=2 depth_boxes=0 u_map_merge=0 u_map_db=0 u_map_visual=0 u_map_fused=0 u_map_filtered=0 lidar_samples=3141/136684 uv=1 db=14 lidar=12 fused=13 filtered=13 tracks=14 dynamic=0 dyn_points=0 raw_dyn_points=0 service=19/0 split=13->1 (13 outputs) fusion_components=13 visual_only=1 lidar_only=12 yolo_in=4 yolo_match3d=3 yolo_match_det=4 yolo_human=2 fixed_size=12 size_reject=0
[lvdot_detector_main-8] [INFO] [1776999524.647618335] [lvdot_detector_node]: get_dynamic_obstacles responded with 0 obstacles from 0 tracked dynamic boxes.
[lvdot_detector_main-8] [WARN] [1776999524.750516427] [lvdot_detector_node.rclcpp]: failed to send response to /onboard_detector/get_dynamic_obstacles (timeout): client will not receive response, at ./src/rmw_response.cpp:153, at ./src/rcl/service.c:400
[lvdot_detector_main-8] [INFO] [1776999531.124707271] [lvdot_detector_node]: Input health: depth=119 color=118 lidar=10 pose=120 odom=120 yolo=115 depth_pose_sync=0 lidar_pose_sync=0 depth_odom_sync=0 lidar_odom_sync=0
[lvdot_detector_main-8] [INFO] [1776999531.125874502] [lvdot_detector_node]: Stage timers: detection=120 lidar_detection=84 tracking=120 classification=120 vis=0
[lvdot_detector_main-8] [INFO] [1776999531.126429543] [lvdot_detector_node]: Processing phases: detection=idle lidar_detection=waiting_new_lidar tracking=idle classification=idle
[lvdot_detector_main-8] [INFO] [1776999531.126444783] [lvdot_detector_node]: Pipeline stats: depth_samples=1400/71300 u_map=1 depth_boxes=0 u_map_merge=0 u_map_db=0 u_map_visual=0 u_map_fused=0 u_map_filtered=0 lidar_samples=3141/136684 uv=1 db=10 lidar=12 fused=13 filtered=13 tracks=13 dynamic=0 dyn_points=0 raw_dyn_points=0 service=20/0 split=13->0 (13 outputs) fusion_components=13 visual_only=1 lidar_only=12 yolo_in=2 yolo_match3d=1 yolo_match_det=1 yolo_human=1 fixed_size=12 size_reject=0
[lvdot_detector_main-8] [INFO] [1776999537.162954871] [lvdot_detector_node]: Input health: depth=123 color=122 lidar=10 pose=124 odom=124 yolo=119 depth_pose_sync=0 lidar_pose_sync=0 depth_odom_sync=0 lidar_odom_sync=0
[lvdot_detector_main-8] [INFO] [1776999537.164977480] [lvdot_detector_node]: Stage timers: detection=124 lidar_detection=86 tracking=124 classification=124 vis=0
[lvdot_detector_main-8] [INFO] [1776999537.165021351] [lvdot_detector_node]: Processing phases: detection=idle lidar_detection=waiting_new_lidar tracking=idle classification=idle
[lvdot_detector_main-8] [INFO] [1776999537.165040828] [lvdot_detector_node]: Pipeline stats: depth_samples=1466/71300 u_map=3 depth_boxes=0 u_map_merge=0 u_map_db=0 u_map_visual=0 u_map_fused=0 u_map_filtered=0 lidar_samples=3141/136684 uv=3 db=13 lidar=12 fused=15 filtered=15 tracks=13 dynamic=1 dyn_points=0 raw_dyn_points=0 service=20/0 split=15->1 (15 outputs) fusion_components=15 visual_only=3 lidar_only=12 yolo_in=3 yolo_match3d=2 yolo_match_det=3 yolo_human=1 fixed_size=12 size_reject=0
[lvdot_detector_main-8] [INFO] [1776999543.054421765] [lvdot_detector_node]: Input health: depth=127 color=126 lidar=10 pose=128 odom=128 yolo=123 depth_pose_sync=0 lidar_pose_sync=0 depth_odom_sync=0 lidar_odom_sync=0
[lvdot_detector_main-8] [INFO] [1776999543.055551634] [lvdot_detector_node]: Stage timers: detection=128 lidar_detection=88 tracking=128 classification=128 vis=0
[lvdot_detector_main-8] [INFO] [1776999543.055575140] [lvdot_detector_node]: Processing phases: detection=idle lidar_detection=waiting_new_lidar tracking=idle classification=idle
[lvdot_detector_main-8] [INFO] [1776999543.055586591] [lvdot_detector_node]: Pipeline stats: depth_samples=1322/71300 u_map=0 depth_boxes=0 u_map_merge=0 u_map_db=0 u_map_visual=0 u_map_fused=0 u_map_filtered=0 lidar_samples=3141/136684 uv=0 db=14 lidar=12 fused=12 filtered=12 tracks=12 dynamic=1 dyn_points=0 raw_dyn_points=0 service=20/0 split=12->0 (12 outputs) fusion_components=12 visual_only=0 lidar_only=12 yolo_in=2 yolo_match3d=1 yolo_match_det=1 yolo_human=1 fixed_size=11 size_reject=2
[lvdot_detector_main-8] [INFO] [1776999547.387348943] [lvdot_detector_node]: get_dynamic_obstacles responded with 0 obstacles from 0 tracked dynamic boxes.
[lvdot_detector_main-8] [WARN] [1776999547.487920700] [lvdot_detector_node.rclcpp]: failed to send response to /onboard_detector/get_dynamic_obstacles (timeout): client will not receive response, at ./src/rmw_response.cpp:153, at ./src/rcl/service.c:400
[lvdot_detector_main-8] [INFO] [1776999553.178418034] [lvdot_detector_node]: Input health: depth=131 color=130 lidar=11 pose=132 odom=132 yolo=127 depth_pose_sync=0 lidar_pose_sync=0 depth_odom_sync=0 lidar_odom_sync=0
[lvdot_detector_main-8] [INFO] [1776999553.178548614] [lvdot_detector_node]: Stage timers: detection=132 lidar_detection=91 tracking=132 classification=132 vis=0
[lvdot_detector_main-8] [INFO] [1776999553.178577997] [lvdot_detector_node]: Processing phases: detection=idle lidar_detection=idle tracking=idle classification=idle
[lvdot_detector_main-8] [INFO] [1776999553.178633575] [lvdot_detector_node]: Pipeline stats: depth_samples=1374/71300 u_map=2 depth_boxes=0 u_map_merge=0 u_map_db=0 u_map_visual=0 u_map_fused=0 u_map_filtered=0 lidar_samples=3310/123199 uv=2 db=8 lidar=19 fused=20 filtered=20 tracks=13 dynamic=0 dyn_points=0 raw_dyn_points=0 service=21/0 split=20->0 (20 outputs) fusion_components=20 visual_only=1 lidar_only=18 yolo_in=1 yolo_match3d=1 yolo_match_det=1 yolo_human=1 fixed_size=11 size_reject=0
[lvdot_detector_main-8] [INFO] [1776999554.513337451] [lvdot_detector_node]: get_dynamic_obstacles responded with 0 obstacles from 0 tracked dynamic boxes.
[lvdot_detector_main-8] [WARN] [1776999554.613536596] [lvdot_detector_node.rclcpp]: failed to send response to /onboard_detector/get_dynamic_obstacles (timeout): client will not receive response, at ./src/rmw_response.cpp:153, at ./src/rcl/service.c:400
[lvdot_detector_main-8] [INFO] [1776999563.287510381] [lvdot_detector_node]: Input health: depth=135 color=134 lidar=13 pose=136 odom=136 yolo=131 depth_pose_sync=0 lidar_pose_sync=0 depth_odom_sync=0 lidar_odom_sync=0
[lvdot_detector_main-8] [INFO] [1776999563.288718613] [lvdot_detector_node]: Stage timers: detection=136 lidar_detection=94 tracking=136 classification=136 vis=0
[lvdot_detector_main-8] [INFO] [1776999563.288738063] [lvdot_detector_node]: Processing phases: detection=idle lidar_detection=idle tracking=idle classification=idle
[lvdot_detector_main-8] [INFO] [1776999563.288749493] [lvdot_detector_node]: Pipeline stats: depth_samples=1230/71300 u_map=2 depth_boxes=0 u_map_merge=0 u_map_db=0 u_map_visual=0 u_map_fused=0 u_map_filtered=0 lidar_samples=2989/116051 uv=0 db=10 lidar=7 fused=7 filtered=7 tracks=21 dynamic=0 dyn_points=0 raw_dyn_points=0 service=22/0 split=7->0 (7 outputs) fusion_components=7 visual_only=0 lidar_only=7 yolo_in=0 yolo_match3d=0 yolo_match_det=0 yolo_human=0 fixed_size=0 size_reject=0
[lvdot_detector_main-8] [INFO] [1776999563.289561497] [lvdot_detector_node]: get_dynamic_obstacles responded with 0 obstacles from 0 tracked dynamic boxes.
[lvdot_detector_main-8] [WARN] [1776999563.389915299] [lvdot_detector_node.rclcpp]: failed to send response to /onboard_detector/get_dynamic_obstacles (timeout): client will not receive response, at ./src/rmw_response.cpp:153, at ./src/rcl/service.c:400
[lvdot_detector_main-8] [INFO] [1776999577.490920186] [lvdot_detector_node]: Input health: depth=141 color=140 lidar=14 pose=142 odom=142 yolo=137 depth_pose_sync=0 lidar_pose_sync=0 depth_odom_sync=0 lidar_odom_sync=0
[lvdot_detector_main-8] [INFO] [1776999577.492027408] [lvdot_detector_node]: Stage timers: detection=142 lidar_detection=98 tracking=142 classification=142 vis=0
[lvdot_detector_main-8] [INFO] [1776999577.492054531] [lvdot_detector_node]: Processing phases: detection=idle lidar_detection=waiting_new_lidar tracking=idle classification=idle
[lvdot_detector_main-8] [INFO] [1776999577.492068997] [lvdot_detector_node]: Pipeline stats: depth_samples=1601/71300 u_map=2 depth_boxes=0 u_map_merge=0 u_map_db=0 u_map_visual=0 u_map_fused=0 u_map_filtered=0 lidar_samples=3368/187714 uv=2 db=18 lidar=1 fused=3 filtered=3 tracks=1 dynamic=0 dyn_points=0 raw_dyn_points=0 service=23/0 split=3->0 (3 outputs) fusion_components=3 visual_only=2 lidar_only=1 yolo_in=2 yolo_match3d=0 yolo_match_det=0 yolo_human=0 fixed_size=0 size_reject=0
[lvdot_detector_main-8] [INFO] [1776999577.517117018] [lvdot_detector_node]: get_dynamic_obstacles responded with 0 obstacles from 0 tracked dynamic boxes.
[lvdot_detector_main-8] [WARN] [1776999577.618122995] [lvdot_detector_node.rclcpp]: failed to send response to /onboard_detector/get_dynamic_obstacles (timeout): client will not receive response, at ./src/rmw_response.cpp:153, at ./src/rcl/service.c:400
[lvdot_detector_main-8] [INFO] [1776999589.063726172] [lvdot_detector_node]: Input health: depth=143 color=142 lidar=16 pose=144 odom=144 yolo=139 depth_pose_sync=0 lidar_pose_sync=0 depth_odom_sync=0 lidar_odom_sync=0
[lvdot_detector_main-8] [INFO] [1776999589.064413007] [lvdot_detector_node]: Stage timers: detection=144 lidar_detection=100 tracking=144 classification=144 vis=0
[lvdot_detector_main-8] [INFO] [1776999589.064427090] [lvdot_detector_node]: Processing phases: detection=idle lidar_detection=idle tracking=idle classification=idle
[lvdot_detector_main-8] [INFO] [1776999589.064436278] [lvdot_detector_node]: Pipeline stats: depth_samples=1400/71300 u_map=1 depth_boxes=0 u_map_merge=0 u_map_db=0 u_map_visual=0 u_map_fused=0 u_map_filtered=0 lidar_samples=3359/125739 uv=1 db=10 lidar=13 fused=14 filtered=14 tracks=12 dynamic=0 dyn_points=0 raw_dyn_points=0 service=24/0 split=14->0 (14 outputs) fusion_components=14 visual_only=1 lidar_only=13 yolo_in=1 yolo_match3d=0 yolo_match_det=0 yolo_human=0 fixed_size=0 size_reject=0
[lvdot_detector_main-8] [INFO] [1776999597.049390656] [lvdot_detector_node]: Input health: depth=145 color=144 lidar=17 pose=146 odom=146 yolo=141 depth_pose_sync=0 lidar_pose_sync=0 depth_odom_sync=0 lidar_odom_sync=0
[lvdot_detector_main-8] [INFO] [1776999597.050366582] [lvdot_detector_node]: Stage timers: detection=146 lidar_detection=102 tracking=146 classification=146 vis=0
[lvdot_detector_main-8] [INFO] [1776999597.050389446] [lvdot_detector_node]: Processing phases: detection=idle lidar_detection=waiting_new_lidar tracking=idle classification=idle
[lvdot_detector_main-8] [INFO] [1776999597.050403486] [lvdot_detector_node]: Pipeline stats: depth_samples=1322/71300 u_map=0 depth_boxes=0 u_map_merge=0 u_map_db=0 u_map_visual=0 u_map_fused=0 u_map_filtered=0 lidar_samples=3288/122930 uv=0 db=14 lidar=17 fused=17 filtered=17 tracks=17 dynamic=0 dyn_points=0 raw_dyn_points=0 service=24/0 split=17->0 (17 outputs) fusion_components=17 visual_only=0 lidar_only=17 yolo_in=3 yolo_match3d=0 yolo_match_det=0 yolo_human=0 fixed_size=0 size_reject=0
[lvdot_detector_main-8] [INFO] [1776999603.986170117] [lvdot_detector_node]: Input health: depth=147 color=146 lidar=18 pose=148 odom=148 yolo=143 depth_pose_sync=0 lidar_pose_sync=0 depth_odom_sync=0 lidar_odom_sync=0
[lvdot_detector_main-8] [INFO] [1776999603.987476719] [lvdot_detector_node]: Stage timers: detection=148 lidar_detection=104 tracking=148 classification=148 vis=0
[lvdot_detector_main-8] [INFO] [1776999603.988074097] [lvdot_detector_node]: Processing phases: detection=idle lidar_detection=waiting_new_lidar tracking=idle classification=idle
[lvdot_detector_main-8] [INFO] [1776999603.988354213] [lvdot_detector_node]: Pipeline stats: depth_samples=1383/71300 u_map=1 depth_boxes=0 u_map_merge=0 u_map_db=0 u_map_visual=0 u_map_fused=0 u_map_filtered=0 lidar_samples=3235/126011 uv=1 db=10 lidar=20 fused=21 filtered=21 tracks=20 dynamic=0 dyn_points=0 raw_dyn_points=0 service=24/0 split=21->0 (21 outputs) fusion_components=21 visual_only=1 lidar_only=20 yolo_in=1 yolo_match3d=1 yolo_match_det=1 yolo_human=1 fixed_size=0 size_reject=0
[lvdot_detector_main-8] [INFO] [1776999609.535605379] [lvdot_detector_node]: Input health: depth=151 color=150 lidar=18 pose=152 odom=152 yolo=147 depth_pose_sync=0 lidar_pose_sync=0 depth_odom_sync=0 lidar_odom_sync=0
[lvdot_detector_main-8] [INFO] [1776999609.536695354] [lvdot_detector_node]: Stage timers: detection=152 lidar_detection=106 tracking=152 classification=152 vis=0
[lvdot_detector_main-8] [INFO] [1776999609.543245754] [lvdot_detector_node]: Processing phases: detection=idle lidar_detection=waiting_new_lidar tracking=idle classification=idle
[lvdot_detector_main-8] [INFO] [1776999609.543274885] [lvdot_detector_node]: Pipeline stats: depth_samples=1194/68310 u_map=4 depth_boxes=0 u_map_merge=0 u_map_db=0 u_map_visual=0 u_map_fused=0 u_map_filtered=0 lidar_samples=3235/126011 uv=1 db=9 lidar=20 fused=21 filtered=21 tracks=20 dynamic=0 dyn_points=0 raw_dyn_points=0 service=24/0 split=21->0 (21 outputs) fusion_components=21 visual_only=1 lidar_only=20 yolo_in=3 yolo_match3d=2 yolo_match_det=2 yolo_human=2 fixed_size=0 size_reject=0
[lvdot_detector_main-8] [INFO] [1776999617.123783765] [lvdot_detector_node]: Input health: depth=156 color=155 lidar=18 pose=157 odom=157 yolo=152 depth_pose_sync=0 lidar_pose_sync=0 depth_odom_sync=0 lidar_odom_sync=0
[lvdot_detector_main-8] [INFO] [1776999617.123848601] [lvdot_detector_node]: Stage timers: detection=157 lidar_detection=109 tracking=157 classification=157 vis=0
[lvdot_detector_main-8] [INFO] [1776999617.123859540] [lvdot_detector_node]: Processing phases: detection=idle lidar_detection=waiting_new_lidar tracking=idle classification=idle
[lvdot_detector_main-8] [INFO] [1776999617.123868390] [lvdot_detector_node]: Pipeline stats: depth_samples=1349/71300 u_map=2 depth_boxes=0 u_map_merge=0 u_map_db=0 u_map_visual=0 u_map_fused=0 u_map_filtered=0 lidar_samples=3235/126011 uv=1 db=9 lidar=20 fused=21 filtered=21 tracks=20 dynamic=1 dyn_points=0 raw_dyn_points=0 service=24/0 split=21->1 (21 outputs) fusion_components=21 visual_only=1 lidar_only=20 yolo_in=4 yolo_match3d=2 yolo_match_det=3 yolo_human=2 fixed_size=20 size_reject=1
[lvdot_detector_main-8] [INFO] [1776999622.636782947] [lvdot_detector_node]: Input health: depth=160 color=159 lidar=18 pose=161 odom=161 yolo=156 depth_pose_sync=0 lidar_pose_sync=0 depth_odom_sync=0 lidar_odom_sync=0
[lvdot_detector_main-8] [INFO] [1776999622.636851815] [lvdot_detector_node]: Stage timers: detection=161 lidar_detection=111 tracking=161 classification=161 vis=0
[lvdot_detector_main-8] [INFO] [1776999622.636865908] [lvdot_detector_node]: Processing phases: detection=idle lidar_detection=waiting_new_lidar tracking=idle classification=idle
[lvdot_detector_main-8] [INFO] [1776999622.636876303] [lvdot_detector_node]: Pipeline stats: depth_samples=1118/71300 u_map=1 depth_boxes=0 u_map_merge=0 u_map_db=0 u_map_visual=0 u_map_fused=0 u_map_filtered=0 lidar_samples=3235/126011 uv=1 db=13 lidar=20 fused=21 filtered=21 tracks=20 dynamic=0 dyn_points=0 raw_dyn_points=0 service=24/0 split=21->0 (21 outputs) fusion_components=21 visual_only=1 lidar_only=20 yolo_in=0 yolo_match3d=0 yolo_match_det=0 yolo_human=0 fixed_size=20 size_reject=0
[lvdot_detector_main-8] [INFO] [1776999629.142063148] [lvdot_detector_node]: Input health: depth=164 color=163 lidar=18 pose=165 odom=165 yolo=160 depth_pose_sync=0 lidar_pose_sync=0 depth_odom_sync=0 lidar_odom_sync=0
[lvdot_detector_main-8] [INFO] [1776999629.142136053] [lvdot_detector_node]: Stage timers: detection=165 lidar_detection=114 tracking=165 classification=165 vis=0
[lvdot_detector_main-8] [INFO] [1776999629.142149190] [lvdot_detector_node]: Processing phases: detection=idle lidar_detection=waiting_new_lidar tracking=idle classification=idle
[lvdot_detector_main-8] [INFO] [1776999629.142158917] [lvdot_detector_node]: Pipeline stats: depth_samples=1418/71300 u_map=1 depth_boxes=0 u_map_merge=0 u_map_db=0 u_map_visual=0 u_map_fused=0 u_map_filtered=0 lidar_samples=3235/126011 uv=1 db=13 lidar=20 fused=21 filtered=21 tracks=22 dynamic=0 dyn_points=0 raw_dyn_points=0 service=24/0 split=21->0 (21 outputs) fusion_components=21 visual_only=1 lidar_only=20 yolo_in=4 yolo_match3d=3 yolo_match_det=3 yolo_human=3 fixed_size=20 size_reject=0
[lvdot_detector_main-8] [INFO] [1776999636.640693501] [lvdot_detector_node]: Input health: depth=166 color=165 lidar=19 pose=167 odom=167 yolo=162 depth_pose_sync=0 lidar_pose_sync=0 depth_odom_sync=0 lidar_odom_sync=0
[lvdot_detector_main-8] [INFO] [1776999636.640798334] [lvdot_detector_node]: Stage timers: detection=167 lidar_detection=115 tracking=167 classification=167 vis=0
[lvdot_detector_main-8] [INFO] [1776999636.640821932] [lvdot_detector_node]: Processing phases: detection=idle lidar_detection=idle tracking=idle classification=idle
[lvdot_detector_main-8] [INFO] [1776999636.640833279] [lvdot_detector_node]: Pipeline stats: depth_samples=1316/71300 u_map=0 depth_boxes=0 u_map_merge=0 u_map_db=0 u_map_visual=0 u_map_fused=0 u_map_filtered=0 lidar_samples=3324/121922 uv=0 db=9 lidar=15 fused=15 filtered=15 tracks=25 dynamic=3 dyn_points=0 raw_dyn_points=0 service=24/0 split=15->0 (15 outputs) fusion_components=15 visual_only=0 lidar_only=15 yolo_in=2 yolo_match3d=2 yolo_match_det=2 yolo_human=2 fixed_size=17 size_reject=0
[lvdot_detector_main-8] [INFO] [1776999643.044022914] [lvdot_detector_node]: Input health: depth=170 color=169 lidar=19 pose=171 odom=171 yolo=166 depth_pose_sync=0 lidar_pose_sync=0 depth_odom_sync=0 lidar_odom_sync=0
[lvdot_detector_main-8] [INFO] [1776999643.044095749] [lvdot_detector_node]: Stage timers: detection=171 lidar_detection=118 tracking=171 classification=171 vis=0
[lvdot_detector_main-8] [INFO] [1776999643.044117348] [lvdot_detector_node]: Processing phases: detection=idle lidar_detection=waiting_new_lidar tracking=idle classification=idle
[lvdot_detector_main-8] [INFO] [1776999643.044140052] [lvdot_detector_node]: Pipeline stats: depth_samples=1425/71300 u_map=1 depth_boxes=0 u_map_merge=0 u_map_db=0 u_map_visual=0 u_map_fused=0 u_map_filtered=0 lidar_samples=3324/121922 uv=1 db=11 lidar=15 fused=16 filtered=16 tracks=15 dynamic=0 dyn_points=0 raw_dyn_points=0 service=24/0 split=16->0 (16 outputs) fusion_components=16 visual_only=1 lidar_only=15 yolo_in=5 yolo_match3d=0 yolo_match_det=0 yolo_human=0 fixed_size=1 size_reject=1
[lvdot_detector_main-8] [INFO] [1776999649.545962516] [lvdot_detector_node]: Input health: depth=174 color=173 lidar=19 pose=175 odom=175 yolo=170 depth_pose_sync=0 lidar_pose_sync=0 depth_odom_sync=0 lidar_odom_sync=0
[lvdot_detector_main-8] [INFO] [1776999649.546449414] [lvdot_detector_node]: Stage timers: detection=175 lidar_detection=121 tracking=175 classification=175 vis=0
[lvdot_detector_main-8] [INFO] [1776999649.546462418] [lvdot_detector_node]: Processing phases: detection=idle lidar_detection=waiting_new_lidar tracking=idle classification=idle
[lvdot_detector_main-8] [INFO] [1776999649.546471749] [lvdot_detector_node]: Pipeline stats: depth_samples=1291/71300 u_map=2 depth_boxes=0 u_map_merge=0 u_map_db=0 u_map_visual=0 u_map_fused=0 u_map_filtered=0 lidar_samples=3324/121922 uv=1 db=12 lidar=15 fused=16 filtered=16 tracks=16 dynamic=3 dyn_points=0 raw_dyn_points=0 service=24/0 split=16->0 (16 outputs) fusion_components=16 visual_only=1 lidar_only=15 yolo_in=4 yolo_match3d=3 yolo_match_det=3 yolo_human=3 fixed_size=1 size_reject=0
[lvdot_detector_main-8] [INFO] [1776999657.079034239] [lvdot_detector_node]: Input health: depth=179 color=178 lidar=19 pose=180 odom=180 yolo=175 depth_pose_sync=0 lidar_pose_sync=0 depth_odom_sync=0 lidar_odom_sync=0
[lvdot_detector_main-8] [INFO] [1776999657.079108294] [lvdot_detector_node]: Stage timers: detection=180 lidar_detection=124 tracking=180 classification=180 vis=0
[lvdot_detector_main-8] [INFO] [1776999657.079119803] [lvdot_detector_node]: Processing phases: detection=idle lidar_detection=waiting_new_lidar tracking=idle classification=idle
[lvdot_detector_main-8] [INFO] [1776999657.079134414] [lvdot_detector_node]: Pipeline stats: depth_samples=1343/71300 u_map=0 depth_boxes=0 u_map_merge=0 u_map_db=0 u_map_visual=0 u_map_fused=0 u_map_filtered=0 lidar_samples=3324/121922 uv=0 db=11 lidar=15 fused=15 filtered=15 tracks=15 dynamic=0 dyn_points=0 raw_dyn_points=0 service=24/0 split=15->0 (15 outputs) fusion_components=15 visual_only=0 lidar_only=15 yolo_in=4 yolo_match3d=0 yolo_match_det=0 yolo_human=0 fixed_size=15 size_reject=0
[lvdot_detector_main-8] [INFO] [1776999663.899325528] [lvdot_detector_node]: Input health: depth=183 color=182 lidar=19 pose=184 odom=184 yolo=179 depth_pose_sync=0 lidar_pose_sync=0 depth_odom_sync=0 lidar_odom_sync=0
[lvdot_detector_main-8] [INFO] [1776999663.899443689] [lvdot_detector_node]: Stage timers: detection=184 lidar_detection=126 tracking=184 classification=184 vis=0
[lvdot_detector_main-8] [INFO] [1776999663.899468866] [lvdot_detector_node]: Processing phases: detection=idle lidar_detection=waiting_new_lidar tracking=idle classification=idle
[lvdot_detector_main-8] [INFO] [1776999663.899485015] [lvdot_detector_node]: Pipeline stats: depth_samples=1403/71300 u_map=2 depth_boxes=0 u_map_merge=0 u_map_db=0 u_map_visual=0 u_map_fused=0 u_map_filtered=0 lidar_samples=3324/121922 uv=1 db=11 lidar=15 fused=16 filtered=16 tracks=16 dynamic=0 dyn_points=0 raw_dyn_points=0 service=24/0 split=16->0 (16 outputs) fusion_components=16 visual_only=1 lidar_only=15 yolo_in=1 yolo_match3d=1 yolo_match_det=1 yolo_human=1 fixed_size=15 size_reject=0
[lvdot_detector_main-8] [INFO] [1776999672.266779339] [lvdot_detector_node]: Input health: depth=188 color=187 lidar=19 pose=189 odom=189 yolo=184 depth_pose_sync=0 lidar_pose_sync=0 depth_odom_sync=0 lidar_odom_sync=0
[lvdot_detector_main-8] [INFO] [1776999672.267239564] [lvdot_detector_node]: Stage timers: detection=189 lidar_detection=129 tracking=189 classification=189 vis=0
[lvdot_detector_main-8] [INFO] [1776999672.267252420] [lvdot_detector_node]: Processing phases: detection=idle lidar_detection=waiting_new_lidar tracking=idle classification=idle
[lvdot_detector_main-8] [INFO] [1776999672.267261962] [lvdot_detector_node]: Pipeline stats: depth_samples=1440/71300 u_map=2 depth_boxes=0 u_map_merge=0 u_map_db=0 u_map_visual=0 u_map_fused=0 u_map_filtered=0 lidar_samples=3324/121922 uv=2 db=12 lidar=15 fused=17 filtered=17 tracks=15 dynamic=0 dyn_points=0 raw_dyn_points=0 service=24/0 split=17->0 (17 outputs) fusion_components=17 visual_only=2 lidar_only=15 yolo_in=1 yolo_match3d=0 yolo_match_det=0 yolo_human=0 fixed_size=15 size_reject=0
[lvdot_detector_main-8] [INFO] [1776999679.767715791] [lvdot_detector_node]: Input health: depth=193 color=192 lidar=19 pose=194 odom=194 yolo=189 depth_pose_sync=0 lidar_pose_sync=0 depth_odom_sync=0 lidar_odom_sync=0
[lvdot_detector_main-8] [INFO] [1776999679.769029221] [lvdot_detector_node]: Stage timers: detection=194 lidar_detection=131 tracking=194 classification=194 vis=0
[lvdot_detector_main-8] [INFO] [1776999679.769056644] [lvdot_detector_node]: Processing phases: detection=idle lidar_detection=waiting_new_lidar tracking=idle classification=idle
[lvdot_detector_main-8] [INFO] [1776999679.769068326] [lvdot_detector_node]: Pipeline stats: depth_samples=1483/71300 u_map=3 depth_boxes=0 u_map_merge=0 u_map_db=0 u_map_visual=0 u_map_fused=0 u_map_filtered=0 lidar_samples=3324/121922 uv=0 db=14 lidar=15 fused=15 filtered=15 tracks=15 dynamic=1 dyn_points=0 raw_dyn_points=0 service=24/0 split=15->0 (15 outputs) fusion_components=15 visual_only=0 lidar_only=15 yolo_in=0 yolo_match3d=0 yolo_match_det=0 yolo_human=0 fixed_size=15 size_reject=0
[lvdot_detector_main-8] [INFO] [1776999679.769854385] [lvdot_detector_node]: get_dynamic_obstacles responded with 1 obstacles from 1 tracked dynamic boxes.
[lvdot_detector_main-8] [INFO] [1776999685.982703563] [lvdot_detector_node]: Input health: depth=197 color=196 lidar=19 pose=198 odom=198 yolo=193 depth_pose_sync=0 lidar_pose_sync=0 depth_odom_sync=0 lidar_odom_sync=0
[lvdot_detector_main-8] [INFO] [1776999685.982810872] [lvdot_detector_node]: Stage timers: detection=198 lidar_detection=134 tracking=198 classification=198 vis=0
[lvdot_detector_main-8] [INFO] [1776999685.982826444] [lvdot_detector_node]: Processing phases: detection=idle lidar_detection=waiting_new_lidar tracking=idle classification=idle
[lvdot_detector_main-8] [INFO] [1776999685.982836127] [lvdot_detector_node]: Pipeline stats: depth_samples=1533/71300 u_map=3 depth_boxes=0 u_map_merge=0 u_map_db=0 u_map_visual=0 u_map_fused=0 u_map_filtered=0 lidar_samples=3324/121922 uv=1 db=15 lidar=15 fused=16 filtered=16 tracks=15 dynamic=0 dyn_points=0 raw_dyn_points=0 service=25/1 split=16->0 (16 outputs) fusion_components=16 visual_only=1 lidar_only=15 yolo_in=1 yolo_match3d=1 yolo_match_det=1 yolo_human=1 fixed_size=15 size_reject=0
[lvdot_detector_main-8] [INFO] [1776999698.330706195] [lvdot_detector_node]: Input health: depth=202 color=201 lidar=20 pose=203 odom=203 yolo=198 depth_pose_sync=0 lidar_pose_sync=0 depth_odom_sync=0 lidar_odom_sync=0
[lvdot_detector_main-8] [INFO] [1776999698.330842626] [lvdot_detector_node]: Stage timers: detection=203 lidar_detection=138 tracking=203 classification=203 vis=0
[lvdot_detector_main-8] [INFO] [1776999698.330859190] [lvdot_detector_node]: Processing phases: detection=idle lidar_detection=waiting_new_lidar tracking=idle classification=idle
[lvdot_detector_main-8] [INFO] [1776999698.330868727] [lvdot_detector_node]: Pipeline stats: depth_samples=1418/71300 u_map=3 depth_boxes=0 u_map_merge=0 u_map_db=0 u_map_visual=0 u_map_fused=0 u_map_filtered=0 lidar_samples=3261/120530 uv=2 db=16 lidar=21 fused=23 filtered=24 tracks=23 dynamic=3 dyn_points=0 raw_dyn_points=0 service=25/1 split=23->1 (24 outputs) fusion_components=23 visual_only=2 lidar_only=21 yolo_in=4 yolo_match3d=2 yolo_match_det=3 yolo_human=3 fixed_size=0 size_reject=1
[lvdot_detector_main-8] [INFO] [1776999705.342001034] [lvdot_detector_node]: Input health: depth=204 color=203 lidar=21 pose=205 odom=205 yolo=200 depth_pose_sync=0 lidar_pose_sync=0 depth_odom_sync=0 lidar_odom_sync=0
[lvdot_detector_main-8] [INFO] [1776999705.342930407] [lvdot_detector_node]: Stage timers: detection=205 lidar_detection=140 tracking=205 classification=205 vis=0
[lvdot_detector_main-8] [INFO] [1776999705.343174303] [lvdot_detector_node]: Processing phases: detection=idle lidar_detection=waiting_new_lidar tracking=idle classification=idle
[lvdot_detector_main-8] [INFO] [1776999705.343210967] [lvdot_detector_node]: Pipeline stats: depth_samples=1496/71300 u_map=3 depth_boxes=0 u_map_merge=0 u_map_db=0 u_map_visual=0 u_map_fused=0 u_map_filtered=0 lidar_samples=3237/122683 uv=2 db=14 lidar=19 fused=21 filtered=21 tracks=20 dynamic=1 dyn_points=0 raw_dyn_points=0 service=25/1 split=21->0 (21 outputs) fusion_components=21 visual_only=2 lidar_only=19 yolo_in=3 yolo_match3d=2 yolo_match_det=2 yolo_human=2 fixed_size=0 size_reject=2
