[INFO] [launch]: All log files can be found below /home/skbt2/.ros/log/2026-04-23-23-34-39-632296-DESKTOP-90MQDL6-184064
[INFO] [launch]: Default logging verbosity is set to INFO
[INFO] [gazebo-1]: process started with pid [184103]
[INFO] [parameter_bridge-2]: process started with pid [184104]
[INFO] [pedestrian_state_publisher-3]: process started with pid [184105]
[INFO] [uav_trajectory_controller-4]: process started with pid [184106]
[INFO] [image_pointcloud_relay-5]: process started with pid [184107]
[INFO] [lvdot_yolo_node-6]: process started with pid [184108]
[INFO] [lvdot_detector_main-7]: process started with pid [184109]
[parameter_bridge-2] [INFO] [1776958479.891307167] [ros_gz_bridge]: Creating GZ->ROS Bridge: [/rgbd_camera/image (gz.msgs.Image) -> /rgbd_camera/image (sensor_msgs/msg/Image)] (Lazy 0)
[parameter_bridge-2] [INFO] [1776958479.897265060] [ros_gz_bridge]: Creating GZ->ROS Bridge: [/rgbd_camera/camera_info (gz.msgs.CameraInfo) -> /rgbd_camera/camera_info (sensor_msgs/msg/CameraInfo)] (Lazy 0)
[parameter_bridge-2] [INFO] [1776958479.898266450] [ros_gz_bridge]: Creating GZ->ROS Bridge: [/rgbd_camera/depth_image (gz.msgs.Image) -> /rgbd_camera/depth_image (sensor_msgs/msg/Image)] (Lazy 0)
[parameter_bridge-2] [INFO] [1776958479.898859391] [ros_gz_bridge]: Creating GZ->ROS Bridge: [/rgbd_camera/points (gz.msgs.PointCloudPacked) -> /rgbd_camera/points (sensor_msgs/msg/PointCloud2)] (Lazy 0)
[parameter_bridge-2] [INFO] [1776958479.899661125] [ros_gz_bridge]: Creating GZ->ROS Bridge: [/camera/imu (gz.msgs.IMU) -> /camera/imu (sensor_msgs/msg/Imu)] (Lazy 0)
[parameter_bridge-2] [INFO] [1776958479.900468886] [ros_gz_bridge]: Creating ROS->GZ service bridge [/world/pedestrian_prototype/set_pose (ros_gz_interfaces/srv/SetEntityPose -> /)]
[parameter_bridge-2] [INFO] [1776958479.901948420] [ros_gz_bridge]: Creating ROS->GZ service bridge [/world/pedestrian_prototype/set_pose/blocking (ros_gz_interfaces/srv/SetEntityPose -> /)]
[lvdot_detector_main-7] [INFO] [1776958480.088523097] [lvdot_detector_node]: Config loaded: localization_mode=0 dt=0.033 image=640x480 depth_range=[0.20, 12.00] stage_timers=true
[lvdot_detector_main-7] [INFO] [1776958480.126133744] [lvdot_detector_node]: LV-DOT ROS2 skeleton started. depth=/camera/depth/image_rect_raw color=/camera/color/image_raw lidar=/rgbd_camera/points pose=/mavros/local_position/pose odom=/mavros/local_position/odom yolo=/yolo_detector/detected_bounding_boxes
[gazebo-1] [INFO] [1776958481.094760799] [pedestrian_pose_sync_system]: Configured pedestrian pose sync plugin on topic [/pedestrian_sim/agent_states] for 8 models.
[uav_trajectory_controller-4] [WARN] [1776958481.491902982] [uav_trajectory_controller]: SetEntityPose request timed out after 0.62s on /world/pedestrian_prototype/set_pose/blocking; dropping the pending request and retrying.
[uav_trajectory_controller-4] [WARN] [1776958481.494450685] [uav_trajectory_controller]: Falling back from /world/pedestrian_prototype/set_pose/blocking to /world/pedestrian_prototype/set_pose.
[lvdot_detector_main-7] [INFO] [1776958482.126527219] [lvdot_detector_node]: Input health: depth=0 color=0 lidar=0 pose=0 odom=0 yolo=0 depth_pose_sync=0 lidar_pose_sync=0 depth_odom_sync=0 lidar_odom_sync=0
[lvdot_detector_main-7] [INFO] [1776958482.126753219] [lvdot_detector_node]: Stage timers: detection=60 lidar_detection=60 tracking=60 classification=60 vis=60
[lvdot_detector_main-7] [INFO] [1776958482.126777019] [lvdot_detector_node]: Processing phases: detection=waiting_sensor_pose lidar_detection=waiting_new_lidar tracking=waiting_new_filtered_update classification=waiting_new_tracking_update
[lvdot_detector_main-7] [INFO] [1776958482.126786419] [lvdot_detector_node]: Pipeline stats: depth_samples=0/0 u_map=0 depth_boxes=0 u_map_merge=0 u_map_db=0 u_map_visual=0 u_map_fused=0 u_map_filtered=0 lidar_samples=0/0 uv=0 db=0 lidar=0 fused=0 filtered=0 tracks=0 dynamic=0 dyn_points=0 raw_dyn_points=0 service=0/0 split=0->0 (0 outputs) fusion_components=0 visual_only=0 lidar_only=0 yolo_in=0 yolo_match3d=0 yolo_match_det=0 yolo_human=0 fixed_size=0 size_reject=0
[uav_trajectory_controller-4] [WARN] [1776958482.202882818] [uav_trajectory_controller]: SetEntityPose request timed out after 0.62s on /world/pedestrian_prototype/set_pose; dropping the pending request and retrying.
[lvdot_detector_main-7] [INFO] [1776958488.800757196] [lvdot_detector_node]: Input health: depth=13 color=13 lidar=11 pose=47 odom=47 yolo=12 depth_pose_sync=0 lidar_pose_sync=0 depth_odom_sync=0 lidar_odom_sync=0
[lvdot_detector_main-7] [INFO] [1776958488.800883487] [lvdot_detector_node]: Stage timers: detection=139 lidar_detection=137 tracking=242 classification=242 vis=240
[lvdot_detector_main-7] [INFO] [1776958488.800906311] [lvdot_detector_node]: Processing phases: detection=run_core lidar_detection=run_lidar_detector/dbscan tracking=waiting_new_filtered_update classification=waiting_new_tracking_update
[lvdot_detector_main-7] [INFO] [1776958488.800922902] [lvdot_detector_node]: Pipeline stats: depth_samples=1382/71300 u_map=2 depth_boxes=0 u_map_merge=0 u_map_db=0 u_map_visual=0 u_map_fused=0 u_map_filtered=0 lidar_samples=3171/123039 uv=2 db=6 lidar=10 fused=12 filtered=12 tracks=12 dynamic=0 dyn_points=0 raw_dyn_points=0 service=0/0 split=12->0 (12 outputs) fusion_components=12 visual_only=2 lidar_only=10 yolo_in=0 yolo_match3d=0 yolo_match_det=0 yolo_human=0 fixed_size=0 size_reject=0
[lvdot_detector_main-7] [INFO] [1776958494.810169964] [lvdot_detector_node]: Input health: depth=32 color=30 lidar=26 pose=95 odom=95 yolo=27 depth_pose_sync=0 lidar_pose_sync=0 depth_odom_sync=0 lidar_odom_sync=0
[lvdot_detector_main-7] [INFO] [1776958494.810235824] [lvdot_detector_node]: Stage timers: detection=146 lidar_detection=139 tracking=421 classification=421 vis=397
[lvdot_detector_main-7] [INFO] [1776958494.810246784] [lvdot_detector_node]: Processing phases: detection=run_core lidar_detection=run_lidar_detector/dbscan tracking=waiting_new_filtered_update classification=waiting_new_tracking_update
[lvdot_detector_main-7] [INFO] [1776958494.810259453] [lvdot_detector_node]: Pipeline stats: depth_samples=1188/71300 u_map=3 depth_boxes=0 u_map_merge=0 u_map_db=0 u_map_visual=0 u_map_fused=0 u_map_filtered=0 lidar_samples=3350/146295 uv=2 db=11 lidar=75 fused=77 filtered=80 tracks=80 dynamic=4 dyn_points=161 raw_dyn_points=0 service=0/0 split=77->1 (80 outputs) fusion_components=77 visual_only=2 lidar_only=75 yolo_in=5 yolo_match3d=2 yolo_match_det=5 yolo_human=5 fixed_size=0 size_reject=1
[lvdot_detector_main-7] [INFO] [1776958500.804601490] [lvdot_detector_node]: Input health: depth=65 color=62 lidar=52 pose=143 odom=143 yolo=46 depth_pose_sync=0 lidar_pose_sync=0 depth_odom_sync=0 lidar_odom_sync=0
[lvdot_detector_main-7] [INFO] [1776958500.805471132] [lvdot_detector_node]: Stage timers: detection=154 lidar_detection=142 tracking=600 classification=600 vis=568
[lvdot_detector_main-7] [INFO] [1776958500.805491024] [lvdot_detector_node]: Processing phases: detection=run_core lidar_detection=run_lidar_detector/project tracking=waiting_new_filtered_update classification=waiting_new_tracking_update
[lvdot_detector_main-7] [INFO] [1776958500.805502849] [lvdot_detector_node]: Pipeline stats: depth_samples=1536/71300 u_map=0 depth_boxes=0 u_map_merge=0 u_map_db=0 u_map_visual=0 u_map_fused=0 u_map_filtered=0 lidar_samples=3389/108090 uv=0 db=9 lidar=6 fused=6 filtered=6 tracks=6 dynamic=0 dyn_points=0 raw_dyn_points=0 service=0/0 split=6->0 (6 outputs) fusion_components=6 visual_only=0 lidar_only=6 yolo_in=0 yolo_match3d=0 yolo_match_det=0 yolo_human=0 fixed_size=0 size_reject=0
[lvdot_detector_main-7] [INFO] [1776958506.796888028] [lvdot_detector_node]: Input health: depth=84 color=82 lidar=70 pose=191 odom=191 yolo=67 depth_pose_sync=0 lidar_pose_sync=0 depth_odom_sync=0 lidar_odom_sync=0
[lvdot_detector_main-7] [INFO] [1776958506.796969066] [lvdot_detector_node]: Stage timers: detection=161 lidar_detection=144 tracking=781 classification=780 vis=739
[lvdot_detector_main-7] [INFO] [1776958506.796991948] [lvdot_detector_node]: Processing phases: detection=run_core lidar_detection=run_lidar_detector/dbscan tracking=waiting_new_filtered_update classification=waiting_new_tracking_update
[lvdot_detector_main-7] [INFO] [1776958506.797008535] [lvdot_detector_node]: Pipeline stats: depth_samples=1374/71300 u_map=2 depth_boxes=0 u_map_merge=0 u_map_db=0 u_map_visual=0 u_map_fused=0 u_map_filtered=0 lidar_samples=3401/123504 uv=2 db=7 lidar=13 fused=15 filtered=16 tracks=16 dynamic=2 dyn_points=0 raw_dyn_points=0 service=0/0 split=15->1 (16 outputs) fusion_components=15 visual_only=2 lidar_only=13 yolo_in=2 yolo_match3d=1 yolo_match_det=2 yolo_human=2 fixed_size=0 size_reject=0
[lvdot_detector_main-7] [INFO] [1776958512.797895261] [lvdot_detector_node]: Input health: depth=105 color=104 lidar=83 pose=239 odom=239 yolo=84 depth_pose_sync=0 lidar_pose_sync=0 depth_odom_sync=0 lidar_odom_sync=0
[lvdot_detector_main-7] [INFO] [1776958512.797996583] [lvdot_detector_node]: Stage timers: detection=168 lidar_detection=146 tracking=962 classification=951 vis=903
[lvdot_detector_main-7] [INFO] [1776958512.798009457] [lvdot_detector_node]: Processing phases: detection=run_core lidar_detection=run_lidar_detector/dbscan tracking=waiting_new_filtered_update classification=waiting_new_tracking_update
[lvdot_detector_main-7] [INFO] [1776958512.798019284] [lvdot_detector_node]: Pipeline stats: depth_samples=1597/71300 u_map=2 depth_boxes=0 u_map_merge=0 u_map_db=0 u_map_visual=0 u_map_fused=0 u_map_filtered=0 lidar_samples=3220/125103 uv=1 db=16 lidar=16 fused=17 filtered=17 tracks=17 dynamic=0 dyn_points=0 raw_dyn_points=0 service=0/0 split=17->0 (17 outputs) fusion_components=17 visual_only=1 lidar_only=16 yolo_in=0 yolo_match3d=0 yolo_match_det=0 yolo_human=0 fixed_size=0 size_reject=0
[lvdot_detector_main-7] [INFO] [1776958518.797664162] [lvdot_detector_node]: Input health: depth=125 color=123 lidar=97 pose=287 odom=287 yolo=96 depth_pose_sync=0 lidar_pose_sync=0 depth_odom_sync=0 lidar_odom_sync=0
[lvdot_detector_main-7] [INFO] [1776958518.797778162] [lvdot_detector_node]: Stage timers: detection=175 lidar_detection=148 tracking=1141 classification=1126 vis=1065
[lvdot_detector_main-7] [INFO] [1776958518.797790162] [lvdot_detector_node]: Processing phases: detection=run_core lidar_detection=run_lidar_detector/dbscan tracking=run_core classification=waiting_new_tracking_update
[lvdot_detector_main-7] [INFO] [1776958518.797799962] [lvdot_detector_node]: Pipeline stats: depth_samples=1536/71300 u_map=0 depth_boxes=0 u_map_merge=0 u_map_db=0 u_map_visual=0 u_map_fused=0 u_map_filtered=0 lidar_samples=3414/123656 uv=0 db=9 lidar=82 fused=82 filtered=82 tracks=82 dynamic=0 dyn_points=0 raw_dyn_points=0 service=0/0 split=82->0 (82 outputs) fusion_components=82 visual_only=0 lidar_only=82 yolo_in=0 yolo_match3d=0 yolo_match_det=0 yolo_human=0 fixed_size=0 size_reject=0
[lvdot_detector_main-7] [INFO] [1776958525.474265420] [lvdot_detector_node]: Input health: depth=137 color=131 lidar=109 pose=335 odom=335 yolo=106 depth_pose_sync=0 lidar_pose_sync=0 depth_odom_sync=0 lidar_odom_sync=0
[lvdot_detector_main-7] [INFO] [1776958525.474331851] [lvdot_detector_node]: Stage timers: detection=181 lidar_detection=151 tracking=1321 classification=1305 vis=1229
[lvdot_detector_main-7] [INFO] [1776958525.474344276] [lvdot_detector_node]: Processing phases: detection=run_core lidar_detection=run_lidar_detector/project tracking=waiting_new_filtered_update classification=waiting_new_tracking_update
[lvdot_detector_main-7] [INFO] [1776958525.474354296] [lvdot_detector_node]: Pipeline stats: depth_samples=1421/71300 u_map=4 depth_boxes=0 u_map_merge=0 u_map_db=0 u_map_visual=0 u_map_fused=0 u_map_filtered=0 lidar_samples=3438/125891 uv=1 db=9 lidar=21 fused=22 filtered=23 tracks=23 dynamic=5 dyn_points=133 raw_dyn_points=1077 service=0/0 split=22->1 (23 outputs) fusion_components=22 visual_only=1 lidar_only=21 yolo_in=5 yolo_match3d=4 yolo_match_det=5 yolo_human=5 fixed_size=0 size_reject=0
[lvdot_detector_main-7] [INFO] [1776958531.463977521] [lvdot_detector_node]: Input health: depth=146 color=145 lidar=116 pose=383 odom=383 yolo=118 depth_pose_sync=0 lidar_pose_sync=0 depth_odom_sync=0 lidar_odom_sync=0
[lvdot_detector_main-7] [INFO] [1776958531.464091794] [lvdot_detector_node]: Stage timers: detection=187 lidar_detection=153 tracking=1500 classification=1484 vis=1354
[lvdot_detector_main-7] [INFO] [1776958531.464190770] [lvdot_detector_node]: Processing phases: detection=idle lidar_detection=run_lidar_detector/decode tracking=waiting_new_filtered_update classification=waiting_new_tracking_update
[lvdot_detector_main-7] [INFO] [1776958531.464205767] [lvdot_detector_node]: Pipeline stats: depth_samples=1351/71300 u_map=3 depth_boxes=0 u_map_merge=0 u_map_db=0 u_map_visual=0 u_map_fused=0 u_map_filtered=0 lidar_samples=2610/196729 uv=1 db=13 lidar=2 fused=5 filtered=5 tracks=4 dynamic=1 dyn_points=0 raw_dyn_points=0 service=0/0 split=5->0 (5 outputs) fusion_components=5 visual_only=1 lidar_only=4 yolo_in=1 yolo_match3d=0 yolo_match_det=0 yolo_human=0 fixed_size=0 size_reject=0
[lvdot_detector_main-7] [INFO] [1776958537.463563594] [lvdot_detector_node]: Input health: depth=163 color=162 lidar=127 pose=431 odom=431 yolo=128 depth_pose_sync=0 lidar_pose_sync=0 depth_odom_sync=0 lidar_odom_sync=0
[lvdot_detector_main-7] [INFO] [1776958537.463643193] [lvdot_detector_node]: Stage timers: detection=194 lidar_detection=155 tracking=1681 classification=1666 vis=1482
[lvdot_detector_main-7] [INFO] [1776958537.463658692] [lvdot_detector_node]: Processing phases: detection=run_core lidar_detection=run_lidar_detector/project tracking=waiting_new_filtered_update classification=waiting_new_tracking_update
[lvdot_detector_main-7] [INFO] [1776958537.463672592] [lvdot_detector_node]: Pipeline stats: depth_samples=1536/71300 u_map=0 depth_boxes=0 u_map_merge=0 u_map_db=0 u_map_visual=0 u_map_fused=0 u_map_filtered=0 lidar_samples=3337/107726 uv=0 db=9 lidar=3 fused=6 filtered=6 tracks=6 dynamic=0 dyn_points=0 raw_dyn_points=0 service=0/0 split=6->0 (6 outputs) fusion_components=6 visual_only=0 lidar_only=6 yolo_in=0 yolo_match3d=0 yolo_match_det=0 yolo_human=0 fixed_size=0 size_reject=0
[lvdot_detector_main-7] [INFO] [1776958543.462961600] [lvdot_detector_node]: Input health: depth=171 color=174 lidar=136 pose=479 odom=479 yolo=139 depth_pose_sync=0 lidar_pose_sync=0 depth_odom_sync=0 lidar_odom_sync=0
[lvdot_detector_main-7] [INFO] [1776958543.463080100] [lvdot_detector_node]: Stage timers: detection=200 lidar_detection=157 tracking=1862 classification=1847 vis=1647
[lvdot_detector_main-7] [INFO] [1776958543.463093800] [lvdot_detector_node]: Processing phases: detection=run_core lidar_detection=run_lidar_detector/project tracking=waiting_new_filtered_update classification=waiting_new_tracking_update
[lvdot_detector_main-7] [INFO] [1776958543.463105300] [lvdot_detector_node]: Pipeline stats: depth_samples=1284/71300 u_map=4 depth_boxes=0 u_map_merge=0 u_map_db=0 u_map_visual=0 u_map_fused=0 u_map_filtered=0 lidar_samples=3405/128084 uv=1 db=9 lidar=20 fused=8 filtered=10 tracks=10 dynamic=2 dyn_points=70 raw_dyn_points=0 service=0/0 split=8->1 (10 outputs) fusion_components=8 visual_only=1 lidar_only=7 yolo_in=5 yolo_match3d=1 yolo_match_det=5 yolo_human=3 fixed_size=0 size_reject=1
[lvdot_detector_main-7] [INFO] [1776958549.461315767] [lvdot_detector_node]: Input health: depth=183 color=190 lidar=145 pose=527 odom=527 yolo=151 depth_pose_sync=0 lidar_pose_sync=0 depth_odom_sync=0 lidar_odom_sync=0
[lvdot_detector_main-7] [INFO] [1776958549.461378667] [lvdot_detector_node]: Stage timers: detection=208 lidar_detection=166 tracking=2039 classification=2027 vis=1786
[lvdot_detector_main-7] [INFO] [1776958549.461392767] [lvdot_detector_node]: Processing phases: detection=run_core lidar_detection=run_lidar_detector/downsample tracking=waiting_new_filtered_update classification=waiting_new_tracking_update
[lvdot_detector_main-7] [INFO] [1776958549.461403367] [lvdot_detector_node]: Pipeline stats: depth_samples=937/71300 u_map=3 depth_boxes=0 u_map_merge=0 u_map_db=0 u_map_visual=0 u_map_fused=0 u_map_filtered=0 lidar_samples=141/7683 uv=1 db=10 lidar=1 fused=2 filtered=2 tracks=2 dynamic=1 dyn_points=91 raw_dyn_points=0 service=0/0 split=2->0 (2 outputs) fusion_components=2 visual_only=1 lidar_only=1 yolo_in=1 yolo_match3d=1 yolo_match_det=1 yolo_human=1 fixed_size=0 size_reject=0
[lvdot_detector_main-7] [INFO] [1776958555.461755024] [lvdot_detector_node]: Input health: depth=205 color=204 lidar=152 pose=575 odom=575 yolo=161 depth_pose_sync=0 lidar_pose_sync=0 depth_odom_sync=0 lidar_odom_sync=0
[lvdot_detector_main-7] [INFO] [1776958555.461826824] [lvdot_detector_node]: Stage timers: detection=214 lidar_detection=168 tracking=2221 classification=2208 vis=1955
[lvdot_detector_main-7] [INFO] [1776958555.461837824] [lvdot_detector_node]: Processing phases: detection=run_core lidar_detection=run_lidar_detector/dbscan tracking=waiting_new_filtered_update classification=waiting_new_tracking_update
[lvdot_detector_main-7] [INFO] [1776958555.461847224] [lvdot_detector_node]: Pipeline stats: depth_samples=1536/71300 u_map=0 depth_boxes=0 u_map_merge=0 u_map_db=0 u_map_visual=0 u_map_fused=0 u_map_filtered=0 lidar_samples=3292/116760 uv=0 db=9 lidar=9 fused=14 filtered=14 tracks=14 dynamic=0 dyn_points=0 raw_dyn_points=0 service=0/0 split=14->0 (14 outputs) fusion_components=14 visual_only=0 lidar_only=14 yolo_in=0 yolo_match3d=0 yolo_match_det=0 yolo_human=0 fixed_size=0 size_reject=0
[lvdot_detector_main-7] [INFO] [1776958561.466357637] [lvdot_detector_node]: Input health: depth=217 color=215 lidar=161 pose=623 odom=623 yolo=175 depth_pose_sync=0 lidar_pose_sync=0 depth_odom_sync=0 lidar_odom_sync=0
[lvdot_detector_main-7] [INFO] [1776958561.466426662] [lvdot_detector_node]: Stage timers: detection=221 lidar_detection=170 tracking=2401 classification=2390 vis=2130
[lvdot_detector_main-7] [INFO] [1776958561.466439587] [lvdot_detector_node]: Processing phases: detection=run_core lidar_detection=run_lidar_detector/dbscan tracking=waiting_new_filtered_update classification=waiting_new_tracking_update
[lvdot_detector_main-7] [INFO] [1776958561.466494587] [lvdot_detector_node]: Pipeline stats: depth_samples=1552/71300 u_map=3 depth_boxes=0 u_map_merge=0 u_map_db=0 u_map_visual=0 u_map_fused=0 u_map_filtered=0 lidar_samples=3274/155740 uv=0 db=7 lidar=68 fused=68 filtered=68 tracks=68 dynamic=0 dyn_points=0 raw_dyn_points=0 service=0/0 split=68->0 (68 outputs) fusion_components=68 visual_only=0 lidar_only=68 yolo_in=4 yolo_match3d=0 yolo_match_det=0 yolo_human=0 fixed_size=0 size_reject=0
[lvdot_detector_main-7] [INFO] [1776958567.460607213] [lvdot_detector_node]: Input health: depth=235 color=231 lidar=170 pose=671 odom=671 yolo=186 depth_pose_sync=0 lidar_pose_sync=0 depth_odom_sync=0 lidar_odom_sync=0
[lvdot_detector_main-7] [INFO] [1776958567.460666155] [lvdot_detector_node]: Stage timers: detection=228 lidar_detection=173 tracking=2579 classification=2567 vis=2290
[lvdot_detector_main-7] [INFO] [1776958567.460675963] [lvdot_detector_node]: Processing phases: detection=run_core lidar_detection=run_lidar_detector/project tracking=waiting_new_filtered_update classification=waiting_new_tracking_update
[lvdot_detector_main-7] [INFO] [1776958567.460684397] [lvdot_detector_node]: Pipeline stats: depth_samples=1486/71300 u_map=3 depth_boxes=0 u_map_merge=0 u_map_db=0 u_map_visual=0 u_map_fused=0 u_map_filtered=0 lidar_samples=3215/125241 uv=1 db=15 lidar=12 fused=12 filtered=12 tracks=12 dynamic=0 dyn_points=0 raw_dyn_points=0 service=0/0 split=12->0 (12 outputs) fusion_components=12 visual_only=0 lidar_only=11 yolo_in=1 yolo_match3d=0 yolo_match_det=0 yolo_human=0 fixed_size=0 size_reject=0
[lvdot_detector_main-7] [INFO] [1776958573.459636466] [lvdot_detector_node]: Input health: depth=248 color=241 lidar=178 pose=719 odom=719 yolo=197 depth_pose_sync=0 lidar_pose_sync=0 depth_odom_sync=0 lidar_odom_sync=0
[lvdot_detector_main-7] [INFO] [1776958573.459747937] [lvdot_detector_node]: Stage timers: detection=235 lidar_detection=175 tracking=2758 classification=2741 vis=2451
[lvdot_detector_main-7] [INFO] [1776958573.459763057] [lvdot_detector_node]: Processing phases: detection=run_core lidar_detection=run_lidar_detector/project tracking=waiting_new_filtered_update classification=waiting_new_tracking_update
[lvdot_detector_main-7] [INFO] [1776958573.459773927] [lvdot_detector_node]: Pipeline stats: depth_samples=1615/71300 u_map=3 depth_boxes=0 u_map_merge=0 u_map_db=0 u_map_visual=0 u_map_fused=0 u_map_filtered=0 lidar_samples=3401/108018 uv=0 db=9 lidar=3 fused=3 filtered=3 tracks=3 dynamic=0 dyn_points=0 raw_dyn_points=0 service=0/0 split=3->0 (3 outputs) fusion_components=3 visual_only=0 lidar_only=3 yolo_in=0 yolo_match3d=0 yolo_match_det=0 yolo_human=0 fixed_size=0 size_reject=1
[lvdot_detector_main-7] [INFO] [1776958579.461437950] [lvdot_detector_node]: Input health: depth=261 color=253 lidar=188 pose=768 odom=768 yolo=208 depth_pose_sync=0 lidar_pose_sync=0 depth_odom_sync=0 lidar_odom_sync=0
[lvdot_detector_main-7] [INFO] [1776958579.461508809] [lvdot_detector_node]: Stage timers: detection=241 lidar_detection=177 tracking=2938 classification=2921 vis=2612
[lvdot_detector_main-7] [INFO] [1776958579.461520102] [lvdot_detector_node]: Processing phases: detection=run_core lidar_detection=run_lidar_detector/project tracking=waiting_new_filtered_update classification=waiting_new_tracking_update
[lvdot_detector_main-7] [INFO] [1776958579.461529497] [lvdot_detector_node]: Pipeline stats: depth_samples=1334/71300 u_map=2 depth_boxes=0 u_map_merge=0 u_map_db=0 u_map_visual=0 u_map_fused=0 u_map_filtered=0 lidar_samples=3371/137866 uv=1 db=8 lidar=77 fused=78 filtered=78 tracks=78 dynamic=1 dyn_points=65 raw_dyn_points=992 service=0/0 split=78->0 (78 outputs) fusion_components=78 visual_only=1 lidar_only=77 yolo_in=3 yolo_match3d=3 yolo_match_det=3 yolo_human=3 fixed_size=0 size_reject=2
[lvdot_detector_main-7] [INFO] [1776958585.468062895] [lvdot_detector_node]: Input health: depth=278 color=264 lidar=195 pose=815 odom=815 yolo=218 depth_pose_sync=0 lidar_pose_sync=0 depth_odom_sync=0 lidar_odom_sync=0
[lvdot_detector_main-7] [INFO] [1776958585.468129087] [lvdot_detector_node]: Stage timers: detection=248 lidar_detection=179 tracking=3115 classification=3099 vis=2751
[lvdot_detector_main-7] [INFO] [1776958585.468141220] [lvdot_detector_node]: Processing phases: detection=run_core lidar_detection=run_lidar_detector/project tracking=waiting_new_filtered_update classification=waiting_new_tracking_update
[lvdot_detector_main-7] [INFO] [1776958585.468151078] [lvdot_detector_node]: Pipeline stats: depth_samples=1368/71300 u_map=2 depth_boxes=0 u_map_merge=0 u_map_db=0 u_map_visual=0 u_map_fused=0 u_map_filtered=0 lidar_samples=3266/126508 uv=1 db=9 lidar=19 fused=12 filtered=12 tracks=12 dynamic=0 dyn_points=0 raw_dyn_points=1885 service=0/0 split=12->0 (12 outputs) fusion_components=12 visual_only=1 lidar_only=11 yolo_in=1 yolo_match3d=0 yolo_match_det=0 yolo_human=0 fixed_size=0 size_reject=0
[lvdot_detector_main-7] [INFO] [1776958592.018733658] [lvdot_detector_node]: Input health: depth=292 color=275 lidar=207 pose=864 odom=864 yolo=229 depth_pose_sync=0 lidar_pose_sync=0 depth_odom_sync=0 lidar_odom_sync=0
[lvdot_detector_main-7] [INFO] [1776958592.018820958] [lvdot_detector_node]: Stage timers: detection=254 lidar_detection=181 tracking=3295 classification=3280 vis=2913
[lvdot_detector_main-7] [INFO] [1776958592.018831158] [lvdot_detector_node]: Processing phases: detection=run_core lidar_detection=run_lidar_detector/dbscan tracking=waiting_new_filtered_update classification=waiting_new_tracking_update
[lvdot_detector_main-7] [INFO] [1776958592.018838558] [lvdot_detector_node]: Pipeline stats: depth_samples=1667/71300 u_map=3 depth_boxes=0 u_map_merge=0 u_map_db=0 u_map_visual=0 u_map_fused=0 u_map_filtered=0 lidar_samples=3434/108156 uv=1 db=9 lidar=11 fused=70 filtered=70 tracks=70 dynamic=0 dyn_points=0 raw_dyn_points=0 service=0/0 split=70->0 (70 outputs) fusion_components=70 visual_only=1 lidar_only=69 yolo_in=3 yolo_match3d=1 yolo_match_det=1 yolo_human=1 fixed_size=0 size_reject=1
[lvdot_detector_main-7] [INFO] [1776958598.020968474] [lvdot_detector_node]: Input health: depth=304 color=289 lidar=220 pose=912 odom=912 yolo=242 depth_pose_sync=0 lidar_pose_sync=0 depth_odom_sync=0 lidar_odom_sync=0
[lvdot_detector_main-7] [INFO] [1776958598.021046474] [lvdot_detector_node]: Stage timers: detection=261 lidar_detection=183 tracking=3477 classification=3462 vis=3084
[lvdot_detector_main-7] [INFO] [1776958598.021062774] [lvdot_detector_node]: Processing phases: detection=run_core lidar_detection=run_lidar_detector/dbscan tracking=waiting_new_filtered_update classification=waiting_new_tracking_update
[lvdot_detector_main-7] [INFO] [1776958598.021074274] [lvdot_detector_node]: Pipeline stats: depth_samples=1831/71300 u_map=4 depth_boxes=0 u_map_merge=0 u_map_db=0 u_map_visual=0 u_map_fused=0 u_map_filtered=0 lidar_samples=3498/120913 uv=2 db=11 lidar=19 fused=21 filtered=22 tracks=22 dynamic=3 dyn_points=134 raw_dyn_points=268 service=0/0 split=21->1 (22 outputs) fusion_components=21 visual_only=2 lidar_only=19 yolo_in=4 yolo_match3d=2 yolo_match_det=4 yolo_human=3 fixed_size=0 size_reject=0
[lvdot_detector_main-7] [INFO] [1776958604.013739232] [lvdot_detector_node]: Input health: depth=329 color=309 lidar=239 pose=960 odom=960 yolo=256 depth_pose_sync=0 lidar_pose_sync=0 depth_odom_sync=0 lidar_odom_sync=0
[lvdot_detector_main-7] [INFO] [1776958604.013840426] [lvdot_detector_node]: Stage timers: detection=268 lidar_detection=185 tracking=3651 classification=3639 vis=3231
[lvdot_detector_main-7] [INFO] [1776958604.013854204] [lvdot_detector_node]: Processing phases: detection=run_core lidar_detection=run_lidar_detector/dbscan tracking=waiting_new_filtered_update classification=waiting_new_tracking_update
[lvdot_detector_main-7] [INFO] [1776958604.013864294] [lvdot_detector_node]: Pipeline stats: depth_samples=1344/71300 u_map=1 depth_boxes=0 u_map_merge=0 u_map_db=0 u_map_visual=0 u_map_fused=0 u_map_filtered=0 lidar_samples=3113/131343 uv=0 db=12 lidar=20 fused=20 filtered=20 tracks=20 dynamic=0 dyn_points=0 raw_dyn_points=0 service=0/0 split=20->0 (20 outputs) fusion_components=20 visual_only=0 lidar_only=20 yolo_in=0 yolo_match3d=0 yolo_match_det=0 yolo_human=0 fixed_size=0 size_reject=0
[lvdot_detector_main-7] [INFO] [1776958610.024419878] [lvdot_detector_node]: Input health: depth=354 color=335 lidar=259 pose=1008 odom=1008 yolo=278 depth_pose_sync=0 lidar_pose_sync=0 depth_odom_sync=0 lidar_odom_sync=0
[lvdot_detector_main-7] [INFO] [1776958610.024497670] [lvdot_detector_node]: Stage timers: detection=275 lidar_detection=188 tracking=3828 classification=3818 vis=3405
[lvdot_detector_main-7] [INFO] [1776958610.024507543] [lvdot_detector_node]: Processing phases: detection=idle lidar_detection=run_lidar_detector/project tracking=waiting_new_filtered_update classification=waiting_new_tracking_update
[lvdot_detector_main-7] [INFO] [1776958610.024514923] [lvdot_detector_node]: Pipeline stats: depth_samples=1500/71300 u_map=2 depth_boxes=0 u_map_merge=0 u_map_db=0 u_map_visual=0 u_map_fused=0 u_map_filtered=0 lidar_samples=3397/107902 uv=1 db=9 lidar=8 fused=4 filtered=4 tracks=8 dynamic=0 dyn_points=0 raw_dyn_points=0 service=0/0 split=4->0 (4 outputs) fusion_components=4 visual_only=1 lidar_only=3 yolo_in=3 yolo_match3d=0 yolo_match_det=0 yolo_human=0 fixed_size=0 size_reject=0
[lvdot_detector_main-7] [INFO] [1776958616.013794380] [lvdot_detector_node]: Input health: depth=371 color=356 lidar=278 pose=1056 odom=1056 yolo=297 depth_pose_sync=0 lidar_pose_sync=0 depth_odom_sync=0 lidar_odom_sync=0
[lvdot_detector_main-7] [INFO] [1776958616.013892616] [lvdot_detector_node]: Stage timers: detection=283 lidar_detection=190 tracking=4007 classification=3998 vis=3563
[lvdot_detector_main-7] [INFO] [1776958616.013914059] [lvdot_detector_node]: Processing phases: detection=run_core lidar_detection=run_lidar_detector/dbscan tracking=waiting_new_filtered_update classification=waiting_new_tracking_update
[lvdot_detector_main-7] [INFO] [1776958616.013931712] [lvdot_detector_node]: Pipeline stats: depth_samples=1888/71300 u_map=2 depth_boxes=0 u_map_merge=0 u_map_db=0 u_map_visual=0 u_map_fused=0 u_map_filtered=0 lidar_samples=3390/140471 uv=1 db=12 lidar=65 fused=80 filtered=80 tracks=80 dynamic=1 dyn_points=77 raw_dyn_points=0 service=0/0 split=80->1 (80 outputs) fusion_components=80 visual_only=1 lidar_only=79 yolo_in=3 yolo_match3d=1 yolo_match_det=2 yolo_human=1 fixed_size=0 size_reject=0
[lvdot_detector_main-7] [INFO] [1776958622.691765530] [lvdot_detector_node]: Input health: depth=396 color=376 lidar=287 pose=1104 odom=1104 yolo=310 depth_pose_sync=0 lidar_pose_sync=0 depth_odom_sync=0 lidar_odom_sync=0
[lvdot_detector_main-7] [INFO] [1776958622.691838570] [lvdot_detector_node]: Stage timers: detection=290 lidar_detection=192 tracking=4184 classification=4173 vis=3708
[lvdot_detector_main-7] [INFO] [1776958622.691851959] [lvdot_detector_node]: Processing phases: detection=run_core lidar_detection=run_lidar_detector/dbscan tracking=waiting_new_filtered_update classification=waiting_new_tracking_update
[lvdot_detector_main-7] [INFO] [1776958622.691862650] [lvdot_detector_node]: Pipeline stats: depth_samples=1227/71300 u_map=1 depth_boxes=0 u_map_merge=0 u_map_db=0 u_map_visual=0 u_map_fused=0 u_map_filtered=0 lidar_samples=3376/126018 uv=0 db=8 lidar=17 fused=17 filtered=17 tracks=17 dynamic=0 dyn_points=0 raw_dyn_points=0 service=0/0 split=17->0 (17 outputs) fusion_components=17 visual_only=0 lidar_only=17 yolo_in=1 yolo_match3d=0 yolo_match_det=0 yolo_human=0 fixed_size=0 size_reject=0
[lvdot_detector_main-7] [INFO] [1776958628.696531446] [lvdot_detector_node]: Input health: depth=417 color=403 lidar=306 pose=1152 odom=1152 yolo=330 depth_pose_sync=0 lidar_pose_sync=0 depth_odom_sync=0 lidar_odom_sync=0
[lvdot_detector_main-7] [INFO] [1776958628.696634526] [lvdot_detector_node]: Stage timers: detection=297 lidar_detection=194 tracking=4366 classification=4355 vis=3879
[lvdot_detector_main-7] [INFO] [1776958628.696652526] [lvdot_detector_node]: Processing phases: detection=run_core lidar_detection=run_lidar_detector/dbscan tracking=waiting_new_filtered_update classification=waiting_new_tracking_update
[lvdot_detector_main-7] [INFO] [1776958628.696665509] [lvdot_detector_node]: Pipeline stats: depth_samples=1693/71300 u_map=2 depth_boxes=0 u_map_merge=0 u_map_db=0 u_map_visual=0 u_map_fused=0 u_map_filtered=0 lidar_samples=3376/108235 uv=1 db=14 lidar=3 fused=4 filtered=4 tracks=4 dynamic=1 dyn_points=96 raw_dyn_points=0 service=0/0 split=4->0 (4 outputs) fusion_components=4 visual_only=1 lidar_only=3 yolo_in=4 yolo_match3d=1 yolo_match_det=1 yolo_human=1 fixed_size=0 size_reject=0
[lvdot_detector_main-7] [INFO] [1776958634.704617437] [lvdot_detector_node]: Input health: depth=433 color=417 lidar=323 pose=1200 odom=1200 yolo=345 depth_pose_sync=0 lidar_pose_sync=0 depth_odom_sync=0 lidar_odom_sync=0
[lvdot_detector_main-7] [INFO] [1776958634.704684386] [lvdot_detector_node]: Stage timers: detection=304 lidar_detection=197 tracking=4545 classification=4533 vis=4039
[lvdot_detector_main-7] [INFO] [1776958634.704695799] [lvdot_detector_node]: Processing phases: detection=run_core lidar_detection=run_lidar_detector/project tracking=waiting_new_filtered_update classification=waiting_new_tracking_update
[lvdot_detector_main-7] [INFO] [1776958634.704705683] [lvdot_detector_node]: Pipeline stats: depth_samples=1284/71300 u_map=4 depth_boxes=0 u_map_merge=0 u_map_db=0 u_map_visual=0 u_map_fused=0 u_map_filtered=0 lidar_samples=3075/169608 uv=0 db=10 lidar=20 fused=20 filtered=21 tracks=21 dynamic=0 dyn_points=0 raw_dyn_points=0 service=0/0 split=20->1 (21 outputs) fusion_components=20 visual_only=0 lidar_only=20 yolo_in=3 yolo_match3d=2 yolo_match_det=3 yolo_human=3 fixed_size=0 size_reject=0
[lvdot_detector_main-7] [INFO] [1776958640.691119135] [lvdot_detector_node]: Input health: depth=453 color=440 lidar=336 pose=1248 odom=1248 yolo=361 depth_pose_sync=0 lidar_pose_sync=0 depth_odom_sync=0 lidar_odom_sync=0
[lvdot_detector_main-7] [INFO] [1776958640.691252626] [lvdot_detector_node]: Stage timers: detection=311 lidar_detection=199 tracking=4722 classification=4707 vis=4192
[lvdot_detector_main-7] [INFO] [1776958640.691273210] [lvdot_detector_node]: Processing phases: detection=run_core lidar_detection=run_lidar_detector/dbscan tracking=waiting_new_filtered_update classification=waiting_new_tracking_update
[lvdot_detector_main-7] [INFO] [1776958640.691285234] [lvdot_detector_node]: Pipeline stats: depth_samples=1205/71300 u_map=2 depth_boxes=0 u_map_merge=0 u_map_db=0 u_map_visual=0 u_map_fused=0 u_map_filtered=0 lidar_samples=3431/125693 uv=0 db=8 lidar=5 fused=22 filtered=22 tracks=22 dynamic=0 dyn_points=0 raw_dyn_points=0 service=0/0 split=22->0 (22 outputs) fusion_components=22 visual_only=0 lidar_only=22 yolo_in=1 yolo_match3d=0 yolo_match_det=0 yolo_human=0 fixed_size=0 size_reject=0
[lvdot_detector_main-7] [INFO] [1776958646.691102243] [lvdot_detector_node]: Input health: depth=477 color=461 lidar=358 pose=1296 odom=1296 yolo=381 depth_pose_sync=0 lidar_pose_sync=0 depth_odom_sync=0 lidar_odom_sync=0
[lvdot_detector_main-7] [INFO] [1776958646.691217456] [lvdot_detector_node]: Stage timers: detection=319 lidar_detection=201 tracking=4904 classification=4889 vis=4369
[lvdot_detector_main-7] [INFO] [1776958646.691233653] [lvdot_detector_node]: Processing phases: detection=run_core lidar_detection=run_lidar_detector/dbscan tracking=waiting_new_filtered_update classification=waiting_new_tracking_update
[lvdot_detector_main-7] [INFO] [1776958646.691271253] [lvdot_detector_node]: Pipeline stats: depth_samples=1587/71300 u_map=3 depth_boxes=0 u_map_merge=0 u_map_db=0 u_map_visual=0 u_map_fused=0 u_map_filtered=0 lidar_samples=3388/107957 uv=1 db=11 lidar=5 fused=6 filtered=6 tracks=6 dynamic=1 dyn_points=57 raw_dyn_points=0 service=0/0 split=6->1 (6 outputs) fusion_components=6 visual_only=1 lidar_only=5 yolo_in=4 yolo_match3d=1 yolo_match_det=2 yolo_human=1 fixed_size=0 size_reject=0
[lvdot_detector_main-7] [INFO] [1776958652.705882157] [lvdot_detector_node]: Input health: depth=495 color=479 lidar=378 pose=1344 odom=1344 yolo=400 depth_pose_sync=0 lidar_pose_sync=0 depth_odom_sync=0 lidar_odom_sync=0
[lvdot_detector_main-7] [INFO] [1776958652.705992251] [lvdot_detector_node]: Stage timers: detection=326 lidar_detection=204 tracking=5085 classification=5071 vis=4538
[lvdot_detector_main-7] [INFO] [1776958652.706012107] [lvdot_detector_node]: Processing phases: detection=run_core lidar_detection=run_lidar_detector/project tracking=waiting_new_filtered_update classification=waiting_new_tracking_update
[lvdot_detector_main-7] [INFO] [1776958652.706026459] [lvdot_detector_node]: Pipeline stats: depth_samples=1562/71300 u_map=2 depth_boxes=0 u_map_merge=0 u_map_db=0 u_map_visual=0 u_map_fused=0 u_map_filtered=0 lidar_samples=3158/206851 uv=2 db=8 lidar=9 fused=17 filtered=17 tracks=17 dynamic=0 dyn_points=0 raw_dyn_points=0 service=0/0 split=17->0 (17 outputs) fusion_components=17 visual_only=1 lidar_only=15 yolo_in=0 yolo_match3d=0 yolo_match_det=0 yolo_human=0 fixed_size=0 size_reject=0
[lvdot_detector_main-7] [INFO] [1776958658.700957651] [lvdot_detector_node]: Input health: depth=526 color=501 lidar=391 pose=1392 odom=1392 yolo=418 depth_pose_sync=0 lidar_pose_sync=0 depth_odom_sync=0 lidar_odom_sync=0
[lvdot_detector_main-7] [INFO] [1776958658.701036956] [lvdot_detector_node]: Stage timers: detection=333 lidar_detection=206 tracking=5264 classification=5253 vis=4694
[lvdot_detector_main-7] [INFO] [1776958658.701048676] [lvdot_detector_node]: Processing phases: detection=run_core lidar_detection=run_lidar_detector/dbscan tracking=waiting_new_filtered_update classification=waiting_new_tracking_update
[lvdot_detector_main-7] [INFO] [1776958658.701058541] [lvdot_detector_node]: Pipeline stats: depth_samples=1581/71300 u_map=0 depth_boxes=0 u_map_merge=0 u_map_db=0 u_map_visual=0 u_map_fused=0 u_map_filtered=0 lidar_samples=3386/116335 uv=0 db=9 lidar=62 fused=24 filtered=24 tracks=24 dynamic=0 dyn_points=0 raw_dyn_points=0 service=0/0 split=24->0 (24 outputs) fusion_components=24 visual_only=0 lidar_only=24 yolo_in=0 yolo_match3d=0 yolo_match_det=0 yolo_human=0 fixed_size=0 size_reject=0
[lvdot_detector_main-7] [INFO] [1776958664.696767282] [lvdot_detector_node]: Input health: depth=543 color=516 lidar=404 pose=1440 odom=1440 yolo=431 depth_pose_sync=0 lidar_pose_sync=0 depth_odom_sync=0 lidar_odom_sync=0
[lvdot_detector_main-7] [INFO] [1776958664.696834193] [lvdot_detector_node]: Stage timers: detection=339 lidar_detection=208 tracking=5445 classification=5432 vis=4868
[lvdot_detector_main-7] [INFO] [1776958664.696846203] [lvdot_detector_node]: Processing phases: detection=run_core lidar_detection=run_lidar_detector/dbscan tracking=waiting_new_filtered_update classification=waiting_new_tracking_update
[lvdot_detector_main-7] [INFO] [1776958664.696855790] [lvdot_detector_node]: Pipeline stats: depth_samples=1722/71300 u_map=1 depth_boxes=0 u_map_merge=0 u_map_db=0 u_map_visual=0 u_map_fused=0 u_map_filtered=0 lidar_samples=3392/107967 uv=1 db=14 lidar=3 fused=4 filtered=4 tracks=4 dynamic=1 dyn_points=34 raw_dyn_points=0 service=0/0 split=4->1 (4 outputs) fusion_components=4 visual_only=1 lidar_only=3 yolo_in=4 yolo_match3d=1 yolo_match_det=2 yolo_human=1 fixed_size=0 size_reject=0
[lvdot_detector_main-7] [INFO] [1776958670.691155450] [lvdot_detector_node]: Input health: depth=552 color=531 lidar=414 pose=1487 odom=1487 yolo=445 depth_pose_sync=0 lidar_pose_sync=0 depth_odom_sync=0 lidar_odom_sync=0
[lvdot_detector_main-7] [INFO] [1776958670.691318787] [lvdot_detector_node]: Stage timers: detection=346 lidar_detection=210 tracking=5623 classification=5611 vis=5033
[lvdot_detector_main-7] [INFO] [1776958670.691345016] [lvdot_detector_node]: Processing phases: detection=run_core lidar_detection=run_lidar_detector/dbscan tracking=waiting_new_filtered_update classification=waiting_new_tracking_update
[lvdot_detector_main-7] [INFO] [1776958670.691362701] [lvdot_detector_node]: Pipeline stats: depth_samples=1510/71300 u_map=2 depth_boxes=0 u_map_merge=0 u_map_db=0 u_map_visual=0 u_map_fused=0 u_map_filtered=0 lidar_samples=3191/133765 uv=2 db=8 lidar=24 fused=26 filtered=26 tracks=26 dynamic=0 dyn_points=0 raw_dyn_points=0 service=0/0 split=26->0 (26 outputs) fusion_components=26 visual_only=2 lidar_only=24 yolo_in=1 yolo_match3d=1 yolo_match_det=1 yolo_human=1 fixed_size=0 size_reject=1
[lvdot_detector_main-7] [INFO] [1776958676.694337964] [lvdot_detector_node]: Input health: depth=580 color=551 lidar=435 pose=1535 odom=1535 yolo=459 depth_pose_sync=0 lidar_pose_sync=0 depth_odom_sync=0 lidar_odom_sync=0
[lvdot_detector_main-7] [INFO] [1776958676.694405286] [lvdot_detector_node]: Stage timers: detection=353 lidar_detection=213 tracking=5805 classification=5793 vis=5192
[lvdot_detector_main-7] [INFO] [1776958676.694415658] [lvdot_detector_node]: Processing phases: detection=run_core lidar_detection=run_lidar_detector/dbscan tracking=waiting_new_filtered_update classification=waiting_new_tracking_update
[lvdot_detector_main-7] [INFO] [1776958676.694424661] [lvdot_detector_node]: Pipeline stats: depth_samples=1581/71300 u_map=0 depth_boxes=0 u_map_merge=0 u_map_db=0 u_map_visual=0 u_map_fused=0 u_map_filtered=0 lidar_samples=3047/116706 uv=0 db=9 lidar=4 fused=0 filtered=0 tracks=0 dynamic=0 dyn_points=0 raw_dyn_points=0 service=0/0 split=0->0 (0 outputs) fusion_components=0 visual_only=0 lidar_only=0 yolo_in=0 yolo_match3d=0 yolo_match_det=0 yolo_human=0 fixed_size=0 size_reject=0
[lvdot_detector_main-7] [INFO] [1776958682.336276586] [lvdot_detector_node]: get_dynamic_obstacles responded with 0 obstacles from 0 tracked dynamic boxes.
[lvdot_detector_main-7] [INFO] [1776958682.691107181] [lvdot_detector_node]: Input health: depth=595 color=564 lidar=446 pose=1581 odom=1581 yolo=471 depth_pose_sync=0 lidar_pose_sync=0 depth_odom_sync=0 lidar_odom_sync=0
[lvdot_detector_main-7] [INFO] [1776958682.691171230] [lvdot_detector_node]: Stage timers: detection=360 lidar_detection=215 tracking=5987 classification=5975 vis=5368
[lvdot_detector_main-7] [INFO] [1776958682.691182912] [lvdot_detector_node]: Processing phases: detection=run_core lidar_detection=run_lidar_detector/dbscan tracking=waiting_new_filtered_update classification=waiting_new_tracking_update
[lvdot_detector_main-7] [INFO] [1776958682.691192514] [lvdot_detector_node]: Pipeline stats: depth_samples=1695/71300 u_map=1 depth_boxes=0 u_map_merge=0 u_map_db=0 u_map_visual=0 u_map_fused=0 u_map_filtered=0 lidar_samples=3405/108036 uv=1 db=12 lidar=5 fused=6 filtered=6 tracks=6 dynamic=0 dyn_points=0 raw_dyn_points=0 service=1/0 split=6->0 (6 outputs) fusion_components=6 visual_only=1 lidar_only=5 yolo_in=3 yolo_match3d=0 yolo_match_det=0 yolo_human=0 fixed_size=0 size_reject=0
[lvdot_detector_main-7] [INFO] [1776958689.341691403] [lvdot_detector_node]: Input health: depth=602 color=580 lidar=456 pose=1629 odom=1629 yolo=486 depth_pose_sync=0 lidar_pose_sync=0 depth_odom_sync=0 lidar_odom_sync=0
[lvdot_detector_main-7] [INFO] [1776958689.341817712] [lvdot_detector_node]: Stage timers: detection=367 lidar_detection=218 tracking=6169 classification=6156 vis=5527
[lvdot_detector_main-7] [INFO] [1776958689.341839274] [lvdot_detector_node]: Processing phases: detection=run_core lidar_detection=run_lidar_detector/project tracking=waiting_new_filtered_update classification=waiting_new_tracking_update
[lvdot_detector_main-7] [INFO] [1776958689.341851539] [lvdot_detector_node]: Pipeline stats: depth_samples=1502/71300 u_map=3 depth_boxes=0 u_map_merge=0 u_map_db=0 u_map_visual=0 u_map_fused=0 u_map_filtered=0 lidar_samples=3140/172675 uv=1 db=9 lidar=19 fused=20 filtered=20 tracks=20 dynamic=2 dyn_points=0 raw_dyn_points=0 service=1/0 split=20->1 (20 outputs) fusion_components=20 visual_only=1 lidar_only=19 yolo_in=5 yolo_match3d=2 yolo_match_det=5 yolo_human=2 fixed_size=0 size_reject=0
[lvdot_detector_main-7] [INFO] [1776958695.328833883] [lvdot_detector_node]: Input health: depth=621 color=602 lidar=469 pose=1677 odom=1677 yolo=497 depth_pose_sync=0 lidar_pose_sync=0 depth_odom_sync=0 lidar_odom_sync=0
[lvdot_detector_main-7] [INFO] [1776958695.329372061] [lvdot_detector_node]: Stage timers: detection=374 lidar_detection=220 tracking=6343 classification=6313 vis=5675
[lvdot_detector_main-7] [INFO] [1776958695.329390457] [lvdot_detector_node]: Processing phases: detection=run_core lidar_detection=run_lidar_detector/project tracking=idle classification=waiting_new_tracking_update
[lvdot_detector_main-7] [INFO] [1776958695.329398089] [lvdot_detector_node]: Pipeline stats: depth_samples=1581/71300 u_map=0 depth_boxes=0 u_map_merge=0 u_map_db=0 u_map_visual=0 u_map_fused=0 u_map_filtered=0 lidar_samples=3377/124356 uv=0 db=9 lidar=70 fused=17 filtered=17 tracks=17 dynamic=1 dyn_points=103 raw_dyn_points=7406 service=1/0 split=17->0 (17 outputs) fusion_components=17 visual_only=0 lidar_only=17 yolo_in=0 yolo_match3d=0 yolo_match_det=0 yolo_human=0 fixed_size=0 size_reject=0
