[INFO] [launch]: All log files can be found below /home/skbt2/.ros/log/2026-04-28-10-42-19-380782-DESKTOP-90MQDL6-7105
[INFO] [launch]: Default logging verbosity is set to INFO
[INFO] [gazebo-1]: process started with pid [7144]
[INFO] [parameter_bridge-2]: process started with pid [7145]
[INFO] [pedestrian_state_publisher-3]: process started with pid [7146]
[INFO] [uav_trajectory_controller-4]: process started with pid [7147]
[INFO] [image_pointcloud_relay-5]: process started with pid [7148]
[INFO] [image_pointcloud_relay-6]: process started with pid [7149]
[INFO] [lvdot_yolo_node-7]: process started with pid [7150]
[INFO] [lvdot_detector_main-8]: process started with pid [7151]
[lvdot_detector_main-8] [INFO] [1777344140.075128559] [lvdot_detector_node]: Config loaded: localization_mode=0 dt=0.033 image=640x480 depth_range=[0.50, 5.00] stage_timers=true vis_stage=false executor_threads=1
[lvdot_detector_main-8] [INFO] [1777344140.104626467] [lvdot_detector_node]: LV-DOT ROS2 skeleton started. depth=/camera/depth/image_rect_raw color=/camera/color/image_raw lidar=/pointcloud pose=/mavros/local_position/pose odom=/mavros/local_position/odom yolo=/yolo_detector/detected_bounding_boxes
[lvdot_detector_main-8] [INFO] [1777344140.104694709] [lvdot_detector_node]: Starting executor with executor_threads=1
[lvdot_detector_main-8] [WARN] [1777344140.104776898] [rclcpp]: MultiThreadedExecutor is used with a single thread.
[lvdot_detector_main-8] Use the SingleThreadedExecutor instead.
[parameter_bridge-2] [INFO] [1777344140.986549803] [ros_gz_bridge]: Creating GZ->ROS Bridge: [/rgbd_camera/image (gz.msgs.Image) -> /rgbd_camera/image (sensor_msgs/msg/Image)] (Lazy 0)
[parameter_bridge-2] [INFO] [1777344141.349404960] [ros_gz_bridge]: Creating GZ->ROS Bridge: [/rgbd_camera/camera_info (gz.msgs.CameraInfo) -> /rgbd_camera/camera_info (sensor_msgs/msg/CameraInfo)] (Lazy 0)
[parameter_bridge-2] [INFO] [1777344141.351680699] [ros_gz_bridge]: Creating GZ->ROS Bridge: [/rgbd_camera/depth_image (gz.msgs.Image) -> /rgbd_camera/depth_image (sensor_msgs/msg/Image)] (Lazy 0)
[parameter_bridge-2] [INFO] [1777344141.352997986] [ros_gz_bridge]: Creating GZ->ROS Bridge: [/rgbd_camera/points (gz.msgs.PointCloudPacked) -> /rgbd_camera/points (sensor_msgs/msg/PointCloud2)] (Lazy 0)
[parameter_bridge-2] [INFO] [1777344141.356061626] [ros_gz_bridge]: Creating GZ->ROS Bridge: [/camera/imu (gz.msgs.IMU) -> /camera/imu (sensor_msgs/msg/Imu)] (Lazy 0)
[parameter_bridge-2] [INFO] [1777344141.358545672] [ros_gz_bridge]: Creating ROS->GZ service bridge [/world/pedestrian_prototype/set_pose (ros_gz_interfaces/srv/SetEntityPose -> /)]
[parameter_bridge-2] [INFO] [1777344141.461404702] [ros_gz_bridge]: Creating ROS->GZ service bridge [/world/pedestrian_prototype/set_pose/blocking (ros_gz_interfaces/srv/SetEntityPose -> /)]
[lvdot_detector_main-8] [INFO] [1777344142.105355697] [lvdot_detector_node]: Input health: depth=0 color=0 lidar=0 pose=0 odom=0 yolo=0 depth_pose_sync=0 lidar_pose_sync=0 depth_odom_sync=0 lidar_odom_sync=0
[lvdot_detector_main-8] [INFO] [1777344142.105756449] [lvdot_detector_node]: Stage timers: detection=60 lidar_detection=60 tracking=60 classification=60 vis=0
[lvdot_detector_main-8] [INFO] [1777344142.105803156] [lvdot_detector_node]: Processing phases: detection=waiting_sensor_pose lidar_detection=waiting_new_lidar tracking=waiting_new_filtered_update classification=waiting_new_tracking_update
[lvdot_detector_main-8] [INFO] [1777344142.105820558] [lvdot_detector_node]: Pipeline stats: depth_samples=0/0 u_map=0 depth_boxes=0 u_map_merge=0 u_map_db=0 u_map_visual=0 u_map_fused=0 u_map_filtered=0 lidar_samples=0/0 uv=0 db=0 lidar=0 fused=0 filtered=0 tracks=0 dynamic=0 dyn_points=0 raw_dyn_points=0 service=0/0 split=0->0 (0 outputs) fusion_components=0 visual_only=0 lidar_only=0 yolo_in=0 yolo_match3d=0 yolo_match_det=0 yolo_human=0 fixed_size=0 size_reject=0
[uav_trajectory_controller-4] [WARN] [1777344142.178950521] [uav_trajectory_controller]: SetEntityPose request timed out after 0.62s on /world/pedestrian_prototype/set_pose/blocking; dropping the pending request and retrying.
[uav_trajectory_controller-4] [WARN] [1777344142.179974157] [uav_trajectory_controller]: Falling back from /world/pedestrian_prototype/set_pose/blocking to /world/pedestrian_prototype/set_pose.
[uav_trajectory_controller-4] [WARN] [1777344143.370488285] [uav_trajectory_controller]: SetEntityPose request timed out after 0.62s on /world/pedestrian_prototype/set_pose; dropping the pending request and retrying.
[gazebo-1] [INFO] [1777344143.949703200] [pedestrian_pose_sync_system]: Configured pedestrian pose sync plugin on topic [/pedestrian_sim/agent_states] for 8 models.
[lvdot_detector_main-8] [INFO] [1777344148.104975199] [lvdot_detector_node]: Input health: depth=0 color=0 lidar=0 pose=34 odom=34 yolo=0 depth_pose_sync=0 lidar_pose_sync=0 depth_odom_sync=0 lidar_odom_sync=0
[lvdot_detector_main-8] [INFO] [1777344148.105120316] [lvdot_detector_node]: Stage timers: detection=242 lidar_detection=242 tracking=242 classification=242 vis=0
[lvdot_detector_main-8] [INFO] [1777344148.105141904] [lvdot_detector_node]: Processing phases: detection=waiting_depth lidar_detection=waiting_new_lidar tracking=waiting_new_filtered_update classification=waiting_new_tracking_update
[lvdot_detector_main-8] [INFO] [1777344148.105157295] [lvdot_detector_node]: Pipeline stats: depth_samples=0/0 u_map=0 depth_boxes=0 u_map_merge=0 u_map_db=0 u_map_visual=0 u_map_fused=0 u_map_filtered=0 lidar_samples=0/0 uv=0 db=0 lidar=0 fused=0 filtered=0 tracks=0 dynamic=0 dyn_points=0 raw_dyn_points=0 service=0/0 split=0->0 (0 outputs) fusion_components=0 visual_only=0 lidar_only=0 yolo_in=0 yolo_match3d=0 yolo_match_det=0 yolo_human=0 fixed_size=0 size_reject=0
[lvdot_detector_main-8] [INFO] [1777344154.105002990] [lvdot_detector_node]: Input health: depth=0 color=0 lidar=0 pose=82 odom=82 yolo=0 depth_pose_sync=0 lidar_pose_sync=0 depth_odom_sync=0 lidar_odom_sync=0
[lvdot_detector_main-8] [INFO] [1777344154.105176594] [lvdot_detector_node]: Stage timers: detection=424 lidar_detection=424 tracking=424 classification=424 vis=0
[lvdot_detector_main-8] [INFO] [1777344154.105201194] [lvdot_detector_node]: Processing phases: detection=waiting_depth lidar_detection=waiting_new_lidar tracking=waiting_new_filtered_update classification=waiting_new_tracking_update
[lvdot_detector_main-8] [INFO] [1777344154.105221595] [lvdot_detector_node]: Pipeline stats: depth_samples=0/0 u_map=0 depth_boxes=0 u_map_merge=0 u_map_db=0 u_map_visual=0 u_map_fused=0 u_map_filtered=0 lidar_samples=0/0 uv=0 db=0 lidar=0 fused=0 filtered=0 tracks=0 dynamic=0 dyn_points=0 raw_dyn_points=0 service=0/0 split=0->0 (0 outputs) fusion_components=0 visual_only=0 lidar_only=0 yolo_in=0 yolo_match3d=0 yolo_match_det=0 yolo_human=0 fixed_size=0 size_reject=0
[lvdot_yolo_node-7] WARNING ⚠️ user config directory '/home/skbt2/.config/Ultralytics' is not writable, using '/tmp/Ultralytics'. Set YOLO_CONFIG_DIR to override.
[lvdot_yolo_node-7] Creating new Ultralytics Settings v0.0.6 file ✅ 
[lvdot_yolo_node-7] View Ultralytics Settings with 'yolo settings' or at '/tmp/Ultralytics/settings.json'
[lvdot_yolo_node-7] Update Settings with 'yolo settings key=value', i.e. 'yolo settings runs_dir=path/to/dir'. For help see https://docs.ultralytics.com/quickstart/#ultralytics-settings.
[lvdot_detector_main-8] [INFO] [1777344163.416754149] [lvdot_detector_node]: Input health: depth=3 color=3 lidar=2 pose=103 odom=103 yolo=0 depth_pose_sync=0 lidar_pose_sync=0 depth_odom_sync=0 lidar_odom_sync=0
[lvdot_detector_main-8] [INFO] [1777344163.416834850] [lvdot_detector_node]: Stage timers: detection=497 lidar_detection=497 tracking=497 classification=497 vis=0
[lvdot_detector_main-8] [INFO] [1777344163.416844350] [lvdot_detector_node]: Processing phases: detection=idle lidar_detection=idle tracking=idle classification=idle
[lvdot_detector_main-8] [INFO] [1777344163.416851651] [lvdot_detector_node]: Pipeline stats: depth_samples=1322/71300 u_map=0 depth_boxes=0 u_map_merge=0 u_map_db=0 u_map_visual=0 u_map_fused=0 u_map_filtered=0 lidar_samples=3405/108055 uv=0 db=14 lidar=4 fused=4 filtered=4 tracks=16 dynamic=0 dyn_points=0 raw_dyn_points=0 service=0/0 split=4->0 (4 outputs) fusion_components=4 visual_only=0 lidar_only=4 yolo_in=0 yolo_match3d=0 yolo_match_det=0 yolo_human=0 fixed_size=0 size_reject=0
[lvdot_detector_main-8] [INFO] [1777344168.967256454] [lvdot_detector_node]: Input health: depth=5 color=5 lidar=4 pose=105 odom=105 yolo=0 depth_pose_sync=0 lidar_pose_sync=0 depth_odom_sync=0 lidar_odom_sync=0
[lvdot_detector_main-8] [INFO] [1777344168.967341272] [lvdot_detector_node]: Stage timers: detection=499 lidar_detection=499 tracking=499 classification=499 vis=0
[lvdot_detector_main-8] [INFO] [1777344168.967351274] [lvdot_detector_node]: Processing phases: detection=idle lidar_detection=idle tracking=idle classification=idle
[lvdot_detector_main-8] [INFO] [1777344168.967357976] [lvdot_detector_node]: Pipeline stats: depth_samples=1435/71300 u_map=2 depth_boxes=0 u_map_merge=0 u_map_db=0 u_map_visual=0 u_map_fused=0 u_map_filtered=0 lidar_samples=3310/128038 uv=0 db=10 lidar=20 fused=20 filtered=20 tracks=21 dynamic=0 dyn_points=0 raw_dyn_points=0 service=0/0 split=20->0 (20 outputs) fusion_components=20 visual_only=0 lidar_only=20 yolo_in=0 yolo_match3d=0 yolo_match_det=0 yolo_human=0 fixed_size=0 size_reject=0
[lvdot_detector_main-8] [INFO] [1777344174.747199113] [lvdot_detector_node]: Input health: depth=7 color=7 lidar=6 pose=107 odom=107 yolo=2 depth_pose_sync=0 lidar_pose_sync=0 depth_odom_sync=0 lidar_odom_sync=0
[lvdot_detector_main-8] [INFO] [1777344174.747306736] [lvdot_detector_node]: Stage timers: detection=501 lidar_detection=501 tracking=501 classification=501 vis=0
[lvdot_detector_main-8] [INFO] [1777344174.747324039] [lvdot_detector_node]: Processing phases: detection=idle lidar_detection=idle tracking=idle classification=idle
[lvdot_detector_main-8] [INFO] [1777344174.747331141] [lvdot_detector_node]: Pipeline stats: depth_samples=1275/71300 u_map=2 depth_boxes=0 u_map_merge=0 u_map_db=0 u_map_visual=0 u_map_fused=0 u_map_filtered=0 lidar_samples=2591/191926 uv=0 db=9 lidar=1 fused=1 filtered=1 tracks=60 dynamic=0 dyn_points=0 raw_dyn_points=0 service=0/0 split=1->0 (1 outputs) fusion_components=1 visual_only=0 lidar_only=1 yolo_in=1 yolo_match3d=0 yolo_match_det=0 yolo_human=0 fixed_size=0 size_reject=0
[lvdot_detector_main-8] [INFO] [1777344179.957878396] [lvdot_detector_node]: Input health: depth=9 color=9 lidar=8 pose=109 odom=109 yolo=4 depth_pose_sync=0 lidar_pose_sync=0 depth_odom_sync=0 lidar_odom_sync=0
[lvdot_detector_main-8] [INFO] [1777344179.957959895] [lvdot_detector_node]: Stage timers: detection=503 lidar_detection=503 tracking=503 classification=503 vis=0
[lvdot_detector_main-8] [INFO] [1777344179.957982195] [lvdot_detector_node]: Processing phases: detection=idle lidar_detection=idle tracking=idle classification=idle
[lvdot_detector_main-8] [INFO] [1777344179.957996595] [lvdot_detector_node]: Pipeline stats: depth_samples=1322/71300 u_map=0 depth_boxes=0 u_map_merge=0 u_map_db=0 u_map_visual=0 u_map_fused=0 u_map_filtered=0 lidar_samples=3385/108120 uv=0 db=14 lidar=3 fused=3 filtered=3 tracks=7 dynamic=3 dyn_points=0 raw_dyn_points=0 service=0/0 split=3->0 (3 outputs) fusion_components=3 visual_only=0 lidar_only=3 yolo_in=0 yolo_match3d=0 yolo_match_det=0 yolo_human=0 fixed_size=0 size_reject=0
[lvdot_detector_main-8] [INFO] [1777344185.251033717] [lvdot_detector_node]: Input health: depth=11 color=11 lidar=10 pose=111 odom=111 yolo=6 depth_pose_sync=0 lidar_pose_sync=0 depth_odom_sync=0 lidar_odom_sync=0
[lvdot_detector_main-8] [INFO] [1777344185.251103720] [lvdot_detector_node]: Stage timers: detection=505 lidar_detection=505 tracking=505 classification=505 vis=0
[lvdot_detector_main-8] [INFO] [1777344185.251117320] [lvdot_detector_node]: Processing phases: detection=idle lidar_detection=idle tracking=idle classification=idle
[lvdot_detector_main-8] [INFO] [1777344185.251128121] [lvdot_detector_node]: Pipeline stats: depth_samples=1480/71300 u_map=2 depth_boxes=0 u_map_merge=0 u_map_db=0 u_map_visual=0 u_map_fused=0 u_map_filtered=0 lidar_samples=3348/122693 uv=2 db=10 lidar=11 fused=12 filtered=13 tracks=21 dynamic=3 dyn_points=0 raw_dyn_points=0 service=0/0 split=12->1 (13 outputs) fusion_components=12 visual_only=1 lidar_only=10 yolo_in=5 yolo_match3d=4 yolo_match_det=5 yolo_human=5 fixed_size=0 size_reject=0
[lvdot_detector_main-8] [INFO] [1777344190.909933926] [lvdot_detector_node]: Input health: depth=13 color=13 lidar=12 pose=113 odom=113 yolo=8 depth_pose_sync=0 lidar_pose_sync=0 depth_odom_sync=0 lidar_odom_sync=0
[lvdot_detector_main-8] [INFO] [1777344190.910006635] [lvdot_detector_node]: Stage timers: detection=507 lidar_detection=507 tracking=507 classification=507 vis=0
[lvdot_detector_main-8] [INFO] [1777344190.910019137] [lvdot_detector_node]: Processing phases: detection=idle lidar_detection=idle tracking=idle classification=idle
[lvdot_detector_main-8] [INFO] [1777344190.910028938] [lvdot_detector_node]: Pipeline stats: depth_samples=1191/71300 u_map=2 depth_boxes=0 u_map_merge=0 u_map_db=0 u_map_visual=0 u_map_fused=0 u_map_filtered=0 lidar_samples=3154/161843 uv=2 db=10 lidar=88 fused=90 filtered=90 tracks=23 dynamic=5 dyn_points=0 raw_dyn_points=0 service=0/0 split=90->0 (90 outputs) fusion_components=90 visual_only=2 lidar_only=88 yolo_in=1 yolo_match3d=1 yolo_match_det=1 yolo_human=1 fixed_size=0 size_reject=0
[lvdot_detector_main-8] [INFO] [1777344197.071495357] [lvdot_detector_node]: Input health: depth=15 color=15 lidar=14 pose=115 odom=115 yolo=10 depth_pose_sync=0 lidar_pose_sync=0 depth_odom_sync=0 lidar_odom_sync=0
[lvdot_detector_main-8] [INFO] [1777344197.071580357] [lvdot_detector_node]: Stage timers: detection=509 lidar_detection=509 tracking=509 classification=509 vis=0
[lvdot_detector_main-8] [INFO] [1777344197.071589856] [lvdot_detector_node]: Processing phases: detection=idle lidar_detection=idle tracking=idle classification=idle
[lvdot_detector_main-8] [INFO] [1777344197.071596356] [lvdot_detector_node]: Pipeline stats: depth_samples=1322/71300 u_map=0 depth_boxes=0 u_map_merge=0 u_map_db=0 u_map_visual=0 u_map_fused=0 u_map_filtered=0 lidar_samples=3317/141370 uv=0 db=14 lidar=63 fused=63 filtered=63 tracks=4 dynamic=4 dyn_points=0 raw_dyn_points=0 service=0/0 split=63->0 (63 outputs) fusion_components=63 visual_only=0 lidar_only=63 yolo_in=0 yolo_match3d=0 yolo_match_det=0 yolo_human=0 fixed_size=0 size_reject=1
[lvdot_detector_main-8] [WARN] [1777344197.173881589] [lvdot_detector_node.rclcpp]: failed to send response to /lvdot_detector_node/get_parameters (timeout): client will not receive response, at ./src/rmw_response.cpp:153, at ./src/rcl/service.c:400
[lvdot_detector_main-8] [INFO] [1777344202.901134357] [lvdot_detector_node]: Input health: depth=17 color=17 lidar=16 pose=117 odom=117 yolo=12 depth_pose_sync=0 lidar_pose_sync=0 depth_odom_sync=0 lidar_odom_sync=0
[lvdot_detector_main-8] [INFO] [1777344202.901230356] [lvdot_detector_node]: Stage timers: detection=511 lidar_detection=511 tracking=511 classification=511 vis=0
[lvdot_detector_main-8] [INFO] [1777344202.901244056] [lvdot_detector_node]: Processing phases: detection=idle lidar_detection=idle tracking=idle classification=idle
[lvdot_detector_main-8] [INFO] [1777344202.901253956] [lvdot_detector_node]: Pipeline stats: depth_samples=1519/71300 u_map=4 depth_boxes=0 u_map_merge=0 u_map_db=0 u_map_visual=0 u_map_fused=0 u_map_filtered=0 lidar_samples=3322/128399 uv=1 db=11 lidar=19 fused=20 filtered=20 tracks=5 dynamic=4 dyn_points=0 raw_dyn_points=0 service=0/0 split=20->0 (20 outputs) fusion_components=20 visual_only=1 lidar_only=19 yolo_in=4 yolo_match3d=3 yolo_match_det=3 yolo_human=3 fixed_size=0 size_reject=0
[lvdot_detector_main-8] [WARN] [1777344203.003399452] [lvdot_detector_node.rclcpp]: failed to send response to /lvdot_detector_node/get_parameters (timeout): client will not receive response, at ./src/rmw_response.cpp:153, at ./src/rcl/service.c:400
[lvdot_detector_main-8] [INFO] [1777344208.716345613] [lvdot_detector_node]: Input health: depth=19 color=19 lidar=18 pose=119 odom=119 yolo=14 depth_pose_sync=0 lidar_pose_sync=0 depth_odom_sync=0 lidar_odom_sync=0
[lvdot_detector_main-8] [INFO] [1777344208.716446115] [lvdot_detector_node]: Stage timers: detection=513 lidar_detection=513 tracking=513 classification=513 vis=0
[lvdot_detector_main-8] [INFO] [1777344208.716456915] [lvdot_detector_node]: Processing phases: detection=idle lidar_detection=idle tracking=idle classification=idle
[lvdot_detector_main-8] [INFO] [1777344208.716463515] [lvdot_detector_node]: Pipeline stats: depth_samples=1249/71300 u_map=2 depth_boxes=0 u_map_merge=0 u_map_db=0 u_map_visual=0 u_map_fused=0 u_map_filtered=0 lidar_samples=3078/126824 uv=0 db=11 lidar=15 fused=15 filtered=15 tracks=22 dynamic=2 dyn_points=0 raw_dyn_points=0 service=0/0 split=15->0 (15 outputs) fusion_components=15 visual_only=0 lidar_only=15 yolo_in=0 yolo_match3d=0 yolo_match_det=0 yolo_human=0 fixed_size=0 size_reject=1
[lvdot_detector_main-8] [INFO] [1777344208.718525354] [lvdot_detector_node]: get_dynamic_obstacles responded with 2 obstacles from 2 tracked dynamic boxes.
[lvdot_detector_main-8] [INFO] [1777344214.455566068] [lvdot_detector_node]: Input health: depth=21 color=21 lidar=20 pose=121 odom=121 yolo=16 depth_pose_sync=0 lidar_pose_sync=0 depth_odom_sync=0 lidar_odom_sync=0
[lvdot_detector_main-8] [INFO] [1777344214.455645668] [lvdot_detector_node]: Stage timers: detection=515 lidar_detection=515 tracking=515 classification=515 vis=0
[lvdot_detector_main-8] [INFO] [1777344214.455655268] [lvdot_detector_node]: Processing phases: detection=idle lidar_detection=idle tracking=idle classification=idle
[lvdot_detector_main-8] [INFO] [1777344214.455661768] [lvdot_detector_node]: Pipeline stats: depth_samples=1220/71300 u_map=1 depth_boxes=0 u_map_merge=0 u_map_db=0 u_map_visual=0 u_map_fused=0 u_map_filtered=0 lidar_samples=3084/132565 uv=1 db=10 lidar=8 fused=9 filtered=9 tracks=61 dynamic=2 dyn_points=0 raw_dyn_points=0 service=1/2 split=9->0 (9 outputs) fusion_components=9 visual_only=1 lidar_only=8 yolo_in=1 yolo_match3d=1 yolo_match_det=1 yolo_human=1 fixed_size=0 size_reject=0
[uav_trajectory_controller-4] [WARN] [1777344214.494138924] [uav_trajectory_controller]: SetEntityPose request timed out after 0.62s on /world/pedestrian_prototype/set_pose; dropping the pending request and retrying.
[uav_trajectory_controller-4] [WARN] [1777344215.244871520] [uav_trajectory_controller]: SetEntityPose request timed out after 0.63s on /world/pedestrian_prototype/set_pose; dropping the pending request and retrying.
[uav_trajectory_controller-4] [WARN] [1777344215.994386534] [uav_trajectory_controller]: SetEntityPose request timed out after 0.62s on /world/pedestrian_prototype/set_pose; dropping the pending request and retrying.
[lvdot_detector_main-8] [INFO] [1777344219.821815239] [lvdot_detector_node]: Input health: depth=23 color=23 lidar=22 pose=123 odom=123 yolo=18 depth_pose_sync=0 lidar_pose_sync=0 depth_odom_sync=0 lidar_odom_sync=0
[lvdot_detector_main-8] [INFO] [1777344219.821917039] [lvdot_detector_node]: Stage timers: detection=517 lidar_detection=517 tracking=517 classification=517 vis=0
[lvdot_detector_main-8] [INFO] [1777344219.821931639] [lvdot_detector_node]: Processing phases: detection=idle lidar_detection=idle tracking=idle classification=idle
[lvdot_detector_main-8] [INFO] [1777344219.821942339] [lvdot_detector_node]: Pipeline stats: depth_samples=1400/71300 u_map=2 depth_boxes=0 u_map_merge=0 u_map_db=0 u_map_visual=0 u_map_fused=0 u_map_filtered=0 lidar_samples=3425/108003 uv=2 db=11 lidar=9 fused=11 filtered=11 tracks=4 dynamic=1 dyn_points=0 raw_dyn_points=0 service=1/2 split=11->0 (11 outputs) fusion_components=11 visual_only=2 lidar_only=9 yolo_in=0 yolo_match3d=0 yolo_match_det=0 yolo_human=0 fixed_size=0 size_reject=0
[lvdot_detector_main-8] [INFO] [1777344219.824117238] [lvdot_detector_node]: get_dynamic_obstacles responded with 1 obstacles from 1 tracked dynamic boxes.
[lvdot_detector_main-8] [INFO] [1777344225.731171542] [lvdot_detector_node]: Input health: depth=25 color=25 lidar=24 pose=125 odom=125 yolo=20 depth_pose_sync=0 lidar_pose_sync=0 depth_odom_sync=0 lidar_odom_sync=0
[lvdot_detector_main-8] [INFO] [1777344225.731264442] [lvdot_detector_node]: Stage timers: detection=519 lidar_detection=519 tracking=519 classification=519 vis=0
[lvdot_detector_main-8] [INFO] [1777344225.731274242] [lvdot_detector_node]: Processing phases: detection=idle lidar_detection=idle tracking=idle classification=idle
[lvdot_detector_main-8] [INFO] [1777344225.731280742] [lvdot_detector_node]: Pipeline stats: depth_samples=1174/71300 u_map=3 depth_boxes=0 u_map_merge=0 u_map_db=0 u_map_visual=0 u_map_fused=0 u_map_filtered=0 lidar_samples=3191/158448 uv=2 db=9 lidar=70 fused=72 filtered=72 tracks=21 dynamic=1 dyn_points=0 raw_dyn_points=0 service=2/1 split=72->1 (72 outputs) fusion_components=72 visual_only=2 lidar_only=70 yolo_in=4 yolo_match3d=3 yolo_match_det=4 yolo_human=3 fixed_size=0 size_reject=0
[lvdot_detector_main-8] [INFO] [1777344229.015526941] [lvdot_detector_node]: get_dynamic_obstacles responded with 5 obstacles from 5 tracked dynamic boxes.
[lvdot_detector_main-8] [INFO] [1777344232.336280307] [lvdot_detector_node]: Input health: depth=27 color=27 lidar=26 pose=127 odom=127 yolo=22 depth_pose_sync=0 lidar_pose_sync=0 depth_odom_sync=0 lidar_odom_sync=0
[lvdot_detector_main-8] [INFO] [1777344232.336381921] [lvdot_detector_node]: Stage timers: detection=521 lidar_detection=521 tracking=521 classification=521 vis=0
[lvdot_detector_main-8] [INFO] [1777344232.336393760] [lvdot_detector_node]: Processing phases: detection=idle lidar_detection=idle tracking=idle classification=idle
[lvdot_detector_main-8] [INFO] [1777344232.336400555] [lvdot_detector_node]: Pipeline stats: depth_samples=1430/71300 u_map=3 depth_boxes=0 u_map_merge=0 u_map_db=0 u_map_visual=0 u_map_fused=0 u_map_filtered=0 lidar_samples=3474/118383 uv=2 db=15 lidar=60 fused=61 filtered=61 tracks=67 dynamic=3 dyn_points=0 raw_dyn_points=0 service=3/5 split=61->0 (61 outputs) fusion_components=61 visual_only=1 lidar_only=59 yolo_in=1 yolo_match3d=1 yolo_match_det=1 yolo_human=1 fixed_size=0 size_reject=0
[lvdot_detector_main-8] [INFO] [1777344237.813314000] [lvdot_detector_node]: Input health: depth=29 color=29 lidar=28 pose=129 odom=129 yolo=24 depth_pose_sync=0 lidar_pose_sync=0 depth_odom_sync=0 lidar_odom_sync=0
[lvdot_detector_main-8] [INFO] [1777344237.813401709] [lvdot_detector_node]: Stage timers: detection=523 lidar_detection=523 tracking=523 classification=523 vis=0
[lvdot_detector_main-8] [INFO] [1777344237.813416124] [lvdot_detector_node]: Processing phases: detection=idle lidar_detection=idle tracking=idle classification=idle
[lvdot_detector_main-8] [INFO] [1777344237.813426072] [lvdot_detector_node]: Pipeline stats: depth_samples=1440/71300 u_map=2 depth_boxes=0 u_map_merge=0 u_map_db=0 u_map_visual=0 u_map_fused=0 u_map_filtered=0 lidar_samples=3380/108187 uv=1 db=10 lidar=6 fused=7 filtered=7 tracks=7 dynamic=1 dyn_points=0 raw_dyn_points=0 service=3/5 split=7->0 (7 outputs) fusion_components=7 visual_only=1 lidar_only=6 yolo_in=0 yolo_match3d=0 yolo_match_det=0 yolo_human=0 fixed_size=0 size_reject=0
[lvdot_detector_main-8] [INFO] [1777344237.815798870] [lvdot_detector_node]: get_dynamic_obstacles responded with 1 obstacles from 1 tracked dynamic boxes.
[lvdot_detector_main-8] [INFO] [1777344243.787051288] [lvdot_detector_node]: Input health: depth=31 color=31 lidar=30 pose=131 odom=131 yolo=26 depth_pose_sync=0 lidar_pose_sync=0 depth_odom_sync=0 lidar_odom_sync=0
[lvdot_detector_main-8] [INFO] [1777344243.787150860] [lvdot_detector_node]: Stage timers: detection=525 lidar_detection=525 tracking=525 classification=525 vis=0
[lvdot_detector_main-8] [INFO] [1777344243.787160626] [lvdot_detector_node]: Processing phases: detection=idle lidar_detection=idle tracking=idle classification=idle
[lvdot_detector_main-8] [INFO] [1777344243.787167674] [lvdot_detector_node]: Pipeline stats: depth_samples=1190/71300 u_map=3 depth_boxes=0 u_map_merge=0 u_map_db=0 u_map_visual=0 u_map_fused=0 u_map_filtered=0 lidar_samples=3138/212417 uv=2 db=9 lidar=5 fused=7 filtered=7 tracks=19 dynamic=1 dyn_points=0 raw_dyn_points=0 service=4/1 split=7->0 (7 outputs) fusion_components=7 visual_only=2 lidar_only=5 yolo_in=2 yolo_match3d=2 yolo_match_det=2 yolo_human=2 fixed_size=0 size_reject=0
[lvdot_detector_main-8] [INFO] [1777344246.434279788] [lvdot_detector_node]: get_dynamic_obstacles responded with 4 obstacles from 4 tracked dynamic boxes.
[lvdot_detector_main-8] [INFO] [1777344249.315780775] [lvdot_detector_node]: Input health: depth=33 color=33 lidar=32 pose=133 odom=133 yolo=28 depth_pose_sync=0 lidar_pose_sync=0 depth_odom_sync=0 lidar_odom_sync=0
[lvdot_detector_main-8] [INFO] [1777344249.315883178] [lvdot_detector_node]: Stage timers: detection=527 lidar_detection=527 tracking=527 classification=527 vis=0
[lvdot_detector_main-8] [INFO] [1777344249.315905544] [lvdot_detector_node]: Processing phases: detection=idle lidar_detection=idle tracking=idle classification=idle
[lvdot_detector_main-8] [INFO] [1777344249.315920388] [lvdot_detector_node]: Pipeline stats: depth_samples=1589/71300 u_map=2 depth_boxes=0 u_map_merge=0 u_map_db=0 u_map_visual=0 u_map_fused=0 u_map_filtered=0 lidar_samples=3099/123514 uv=0 db=14 lidar=18 fused=18 filtered=18 tracks=20 dynamic=2 dyn_points=0 raw_dyn_points=0 service=5/4 split=18->0 (18 outputs) fusion_components=18 visual_only=0 lidar_only=18 yolo_in=1 yolo_match3d=0 yolo_match_det=0 yolo_human=0 fixed_size=0 size_reject=0
[lvdot_detector_main-8] [INFO] [1777344254.732105656] [lvdot_detector_node]: Input health: depth=35 color=35 lidar=34 pose=135 odom=135 yolo=30 depth_pose_sync=0 lidar_pose_sync=0 depth_odom_sync=0 lidar_odom_sync=0
[lvdot_detector_main-8] [INFO] [1777344254.732191883] [lvdot_detector_node]: Stage timers: detection=529 lidar_detection=529 tracking=529 classification=529 vis=0
[lvdot_detector_main-8] [INFO] [1777344254.732201597] [lvdot_detector_node]: Processing phases: detection=idle lidar_detection=idle tracking=idle classification=idle
[lvdot_detector_main-8] [INFO] [1777344254.732208508] [lvdot_detector_node]: Pipeline stats: depth_samples=1316/71300 u_map=0 depth_boxes=0 u_map_merge=0 u_map_db=0 u_map_visual=0 u_map_fused=0 u_map_filtered=0 lidar_samples=3398/107940 uv=0 db=9 lidar=13 fused=13 filtered=13 tracks=48 dynamic=2 dyn_points=0 raw_dyn_points=0 service=5/4 split=13->0 (13 outputs) fusion_components=13 visual_only=0 lidar_only=13 yolo_in=0 yolo_match3d=0 yolo_match_det=0 yolo_human=0 fixed_size=0 size_reject=0
[lvdot_detector_main-8] [INFO] [1777344254.734210364] [lvdot_detector_node]: get_dynamic_obstacles responded with 2 obstacles from 2 tracked dynamic boxes.
[lvdot_detector_main-8] [INFO] [1777344260.281534179] [lvdot_detector_node]: Input health: depth=37 color=37 lidar=36 pose=137 odom=137 yolo=32 depth_pose_sync=0 lidar_pose_sync=0 depth_odom_sync=0 lidar_odom_sync=0
[lvdot_detector_main-8] [INFO] [1777344260.281627448] [lvdot_detector_node]: Stage timers: detection=531 lidar_detection=531 tracking=531 classification=531 vis=0
[lvdot_detector_main-8] [INFO] [1777344260.281653639] [lvdot_detector_node]: Processing phases: detection=idle lidar_detection=idle tracking=idle classification=idle
[lvdot_detector_main-8] [INFO] [1777344260.281660837] [lvdot_detector_node]: Pipeline stats: depth_samples=1481/71300 u_map=2 depth_boxes=0 u_map_merge=0 u_map_db=0 u_map_visual=0 u_map_fused=0 u_map_filtered=0 lidar_samples=3258/124875 uv=1 db=13 lidar=18 fused=18 filtered=19 tracks=10 dynamic=2 dyn_points=0 raw_dyn_points=0 service=6/2 split=18->1 (19 outputs) fusion_components=18 visual_only=0 lidar_only=17 yolo_in=4 yolo_match3d=1 yolo_match_det=3 yolo_human=2 fixed_size=0 size_reject=0
[lvdot_detector_main-8] [INFO] [1777344263.540643157] [lvdot_detector_node]: get_dynamic_obstacles responded with 2 obstacles from 2 tracked dynamic boxes.
[lvdot_detector_main-8] [INFO] [1777344266.112873714] [lvdot_detector_node]: Input health: depth=39 color=39 lidar=38 pose=139 odom=139 yolo=34 depth_pose_sync=0 lidar_pose_sync=0 depth_odom_sync=0 lidar_odom_sync=0
[lvdot_detector_main-8] [INFO] [1777344266.113012312] [lvdot_detector_node]: Stage timers: detection=533 lidar_detection=533 tracking=533 classification=533 vis=0
[lvdot_detector_main-8] [INFO] [1777344266.113030929] [lvdot_detector_node]: Processing phases: detection=idle lidar_detection=idle tracking=idle classification=idle
[lvdot_detector_main-8] [INFO] [1777344266.113040977] [lvdot_detector_node]: Pipeline stats: depth_samples=1292/71300 u_map=2 depth_boxes=0 u_map_merge=0 u_map_db=0 u_map_visual=0 u_map_fused=0 u_map_filtered=0 lidar_samples=3053/124423 uv=0 db=9 lidar=15 fused=15 filtered=15 tracks=11 dynamic=2 dyn_points=0 raw_dyn_points=0 service=7/2 split=15->0 (15 outputs) fusion_components=15 visual_only=0 lidar_only=15 yolo_in=0 yolo_match3d=0 yolo_match_det=0 yolo_human=0 fixed_size=0 size_reject=0
[lvdot_detector_main-8] [INFO] [1777344271.712262448] [lvdot_detector_node]: Input health: depth=41 color=41 lidar=40 pose=141 odom=141 yolo=36 depth_pose_sync=0 lidar_pose_sync=0 depth_odom_sync=0 lidar_odom_sync=0
[lvdot_detector_main-8] [INFO] [1777344271.712343679] [lvdot_detector_node]: Stage timers: detection=535 lidar_detection=535 tracking=535 classification=535 vis=0
[lvdot_detector_main-8] [INFO] [1777344271.712352847] [lvdot_detector_node]: Processing phases: detection=idle lidar_detection=idle tracking=idle classification=idle
[lvdot_detector_main-8] [INFO] [1777344271.712358990] [lvdot_detector_node]: Pipeline stats: depth_samples=1322/71300 u_map=0 depth_boxes=0 u_map_merge=0 u_map_db=0 u_map_visual=0 u_map_fused=0 u_map_filtered=0 lidar_samples=3340/107904 uv=0 db=14 lidar=6 fused=6 filtered=6 tracks=73 dynamic=1 dyn_points=0 raw_dyn_points=0 service=7/2 split=6->0 (6 outputs) fusion_components=6 visual_only=0 lidar_only=6 yolo_in=0 yolo_match3d=0 yolo_match_det=0 yolo_human=0 fixed_size=0 size_reject=0
[lvdot_detector_main-8] [INFO] [1777344271.714211258] [lvdot_detector_node]: get_dynamic_obstacles responded with 1 obstacles from 1 tracked dynamic boxes.
[lvdot_detector_main-8] [INFO] [1777344277.536892479] [lvdot_detector_node]: Input health: depth=43 color=43 lidar=42 pose=143 odom=143 yolo=38 depth_pose_sync=0 lidar_pose_sync=0 depth_odom_sync=0 lidar_odom_sync=0
[lvdot_detector_main-8] [INFO] [1777344277.536976386] [lvdot_detector_node]: Stage timers: detection=537 lidar_detection=537 tracking=537 classification=537 vis=0
[lvdot_detector_main-8] [INFO] [1777344277.536985786] [lvdot_detector_node]: Processing phases: detection=idle lidar_detection=idle tracking=idle classification=idle
[lvdot_detector_main-8] [INFO] [1777344277.536992687] [lvdot_detector_node]: Pipeline stats: depth_samples=1484/71300 u_map=3 depth_boxes=0 u_map_merge=0 u_map_db=0 u_map_visual=0 u_map_fused=0 u_map_filtered=0 lidar_samples=3431/136583 uv=1 db=11 lidar=74 fused=75 filtered=75 tracks=19 dynamic=1 dyn_points=0 raw_dyn_points=0 service=8/1 split=75->0 (75 outputs) fusion_components=75 visual_only=1 lidar_only=74 yolo_in=1 yolo_match3d=1 yolo_match_det=1 yolo_human=1 fixed_size=0 size_reject=0
[lvdot_detector_main-8] [INFO] [1777344280.734688051] [lvdot_detector_node]: get_dynamic_obstacles responded with 1 obstacles from 1 tracked dynamic boxes.
[lvdot_detector_main-8] [INFO] [1777344283.716909964] [lvdot_detector_node]: Input health: depth=45 color=45 lidar=44 pose=145 odom=145 yolo=40 depth_pose_sync=0 lidar_pose_sync=0 depth_odom_sync=0 lidar_odom_sync=0
[lvdot_detector_main-8] [INFO] [1777344283.716980366] [lvdot_detector_node]: Stage timers: detection=539 lidar_detection=539 tracking=539 classification=539 vis=0
[lvdot_detector_main-8] [INFO] [1777344283.716997467] [lvdot_detector_node]: Processing phases: detection=idle lidar_detection=idle tracking=idle classification=idle
[lvdot_detector_main-8] [INFO] [1777344283.717008567] [lvdot_detector_node]: Pipeline stats: depth_samples=1244/71300 u_map=2 depth_boxes=0 u_map_merge=0 u_map_db=0 u_map_visual=0 u_map_fused=0 u_map_filtered=0 lidar_samples=3407/131804 uv=1 db=7 lidar=5 fused=6 filtered=6 tracks=19 dynamic=1 dyn_points=0 raw_dyn_points=0 service=9/1 split=6->0 (6 outputs) fusion_components=6 visual_only=1 lidar_only=5 yolo_in=1 yolo_match3d=1 yolo_match_det=1 yolo_human=1 fixed_size=0 size_reject=0
[lvdot_detector_main-8] [INFO] [1777344288.949137387] [lvdot_detector_node]: Input health: depth=47 color=47 lidar=46 pose=147 odom=147 yolo=42 depth_pose_sync=0 lidar_pose_sync=0 depth_odom_sync=0 lidar_odom_sync=0
[lvdot_detector_main-8] [INFO] [1777344288.949268741] [lvdot_detector_node]: Stage timers: detection=541 lidar_detection=541 tracking=541 classification=541 vis=0
[lvdot_detector_main-8] [INFO] [1777344288.949283971] [lvdot_detector_node]: Processing phases: detection=idle lidar_detection=idle tracking=idle classification=idle
[lvdot_detector_main-8] [INFO] [1777344288.949291185] [lvdot_detector_node]: Pipeline stats: depth_samples=1322/71300 u_map=0 depth_boxes=0 u_map_merge=0 u_map_db=0 u_map_visual=0 u_map_fused=0 u_map_filtered=0 lidar_samples=3377/107939 uv=0 db=14 lidar=3 fused=3 filtered=3 tracks=6 dynamic=1 dyn_points=0 raw_dyn_points=0 service=9/1 split=3->0 (3 outputs) fusion_components=3 visual_only=0 lidar_only=3 yolo_in=0 yolo_match3d=0 yolo_match_det=0 yolo_human=0 fixed_size=0 size_reject=1
[lvdot_detector_main-8] [INFO] [1777344291.711441746] [lvdot_detector_node]: get_dynamic_obstacles responded with 1 obstacles from 1 tracked dynamic boxes.
[lvdot_detector_main-8] [INFO] [1777344294.393489805] [lvdot_detector_node]: Input health: depth=49 color=49 lidar=48 pose=149 odom=149 yolo=44 depth_pose_sync=0 lidar_pose_sync=0 depth_odom_sync=0 lidar_odom_sync=0
[lvdot_detector_main-8] [INFO] [1777344294.393575706] [lvdot_detector_node]: Stage timers: detection=543 lidar_detection=543 tracking=543 classification=543 vis=0
[lvdot_detector_main-8] [INFO] [1777344294.393585406] [lvdot_detector_node]: Processing phases: detection=idle lidar_detection=idle tracking=idle classification=idle
[lvdot_detector_main-8] [INFO] [1777344294.393592106] [lvdot_detector_node]: Pipeline stats: depth_samples=1486/71300 u_map=2 depth_boxes=0 u_map_merge=0 u_map_db=0 u_map_visual=0 u_map_fused=0 u_map_filtered=0 lidar_samples=3189/123630 uv=1 db=14 lidar=19 fused=20 filtered=20 tracks=6 dynamic=1 dyn_points=0 raw_dyn_points=0 service=10/1 split=20->0 (20 outputs) fusion_components=20 visual_only=1 lidar_only=19 yolo_in=1 yolo_match3d=1 yolo_match_det=1 yolo_human=1 fixed_size=0 size_reject=0
[lvdot_detector_main-8] [INFO] [1777344300.265299721] [lvdot_detector_node]: Input health: depth=51 color=51 lidar=50 pose=151 odom=151 yolo=46 depth_pose_sync=0 lidar_pose_sync=0 depth_odom_sync=0 lidar_odom_sync=0
[lvdot_detector_main-8] [INFO] [1777344300.265447175] [lvdot_detector_node]: Stage timers: detection=545 lidar_detection=545 tracking=545 classification=545 vis=0
[lvdot_detector_main-8] [INFO] [1777344300.265466582] [lvdot_detector_node]: Processing phases: detection=idle lidar_detection=idle tracking=idle classification=idle
[lvdot_detector_main-8] [INFO] [1777344300.265477286] [lvdot_detector_node]: Pipeline stats: depth_samples=1146/61640 u_map=3 depth_boxes=0 u_map_merge=0 u_map_db=0 u_map_visual=0 u_map_fused=0 u_map_filtered=0 lidar_samples=3125/186303 uv=0 db=9 lidar=1 fused=1 filtered=1 tracks=17 dynamic=1 dyn_points=0 raw_dyn_points=0 service=10/1 split=1->0 (1 outputs) fusion_components=1 visual_only=0 lidar_only=1 yolo_in=2 yolo_match3d=0 yolo_match_det=0 yolo_human=0 fixed_size=0 size_reject=0
[lvdot_detector_main-8] [INFO] [1777344300.267834145] [lvdot_detector_node]: get_dynamic_obstacles responded with 1 obstacles from 1 tracked dynamic boxes.
[lvdot_detector_main-8] [INFO] [1777344306.206909719] [lvdot_detector_node]: Input health: depth=53 color=53 lidar=52 pose=153 odom=153 yolo=48 depth_pose_sync=0 lidar_pose_sync=0 depth_odom_sync=0 lidar_odom_sync=0
[lvdot_detector_main-8] [INFO] [1777344306.207017144] [lvdot_detector_node]: Stage timers: detection=547 lidar_detection=547 tracking=547 classification=547 vis=0
[lvdot_detector_main-8] [INFO] [1777344306.207033348] [lvdot_detector_node]: Processing phases: detection=idle lidar_detection=idle tracking=idle classification=idle
[lvdot_detector_main-8] [INFO] [1777344306.207045351] [lvdot_detector_node]: Pipeline stats: depth_samples=1322/71300 u_map=0 depth_boxes=0 u_map_merge=0 u_map_db=0 u_map_visual=0 u_map_fused=0 u_map_filtered=0 lidar_samples=3354/108061 uv=0 db=14 lidar=4 fused=4 filtered=4 tracks=78 dynamic=1 dyn_points=0 raw_dyn_points=0 service=11/1 split=4->0 (4 outputs) fusion_components=4 visual_only=0 lidar_only=4 yolo_in=0 yolo_match3d=0 yolo_match_det=0 yolo_human=0 fixed_size=0 size_reject=0
[lvdot_detector_main-8] [INFO] [1777344308.796222650] [lvdot_detector_node]: get_dynamic_obstacles responded with 1 obstacles from 1 tracked dynamic boxes.
[lvdot_detector_main-8] [INFO] [1777344311.600408177] [lvdot_detector_node]: Input health: depth=55 color=55 lidar=54 pose=155 odom=155 yolo=50 depth_pose_sync=0 lidar_pose_sync=0 depth_odom_sync=0 lidar_odom_sync=0
[lvdot_detector_main-8] [INFO] [1777344311.600492572] [lvdot_detector_node]: Stage timers: detection=549 lidar_detection=549 tracking=549 classification=549 vis=0
[lvdot_detector_main-8] [INFO] [1777344311.600502083] [lvdot_detector_node]: Processing phases: detection=idle lidar_detection=idle tracking=idle classification=idle
[lvdot_detector_main-8] [INFO] [1777344311.600508791] [lvdot_detector_node]: Pipeline stats: depth_samples=1588/71300 u_map=2 depth_boxes=0 u_map_merge=0 u_map_db=0 u_map_visual=0 u_map_fused=0 u_map_filtered=0 lidar_samples=3126/126593 uv=0 db=15 lidar=16 fused=16 filtered=16 tracks=11 dynamic=1 dyn_points=0 raw_dyn_points=0 service=12/1 split=16->0 (16 outputs) fusion_components=16 visual_only=0 lidar_only=16 yolo_in=2 yolo_match3d=2 yolo_match_det=2 yolo_human=2 fixed_size=0 size_reject=0
[lvdot_detector_main-8] [INFO] [1777344317.587106332] [lvdot_detector_node]: Input health: depth=57 color=57 lidar=56 pose=157 odom=157 yolo=52 depth_pose_sync=0 lidar_pose_sync=0 depth_odom_sync=0 lidar_odom_sync=0
[lvdot_detector_main-8] [INFO] [1777344317.587189932] [lvdot_detector_node]: Stage timers: detection=551 lidar_detection=551 tracking=551 classification=551 vis=0
[lvdot_detector_main-8] [INFO] [1777344317.587199632] [lvdot_detector_node]: Processing phases: detection=idle lidar_detection=idle tracking=idle classification=idle
[lvdot_detector_main-8] [INFO] [1777344317.587206132] [lvdot_detector_node]: Pipeline stats: depth_samples=1096/71300 u_map=2 depth_boxes=0 u_map_merge=0 u_map_db=0 u_map_visual=0 u_map_fused=0 u_map_filtered=0 lidar_samples=3242/162395 uv=0 db=8 lidar=72 fused=72 filtered=72 tracks=18 dynamic=2 dyn_points=0 raw_dyn_points=0 service=12/1 split=72->0 (72 outputs) fusion_components=72 visual_only=0 lidar_only=72 yolo_in=1 yolo_match3d=1 yolo_match_det=1 yolo_human=1 fixed_size=0 size_reject=0
[lvdot_detector_main-8] [INFO] [1777344320.578068756] [lvdot_detector_node]: get_dynamic_obstacles responded with 1 obstacles from 1 tracked dynamic boxes.
[lvdot_detector_main-8] [INFO] [1777344323.474827575] [lvdot_detector_node]: Input health: depth=59 color=59 lidar=58 pose=159 odom=159 yolo=54 depth_pose_sync=0 lidar_pose_sync=0 depth_odom_sync=0 lidar_odom_sync=0
[lvdot_detector_main-8] [INFO] [1777344323.474905675] [lvdot_detector_node]: Stage timers: detection=553 lidar_detection=553 tracking=553 classification=553 vis=0
[lvdot_detector_main-8] [INFO] [1777344323.474915275] [lvdot_detector_node]: Processing phases: detection=idle lidar_detection=idle tracking=idle classification=idle
[lvdot_detector_main-8] [INFO] [1777344323.474921976] [lvdot_detector_node]: Pipeline stats: depth_samples=1322/71300 u_map=0 depth_boxes=0 u_map_merge=0 u_map_db=0 u_map_visual=0 u_map_fused=0 u_map_filtered=0 lidar_samples=3375/108014 uv=0 db=14 lidar=7 fused=7 filtered=7 tracks=67 dynamic=1 dyn_points=0 raw_dyn_points=0 service=13/1 split=7->0 (7 outputs) fusion_components=7 visual_only=0 lidar_only=7 yolo_in=0 yolo_match3d=0 yolo_match_det=0 yolo_human=0 fixed_size=0 size_reject=1
[lvdot_detector_main-8] [INFO] [1777344328.956957955] [lvdot_detector_node]: Input health: depth=61 color=61 lidar=60 pose=161 odom=161 yolo=56 depth_pose_sync=0 lidar_pose_sync=0 depth_odom_sync=0 lidar_odom_sync=0
[lvdot_detector_main-8] [INFO] [1777344328.957071057] [lvdot_detector_node]: Stage timers: detection=555 lidar_detection=555 tracking=555 classification=555 vis=0
[lvdot_detector_main-8] [INFO] [1777344328.957087958] [lvdot_detector_node]: Processing phases: detection=idle lidar_detection=idle tracking=idle classification=idle
[lvdot_detector_main-8] [INFO] [1777344328.957097858] [lvdot_detector_node]: Pipeline stats: depth_samples=1518/71300 u_map=3 depth_boxes=0 u_map_merge=0 u_map_db=0 u_map_visual=0 u_map_fused=0 u_map_filtered=0 lidar_samples=3407/119178 uv=1 db=11 lidar=14 fused=15 filtered=15 tracks=2 dynamic=1 dyn_points=0 raw_dyn_points=0 service=13/1 split=15->0 (15 outputs) fusion_components=15 visual_only=1 lidar_only=14 yolo_in=2 yolo_match3d=2 yolo_match_det=2 yolo_human=2 fixed_size=0 size_reject=0
[lvdot_detector_main-8] [INFO] [1777344331.643410489] [lvdot_detector_node]: get_dynamic_obstacles responded with 1 obstacles from 1 tracked dynamic boxes.
[lvdot_detector_main-8] [INFO] [1777344334.703345173] [lvdot_detector_node]: Input health: depth=63 color=63 lidar=62 pose=163 odom=163 yolo=58 depth_pose_sync=0 lidar_pose_sync=0 depth_odom_sync=0 lidar_odom_sync=0
[lvdot_detector_main-8] [INFO] [1777344334.703430573] [lvdot_detector_node]: Stage timers: detection=557 lidar_detection=557 tracking=557 classification=557 vis=0
[lvdot_detector_main-8] [INFO] [1777344334.703440373] [lvdot_detector_node]: Processing phases: detection=idle lidar_detection=idle tracking=idle classification=idle
[lvdot_detector_main-8] [INFO] [1777344334.703447173] [lvdot_detector_node]: Pipeline stats: depth_samples=1568/71300 u_map=4 depth_boxes=0 u_map_merge=0 u_map_db=0 u_map_visual=0 u_map_fused=0 u_map_filtered=0 lidar_samples=3370/119978 uv=2 db=12 lidar=17 fused=19 filtered=21 tracks=15 dynamic=1 dyn_points=0 raw_dyn_points=0 service=14/1 split=19->1 (21 outputs) fusion_components=19 visual_only=2 lidar_only=17 yolo_in=4 yolo_match3d=2 yolo_match_det=4 yolo_human=4 fixed_size=0 size_reject=1
[lvdot_detector_main-8] [INFO] [1777344340.601104175] [lvdot_detector_node]: Input health: depth=65 color=65 lidar=64 pose=165 odom=165 yolo=60 depth_pose_sync=0 lidar_pose_sync=0 depth_odom_sync=0 lidar_odom_sync=0
[lvdot_detector_main-8] [INFO] [1777344340.601198975] [lvdot_detector_node]: Stage timers: detection=559 lidar_detection=559 tracking=559 classification=559 vis=0
[lvdot_detector_main-8] [INFO] [1777344340.601209175] [lvdot_detector_node]: Processing phases: detection=idle lidar_detection=idle tracking=idle classification=idle
[lvdot_detector_main-8] [INFO] [1777344340.601215975] [lvdot_detector_node]: Pipeline stats: depth_samples=1322/71300 u_map=0 depth_boxes=0 u_map_merge=0 u_map_db=0 u_map_visual=0 u_map_fused=0 u_map_filtered=0 lidar_samples=3066/142432 uv=0 db=14 lidar=55 fused=55 filtered=55 tracks=58 dynamic=4 dyn_points=0 raw_dyn_points=0 service=14/1 split=55->0 (55 outputs) fusion_components=55 visual_only=0 lidar_only=55 yolo_in=0 yolo_match3d=0 yolo_match_det=0 yolo_human=0 fixed_size=0 size_reject=0
[lvdot_detector_main-8] [INFO] [1777344340.603357172] [lvdot_detector_node]: get_dynamic_obstacles responded with 4 obstacles from 4 tracked dynamic boxes.
[lvdot_detector_main-8] [INFO] [1777344346.273525454] [lvdot_detector_node]: Input health: depth=67 color=67 lidar=66 pose=167 odom=167 yolo=62 depth_pose_sync=0 lidar_pose_sync=0 depth_odom_sync=0 lidar_odom_sync=0
[lvdot_detector_main-8] [INFO] [1777344346.273611054] [lvdot_detector_node]: Stage timers: detection=561 lidar_detection=561 tracking=561 classification=561 vis=0
[lvdot_detector_main-8] [INFO] [1777344346.273620654] [lvdot_detector_node]: Processing phases: detection=idle lidar_detection=idle tracking=idle classification=idle
[lvdot_detector_main-8] [INFO] [1777344346.273627354] [lvdot_detector_node]: Pipeline stats: depth_samples=1445/71300 u_map=2 depth_boxes=0 u_map_merge=0 u_map_db=0 u_map_visual=0 u_map_fused=0 u_map_filtered=0 lidar_samples=3435/117181 uv=2 db=11 lidar=13 fused=15 filtered=15 tracks=9 dynamic=4 dyn_points=0 raw_dyn_points=0 service=15/4 split=15->0 (15 outputs) fusion_components=15 visual_only=2 lidar_only=13 yolo_in=3 yolo_match3d=3 yolo_match_det=3 yolo_human=3 fixed_size=0 size_reject=0
[lvdot_detector_main-8] [INFO] [1777344348.933905440] [lvdot_detector_node]: get_dynamic_obstacles responded with 4 obstacles from 4 tracked dynamic boxes.
[lvdot_detector_main-8] [INFO] [1777344351.763356504] [lvdot_detector_node]: Input health: depth=69 color=69 lidar=68 pose=169 odom=169 yolo=64 depth_pose_sync=0 lidar_pose_sync=0 depth_odom_sync=0 lidar_odom_sync=0
[lvdot_detector_main-8] [INFO] [1777344351.763449804] [lvdot_detector_node]: Stage timers: detection=563 lidar_detection=563 tracking=563 classification=563 vis=0
[lvdot_detector_main-8] [INFO] [1777344351.763459904] [lvdot_detector_node]: Processing phases: detection=idle lidar_detection=idle tracking=idle classification=idle
[lvdot_detector_main-8] [INFO] [1777344351.763466704] [lvdot_detector_node]: Pipeline stats: depth_samples=1483/71300 u_map=3 depth_boxes=0 u_map_merge=0 u_map_db=0 u_map_visual=0 u_map_fused=0 u_map_filtered=0 lidar_samples=3233/120721 uv=2 db=12 lidar=13 fused=15 filtered=15 tracks=77 dynamic=3 dyn_points=0 raw_dyn_points=0 service=16/4 split=15->0 (15 outputs) fusion_components=15 visual_only=2 lidar_only=13 yolo_in=2 yolo_match3d=2 yolo_match_det=2 yolo_human=2 fixed_size=0 size_reject=0
[lvdot_detector_main-8] [INFO] [1777344357.196860248] [lvdot_detector_node]: Input health: depth=71 color=71 lidar=70 pose=171 odom=171 yolo=66 depth_pose_sync=0 lidar_pose_sync=0 depth_odom_sync=0 lidar_odom_sync=0
[lvdot_detector_main-8] [INFO] [1777344357.196954248] [lvdot_detector_node]: Stage timers: detection=565 lidar_detection=565 tracking=565 classification=565 vis=0
[lvdot_detector_main-8] [INFO] [1777344357.196964248] [lvdot_detector_node]: Processing phases: detection=idle lidar_detection=idle tracking=idle classification=idle
[lvdot_detector_main-8] [INFO] [1777344357.196970848] [lvdot_detector_node]: Pipeline stats: depth_samples=323/65251 u_map=1 depth_boxes=0 u_map_merge=0 u_map_db=0 u_map_visual=0 u_map_fused=0 u_map_filtered=0 lidar_samples=3255/160993 uv=0 db=5 lidar=20 fused=20 filtered=20 tracks=23 dynamic=2 dyn_points=0 raw_dyn_points=0 service=16/4 split=20->0 (20 outputs) fusion_components=20 visual_only=0 lidar_only=20 yolo_in=1 yolo_match3d=1 yolo_match_det=1 yolo_human=1 fixed_size=0 size_reject=0
[lvdot_detector_main-8] [INFO] [1777344357.199019848] [lvdot_detector_node]: get_dynamic_obstacles responded with 2 obstacles from 2 tracked dynamic boxes.
[lvdot_detector_main-8] [INFO] [1777344362.561107380] [lvdot_detector_node]: Input health: depth=73 color=73 lidar=72 pose=173 odom=173 yolo=68 depth_pose_sync=0 lidar_pose_sync=0 depth_odom_sync=0 lidar_odom_sync=0
[lvdot_detector_main-8] [INFO] [1777344362.561216180] [lvdot_detector_node]: Stage timers: detection=567 lidar_detection=567 tracking=567 classification=567 vis=0
[lvdot_detector_main-8] [INFO] [1777344362.561229580] [lvdot_detector_node]: Processing phases: detection=idle lidar_detection=idle tracking=idle classification=idle
[lvdot_detector_main-8] [INFO] [1777344362.561238580] [lvdot_detector_node]: Pipeline stats: depth_samples=1349/71300 u_map=0 depth_boxes=0 u_map_merge=0 u_map_db=0 u_map_visual=0 u_map_fused=0 u_map_filtered=0 lidar_samples=3075/129253 uv=0 db=9 lidar=11 fused=11 filtered=11 tracks=5 dynamic=1 dyn_points=0 raw_dyn_points=0 service=17/2 split=11->1 (11 outputs) fusion_components=11 visual_only=0 lidar_only=11 yolo_in=2 yolo_match3d=1 yolo_match_det=2 yolo_human=1 fixed_size=0 size_reject=0
[lvdot_detector_main-8] [INFO] [1777344368.458742140] [lvdot_detector_node]: Input health: depth=75 color=75 lidar=74 pose=175 odom=175 yolo=70 depth_pose_sync=0 lidar_pose_sync=0 depth_odom_sync=0 lidar_odom_sync=0
[lvdot_detector_main-8] [INFO] [1777344368.458824540] [lvdot_detector_node]: Stage timers: detection=569 lidar_detection=569 tracking=569 classification=569 vis=0
[lvdot_detector_main-8] [INFO] [1777344368.458837140] [lvdot_detector_node]: Processing phases: detection=idle lidar_detection=idle tracking=idle classification=idle
[lvdot_detector_main-8] [INFO] [1777344368.458846440] [lvdot_detector_node]: Pipeline stats: depth_samples=1424/71300 u_map=3 depth_boxes=0 u_map_merge=0 u_map_db=0 u_map_visual=0 u_map_fused=0 u_map_filtered=0 lidar_samples=3432/167858 uv=1 db=10 lidar=5 fused=6 filtered=6 tracks=79 dynamic=1 dyn_points=0 raw_dyn_points=0 service=17/2 split=6->0 (6 outputs) fusion_components=6 visual_only=1 lidar_only=5 yolo_in=1 yolo_match3d=1 yolo_match_det=1 yolo_human=1 fixed_size=0 size_reject=0
[lvdot_detector_main-8] [INFO] [1777344368.460823340] [lvdot_detector_node]: get_dynamic_obstacles responded with 1 obstacles from 1 tracked dynamic boxes.
[lvdot_detector_main-8] [INFO] [1777344374.214907120] [lvdot_detector_node]: Input health: depth=77 color=77 lidar=76 pose=177 odom=177 yolo=72 depth_pose_sync=0 lidar_pose_sync=0 depth_odom_sync=0 lidar_odom_sync=0
[lvdot_detector_main-8] [INFO] [1777344374.214993820] [lvdot_detector_node]: Stage timers: detection=571 lidar_detection=571 tracking=571 classification=571 vis=0
[lvdot_detector_main-8] [INFO] [1777344374.215003220] [lvdot_detector_node]: Processing phases: detection=idle lidar_detection=idle tracking=idle classification=idle
[lvdot_detector_main-8] [INFO] [1777344374.215009720] [lvdot_detector_node]: Pipeline stats: depth_samples=1261/71300 u_map=1 depth_boxes=0 u_map_merge=0 u_map_db=0 u_map_visual=0 u_map_fused=0 u_map_filtered=0 lidar_samples=3110/118209 uv=1 db=9 lidar=8 fused=8 filtered=8 tracks=53 dynamic=1 dyn_points=0 raw_dyn_points=0 service=18/1 split=8->0 (8 outputs) fusion_components=8 visual_only=0 lidar_only=7 yolo_in=0 yolo_match3d=0 yolo_match_det=0 yolo_human=0 fixed_size=0 size_reject=0
[lvdot_detector_main-8] [INFO] [1777344376.869299408] [lvdot_detector_node]: get_dynamic_obstacles responded with 1 obstacles from 1 tracked dynamic boxes.
[lvdot_detector_main-8] [INFO] [1777344379.556358211] [lvdot_detector_node]: Input health: depth=79 color=79 lidar=78 pose=179 odom=179 yolo=74 depth_pose_sync=0 lidar_pose_sync=0 depth_odom_sync=0 lidar_odom_sync=0
[lvdot_detector_main-8] [INFO] [1777344379.556464411] [lvdot_detector_node]: Stage timers: detection=573 lidar_detection=573 tracking=573 classification=573 vis=0
[lvdot_detector_main-8] [INFO] [1777344379.556478811] [lvdot_detector_node]: Processing phases: detection=idle lidar_detection=idle tracking=idle classification=idle
[lvdot_detector_main-8] [INFO] [1777344379.556489511] [lvdot_detector_node]: Pipeline stats: depth_samples=1316/71300 u_map=0 depth_boxes=0 u_map_merge=0 u_map_db=0 u_map_visual=0 u_map_fused=0 u_map_filtered=0 lidar_samples=3388/107977 uv=0 db=9 lidar=3 fused=3 filtered=3 tracks=3 dynamic=1 dyn_points=0 raw_dyn_points=0 service=19/1 split=3->0 (3 outputs) fusion_components=3 visual_only=0 lidar_only=3 yolo_in=0 yolo_match3d=0 yolo_match_det=0 yolo_human=0 fixed_size=0 size_reject=0
[lvdot_detector_main-8] [INFO] [1777344385.083182029] [lvdot_detector_node]: Input health: depth=81 color=81 lidar=80 pose=181 odom=181 yolo=76 depth_pose_sync=0 lidar_pose_sync=0 depth_odom_sync=0 lidar_odom_sync=0
[lvdot_detector_main-8] [INFO] [1777344385.083262529] [lvdot_detector_node]: Stage timers: detection=575 lidar_detection=575 tracking=575 classification=575 vis=0
[lvdot_detector_main-8] [INFO] [1777344385.083272129] [lvdot_detector_node]: Processing phases: detection=idle lidar_detection=idle tracking=idle classification=idle
[lvdot_detector_main-8] [INFO] [1777344385.083278729] [lvdot_detector_node]: Pipeline stats: depth_samples=1172/71300 u_map=3 depth_boxes=0 u_map_merge=0 u_map_db=0 u_map_visual=0 u_map_fused=0 u_map_filtered=0 lidar_samples=3086/159100 uv=2 db=12 lidar=6 fused=8 filtered=8 tracks=18 dynamic=1 dyn_points=0 raw_dyn_points=0 service=19/1 split=8->0 (8 outputs) fusion_components=8 visual_only=2 lidar_only=6 yolo_in=1 yolo_match3d=1 yolo_match_det=1 yolo_human=1 fixed_size=0 size_reject=0
[lvdot_detector_main-8] [INFO] [1777344388.164989240] [lvdot_detector_node]: get_dynamic_obstacles responded with 1 obstacles from 1 tracked dynamic boxes.
[lvdot_detector_main-8] [INFO] [1777344391.298530753] [lvdot_detector_node]: Input health: depth=83 color=83 lidar=82 pose=183 odom=183 yolo=78 depth_pose_sync=0 lidar_pose_sync=0 depth_odom_sync=0 lidar_odom_sync=0
[lvdot_detector_main-8] [INFO] [1777344391.298631153] [lvdot_detector_node]: Stage timers: detection=577 lidar_detection=577 tracking=577 classification=577 vis=0
[lvdot_detector_main-8] [INFO] [1777344391.298647953] [lvdot_detector_node]: Processing phases: detection=idle lidar_detection=idle tracking=idle classification=idle
[lvdot_detector_main-8] [INFO] [1777344391.298658853] [lvdot_detector_node]: Pipeline stats: depth_samples=1387/71300 u_map=4 depth_boxes=0 u_map_merge=0 u_map_db=0 u_map_visual=0 u_map_fused=0 u_map_filtered=0 lidar_samples=3266/141588 uv=2 db=14 lidar=63 fused=64 filtered=64 tracks=16 dynamic=1 dyn_points=0 raw_dyn_points=0 service=20/1 split=64->0 (64 outputs) fusion_components=64 visual_only=1 lidar_only=62 yolo_in=3 yolo_match3d=1 yolo_match_det=1 yolo_human=1 fixed_size=0 size_reject=0
[lvdot_detector_main-8] [INFO] [1777344396.753617127] [lvdot_detector_node]: Input health: depth=85 color=85 lidar=84 pose=185 odom=185 yolo=80 depth_pose_sync=0 lidar_pose_sync=0 depth_odom_sync=0 lidar_odom_sync=0
[lvdot_detector_main-8] [INFO] [1777344396.753739127] [lvdot_detector_node]: Stage timers: detection=579 lidar_detection=579 tracking=579 classification=579 vis=0
[lvdot_detector_main-8] [INFO] [1777344396.753754827] [lvdot_detector_node]: Processing phases: detection=idle lidar_detection=idle tracking=idle classification=idle
[lvdot_detector_main-8] [INFO] [1777344396.753764327] [lvdot_detector_node]: Pipeline stats: depth_samples=1316/71300 u_map=0 depth_boxes=0 u_map_merge=0 u_map_db=0 u_map_visual=0 u_map_fused=0 u_map_filtered=0 lidar_samples=3400/107872 uv=0 db=9 lidar=9 fused=9 filtered=9 tracks=8 dynamic=1 dyn_points=0 raw_dyn_points=0 service=20/1 split=9->0 (9 outputs) fusion_components=9 visual_only=0 lidar_only=9 yolo_in=0 yolo_match3d=0 yolo_match_det=0 yolo_human=0 fixed_size=0 size_reject=0
[lvdot_detector_main-8] [INFO] [1777344396.756206027] [lvdot_detector_node]: get_dynamic_obstacles responded with 1 obstacles from 1 tracked dynamic boxes.
[lvdot_detector_main-8] [INFO] [1777344402.389977936] [lvdot_detector_node]: Input health: depth=87 color=87 lidar=86 pose=187 odom=187 yolo=82 depth_pose_sync=0 lidar_pose_sync=0 depth_odom_sync=0 lidar_odom_sync=0
[lvdot_detector_main-8] [INFO] [1777344402.390076536] [lvdot_detector_node]: Stage timers: detection=581 lidar_detection=581 tracking=581 classification=581 vis=0
[lvdot_detector_main-8] [INFO] [1777344402.390092536] [lvdot_detector_node]: Processing phases: detection=idle lidar_detection=idle tracking=idle classification=idle
[lvdot_detector_main-8] [INFO] [1777344402.390102636] [lvdot_detector_node]: Pipeline stats: depth_samples=1378/71300 u_map=3 depth_boxes=0 u_map_merge=0 u_map_db=0 u_map_visual=0 u_map_fused=0 u_map_filtered=0 lidar_samples=3174/165699 uv=2 db=10 lidar=15 fused=16 filtered=16 tracks=11 dynamic=1 dyn_points=0 raw_dyn_points=0 service=21/1 split=16->0 (16 outputs) fusion_components=16 visual_only=1 lidar_only=14 yolo_in=1 yolo_match3d=0 yolo_match_det=0 yolo_human=0 fixed_size=0 size_reject=0
[lvdot_detector_main-8] [INFO] [1777344405.274957204] [lvdot_detector_node]: get_dynamic_obstacles responded with 1 obstacles from 1 tracked dynamic boxes.
[lvdot_detector_main-8] [INFO] [1777344408.479957733] [lvdot_detector_node]: Input health: depth=89 color=89 lidar=88 pose=189 odom=189 yolo=84 depth_pose_sync=0 lidar_pose_sync=0 depth_odom_sync=0 lidar_odom_sync=0
[lvdot_detector_main-8] [INFO] [1777344408.480053633] [lvdot_detector_node]: Stage timers: detection=583 lidar_detection=583 tracking=583 classification=583 vis=0
[lvdot_detector_main-8] [INFO] [1777344408.480078333] [lvdot_detector_node]: Processing phases: detection=idle lidar_detection=idle tracking=idle classification=idle
[lvdot_detector_main-8] [INFO] [1777344408.480089133] [lvdot_detector_node]: Pipeline stats: depth_samples=1575/71300 u_map=3 depth_boxes=0 u_map_merge=0 u_map_db=0 u_map_visual=0 u_map_fused=0 u_map_filtered=0 lidar_samples=3461/127550 uv=0 db=12 lidar=58 fused=58 filtered=59 tracks=49 dynamic=1 dyn_points=0 raw_dyn_points=0 service=22/1 split=58->1 (59 outputs) fusion_components=58 visual_only=0 lidar_only=58 yolo_in=2 yolo_match3d=1 yolo_match_det=2 yolo_human=2 fixed_size=0 size_reject=0
[lvdot_detector_main-8] [INFO] [1777344413.931335633] [lvdot_detector_node]: Input health: depth=91 color=91 lidar=90 pose=191 odom=191 yolo=86 depth_pose_sync=0 lidar_pose_sync=0 depth_odom_sync=0 lidar_odom_sync=0
[lvdot_detector_main-8] [INFO] [1777344413.931454733] [lvdot_detector_node]: Stage timers: detection=585 lidar_detection=585 tracking=585 classification=585 vis=0
[lvdot_detector_main-8] [INFO] [1777344413.931476233] [lvdot_detector_node]: Processing phases: detection=idle lidar_detection=idle tracking=idle classification=idle
[lvdot_detector_main-8] [INFO] [1777344413.931486833] [lvdot_detector_node]: Pipeline stats: depth_samples=1316/71300 u_map=0 depth_boxes=0 u_map_merge=0 u_map_db=0 u_map_visual=0 u_map_fused=0 u_map_filtered=0 lidar_samples=3393/108191 uv=0 db=9 lidar=6 fused=6 filtered=6 tracks=4 dynamic=2 dyn_points=0 raw_dyn_points=0 service=22/1 split=6->0 (6 outputs) fusion_components=6 visual_only=0 lidar_only=6 yolo_in=0 yolo_match3d=0 yolo_match_det=0 yolo_human=0 fixed_size=0 size_reject=2
[lvdot_detector_main-8] [INFO] [1777344413.933938433] [lvdot_detector_node]: get_dynamic_obstacles responded with 2 obstacles from 2 tracked dynamic boxes.
[lvdot_detector_main-8] [INFO] [1777344419.740545302] [lvdot_detector_node]: Input health: depth=93 color=93 lidar=92 pose=193 odom=193 yolo=88 depth_pose_sync=0 lidar_pose_sync=0 depth_odom_sync=0 lidar_odom_sync=0
[lvdot_detector_main-8] [INFO] [1777344419.740617502] [lvdot_detector_node]: Stage timers: detection=587 lidar_detection=587 tracking=587 classification=587 vis=0
[lvdot_detector_main-8] [INFO] [1777344419.740629402] [lvdot_detector_node]: Processing phases: detection=idle lidar_detection=idle tracking=idle classification=idle
[lvdot_detector_main-8] [INFO] [1777344419.740638802] [lvdot_detector_node]: Pipeline stats: depth_samples=1083/71300 u_map=2 depth_boxes=0 u_map_merge=0 u_map_db=0 u_map_visual=0 u_map_fused=0 u_map_filtered=0 lidar_samples=3345/143789 uv=0 db=8 lidar=69 fused=69 filtered=69 tracks=19 dynamic=2 dyn_points=0 raw_dyn_points=0 service=23/2 split=69->0 (69 outputs) fusion_components=69 visual_only=0 lidar_only=69 yolo_in=2 yolo_match3d=2 yolo_match_det=2 yolo_human=2 fixed_size=0 size_reject=0
[lvdot_detector_main-8] [INFO] [1777344425.490452780] [lvdot_detector_node]: Input health: depth=95 color=95 lidar=94 pose=195 odom=195 yolo=90 depth_pose_sync=0 lidar_pose_sync=0 depth_odom_sync=0 lidar_odom_sync=0
[lvdot_detector_main-8] [INFO] [1777344425.490534280] [lvdot_detector_node]: Stage timers: detection=589 lidar_detection=589 tracking=589 classification=589 vis=0
[lvdot_detector_main-8] [INFO] [1777344425.490544180] [lvdot_detector_node]: Processing phases: detection=idle lidar_detection=idle tracking=idle classification=idle
[lvdot_detector_main-8] [INFO] [1777344425.490550680] [lvdot_detector_node]: Pipeline stats: depth_samples=1565/71300 u_map=1 depth_boxes=0 u_map_merge=0 u_map_db=0 u_map_visual=0 u_map_fused=0 u_map_filtered=0 lidar_samples=3064/117712 uv=1 db=13 lidar=13 fused=13 filtered=13 tracks=62 dynamic=2 dyn_points=0 raw_dyn_points=0 service=23/2 split=13->0 (13 outputs) fusion_components=13 visual_only=0 lidar_only=12 yolo_in=0 yolo_match3d=0 yolo_match_det=0 yolo_human=0 fixed_size=0 size_reject=0
[lvdot_detector_main-8] [INFO] [1777344425.492513377] [lvdot_detector_node]: get_dynamic_obstacles responded with 2 obstacles from 2 tracked dynamic boxes.
[lvdot_detector_main-8] [INFO] [1777344431.212315196] [lvdot_detector_node]: Input health: depth=97 color=97 lidar=96 pose=197 odom=197 yolo=92 depth_pose_sync=0 lidar_pose_sync=0 depth_odom_sync=0 lidar_odom_sync=0
[lvdot_detector_main-8] [INFO] [1777344431.212418603] [lvdot_detector_node]: Stage timers: detection=591 lidar_detection=591 tracking=591 classification=591 vis=0
[lvdot_detector_main-8] [INFO] [1777344431.212433651] [lvdot_detector_node]: Processing phases: detection=idle lidar_detection=idle tracking=idle classification=idle
[lvdot_detector_main-8] [INFO] [1777344431.212444124] [lvdot_detector_node]: Pipeline stats: depth_samples=1316/71300 u_map=0 depth_boxes=0 u_map_merge=0 u_map_db=0 u_map_visual=0 u_map_fused=0 u_map_filtered=0 lidar_samples=3398/107893 uv=0 db=9 lidar=6 fused=6 filtered=6 tracks=63 dynamic=1 dyn_points=0 raw_dyn_points=0 service=24/2 split=6->0 (6 outputs) fusion_components=6 visual_only=0 lidar_only=6 yolo_in=0 yolo_match3d=0 yolo_match_det=0 yolo_human=0 fixed_size=0 size_reject=0
[lvdot_detector_main-8] [INFO] [1777344434.007408992] [lvdot_detector_node]: get_dynamic_obstacles responded with 1 obstacles from 1 tracked dynamic boxes.
[lvdot_detector_main-8] [INFO] [1777344437.107827916] [lvdot_detector_node]: Input health: depth=99 color=99 lidar=98 pose=199 odom=199 yolo=94 depth_pose_sync=0 lidar_pose_sync=0 depth_odom_sync=0 lidar_odom_sync=0
[lvdot_detector_main-8] [INFO] [1777344437.107925949] [lvdot_detector_node]: Stage timers: detection=593 lidar_detection=593 tracking=593 classification=593 vis=0
[lvdot_detector_main-8] [INFO] [1777344437.107940860] [lvdot_detector_node]: Processing phases: detection=idle lidar_detection=idle tracking=idle classification=idle
[lvdot_detector_main-8] [INFO] [1777344437.107951339] [lvdot_detector_node]: Pipeline stats: depth_samples=1489/71300 u_map=5 depth_boxes=0 u_map_merge=0 u_map_db=0 u_map_visual=0 u_map_fused=0 u_map_filtered=0 lidar_samples=3204/146569 uv=2 db=12 lidar=66 fused=68 filtered=68 tracks=8 dynamic=1 dyn_points=0 raw_dyn_points=0 service=25/1 split=68->2 (68 outputs) fusion_components=68 visual_only=2 lidar_only=66 yolo_in=5 yolo_match3d=3 yolo_match_det=5 yolo_human=3 fixed_size=0 size_reject=0
[lvdot_detector_main-8] [INFO] [1777344443.286172715] [lvdot_detector_node]: Input health: depth=101 color=101 lidar=100 pose=201 odom=201 yolo=96 depth_pose_sync=0 lidar_pose_sync=0 depth_odom_sync=0 lidar_odom_sync=0
[lvdot_detector_main-8] [INFO] [1777344443.286250577] [lvdot_detector_node]: Stage timers: detection=595 lidar_detection=595 tracking=595 classification=595 vis=0
[lvdot_detector_main-8] [INFO] [1777344443.286263822] [lvdot_detector_node]: Processing phases: detection=idle lidar_detection=idle tracking=idle classification=idle
[lvdot_detector_main-8] [INFO] [1777344443.286273555] [lvdot_detector_node]: Pipeline stats: depth_samples=1494/71300 u_map=1 depth_boxes=0 u_map_merge=0 u_map_db=0 u_map_visual=0 u_map_fused=0 u_map_filtered=0 lidar_samples=3471/124726 uv=1 db=13 lidar=5 fused=6 filtered=6 tracks=15 dynamic=3 dyn_points=0 raw_dyn_points=0 service=25/1 split=6->0 (6 outputs) fusion_components=6 visual_only=1 lidar_only=5 yolo_in=0 yolo_match3d=0 yolo_match_det=0 yolo_human=0 fixed_size=0 size_reject=0
[lvdot_detector_main-8] [INFO] [1777344446.068711766] [lvdot_detector_node]: get_dynamic_obstacles responded with 2 obstacles from 2 tracked dynamic boxes.
[lvdot_detector_main-8] [INFO] [1777344448.760103253] [lvdot_detector_node]: Input health: depth=103 color=103 lidar=102 pose=203 odom=203 yolo=98 depth_pose_sync=0 lidar_pose_sync=0 depth_odom_sync=0 lidar_odom_sync=0
[lvdot_detector_main-8] [INFO] [1777344448.760198918] [lvdot_detector_node]: Stage timers: detection=597 lidar_detection=597 tracking=597 classification=597 vis=0
[lvdot_detector_main-8] [INFO] [1777344448.760211941] [lvdot_detector_node]: Processing phases: detection=idle lidar_detection=idle tracking=idle classification=idle
[lvdot_detector_main-8] [INFO] [1777344448.760221057] [lvdot_detector_node]: Pipeline stats: depth_samples=1316/71300 u_map=0 depth_boxes=0 u_map_merge=0 u_map_db=0 u_map_visual=0 u_map_fused=0 u_map_filtered=0 lidar_samples=3432/108051 uv=0 db=9 lidar=2 fused=2 filtered=2 tracks=5 dynamic=2 dyn_points=0 raw_dyn_points=0 service=26/2 split=2->0 (2 outputs) fusion_components=2 visual_only=0 lidar_only=2 yolo_in=0 yolo_match3d=0 yolo_match_det=0 yolo_human=0 fixed_size=0 size_reject=0
[lvdot_detector_main-8] [INFO] [1777344454.168635943] [lvdot_detector_node]: Input health: depth=105 color=105 lidar=104 pose=205 odom=205 yolo=100 depth_pose_sync=0 lidar_pose_sync=0 depth_odom_sync=0 lidar_odom_sync=0
[lvdot_detector_main-8] [INFO] [1777344454.168724011] [lvdot_detector_node]: Stage timers: detection=599 lidar_detection=599 tracking=599 classification=599 vis=0
[lvdot_detector_main-8] [INFO] [1777344454.168733919] [lvdot_detector_node]: Processing phases: detection=idle lidar_detection=idle tracking=idle classification=idle
[lvdot_detector_main-8] [INFO] [1777344454.168740925] [lvdot_detector_node]: Pipeline stats: depth_samples=1342/71300 u_map=2 depth_boxes=0 u_map_merge=0 u_map_db=0 u_map_visual=0 u_map_fused=0 u_map_filtered=0 lidar_samples=3325/126862 uv=2 db=10 lidar=18 fused=20 filtered=20 tracks=13 dynamic=2 dyn_points=0 raw_dyn_points=0 service=26/2 split=20->2 (20 outputs) fusion_components=20 visual_only=2 lidar_only=18 yolo_in=6 yolo_match3d=2 yolo_match_det=6 yolo_human=2 fixed_size=0 size_reject=0
[lvdot_detector_main-8] [INFO] [1777344454.170724061] [lvdot_detector_node]: get_dynamic_obstacles responded with 2 obstacles from 2 tracked dynamic boxes.
[lvdot_detector_main-8] [INFO] [1777344459.872209758] [lvdot_detector_node]: Input health: depth=107 color=107 lidar=106 pose=207 odom=207 yolo=102 depth_pose_sync=0 lidar_pose_sync=0 depth_odom_sync=0 lidar_odom_sync=0
[lvdot_detector_main-8] [INFO] [1777344459.872301486] [lvdot_detector_node]: Stage timers: detection=601 lidar_detection=601 tracking=601 classification=601 vis=0
[lvdot_detector_main-8] [INFO] [1777344459.872311689] [lvdot_detector_node]: Processing phases: detection=idle lidar_detection=idle tracking=idle classification=idle
[lvdot_detector_main-8] [INFO] [1777344459.872318591] [lvdot_detector_node]: Pipeline stats: depth_samples=1284/71300 u_map=2 depth_boxes=0 u_map_merge=0 u_map_db=0 u_map_visual=0 u_map_fused=0 u_map_filtered=0 lidar_samples=3028/175541 uv=0 db=11 lidar=1 fused=1 filtered=1 tracks=25 dynamic=2 dyn_points=0 raw_dyn_points=0 service=27/2 split=1->0 (1 outputs) fusion_components=1 visual_only=0 lidar_only=1 yolo_in=0 yolo_match3d=0 yolo_match_det=0 yolo_human=0 fixed_size=0 size_reject=0
[lvdot_detector_main-8] [INFO] [1777344465.320119720] [lvdot_detector_node]: Input health: depth=109 color=109 lidar=108 pose=209 odom=209 yolo=104 depth_pose_sync=0 lidar_pose_sync=0 depth_odom_sync=0 lidar_odom_sync=0
[lvdot_detector_main-8] [INFO] [1777344465.320201136] [lvdot_detector_node]: Stage timers: detection=603 lidar_detection=603 tracking=603 classification=603 vis=0
[lvdot_detector_main-8] [INFO] [1777344465.320209937] [lvdot_detector_node]: Processing phases: detection=idle lidar_detection=idle tracking=idle classification=idle
[lvdot_detector_main-8] [INFO] [1777344465.320216172] [lvdot_detector_node]: Pipeline stats: depth_samples=1322/71300 u_map=0 depth_boxes=0 u_map_merge=0 u_map_db=0 u_map_visual=0 u_map_fused=0 u_map_filtered=0 lidar_samples=3376/108205 uv=0 db=14 lidar=1 fused=1 filtered=1 tracks=75 dynamic=5 dyn_points=0 raw_dyn_points=0 service=27/2 split=1->0 (1 outputs) fusion_components=1 visual_only=0 lidar_only=1 yolo_in=0 yolo_match3d=0 yolo_match_det=0 yolo_human=0 fixed_size=0 size_reject=0
[lvdot_detector_main-8] [INFO] [1777344465.322070217] [lvdot_detector_node]: get_dynamic_obstacles responded with 5 obstacles from 5 tracked dynamic boxes.
[lvdot_detector_main-8] [INFO] [1777344470.890409925] [lvdot_detector_node]: Input health: depth=111 color=111 lidar=110 pose=211 odom=211 yolo=106 depth_pose_sync=0 lidar_pose_sync=0 depth_odom_sync=0 lidar_odom_sync=0
[lvdot_detector_main-8] [INFO] [1777344470.890492432] [lvdot_detector_node]: Stage timers: detection=605 lidar_detection=605 tracking=605 classification=605 vis=0
[lvdot_detector_main-8] [INFO] [1777344470.890502333] [lvdot_detector_node]: Processing phases: detection=idle lidar_detection=idle tracking=idle classification=idle
[lvdot_detector_main-8] [INFO] [1777344470.890508734] [lvdot_detector_node]: Pipeline stats: depth_samples=1571/71300 u_map=4 depth_boxes=0 u_map_merge=0 u_map_db=0 u_map_visual=0 u_map_fused=0 u_map_filtered=0 lidar_samples=3327/129648 uv=4 db=11 lidar=22 fused=26 filtered=28 tracks=17 dynamic=5 dyn_points=0 raw_dyn_points=0 service=28/5 split=26->1 (28 outputs) fusion_components=26 visual_only=4 lidar_only=22 yolo_in=4 yolo_match3d=2 yolo_match_det=4 yolo_human=4 fixed_size=0 size_reject=0
[lvdot_detector_main-8] [INFO] [1777344473.840957950] [lvdot_detector_node]: get_dynamic_obstacles responded with 2 obstacles from 2 tracked dynamic boxes.
[lvdot_detector_main-8] [INFO] [1777344477.175944352] [lvdot_detector_node]: Input health: depth=113 color=113 lidar=112 pose=213 odom=213 yolo=108 depth_pose_sync=0 lidar_pose_sync=0 depth_odom_sync=0 lidar_odom_sync=0
[lvdot_detector_main-8] [INFO] [1777344477.176049942] [lvdot_detector_node]: Stage timers: detection=607 lidar_detection=607 tracking=607 classification=607 vis=0
[lvdot_detector_main-8] [INFO] [1777344477.176063531] [lvdot_detector_node]: Processing phases: detection=idle lidar_detection=idle tracking=idle classification=idle
[lvdot_detector_main-8] [INFO] [1777344477.176072993] [lvdot_detector_node]: Pipeline stats: depth_samples=1404/71300 u_map=2 depth_boxes=0 u_map_merge=0 u_map_db=0 u_map_visual=0 u_map_fused=0 u_map_filtered=0 lidar_samples=3494/139661 uv=1 db=10 lidar=62 fused=63 filtered=63 tracks=4 dynamic=3 dyn_points=0 raw_dyn_points=0 service=29/2 split=63->0 (63 outputs) fusion_components=63 visual_only=1 lidar_only=62 yolo_in=0 yolo_match3d=0 yolo_match_det=0 yolo_human=0 fixed_size=0 size_reject=1
[lvdot_detector_main-8] [INFO] [1777344482.850642865] [lvdot_detector_node]: Input health: depth=115 color=115 lidar=114 pose=215 odom=215 yolo=110 depth_pose_sync=0 lidar_pose_sync=0 depth_odom_sync=0 lidar_odom_sync=0
[lvdot_detector_main-8] [INFO] [1777344482.850727481] [lvdot_detector_node]: Stage timers: detection=609 lidar_detection=609 tracking=609 classification=609 vis=0
[lvdot_detector_main-8] [INFO] [1777344482.850737283] [lvdot_detector_node]: Processing phases: detection=idle lidar_detection=idle tracking=idle classification=idle
[lvdot_detector_main-8] [INFO] [1777344482.850743984] [lvdot_detector_node]: Pipeline stats: depth_samples=1322/71300 u_map=0 depth_boxes=0 u_map_merge=0 u_map_db=0 u_map_visual=0 u_map_fused=0 u_map_filtered=0 lidar_samples=3384/108186 uv=0 db=14 lidar=5 fused=5 filtered=5 tracks=57 dynamic=1 dyn_points=0 raw_dyn_points=0 service=29/2 split=5->0 (5 outputs) fusion_components=5 visual_only=0 lidar_only=5 yolo_in=0 yolo_match3d=0 yolo_match_det=0 yolo_human=0 fixed_size=0 size_reject=0
[lvdot_detector_main-8] [INFO] [1777344482.852706741] [lvdot_detector_node]: get_dynamic_obstacles responded with 1 obstacles from 1 tracked dynamic boxes.
[lvdot_detector_main-8] [INFO] [1777344488.515293324] [lvdot_detector_node]: Input health: depth=117 color=117 lidar=116 pose=217 odom=217 yolo=112 depth_pose_sync=0 lidar_pose_sync=0 depth_odom_sync=0 lidar_odom_sync=0
[lvdot_detector_main-8] [INFO] [1777344488.515375033] [lvdot_detector_node]: Stage timers: detection=611 lidar_detection=611 tracking=611 classification=611 vis=0
[lvdot_detector_main-8] [INFO] [1777344488.515384616] [lvdot_detector_node]: Processing phases: detection=idle lidar_detection=idle tracking=idle classification=idle
[lvdot_detector_main-8] [INFO] [1777344488.515391476] [lvdot_detector_node]: Pipeline stats: depth_samples=1479/71300 u_map=4 depth_boxes=0 u_map_merge=0 u_map_db=0 u_map_visual=0 u_map_fused=0 u_map_filtered=0 lidar_samples=3445/143401 uv=3 db=7 lidar=62 fused=64 filtered=64 tracks=20 dynamic=1 dyn_points=0 raw_dyn_points=0 service=30/1 split=64->0 (64 outputs) fusion_components=64 visual_only=2 lidar_only=61 yolo_in=3 yolo_match3d=3 yolo_match_det=3 yolo_human=3 fixed_size=0 size_reject=0
[lvdot_detector_main-8] [INFO] [1777344494.184006854] [lvdot_detector_node]: Input health: depth=119 color=119 lidar=118 pose=219 odom=219 yolo=114 depth_pose_sync=0 lidar_pose_sync=0 depth_odom_sync=0 lidar_odom_sync=0
[lvdot_detector_main-8] [INFO] [1777344494.184087654] [lvdot_detector_node]: Stage timers: detection=613 lidar_detection=613 tracking=613 classification=613 vis=0
[lvdot_detector_main-8] [INFO] [1777344494.184097354] [lvdot_detector_node]: Processing phases: detection=idle lidar_detection=idle tracking=idle classification=idle
[lvdot_detector_main-8] [INFO] [1777344494.184103854] [lvdot_detector_node]: Pipeline stats: depth_samples=1267/71300 u_map=4 depth_boxes=0 u_map_merge=0 u_map_db=0 u_map_visual=0 u_map_fused=0 u_map_filtered=0 lidar_samples=3252/117677 uv=1 db=10 lidar=13 fused=14 filtered=14 tracks=54 dynamic=2 dyn_points=0 raw_dyn_points=0 service=30/1 split=14->0 (14 outputs) fusion_components=14 visual_only=1 lidar_only=13 yolo_in=1 yolo_match3d=1 yolo_match_det=1 yolo_human=1 fixed_size=0 size_reject=1
[uav_trajectory_controller-4] [WARN] [1777344495.494400835] [uav_trajectory_controller]: SetEntityPose request timed out after 0.62s on /world/pedestrian_prototype/set_pose; dropping the pending request and retrying.
[lvdot_detector_main-8] [INFO] [1777344499.671812635] [lvdot_detector_node]: Input health: depth=121 color=121 lidar=120 pose=221 odom=221 yolo=116 depth_pose_sync=0 lidar_pose_sync=0 depth_odom_sync=0 lidar_odom_sync=0
[lvdot_detector_main-8] [INFO] [1777344499.671898066] [lvdot_detector_node]: Stage timers: detection=615 lidar_detection=615 tracking=615 classification=615 vis=0
[lvdot_detector_main-8] [INFO] [1777344499.671907769] [lvdot_detector_node]: Processing phases: detection=idle lidar_detection=idle tracking=idle classification=idle
[lvdot_detector_main-8] [INFO] [1777344499.671914372] [lvdot_detector_node]: Pipeline stats: depth_samples=1010/71300 u_map=0 depth_boxes=0 u_map_merge=0 u_map_db=0 u_map_visual=0 u_map_fused=0 u_map_filtered=0 lidar_samples=3065/138375 uv=0 db=11 lidar=8 fused=8 filtered=8 tracks=64 dynamic=1 dyn_points=0 raw_dyn_points=0 service=30/1 split=8->0 (8 outputs) fusion_components=8 visual_only=0 lidar_only=8 yolo_in=1 yolo_match3d=1 yolo_match_det=1 yolo_human=1 fixed_size=0 size_reject=0
[lvdot_detector_main-8] [INFO] [1777344504.859633058] [lvdot_detector_node]: Input health: depth=123 color=123 lidar=122 pose=223 odom=223 yolo=118 depth_pose_sync=0 lidar_pose_sync=0 depth_odom_sync=0 lidar_odom_sync=0
[lvdot_detector_main-8] [INFO] [1777344504.859733072] [lvdot_detector_node]: Stage timers: detection=617 lidar_detection=617 tracking=617 classification=617 vis=0
[lvdot_detector_main-8] [INFO] [1777344504.859744774] [lvdot_detector_node]: Processing phases: detection=idle lidar_detection=idle tracking=idle classification=idle
[lvdot_detector_main-8] [INFO] [1777344504.859753475] [lvdot_detector_node]: Pipeline stats: depth_samples=1435/71300 u_map=2 depth_boxes=0 u_map_merge=0 u_map_db=0 u_map_visual=0 u_map_fused=0 u_map_filtered=0 lidar_samples=3430/107798 uv=2 db=11 lidar=4 fused=6 filtered=6 tracks=6 dynamic=1 dyn_points=0 raw_dyn_points=0 service=30/1 split=6->0 (6 outputs) fusion_components=6 visual_only=2 lidar_only=4 yolo_in=3 yolo_match3d=1 yolo_match_det=1 yolo_human=1 fixed_size=0 size_reject=0
[lvdot_detector_main-8] [INFO] [1777344510.506543563] [lvdot_detector_node]: Input health: depth=125 color=125 lidar=124 pose=225 odom=225 yolo=120 depth_pose_sync=0 lidar_pose_sync=0 depth_odom_sync=0 lidar_odom_sync=0
[lvdot_detector_main-8] [INFO] [1777344510.506635863] [lvdot_detector_node]: Stage timers: detection=619 lidar_detection=619 tracking=619 classification=619 vis=0
[lvdot_detector_main-8] [INFO] [1777344510.506647863] [lvdot_detector_node]: Processing phases: detection=idle lidar_detection=idle tracking=idle classification=idle
[lvdot_detector_main-8] [INFO] [1777344510.506654563] [lvdot_detector_node]: Pipeline stats: depth_samples=1459/71300 u_map=3 depth_boxes=0 u_map_merge=0 u_map_db=0 u_map_visual=0 u_map_fused=0 u_map_filtered=0 lidar_samples=3084/144904 uv=1 db=11 lidar=13 fused=13 filtered=14 tracks=26 dynamic=1 dyn_points=0 raw_dyn_points=0 service=30/1 split=13->1 (14 outputs) fusion_components=13 visual_only=0 lidar_only=12 yolo_in=4 yolo_match3d=3 yolo_match_det=4 yolo_human=4 fixed_size=0 size_reject=0
[lvdot_detector_main-8] [INFO] [1777344515.813240666] [lvdot_detector_node]: Input health: depth=127 color=127 lidar=126 pose=227 odom=227 yolo=122 depth_pose_sync=0 lidar_pose_sync=0 depth_odom_sync=0 lidar_odom_sync=0
[lvdot_detector_main-8] [INFO] [1777344515.813337766] [lvdot_detector_node]: Stage timers: detection=621 lidar_detection=621 tracking=621 classification=621 vis=0
[lvdot_detector_main-8] [INFO] [1777344515.813367266] [lvdot_detector_node]: Processing phases: detection=idle lidar_detection=idle tracking=idle classification=idle
[lvdot_detector_main-8] [INFO] [1777344515.813384166] [lvdot_detector_node]: Pipeline stats: depth_samples=1245/71300 u_map=2 depth_boxes=0 u_map_merge=0 u_map_db=0 u_map_visual=0 u_map_fused=0 u_map_filtered=0 lidar_samples=3392/119271 uv=1 db=9 lidar=64 fused=65 filtered=65 tracks=1 dynamic=3 dyn_points=0 raw_dyn_points=0 service=30/1 split=65->0 (65 outputs) fusion_components=65 visual_only=1 lidar_only=64 yolo_in=1 yolo_match3d=1 yolo_match_det=1 yolo_human=1 fixed_size=0 size_reject=1
[lvdot_detector_main-8] [INFO] [1777344521.213597923] [lvdot_detector_node]: Input health: depth=129 color=129 lidar=128 pose=229 odom=229 yolo=124 depth_pose_sync=0 lidar_pose_sync=0 depth_odom_sync=0 lidar_odom_sync=0
[lvdot_detector_main-8] [INFO] [1777344521.213754726] [lvdot_detector_node]: Stage timers: detection=623 lidar_detection=623 tracking=623 classification=623 vis=0
[lvdot_detector_main-8] [INFO] [1777344521.213773527] [lvdot_detector_node]: Processing phases: detection=idle lidar_detection=idle tracking=idle classification=idle
[lvdot_detector_main-8] [INFO] [1777344521.213784327] [lvdot_detector_node]: Pipeline stats: depth_samples=1494/71300 u_map=4 depth_boxes=0 u_map_merge=0 u_map_db=0 u_map_visual=0 u_map_fused=0 u_map_filtered=0 lidar_samples=3441/107879 uv=3 db=12 lidar=9 fused=12 filtered=12 tracks=6 dynamic=1 dyn_points=0 raw_dyn_points=0 service=30/1 split=12->0 (12 outputs) fusion_components=12 visual_only=3 lidar_only=9 yolo_in=3 yolo_match3d=1 yolo_match_det=1 yolo_human=1 fixed_size=0 size_reject=0
[lvdot_detector_main-8] [INFO] [1777344526.750867480] [lvdot_detector_node]: Input health: depth=131 color=131 lidar=130 pose=231 odom=231 yolo=126 depth_pose_sync=0 lidar_pose_sync=0 depth_odom_sync=0 lidar_odom_sync=0
[lvdot_detector_main-8] [INFO] [1777344526.750942580] [lvdot_detector_node]: Stage timers: detection=625 lidar_detection=625 tracking=625 classification=625 vis=0
[lvdot_detector_main-8] [INFO] [1777344526.750960180] [lvdot_detector_node]: Processing phases: detection=idle lidar_detection=idle tracking=idle classification=idle
[lvdot_detector_main-8] [INFO] [1777344526.750970480] [lvdot_detector_node]: Pipeline stats: depth_samples=1140/71300 u_map=2 depth_boxes=0 u_map_merge=0 u_map_db=0 u_map_visual=0 u_map_fused=0 u_map_filtered=0 lidar_samples=3182/164957 uv=2 db=8 lidar=18 fused=18 filtered=18 tracks=17 dynamic=1 dyn_points=0 raw_dyn_points=0 service=30/1 split=18->0 (18 outputs) fusion_components=18 visual_only=0 lidar_only=16 yolo_in=1 yolo_match3d=1 yolo_match_det=1 yolo_human=1 fixed_size=0 size_reject=0
[lvdot_detector_main-8] [INFO] [1777344532.399114078] [lvdot_detector_node]: Input health: depth=133 color=133 lidar=132 pose=233 odom=233 yolo=128 depth_pose_sync=0 lidar_pose_sync=0 depth_odom_sync=0 lidar_odom_sync=0
[lvdot_detector_main-8] [INFO] [1777344532.399190278] [lvdot_detector_node]: Stage timers: detection=627 lidar_detection=627 tracking=627 classification=627 vis=0
[lvdot_detector_main-8] [INFO] [1777344532.399200278] [lvdot_detector_node]: Processing phases: detection=idle lidar_detection=idle tracking=idle classification=idle
[lvdot_detector_main-8] [INFO] [1777344532.399206978] [lvdot_detector_node]: Pipeline stats: depth_samples=1261/71300 u_map=3 depth_boxes=0 u_map_merge=0 u_map_db=0 u_map_visual=0 u_map_fused=0 u_map_filtered=0 lidar_samples=3243/132502 uv=1 db=11 lidar=67 fused=68 filtered=68 tracks=16 dynamic=1 dyn_points=0 raw_dyn_points=0 service=30/1 split=68->1 (68 outputs) fusion_components=68 visual_only=1 lidar_only=67 yolo_in=2 yolo_match3d=1 yolo_match_det=2 yolo_human=1 fixed_size=0 size_reject=1
[lvdot_detector_main-8] [INFO] [1777344537.699860238] [lvdot_detector_node]: Input health: depth=135 color=135 lidar=134 pose=235 odom=235 yolo=130 depth_pose_sync=0 lidar_pose_sync=0 depth_odom_sync=0 lidar_odom_sync=0
[lvdot_detector_main-8] [INFO] [1777344537.699949738] [lvdot_detector_node]: Stage timers: detection=629 lidar_detection=629 tracking=629 classification=629 vis=0
[lvdot_detector_main-8] [INFO] [1777344537.699959839] [lvdot_detector_node]: Processing phases: detection=idle lidar_detection=idle tracking=idle classification=idle
[lvdot_detector_main-8] [INFO] [1777344537.699966639] [lvdot_detector_node]: Pipeline stats: depth_samples=1316/71300 u_map=0 depth_boxes=0 u_map_merge=0 u_map_db=0 u_map_visual=0 u_map_fused=0 u_map_filtered=0 lidar_samples=3417/108063 uv=0 db=9 lidar=6 fused=6 filtered=6 tracks=4 dynamic=1 dyn_points=0 raw_dyn_points=0 service=30/1 split=6->0 (6 outputs) fusion_components=6 visual_only=0 lidar_only=6 yolo_in=0 yolo_match3d=0 yolo_match_det=0 yolo_human=0 fixed_size=0 size_reject=0
[lvdot_detector_main-8] [INFO] [1777344542.817163142] [lvdot_detector_node]: Input health: depth=137 color=137 lidar=136 pose=237 odom=237 yolo=132 depth_pose_sync=0 lidar_pose_sync=0 depth_odom_sync=0 lidar_odom_sync=0
[lvdot_detector_main-8] [INFO] [1777344542.817296342] [lvdot_detector_node]: Stage timers: detection=631 lidar_detection=631 tracking=631 classification=631 vis=0
[lvdot_detector_main-8] [INFO] [1777344542.817316842] [lvdot_detector_node]: Processing phases: detection=idle lidar_detection=idle tracking=idle classification=idle
[lvdot_detector_main-8] [INFO] [1777344542.817327242] [lvdot_detector_node]: Pipeline stats: depth_samples=1332/71300 u_map=3 depth_boxes=0 u_map_merge=0 u_map_db=0 u_map_visual=0 u_map_fused=0 u_map_filtered=0 lidar_samples=1687/243568 uv=2 db=9 lidar=3 fused=5 filtered=5 tracks=26 dynamic=1 dyn_points=0 raw_dyn_points=0 service=30/1 split=5->1 (5 outputs) fusion_components=5 visual_only=2 lidar_only=3 yolo_in=2 yolo_match3d=1 yolo_match_det=2 yolo_human=0 fixed_size=0 size_reject=0
[lvdot_detector_main-8] [INFO] [1777344549.152919356] [lvdot_detector_node]: Input health: depth=139 color=139 lidar=138 pose=239 odom=239 yolo=134 depth_pose_sync=0 lidar_pose_sync=0 depth_odom_sync=0 lidar_odom_sync=0
[lvdot_detector_main-8] [INFO] [1777344549.153014456] [lvdot_detector_node]: Stage timers: detection=633 lidar_detection=633 tracking=633 classification=633 vis=0
[lvdot_detector_main-8] [INFO] [1777344549.153034456] [lvdot_detector_node]: Processing phases: detection=idle lidar_detection=idle tracking=idle classification=idle
[lvdot_detector_main-8] [INFO] [1777344549.153046256] [lvdot_detector_node]: Pipeline stats: depth_samples=1389/71300 u_map=3 depth_boxes=0 u_map_merge=0 u_map_db=0 u_map_visual=0 u_map_fused=0 u_map_filtered=0 lidar_samples=3311/150978 uv=1 db=12 lidar=3 fused=4 filtered=4 tracks=14 dynamic=4 dyn_points=0 raw_dyn_points=0 service=30/1 split=4->0 (4 outputs) fusion_components=4 visual_only=1 lidar_only=3 yolo_in=1 yolo_match3d=1 yolo_match_det=1 yolo_human=1 fixed_size=0 size_reject=0
[lvdot_detector_main-8] [INFO] [1777344554.938695337] [lvdot_detector_node]: Input health: depth=141 color=141 lidar=140 pose=241 odom=241 yolo=136 depth_pose_sync=0 lidar_pose_sync=0 depth_odom_sync=0 lidar_odom_sync=0
[lvdot_detector_main-8] [INFO] [1777344554.938795337] [lvdot_detector_node]: Stage timers: detection=635 lidar_detection=635 tracking=635 classification=635 vis=0
[lvdot_detector_main-8] [INFO] [1777344554.938809637] [lvdot_detector_node]: Processing phases: detection=idle lidar_detection=idle tracking=idle classification=idle
[lvdot_detector_main-8] [INFO] [1777344554.938819137] [lvdot_detector_node]: Pipeline stats: depth_samples=1322/71300 u_map=0 depth_boxes=0 u_map_merge=0 u_map_db=0 u_map_visual=0 u_map_fused=0 u_map_filtered=0 lidar_samples=3382/108061 uv=0 db=14 lidar=7 fused=7 filtered=7 tracks=73 dynamic=1 dyn_points=0 raw_dyn_points=0 service=30/1 split=7->0 (7 outputs) fusion_components=7 visual_only=0 lidar_only=7 yolo_in=0 yolo_match3d=0 yolo_match_det=0 yolo_human=0 fixed_size=0 size_reject=0
[lvdot_detector_main-8] [INFO] [1777344560.328114113] [lvdot_detector_node]: Input health: depth=143 color=143 lidar=142 pose=243 odom=243 yolo=138 depth_pose_sync=0 lidar_pose_sync=0 depth_odom_sync=0 lidar_odom_sync=0
[lvdot_detector_main-8] [INFO] [1777344560.328200013] [lvdot_detector_node]: Stage timers: detection=637 lidar_detection=637 tracking=637 classification=637 vis=0
[lvdot_detector_main-8] [INFO] [1777344560.328215913] [lvdot_detector_node]: Processing phases: detection=idle lidar_detection=idle tracking=idle classification=idle
[lvdot_detector_main-8] [INFO] [1777344560.328228113] [lvdot_detector_node]: Pipeline stats: depth_samples=1428/71300 u_map=3 depth_boxes=0 u_map_merge=0 u_map_db=0 u_map_visual=0 u_map_fused=0 u_map_filtered=0 lidar_samples=3107/127645 uv=0 db=17 lidar=15 fused=15 filtered=15 tracks=14 dynamic=1 dyn_points=0 raw_dyn_points=0 service=30/1 split=15->0 (15 outputs) fusion_components=15 visual_only=0 lidar_only=15 yolo_in=3 yolo_match3d=2 yolo_match_det=2 yolo_human=2 fixed_size=0 size_reject=0
[lvdot_detector_main-8] [INFO] [1777344566.157620586] [lvdot_detector_node]: Input health: depth=145 color=145 lidar=144 pose=245 odom=245 yolo=140 depth_pose_sync=0 lidar_pose_sync=0 depth_odom_sync=0 lidar_odom_sync=0
[lvdot_detector_main-8] [INFO] [1777344566.158566986] [lvdot_detector_node]: Stage timers: detection=639 lidar_detection=639 tracking=639 classification=639 vis=0
[lvdot_detector_main-8] [INFO] [1777344566.158597986] [lvdot_detector_node]: Processing phases: detection=idle lidar_detection=idle tracking=idle classification=idle
[lvdot_detector_main-8] [INFO] [1777344566.158608186] [lvdot_detector_node]: Pipeline stats: depth_samples=1302/71300 u_map=2 depth_boxes=0 u_map_merge=0 u_map_db=0 u_map_visual=0 u_map_fused=0 u_map_filtered=0 lidar_samples=2884/181122 uv=1 db=9 lidar=2 fused=3 filtered=3 tracks=19 dynamic=2 dyn_points=0 raw_dyn_points=0 service=30/1 split=3->0 (3 outputs) fusion_components=3 visual_only=1 lidar_only=2 yolo_in=0 yolo_match3d=0 yolo_match_det=0 yolo_human=0 fixed_size=0 size_reject=0
[lvdot_detector_main-8] [INFO] [1777344571.301121207] [lvdot_detector_node]: Input health: depth=147 color=147 lidar=146 pose=247 odom=247 yolo=142 depth_pose_sync=0 lidar_pose_sync=0 depth_odom_sync=0 lidar_odom_sync=0
[lvdot_detector_main-8] [INFO] [1777344571.301231207] [lvdot_detector_node]: Stage timers: detection=641 lidar_detection=641 tracking=641 classification=641 vis=0
[lvdot_detector_main-8] [INFO] [1777344571.301250007] [lvdot_detector_node]: Processing phases: detection=idle lidar_detection=idle tracking=idle classification=idle
[lvdot_detector_main-8] [INFO] [1777344571.301264307] [lvdot_detector_node]: Pipeline stats: depth_samples=1322/71300 u_map=0 depth_boxes=0 u_map_merge=0 u_map_db=0 u_map_visual=0 u_map_fused=0 u_map_filtered=0 lidar_samples=3348/108035 uv=0 db=14 lidar=2 fused=2 filtered=2 tracks=6 dynamic=1 dyn_points=0 raw_dyn_points=0 service=30/1 split=2->0 (2 outputs) fusion_components=2 visual_only=0 lidar_only=2 yolo_in=0 yolo_match3d=0 yolo_match_det=0 yolo_human=0 fixed_size=0 size_reject=0
[lvdot_detector_main-8] [INFO] [1777344576.759021387] [lvdot_detector_node]: Input health: depth=149 color=149 lidar=148 pose=249 odom=249 yolo=144 depth_pose_sync=0 lidar_pose_sync=0 depth_odom_sync=0 lidar_odom_sync=0
[lvdot_detector_main-8] [INFO] [1777344576.759124387] [lvdot_detector_node]: Stage timers: detection=643 lidar_detection=643 tracking=643 classification=643 vis=0
[lvdot_detector_main-8] [INFO] [1777344576.759139687] [lvdot_detector_node]: Processing phases: detection=idle lidar_detection=idle tracking=idle classification=idle
[lvdot_detector_main-8] [INFO] [1777344576.759149687] [lvdot_detector_node]: Pipeline stats: depth_samples=1499/71300 u_map=3 depth_boxes=0 u_map_merge=0 u_map_db=0 u_map_visual=0 u_map_fused=0 u_map_filtered=0 lidar_samples=3322/124184 uv=1 db=10 lidar=28 fused=28 filtered=28 tracks=20 dynamic=1 dyn_points=0 raw_dyn_points=0 service=30/1 split=28->0 (28 outputs) fusion_components=28 visual_only=0 lidar_only=27 yolo_in=4 yolo_match3d=3 yolo_match_det=3 yolo_human=3 fixed_size=0 size_reject=0
[lvdot_detector_main-8] [INFO] [1777344582.887161996] [lvdot_detector_node]: Input health: depth=151 color=151 lidar=150 pose=251 odom=251 yolo=146 depth_pose_sync=0 lidar_pose_sync=0 depth_odom_sync=0 lidar_odom_sync=0
[lvdot_detector_main-8] [INFO] [1777344582.887257896] [lvdot_detector_node]: Stage timers: detection=645 lidar_detection=645 tracking=645 classification=645 vis=0
[lvdot_detector_main-8] [INFO] [1777344582.887269996] [lvdot_detector_node]: Processing phases: detection=idle lidar_detection=idle tracking=idle classification=idle
[lvdot_detector_main-8] [INFO] [1777344582.887278796] [lvdot_detector_node]: Pipeline stats: depth_samples=1140/71300 u_map=1 depth_boxes=0 u_map_merge=0 u_map_db=0 u_map_visual=0 u_map_fused=0 u_map_filtered=0 lidar_samples=3206/174348 uv=0 db=9 lidar=29 fused=29 filtered=29 tracks=2 dynamic=2 dyn_points=0 raw_dyn_points=0 service=30/1 split=29->0 (29 outputs) fusion_components=29 visual_only=0 lidar_only=29 yolo_in=2 yolo_match3d=2 yolo_match_det=2 yolo_human=2 fixed_size=0 size_reject=1
[lvdot_detector_main-8] [INFO] [1777344588.606829124] [lvdot_detector_node]: Input health: depth=153 color=153 lidar=152 pose=253 odom=253 yolo=148 depth_pose_sync=0 lidar_pose_sync=0 depth_odom_sync=0 lidar_odom_sync=0
[lvdot_detector_main-8] [INFO] [1777344588.606920024] [lvdot_detector_node]: Stage timers: detection=647 lidar_detection=647 tracking=647 classification=647 vis=0
[lvdot_detector_main-8] [INFO] [1777344588.606929924] [lvdot_detector_node]: Processing phases: detection=idle lidar_detection=idle tracking=idle classification=idle
[lvdot_detector_main-8] [INFO] [1777344588.606936424] [lvdot_detector_node]: Pipeline stats: depth_samples=1322/71300 u_map=0 depth_boxes=0 u_map_merge=0 u_map_db=0 u_map_visual=0 u_map_fused=0 u_map_filtered=0 lidar_samples=3349/107855 uv=0 db=14 lidar=3 fused=3 filtered=3 tracks=56 dynamic=1 dyn_points=0 raw_dyn_points=0 service=30/1 split=3->0 (3 outputs) fusion_components=3 visual_only=0 lidar_only=3 yolo_in=0 yolo_match3d=0 yolo_match_det=0 yolo_human=0 fixed_size=0 size_reject=1
[lvdot_detector_main-8] [INFO] [1777344594.294498382] [lvdot_detector_node]: Input health: depth=155 color=155 lidar=154 pose=255 odom=255 yolo=150 depth_pose_sync=0 lidar_pose_sync=0 depth_odom_sync=0 lidar_odom_sync=0
[lvdot_detector_main-8] [INFO] [1777344594.294582482] [lvdot_detector_node]: Stage timers: detection=649 lidar_detection=649 tracking=649 classification=649 vis=0
[lvdot_detector_main-8] [INFO] [1777344594.294591982] [lvdot_detector_node]: Processing phases: detection=idle lidar_detection=idle tracking=idle classification=idle
[lvdot_detector_main-8] [INFO] [1777344594.294598582] [lvdot_detector_node]: Pipeline stats: depth_samples=1506/71300 u_map=4 depth_boxes=0 u_map_merge=0 u_map_db=0 u_map_visual=0 u_map_fused=0 u_map_filtered=0 lidar_samples=3166/175648 uv=2 db=11 lidar=25 fused=27 filtered=27 tracks=8 dynamic=1 dyn_points=0 raw_dyn_points=0 service=30/1 split=27->1 (27 outputs) fusion_components=27 visual_only=2 lidar_only=25 yolo_in=4 yolo_match3d=3 yolo_match_det=4 yolo_human=3 fixed_size=0 size_reject=0
[lvdot_detector_main-8] [INFO] [1777344599.919789674] [lvdot_detector_node]: Input health: depth=157 color=157 lidar=156 pose=257 odom=257 yolo=152 depth_pose_sync=0 lidar_pose_sync=0 depth_odom_sync=0 lidar_odom_sync=0
[lvdot_detector_main-8] [INFO] [1777344599.919870974] [lvdot_detector_node]: Stage timers: detection=651 lidar_detection=651 tracking=651 classification=651 vis=0
[lvdot_detector_main-8] [INFO] [1777344599.919880474] [lvdot_detector_node]: Processing phases: detection=idle lidar_detection=idle tracking=idle classification=idle
[lvdot_detector_main-8] [INFO] [1777344599.919887174] [lvdot_detector_node]: Pipeline stats: depth_samples=1041/71300 u_map=1 depth_boxes=0 u_map_merge=0 u_map_db=0 u_map_visual=0 u_map_fused=0 u_map_filtered=0 lidar_samples=3240/122052 uv=0 db=10 lidar=11 fused=11 filtered=11 tracks=20 dynamic=2 dyn_points=0 raw_dyn_points=0 service=30/1 split=11->0 (11 outputs) fusion_components=11 visual_only=0 lidar_only=11 yolo_in=0 yolo_match3d=0 yolo_match_det=0 yolo_human=0 fixed_size=0 size_reject=1
[lvdot_detector_main-8] [INFO] [1777344599.921940374] [lvdot_detector_node]: get_dynamic_obstacles responded with 2 obstacles from 2 tracked dynamic boxes.
[lvdot_detector_main-8] [INFO] [1777344605.736238026] [lvdot_detector_node]: Input health: depth=159 color=159 lidar=158 pose=259 odom=259 yolo=154 depth_pose_sync=0 lidar_pose_sync=0 depth_odom_sync=0 lidar_odom_sync=0
[lvdot_detector_main-8] [INFO] [1777344605.736455526] [lvdot_detector_node]: Stage timers: detection=653 lidar_detection=653 tracking=653 classification=653 vis=0
[lvdot_detector_main-8] [INFO] [1777344605.736482526] [lvdot_detector_node]: Processing phases: detection=idle lidar_detection=idle tracking=idle classification=idle
[lvdot_detector_main-8] [INFO] [1777344605.736530426] [lvdot_detector_node]: Pipeline stats: depth_samples=1322/71300 u_map=0 depth_boxes=0 u_map_merge=0 u_map_db=0 u_map_visual=0 u_map_fused=0 u_map_filtered=0 lidar_samples=3370/107883 uv=0 db=14 lidar=4 fused=4 filtered=4 tracks=5 dynamic=1 dyn_points=0 raw_dyn_points=0 service=31/2 split=4->0 (4 outputs) fusion_components=4 visual_only=0 lidar_only=4 yolo_in=0 yolo_match3d=0 yolo_match_det=0 yolo_human=0 fixed_size=0 size_reject=0
[lvdot_detector_main-8] [INFO] [1777344611.137712770] [lvdot_detector_node]: Input health: depth=161 color=161 lidar=160 pose=261 odom=261 yolo=156 depth_pose_sync=0 lidar_pose_sync=0 depth_odom_sync=0 lidar_odom_sync=0
[lvdot_detector_main-8] [INFO] [1777344611.137794270] [lvdot_detector_node]: Stage timers: detection=655 lidar_detection=655 tracking=655 classification=655 vis=0
[lvdot_detector_main-8] [INFO] [1777344611.137803770] [lvdot_detector_node]: Processing phases: detection=idle lidar_detection=idle tracking=idle classification=idle
[lvdot_detector_main-8] [INFO] [1777344611.137810370] [lvdot_detector_node]: Pipeline stats: depth_samples=1416/71300 u_map=2 depth_boxes=0 u_map_merge=0 u_map_db=0 u_map_visual=0 u_map_fused=0 u_map_filtered=0 lidar_samples=3320/116196 uv=1 db=9 lidar=15 fused=16 filtered=17 tracks=9 dynamic=1 dyn_points=0 raw_dyn_points=0 service=31/2 split=16->1 (17 outputs) fusion_components=16 visual_only=1 lidar_only=15 yolo_in=2 yolo_match3d=1 yolo_match_det=2 yolo_human=2 fixed_size=0 size_reject=0
[lvdot_detector_main-8] [INFO] [1777344616.981336010] [lvdot_detector_node]: Input health: depth=163 color=163 lidar=162 pose=263 odom=263 yolo=158 depth_pose_sync=0 lidar_pose_sync=0 depth_odom_sync=0 lidar_odom_sync=0
[lvdot_detector_main-8] [INFO] [1777344616.981528210] [lvdot_detector_node]: Stage timers: detection=657 lidar_detection=657 tracking=657 classification=657 vis=0
[lvdot_detector_main-8] [INFO] [1777344616.981546510] [lvdot_detector_node]: Processing phases: detection=idle lidar_detection=idle tracking=idle classification=idle
[lvdot_detector_main-8] [INFO] [1777344616.981553410] [lvdot_detector_node]: Pipeline stats: depth_samples=1593/71300 u_map=4 depth_boxes=0 u_map_merge=0 u_map_db=0 u_map_visual=0 u_map_fused=0 u_map_filtered=0 lidar_samples=3250/130444 uv=1 db=12 lidar=19 fused=19 filtered=20 tracks=24 dynamic=2 dyn_points=0 raw_dyn_points=0 service=31/2 split=19->1 (20 outputs) fusion_components=19 visual_only=0 lidar_only=18 yolo_in=4 yolo_match3d=3 yolo_match_det=4 yolo_human=4 fixed_size=0 size_reject=0
[lvdot_detector_main-8] [INFO] [1777344623.100804672] [lvdot_detector_node]: Input health: depth=165 color=165 lidar=164 pose=265 odom=265 yolo=160 depth_pose_sync=0 lidar_pose_sync=0 depth_odom_sync=0 lidar_odom_sync=0
[lvdot_detector_main-8] [INFO] [1777344623.100888072] [lvdot_detector_node]: Stage timers: detection=659 lidar_detection=659 tracking=659 classification=659 vis=0
[lvdot_detector_main-8] [INFO] [1777344623.100897572] [lvdot_detector_node]: Processing phases: detection=idle lidar_detection=idle tracking=idle classification=idle
[lvdot_detector_main-8] [INFO] [1777344623.100904072] [lvdot_detector_node]: Pipeline stats: depth_samples=1322/71300 u_map=0 depth_boxes=0 u_map_merge=0 u_map_db=0 u_map_visual=0 u_map_fused=0 u_map_filtered=0 lidar_samples=3288/142953 uv=0 db=14 lidar=47 fused=47 filtered=47 tracks=6 dynamic=4 dyn_points=0 raw_dyn_points=0 service=31/2 split=47->0 (47 outputs) fusion_components=47 visual_only=0 lidar_only=47 yolo_in=0 yolo_match3d=0 yolo_match_det=0 yolo_human=0 fixed_size=0 size_reject=0
