[INFO] [launch]: All log files can be found below /home/skbt2/.ros/log/2026-04-23-22-33-44-121455-DESKTOP-90MQDL6-134415
[INFO] [launch]: Default logging verbosity is set to INFO
[INFO] [gazebo-1]: process started with pid [134460]
[INFO] [parameter_bridge-2]: process started with pid [134461]
[INFO] [pedestrian_state_publisher-3]: process started with pid [134462]
[INFO] [uav_trajectory_controller-4]: process started with pid [134463]
[INFO] [image_pointcloud_relay-5]: process started with pid [134464]
[INFO] [lvdot_yolo_node-6]: process started with pid [134465]
[INFO] [lvdot_detector_main-7]: process started with pid [134466]
[parameter_bridge-2] [INFO] [1776954824.647919716] [ros_gz_bridge]: Creating GZ->ROS Bridge: [/rgbd_camera/image (gz.msgs.Image) -> /rgbd_camera/image (sensor_msgs/msg/Image)] (Lazy 0)
[parameter_bridge-2] [INFO] [1776954824.654429863] [ros_gz_bridge]: Creating GZ->ROS Bridge: [/rgbd_camera/camera_info (gz.msgs.CameraInfo) -> /rgbd_camera/camera_info (sensor_msgs/msg/CameraInfo)] (Lazy 0)
[parameter_bridge-2] [INFO] [1776954824.655919568] [ros_gz_bridge]: Creating GZ->ROS Bridge: [/rgbd_camera/depth_image (gz.msgs.Image) -> /rgbd_camera/depth_image (sensor_msgs/msg/Image)] (Lazy 0)
[parameter_bridge-2] [INFO] [1776954824.656779547] [ros_gz_bridge]: Creating GZ->ROS Bridge: [/rgbd_camera/points (gz.msgs.PointCloudPacked) -> /rgbd_camera/points (sensor_msgs/msg/PointCloud2)] (Lazy 0)
[parameter_bridge-2] [INFO] [1776954824.657765945] [ros_gz_bridge]: Creating GZ->ROS Bridge: [/camera/imu (gz.msgs.IMU) -> /camera/imu (sensor_msgs/msg/Imu)] (Lazy 0)
[parameter_bridge-2] [INFO] [1776954824.659133570] [ros_gz_bridge]: Creating ROS->GZ service bridge [/world/pedestrian_prototype/set_pose (ros_gz_interfaces/srv/SetEntityPose -> /)]
[parameter_bridge-2] [INFO] [1776954824.661138907] [ros_gz_bridge]: Creating ROS->GZ service bridge [/world/pedestrian_prototype/set_pose/blocking (ros_gz_interfaces/srv/SetEntityPose -> /)]
[lvdot_detector_main-7] [INFO] [1776954824.664336639] [lvdot_detector_node]: Config loaded: localization_mode=0 dt=0.033 image=640x480 depth_range=[0.20, 12.00] stage_timers=true
[lvdot_detector_main-7] [INFO] [1776954824.704243796] [lvdot_detector_node]: LV-DOT ROS2 skeleton started. depth=/camera/depth/image_rect_raw color=/camera/color/image_raw lidar=/rgbd_camera/points pose=/mavros/local_position/pose odom=/mavros/local_position/odom yolo=/yolo_detector/detected_bounding_boxes
[gazebo-1] [INFO] [1776954825.468400816] [pedestrian_pose_sync_system]: Configured pedestrian pose sync plugin on topic [/pedestrian_sim/agent_states] for 8 models.
[uav_trajectory_controller-4] [WARN] [1776954825.971782454] [uav_trajectory_controller]: SetEntityPose request timed out after 0.63s on /world/pedestrian_prototype/set_pose/blocking; dropping the pending request and retrying.
[uav_trajectory_controller-4] [WARN] [1776954825.972692528] [uav_trajectory_controller]: Falling back from /world/pedestrian_prototype/set_pose/blocking to /world/pedestrian_prototype/set_pose.
[lvdot_detector_main-7] [INFO] [1776954826.704753997] [lvdot_detector_node]: Input health: depth=0 color=0 lidar=0 pose=2 odom=2 yolo=0 depth_pose_sync=0 lidar_pose_sync=0 depth_odom_sync=0 lidar_odom_sync=0
[lvdot_detector_main-7] [INFO] [1776954826.704906350] [lvdot_detector_node]: Stage timers: detection=60 lidar_detection=60 tracking=60 classification=60 vis=60
[lvdot_detector_main-7] [INFO] [1776954826.704926960] [lvdot_detector_node]: Processing phases: detection=waiting_depth lidar_detection=waiting_new_lidar tracking=waiting_new_filtered_update classification=waiting_new_tracking_update
[lvdot_detector_main-7] [INFO] [1776954826.704934454] [lvdot_detector_node]: Pipeline stats: depth_samples=0/0 u_map=0 depth_boxes=0 u_map_merge=0 u_map_db=0 u_map_visual=0 u_map_fused=0 u_map_filtered=0 lidar_samples=0/0 uv=0 db=0 lidar=0 fused=0 filtered=0 tracks=0 dynamic=0 dyn_points=0 raw_dyn_points=0 service=0/0 split=0->0 (0 outputs) fusion_components=0 visual_only=0 lidar_only=0 yolo_in=0 yolo_match3d=0 yolo_match_det=0 yolo_human=0 fixed_size=0 size_reject=0
[lvdot_detector_main-7] [INFO] [1776954833.399656844] [lvdot_detector_node]: Input health: depth=24 color=24 lidar=24 pose=50 odom=50 yolo=7 depth_pose_sync=0 lidar_pose_sync=0 depth_odom_sync=0 lidar_odom_sync=0
[lvdot_detector_main-7] [INFO] [1776954833.399750595] [lvdot_detector_node]: Stage timers: detection=127 lidar_detection=117 tracking=242 classification=241 vis=236
[lvdot_detector_main-7] [INFO] [1776954833.399769641] [lvdot_detector_node]: Processing phases: detection=idle lidar_detection=run_lidar_detector/dbscan tracking=run_core classification=waiting_new_tracking_update
[lvdot_detector_main-7] [INFO] [1776954833.399780694] [lvdot_detector_node]: Pipeline stats: depth_samples=213/71300 u_map=3 depth_boxes=0 u_map_merge=0 u_map_db=0 u_map_visual=0 u_map_fused=0 u_map_filtered=0 lidar_samples=3363/121179 uv=0 db=3 lidar=20 fused=20 filtered=20 tracks=21 dynamic=0 dyn_points=0 raw_dyn_points=0 service=0/0 split=20->0 (20 outputs) fusion_components=20 visual_only=0 lidar_only=20 yolo_in=0 yolo_match3d=0 yolo_match_det=0 yolo_human=0 fixed_size=0 size_reject=0
[lvdot_detector_main-7] [INFO] [1776954839.408155556] [lvdot_detector_node]: Input health: depth=56 color=53 lidar=52 pose=98 odom=98 yolo=18 depth_pose_sync=0 lidar_pose_sync=0 depth_odom_sync=0 lidar_odom_sync=0
[lvdot_detector_main-7] [INFO] [1776954839.408267564] [lvdot_detector_node]: Stage timers: detection=140 lidar_detection=120 tracking=418 classification=417 vis=415
[lvdot_detector_main-7] [INFO] [1776954839.408282860] [lvdot_detector_node]: Processing phases: detection=run_core lidar_detection=run_lidar_detector/project tracking=waiting_new_filtered_update classification=waiting_new_tracking_update
[lvdot_detector_main-7] [INFO] [1776954839.408295196] [lvdot_detector_node]: Pipeline stats: depth_samples=165/71300 u_map=4 depth_boxes=0 u_map_merge=0 u_map_db=0 u_map_visual=0 u_map_fused=0 u_map_filtered=0 lidar_samples=3273/143086 uv=0 db=2 lidar=47 fused=12 filtered=12 tracks=12 dynamic=0 dyn_points=0 raw_dyn_points=0 service=0/0 split=12->0 (12 outputs) fusion_components=12 visual_only=0 lidar_only=12 yolo_in=2 yolo_match3d=0 yolo_match_det=0 yolo_human=0 fixed_size=0 size_reject=0
[lvdot_detector_main-7] [INFO] [1776954845.406532728] [lvdot_detector_node]: Input health: depth=113 color=103 lidar=103 pose=146 odom=146 yolo=30 depth_pose_sync=0 lidar_pose_sync=0 depth_odom_sync=0 lidar_odom_sync=0
[lvdot_detector_main-7] [INFO] [1776954845.406617577] [lvdot_detector_node]: Stage timers: detection=153 lidar_detection=122 tracking=595 classification=586 vis=588
[lvdot_detector_main-7] [INFO] [1776954845.406627519] [lvdot_detector_node]: Processing phases: detection=run_core lidar_detection=run_lidar_detector/dbscan tracking=waiting_new_filtered_update classification=waiting_new_tracking_update
[lvdot_detector_main-7] [INFO] [1776954845.406657443] [lvdot_detector_node]: Pipeline stats: depth_samples=125/71300 u_map=1 depth_boxes=0 u_map_merge=0 u_map_db=0 u_map_visual=0 u_map_fused=0 u_map_filtered=0 lidar_samples=3377/107919 uv=0 db=2 lidar=5 fused=5 filtered=5 tracks=5 dynamic=0 dyn_points=0 raw_dyn_points=0 service=0/0 split=5->0 (5 outputs) fusion_components=5 visual_only=0 lidar_only=5 yolo_in=0 yolo_match3d=0 yolo_match_det=0 yolo_human=0 fixed_size=0 size_reject=0
[lvdot_detector_main-7] [INFO] [1776954851.397754596] [lvdot_detector_node]: Input health: depth=138 color=125 lidar=127 pose=194 odom=194 yolo=42 depth_pose_sync=0 lidar_pose_sync=0 depth_odom_sync=0 lidar_odom_sync=0
[lvdot_detector_main-7] [INFO] [1776954851.397835727] [lvdot_detector_node]: Stage timers: detection=167 lidar_detection=125 tracking=776 classification=767 vis=769
[lvdot_detector_main-7] [INFO] [1776954851.397845388] [lvdot_detector_node]: Processing phases: detection=run_core lidar_detection=run_lidar_detector/project tracking=waiting_new_filtered_update classification=waiting_new_tracking_update
[lvdot_detector_main-7] [INFO] [1776954851.397852585] [lvdot_detector_node]: Pipeline stats: depth_samples=245/71300 u_map=5 depth_boxes=0 u_map_merge=0 u_map_db=0 u_map_visual=0 u_map_fused=0 u_map_filtered=0 lidar_samples=3464/123143 uv=0 db=2 lidar=24 fused=24 filtered=24 tracks=24 dynamic=0 dyn_points=0 raw_dyn_points=0 service=0/0 split=24->0 (24 outputs) fusion_components=24 visual_only=0 lidar_only=24 yolo_in=1 yolo_match3d=0 yolo_match_det=0 yolo_human=0 fixed_size=0 size_reject=0
[lvdot_detector_main-7] [INFO] [1776954857.397874141] [lvdot_detector_node]: Input health: depth=177 color=159 lidar=162 pose=242 odom=242 yolo=54 depth_pose_sync=0 lidar_pose_sync=0 depth_odom_sync=0 lidar_odom_sync=0
[lvdot_detector_main-7] [INFO] [1776954857.397981879] [lvdot_detector_node]: Stage timers: detection=180 lidar_detection=127 tracking=956 classification=947 vis=942
[lvdot_detector_main-7] [INFO] [1776954857.397998636] [lvdot_detector_node]: Processing phases: detection=run_core lidar_detection=run_lidar_detector/dbscan tracking=waiting_new_filtered_update classification=waiting_new_tracking_update
[lvdot_detector_main-7] [INFO] [1776954857.398012042] [lvdot_detector_node]: Pipeline stats: depth_samples=110/71300 u_map=2 depth_boxes=0 u_map_merge=0 u_map_db=0 u_map_visual=0 u_map_fused=0 u_map_filtered=0 lidar_samples=3135/125877 uv=0 db=1 lidar=19 fused=19 filtered=19 tracks=19 dynamic=0 dyn_points=0 raw_dyn_points=0 service=0/0 split=19->0 (19 outputs) fusion_components=19 visual_only=0 lidar_only=19 yolo_in=0 yolo_match3d=0 yolo_match_det=0 yolo_human=0 fixed_size=0 size_reject=0
[lvdot_detector_main-7] [INFO] [1776954863.887997889] [lvdot_detector_node]: Input health: depth=223 color=207 lidar=211 pose=290 odom=290 yolo=67 depth_pose_sync=0 lidar_pose_sync=0 depth_odom_sync=0 lidar_odom_sync=0
[lvdot_detector_main-7] [INFO] [1776954863.888100304] [lvdot_detector_node]: Stage timers: detection=193 lidar_detection=130 tracking=1134 classification=1125 vis=1117
[lvdot_detector_main-7] [INFO] [1776954863.888115977] [lvdot_detector_node]: Processing phases: detection=run_core lidar_detection=run_lidar_detector/dbscan tracking=waiting_new_filtered_update classification=waiting_new_tracking_update
[lvdot_detector_main-7] [INFO] [1776954863.888126623] [lvdot_detector_node]: Pipeline stats: depth_samples=125/71300 u_map=2 depth_boxes=0 u_map_merge=0 u_map_db=0 u_map_visual=0 u_map_fused=0 u_map_filtered=0 lidar_samples=3383/108087 uv=0 db=2 lidar=8 fused=8 filtered=8 tracks=8 dynamic=0 dyn_points=0 raw_dyn_points=0 service=0/0 split=8->0 (8 outputs) fusion_components=8 visual_only=0 lidar_only=8 yolo_in=0 yolo_match3d=0 yolo_match_det=0 yolo_human=0 fixed_size=0 size_reject=0
[lvdot_detector_main-7] [INFO] [1776954869.890172495] [lvdot_detector_node]: Input health: depth=245 color=228 lidar=232 pose=338 odom=338 yolo=78 depth_pose_sync=0 lidar_pose_sync=0 depth_odom_sync=0 lidar_odom_sync=0
[lvdot_detector_main-7] [INFO] [1776954869.890239675] [lvdot_detector_node]: Stage timers: detection=207 lidar_detection=133 tracking=1315 classification=1307 vis=1298
[lvdot_detector_main-7] [INFO] [1776954869.890250724] [lvdot_detector_node]: Processing phases: detection=run_core lidar_detection=run_lidar_detector/project tracking=waiting_new_filtered_update classification=waiting_new_tracking_update
[lvdot_detector_main-7] [INFO] [1776954869.890260293] [lvdot_detector_node]: Pipeline stats: depth_samples=273/71300 u_map=5 depth_boxes=0 u_map_merge=0 u_map_db=0 u_map_visual=0 u_map_fused=0 u_map_filtered=0 lidar_samples=3123/137477 uv=1 db=3 lidar=36 fused=20 filtered=20 tracks=20 dynamic=0 dyn_points=0 raw_dyn_points=0 service=0/0 split=20->1 (20 outputs) fusion_components=20 visual_only=1 lidar_only=19 yolo_in=4 yolo_match3d=1 yolo_match_det=2 yolo_human=1 fixed_size=0 size_reject=1
[lvdot_detector_main-7] [INFO] [1776954875.896942562] [lvdot_detector_node]: Input health: depth=284 color=264 lidar=264 pose=386 odom=386 yolo=91 depth_pose_sync=0 lidar_pose_sync=0 depth_odom_sync=0 lidar_odom_sync=0
[lvdot_detector_main-7] [INFO] [1776954875.897529910] [lvdot_detector_node]: Stage timers: detection=219 lidar_detection=135 tracking=1491 classification=1479 vis=1471
[lvdot_detector_main-7] [INFO] [1776954875.897554133] [lvdot_detector_node]: Processing phases: detection=run_core lidar_detection=run_lidar_detector/dbscan tracking=waiting_new_filtered_update classification=waiting_new_tracking_update
[lvdot_detector_main-7] [INFO] [1776954875.897562010] [lvdot_detector_node]: Pipeline stats: depth_samples=110/71300 u_map=2 depth_boxes=0 u_map_merge=0 u_map_db=0 u_map_visual=0 u_map_fused=0 u_map_filtered=0 lidar_samples=1780/172279 uv=0 db=1 lidar=4 fused=4 filtered=4 tracks=4 dynamic=0 dyn_points=0 raw_dyn_points=0 service=0/0 split=4->0 (4 outputs) fusion_components=4 visual_only=0 lidar_only=4 yolo_in=0 yolo_match3d=0 yolo_match_det=0 yolo_human=0 fixed_size=0 size_reject=0
[uav_trajectory_controller-4] [WARN] [1776954880.302641590] [uav_trajectory_controller]: SetEntityPose request timed out after 0.50s on /world/pedestrian_prototype/set_pose; dropping the pending request and retrying.
[lvdot_detector_main-7] [INFO] [1776954881.887967225] [lvdot_detector_node]: Input health: depth=338 color=317 lidar=321 pose=429 odom=429 yolo=103 depth_pose_sync=0 lidar_pose_sync=0 depth_odom_sync=0 lidar_odom_sync=0
[lvdot_detector_main-7] [INFO] [1776954881.888042650] [lvdot_detector_node]: Stage timers: detection=233 lidar_detection=138 tracking=1671 classification=1660 vis=1650
[lvdot_detector_main-7] [INFO] [1776954881.888052595] [lvdot_detector_node]: Processing phases: detection=run_core lidar_detection=run_lidar_detector/dbscan tracking=waiting_new_filtered_update classification=waiting_new_tracking_update
[lvdot_detector_main-7] [INFO] [1776954881.888059389] [lvdot_detector_node]: Pipeline stats: depth_samples=125/71300 u_map=2 depth_boxes=0 u_map_merge=0 u_map_db=0 u_map_visual=0 u_map_fused=0 u_map_filtered=0 lidar_samples=3374/108102 uv=0 db=2 lidar=4 fused=4 filtered=4 tracks=4 dynamic=0 dyn_points=0 raw_dyn_points=0 service=0/0 split=4->0 (4 outputs) fusion_components=4 visual_only=0 lidar_only=4 yolo_in=0 yolo_match3d=0 yolo_match_det=0 yolo_human=0 fixed_size=0 size_reject=0
[lvdot_detector_main-7] [INFO] [1776954887.895884441] [lvdot_detector_node]: Input health: depth=364 color=342 lidar=341 pose=477 odom=477 yolo=115 depth_pose_sync=0 lidar_pose_sync=0 depth_odom_sync=0 lidar_odom_sync=0
[lvdot_detector_main-7] [INFO] [1776954887.895984781] [lvdot_detector_node]: Stage timers: detection=246 lidar_detection=140 tracking=1853 classification=1842 vis=1830
[lvdot_detector_main-7] [INFO] [1776954887.895999664] [lvdot_detector_node]: Processing phases: detection=idle lidar_detection=run_lidar_detector/dbscan tracking=run_core classification=waiting_new_tracking_update
[lvdot_detector_main-7] [INFO] [1776954887.896009126] [lvdot_detector_node]: Pipeline stats: depth_samples=288/71300 u_map=3 depth_boxes=0 u_map_merge=0 u_map_db=0 u_map_visual=0 u_map_fused=0 u_map_filtered=0 lidar_samples=3255/134427 uv=1 db=3 lidar=18 fused=19 filtered=20 tracks=18 dynamic=0 dyn_points=0 raw_dyn_points=0 service=0/0 split=19->1 (20 outputs) fusion_components=19 visual_only=1 lidar_only=18 yolo_in=2 yolo_match3d=1 yolo_match_det=2 yolo_human=2 fixed_size=0 size_reject=0
[lvdot_detector_main-7] [INFO] [1776954893.889523128] [lvdot_detector_node]: Input health: depth=405 color=376 lidar=378 pose=525 odom=525 yolo=126 depth_pose_sync=0 lidar_pose_sync=0 depth_odom_sync=0 lidar_odom_sync=0
[lvdot_detector_main-7] [INFO] [1776954893.889602282] [lvdot_detector_node]: Stage timers: detection=258 lidar_detection=143 tracking=2028 classification=2003 vis=2000
[lvdot_detector_main-7] [INFO] [1776954893.889617166] [lvdot_detector_node]: Processing phases: detection=idle lidar_detection=run_lidar_detector/project tracking=run_core classification=waiting_new_tracking_update
[lvdot_detector_main-7] [INFO] [1776954893.889627220] [lvdot_detector_node]: Pipeline stats: depth_samples=110/71300 u_map=2 depth_boxes=0 u_map_merge=0 u_map_db=0 u_map_visual=0 u_map_fused=0 u_map_filtered=0 lidar_samples=3391/153059 uv=0 db=1 lidar=3 fused=23 filtered=23 tracks=3 dynamic=0 dyn_points=0 raw_dyn_points=0 service=0/0 split=23->0 (23 outputs) fusion_components=23 visual_only=0 lidar_only=23 yolo_in=0 yolo_match3d=0 yolo_match_det=0 yolo_human=0 fixed_size=0 size_reject=0
[lvdot_detector_main-7] [INFO] [1776954900.336966788] [lvdot_detector_node]: Input health: depth=451 color=418 lidar=425 pose=574 odom=574 yolo=139 depth_pose_sync=0 lidar_pose_sync=0 depth_odom_sync=0 lidar_odom_sync=0
[lvdot_detector_main-7] [INFO] [1776954900.337047080] [lvdot_detector_node]: Stage timers: detection=271 lidar_detection=145 tracking=2206 classification=2181 vis=2175
[lvdot_detector_main-7] [INFO] [1776954900.337075094] [lvdot_detector_node]: Processing phases: detection=run_core lidar_detection=run_lidar_detector/dbscan tracking=waiting_new_filtered_update classification=waiting_new_tracking_update
[lvdot_detector_main-7] [INFO] [1776954900.337087128] [lvdot_detector_node]: Pipeline stats: depth_samples=125/71300 u_map=3 depth_boxes=0 u_map_merge=0 u_map_db=0 u_map_visual=0 u_map_fused=0 u_map_filtered=0 lidar_samples=3429/135354 uv=0 db=2 lidar=72 fused=72 filtered=72 tracks=72 dynamic=0 dyn_points=0 raw_dyn_points=0 service=0/0 split=72->0 (72 outputs) fusion_components=72 visual_only=0 lidar_only=72 yolo_in=1 yolo_match3d=0 yolo_match_det=0 yolo_human=0 fixed_size=0 size_reject=0
[lvdot_detector_main-7] [INFO] [1776954906.345469940] [lvdot_detector_node]: Input health: depth=471 color=437 lidar=445 pose=622 odom=622 yolo=151 depth_pose_sync=0 lidar_pose_sync=0 depth_odom_sync=0 lidar_odom_sync=0
[lvdot_detector_main-7] [INFO] [1776954906.345587124] [lvdot_detector_node]: Stage timers: detection=284 lidar_detection=147 tracking=2385 classification=2356 vis=2353
[lvdot_detector_main-7] [INFO] [1776954906.345599059] [lvdot_detector_node]: Processing phases: detection=run_core lidar_detection=run_lidar_detector/dbscan tracking=waiting_new_filtered_update classification=waiting_new_tracking_update
[lvdot_detector_main-7] [INFO] [1776954906.345607937] [lvdot_detector_node]: Pipeline stats: depth_samples=242/71300 u_map=3 depth_boxes=0 u_map_merge=0 u_map_db=0 u_map_visual=0 u_map_fused=0 u_map_filtered=0 lidar_samples=3428/137214 uv=0 db=4 lidar=58 fused=58 filtered=58 tracks=58 dynamic=0 dyn_points=0 raw_dyn_points=0 service=0/0 split=58->0 (58 outputs) fusion_components=58 visual_only=0 lidar_only=58 yolo_in=2 yolo_match3d=0 yolo_match_det=0 yolo_human=0 fixed_size=0 size_reject=0
[lvdot_detector_main-7] [INFO] [1776954912.351504086] [lvdot_detector_node]: Input health: depth=505 color=470 lidar=473 pose=670 odom=670 yolo=163 depth_pose_sync=0 lidar_pose_sync=0 depth_odom_sync=0 lidar_odom_sync=0
[lvdot_detector_main-7] [INFO] [1776954912.351587984] [lvdot_detector_node]: Stage timers: detection=297 lidar_detection=150 tracking=2564 classification=2531 vis=2521
[lvdot_detector_main-7] [INFO] [1776954912.351599998] [lvdot_detector_node]: Processing phases: detection=run_core lidar_detection=run_lidar_detector/project tracking=waiting_new_filtered_update classification=build_input
[lvdot_detector_main-7] [INFO] [1776954912.351609451] [lvdot_detector_node]: Pipeline stats: depth_samples=142/71300 u_map=2 depth_boxes=0 u_map_merge=0 u_map_db=0 u_map_visual=0 u_map_fused=0 u_map_filtered=0 lidar_samples=3300/123560 uv=0 db=1 lidar=18 fused=69 filtered=69 tracks=69 dynamic=0 dyn_points=0 raw_dyn_points=0 service=0/0 split=69->0 (69 outputs) fusion_components=69 visual_only=0 lidar_only=69 yolo_in=1 yolo_match3d=0 yolo_match_det=0 yolo_human=0 fixed_size=0 size_reject=0
[lvdot_detector_main-7] [INFO] [1776954918.336867111] [lvdot_detector_node]: Input health: depth=562 color=516 lidar=519 pose=718 odom=718 yolo=175 depth_pose_sync=0 lidar_pose_sync=0 depth_odom_sync=0 lidar_odom_sync=0
[lvdot_detector_main-7] [INFO] [1776954918.336968825] [lvdot_detector_node]: Stage timers: detection=310 lidar_detection=152 tracking=2745 classification=2712 vis=2701
[lvdot_detector_main-7] [INFO] [1776954918.336983609] [lvdot_detector_node]: Processing phases: detection=run_core lidar_detection=run_lidar_detector/dbscan tracking=waiting_new_filtered_update classification=waiting_new_tracking_update
[lvdot_detector_main-7] [INFO] [1776954918.336994549] [lvdot_detector_node]: Pipeline stats: depth_samples=182/71300 u_map=3 depth_boxes=0 u_map_merge=0 u_map_db=0 u_map_visual=0 u_map_fused=0 u_map_filtered=0 lidar_samples=3361/177857 uv=0 db=3 lidar=10 fused=10 filtered=10 tracks=10 dynamic=0 dyn_points=0 raw_dyn_points=0 service=0/0 split=10->0 (10 outputs) fusion_components=10 visual_only=0 lidar_only=10 yolo_in=1 yolo_match3d=0 yolo_match_det=0 yolo_human=0 fixed_size=0 size_reject=0
[lvdot_detector_main-7] [INFO] [1776954924.335483731] [lvdot_detector_node]: Input health: depth=580 color=531 lidar=535 pose=766 odom=766 yolo=184 depth_pose_sync=0 lidar_pose_sync=0 depth_odom_sync=0 lidar_odom_sync=0
[lvdot_detector_main-7] [INFO] [1776954924.335570768] [lvdot_detector_node]: Stage timers: detection=323 lidar_detection=155 tracking=2927 classification=2894 vis=2875
[lvdot_detector_main-7] [INFO] [1776954924.335580526] [lvdot_detector_node]: Processing phases: detection=run_core lidar_detection=run_lidar_detector/project tracking=waiting_new_filtered_update classification=waiting_new_tracking_update
[lvdot_detector_main-7] [INFO] [1776954924.335586933] [lvdot_detector_node]: Pipeline stats: depth_samples=129/71300 u_map=2 depth_boxes=0 u_map_merge=0 u_map_db=0 u_map_visual=0 u_map_fused=0 u_map_filtered=0 lidar_samples=3455/133732 uv=0 db=1 lidar=70 fused=25 filtered=25 tracks=25 dynamic=0 dyn_points=0 raw_dyn_points=0 service=0/0 split=25->0 (25 outputs) fusion_components=25 visual_only=0 lidar_only=25 yolo_in=1 yolo_match3d=0 yolo_match_det=0 yolo_human=0 fixed_size=0 size_reject=0
[lvdot_detector_main-7] [INFO] [1776954930.863006150] [lvdot_detector_node]: Input health: depth=612 color=560 lidar=565 pose=814 odom=814 yolo=193 depth_pose_sync=0 lidar_pose_sync=0 depth_odom_sync=0 lidar_odom_sync=0
[lvdot_detector_main-7] [INFO] [1776954930.863114872] [lvdot_detector_node]: Stage timers: detection=335 lidar_detection=157 tracking=3107 classification=3065 vis=3050
[lvdot_detector_main-7] [INFO] [1776954930.863137839] [lvdot_detector_node]: Processing phases: detection=run_core lidar_detection=run_lidar_detector/dbscan tracking=waiting_new_filtered_update classification=waiting_new_tracking_update
[lvdot_detector_main-7] [INFO] [1776954930.863154004] [lvdot_detector_node]: Pipeline stats: depth_samples=165/71300 u_map=1 depth_boxes=0 u_map_merge=0 u_map_db=0 u_map_visual=0 u_map_fused=0 u_map_filtered=0 lidar_samples=2893/135232 uv=0 db=2 lidar=2 fused=2 filtered=2 tracks=2 dynamic=0 dyn_points=0 raw_dyn_points=0 service=0/0 split=2->0 (2 outputs) fusion_components=2 visual_only=0 lidar_only=2 yolo_in=1 yolo_match3d=0 yolo_match_det=0 yolo_human=0 fixed_size=0 size_reject=0
[lvdot_detector_main-7] [INFO] [1776954936.861515547] [lvdot_detector_node]: Input health: depth=651 color=592 lidar=599 pose=862 odom=862 yolo=205 depth_pose_sync=0 lidar_pose_sync=0 depth_odom_sync=0 lidar_odom_sync=0
[lvdot_detector_main-7] [INFO] [1776954936.861697068] [lvdot_detector_node]: Stage timers: detection=348 lidar_detection=160 tracking=3288 classification=3245 vis=3225
[lvdot_detector_main-7] [INFO] [1776954936.861715417] [lvdot_detector_node]: Processing phases: detection=run_core lidar_detection=run_lidar_detector/project tracking=waiting_new_filtered_update classification=waiting_new_tracking_update
[lvdot_detector_main-7] [INFO] [1776954936.861723112] [lvdot_detector_node]: Pipeline stats: depth_samples=125/71300 u_map=2 depth_boxes=0 u_map_merge=0 u_map_db=0 u_map_visual=0 u_map_fused=0 u_map_filtered=0 lidar_samples=3402/108165 uv=0 db=2 lidar=6 fused=5 filtered=5 tracks=5 dynamic=0 dyn_points=0 raw_dyn_points=0 service=0/0 split=5->0 (5 outputs) fusion_components=5 visual_only=0 lidar_only=5 yolo_in=2 yolo_match3d=0 yolo_match_det=0 yolo_human=0 fixed_size=0 size_reject=0
[uav_trajectory_controller-4] [WARN] [1776954942.176019893] [uav_trajectory_controller]: SetEntityPose request timed out after 0.63s on /world/pedestrian_prototype/set_pose; dropping the pending request and retrying.
[lvdot_detector_main-7] [INFO] [1776954942.869362852] [lvdot_detector_node]: Input health: depth=667 color=606 lidar=612 pose=899 odom=899 yolo=214 depth_pose_sync=0 lidar_pose_sync=0 depth_odom_sync=0 lidar_odom_sync=0
[lvdot_detector_main-7] [INFO] [1776954942.869430294] [lvdot_detector_node]: Stage timers: detection=360 lidar_detection=162 tracking=3469 classification=3425 vis=3403
[lvdot_detector_main-7] [INFO] [1776954942.869441813] [lvdot_detector_node]: Processing phases: detection=run_core lidar_detection=run_lidar_detector/dbscan tracking=waiting_new_filtered_update classification=waiting_new_tracking_update
[lvdot_detector_main-7] [INFO] [1776954942.869451560] [lvdot_detector_node]: Pipeline stats: depth_samples=158/71300 u_map=3 depth_boxes=0 u_map_merge=0 u_map_db=0 u_map_visual=0 u_map_fused=0 u_map_filtered=0 lidar_samples=3101/130143 uv=0 db=3 lidar=21 fused=21 filtered=21 tracks=21 dynamic=0 dyn_points=0 raw_dyn_points=0 service=0/0 split=21->0 (21 outputs) fusion_components=21 visual_only=0 lidar_only=21 yolo_in=2 yolo_match3d=0 yolo_match_det=0 yolo_human=0 fixed_size=0 size_reject=0
[uav_trajectory_controller-4] [WARN] [1776954942.926080660] [uav_trajectory_controller]: SetEntityPose request timed out after 0.62s on /world/pedestrian_prototype/set_pose; dropping the pending request and retrying.
[uav_trajectory_controller-4] [WARN] [1776954943.674939693] [uav_trajectory_controller]: SetEntityPose request timed out after 0.62s on /world/pedestrian_prototype/set_pose; dropping the pending request and retrying.
[uav_trajectory_controller-4] [WARN] [1776954944.425365726] [uav_trajectory_controller]: SetEntityPose request timed out after 0.62s on /world/pedestrian_prototype/set_pose; dropping the pending request and retrying.
[lvdot_detector_main-7] [INFO] [1776954948.862208128] [lvdot_detector_node]: Input health: depth=686 color=622 lidar=627 pose=934 odom=934 yolo=220 depth_pose_sync=0 lidar_pose_sync=0 depth_odom_sync=0 lidar_odom_sync=0
[lvdot_detector_main-7] [INFO] [1776954948.862292785] [lvdot_detector_node]: Stage timers: detection=371 lidar_detection=164 tracking=3645 classification=3600 vis=3556
[lvdot_detector_main-7] [INFO] [1776954948.862307863] [lvdot_detector_node]: Processing phases: detection=run_core lidar_detection=run_lidar_detector/dbscan tracking=waiting_new_filtered_update classification=waiting_new_tracking_update
[lvdot_detector_main-7] [INFO] [1776954948.862318014] [lvdot_detector_node]: Pipeline stats: depth_samples=130/71300 u_map=3 depth_boxes=0 u_map_merge=0 u_map_db=0 u_map_visual=0 u_map_fused=0 u_map_filtered=0 lidar_samples=3112/174292 uv=0 db=1 lidar=62 fused=62 filtered=62 tracks=62 dynamic=0 dyn_points=0 raw_dyn_points=0 service=0/0 split=62->0 (62 outputs) fusion_components=62 visual_only=0 lidar_only=62 yolo_in=1 yolo_match3d=0 yolo_match_det=0 yolo_human=0 fixed_size=0 size_reject=0
[lvdot_detector_main-7] [INFO] [1776954954.861338783] [lvdot_detector_node]: Input health: depth=729 color=671 lidar=671 pose=982 odom=982 yolo=231 depth_pose_sync=0 lidar_pose_sync=0 depth_odom_sync=0 lidar_odom_sync=0
[lvdot_detector_main-7] [INFO] [1776954954.861531256] [lvdot_detector_node]: Stage timers: detection=384 lidar_detection=167 tracking=3824 classification=3778 vis=3725
[lvdot_detector_main-7] [INFO] [1776954954.861549192] [lvdot_detector_node]: Processing phases: detection=run_core lidar_detection=run_lidar_detector/downsample tracking=waiting_new_filtered_update classification=waiting_new_tracking_update
[lvdot_detector_main-7] [INFO] [1776954954.861557667] [lvdot_detector_node]: Pipeline stats: depth_samples=105/71300 u_map=0 depth_boxes=0 u_map_merge=0 u_map_db=0 u_map_visual=0 u_map_fused=0 u_map_filtered=0 lidar_samples=3339/108041 uv=0 db=0 lidar=4 fused=4 filtered=4 tracks=4 dynamic=0 dyn_points=0 raw_dyn_points=0 service=0/0 split=4->0 (4 outputs) fusion_components=4 visual_only=0 lidar_only=4 yolo_in=0 yolo_match3d=0 yolo_match_det=0 yolo_human=0 fixed_size=0 size_reject=0
[lvdot_detector_main-7] [INFO] [1776954959.609982935] [lvdot_detector_node]: get_dynamic_obstacles responded with 0 obstacles from 0 tracked dynamic boxes.
