[INFO] [launch]: All log files can be found below /home/skbt2/.ros/log/2026-04-23-23-20-50-864255-DESKTOP-90MQDL6-170314
[INFO] [launch]: Default logging verbosity is set to INFO
[INFO] [gazebo-1]: process started with pid [170353]
[INFO] [parameter_bridge-2]: process started with pid [170354]
[INFO] [pedestrian_state_publisher-3]: process started with pid [170355]
[INFO] [uav_trajectory_controller-4]: process started with pid [170356]
[INFO] [image_pointcloud_relay-5]: process started with pid [170357]
[INFO] [lvdot_yolo_node-6]: process started with pid [170358]
[INFO] [lvdot_detector_main-7]: process started with pid [170359]
[parameter_bridge-2] [INFO] [1776957651.143207046] [ros_gz_bridge]: Creating GZ->ROS Bridge: [/rgbd_camera/image (gz.msgs.Image) -> /rgbd_camera/image (sensor_msgs/msg/Image)] (Lazy 0)
[parameter_bridge-2] [INFO] [1776957651.150349482] [ros_gz_bridge]: Creating GZ->ROS Bridge: [/rgbd_camera/camera_info (gz.msgs.CameraInfo) -> /rgbd_camera/camera_info (sensor_msgs/msg/CameraInfo)] (Lazy 0)
[parameter_bridge-2] [INFO] [1776957651.151688214] [ros_gz_bridge]: Creating GZ->ROS Bridge: [/rgbd_camera/depth_image (gz.msgs.Image) -> /rgbd_camera/depth_image (sensor_msgs/msg/Image)] (Lazy 0)
[parameter_bridge-2] [INFO] [1776957651.152456030] [ros_gz_bridge]: Creating GZ->ROS Bridge: [/rgbd_camera/points (gz.msgs.PointCloudPacked) -> /rgbd_camera/points (sensor_msgs/msg/PointCloud2)] (Lazy 0)
[parameter_bridge-2] [INFO] [1776957651.154036891] [ros_gz_bridge]: Creating GZ->ROS Bridge: [/camera/imu (gz.msgs.IMU) -> /camera/imu (sensor_msgs/msg/Imu)] (Lazy 0)
[parameter_bridge-2] [INFO] [1776957651.155618825] [ros_gz_bridge]: Creating ROS->GZ service bridge [/world/pedestrian_prototype/set_pose (ros_gz_interfaces/srv/SetEntityPose -> /)]
[parameter_bridge-2] [INFO] [1776957651.157510536] [ros_gz_bridge]: Creating ROS->GZ service bridge [/world/pedestrian_prototype/set_pose/blocking (ros_gz_interfaces/srv/SetEntityPose -> /)]
[lvdot_detector_main-7] [INFO] [1776957651.292666968] [lvdot_detector_node]: Config loaded: localization_mode=0 dt=0.033 image=640x480 depth_range=[0.20, 12.00] stage_timers=true
[lvdot_detector_main-7] [INFO] [1776957651.353667375] [lvdot_detector_node]: LV-DOT ROS2 skeleton started. depth=/camera/depth/image_rect_raw color=/camera/color/image_raw lidar=/rgbd_camera/points pose=/mavros/local_position/pose odom=/mavros/local_position/odom yolo=/yolo_detector/detected_bounding_boxes
[gazebo-1] [INFO] [1776957652.230151371] [pedestrian_pose_sync_system]: Configured pedestrian pose sync plugin on topic [/pedestrian_sim/agent_states] for 8 models.
[uav_trajectory_controller-4] [WARN] [1776957652.353336905] [uav_trajectory_controller]: SetEntityPose service /world/pedestrian_prototype/set_pose/blocking is unavailable; UAV state publication is paused until Gazebo pose control is reachable.
[lvdot_detector_main-7] [INFO] [1776957653.354134620] [lvdot_detector_node]: Input health: depth=0 color=0 lidar=0 pose=0 odom=0 yolo=0 depth_pose_sync=0 lidar_pose_sync=0 depth_odom_sync=0 lidar_odom_sync=0
[lvdot_detector_main-7] [INFO] [1776957653.354321676] [lvdot_detector_node]: Stage timers: detection=60 lidar_detection=60 tracking=60 classification=60 vis=60
[lvdot_detector_main-7] [INFO] [1776957653.354345265] [lvdot_detector_node]: Processing phases: detection=waiting_sensor_pose lidar_detection=waiting_new_lidar tracking=waiting_new_filtered_update classification=waiting_new_tracking_update
[lvdot_detector_main-7] [INFO] [1776957653.354353843] [lvdot_detector_node]: Pipeline stats: depth_samples=0/0 u_map=0 depth_boxes=0 u_map_merge=0 u_map_db=0 u_map_visual=0 u_map_fused=0 u_map_filtered=0 lidar_samples=0/0 uv=0 db=0 lidar=0 fused=0 filtered=0 tracks=0 dynamic=0 dyn_points=0 raw_dyn_points=0 service=0/0 split=0->0 (0 outputs) fusion_components=0 visual_only=0 lidar_only=0 yolo_in=0 yolo_match3d=0 yolo_match_det=0 yolo_human=0 fixed_size=0 size_reject=0
[lvdot_detector_main-7] [INFO] [1776957659.359363239] [lvdot_detector_node]: Input health: depth=15 color=11 lidar=19 pose=31 odom=31 yolo=12 depth_pose_sync=0 lidar_pose_sync=0 depth_odom_sync=0 lidar_odom_sync=0
[lvdot_detector_main-7] [INFO] [1776957659.359454386] [lvdot_detector_node]: Stage timers: detection=140 lidar_detection=130 tracking=242 classification=242 vis=237
[lvdot_detector_main-7] [INFO] [1776957659.359465402] [lvdot_detector_node]: Processing phases: detection=run_core lidar_detection=run_lidar_detector/dbscan tracking=waiting_new_filtered_update classification=waiting_new_tracking_update
[lvdot_detector_main-7] [INFO] [1776957659.359472323] [lvdot_detector_node]: Pipeline stats: depth_samples=1501/71300 u_map=3 depth_boxes=0 u_map_merge=0 u_map_db=0 u_map_visual=0 u_map_fused=0 u_map_filtered=0 lidar_samples=3231/182982 uv=2 db=12 lidar=8 fused=10 filtered=10 tracks=10 dynamic=0 dyn_points=0 raw_dyn_points=0 service=0/0 split=10->0 (10 outputs) fusion_components=10 visual_only=2 lidar_only=8 yolo_in=0 yolo_match3d=0 yolo_match_det=0 yolo_human=0 fixed_size=0 size_reject=0
[lvdot_detector_main-7] [INFO] [1776957665.375727394] [lvdot_detector_node]: Input health: depth=31 color=29 lidar=35 pose=75 odom=75 yolo=28 depth_pose_sync=0 lidar_pose_sync=0 depth_odom_sync=0 lidar_odom_sync=0
[lvdot_detector_main-7] [INFO] [1776957665.375814951] [lvdot_detector_node]: Stage timers: detection=147 lidar_detection=132 tracking=422 classification=424 vis=409
[lvdot_detector_main-7] [INFO] [1776957665.375828016] [lvdot_detector_node]: Processing phases: detection=run_core lidar_detection=run_lidar_detector/dbscan tracking=waiting_new_filtered_update classification=waiting_new_tracking_update
[lvdot_detector_main-7] [INFO] [1776957665.375840594] [lvdot_detector_node]: Pipeline stats: depth_samples=1281/71300 u_map=5 depth_boxes=0 u_map_merge=0 u_map_db=0 u_map_visual=0 u_map_fused=0 u_map_filtered=0 lidar_samples=3445/148484 uv=1 db=13 lidar=18 fused=19 filtered=19 tracks=19 dynamic=0 dyn_points=0 raw_dyn_points=0 service=0/0 split=19->0 (19 outputs) fusion_components=19 visual_only=1 lidar_only=18 yolo_in=1 yolo_match3d=0 yolo_match_det=0 yolo_human=0 fixed_size=0 size_reject=0
[uav_trajectory_controller-4] [WARN] [1776957665.584037286] [uav_trajectory_controller]: SetEntityPose request timed out after 0.62s on /world/pedestrian_prototype/set_pose/blocking; dropping the pending request and retrying.
[uav_trajectory_controller-4] [WARN] [1776957665.585939545] [uav_trajectory_controller]: Falling back from /world/pedestrian_prototype/set_pose/blocking to /world/pedestrian_prototype/set_pose.
[lvdot_detector_main-7] [INFO] [1776957672.202991507] [lvdot_detector_node]: Input health: depth=61 color=54 lidar=58 pose=121 odom=121 yolo=50 depth_pose_sync=0 lidar_pose_sync=0 depth_odom_sync=0 lidar_odom_sync=0
[lvdot_detector_main-7] [INFO] [1776957672.203080094] [lvdot_detector_node]: Stage timers: detection=155 lidar_detection=135 tracking=604 classification=606 vis=556
[lvdot_detector_main-7] [INFO] [1776957672.203101558] [lvdot_detector_node]: Processing phases: detection=run_core lidar_detection=run_lidar_detector/project tracking=waiting_new_filtered_update classification=waiting_new_tracking_update
[lvdot_detector_main-7] [INFO] [1776957672.203114242] [lvdot_detector_node]: Pipeline stats: depth_samples=1581/71300 u_map=0 depth_boxes=0 u_map_merge=0 u_map_db=0 u_map_visual=0 u_map_fused=0 u_map_filtered=0 lidar_samples=3478/143395 uv=1 db=9 lidar=28 fused=29 filtered=29 tracks=29 dynamic=0 dyn_points=0 raw_dyn_points=0 service=0/0 split=29->0 (29 outputs) fusion_components=29 visual_only=1 lidar_only=28 yolo_in=0 yolo_match3d=0 yolo_match_det=0 yolo_human=0 fixed_size=0 size_reject=0
[lvdot_detector_main-7] [INFO] [1776957678.192633888] [lvdot_detector_node]: Input health: depth=85 color=74 lidar=79 pose=169 odom=169 yolo=68 depth_pose_sync=0 lidar_pose_sync=0 depth_odom_sync=0 lidar_odom_sync=0
[lvdot_detector_main-7] [INFO] [1776957678.192698280] [lvdot_detector_node]: Stage timers: detection=162 lidar_detection=137 tracking=784 classification=787 vis=735
[lvdot_detector_main-7] [INFO] [1776957678.192709499] [lvdot_detector_node]: Processing phases: detection=run_core lidar_detection=run_lidar_detector/dbscan tracking=waiting_new_filtered_update classification=waiting_new_tracking_update
[lvdot_detector_main-7] [INFO] [1776957678.192718963] [lvdot_detector_node]: Pipeline stats: depth_samples=1696/71300 u_map=2 depth_boxes=0 u_map_merge=0 u_map_db=0 u_map_visual=0 u_map_fused=0 u_map_filtered=0 lidar_samples=3350/118947 uv=1 db=11 lidar=15 fused=16 filtered=16 tracks=16 dynamic=0 dyn_points=0 raw_dyn_points=0 service=0/0 split=16->0 (16 outputs) fusion_components=16 visual_only=1 lidar_only=15 yolo_in=3 yolo_match3d=0 yolo_match_det=0 yolo_human=0 fixed_size=0 size_reject=0
[lvdot_detector_main-7] [INFO] [1776957684.195990027] [lvdot_detector_node]: Input health: depth=106 color=95 lidar=101 pose=217 odom=217 yolo=85 depth_pose_sync=0 lidar_pose_sync=0 depth_odom_sync=0 lidar_odom_sync=0
[lvdot_detector_main-7] [INFO] [1776957684.196085135] [lvdot_detector_node]: Stage timers: detection=169 lidar_detection=139 tracking=966 classification=968 vis=898
[lvdot_detector_main-7] [INFO] [1776957684.196101408] [lvdot_detector_node]: Processing phases: detection=run_core lidar_detection=run_lidar_detector/dbscan tracking=waiting_new_filtered_update classification=waiting_new_tracking_update
[lvdot_detector_main-7] [INFO] [1776957684.196115148] [lvdot_detector_node]: Pipeline stats: depth_samples=1223/71300 u_map=4 depth_boxes=0 u_map_merge=0 u_map_db=0 u_map_visual=0 u_map_fused=0 u_map_filtered=0 lidar_samples=3011/168849 uv=1 db=10 lidar=12 fused=13 filtered=14 tracks=14 dynamic=0 dyn_points=0 raw_dyn_points=0 service=0/0 split=13->1 (14 outputs) fusion_components=13 visual_only=1 lidar_only=12 yolo_in=2 yolo_match3d=1 yolo_match_det=2 yolo_human=2 fixed_size=0 size_reject=2
[lvdot_detector_main-7] [INFO] [1776957690.193064414] [lvdot_detector_node]: Input health: depth=130 color=125 lidar=126 pose=265 odom=265 yolo=106 depth_pose_sync=0 lidar_pose_sync=0 depth_odom_sync=0 lidar_odom_sync=0
[lvdot_detector_main-7] [INFO] [1776957690.193161180] [lvdot_detector_node]: Stage timers: detection=176 lidar_detection=142 tracking=1145 classification=1144 vis=1065
[lvdot_detector_main-7] [INFO] [1776957690.193174336] [lvdot_detector_node]: Processing phases: detection=run_core lidar_detection=run_lidar_detector/project tracking=waiting_new_filtered_update classification=waiting_new_tracking_update
[lvdot_detector_main-7] [INFO] [1776957690.193184178] [lvdot_detector_node]: Pipeline stats: depth_samples=1581/71300 u_map=0 depth_boxes=0 u_map_merge=0 u_map_db=0 u_map_visual=0 u_map_fused=0 u_map_filtered=0 lidar_samples=3389/108006 uv=1 db=9 lidar=5 fused=6 filtered=6 tracks=6 dynamic=0 dyn_points=0 raw_dyn_points=0 service=0/0 split=6->0 (6 outputs) fusion_components=6 visual_only=1 lidar_only=5 yolo_in=0 yolo_match3d=0 yolo_match_det=0 yolo_human=0 fixed_size=0 size_reject=0
[lvdot_detector_main-7] [INFO] [1776957696.194864173] [lvdot_detector_node]: Input health: depth=153 color=144 lidar=147 pose=313 odom=313 yolo=125 depth_pose_sync=0 lidar_pose_sync=0 depth_odom_sync=0 lidar_odom_sync=0
[lvdot_detector_main-7] [INFO] [1776957696.194969573] [lvdot_detector_node]: Stage timers: detection=184 lidar_detection=144 tracking=1327 classification=1326 vis=1245
[lvdot_detector_main-7] [INFO] [1776957696.194981566] [lvdot_detector_node]: Processing phases: detection=run_core lidar_detection=run_lidar_detector/dbscan tracking=waiting_new_filtered_update classification=waiting_new_tracking_update
[lvdot_detector_main-7] [INFO] [1776957696.194988293] [lvdot_detector_node]: Pipeline stats: depth_samples=1743/71300 u_map=2 depth_boxes=0 u_map_merge=0 u_map_db=0 u_map_visual=0 u_map_fused=0 u_map_filtered=0 lidar_samples=3296/123662 uv=0 db=15 lidar=19 fused=19 filtered=19 tracks=19 dynamic=0 dyn_points=0 raw_dyn_points=0 service=0/0 split=19->0 (19 outputs) fusion_components=19 visual_only=0 lidar_only=19 yolo_in=4 yolo_match3d=2 yolo_match_det=2 yolo_human=2 fixed_size=0 size_reject=2
[lvdot_detector_main-7] [INFO] [1776957702.208046279] [lvdot_detector_node]: Input health: depth=167 color=162 lidar=166 pose=361 odom=361 yolo=141 depth_pose_sync=0 lidar_pose_sync=0 depth_odom_sync=0 lidar_odom_sync=0
[lvdot_detector_main-7] [INFO] [1776957702.208111801] [lvdot_detector_node]: Stage timers: detection=192 lidar_detection=146 tracking=1508 classification=1508 vis=1402
[lvdot_detector_main-7] [INFO] [1776957702.208123501] [lvdot_detector_node]: Processing phases: detection=run_core lidar_detection=build_filter_input tracking=waiting_new_filtered_update classification=waiting_new_tracking_update
[lvdot_detector_main-7] [INFO] [1776957702.208132959] [lvdot_detector_node]: Pipeline stats: depth_samples=1295/71300 u_map=4 depth_boxes=0 u_map_merge=0 u_map_db=0 u_map_visual=0 u_map_fused=0 u_map_filtered=0 lidar_samples=3301/180033 uv=3 db=7 lidar=5 fused=8 filtered=8 tracks=8 dynamic=0 dyn_points=0 raw_dyn_points=0 service=0/0 split=8->0 (8 outputs) fusion_components=8 visual_only=3 lidar_only=5 yolo_in=2 yolo_match3d=2 yolo_match_det=2 yolo_human=2 fixed_size=0 size_reject=2
[lvdot_detector_main-7] [INFO] [1776957709.051594069] [lvdot_detector_node]: Input health: depth=196 color=187 lidar=191 pose=410 odom=410 yolo=159 depth_pose_sync=0 lidar_pose_sync=0 depth_odom_sync=0 lidar_odom_sync=0
[lvdot_detector_main-7] [INFO] [1776957709.051656428] [lvdot_detector_node]: Stage timers: detection=199 lidar_detection=149 tracking=1687 classification=1687 vis=1556
[lvdot_detector_main-7] [INFO] [1776957709.051667260] [lvdot_detector_node]: Processing phases: detection=run_core lidar_detection=run_lidar_detector/dbscan tracking=waiting_new_filtered_update classification=waiting_new_tracking_update
[lvdot_detector_main-7] [INFO] [1776957709.051676141] [lvdot_detector_node]: Pipeline stats: depth_samples=1536/71300 u_map=0 depth_boxes=0 u_map_merge=0 u_map_db=0 u_map_visual=0 u_map_fused=0 u_map_filtered=0 lidar_samples=3075/129528 uv=0 db=9 lidar=4 fused=63 filtered=63 tracks=63 dynamic=0 dyn_points=0 raw_dyn_points=0 service=0/0 split=63->0 (63 outputs) fusion_components=63 visual_only=0 lidar_only=63 yolo_in=0 yolo_match3d=0 yolo_match_det=0 yolo_human=0 fixed_size=0 size_reject=0
[lvdot_detector_main-7] [INFO] [1776957715.049219880] [lvdot_detector_node]: Input health: depth=215 color=206 lidar=208 pose=458 odom=458 yolo=180 depth_pose_sync=0 lidar_pose_sync=0 depth_odom_sync=0 lidar_odom_sync=0
[lvdot_detector_main-7] [INFO] [1776957715.049318027] [lvdot_detector_node]: Stage timers: detection=206 lidar_detection=151 tracking=1868 classification=1869 vis=1726
[lvdot_detector_main-7] [INFO] [1776957715.049328414] [lvdot_detector_node]: Processing phases: detection=run_core lidar_detection=run_lidar_detector/dbscan tracking=waiting_new_filtered_update classification=idle
[lvdot_detector_main-7] [INFO] [1776957715.049335307] [lvdot_detector_node]: Pipeline stats: depth_samples=1592/71300 u_map=4 depth_boxes=0 u_map_merge=0 u_map_db=0 u_map_visual=0 u_map_fused=0 u_map_filtered=0 lidar_samples=3418/122834 uv=1 db=15 lidar=23 fused=24 filtered=24 tracks=24 dynamic=1 dyn_points=0 raw_dyn_points=0 service=0/0 split=24->0 (24 outputs) fusion_components=24 visual_only=1 lidar_only=23 yolo_in=4 yolo_match3d=2 yolo_match_det=2 yolo_human=2 fixed_size=0 size_reject=1
[lvdot_detector_main-7] [INFO] [1776957721.049245020] [lvdot_detector_node]: Input health: depth=234 color=229 lidar=226 pose=506 odom=506 yolo=196 depth_pose_sync=0 lidar_pose_sync=0 depth_odom_sync=0 lidar_odom_sync=0
[lvdot_detector_main-7] [INFO] [1776957721.049360948] [lvdot_detector_node]: Stage timers: detection=213 lidar_detection=154 tracking=2048 classification=2050 vis=1885
[lvdot_detector_main-7] [INFO] [1776957721.049378385] [lvdot_detector_node]: Processing phases: detection=run_core lidar_detection=run_lidar_detector/project tracking=waiting_new_filtered_update classification=waiting_new_tracking_update
[lvdot_detector_main-7] [INFO] [1776957721.049387445] [lvdot_detector_node]: Pipeline stats: depth_samples=611/71300 u_map=1 depth_boxes=0 u_map_merge=0 u_map_db=0 u_map_visual=0 u_map_fused=0 u_map_filtered=0 lidar_samples=3157/124812 uv=2 db=5 lidar=12 fused=14 filtered=14 tracks=14 dynamic=0 dyn_points=0 raw_dyn_points=0 service=0/0 split=14->0 (14 outputs) fusion_components=14 visual_only=2 lidar_only=12 yolo_in=0 yolo_match3d=0 yolo_match_det=0 yolo_human=0 fixed_size=0 size_reject=0
[lvdot_detector_main-7] [INFO] [1776957727.070972424] [lvdot_detector_node]: Input health: depth=258 color=247 lidar=240 pose=554 odom=554 yolo=210 depth_pose_sync=0 lidar_pose_sync=0 depth_odom_sync=0 lidar_odom_sync=0
[lvdot_detector_main-7] [INFO] [1776957727.071092541] [lvdot_detector_node]: Stage timers: detection=220 lidar_detection=156 tracking=2228 classification=2228 vis=2053
[lvdot_detector_main-7] [INFO] [1776957727.071119234] [lvdot_detector_node]: Processing phases: detection=run_core lidar_detection=run_lidar_detector/project tracking=waiting_new_filtered_update classification=waiting_new_tracking_update
[lvdot_detector_main-7] [INFO] [1776957727.071141348] [lvdot_detector_node]: Pipeline stats: depth_samples=1536/71300 u_map=0 depth_boxes=0 u_map_merge=0 u_map_db=0 u_map_visual=0 u_map_fused=0 u_map_filtered=0 lidar_samples=3284/145196 uv=1 db=9 lidar=57 fused=58 filtered=58 tracks=58 dynamic=1 dyn_points=58 raw_dyn_points=2716 service=0/0 split=58->0 (58 outputs) fusion_components=58 visual_only=1 lidar_only=57 yolo_in=1 yolo_match3d=1 yolo_match_det=1 yolo_human=1 fixed_size=0 size_reject=0
[lvdot_detector_main-7] [INFO] [1776957733.056485305] [lvdot_detector_node]: Input health: depth=269 color=254 lidar=247 pose=602 odom=602 yolo=219 depth_pose_sync=0 lidar_pose_sync=0 depth_odom_sync=0 lidar_odom_sync=0
[lvdot_detector_main-7] [INFO] [1776957733.056592255] [lvdot_detector_node]: Stage timers: detection=227 lidar_detection=158 tracking=2407 classification=2408 vis=2210
[lvdot_detector_main-7] [INFO] [1776957733.056604878] [lvdot_detector_node]: Processing phases: detection=run_core lidar_detection=run_lidar_detector/dbscan tracking=waiting_new_filtered_update classification=waiting_new_tracking_update
[lvdot_detector_main-7] [INFO] [1776957733.056611923] [lvdot_detector_node]: Pipeline stats: depth_samples=1529/71300 u_map=4 depth_boxes=0 u_map_merge=0 u_map_db=0 u_map_visual=0 u_map_fused=0 u_map_filtered=0 lidar_samples=3226/128496 uv=3 db=9 lidar=15 fused=18 filtered=18 tracks=18 dynamic=1 dyn_points=55 raw_dyn_points=0 service=0/0 split=18->1 (18 outputs) fusion_components=18 visual_only=3 lidar_only=15 yolo_in=3 yolo_match3d=2 yolo_match_det=3 yolo_human=1 fixed_size=0 size_reject=0
[lvdot_detector_main-7] [INFO] [1776957739.897783606] [lvdot_detector_node]: Input health: depth=285 color=269 lidar=255 pose=650 odom=650 yolo=232 depth_pose_sync=0 lidar_pose_sync=0 depth_odom_sync=0 lidar_odom_sync=0
[lvdot_detector_main-7] [INFO] [1776957739.897897605] [lvdot_detector_node]: Stage timers: detection=233 lidar_detection=160 tracking=2586 classification=2583 vis=2355
[lvdot_detector_main-7] [INFO] [1776957739.897912479] [lvdot_detector_node]: Processing phases: detection=run_core lidar_detection=run_lidar_detector/dbscan tracking=waiting_new_filtered_update classification=waiting_new_tracking_update
[lvdot_detector_main-7] [INFO] [1776957739.897921873] [lvdot_detector_node]: Pipeline stats: depth_samples=1279/71300 u_map=2 depth_boxes=0 u_map_merge=0 u_map_db=0 u_map_visual=0 u_map_fused=0 u_map_filtered=0 lidar_samples=3225/122478 uv=1 db=11 lidar=13 fused=14 filtered=14 tracks=14 dynamic=0 dyn_points=0 raw_dyn_points=0 service=0/0 split=14->0 (14 outputs) fusion_components=14 visual_only=1 lidar_only=13 yolo_in=1 yolo_match3d=0 yolo_match_det=0 yolo_human=0 fixed_size=0 size_reject=0
[lvdot_detector_main-7] [INFO] [1776957745.879579837] [lvdot_detector_node]: Input health: depth=310 color=291 lidar=270 pose=698 odom=698 yolo=245 depth_pose_sync=0 lidar_pose_sync=0 depth_odom_sync=0 lidar_odom_sync=0
[lvdot_detector_main-7] [INFO] [1776957745.879693957] [lvdot_detector_node]: Stage timers: detection=240 lidar_detection=162 tracking=2766 classification=2763 vis=2521
[lvdot_detector_main-7] [INFO] [1776957745.879715500] [lvdot_detector_node]: Processing phases: detection=run_core lidar_detection=run_lidar_detector/dbscan tracking=waiting_new_filtered_update classification=waiting_new_tracking_update
[lvdot_detector_main-7] [INFO] [1776957745.879729959] [lvdot_detector_node]: Pipeline stats: depth_samples=1536/71300 u_map=0 depth_boxes=0 u_map_merge=0 u_map_db=0 u_map_visual=0 u_map_fused=0 u_map_filtered=0 lidar_samples=3049/122172 uv=0 db=9 lidar=9 fused=9 filtered=9 tracks=9 dynamic=0 dyn_points=0 raw_dyn_points=0 service=0/0 split=9->0 (9 outputs) fusion_components=9 visual_only=0 lidar_only=9 yolo_in=0 yolo_match3d=0 yolo_match_det=0 yolo_human=0 fixed_size=0 size_reject=0
[uav_trajectory_controller-4] [WARN] [1776957747.836858009] [uav_trajectory_controller]: SetEntityPose request timed out after 0.50s on /world/pedestrian_prototype/set_pose; dropping the pending request and retrying.
[lvdot_detector_main-7] [INFO] [1776957751.881679095] [lvdot_detector_node]: Input health: depth=323 color=303 lidar=281 pose=741 odom=741 yolo=255 depth_pose_sync=0 lidar_pose_sync=0 depth_odom_sync=0 lidar_odom_sync=0
[lvdot_detector_main-7] [INFO] [1776957751.881774293] [lvdot_detector_node]: Stage timers: detection=247 lidar_detection=165 tracking=2948 classification=2945 vis=2686
[lvdot_detector_main-7] [INFO] [1776957751.881789043] [lvdot_detector_node]: Processing phases: detection=run_core lidar_detection=run_lidar_detector/project tracking=waiting_new_filtered_update classification=waiting_new_tracking_update
[lvdot_detector_main-7] [INFO] [1776957751.881800300] [lvdot_detector_node]: Pipeline stats: depth_samples=1482/71300 u_map=3 depth_boxes=0 u_map_merge=0 u_map_db=0 u_map_visual=0 u_map_fused=0 u_map_filtered=0 lidar_samples=3171/167743 uv=2 db=7 lidar=54 fused=12 filtered=12 tracks=12 dynamic=0 dyn_points=0 raw_dyn_points=0 service=0/0 split=12->0 (12 outputs) fusion_components=12 visual_only=2 lidar_only=10 yolo_in=1 yolo_match3d=0 yolo_match_det=0 yolo_human=0 fixed_size=0 size_reject=0
[lvdot_detector_main-7] [INFO] [1776957753.895486143] [lvdot_detector_node]: get_dynamic_obstacles responded with 0 obstacles from 0 tracked dynamic boxes.
[lvdot_detector_main-7] [INFO] [1776957757.879414859] [lvdot_detector_node]: Input health: depth=338 color=313 lidar=292 pose=789 odom=789 yolo=265 depth_pose_sync=0 lidar_pose_sync=0 depth_odom_sync=0 lidar_odom_sync=0
[lvdot_detector_main-7] [INFO] [1776957757.879489787] [lvdot_detector_node]: Stage timers: detection=254 lidar_detection=167 tracking=3119 classification=3118 vis=2826
[lvdot_detector_main-7] [INFO] [1776957757.879506114] [lvdot_detector_node]: Processing phases: detection=run_core lidar_detection=run_lidar_detector/project tracking=waiting_new_filtered_update classification=waiting_new_tracking_update
[lvdot_detector_main-7] [INFO] [1776957757.879519234] [lvdot_detector_node]: Pipeline stats: depth_samples=1309/71300 u_map=3 depth_boxes=0 u_map_merge=0 u_map_db=0 u_map_visual=0 u_map_fused=0 u_map_filtered=0 lidar_samples=3173/125251 uv=1 db=15 lidar=18 fused=17 filtered=17 tracks=17 dynamic=1 dyn_points=73 raw_dyn_points=0 service=1/0 split=17->0 (17 outputs) fusion_components=17 visual_only=1 lidar_only=16 yolo_in=1 yolo_match3d=1 yolo_match_det=1 yolo_human=1 fixed_size=0 size_reject=0
[lvdot_detector_main-7] [INFO] [1776957763.878826304] [lvdot_detector_node]: Input health: depth=368 color=334 lidar=313 pose=837 odom=837 yolo=280 depth_pose_sync=0 lidar_pose_sync=0 depth_odom_sync=0 lidar_odom_sync=0
[lvdot_detector_main-7] [INFO] [1776957763.878901428] [lvdot_detector_node]: Stage timers: detection=261 lidar_detection=169 tracking=3300 classification=3300 vis=2996
[lvdot_detector_main-7] [INFO] [1776957763.878911601] [lvdot_detector_node]: Processing phases: detection=run_core lidar_detection=run_lidar_detector/dbscan tracking=waiting_new_filtered_update classification=waiting_new_tracking_update
[lvdot_detector_main-7] [INFO] [1776957763.878918644] [lvdot_detector_node]: Pipeline stats: depth_samples=1536/71300 u_map=0 depth_boxes=0 u_map_merge=0 u_map_db=0 u_map_visual=0 u_map_fused=0 u_map_filtered=0 lidar_samples=3372/160362 uv=0 db=9 lidar=22 fused=3 filtered=3 tracks=3 dynamic=0 dyn_points=0 raw_dyn_points=0 service=1/0 split=3->0 (3 outputs) fusion_components=3 visual_only=0 lidar_only=3 yolo_in=0 yolo_match3d=0 yolo_match_det=0 yolo_human=0 fixed_size=0 size_reject=0
[lvdot_detector_main-7] [INFO] [1776957770.709424287] [lvdot_detector_node]: Input health: depth=381 color=348 lidar=327 pose=885 odom=885 yolo=292 depth_pose_sync=0 lidar_pose_sync=0 depth_odom_sync=0 lidar_odom_sync=0
[lvdot_detector_main-7] [INFO] [1776957770.709493005] [lvdot_detector_node]: Stage timers: detection=268 lidar_detection=171 tracking=3480 classification=3482 vis=3165
[lvdot_detector_main-7] [INFO] [1776957770.709504442] [lvdot_detector_node]: Processing phases: detection=run_core lidar_detection=run_lidar_detector/dbscan tracking=waiting_new_filtered_update classification=waiting_new_tracking_update
[lvdot_detector_main-7] [INFO] [1776957770.709513532] [lvdot_detector_node]: Pipeline stats: depth_samples=1419/71300 u_map=2 depth_boxes=0 u_map_merge=0 u_map_db=0 u_map_visual=0 u_map_fused=0 u_map_filtered=0 lidar_samples=3332/124131 uv=2 db=6 lidar=15 fused=17 filtered=17 tracks=17 dynamic=0 dyn_points=0 raw_dyn_points=0 service=1/0 split=17->1 (17 outputs) fusion_components=17 visual_only=2 lidar_only=15 yolo_in=2 yolo_match3d=1 yolo_match_det=2 yolo_human=1 fixed_size=0 size_reject=1
