[INFO] [launch]: All log files can be found below /home/skbt2/.ros/log/2026-04-23-10-03-39-937417-DESKTOP-90MQDL6-915144
[INFO] [launch]: Default logging verbosity is set to INFO
[INFO] [gazebo-1]: process started with pid [915233]
[INFO] [parameter_bridge-2]: process started with pid [915234]
[INFO] [pedestrian_state_publisher-3]: process started with pid [915235]
[INFO] [uav_trajectory_controller-4]: process started with pid [915236]
[INFO] [image_pointcloud_relay-5]: process started with pid [915237]
[INFO] [lvdot_yolo_node-6]: process started with pid [915238]
[INFO] [lvdot_detector_main-7]: process started with pid [915239]
[parameter_bridge-2] [INFO] [1776909825.991919685] [ros_gz_bridge]: Creating GZ->ROS Bridge: [/rgbd_camera/image (gz.msgs.Image) -> /rgbd_camera/image (sensor_msgs/msg/Image)] (Lazy 0)
[parameter_bridge-2] [INFO] [1776909826.397396976] [ros_gz_bridge]: Creating GZ->ROS Bridge: [/rgbd_camera/camera_info (gz.msgs.CameraInfo) -> /rgbd_camera/camera_info (sensor_msgs/msg/CameraInfo)] (Lazy 0)
[parameter_bridge-2] [INFO] [1776909826.407180230] [ros_gz_bridge]: Creating GZ->ROS Bridge: [/rgbd_camera/depth_image (gz.msgs.Image) -> /rgbd_camera/depth_image (sensor_msgs/msg/Image)] (Lazy 0)
[parameter_bridge-2] [INFO] [1776909826.413533658] [ros_gz_bridge]: Creating GZ->ROS Bridge: [/rgbd_camera/points (gz.msgs.PointCloudPacked) -> /rgbd_camera/points (sensor_msgs/msg/PointCloud2)] (Lazy 0)
[parameter_bridge-2] [INFO] [1776909826.422314657] [ros_gz_bridge]: Creating GZ->ROS Bridge: [/camera/imu (gz.msgs.IMU) -> /camera/imu (sensor_msgs/msg/Imu)] (Lazy 0)
[parameter_bridge-2] [INFO] [1776909826.427566185] [ros_gz_bridge]: Creating ROS->GZ service bridge [/world/pedestrian_prototype/set_pose (ros_gz_interfaces/srv/SetEntityPose -> /)]
[parameter_bridge-2] [INFO] [1776909826.499217199] [ros_gz_bridge]: Creating ROS->GZ service bridge [/world/pedestrian_prototype/set_pose/blocking (ros_gz_interfaces/srv/SetEntityPose -> /)]
[uav_trajectory_controller-4] [WARN] [1776909829.121783621] [uav_trajectory_controller]: SetEntityPose request timed out after 0.63s on /world/pedestrian_prototype/set_pose/blocking; dropping the pending request and retrying.
[uav_trajectory_controller-4] [WARN] [1776909829.122875746] [uav_trajectory_controller]: Falling back from /world/pedestrian_prototype/set_pose/blocking to /world/pedestrian_prototype/set_pose.
[lvdot_detector_main-7] [INFO] [1776909832.145522597] [lvdot_detector_node]: Config loaded: localization_mode=0 dt=0.033 image=640x480 depth_range=[0.20, 12.00] stage_timers=true
[lvdot_detector_main-7] [INFO] [1776909833.093824188] [lvdot_detector_node]: LV-DOT ROS2 skeleton started. depth=/camera/depth/image_rect_raw color=/camera/color/image_raw lidar=/rgbd_camera/points pose=/mavros/local_position/pose odom=/mavros/local_position/odom yolo=/yolo_detector/detected_bounding_boxes
[lvdot_detector_main-7] [INFO] [1776909835.184200199] [lvdot_detector_node]: Input health: depth=2 color=2 lidar=0 pose=108 odom=107 yolo=3 depth_pose_sync=0 lidar_pose_sync=0 depth_odom_sync=0 lidar_odom_sync=0
[lvdot_detector_main-7] [INFO] [1776909835.184316954] [lvdot_detector_node]: Stage timers: detection=24 lidar_detection=53 tracking=53 classification=52 vis=32
[lvdot_detector_main-7] [INFO] [1776909835.184347545] [lvdot_detector_node]: Processing phases: detection=idle lidar_detection=waiting_new_lidar tracking=waiting_filtered_bboxes classification=idle
[lvdot_detector_main-7] [INFO] [1776909835.184361130] [lvdot_detector_node]: Pipeline stats: depth_samples=0/71300 u_map=3 depth_boxes=0 u_map_merge=0 u_map_db=0 u_map_visual=0 u_map_fused=0 u_map_filtered=0 lidar_samples=0/0 uv=0 db=0 lidar=0 fused=0 filtered=0 tracks=0 dynamic=0 dyn_points=0 raw_dyn_points=0 service=0/0 split=0->0 (0 outputs) fusion_components=0 visual_only=0 lidar_only=0 fixed_size=0 size_reject=0
[gazebo-1] [INFO] [1776909836.029213851] [pedestrian_pose_sync_system]: Configured pedestrian pose sync plugin on topic [/pedestrian_sim/agent_states] for 8 models.
[lvdot_detector_main-7] [INFO] [1776909841.094093997] [lvdot_detector_node]: Input health: depth=5 color=11 lidar=0 pose=392 odom=391 yolo=7 depth_pose_sync=0 lidar_pose_sync=0 depth_odom_sync=0 lidar_odom_sync=0
[lvdot_detector_main-7] [INFO] [1776909841.094168185] [lvdot_detector_node]: Stage timers: detection=30 lidar_detection=227 tracking=231 classification=230 vis=196
[lvdot_detector_main-7] [INFO] [1776909841.094182303] [lvdot_detector_node]: Processing phases: detection=run_core lidar_detection=waiting_new_lidar tracking=waiting_filtered_bboxes classification=snapshot
[lvdot_detector_main-7] [INFO] [1776909841.094193578] [lvdot_detector_node]: Pipeline stats: depth_samples=9/71300 u_map=3 depth_boxes=0 u_map_merge=0 u_map_db=0 u_map_visual=0 u_map_fused=0 u_map_filtered=0 lidar_samples=0/0 uv=0 db=0 lidar=0 fused=0 filtered=0 tracks=0 dynamic=0 dyn_points=0 raw_dyn_points=0 service=0/0 split=0->0 (0 outputs) fusion_components=0 visual_only=0 lidar_only=0 fixed_size=0 size_reject=0
[lvdot_detector_main-7] [INFO] [1776909848.803413103] [lvdot_detector_node]: Input health: depth=26 color=44 lidar=0 pose=679 odom=678 yolo=11 depth_pose_sync=0 lidar_pose_sync=0 depth_odom_sync=0 lidar_odom_sync=0
[lvdot_detector_main-7] [INFO] [1776909848.803545978] [lvdot_detector_node]: Stage timers: detection=35 lidar_detection=407 tracking=410 classification=409 vis=357
[lvdot_detector_main-7] [INFO] [1776909848.803566515] [lvdot_detector_node]: Processing phases: detection=run_core lidar_detection=snapshot tracking=waiting_filtered_bboxes classification=idle
[lvdot_detector_main-7] [INFO] [1776909848.803580900] [lvdot_detector_node]: Pipeline stats: depth_samples=18/71300 u_map=4 depth_boxes=0 u_map_merge=0 u_map_db=0 u_map_visual=0 u_map_fused=0 u_map_filtered=0 lidar_samples=0/0 uv=0 db=0 lidar=0 fused=0 filtered=0 tracks=0 dynamic=0 dyn_points=0 raw_dyn_points=0 service=0/0 split=0->0 (0 outputs) fusion_components=0 visual_only=0 lidar_only=0 fixed_size=0 size_reject=0
[lvdot_detector_main-7] [INFO] [1776909854.794585999] [lvdot_detector_node]: Input health: depth=41 color=77 lidar=1 pose=967 odom=966 yolo=15 depth_pose_sync=0 lidar_pose_sync=0 depth_odom_sync=0 lidar_odom_sync=0
[lvdot_detector_main-7] [INFO] [1776909854.805628424] [lvdot_detector_node]: Stage timers: detection=40 lidar_detection=500 tracking=584 classification=549 vis=515
[lvdot_detector_main-7] [INFO] [1776909854.805643770] [lvdot_detector_node]: Processing phases: detection=run_core lidar_detection=waiting_new_lidar tracking=waiting_filtered_bboxes classification=idle
[lvdot_detector_main-7] [INFO] [1776909854.805653622] [lvdot_detector_node]: Pipeline stats: depth_samples=0/71300 u_map=3 depth_boxes=0 u_map_merge=0 u_map_db=0 u_map_visual=0 u_map_fused=0 u_map_filtered=0 lidar_samples=1136/16084 uv=0 db=0 lidar=7 fused=7 filtered=7 tracks=0 dynamic=0 dyn_points=0 raw_dyn_points=0 service=0/0 split=7->0 (7 outputs) fusion_components=7 visual_only=0 lidar_only=7 fixed_size=0 size_reject=0
[uav_trajectory_controller-4] [WARN] [1776909858.764676385] [uav_trajectory_controller]: SetEntityPose request timed out after 0.63s on /world/pedestrian_prototype/set_pose; dropping the pending request and retrying.
[uav_trajectory_controller-4] [WARN] [1776909859.515378712] [uav_trajectory_controller]: SetEntityPose request timed out after 0.63s on /world/pedestrian_prototype/set_pose; dropping the pending request and retrying.
[uav_trajectory_controller-4] [WARN] [1776909860.263231292] [uav_trajectory_controller]: SetEntityPose request timed out after 0.62s on /world/pedestrian_prototype/set_pose; dropping the pending request and retrying.
[lvdot_detector_main-7] [INFO] [1776909860.792764848] [lvdot_detector_node]: Input health: depth=49 color=79 lidar=2 pose=1125 odom=1124 yolo=27 depth_pose_sync=0 lidar_pose_sync=0 depth_odom_sync=0 lidar_odom_sync=0
[lvdot_detector_main-7] [INFO] [1776909860.792871987] [lvdot_detector_node]: Stage timers: detection=44 lidar_detection=660 tracking=765 classification=731 vis=697
[lvdot_detector_main-7] [INFO] [1776909860.792899648] [lvdot_detector_node]: Processing phases: detection=run_core lidar_detection=run_lidar_detector/project tracking=waiting_filtered_bboxes classification=idle
[lvdot_detector_main-7] [INFO] [1776909860.792937634] [lvdot_detector_node]: Pipeline stats: depth_samples=0/71300 u_map=4 depth_boxes=0 u_map_merge=0 u_map_db=0 u_map_visual=0 u_map_fused=0 u_map_filtered=0 lidar_samples=1136/16084 uv=0 db=0 lidar=7 fused=7 filtered=7 tracks=0 dynamic=0 dyn_points=0 raw_dyn_points=0 service=0/0 split=7->0 (7 outputs) fusion_components=7 visual_only=0 lidar_only=7 fixed_size=0 size_reject=0
[uav_trajectory_controller-4] [WARN] [1776909861.013283491] [uav_trajectory_controller]: SetEntityPose request timed out after 0.62s on /world/pedestrian_prototype/set_pose; dropping the pending request and retrying.
[uav_trajectory_controller-4] [WARN] [1776909861.763603578] [uav_trajectory_controller]: SetEntityPose request timed out after 0.62s on /world/pedestrian_prototype/set_pose; dropping the pending request and retrying.
[uav_trajectory_controller-4] [WARN] [1776909862.513293655] [uav_trajectory_controller]: SetEntityPose request timed out after 0.62s on /world/pedestrian_prototype/set_pose; dropping the pending request and retrying.
[uav_trajectory_controller-4] [WARN] [1776909863.263278492] [uav_trajectory_controller]: SetEntityPose request timed out after 0.62s on /world/pedestrian_prototype/set_pose; dropping the pending request and retrying.
[uav_trajectory_controller-4] [WARN] [1776909864.013346873] [uav_trajectory_controller]: SetEntityPose request timed out after 0.62s on /world/pedestrian_prototype/set_pose; dropping the pending request and retrying.
[uav_trajectory_controller-4] [WARN] [1776909864.763253177] [uav_trajectory_controller]: SetEntityPose request timed out after 0.62s on /world/pedestrian_prototype/set_pose; dropping the pending request and retrying.
[uav_trajectory_controller-4] [WARN] [1776909865.513299538] [uav_trajectory_controller]: SetEntityPose request timed out after 0.62s on /world/pedestrian_prototype/set_pose; dropping the pending request and retrying.
[uav_trajectory_controller-4] [WARN] [1776909866.263353175] [uav_trajectory_controller]: SetEntityPose request timed out after 0.62s on /world/pedestrian_prototype/set_pose; dropping the pending request and retrying.
[lvdot_detector_main-7] [INFO] [1776909866.792658354] [lvdot_detector_node]: Input health: depth=49 color=79 lidar=2 pose=1125 odom=1124 yolo=27 depth_pose_sync=0 lidar_pose_sync=0 depth_odom_sync=0 lidar_odom_sync=0
[lvdot_detector_main-7] [INFO] [1776909866.792732540] [lvdot_detector_node]: Stage timers: detection=44 lidar_detection=660 tracking=947 classification=913 vis=879
[lvdot_detector_main-7] [INFO] [1776909866.792744542] [lvdot_detector_node]: Processing phases: detection=run_core lidar_detection=run_lidar_detector/project tracking=waiting_filtered_bboxes classification=idle
[lvdot_detector_main-7] [INFO] [1776909866.792756261] [lvdot_detector_node]: Pipeline stats: depth_samples=0/71300 u_map=4 depth_boxes=0 u_map_merge=0 u_map_db=0 u_map_visual=0 u_map_fused=0 u_map_filtered=0 lidar_samples=1136/16084 uv=0 db=0 lidar=7 fused=7 filtered=7 tracks=0 dynamic=0 dyn_points=0 raw_dyn_points=0 service=0/0 split=7->0 (7 outputs) fusion_components=7 visual_only=0 lidar_only=7 fixed_size=0 size_reject=0
[lvdot_detector_main-7] [INFO] [1776909872.792576511] [lvdot_detector_node]: Input health: depth=49 color=79 lidar=2 pose=1125 odom=1124 yolo=27 depth_pose_sync=0 lidar_pose_sync=0 depth_odom_sync=0 lidar_odom_sync=0
[lvdot_detector_main-7] [INFO] [1776909872.792648199] [lvdot_detector_node]: Stage timers: detection=49 lidar_detection=660 tracking=1129 classification=1095 vis=1061
[lvdot_detector_main-7] [INFO] [1776909872.792657373] [lvdot_detector_node]: Processing phases: detection=run_core lidar_detection=run_lidar_detector/project tracking=waiting_filtered_bboxes classification=idle
[lvdot_detector_main-7] [INFO] [1776909872.792665128] [lvdot_detector_node]: Pipeline stats: depth_samples=0/71300 u_map=3 depth_boxes=0 u_map_merge=0 u_map_db=0 u_map_visual=0 u_map_fused=0 u_map_filtered=0 lidar_samples=1136/16084 uv=0 db=0 lidar=7 fused=7 filtered=7 tracks=0 dynamic=0 dyn_points=0 raw_dyn_points=0 service=0/0 split=7->0 (7 outputs) fusion_components=7 visual_only=0 lidar_only=7 fixed_size=0 size_reject=0
[lvdot_detector_main-7] [INFO] [1776909878.792640700] [lvdot_detector_node]: Input health: depth=49 color=79 lidar=2 pose=1125 odom=1124 yolo=27 depth_pose_sync=0 lidar_pose_sync=0 depth_odom_sync=0 lidar_odom_sync=0
[lvdot_detector_main-7] [INFO] [1776909878.792709467] [lvdot_detector_node]: Stage timers: detection=60 lidar_detection=660 tracking=1311 classification=1277 vis=1243
[lvdot_detector_main-7] [INFO] [1776909878.792718642] [lvdot_detector_node]: Processing phases: detection=run_core lidar_detection=run_lidar_detector/project tracking=waiting_filtered_bboxes classification=idle
[lvdot_detector_main-7] [INFO] [1776909878.792725547] [lvdot_detector_node]: Pipeline stats: depth_samples=0/71300 u_map=3 depth_boxes=0 u_map_merge=0 u_map_db=0 u_map_visual=0 u_map_fused=0 u_map_filtered=0 lidar_samples=1136/16084 uv=0 db=0 lidar=7 fused=7 filtered=7 tracks=0 dynamic=0 dyn_points=0 raw_dyn_points=0 service=0/0 split=7->0 (7 outputs) fusion_components=7 visual_only=0 lidar_only=7 fixed_size=0 size_reject=0
[lvdot_detector_main-7] [INFO] [1776909884.633552622] [lvdot_detector_node]: Input health: depth=49 color=79 lidar=2 pose=1125 odom=1124 yolo=27 depth_pose_sync=0 lidar_pose_sync=0 depth_odom_sync=0 lidar_odom_sync=0
[lvdot_detector_main-7] [INFO] [1776909884.633632740] [lvdot_detector_node]: Stage timers: detection=65 lidar_detection=700 tracking=1432 classification=1386 vis=1364
[lvdot_detector_main-7] [INFO] [1776909884.633642861] [lvdot_detector_node]: Processing phases: detection=run_core lidar_detection=waiting_new_lidar tracking=waiting_filtered_bboxes classification=idle
[lvdot_detector_main-7] [INFO] [1776909884.633649671] [lvdot_detector_node]: Pipeline stats: depth_samples=0/71300 u_map=3 depth_boxes=0 u_map_merge=0 u_map_db=0 u_map_visual=0 u_map_fused=0 u_map_filtered=0 lidar_samples=1136/22263 uv=0 db=0 lidar=7 fused=7 filtered=7 tracks=0 dynamic=0 dyn_points=0 raw_dyn_points=0 service=0/0 split=7->0 (7 outputs) fusion_components=7 visual_only=0 lidar_only=7 fixed_size=0 size_reject=0
[uav_trajectory_controller-4] [WARN] [1776909887.745655974] [uav_trajectory_controller]: SetEntityPose request timed out after 0.52s on /world/pedestrian_prototype/set_pose; dropping the pending request and retrying.
[lvdot_detector_main-7] [INFO] [1776909897.931325321] [lvdot_detector_node]: Input health: depth=49 color=79 lidar=2 pose=1125 odom=1124 yolo=27 depth_pose_sync=0 lidar_pose_sync=0 depth_odom_sync=0 lidar_odom_sync=0
