[INFO] [launch]: All log files can be found below /home/skbt2/.ros/log/2026-04-22-10-44-26-434693-DESKTOP-90MQDL6-453803
[INFO] [launch]: Default logging verbosity is set to INFO
[INFO] [lvdot_detector_main-1]: process started with pid [453849]
[lvdot_detector_main-1] [INFO] [1776825866.759003192] [lvdot_detector_node]: Config loaded: localization_mode=0 dt=0.033 image=640x480 depth_range=[0.20, 12.00] stage_timers=false
[lvdot_detector_main-1] [INFO] [1776825866.803578596] [lvdot_detector_node]: LV-DOT ROS2 skeleton started. depth=/camera/depth/image_rect_raw color=/camera/color/image_raw lidar=/pointcloud pose=/mavros/local_position/pose odom=/mavros/local_position/odom yolo=/yolo_detector/detected_bounding_boxes
[lvdot_detector_main-1] [INFO] [1776825868.802484066] [lvdot_detector_node]: Input health: depth=3 color=5 lidar=0 pose=0 odom=0 yolo=2 depth_pose_sync=0 lidar_pose_sync=0 depth_odom_sync=0 lidar_odom_sync=0
[lvdot_detector_main-1] [INFO] [1776825868.802560123] [lvdot_detector_node]: Stage timers: detection=0 lidar_detection=0 tracking=0 classification=0 vis=0
[lvdot_detector_main-1] [INFO] [1776825868.802574715] [lvdot_detector_node]: Pipeline stats: depth_samples=0/0 u_map=0 depth_boxes=0 u_map_merge=0 u_map_db=0 u_map_visual=0 u_map_fused=0 u_map_filtered=0 lidar_samples=0/0 uv=0 db=0 lidar=0 fused=0 filtered=0 tracks=0 dynamic=0 dyn_points=0 raw_dyn_points=0 service=0/0 split=0->0 (0 outputs) fusion_components=0 visual_only=0 lidar_only=0 fixed_size=0 size_reject=0
[lvdot_detector_main-1] [INFO] [1776825874.803119022] [lvdot_detector_node]: Input health: depth=16 color=17 lidar=16 pose=50 odom=50 yolo=14 depth_pose_sync=0 lidar_pose_sync=0 depth_odom_sync=0 lidar_odom_sync=0
[lvdot_detector_main-1] [INFO] [1776825874.803224298] [lvdot_detector_node]: Stage timers: detection=0 lidar_detection=0 tracking=0 classification=0 vis=0
[lvdot_detector_main-1] [INFO] [1776825874.803243214] [lvdot_detector_node]: Pipeline stats: depth_samples=0/0 u_map=0 depth_boxes=0 u_map_merge=0 u_map_db=0 u_map_visual=0 u_map_fused=0 u_map_filtered=0 lidar_samples=0/0 uv=0 db=0 lidar=0 fused=0 filtered=0 tracks=0 dynamic=0 dyn_points=0 raw_dyn_points=0 service=0/0 split=0->0 (0 outputs) fusion_components=0 visual_only=0 lidar_only=0 fixed_size=0 size_reject=0
[lvdot_detector_main-1] [INFO] [1776825880.802546093] [lvdot_detector_node]: Input health: depth=48 color=59 lidar=41 pose=98 odom=98 yolo=26 depth_pose_sync=0 lidar_pose_sync=0 depth_odom_sync=0 lidar_odom_sync=0
[lvdot_detector_main-1] [INFO] [1776825880.802604765] [lvdot_detector_node]: Stage timers: detection=0 lidar_detection=0 tracking=0 classification=0 vis=0
[lvdot_detector_main-1] [INFO] [1776825880.802615225] [lvdot_detector_node]: Pipeline stats: depth_samples=0/0 u_map=0 depth_boxes=0 u_map_merge=0 u_map_db=0 u_map_visual=0 u_map_fused=0 u_map_filtered=0 lidar_samples=0/0 uv=0 db=0 lidar=0 fused=0 filtered=0 tracks=0 dynamic=0 dyn_points=0 raw_dyn_points=0 service=0/0 split=0->0 (0 outputs) fusion_components=0 visual_only=0 lidar_only=0 fixed_size=0 size_reject=0
[lvdot_detector_main-1] [INFO] [1776825886.802258946] [lvdot_detector_node]: Input health: depth=71 color=79 lidar=63 pose=146 odom=146 yolo=38 depth_pose_sync=0 lidar_pose_sync=0 depth_odom_sync=0 lidar_odom_sync=0
[lvdot_detector_main-1] [INFO] [1776825886.802328950] [lvdot_detector_node]: Stage timers: detection=0 lidar_detection=0 tracking=0 classification=0 vis=0
[lvdot_detector_main-1] [INFO] [1776825886.802340030] [lvdot_detector_node]: Pipeline stats: depth_samples=0/0 u_map=0 depth_boxes=0 u_map_merge=0 u_map_db=0 u_map_visual=0 u_map_fused=0 u_map_filtered=0 lidar_samples=0/0 uv=0 db=0 lidar=0 fused=0 filtered=0 tracks=0 dynamic=0 dyn_points=0 raw_dyn_points=0 service=0/0 split=0->0 (0 outputs) fusion_components=0 visual_only=0 lidar_only=0 fixed_size=0 size_reject=0
[lvdot_detector_main-1] [INFO] [1776825892.802344883] [lvdot_detector_node]: Input health: depth=95 color=101 lidar=74 pose=194 odom=194 yolo=51 depth_pose_sync=0 lidar_pose_sync=0 depth_odom_sync=0 lidar_odom_sync=0
[lvdot_detector_main-1] [INFO] [1776825892.802444606] [lvdot_detector_node]: Stage timers: detection=0 lidar_detection=0 tracking=0 classification=0 vis=0
[lvdot_detector_main-1] [INFO] [1776825892.802462474] [lvdot_detector_node]: Pipeline stats: depth_samples=0/0 u_map=0 depth_boxes=0 u_map_merge=0 u_map_db=0 u_map_visual=0 u_map_fused=0 u_map_filtered=0 lidar_samples=0/0 uv=0 db=0 lidar=0 fused=0 filtered=0 tracks=0 dynamic=0 dyn_points=0 raw_dyn_points=0 service=0/0 split=0->0 (0 outputs) fusion_components=0 visual_only=0 lidar_only=0 fixed_size=0 size_reject=0
