[INFO] [launch]: All log files can be found below /home/skbt2/.ros/log/2026-04-22-19-54-44-101684-DESKTOP-90MQDL6-682441
[INFO] [launch]: Default logging verbosity is set to INFO
[INFO] [gazebo-1]: process started with pid [682480]
[INFO] [parameter_bridge-2]: process started with pid [682481]
[INFO] [pedestrian_state_publisher-3]: process started with pid [682482]
[INFO] [uav_trajectory_controller-4]: process started with pid [682483]
[INFO] [image_pointcloud_relay-5]: process started with pid [682484]
[INFO] [lvdot_detector_main-6]: process started with pid [682485]
[parameter_bridge-2] [INFO] [1776858884.342580247] [ros_gz_bridge]: Creating GZ->ROS Bridge: [/rgbd_camera/image (gz.msgs.Image) -> /rgbd_camera/image (sensor_msgs/msg/Image)] (Lazy 0)
[parameter_bridge-2] [INFO] [1776858884.348769921] [ros_gz_bridge]: Creating GZ->ROS Bridge: [/rgbd_camera/camera_info (gz.msgs.CameraInfo) -> /rgbd_camera/camera_info (sensor_msgs/msg/CameraInfo)] (Lazy 0)
[parameter_bridge-2] [INFO] [1776858884.350800150] [ros_gz_bridge]: Creating GZ->ROS Bridge: [/rgbd_camera/depth_image (gz.msgs.Image) -> /rgbd_camera/depth_image (sensor_msgs/msg/Image)] (Lazy 0)
[parameter_bridge-2] [INFO] [1776858884.352078950] [ros_gz_bridge]: Creating GZ->ROS Bridge: [/rgbd_camera/points (gz.msgs.PointCloudPacked) -> /rgbd_camera/points (sensor_msgs/msg/PointCloud2)] (Lazy 0)
[parameter_bridge-2] [INFO] [1776858884.354103316] [ros_gz_bridge]: Creating GZ->ROS Bridge: [/camera/imu (gz.msgs.IMU) -> /camera/imu (sensor_msgs/msg/Imu)] (Lazy 0)
[parameter_bridge-2] [INFO] [1776858884.355737017] [ros_gz_bridge]: Creating ROS->GZ service bridge [/world/pedestrian_prototype/set_pose (ros_gz_interfaces/srv/SetEntityPose -> /)]
[parameter_bridge-2] [INFO] [1776858884.359008914] [ros_gz_bridge]: Creating ROS->GZ service bridge [/world/pedestrian_prototype/set_pose/blocking (ros_gz_interfaces/srv/SetEntityPose -> /)]
[lvdot_detector_main-6] [INFO] [1776858884.654223340] [lvdot_detector_node]: Config loaded: localization_mode=0 dt=0.033 image=640x480 depth_range=[0.20, 12.00] stage_timers=true
[lvdot_detector_main-6] [INFO] [1776858884.769014700] [lvdot_detector_node]: LV-DOT ROS2 skeleton started. depth=/camera/depth/image_rect_raw color=/camera/color/image_raw lidar=/rgbd_camera/points pose=/mavros/local_position/pose odom=/mavros/local_position/odom yolo=/yolo_detector/detected_bounding_boxes
[gazebo-1] [INFO] [1776858885.652819553] [pedestrian_pose_sync_system]: Configured pedestrian pose sync plugin on topic [/pedestrian_sim/agent_states] for 8 models.
[lvdot_detector_main-6] [WARN] [1776858886.367342100] []: Messages of type 1 arrived out of order (will print only once)
[lvdot_detector_main-6] [WARN] [1776858886.367578281] []: Messages of type 1 arrived out of order (will print only once)
[uav_trajectory_controller-4] [WARN] [1776858886.488155455] [uav_trajectory_controller]: SetEntityPose request timed out after 0.56s on /world/pedestrian_prototype/set_pose/blocking; dropping the pending request and retrying.
[uav_trajectory_controller-4] [WARN] [1776858886.489734362] [uav_trajectory_controller]: Falling back from /world/pedestrian_prototype/set_pose/blocking to /world/pedestrian_prototype/set_pose.
[lvdot_detector_main-6] [INFO] [1776858886.765043932] [lvdot_detector_node]: Input health: depth=0 color=0 lidar=0 pose=9 odom=9 yolo=0 depth_pose_sync=0 lidar_pose_sync=0 depth_odom_sync=0 lidar_odom_sync=0
[lvdot_detector_main-6] [INFO] [1776858886.765188358] [lvdot_detector_node]: Stage timers: detection=60 lidar_detection=60 tracking=60 classification=60 vis=60
[lvdot_detector_main-6] [INFO] [1776858886.765217086] [lvdot_detector_node]: Processing phases: detection=waiting_depth lidar_detection=waiting_new_lidar tracking=waiting_filtered_bboxes classification=idle
[lvdot_detector_main-6] [INFO] [1776858886.765232232] [lvdot_detector_node]: Pipeline stats: depth_samples=0/0 u_map=0 depth_boxes=0 u_map_merge=0 u_map_db=0 u_map_visual=0 u_map_fused=0 u_map_filtered=0 lidar_samples=0/0 uv=0 db=0 lidar=0 fused=0 filtered=0 tracks=0 dynamic=0 dyn_points=0 raw_dyn_points=0 service=0/0 split=0->0 (0 outputs) fusion_components=0 visual_only=0 lidar_only=0 fixed_size=0 size_reject=0
[uav_trajectory_controller-4] [WARN] [1776858887.064863889] [uav_trajectory_controller]: SetEntityPose request timed out after 0.57s on /world/pedestrian_prototype/set_pose; dropping the pending request and retrying.
[uav_trajectory_controller-4] [WARN] [1776858887.939002715] [uav_trajectory_controller]: SetEntityPose request timed out after 0.52s on /world/pedestrian_prototype/set_pose; dropping the pending request and retrying.
[uav_trajectory_controller-4] [WARN] [1776858888.689124054] [uav_trajectory_controller]: SetEntityPose request timed out after 0.62s on /world/pedestrian_prototype/set_pose; dropping the pending request and retrying.
[lvdot_detector_main-6] 
[lvdot_detector_main-6] === FATAL SIGNAL 11 received, backtrace (depth=37) ===
[lvdot_detector_main-6] /home/skbt2/lvdot_ros2_ws/install/lvdot_ros2/lib/lvdot_ros2/lvdot_detector_main(+0xa18fc1)[0x5635d3994fc1]
[lvdot_detector_main-6] /lib/x86_64-linux-gnu/libc.so.6(+0x45330)[0x70a200845330]
[lvdot_detector_main-6] /lib/x86_64-linux-gnu/libc.so.6(+0xaafc5)[0x70a2008aafc5]
[lvdot_detector_main-6] /lib/x86_64-linux-gnu/libc.so.6(+0xab43a)[0x70a2008ab43a]
[lvdot_detector_main-6] /lib/x86_64-linux-gnu/libc.so.6(__libc_free+0x7e)[0x70a2008addce]
[lvdot_detector_main-6] /home/skbt2/lvdot_ros2_ws/install/lvdot_ros2/lib/lvdot_ros2/lvdot_detector_main(_ZNSt15__new_allocatorISt23_Sp_counted_ptr_inplaceIN13geometry_msgs3msg12PoseStamped_ISaIvEEESaIS5_ELN9__gnu_cxx12_Lock_policyE2EEE10deallocateEPS9_m+0x3c)[0x5635d3bbc5e2]
[lvdot_detector_main-6] /home/skbt2/lvdot_ros2_ws/install/lvdot_ros2/lib/lvdot_ros2/lvdot_detector_main(_ZNSt15__allocated_ptrISaISt23_Sp_counted_ptr_inplaceIN13geometry_msgs3msg12PoseStamped_ISaIvEEESaIS5_ELN9__gnu_cxx12_Lock_policyE2EEEED1Ev+0x53)[0x5635d3bb6355]
[lvdot_detector_main-6] /home/skbt2/lvdot_ros2_ws/install/lvdot_ros2/lib/lvdot_ros2/lvdot_detector_main(_ZNSt23_Sp_counted_ptr_inplaceIN13geometry_msgs3msg12PoseStamped_ISaIvEEESaIS4_ELN9__gnu_cxx12_Lock_policyE2EE10_M_destroyEv+0x6c)[0x5635d3bc55e4]
[lvdot_detector_main-6] /home/skbt2/lvdot_ros2_ws/install/lvdot_ros2/lib/lvdot_ros2/lvdot_detector_main(_ZNSt16_Sp_counted_baseILN9__gnu_cxx12_Lock_policyE2EE10_M_releaseEv+0xa6)[0x5635d3995700]
[lvdot_detector_main-6] /home/skbt2/lvdot_ros2_ws/install/lvdot_ros2/lib/lvdot_ros2/lvdot_detector_main(_ZNSt14__shared_countILN9__gnu_cxx12_Lock_policyE2EEaSERKS2_+0x5a)[0x5635d39b77c6]
[lvdot_detector_main-6] /home/skbt2/lvdot_ros2_ws/install/lvdot_ros2/lib/lvdot_ros2/lvdot_detector_main(_ZNSt12__shared_ptrIKN13geometry_msgs3msg12PoseStamped_ISaIvEEELN9__gnu_cxx12_Lock_policyE2EEaSIS4_EENSt9enable_ifIXsrSt20__sp_compatible_withIPT_PS5_E5valueERS8_E4typeERKS_ISC_LS7_2EE+0x3d)[0x5635d39cf8ed]
[lvdot_detector_main-6] /home/skbt2/lvdot_ros2_ws/install/lvdot_ros2/lib/lvdot_ros2/lvdot_detector_main(_ZNSt10shared_ptrIKN13geometry_msgs3msg12PoseStamped_ISaIvEEEEaSIS4_EENSt9enable_ifIXsrSt13is_assignableIRSt12__shared_ptrIS5_LN9__gnu_cxx12_Lock_policyE2EERKS_IT_EE5valueERS6_E4typeESI_+0x27)[0x5635d39c02eb]
[lvdot_detector_main-6] /home/skbt2/lvdot_ros2_ws/install/lvdot_ros2/lib/lvdot_ros2/lvdot_detector_main(_ZN10lvdot_ros217LVdotDetectorNode7on_poseESt10shared_ptrIN13geometry_msgs3msg12PoseStamped_ISaIvEEEE+0x96)[0x5635d39a2c52]
[lvdot_detector_main-6] /home/skbt2/lvdot_ros2_ws/install/lvdot_ros2/lib/lvdot_ros2/lvdot_detector_main(_ZSt13__invoke_implIvRMN10lvdot_ros217LVdotDetectorNodeEFvSt10shared_ptrIN13geometry_msgs3msg12PoseStamped_ISaIvEEEEERPS1_JS8_EET_St21__invoke_memfun_derefOT0_OT1_DpOT2_+0xa6)[0x5635d3aca94f]
[lvdot_detector_main-6] /home/skbt2/lvdot_ros2_ws/install/lvdot_ros2/lib/lvdot_ros2/lvdot_detector_main(_ZSt8__invokeIRMN10lvdot_ros217LVdotDetectorNodeEFvSt10shared_ptrIN13geometry_msgs3msg12PoseStamped_ISaIvEEEEEJRPS1_S8_EENSt15__invoke_resultIT_JDpT0_EE4typeEOSF_DpOSG_+0x53)[0x5635d3ab974b]
[lvdot_detector_main-6] /home/skbt2/lvdot_ros2_ws/install/lvdot_ros2/lib/lvdot_ros2/lvdot_detector_main(_ZNSt5_BindIFMN10lvdot_ros217LVdotDetectorNodeEFvSt10shared_ptrIN13geometry_msgs3msg12PoseStamped_ISaIvEEEEEPS1_St12_PlaceholderILi1EEEE6__callIvJOS8_EJLm0ELm1EEEET_OSt5tupleIJDpT0_EESt12_Index_tupleIJXspT1_EEE+0x88)[0x5635d3aa8960]
[lvdot_detector_main-6] /home/skbt2/lvdot_ros2_ws/install/lvdot_ros2/lib/lvdot_ros2/lvdot_detector_main(_ZNSt5_BindIFMN10lvdot_ros217LVdotDetectorNodeEFvSt10shared_ptrIN13geometry_msgs3msg12PoseStamped_ISaIvEEEEEPS1_St12_PlaceholderILi1EEEEclIJS8_EvEET0_DpOT_+0x54)[0x5635d3a9241c]
[lvdot_detector_main-6] /home/skbt2/lvdot_ros2_ws/install/lvdot_ros2/lib/lvdot_ros2/lvdot_detector_main(_ZSt13__invoke_implIvRSt5_BindIFMN10lvdot_ros217LVdotDetectorNodeEFvSt10shared_ptrIN13geometry_msgs3msg12PoseStamped_ISaIvEEEEEPS2_St12_PlaceholderILi1EEEEJS9_EET_St14__invoke_otherOT0_DpOT1_+0x3b)[0x5635d3a7541b]
[lvdot_detector_main-6] /home/skbt2/lvdot_ros2_ws/install/lvdot_ros2/lib/lvdot_ros2/lvdot_detector_main(_ZSt10__invoke_rIvRSt5_BindIFMN10lvdot_ros217LVdotDetectorNodeEFvSt10shared_ptrIN13geometry_msgs3msg12PoseStamped_ISaIvEEEEEPS2_St12_PlaceholderILi1EEEEJS9_EENSt9enable_ifIX16is_invocable_r_vIT_T0_DpT1_EESJ_E4typeEOSK_DpOSL_+0x3b)[0x5635d3a58095]
[lvdot_detector_main-6] /home/skbt2/lvdot_ros2_ws/install/lvdot_ros2/lib/lvdot_ros2/lvdot_detector_main(_ZNSt17_Function_handlerIFvSt10shared_ptrIN13geometry_msgs3msg12PoseStamped_ISaIvEEEEESt5_BindIFMN10lvdot_ros217LVdotDetectorNodeEFvS6_EPSA_St12_PlaceholderILi1EEEEE9_M_invokeERKSt9_Any_dataOS6_+0x3b)[0x5635d3a3cd39]
[lvdot_detector_main-6] /home/skbt2/lvdot_ros2_ws/install/lvdot_ros2/lib/lvdot_ros2/lvdot_detector_main(_ZNKSt8functionIFvSt10shared_ptrIN13geometry_msgs3msg12PoseStamped_ISaIvEEEEEEclES6_+0x4d)[0x5635d3b99e59]
[lvdot_detector_main-6] /home/skbt2/lvdot_ros2_ws/install/lvdot_ros2/lib/lvdot_ros2/lvdot_detector_main(_ZZN6rclcpp23AnySubscriptionCallbackIN13geometry_msgs3msg12PoseStamped_ISaIvEEES4_E8dispatchIS5_EENSt9enable_ifIXntsrNS_20serialization_traits27is_serialized_message_classIT_EE5valueEvE4typeESt10shared_ptrIS5_ERKNS_11MessageInfoEENKUlOSB_E_clIRSt8functionIFvSG_EEEEDaSK_+0x4d)[0x5635d3b755b9]
[lvdot_detector_main-6] /home/skbt2/lvdot_ros2_ws/install/lvdot_ros2/lib/lvdot_ros2/lvdot_detector_main(_ZSt13__invoke_implIvZN6rclcpp23AnySubscriptionCallbackIN13geometry_msgs3msg12PoseStamped_ISaIvEEES5_E8dispatchIS6_EENSt9enable_ifIXntsrNS0_20serialization_traits27is_serialized_message_classIT_EE5valueEvE4typeESt10shared_ptrIS6_ERKNS0_11MessageInfoEEUlOSC_E_JRSt8functionIFvSH_EEEESC_St14__invoke_otherOT0_DpOT1_+0x3b)[0x5635d3babb15]
[lvdot_detector_main-6] /home/skbt2/lvdot_ros2_ws/install/lvdot_ros2/lib/lvdot_ros2/lvdot_detector_main(_ZSt8__invokeIZN6rclcpp23AnySubscriptionCallbackIN13geometry_msgs3msg12PoseStamped_ISaIvEEES5_E8dispatchIS6_EENSt9enable_ifIXntsrNS0_20serialization_traits27is_serialized_message_classIT_EE5valueEvE4typeESt10shared_ptrIS6_ERKNS0_11MessageInfoEEUlOSC_E_JRSt8functionIFvSH_EEEENSt15__invoke_resultISC_JDpT0_EE4typeESL_DpOSS_+0x3b)[0x5635d3b9a34e]
[lvdot_detector_main-6] /home/skbt2/lvdot_ros2_ws/install/lvdot_ros2/lib/lvdot_ros2/lvdot_detector_main(_ZNSt8__detail9__variant17__gen_vtable_implINS0_12_Multi_arrayIPFNS0_21__deduce_visit_resultIvEEOZN6rclcpp23AnySubscriptionCallbackIN13geometry_msgs3msg12PoseStamped_ISaIvEEESA_E8dispatchISB_EENSt9enable_ifIXntsrNS5_20serialization_traits27is_serialized_message_classIT_EE5valueEvE4typeESt10shared_ptrISB_ERKNS5_11MessageInfoEEUlOSH_E_RSt7variantIJSt8functionIFvRKSB_EESU_IFvSW_SP_EESU_IFvRKNS5_17SerializedMessageEEESU_IFvS13_SP_EESU_IFvSt10unique_ptrISB_St14default_deleteISB_EEEESU_IFvS1B_SP_EESU_IFvS18_IS11_S19_IS11_EEEESU_IFvS1H_SP_EESU_IFvSL_ISV_EEESU_IFvS1M_SP_EESU_IFvSL_IS12_EEESU_IFvS1R_SP_EESU_IFvRKS1M_EESU_IFvS1X_SP_EESU_IFvRKS1R_EESU_IFvS23_SP_EESU_IFvSM_EESU_IFvSM_SP_EESU_IFvSL_IS11_EEESU_IFvS2C_SP_EEEEEJEEESt16integer_sequenceImJLm16EEEE14__visit_invokeESS_S2I_+0x43)[0x5635d3b75f09]
[lvdot_detector_main-6] /home/skbt2/lvdot_ros2_ws/install/lvdot_ros2/lib/lvdot_ros2/lvdot_detector_main(_ZSt10__do_visitINSt8__detail9__variant21__deduce_visit_resultIvEEZN6rclcpp23AnySubscriptionCallbackIN13geometry_msgs3msg12PoseStamped_ISaIvEEES9_E8dispatchISA_EENSt9enable_ifIXntsrNS4_20serialization_traits27is_serialized_message_classIT_EE5valueEvE4typeESt10shared_ptrISA_ERKNS4_11MessageInfoEEUlOSG_E_JRSt7variantIJSt8functionIFvRKSA_EESS_IFvSU_SO_EESS_IFvRKNS4_17SerializedMessageEEESS_IFvS11_SO_EESS_IFvSt10unique_ptrISA_St14default_deleteISA_EEEESS_IFvS19_SO_EESS_IFvS16_ISZ_S17_ISZ_EEEESS_IFvS1F_SO_EESS_IFvSK_IST_EEESS_IFvS1K_SO_EESS_IFvSK_IS10_EEESS_IFvS1P_SO_EESS_IFvRKS1K_EESS_IFvS1V_SO_EESS_IFvRKS1P_EESS_IFvS21_SO_EESS_IFvSL_EESS_IFvSL_SO_EESS_IFvSK_ISZ_EEESS_IFvS2A_SO_EEEEEEDcOT0_DpOT1_+0x7e)[0x5635d3b7610f]
[lvdot_detector_main-6] /home/skbt2/lvdot_ros2_ws/install/lvdot_ros2/lib/lvdot_ros2/lvdot_detector_main(_ZSt5visitIZN6rclcpp23AnySubscriptionCallbackIN13geometry_msgs3msg12PoseStamped_ISaIvEEES5_E8dispatchIS6_EENSt9enable_ifIXntsrNS0_20serialization_traits27is_serialized_message_classIT_EE5valueEvE4typeESt10shared_ptrIS6_ERKNS0_11MessageInfoEEUlOSC_E_JRSt7variantIJSt8functionIFvRKS6_EESO_IFvSQ_SK_EESO_IFvRKNS0_17SerializedMessageEEESO_IFvSX_SK_EESO_IFvSt10unique_ptrIS6_St14default_deleteIS6_EEEESO_IFvS15_SK_EESO_IFvS12_ISV_S13_ISV_EEEESO_IFvS1B_SK_EESO_IFvSG_ISP_EEESO_IFvS1G_SK_EESO_IFvSG_ISW_EEESO_IFvS1L_SK_EESO_IFvRKS1G_EESO_IFvS1R_SK_EESO_IFvRKS1L_EESO_IFvS1X_SK_EESO_IFvSH_EESO_IFvSH_SK_EESO_IFvSG_ISV_EEESO_IFvS26_SK_EEEEEENSt13invoke_resultISC_JDpNSt13__conditionalIX21is_lvalue_reference_vIT0_EEE4typeIRNSt19variant_alternativeILm0ENSt16remove_referenceIDTcl4__ascl7declvalIS2F_EEEEE4typeEE4typeEOS2O_EEEE4typeESL_DpOS2F_+0x5d)[0x5635d3b76176]
[lvdot_detector_main-6] /home/skbt2/lvdot_ros2_ws/install/lvdot_ros2/lib/lvdot_ros2/lvdot_detector_main(_ZN6rclcpp23AnySubscriptionCallbackIN13geometry_msgs3msg12PoseStamped_ISaIvEEES4_E8dispatchIS5_EENSt9enable_ifIXntsrNS_20serialization_traits27is_serialized_message_classIT_EE5valueEvE4typeESt10shared_ptrIS5_ERKNS_11MessageInfoE+0xe8)[0x5635d3b6318a]
[lvdot_detector_main-6] /home/skbt2/lvdot_ros2_ws/install/lvdot_ros2/lib/lvdot_ros2/lvdot_detector_main(_ZN6rclcpp12SubscriptionIN13geometry_msgs3msg12PoseStamped_ISaIvEEES4_S5_S5_NS_23message_memory_strategy21MessageMemoryStrategyIS5_S4_EEE14handle_messageERSt10shared_ptrIvERKNS_11MessageInfoE+0xc7)[0x5635d3b4be33]
[lvdot_detector_main-6] /opt/ros/jazzy/lib/librclcpp.so(_ZN6rclcpp8Executor20execute_subscriptionESt10shared_ptrINS_16SubscriptionBaseEE+0x55b)[0x70a201b08bbb]
[lvdot_detector_main-6] /opt/ros/jazzy/lib/librclcpp.so(_ZN6rclcpp8Executor22execute_any_executableERNS_13AnyExecutableE+0xda)[0x70a201b092ea]
[lvdot_detector_main-6] /opt/ros/jazzy/lib/librclcpp.so(_ZN6rclcpp9executors21MultiThreadedExecutor3runEm+0x1b7)[0x70a201b1bd57]
[lvdot_detector_main-6] /opt/ros/jazzy/lib/librclcpp.so(_ZN6rclcpp9executors21MultiThreadedExecutor4spinEv+0x224)[0x70a201b1c074]
[lvdot_detector_main-6] /home/skbt2/lvdot_ros2_ws/install/lvdot_ros2/lib/lvdot_ros2/lvdot_detector_main(main+0x214)[0x5635d3995312]
[lvdot_detector_main-6] /lib/x86_64-linux-gnu/libc.so.6(+0x2a1ca)[0x70a20082a1ca]
[lvdot_detector_main-6] /lib/x86_64-linux-gnu/libc.so.6(__libc_start_main+0x8b)[0x70a20082a28b]
[lvdot_detector_main-6] /home/skbt2/lvdot_ros2_ws/install/lvdot_ros2/lib/lvdot_ros2/lvdot_detector_main(_start+0x25)[0x5635d3994ec5]
[lvdot_detector_main-6] === end backtrace ===
[ERROR] [lvdot_detector_main-6]: process has died [pid 682485, exit code -11, cmd '/home/skbt2/lvdot_ros2_ws/install/lvdot_ros2/lib/lvdot_ros2/lvdot_detector_main --ros-args -r __node:=lvdot_detector_node --params-file /home/skbt2/lvdot_ros2_ws/install/lvdot_bringup/share/lvdot_bringup/config/detector_param.yaml --params-file /tmp/launch_params_n8jvrm2e'].
[uav_trajectory_controller-4] [WARN] [1776858896.931340672] [uav_trajectory_controller]: SetEntityPose request timed out after 1.24s on /world/pedestrian_prototype/set_pose; dropping the pending request and retrying.
[uav_trajectory_controller-4] [WARN] [1776858899.816161899] [uav_trajectory_controller]: SetEntityPose request timed out after 0.50s on /world/pedestrian_prototype/set_pose; dropping the pending request and retrying.
[uav_trajectory_controller-4] [WARN] [1776858900.564046696] [uav_trajectory_controller]: SetEntityPose request timed out after 0.62s on /world/pedestrian_prototype/set_pose; dropping the pending request and retrying.
[uav_trajectory_controller-4] [WARN] [1776858901.314094380] [uav_trajectory_controller]: SetEntityPose request timed out after 0.62s on /world/pedestrian_prototype/set_pose; dropping the pending request and retrying.
[uav_trajectory_controller-4] [WARN] [1776858901.941111317] [uav_trajectory_controller]: SetEntityPose request timed out after 0.50s on /world/pedestrian_prototype/set_pose; dropping the pending request and retrying.
[uav_trajectory_controller-4] [WARN] [1776858904.064636127] [uav_trajectory_controller]: SetEntityPose request timed out after 0.58s on /world/pedestrian_prototype/set_pose; dropping the pending request and retrying.
[uav_trajectory_controller-4] [WARN] [1776858930.100687654] [uav_trajectory_controller]: SetEntityPose request timed out after 0.78s on /world/pedestrian_prototype/set_pose; dropping the pending request and retrying.
