[INFO] [launch]: All log files can be found below /home/skbt2/.ros/log/2026-04-22-23-00-09-977598-DESKTOP-90MQDL6-788991
[INFO] [launch]: Default logging verbosity is set to INFO
[INFO] [gazebo-1]: process started with pid [789069]
[INFO] [parameter_bridge-2]: process started with pid [789070]
[INFO] [pedestrian_state_publisher-3]: process started with pid [789071]
[INFO] [uav_trajectory_controller-4]: process started with pid [789072]
[INFO] [image_pointcloud_relay-5]: process started with pid [789073]
[INFO] [lvdot_detector_main-6]: process started with pid [789074]
[parameter_bridge-2] [INFO] [1776870010.658455040] [ros_gz_bridge]: Creating GZ->ROS Bridge: [/rgbd_camera/image (gz.msgs.Image) -> /rgbd_camera/image (sensor_msgs/msg/Image)] (Lazy 0)
[parameter_bridge-2] [INFO] [1776870010.665191203] [ros_gz_bridge]: Creating GZ->ROS Bridge: [/rgbd_camera/camera_info (gz.msgs.CameraInfo) -> /rgbd_camera/camera_info (sensor_msgs/msg/CameraInfo)] (Lazy 0)
[parameter_bridge-2] [INFO] [1776870010.667652826] [ros_gz_bridge]: Creating GZ->ROS Bridge: [/rgbd_camera/depth_image (gz.msgs.Image) -> /rgbd_camera/depth_image (sensor_msgs/msg/Image)] (Lazy 0)
[parameter_bridge-2] [INFO] [1776870010.669209141] [ros_gz_bridge]: Creating GZ->ROS Bridge: [/rgbd_camera/points (gz.msgs.PointCloudPacked) -> /rgbd_camera/points (sensor_msgs/msg/PointCloud2)] (Lazy 0)
[parameter_bridge-2] [INFO] [1776870010.672120468] [ros_gz_bridge]: Creating GZ->ROS Bridge: [/camera/imu (gz.msgs.IMU) -> /camera/imu (sensor_msgs/msg/Imu)] (Lazy 0)
[parameter_bridge-2] [INFO] [1776870010.676595910] [ros_gz_bridge]: Creating ROS->GZ service bridge [/world/pedestrian_prototype/set_pose (ros_gz_interfaces/srv/SetEntityPose -> /)]
[parameter_bridge-2] [INFO] [1776870010.679942441] [ros_gz_bridge]: Creating ROS->GZ service bridge [/world/pedestrian_prototype/set_pose/blocking (ros_gz_interfaces/srv/SetEntityPose -> /)]
[lvdot_detector_main-6] [INFO] [1776870011.387949168] [lvdot_detector_node]: Config loaded: localization_mode=0 dt=0.033 image=640x480 depth_range=[0.20, 12.00] stage_timers=true
[lvdot_detector_main-6] [INFO] [1776870011.663230344] [lvdot_detector_node]: LV-DOT ROS2 skeleton started. depth=/camera/depth/image_rect_raw color=/camera/color/image_raw lidar=/rgbd_camera/points pose=/mavros/local_position/pose odom=/mavros/local_position/odom yolo=/yolo_detector/detected_bounding_boxes
[lvdot_detector_main-6] [INFO] [1776870013.672003662] [lvdot_detector_node]: Input health: depth=0 color=1 lidar=0 pose=63 odom=63 yolo=0 depth_pose_sync=0 lidar_pose_sync=0 depth_odom_sync=0 lidar_odom_sync=0
[lvdot_detector_main-6] [INFO] [1776870013.672359156] [lvdot_detector_node]: Stage timers: detection=60 lidar_detection=60 tracking=60 classification=60 vis=60
[lvdot_detector_main-6] [INFO] [1776870013.672384171] [lvdot_detector_node]: Processing phases: detection=waiting_depth lidar_detection=waiting_new_lidar tracking=waiting_filtered_bboxes classification=idle
[lvdot_detector_main-6] [INFO] [1776870013.672394736] [lvdot_detector_node]: Pipeline stats: depth_samples=0/0 u_map=0 depth_boxes=0 u_map_merge=0 u_map_db=0 u_map_visual=0 u_map_fused=0 u_map_filtered=0 lidar_samples=0/0 uv=0 db=0 lidar=0 fused=0 filtered=0 tracks=0 dynamic=0 dyn_points=0 raw_dyn_points=0 service=0/0 split=0->0 (0 outputs) fusion_components=0 visual_only=0 lidar_only=0 fixed_size=0 size_reject=0
[gazebo-1] [INFO] [1776870015.329321179] [pedestrian_pose_sync_system]: Configured pedestrian pose sync plugin on topic [/pedestrian_sim/agent_states] for 8 models.
[uav_trajectory_controller-4] [WARN] [1776870017.034605141] [uav_trajectory_controller]: SetEntityPose request timed out after 0.60s on /world/pedestrian_prototype/set_pose/blocking; dropping the pending request and retrying.
[uav_trajectory_controller-4] [WARN] [1776870017.035770190] [uav_trajectory_controller]: Falling back from /world/pedestrian_prototype/set_pose/blocking to /world/pedestrian_prototype/set_pose.
[lvdot_detector_main-6] [INFO] [1776870019.666001943] [lvdot_detector_node]: Input health: depth=10 color=15 lidar=0 pose=297 odom=297 yolo=4 depth_pose_sync=0 lidar_pose_sync=0 depth_odom_sync=0 lidar_odom_sync=0
[lvdot_detector_main-6] [INFO] [1776870019.666152134] [lvdot_detector_node]: Stage timers: detection=97 lidar_detection=239 tracking=238 classification=240 vis=192
[lvdot_detector_main-6] [INFO] [1776870019.666179043] [lvdot_detector_node]: Processing phases: detection=run_core lidar_detection=waiting_new_lidar tracking=waiting_filtered_bboxes classification=idle
[lvdot_detector_main-6] [INFO] [1776870019.666189507] [lvdot_detector_node]: Pipeline stats: depth_samples=128/71300 u_map=0 depth_boxes=0 u_map_merge=0 u_map_db=0 u_map_visual=0 u_map_fused=0 u_map_filtered=0 lidar_samples=0/0 uv=0 db=3 lidar=0 fused=0 filtered=0 tracks=0 dynamic=0 dyn_points=0 raw_dyn_points=0 service=0/0 split=0->0 (0 outputs) fusion_components=0 visual_only=0 lidar_only=0 fixed_size=0 size_reject=0
[lvdot_detector_main-6] [INFO] [1776870025.684948613] [lvdot_detector_node]: Input health: depth=21 color=22 lidar=0 pose=578 odom=578 yolo=8 depth_pose_sync=0 lidar_pose_sync=0 depth_odom_sync=0 lidar_odom_sync=0
[lvdot_detector_main-6] [INFO] [1776870025.685031113] [lvdot_detector_node]: Stage timers: detection=101 lidar_detection=412 tracking=410 classification=407 vis=335
[lvdot_detector_main-6] [INFO] [1776870025.685047914] [lvdot_detector_node]: Processing phases: detection=run_core lidar_detection=waiting_new_lidar tracking=waiting_filtered_bboxes classification=idle
[lvdot_detector_main-6] [INFO] [1776870025.685059814] [lvdot_detector_node]: Pipeline stats: depth_samples=84/71300 u_map=2 depth_boxes=0 u_map_merge=0 u_map_db=0 u_map_visual=0 u_map_fused=0 u_map_filtered=0 lidar_samples=0/0 uv=0 db=1 lidar=0 fused=0 filtered=0 tracks=0 dynamic=0 dyn_points=0 raw_dyn_points=0 service=0/0 split=0->0 (0 outputs) fusion_components=0 visual_only=0 lidar_only=0 fixed_size=0 size_reject=0
[lvdot_detector_main-6] [INFO] [1776870031.669919001] [lvdot_detector_node]: Input health: depth=40 color=28 lidar=0 pose=860 odom=861 yolo=9 depth_pose_sync=0 lidar_pose_sync=0 depth_odom_sync=0 lidar_odom_sync=0
[lvdot_detector_main-6] [INFO] [1776870031.669979198] [lvdot_detector_node]: Stage timers: detection=105 lidar_detection=582 tracking=575 classification=574 vis=466
[lvdot_detector_main-6] [INFO] [1776870031.669989551] [lvdot_detector_node]: Processing phases: detection=run_core lidar_detection=snapshot tracking=waiting_filtered_bboxes classification=idle
[lvdot_detector_main-6] [INFO] [1776870031.669999040] [lvdot_detector_node]: Pipeline stats: depth_samples=182/71300 u_map=3 depth_boxes=0 u_map_merge=0 u_map_db=0 u_map_visual=0 u_map_fused=0 u_map_filtered=0 lidar_samples=0/0 uv=0 db=1 lidar=0 fused=0 filtered=0 tracks=0 dynamic=0 dyn_points=0 raw_dyn_points=0 service=0/0 split=0->0 (0 outputs) fusion_components=0 visual_only=0 lidar_only=0 fixed_size=0 size_reject=0
[lvdot_detector_main-6] [INFO] [1776870037.686562522] [lvdot_detector_node]: Input health: depth=53 color=45 lidar=0 pose=1139 odom=1140 yolo=13 depth_pose_sync=0 lidar_pose_sync=0 depth_odom_sync=0 lidar_odom_sync=0
[lvdot_detector_main-6] [INFO] [1776870037.686627673] [lvdot_detector_node]: Stage timers: detection=109 lidar_detection=744 tracking=737 classification=730 vis=579
[lvdot_detector_main-6] [INFO] [1776870037.686640087] [lvdot_detector_node]: Processing phases: detection=run_core lidar_detection=waiting_new_lidar tracking=waiting_filtered_bboxes classification=idle
[lvdot_detector_main-6] [INFO] [1776870037.686650416] [lvdot_detector_node]: Pipeline stats: depth_samples=130/71300 u_map=2 depth_boxes=0 u_map_merge=0 u_map_db=0 u_map_visual=0 u_map_fused=0 u_map_filtered=0 lidar_samples=0/0 uv=0 db=1 lidar=0 fused=0 filtered=0 tracks=0 dynamic=0 dyn_points=0 raw_dyn_points=0 service=0/0 split=0->0 (0 outputs) fusion_components=0 visual_only=0 lidar_only=0 fixed_size=0 size_reject=0
[uav_trajectory_controller-4] [WARN] [1776870041.526501100] [uav_trajectory_controller]: SetEntityPose request timed out after 0.62s on /world/pedestrian_prototype/set_pose; dropping the pending request and retrying.
[lvdot_detector_main-6] [INFO] [1776870044.294713816] [lvdot_detector_node]: Input health: depth=64 color=71 lidar=0 pose=1378 odom=1379 yolo=16 depth_pose_sync=0 lidar_pose_sync=0 depth_odom_sync=0 lidar_odom_sync=0
[lvdot_detector_main-6] [INFO] [1776870044.294799227] [lvdot_detector_node]: Stage timers: detection=112 lidar_detection=907 tracking=891 classification=877 vis=677
[lvdot_detector_main-6] [INFO] [1776870044.294815614] [lvdot_detector_node]: Processing phases: detection=run_core lidar_detection=waiting_new_lidar tracking=waiting_filtered_bboxes classification=idle
[lvdot_detector_main-6] [INFO] [1776870044.294827830] [lvdot_detector_node]: Pipeline stats: depth_samples=125/71300 u_map=2 depth_boxes=0 u_map_merge=0 u_map_db=0 u_map_visual=0 u_map_fused=0 u_map_filtered=0 lidar_samples=0/0 uv=0 db=2 lidar=0 fused=0 filtered=0 tracks=0 dynamic=0 dyn_points=0 raw_dyn_points=0 service=0/0 split=0->0 (0 outputs) fusion_components=0 visual_only=0 lidar_only=0 fixed_size=0 size_reject=0
[lvdot_detector_main-6] [INFO] [1776870050.295267867] [lvdot_detector_node]: Input health: depth=73 color=97 lidar=0 pose=1642 odom=1643 yolo=20 depth_pose_sync=0 lidar_pose_sync=0 depth_odom_sync=0 lidar_odom_sync=0
[lvdot_detector_main-6] [INFO] [1776870050.295327459] [lvdot_detector_node]: Stage timers: detection=115 lidar_detection=1069 tracking=1049 classification=1040 vis=774
[lvdot_detector_main-6] [INFO] [1776870050.295337827] [lvdot_detector_node]: Processing phases: detection=run_core lidar_detection=snapshot tracking=waiting_filtered_bboxes classification=idle
[lvdot_detector_main-6] [INFO] [1776870050.295346741] [lvdot_detector_node]: Pipeline stats: depth_samples=110/71300 u_map=4 depth_boxes=0 u_map_merge=0 u_map_db=0 u_map_visual=0 u_map_fused=0 u_map_filtered=0 lidar_samples=0/0 uv=0 db=1 lidar=0 fused=0 filtered=0 tracks=0 dynamic=0 dyn_points=0 raw_dyn_points=0 service=0/0 split=0->0 (0 outputs) fusion_components=0 visual_only=0 lidar_only=0 fixed_size=0 size_reject=0
[lvdot_detector_main-6] [INFO] [1776870056.308163215] [lvdot_detector_node]: Input health: depth=82 color=112 lidar=0 pose=1894 odom=1896 yolo=21 depth_pose_sync=0 lidar_pose_sync=0 depth_odom_sync=0 lidar_odom_sync=0
[lvdot_detector_main-6] [INFO] [1776870056.308226190] [lvdot_detector_node]: Stage timers: detection=119 lidar_detection=1219 tracking=1203 classification=1186 vis=873
[lvdot_detector_main-6] [INFO] [1776870056.308240280] [lvdot_detector_node]: Processing phases: detection=run_core lidar_detection=waiting_new_lidar tracking=waiting_filtered_bboxes classification=idle
[lvdot_detector_main-6] [INFO] [1776870056.308253125] [lvdot_detector_node]: Pipeline stats: depth_samples=114/71300 u_map=2 depth_boxes=0 u_map_merge=0 u_map_db=0 u_map_visual=0 u_map_fused=0 u_map_filtered=0 lidar_samples=0/0 uv=0 db=2 lidar=0 fused=0 filtered=0 tracks=0 dynamic=0 dyn_points=0 raw_dyn_points=0 service=0/0 split=0->0 (0 outputs) fusion_components=0 visual_only=0 lidar_only=0 fixed_size=0 size_reject=0
[lvdot_detector_main-6] [INFO] [1776870062.289739553] [lvdot_detector_node]: Input health: depth=100 color=140 lidar=0 pose=2164 odom=2166 yolo=25 depth_pose_sync=0 lidar_pose_sync=0 depth_odom_sync=0 lidar_odom_sync=0
[lvdot_detector_main-6] [INFO] [1776870062.289825094] [lvdot_detector_node]: Stage timers: detection=122 lidar_detection=1378 tracking=1365 classification=1344 vis=982
[lvdot_detector_main-6] [INFO] [1776870062.289840522] [lvdot_detector_node]: Processing phases: detection=run_core lidar_detection=snapshot tracking=waiting_filtered_bboxes classification=idle
[lvdot_detector_main-6] [INFO] [1776870062.289853180] [lvdot_detector_node]: Pipeline stats: depth_samples=114/71300 u_map=2 depth_boxes=0 u_map_merge=0 u_map_db=0 u_map_visual=0 u_map_fused=0 u_map_filtered=0 lidar_samples=0/0 uv=0 db=2 lidar=0 fused=0 filtered=0 tracks=0 dynamic=0 dyn_points=0 raw_dyn_points=0 service=0/0 split=0->0 (0 outputs) fusion_components=0 visual_only=0 lidar_only=0 fixed_size=0 size_reject=0
[lvdot_detector_main-6] [INFO] [1776870068.293990188] [lvdot_detector_node]: Input health: depth=109 color=170 lidar=0 pose=2445 odom=2448 yolo=29 depth_pose_sync=0 lidar_pose_sync=0 depth_odom_sync=0 lidar_odom_sync=0
[lvdot_detector_main-6] [INFO] [1776870068.297063460] [lvdot_detector_node]: Stage timers: detection=127 lidar_detection=1554 tracking=1539 classification=1518 vis=1139
[lvdot_detector_main-6] [INFO] [1776870068.297083931] [lvdot_detector_node]: Processing phases: detection=run_core lidar_detection=waiting_new_lidar tracking=waiting_filtered_bboxes classification=idle
[lvdot_detector_main-6] [INFO] [1776870068.297094117] [lvdot_detector_node]: Pipeline stats: depth_samples=130/71300 u_map=2 depth_boxes=0 u_map_merge=0 u_map_db=0 u_map_visual=0 u_map_fused=0 u_map_filtered=0 lidar_samples=0/0 uv=0 db=1 lidar=0 fused=0 filtered=0 tracks=0 dynamic=0 dyn_points=0 raw_dyn_points=0 service=0/0 split=0->0 (0 outputs) fusion_components=0 visual_only=0 lidar_only=0 fixed_size=0 size_reject=0
[lvdot_detector_main-6] [INFO] [1776870074.916246261] [lvdot_detector_node]: Input health: depth=116 color=186 lidar=0 pose=2734 odom=2737 yolo=35 depth_pose_sync=0 lidar_pose_sync=0 depth_odom_sync=0 lidar_odom_sync=0
[lvdot_detector_main-6] [INFO] [1776870074.916345302] [lvdot_detector_node]: Stage timers: detection=132 lidar_detection=1732 tracking=1714 classification=1693 vis=1283
[lvdot_detector_main-6] [INFO] [1776870074.916358143] [lvdot_detector_node]: Processing phases: detection=snapshot lidar_detection=waiting_new_lidar tracking=waiting_filtered_bboxes classification=idle
[lvdot_detector_main-6] [INFO] [1776870074.916367599] [lvdot_detector_node]: Pipeline stats: depth_samples=105/71300 u_map=6 depth_boxes=0 u_map_merge=0 u_map_db=0 u_map_visual=0 u_map_fused=0 u_map_filtered=0 lidar_samples=0/0 uv=0 db=1 lidar=0 fused=0 filtered=0 tracks=0 dynamic=0 dyn_points=0 raw_dyn_points=0 service=0/0 split=0->0 (0 outputs) fusion_components=0 visual_only=0 lidar_only=0 fixed_size=0 size_reject=0
[lvdot_detector_main-6] [INFO] [1776870080.914330637] [lvdot_detector_node]: Input health: depth=121 color=206 lidar=0 pose=3021 odom=3024 yolo=39 depth_pose_sync=0 lidar_pose_sync=0 depth_odom_sync=0 lidar_odom_sync=0
[lvdot_detector_main-6] [INFO] [1776870080.914395771] [lvdot_detector_node]: Stage timers: detection=136 lidar_detection=1910 tracking=1893 classification=1873 vis=1439
[lvdot_detector_main-6] [INFO] [1776870080.914407905] [lvdot_detector_node]: Processing phases: detection=run_core lidar_detection=waiting_new_lidar tracking=waiting_filtered_bboxes classification=idle
[lvdot_detector_main-6] [INFO] [1776870080.914418098] [lvdot_detector_node]: Pipeline stats: depth_samples=128/71300 u_map=2 depth_boxes=0 u_map_merge=0 u_map_db=0 u_map_visual=0 u_map_fused=0 u_map_filtered=0 lidar_samples=0/0 uv=0 db=3 lidar=0 fused=0 filtered=0 tracks=0 dynamic=0 dyn_points=0 raw_dyn_points=0 service=0/0 split=0->0 (0 outputs) fusion_components=0 visual_only=0 lidar_only=0 fixed_size=0 size_reject=0
[lvdot_detector_main-6] [INFO] [1776870086.905777632] [lvdot_detector_node]: Input health: depth=139 color=234 lidar=0 pose=3299 odom=3302 yolo=43 depth_pose_sync=0 lidar_pose_sync=0 depth_odom_sync=0 lidar_odom_sync=0
[lvdot_detector_main-6] [INFO] [1776870086.906123548] [lvdot_detector_node]: Stage timers: detection=141 lidar_detection=2083 tracking=2066 classification=2047 vis=1594
[lvdot_detector_main-6] [INFO] [1776870086.906150089] [lvdot_detector_node]: Processing phases: detection=run_core lidar_detection=waiting_new_lidar tracking=waiting_filtered_bboxes classification=idle
[lvdot_detector_main-6] [INFO] [1776870086.906161506] [lvdot_detector_node]: Pipeline stats: depth_samples=105/71300 u_map=3 depth_boxes=0 u_map_merge=0 u_map_db=0 u_map_visual=0 u_map_fused=0 u_map_filtered=0 lidar_samples=0/0 uv=0 db=1 lidar=0 fused=0 filtered=0 tracks=0 dynamic=0 dyn_points=0 raw_dyn_points=0 service=0/0 split=0->0 (0 outputs) fusion_components=0 visual_only=0 lidar_only=0 fixed_size=0 size_reject=0
[lvdot_detector_main-6] [INFO] [1776870092.922778453] [lvdot_detector_node]: Input health: depth=147 color=253 lidar=0 pose=3588 odom=3591 yolo=47 depth_pose_sync=0 lidar_pose_sync=0 depth_odom_sync=0 lidar_odom_sync=0
[lvdot_detector_main-6] [INFO] [1776870092.922847154] [lvdot_detector_node]: Stage timers: detection=146 lidar_detection=2263 tracking=2243 classification=2229 vis=1752
[lvdot_detector_main-6] [INFO] [1776870092.922858354] [lvdot_detector_node]: Processing phases: detection=run_core lidar_detection=waiting_new_lidar tracking=waiting_filtered_bboxes classification=idle
[lvdot_detector_main-6] [INFO] [1776870092.922867354] [lvdot_detector_node]: Pipeline stats: depth_samples=105/71300 u_map=0 depth_boxes=0 u_map_merge=0 u_map_db=0 u_map_visual=0 u_map_fused=0 u_map_filtered=0 lidar_samples=0/0 uv=0 db=0 lidar=0 fused=0 filtered=0 tracks=0 dynamic=0 dyn_points=0 raw_dyn_points=0 service=0/0 split=0->0 (0 outputs) fusion_components=0 visual_only=0 lidar_only=0 fixed_size=0 size_reject=0
[lvdot_detector_main-6] [INFO] [1776870098.909762745] [lvdot_detector_node]: Input health: depth=158 color=269 lidar=0 pose=3869 odom=3872 yolo=51 depth_pose_sync=0 lidar_pose_sync=0 depth_odom_sync=0 lidar_odom_sync=0
[lvdot_detector_main-6] [INFO] [1776870098.910318334] [lvdot_detector_node]: Stage timers: detection=151 lidar_detection=2434 tracking=2424 classification=2404 vis=1905
[lvdot_detector_main-6] [INFO] [1776870098.910341108] [lvdot_detector_node]: Processing phases: detection=run_core lidar_detection=waiting_new_lidar tracking=snapshot classification=idle
[lvdot_detector_main-6] [INFO] [1776870098.910354163] [lvdot_detector_node]: Pipeline stats: depth_samples=193/71300 u_map=3 depth_boxes=0 u_map_merge=0 u_map_db=0 u_map_visual=0 u_map_fused=0 u_map_filtered=0 lidar_samples=0/0 uv=0 db=2 lidar=0 fused=0 filtered=0 tracks=0 dynamic=0 dyn_points=0 raw_dyn_points=0 service=0/0 split=0->0 (0 outputs) fusion_components=0 visual_only=0 lidar_only=0 fixed_size=0 size_reject=0
[lvdot_detector_main-6] [INFO] [1776870104.906472331] [lvdot_detector_node]: Input health: depth=167 color=290 lidar=0 pose=4152 odom=4155 yolo=57 depth_pose_sync=0 lidar_pose_sync=0 depth_odom_sync=0 lidar_odom_sync=0
[lvdot_detector_main-6] [INFO] [1776870104.906536427] [lvdot_detector_node]: Stage timers: detection=155 lidar_detection=2614 tracking=2600 classification=2579 vis=2062
[lvdot_detector_main-6] [INFO] [1776870104.907023400] [lvdot_detector_node]: Processing phases: detection=run_core lidar_detection=waiting_new_lidar tracking=waiting_filtered_bboxes classification=idle
[lvdot_detector_main-6] [INFO] [1776870104.907038740] [lvdot_detector_node]: Pipeline stats: depth_samples=137/71300 u_map=3 depth_boxes=0 u_map_merge=0 u_map_db=0 u_map_visual=0 u_map_fused=0 u_map_filtered=0 lidar_samples=0/0 uv=0 db=1 lidar=0 fused=0 filtered=0 tracks=0 dynamic=0 dyn_points=0 raw_dyn_points=0 service=0/0 split=0->0 (0 outputs) fusion_components=0 visual_only=0 lidar_only=0 fixed_size=0 size_reject=0
[lvdot_detector_main-6] [INFO] [1776870111.509279194] [lvdot_detector_node]: Input health: depth=179 color=313 lidar=2 pose=4431 odom=4434 yolo=61 depth_pose_sync=0 lidar_pose_sync=0 depth_odom_sync=0 lidar_odom_sync=0
[lvdot_detector_main-6] [INFO] [1776870111.509355384] [lvdot_detector_node]: Stage timers: detection=159 lidar_detection=2683 tracking=2775 classification=2756 vis=2212
[lvdot_detector_main-6] [INFO] [1776870111.509381444] [lvdot_detector_node]: Processing phases: detection=run_core lidar_detection=run_lidar_detector/dbscan tracking=waiting_filtered_bboxes classification=idle
[lvdot_detector_main-6] [INFO] [1776870111.509403998] [lvdot_detector_node]: Pipeline stats: depth_samples=128/71300 u_map=4 depth_boxes=0 u_map_merge=0 u_map_db=0 u_map_visual=0 u_map_fused=0 u_map_filtered=0 lidar_samples=0/0 uv=0 db=3 lidar=0 fused=0 filtered=0 tracks=0 dynamic=0 dyn_points=0 raw_dyn_points=0 service=0/0 split=0->0 (0 outputs) fusion_components=0 visual_only=0 lidar_only=0 fixed_size=0 size_reject=0
[lvdot_detector_main-6] [INFO] [1776870117.498979922] [lvdot_detector_node]: Input health: depth=191 color=334 lidar=3 pose=4715 odom=4718 yolo=66 depth_pose_sync=0 lidar_pose_sync=0 depth_odom_sync=0 lidar_odom_sync=0
[lvdot_detector_main-6] [INFO] [1776870117.504574574] [lvdot_detector_node]: Stage timers: detection=164 lidar_detection=2684 tracking=2947 classification=2930 vis=2366
[lvdot_detector_main-6] [INFO] [1776870117.504603075] [lvdot_detector_node]: Processing phases: detection=run_core lidar_detection=run_lidar_detector/dbscan tracking=waiting_filtered_bboxes classification=idle
[lvdot_detector_main-6] [INFO] [1776870117.504616775] [lvdot_detector_node]: Pipeline stats: depth_samples=130/71300 u_map=3 depth_boxes=0 u_map_merge=0 u_map_db=0 u_map_visual=0 u_map_fused=0 u_map_filtered=0 lidar_samples=2318/106830 uv=0 db=1 lidar=0 fused=2 filtered=2 tracks=0 dynamic=0 dyn_points=0 raw_dyn_points=0 service=0/0 split=2->0 (2 outputs) fusion_components=2 visual_only=2 lidar_only=0 fixed_size=0 size_reject=0
[lvdot_detector_main-6] [INFO] [1776870123.520668252] [lvdot_detector_node]: Input health: depth=199 color=356 lidar=3 pose=4957 odom=4962 yolo=70 depth_pose_sync=0 lidar_pose_sync=0 depth_odom_sync=0 lidar_odom_sync=0
[lvdot_detector_main-6] [INFO] [1776870123.520746853] [lvdot_detector_node]: Stage timers: detection=168 lidar_detection=2698 tracking=3108 classification=3086 vis=2494
[lvdot_detector_main-6] [INFO] [1776870123.520762753] [lvdot_detector_node]: Processing phases: detection=run_core lidar_detection=snapshot tracking=idle classification=idle
[lvdot_detector_main-6] [INFO] [1776870123.520776953] [lvdot_detector_node]: Pipeline stats: depth_samples=111/71300 u_map=3 depth_boxes=0 u_map_merge=0 u_map_db=0 u_map_visual=0 u_map_fused=0 u_map_filtered=0 lidar_samples=1516/203939 uv=0 db=1 lidar=1 fused=1 filtered=1 tracks=1 dynamic=0 dyn_points=0 raw_dyn_points=0 service=0/0 split=1->0 (1 outputs) fusion_components=1 visual_only=0 lidar_only=1 fixed_size=1 size_reject=0
[lvdot_detector_main-6] [INFO] [1776870129.508394400] [lvdot_detector_node]: Input health: depth=211 color=373 lidar=3 pose=5237 odom=5244 yolo=74 depth_pose_sync=0 lidar_pose_sync=0 depth_odom_sync=0 lidar_odom_sync=0
[lvdot_detector_main-6] [INFO] [1776870129.508477367] [lvdot_detector_node]: Stage timers: detection=173 lidar_detection=2875 tracking=3284 classification=3257 vis=2648
[lvdot_detector_main-6] [INFO] [1776870129.508500501] [lvdot_detector_node]: Processing phases: detection=run_core lidar_detection=waiting_new_lidar tracking=waiting_filtered_bboxes classification=idle
[lvdot_detector_main-6] [INFO] [1776870129.508516118] [lvdot_detector_node]: Pipeline stats: depth_samples=105/71300 u_map=1 depth_boxes=0 u_map_merge=0 u_map_db=0 u_map_visual=0 u_map_fused=0 u_map_filtered=0 lidar_samples=1516/203939 uv=0 db=1 lidar=1 fused=1 filtered=1 tracks=0 dynamic=0 dyn_points=0 raw_dyn_points=0 service=0/0 split=1->0 (1 outputs) fusion_components=1 visual_only=0 lidar_only=1 fixed_size=0 size_reject=0
[lvdot_detector_main-6] [INFO] [1776870135.500525471] [lvdot_detector_node]: Input health: depth=216 color=395 lidar=3 pose=5524 odom=5530 yolo=79 depth_pose_sync=0 lidar_pose_sync=0 depth_odom_sync=0 lidar_odom_sync=0
[lvdot_detector_main-6] [INFO] [1776870135.500588995] [lvdot_detector_node]: Stage timers: detection=178 lidar_detection=3053 tracking=3462 classification=3433 vis=2811
[lvdot_detector_main-6] [INFO] [1776870135.500600338] [lvdot_detector_node]: Processing phases: detection=run_core lidar_detection=waiting_new_lidar tracking=waiting_filtered_bboxes classification=idle
[lvdot_detector_main-6] [INFO] [1776870135.500609512] [lvdot_detector_node]: Pipeline stats: depth_samples=110/71300 u_map=2 depth_boxes=0 u_map_merge=0 u_map_db=0 u_map_visual=0 u_map_fused=0 u_map_filtered=0 lidar_samples=1516/203939 uv=0 db=1 lidar=1 fused=1 filtered=1 tracks=0 dynamic=0 dyn_points=0 raw_dyn_points=0 service=0/0 split=1->0 (1 outputs) fusion_components=1 visual_only=0 lidar_only=1 fixed_size=0 size_reject=0
[lvdot_detector_main-6] [INFO] [1776870142.169330941] [lvdot_detector_node]: Input health: depth=224 color=414 lidar=4 pose=5813 odom=5819 yolo=84 depth_pose_sync=0 lidar_pose_sync=0 depth_odom_sync=0 lidar_odom_sync=0
[lvdot_detector_main-6] [INFO] [1776870142.169946751] [lvdot_detector_node]: Stage timers: detection=182 lidar_detection=3099 tracking=3640 classification=3612 vis=2961
[lvdot_detector_main-6] [INFO] [1776870142.169965098] [lvdot_detector_node]: Processing phases: detection=run_core lidar_detection=run_lidar_detector/dbscan tracking=waiting_filtered_bboxes classification=idle
[lvdot_detector_main-6] [INFO] [1776870142.169976146] [lvdot_detector_node]: Pipeline stats: depth_samples=193/71300 u_map=4 depth_boxes=0 u_map_merge=0 u_map_db=0 u_map_visual=0 u_map_fused=0 u_map_filtered=0 lidar_samples=1516/203939 uv=0 db=2 lidar=1 fused=1 filtered=1 tracks=0 dynamic=0 dyn_points=0 raw_dyn_points=0 service=0/0 split=1->0 (1 outputs) fusion_components=1 visual_only=0 lidar_only=1 fixed_size=0 size_reject=0
[lvdot_detector_main-6] [INFO] [1776870148.190238045] [lvdot_detector_node]: Input health: depth=239 color=446 lidar=4 pose=6075 odom=6084 yolo=88 depth_pose_sync=0 lidar_pose_sync=0 depth_odom_sync=0 lidar_odom_sync=0
[lvdot_detector_main-6] [INFO] [1776870148.190322600] [lvdot_detector_node]: Stage timers: detection=187 lidar_detection=3230 tracking=3809 classification=3783 vis=3106
[lvdot_detector_main-6] [INFO] [1776870148.190340288] [lvdot_detector_node]: Processing phases: detection=run_core lidar_detection=waiting_new_lidar tracking=waiting_filtered_bboxes classification=idle
[lvdot_detector_main-6] [INFO] [1776870148.190352145] [lvdot_detector_node]: Pipeline stats: depth_samples=114/71300 u_map=0 depth_boxes=0 u_map_merge=0 u_map_db=0 u_map_visual=0 u_map_fused=0 u_map_filtered=0 lidar_samples=2318/123560 uv=0 db=2 lidar=0 fused=0 filtered=0 tracks=0 dynamic=0 dyn_points=0 raw_dyn_points=0 service=0/0 split=0->0 (0 outputs) fusion_components=0 visual_only=0 lidar_only=0 fixed_size=0 size_reject=0
[lvdot_detector_main-6] [INFO] [1776870154.182048756] [lvdot_detector_node]: Input health: depth=249 color=478 lidar=4 pose=6369 odom=6378 yolo=92 depth_pose_sync=0 lidar_pose_sync=0 depth_odom_sync=0 lidar_odom_sync=0
[lvdot_detector_main-6] [INFO] [1776870154.182130083] [lvdot_detector_node]: Stage timers: detection=191 lidar_detection=3409 tracking=3988 classification=3965 vis=3261
[lvdot_detector_main-6] [INFO] [1776870154.182140939] [lvdot_detector_node]: Processing phases: detection=run_core lidar_detection=waiting_new_lidar tracking=waiting_filtered_bboxes classification=idle
[lvdot_detector_main-6] [INFO] [1776870154.182150177] [lvdot_detector_node]: Pipeline stats: depth_samples=128/71300 u_map=2 depth_boxes=0 u_map_merge=0 u_map_db=0 u_map_visual=0 u_map_fused=0 u_map_filtered=0 lidar_samples=2318/123560 uv=0 db=3 lidar=0 fused=0 filtered=0 tracks=0 dynamic=0 dyn_points=0 raw_dyn_points=0 service=0/0 split=0->0 (0 outputs) fusion_components=0 visual_only=0 lidar_only=0 fixed_size=0 size_reject=0
[lvdot_detector_main-6] [INFO] [1776870160.169098693] [lvdot_detector_node]: Input health: depth=271 color=514 lidar=4 pose=6643 odom=6652 yolo=96 depth_pose_sync=0 lidar_pose_sync=0 depth_odom_sync=0 lidar_odom_sync=0
[lvdot_detector_main-6] [INFO] [1776870160.172205969] [lvdot_detector_node]: Stage timers: detection=195 lidar_detection=3583 tracking=4165 classification=4138 vis=3415
[lvdot_detector_main-6] [INFO] [1776870160.172517943] [lvdot_detector_node]: Processing phases: detection=run_core lidar_detection=waiting_new_lidar tracking=snapshot classification=idle
[lvdot_detector_main-6] [INFO] [1776870160.172689007] [lvdot_detector_node]: Pipeline stats: depth_samples=125/71300 u_map=0 depth_boxes=0 u_map_merge=0 u_map_db=0 u_map_visual=0 u_map_fused=0 u_map_filtered=0 lidar_samples=2318/123560 uv=0 db=2 lidar=0 fused=0 filtered=0 tracks=0 dynamic=0 dyn_points=0 raw_dyn_points=0 service=0/0 split=0->0 (0 outputs) fusion_components=0 visual_only=0 lidar_only=0 fixed_size=0 size_reject=0
[lvdot_detector_main-6] [INFO] [1776870166.176074402] [lvdot_detector_node]: Input health: depth=285 color=552 lidar=4 pose=6923 odom=6932 yolo=101 depth_pose_sync=0 lidar_pose_sync=0 depth_odom_sync=0 lidar_odom_sync=0
[lvdot_detector_main-6] [INFO] [1776870166.176138803] [lvdot_detector_node]: Stage timers: detection=200 lidar_detection=3758 tracking=4342 classification=4316 vis=3562
[lvdot_detector_main-6] [INFO] [1776870166.176151703] [lvdot_detector_node]: Processing phases: detection=run_core lidar_detection=waiting_new_lidar tracking=waiting_filtered_bboxes classification=snapshot
[lvdot_detector_main-6] [INFO] [1776870166.176176103] [lvdot_detector_node]: Pipeline stats: depth_samples=105/71300 u_map=3 depth_boxes=0 u_map_merge=0 u_map_db=0 u_map_visual=0 u_map_fused=0 u_map_filtered=0 lidar_samples=2318/123560 uv=0 db=1 lidar=0 fused=0 filtered=0 tracks=0 dynamic=0 dyn_points=0 raw_dyn_points=0 service=0/0 split=0->0 (0 outputs) fusion_components=0 visual_only=0 lidar_only=0 fixed_size=0 size_reject=0
[lvdot_detector_main-6] [INFO] [1776870172.169450712] [lvdot_detector_node]: Input health: depth=305 color=574 lidar=4 pose=7204 odom=7213 yolo=107 depth_pose_sync=0 lidar_pose_sync=0 depth_odom_sync=0 lidar_odom_sync=0
[lvdot_detector_main-6] [INFO] [1776870172.169498426] [lvdot_detector_node]: Stage timers: detection=204 lidar_detection=3936 tracking=4520 classification=4494 vis=3718
[lvdot_detector_main-6] [INFO] [1776870172.169506575] [lvdot_detector_node]: Processing phases: detection=run_core lidar_detection=waiting_new_lidar tracking=waiting_filtered_bboxes classification=idle
[lvdot_detector_main-6] [INFO] [1776870172.169539956] [lvdot_detector_node]: Pipeline stats: depth_samples=130/71300 u_map=4 depth_boxes=0 u_map_merge=0 u_map_db=0 u_map_visual=0 u_map_fused=0 u_map_filtered=0 lidar_samples=2318/123560 uv=0 db=1 lidar=0 fused=0 filtered=0 tracks=0 dynamic=0 dyn_points=0 raw_dyn_points=0 service=0/0 split=0->0 (0 outputs) fusion_components=0 visual_only=0 lidar_only=0 fixed_size=0 size_reject=0
[lvdot_detector_main-6] [INFO] [1776870178.847436625] [lvdot_detector_node]: Input health: depth=317 color=606 lidar=4 pose=7487 odom=7495 yolo=111 depth_pose_sync=0 lidar_pose_sync=0 depth_odom_sync=0 lidar_odom_sync=0
[lvdot_detector_main-6] [INFO] [1776870178.847492271] [lvdot_detector_node]: Stage timers: detection=209 lidar_detection=4115 tracking=4699 classification=4672 vis=3882
[lvdot_detector_main-6] [INFO] [1776870178.847502371] [lvdot_detector_node]: Processing phases: detection=run_core lidar_detection=waiting_new_lidar tracking=waiting_filtered_bboxes classification=idle
[lvdot_detector_main-6] [INFO] [1776870178.847693344] [lvdot_detector_node]: Pipeline stats: depth_samples=105/71300 u_map=3 depth_boxes=0 u_map_merge=0 u_map_db=0 u_map_visual=0 u_map_fused=0 u_map_filtered=0 lidar_samples=2318/123560 uv=0 db=0 lidar=0 fused=0 filtered=0 tracks=0 dynamic=0 dyn_points=0 raw_dyn_points=0 service=0/0 split=0->0 (0 outputs) fusion_components=0 visual_only=0 lidar_only=0 fixed_size=0 size_reject=0
[lvdot_detector_main-6] [INFO] [1776870184.841709948] [lvdot_detector_node]: Input health: depth=326 color=621 lidar=4 pose=7772 odom=7781 yolo=116 depth_pose_sync=0 lidar_pose_sync=0 depth_odom_sync=0 lidar_odom_sync=0
[lvdot_detector_main-6] [INFO] [1776870184.841780420] [lvdot_detector_node]: Stage timers: detection=214 lidar_detection=4290 tracking=4878 classification=4851 vis=4033
[lvdot_detector_main-6] [INFO] [1776870184.841792273] [lvdot_detector_node]: Processing phases: detection=run_core lidar_detection=waiting_new_lidar tracking=waiting_filtered_bboxes classification=idle
[lvdot_detector_main-6] [INFO] [1776870184.841801719] [lvdot_detector_node]: Pipeline stats: depth_samples=114/71300 u_map=3 depth_boxes=0 u_map_merge=0 u_map_db=0 u_map_visual=0 u_map_fused=0 u_map_filtered=0 lidar_samples=2318/123560 uv=0 db=2 lidar=0 fused=0 filtered=0 tracks=0 dynamic=0 dyn_points=0 raw_dyn_points=0 service=0/0 split=0->0 (0 outputs) fusion_components=0 visual_only=0 lidar_only=0 fixed_size=0 size_reject=0
[lvdot_detector_main-6] [INFO] [1776870190.835483627] [lvdot_detector_node]: Input health: depth=340 color=650 lidar=4 pose=8052 odom=8062 yolo=120 depth_pose_sync=0 lidar_pose_sync=0 depth_odom_sync=0 lidar_odom_sync=0
[lvdot_detector_main-6] [INFO] [1776870190.835553828] [lvdot_detector_node]: Stage timers: detection=219 lidar_detection=4464 tracking=5047 classification=5024 vis=4176
[lvdot_detector_main-6] [INFO] [1776870190.835574528] [lvdot_detector_node]: Processing phases: detection=run_core lidar_detection=waiting_new_lidar tracking=snapshot classification=idle
[lvdot_detector_main-6] [INFO] [1776870190.835586528] [lvdot_detector_node]: Pipeline stats: depth_samples=130/71300 u_map=2 depth_boxes=0 u_map_merge=0 u_map_db=0 u_map_visual=0 u_map_fused=0 u_map_filtered=0 lidar_samples=2318/123560 uv=0 db=1 lidar=0 fused=0 filtered=0 tracks=0 dynamic=0 dyn_points=0 raw_dyn_points=0 service=0/0 split=0->0 (0 outputs) fusion_components=0 visual_only=0 lidar_only=0 fixed_size=0 size_reject=0
[lvdot_detector_main-6] [INFO] [1776870196.843283602] [lvdot_detector_node]: Input health: depth=352 color=677 lidar=4 pose=8330 odom=8340 yolo=124 depth_pose_sync=0 lidar_pose_sync=0 depth_odom_sync=0 lidar_odom_sync=0
[lvdot_detector_main-6] [INFO] [1776870196.844235611] [lvdot_detector_node]: Stage timers: detection=223 lidar_detection=4640 tracking=5224 classification=5198 vis=4318
[lvdot_detector_main-6] [INFO] [1776870196.844259011] [lvdot_detector_node]: Processing phases: detection=run_core lidar_detection=waiting_new_lidar tracking=waiting_filtered_bboxes classification=idle
[lvdot_detector_main-6] [INFO] [1776870196.844270211] [lvdot_detector_node]: Pipeline stats: depth_samples=209/71300 u_map=5 depth_boxes=0 u_map_merge=0 u_map_db=0 u_map_visual=0 u_map_fused=0 u_map_filtered=0 lidar_samples=2318/123560 uv=0 db=2 lidar=0 fused=0 filtered=0 tracks=0 dynamic=0 dyn_points=0 raw_dyn_points=0 service=0/0 split=0->0 (0 outputs) fusion_components=0 visual_only=0 lidar_only=0 fixed_size=0 size_reject=0
[lvdot_detector_main-6] [INFO] [1776870202.834304396] [lvdot_detector_node]: Input health: depth=366 color=696 lidar=4 pose=8609 odom=8620 yolo=128 depth_pose_sync=0 lidar_pose_sync=0 depth_odom_sync=0 lidar_odom_sync=0
[lvdot_detector_main-6] [INFO] [1776870202.834452096] [lvdot_detector_node]: Stage timers: detection=228 lidar_detection=4813 tracking=5399 classification=5368 vis=4467
[lvdot_detector_main-6] [INFO] [1776870202.834472327] [lvdot_detector_node]: Processing phases: detection=build_input lidar_detection=waiting_new_lidar tracking=waiting_filtered_bboxes classification=idle
[lvdot_detector_main-6] [INFO] [1776870202.834567193] [lvdot_detector_node]: Pipeline stats: depth_samples=114/71300 u_map=3 depth_boxes=0 u_map_merge=0 u_map_db=0 u_map_visual=0 u_map_fused=0 u_map_filtered=0 lidar_samples=2318/123560 uv=0 db=2 lidar=0 fused=0 filtered=0 tracks=0 dynamic=0 dyn_points=0 raw_dyn_points=0 service=0/0 split=0->0 (0 outputs) fusion_components=0 visual_only=0 lidar_only=0 fixed_size=0 size_reject=0
[uav_trajectory_controller-4] [WARN] [1776870206.541155575] [uav_trajectory_controller]: SetEntityPose request timed out after 0.76s on /world/pedestrian_prototype/set_pose; dropping the pending request and retrying.
[lvdot_detector_main-6] [INFO] [1776870209.565676840] [lvdot_detector_node]: Input health: depth=377 color=711 lidar=4 pose=8891 odom=8903 yolo=132 depth_pose_sync=0 lidar_pose_sync=0 depth_odom_sync=0 lidar_odom_sync=0
[lvdot_detector_main-6] [INFO] [1776870209.565757781] [lvdot_detector_node]: Stage timers: detection=232 lidar_detection=4991 tracking=5577 classification=5548 vis=4619
[lvdot_detector_main-6] [INFO] [1776870209.565778341] [lvdot_detector_node]: Processing phases: detection=run_core lidar_detection=waiting_new_lidar tracking=waiting_filtered_bboxes classification=idle
[lvdot_detector_main-6] [INFO] [1776870209.565790936] [lvdot_detector_node]: Pipeline stats: depth_samples=156/71300 u_map=4 depth_boxes=0 u_map_merge=0 u_map_db=0 u_map_visual=0 u_map_fused=0 u_map_filtered=0 lidar_samples=2318/123560 uv=0 db=3 lidar=0 fused=0 filtered=0 tracks=0 dynamic=0 dyn_points=0 raw_dyn_points=0 service=0/0 split=0->0 (0 outputs) fusion_components=0 visual_only=0 lidar_only=0 fixed_size=0 size_reject=0
[lvdot_detector_main-6] [INFO] [1776870215.561998082] [lvdot_detector_node]: Input health: depth=383 color=749 lidar=4 pose=9170 odom=9182 yolo=136 depth_pose_sync=0 lidar_pose_sync=0 depth_odom_sync=0 lidar_odom_sync=0
[lvdot_detector_main-6] [INFO] [1776870215.562057983] [lvdot_detector_node]: Stage timers: detection=236 lidar_detection=5167 tracking=5754 classification=5726 vis=4764
[lvdot_detector_main-6] [INFO] [1776870215.562068683] [lvdot_detector_node]: Processing phases: detection=run_core lidar_detection=waiting_new_lidar tracking=waiting_filtered_bboxes classification=idle
[lvdot_detector_main-6] [INFO] [1776870215.562077883] [lvdot_detector_node]: Pipeline stats: depth_samples=137/71300 u_map=1 depth_boxes=0 u_map_merge=0 u_map_db=0 u_map_visual=0 u_map_fused=0 u_map_filtered=0 lidar_samples=2318/123560 uv=0 db=2 lidar=0 fused=0 filtered=0 tracks=0 dynamic=0 dyn_points=0 raw_dyn_points=0 service=0/0 split=0->0 (0 outputs) fusion_components=0 visual_only=0 lidar_only=0 fixed_size=0 size_reject=0
[lvdot_detector_main-6] [INFO] [1776870221.573863339] [lvdot_detector_node]: Input health: depth=394 color=766 lidar=5 pose=9449 odom=9461 yolo=141 depth_pose_sync=0 lidar_pose_sync=0 depth_odom_sync=0 lidar_odom_sync=0
[lvdot_detector_main-6] [INFO] [1776870221.573941340] [lvdot_detector_node]: Stage timers: detection=240 lidar_detection=5203 tracking=5928 classification=5899 vis=4909
[lvdot_detector_main-6] [INFO] [1776870221.573956040] [lvdot_detector_node]: Processing phases: detection=run_core lidar_detection=waiting_new_lidar tracking=waiting_filtered_bboxes classification=idle
[lvdot_detector_main-6] [INFO] [1776870221.573968340] [lvdot_detector_node]: Pipeline stats: depth_samples=114/71300 u_map=3 depth_boxes=0 u_map_merge=0 u_map_db=0 u_map_visual=0 u_map_fused=0 u_map_filtered=0 lidar_samples=2003/117121 uv=0 db=2 lidar=0 fused=0 filtered=0 tracks=0 dynamic=0 dyn_points=0 raw_dyn_points=0 service=0/0 split=0->0 (0 outputs) fusion_components=0 visual_only=0 lidar_only=0 fixed_size=0 size_reject=0
[lvdot_detector_main-6] [INFO] [1776870227.572927696] [lvdot_detector_node]: Input health: depth=409 color=783 lidar=6 pose=9733 odom=9746 yolo=145 depth_pose_sync=0 lidar_pose_sync=0 depth_odom_sync=0 lidar_odom_sync=0
[lvdot_detector_main-6] [INFO] [1776870227.572989515] [lvdot_detector_node]: Stage timers: detection=244 lidar_detection=5229 tracking=6100 classification=6069 vis=5052
[lvdot_detector_main-6] [INFO] [1776870227.573001745] [lvdot_detector_node]: Processing phases: detection=run_core lidar_detection=run_lidar_detector/dbscan tracking=waiting_filtered_bboxes classification=idle
[lvdot_detector_main-6] [INFO] [1776870227.573011873] [lvdot_detector_node]: Pipeline stats: depth_samples=128/71300 u_map=2 depth_boxes=0 u_map_merge=0 u_map_db=0 u_map_visual=0 u_map_fused=0 u_map_filtered=0 lidar_samples=2003/117121 uv=0 db=3 lidar=0 fused=0 filtered=0 tracks=0 dynamic=0 dyn_points=0 raw_dyn_points=0 service=0/0 split=0->0 (0 outputs) fusion_components=0 visual_only=0 lidar_only=0 fixed_size=0 size_reject=0
[lvdot_detector_main-6] [INFO] [1776870233.570279930] [lvdot_detector_node]: Input health: depth=428 color=798 lidar=6 pose=10007 odom=10020 yolo=150 depth_pose_sync=0 lidar_pose_sync=0 depth_odom_sync=0 lidar_odom_sync=0
[lvdot_detector_main-6] [INFO] [1776870233.570334968] [lvdot_detector_node]: Stage timers: detection=249 lidar_detection=5376 tracking=6268 classification=6236 vis=5178
[lvdot_detector_main-6] [INFO] [1776870233.570345702] [lvdot_detector_node]: Processing phases: detection=run_core lidar_detection=waiting_new_lidar tracking=waiting_filtered_bboxes classification=idle
[lvdot_detector_main-6] [INFO] [1776870233.570354290] [lvdot_detector_node]: Pipeline stats: depth_samples=130/71300 u_map=0 depth_boxes=0 u_map_merge=0 u_map_db=0 u_map_visual=0 u_map_fused=0 u_map_filtered=0 lidar_samples=2469/110663 uv=0 db=1 lidar=0 fused=0 filtered=0 tracks=0 dynamic=0 dyn_points=0 raw_dyn_points=0 service=0/0 split=0->0 (0 outputs) fusion_components=0 visual_only=0 lidar_only=0 fixed_size=0 size_reject=0
[lvdot_detector_main-6] [INFO] [1776870240.295160767] [lvdot_detector_node]: Input health: depth=440 color=812 lidar=7 pose=10278 odom=10291 yolo=154 depth_pose_sync=0 lidar_pose_sync=0 depth_odom_sync=0 lidar_odom_sync=0
[lvdot_detector_main-6] [INFO] [1776870240.301729228] [lvdot_detector_node]: Stage timers: detection=254 lidar_detection=5537 tracking=6442 classification=6412 vis=5324
[lvdot_detector_main-6] [INFO] [1776870240.301753828] [lvdot_detector_node]: Processing phases: detection=run_core lidar_detection=run_lidar_detector/project tracking=waiting_filtered_bboxes classification=idle
[lvdot_detector_main-6] [INFO] [1776870240.301767328] [lvdot_detector_node]: Pipeline stats: depth_samples=114/71300 u_map=2 depth_boxes=0 u_map_merge=0 u_map_db=0 u_map_visual=0 u_map_fused=0 u_map_filtered=0 lidar_samples=2469/110663 uv=0 db=2 lidar=0 fused=0 filtered=0 tracks=0 dynamic=0 dyn_points=0 raw_dyn_points=0 service=0/0 split=0->0 (0 outputs) fusion_components=0 visual_only=0 lidar_only=0 fixed_size=0 size_reject=0
[lvdot_detector_main-6] [INFO] [1776870246.292647333] [lvdot_detector_node]: Input health: depth=458 color=835 lidar=7 pose=10558 odom=10571 yolo=158 depth_pose_sync=0 lidar_pose_sync=0 depth_odom_sync=0 lidar_odom_sync=0
[lvdot_detector_main-6] [INFO] [1776870246.292705034] [lvdot_detector_node]: Stage timers: detection=258 lidar_detection=5572 tracking=6616 classification=6585 vis=5476
[lvdot_detector_main-6] [INFO] [1776870246.292718134] [lvdot_detector_node]: Processing phases: detection=run_core lidar_detection=waiting_new_lidar tracking=waiting_filtered_bboxes classification=idle
[lvdot_detector_main-6] [INFO] [1776870246.292728434] [lvdot_detector_node]: Pipeline stats: depth_samples=110/71300 u_map=2 depth_boxes=0 u_map_merge=0 u_map_db=0 u_map_visual=0 u_map_fused=0 u_map_filtered=0 lidar_samples=2453/116933 uv=0 db=1 lidar=0 fused=0 filtered=0 tracks=0 dynamic=0 dyn_points=0 raw_dyn_points=0 service=0/0 split=0->0 (0 outputs) fusion_components=0 visual_only=0 lidar_only=0 fixed_size=0 size_reject=0
[lvdot_detector_main-6] [INFO] [1776870252.304231768] [lvdot_detector_node]: Input health: depth=472 color=852 lidar=7 pose=10836 odom=10849 yolo=162 depth_pose_sync=0 lidar_pose_sync=0 depth_odom_sync=0 lidar_odom_sync=0
[lvdot_detector_main-6] [INFO] [1776870252.305910443] [lvdot_detector_node]: Stage timers: detection=263 lidar_detection=5751 tracking=6794 classification=6762 vis=5634
[lvdot_detector_main-6] [INFO] [1776870252.305929707] [lvdot_detector_node]: Processing phases: detection=run_core lidar_detection=waiting_new_lidar tracking=waiting_filtered_bboxes classification=build_input
[lvdot_detector_main-6] [INFO] [1776870252.305942393] [lvdot_detector_node]: Pipeline stats: depth_samples=110/71300 u_map=2 depth_boxes=0 u_map_merge=0 u_map_db=0 u_map_visual=0 u_map_fused=0 u_map_filtered=0 lidar_samples=2453/116933 uv=0 db=1 lidar=0 fused=0 filtered=0 tracks=0 dynamic=0 dyn_points=0 raw_dyn_points=0 service=0/0 split=0->0 (0 outputs) fusion_components=0 visual_only=0 lidar_only=0 fixed_size=0 size_reject=0
[lvdot_detector_main-6] [INFO] [1776870258.333842359] [lvdot_detector_node]: Input health: depth=476 color=877 lidar=7 pose=11120 odom=11134 yolo=167 depth_pose_sync=0 lidar_pose_sync=0 depth_odom_sync=0 lidar_odom_sync=0
[lvdot_detector_main-6] [INFO] [1776870258.333899712] [lvdot_detector_node]: Stage timers: detection=267 lidar_detection=5927 tracking=6968 classification=6934 vis=5783
[lvdot_detector_main-6] [INFO] [1776870258.333909916] [lvdot_detector_node]: Processing phases: detection=snapshot lidar_detection=waiting_new_lidar tracking=waiting_filtered_bboxes classification=idle
[lvdot_detector_main-6] [INFO] [1776870258.333918609] [lvdot_detector_node]: Pipeline stats: depth_samples=114/71300 u_map=3 depth_boxes=0 u_map_merge=0 u_map_db=0 u_map_visual=0 u_map_fused=0 u_map_filtered=0 lidar_samples=2453/116933 uv=0 db=2 lidar=0 fused=0 filtered=0 tracks=0 dynamic=0 dyn_points=0 raw_dyn_points=0 service=0/0 split=0->0 (0 outputs) fusion_components=0 visual_only=0 lidar_only=0 fixed_size=0 size_reject=0
[lvdot_detector_main-6] [INFO] [1776870260.091723015] [lvdot_detector_node]: get_dynamic_obstacles responded with 0 obstacles from 0 tracked dynamic boxes.
