[INFO] [launch]: All log files can be found below /home/skbt2/.ros/log/2026-04-24-10-07-21-666712-DESKTOP-90MQDL6-99804
[INFO] [launch]: Default logging verbosity is set to INFO
[INFO] [gazebo-1]: process started with pid [99858]
[INFO] [parameter_bridge-2]: process started with pid [99859]
[INFO] [pedestrian_state_publisher-3]: process started with pid [99860]
[INFO] [uav_trajectory_controller-4]: process started with pid [99861]
[INFO] [image_pointcloud_relay-5]: process started with pid [99862]
[INFO] [image_pointcloud_relay-6]: process started with pid [99863]
[INFO] [lvdot_yolo_node-7]: process started with pid [99864]
[INFO] [lvdot_detector_main-8]: process started with pid [99865]
[parameter_bridge-2] [INFO] [1776996443.220020483] [ros_gz_bridge]: Creating GZ->ROS Bridge: [/rgbd_camera/image (gz.msgs.Image) -> /rgbd_camera/image (sensor_msgs/msg/Image)] (Lazy 0)
[parameter_bridge-2] [INFO] [1776996443.248833654] [ros_gz_bridge]: Creating GZ->ROS Bridge: [/rgbd_camera/camera_info (gz.msgs.CameraInfo) -> /rgbd_camera/camera_info (sensor_msgs/msg/CameraInfo)] (Lazy 0)
[parameter_bridge-2] [INFO] [1776996443.259187128] [ros_gz_bridge]: Creating GZ->ROS Bridge: [/rgbd_camera/depth_image (gz.msgs.Image) -> /rgbd_camera/depth_image (sensor_msgs/msg/Image)] (Lazy 0)
[parameter_bridge-2] [INFO] [1776996443.269619473] [ros_gz_bridge]: Creating GZ->ROS Bridge: [/rgbd_camera/points (gz.msgs.PointCloudPacked) -> /rgbd_camera/points (sensor_msgs/msg/PointCloud2)] (Lazy 0)
[parameter_bridge-2] [INFO] [1776996443.284270067] [ros_gz_bridge]: Creating GZ->ROS Bridge: [/camera/imu (gz.msgs.IMU) -> /camera/imu (sensor_msgs/msg/Imu)] (Lazy 0)
[parameter_bridge-2] [INFO] [1776996443.288940645] [ros_gz_bridge]: Creating ROS->GZ service bridge [/world/pedestrian_prototype/set_pose (ros_gz_interfaces/srv/SetEntityPose -> /)]
[parameter_bridge-2] [INFO] [1776996443.300516333] [ros_gz_bridge]: Creating ROS->GZ service bridge [/world/pedestrian_prototype/set_pose/blocking (ros_gz_interfaces/srv/SetEntityPose -> /)]
[parameter_bridge-2] [WARN] [1776996443.910485239] [ros_gz_bridge.rclcpp]: failed to send response to /world/pedestrian_prototype/set_pose (timeout): client will not receive response, at ./src/rmw_response.cpp:153, at ./src/rcl/service.c:400
[parameter_bridge-2] [WARN] [1776996444.043112251] [ros_gz_bridge.rclcpp]: failed to send response to /world/pedestrian_prototype/set_pose (timeout): client will not receive response, at ./src/rmw_response.cpp:153, at ./src/rcl/service.c:400
[lvdot_detector_main-8] [INFO] [1776996444.354998609] [lvdot_detector_node]: Config loaded: localization_mode=0 dt=0.033 image=640x480 depth_range=[0.50, 5.00] stage_timers=true vis_stage=false executor_threads=1
[lvdot_detector_main-8] [INFO] [1776996444.913729573] [lvdot_detector_node]: LV-DOT ROS2 skeleton started. depth=/camera/depth/image_rect_raw color=/camera/color/image_raw lidar=/pointcloud pose=/mavros/local_position/pose odom=/mavros/local_position/odom yolo=/yolo_detector/detected_bounding_boxes
[lvdot_detector_main-8] [INFO] [1776996444.913800361] [lvdot_detector_node]: Starting executor with executor_threads=1
[lvdot_detector_main-8] [WARN] [1776996444.913927147] [rclcpp]: MultiThreadedExecutor is used with a single thread.
[lvdot_detector_main-8] Use the SingleThreadedExecutor instead.
[uav_trajectory_controller-4] [WARN] [1776996447.448831017] [uav_trajectory_controller]: SetEntityPose request timed out after 0.63s on /world/pedestrian_prototype/set_pose/blocking; dropping the pending request and retrying.
[uav_trajectory_controller-4] [WARN] [1776996447.454404952] [uav_trajectory_controller]: Falling back from /world/pedestrian_prototype/set_pose/blocking to /world/pedestrian_prototype/set_pose.
[uav_trajectory_controller-4] [WARN] [1776996447.729056619] [uav_trajectory_controller]: SetEntityPose service /world/pedestrian_prototype/set_pose is unavailable; UAV state publication is paused until Gazebo pose control is reachable.
[gazebo-1] [INFO] [1776996447.762259759] [pedestrian_pose_sync_system]: Configured pedestrian pose sync plugin on topic [/pedestrian_sim/agent_states] for 8 models.
[lvdot_detector_main-8] [INFO] [1776996452.822072740] [lvdot_detector_node]: Input health: depth=1 color=5 lidar=0 pose=25 odom=25 yolo=1 depth_pose_sync=0 lidar_pose_sync=0 depth_odom_sync=0 lidar_odom_sync=0
[lvdot_detector_main-8] [INFO] [1776996452.830336551] [lvdot_detector_node]: Stage timers: detection=14 lidar_detection=14 tracking=14 classification=14 vis=0
[lvdot_detector_main-8] [INFO] [1776996452.830358320] [lvdot_detector_node]: Processing phases: detection=idle lidar_detection=waiting_new_lidar tracking=idle classification=waiting_new_tracking_update
[lvdot_detector_main-8] [INFO] [1776996452.830367985] [lvdot_detector_node]: Pipeline stats: depth_samples=1516/71300 u_map=1 depth_boxes=0 u_map_merge=0 u_map_db=0 u_map_visual=0 u_map_fused=0 u_map_filtered=0 lidar_samples=0/0 uv=1 db=15 lidar=0 fused=1 filtered=1 tracks=1 dynamic=0 dyn_points=0 raw_dyn_points=0 service=0/0 split=1->0 (1 outputs) fusion_components=1 visual_only=1 lidar_only=0 yolo_in=4 yolo_match3d=1 yolo_match_det=1 yolo_human=1 fixed_size=0 size_reject=0
[lvdot_detector_main-8] [INFO] [1776996459.147563276] [lvdot_detector_node]: Input health: depth=3 color=7 lidar=0 pose=27 odom=27 yolo=3 depth_pose_sync=0 lidar_pose_sync=0 depth_odom_sync=0 lidar_odom_sync=0
[lvdot_detector_main-8] [INFO] [1776996459.148770264] [lvdot_detector_node]: Stage timers: detection=16 lidar_detection=16 tracking=16 classification=16 vis=0
[lvdot_detector_main-8] [INFO] [1776996459.149491490] [lvdot_detector_node]: Processing phases: detection=idle lidar_detection=waiting_new_lidar tracking=idle classification=idle
[lvdot_detector_main-8] [INFO] [1776996459.150110604] [lvdot_detector_node]: Pipeline stats: depth_samples=1506/67691 u_map=4 depth_boxes=0 u_map_merge=0 u_map_db=0 u_map_visual=0 u_map_fused=0 u_map_filtered=0 lidar_samples=0/0 uv=1 db=16 lidar=0 fused=1 filtered=1 tracks=1 dynamic=1 dyn_points=0 raw_dyn_points=0 service=0/0 split=1->0 (1 outputs) fusion_components=1 visual_only=1 lidar_only=0 yolo_in=3 yolo_match3d=0 yolo_match_det=0 yolo_human=0 fixed_size=0 size_reject=0
[uav_trajectory_controller-4] [WARN] [1776996462.679781868] [uav_trajectory_controller]: SetEntityPose request timed out after 0.83s on /world/pedestrian_prototype/set_pose; dropping the pending request and retrying.
[uav_trajectory_controller-4] [WARN] [1776996465.228824379] [uav_trajectory_controller]: SetEntityPose request timed out after 0.51s on /world/pedestrian_prototype/set_pose; dropping the pending request and retrying.
[lvdot_detector_main-8] [INFO] [1776996465.393742460] [lvdot_detector_node]: Input health: depth=5 color=9 lidar=0 pose=29 odom=29 yolo=5 depth_pose_sync=0 lidar_pose_sync=0 depth_odom_sync=0 lidar_odom_sync=0
[lvdot_detector_main-8] [INFO] [1776996465.393812555] [lvdot_detector_node]: Stage timers: detection=18 lidar_detection=18 tracking=18 classification=18 vis=0
[lvdot_detector_main-8] [INFO] [1776996465.393824953] [lvdot_detector_node]: Processing phases: detection=idle lidar_detection=waiting_new_lidar tracking=idle classification=idle
[lvdot_detector_main-8] [INFO] [1776996465.393839402] [lvdot_detector_node]: Pipeline stats: depth_samples=1348/71300 u_map=1 depth_boxes=0 u_map_merge=0 u_map_db=0 u_map_visual=0 u_map_fused=0 u_map_filtered=0 lidar_samples=0/0 uv=1 db=13 lidar=0 fused=1 filtered=1 tracks=1 dynamic=0 dyn_points=0 raw_dyn_points=0 service=0/0 split=1->0 (1 outputs) fusion_components=1 visual_only=1 lidar_only=0 yolo_in=0 yolo_match3d=0 yolo_match_det=0 yolo_human=0 fixed_size=0 size_reject=0
[uav_trajectory_controller-4] [WARN] [1776996469.360767255] [uav_trajectory_controller]: SetEntityPose request timed out after 0.63s on /world/pedestrian_prototype/set_pose; dropping the pending request and retrying.
[lvdot_detector_main-8] [INFO] [1776996472.641422627] [lvdot_detector_node]: Input health: depth=7 color=11 lidar=0 pose=31 odom=31 yolo=7 depth_pose_sync=0 lidar_pose_sync=0 depth_odom_sync=0 lidar_odom_sync=0
[lvdot_detector_main-8] [INFO] [1776996472.643478403] [lvdot_detector_node]: Stage timers: detection=20 lidar_detection=20 tracking=20 classification=20 vis=0
[lvdot_detector_main-8] [INFO] [1776996472.643531665] [lvdot_detector_node]: Processing phases: detection=idle lidar_detection=waiting_new_lidar tracking=idle classification=idle
[lvdot_detector_main-8] [INFO] [1776996472.645013552] [lvdot_detector_node]: Pipeline stats: depth_samples=1483/71300 u_map=1 depth_boxes=0 u_map_merge=0 u_map_db=0 u_map_visual=0 u_map_fused=0 u_map_filtered=0 lidar_samples=0/0 uv=0 db=15 lidar=0 fused=0 filtered=0 tracks=1 dynamic=0 dyn_points=0 raw_dyn_points=0 service=0/0 split=0->0 (0 outputs) fusion_components=0 visual_only=0 lidar_only=0 yolo_in=1 yolo_match3d=0 yolo_match_det=0 yolo_human=0 fixed_size=0 size_reject=0
[lvdot_detector_main-8] [INFO] [1776996478.518375375] [lvdot_detector_node]: Input health: depth=9 color=13 lidar=0 pose=33 odom=33 yolo=9 depth_pose_sync=0 lidar_pose_sync=0 depth_odom_sync=0 lidar_odom_sync=0
[lvdot_detector_main-8] [INFO] [1776996478.518447660] [lvdot_detector_node]: Stage timers: detection=22 lidar_detection=22 tracking=22 classification=22 vis=0
[lvdot_detector_main-8] [INFO] [1776996478.518461903] [lvdot_detector_node]: Processing phases: detection=idle lidar_detection=waiting_new_lidar tracking=idle classification=waiting_new_tracking_update
[lvdot_detector_main-8] [INFO] [1776996478.518471072] [lvdot_detector_node]: Pipeline stats: depth_samples=1573/71300 u_map=4 depth_boxes=0 u_map_merge=0 u_map_db=0 u_map_visual=0 u_map_fused=0 u_map_filtered=0 lidar_samples=0/0 uv=1 db=10 lidar=0 fused=1 filtered=1 tracks=1 dynamic=0 dyn_points=0 raw_dyn_points=0 service=0/0 split=1->0 (1 outputs) fusion_components=1 visual_only=1 lidar_only=0 yolo_in=0 yolo_match3d=0 yolo_match_det=0 yolo_human=0 fixed_size=0 size_reject=0
[lvdot_detector_main-8] [INFO] [1776996484.891265922] [lvdot_detector_node]: Input health: depth=11 color=15 lidar=0 pose=35 odom=35 yolo=11 depth_pose_sync=0 lidar_pose_sync=0 depth_odom_sync=0 lidar_odom_sync=0
[lvdot_detector_main-8] [INFO] [1776996484.891333904] [lvdot_detector_node]: Stage timers: detection=24 lidar_detection=24 tracking=24 classification=24 vis=0
[lvdot_detector_main-8] [INFO] [1776996484.891346876] [lvdot_detector_node]: Processing phases: detection=idle lidar_detection=waiting_new_lidar tracking=waiting_filtered_bboxes classification=idle
[lvdot_detector_main-8] [INFO] [1776996484.891355947] [lvdot_detector_node]: Pipeline stats: depth_samples=1328/71300 u_map=2 depth_boxes=0 u_map_merge=0 u_map_db=0 u_map_visual=0 u_map_fused=0 u_map_filtered=0 lidar_samples=0/0 uv=2 db=10 lidar=0 fused=2 filtered=2 tracks=0 dynamic=0 dyn_points=0 raw_dyn_points=0 service=0/0 split=2->0 (2 outputs) fusion_components=2 visual_only=2 lidar_only=0 yolo_in=1 yolo_match3d=0 yolo_match_det=0 yolo_human=0 fixed_size=0 size_reject=0
[lvdot_detector_main-8] [INFO] [1776996491.207994040] [lvdot_detector_node]: Input health: depth=13 color=17 lidar=0 pose=37 odom=37 yolo=13 depth_pose_sync=0 lidar_pose_sync=0 depth_odom_sync=0 lidar_odom_sync=0
[lvdot_detector_main-8] [INFO] [1776996491.208062570] [lvdot_detector_node]: Stage timers: detection=26 lidar_detection=26 tracking=26 classification=26 vis=0
[lvdot_detector_main-8] [INFO] [1776996491.208073405] [lvdot_detector_node]: Processing phases: detection=idle lidar_detection=waiting_new_lidar tracking=idle classification=idle
[lvdot_detector_main-8] [INFO] [1776996491.208081996] [lvdot_detector_node]: Pipeline stats: depth_samples=1268/71300 u_map=2 depth_boxes=0 u_map_merge=0 u_map_db=0 u_map_visual=0 u_map_fused=0 u_map_filtered=0 lidar_samples=0/0 uv=1 db=12 lidar=0 fused=1 filtered=1 tracks=3 dynamic=0 dyn_points=0 raw_dyn_points=0 service=0/0 split=1->0 (1 outputs) fusion_components=1 visual_only=1 lidar_only=0 yolo_in=1 yolo_match3d=0 yolo_match_det=0 yolo_human=0 fixed_size=0 size_reject=0
[uav_trajectory_controller-4] [WARN] [1776996495.671307183] [uav_trajectory_controller]: SetEntityPose request timed out after 0.81s on /world/pedestrian_prototype/set_pose; dropping the pending request and retrying.
[lvdot_detector_main-8] [INFO] [1776996497.694003487] [lvdot_detector_node]: Input health: depth=15 color=19 lidar=0 pose=39 odom=39 yolo=15 depth_pose_sync=0 lidar_pose_sync=0 depth_odom_sync=0 lidar_odom_sync=0
[lvdot_detector_main-8] [INFO] [1776996497.694102258] [lvdot_detector_node]: Stage timers: detection=28 lidar_detection=28 tracking=28 classification=28 vis=0
[lvdot_detector_main-8] [INFO] [1776996497.694117612] [lvdot_detector_node]: Processing phases: detection=idle lidar_detection=waiting_new_lidar tracking=idle classification=idle
[lvdot_detector_main-8] [INFO] [1776996497.694128467] [lvdot_detector_node]: Pipeline stats: depth_samples=1350/71300 u_map=2 depth_boxes=0 u_map_merge=0 u_map_db=0 u_map_visual=0 u_map_fused=0 u_map_filtered=0 lidar_samples=0/0 uv=2 db=10 lidar=0 fused=2 filtered=2 tracks=1 dynamic=0 dyn_points=0 raw_dyn_points=0 service=0/0 split=2->1 (2 outputs) fusion_components=2 visual_only=2 lidar_only=0 yolo_in=4 yolo_match3d=1 yolo_match_det=2 yolo_human=1 fixed_size=0 size_reject=0
[uav_trajectory_controller-4] [WARN] [1776996501.599759224] [uav_trajectory_controller]: SetEntityPose request timed out after 0.50s on /world/pedestrian_prototype/set_pose; dropping the pending request and retrying.
[lvdot_detector_main-8] [INFO] [1776996513.622545959] [lvdot_detector_node]: Input health: depth=17 color=21 lidar=1 pose=41 odom=41 yolo=17 depth_pose_sync=0 lidar_pose_sync=0 depth_odom_sync=0 lidar_odom_sync=0
[lvdot_detector_main-8] [INFO] [1776996513.622648346] [lvdot_detector_node]: Stage timers: detection=30 lidar_detection=30 tracking=30 classification=30 vis=0
[lvdot_detector_main-8] [INFO] [1776996513.622665979] [lvdot_detector_node]: Processing phases: detection=idle lidar_detection=idle tracking=idle classification=idle
[lvdot_detector_main-8] [INFO] [1776996513.622676695] [lvdot_detector_node]: Pipeline stats: depth_samples=1383/71300 u_map=1 depth_boxes=0 u_map_merge=0 u_map_db=0 u_map_visual=0 u_map_fused=0 u_map_filtered=0 lidar_samples=3038/150238 uv=1 db=10 lidar=78 fused=78 filtered=79 tracks=1 dynamic=1 dyn_points=0 raw_dyn_points=0 service=0/0 split=78->1 (79 outputs) fusion_components=78 visual_only=0 lidar_only=77 yolo_in=2 yolo_match3d=1 yolo_match_det=2 yolo_human=2 fixed_size=0 size_reject=0
[lvdot_detector_main-8] [INFO] [1776996522.532301870] [lvdot_detector_node]: Input health: depth=19 color=23 lidar=1 pose=43 odom=43 yolo=19 depth_pose_sync=0 lidar_pose_sync=0 depth_odom_sync=0 lidar_odom_sync=0
[lvdot_detector_main-8] [INFO] [1776996522.533681734] [lvdot_detector_node]: Stage timers: detection=32 lidar_detection=32 tracking=32 classification=32 vis=0
[lvdot_detector_main-8] [INFO] [1776996522.536135726] [lvdot_detector_node]: Processing phases: detection=idle lidar_detection=waiting_new_lidar tracking=idle classification=idle
[lvdot_detector_main-8] [INFO] [1776996522.536156622] [lvdot_detector_node]: Pipeline stats: depth_samples=1287/71300 u_map=2 depth_boxes=0 u_map_merge=0 u_map_db=0 u_map_visual=0 u_map_fused=0 u_map_filtered=0 lidar_samples=3038/150238 uv=1 db=13 lidar=78 fused=79 filtered=79 tracks=81 dynamic=2 dyn_points=0 raw_dyn_points=0 service=0/0 split=79->0 (79 outputs) fusion_components=79 visual_only=1 lidar_only=78 yolo_in=2 yolo_match3d=1 yolo_match_det=1 yolo_human=1 fixed_size=0 size_reject=0
[uav_trajectory_controller-4] [WARN] [1776996526.221230331] [uav_trajectory_controller]: SetEntityPose request timed out after 0.62s on /world/pedestrian_prototype/set_pose; dropping the pending request and retrying.
[lvdot_detector_main-8] [INFO] [1776996531.177255633] [lvdot_detector_node]: Input health: depth=21 color=25 lidar=1 pose=45 odom=45 yolo=21 depth_pose_sync=0 lidar_pose_sync=0 depth_odom_sync=0 lidar_odom_sync=0
[lvdot_detector_main-8] [INFO] [1776996531.178560212] [lvdot_detector_node]: Stage timers: detection=34 lidar_detection=34 tracking=34 classification=34 vis=0
[lvdot_detector_main-8] [INFO] [1776996531.178587617] [lvdot_detector_node]: Processing phases: detection=idle lidar_detection=waiting_new_lidar tracking=idle classification=idle
[lvdot_detector_main-8] [INFO] [1776996531.178598263] [lvdot_detector_node]: Pipeline stats: depth_samples=1303/71300 u_map=2 depth_boxes=0 u_map_merge=0 u_map_db=0 u_map_visual=0 u_map_fused=0 u_map_filtered=0 lidar_samples=3038/150238 uv=1 db=8 lidar=78 fused=79 filtered=79 tracks=78 dynamic=0 dyn_points=0 raw_dyn_points=0 service=0/0 split=79->1 (79 outputs) fusion_components=79 visual_only=1 lidar_only=78 yolo_in=5 yolo_match3d=1 yolo_match_det=3 yolo_human=0 fixed_size=0 size_reject=1
[uav_trajectory_controller-4] [WARN] [1776996535.604896027] [uav_trajectory_controller]: SetEntityPose request timed out after 0.51s on /world/pedestrian_prototype/set_pose; dropping the pending request and retrying.
[uav_trajectory_controller-4] [WARN] [1776996536.973595544] [uav_trajectory_controller]: SetEntityPose request timed out after 0.62s on /world/pedestrian_prototype/set_pose; dropping the pending request and retrying.
[lvdot_detector_main-8] [INFO] [1776996538.971446154] [lvdot_detector_node]: Input health: depth=23 color=27 lidar=1 pose=47 odom=47 yolo=23 depth_pose_sync=0 lidar_pose_sync=0 depth_odom_sync=0 lidar_odom_sync=0
[lvdot_detector_main-8] [INFO] [1776996538.971516242] [lvdot_detector_node]: Stage timers: detection=36 lidar_detection=36 tracking=36 classification=36 vis=0
[lvdot_detector_main-8] [INFO] [1776996538.971527468] [lvdot_detector_node]: Processing phases: detection=idle lidar_detection=waiting_new_lidar tracking=idle classification=idle
[lvdot_detector_main-8] [INFO] [1776996538.971536351] [lvdot_detector_node]: Pipeline stats: depth_samples=1823/71300 u_map=2 depth_boxes=0 u_map_merge=0 u_map_db=0 u_map_visual=0 u_map_fused=0 u_map_filtered=0 lidar_samples=3038/150238 uv=2 db=13 lidar=78 fused=80 filtered=80 tracks=78 dynamic=0 dyn_points=0 raw_dyn_points=0 service=0/0 split=80->0 (80 outputs) fusion_components=80 visual_only=2 lidar_only=78 yolo_in=1 yolo_match3d=1 yolo_match_det=1 yolo_human=1 fixed_size=0 size_reject=0
[uav_trajectory_controller-4] [WARN] [1776996546.855555361] [uav_trajectory_controller]: SetEntityPose request timed out after 0.50s on /world/pedestrian_prototype/set_pose; dropping the pending request and retrying.
[lvdot_detector_main-8] [INFO] [1776996547.174820754] [lvdot_detector_node]: Input health: depth=25 color=29 lidar=1 pose=49 odom=49 yolo=25 depth_pose_sync=0 lidar_pose_sync=0 depth_odom_sync=0 lidar_odom_sync=0
[lvdot_detector_main-8] [INFO] [1776996547.175907604] [lvdot_detector_node]: Stage timers: detection=38 lidar_detection=38 tracking=38 classification=38 vis=0
[lvdot_detector_main-8] [INFO] [1776996547.176153385] [lvdot_detector_node]: Processing phases: detection=idle lidar_detection=waiting_new_lidar tracking=idle classification=idle
[lvdot_detector_main-8] [INFO] [1776996547.176165029] [lvdot_detector_node]: Pipeline stats: depth_samples=1325/71300 u_map=1 depth_boxes=0 u_map_merge=0 u_map_db=0 u_map_visual=0 u_map_fused=0 u_map_filtered=0 lidar_samples=3038/150238 uv=0 db=8 lidar=78 fused=78 filtered=78 tracks=78 dynamic=1 dyn_points=0 raw_dyn_points=0 service=0/0 split=78->0 (78 outputs) fusion_components=78 visual_only=0 lidar_only=78 yolo_in=1 yolo_match3d=1 yolo_match_det=1 yolo_human=1 fixed_size=0 size_reject=0
[uav_trajectory_controller-4] [WARN] [1776996548.353776712] [uav_trajectory_controller]: SetEntityPose request timed out after 0.50s on /world/pedestrian_prototype/set_pose; dropping the pending request and retrying.
[uav_trajectory_controller-4] [WARN] [1776996553.597609952] [uav_trajectory_controller]: SetEntityPose request timed out after 0.59s on /world/pedestrian_prototype/set_pose; dropping the pending request and retrying.
[lvdot_detector_main-8] [INFO] [1776996555.167815207] [lvdot_detector_node]: Input health: depth=27 color=31 lidar=1 pose=51 odom=51 yolo=27 depth_pose_sync=0 lidar_pose_sync=0 depth_odom_sync=0 lidar_odom_sync=0
[lvdot_detector_main-8] [INFO] [1776996555.167876901] [lvdot_detector_node]: Stage timers: detection=40 lidar_detection=40 tracking=40 classification=40 vis=0
[lvdot_detector_main-8] [INFO] [1776996555.167887167] [lvdot_detector_node]: Processing phases: detection=idle lidar_detection=waiting_new_lidar tracking=idle classification=idle
[lvdot_detector_main-8] [INFO] [1776996555.167895869] [lvdot_detector_node]: Pipeline stats: depth_samples=1872/71300 u_map=5 depth_boxes=0 u_map_merge=0 u_map_db=0 u_map_visual=0 u_map_fused=0 u_map_filtered=0 lidar_samples=3038/150238 uv=2 db=14 lidar=78 fused=79 filtered=79 tracks=80 dynamic=1 dyn_points=0 raw_dyn_points=0 service=0/0 split=79->0 (79 outputs) fusion_components=79 visual_only=1 lidar_only=77 yolo_in=0 yolo_match3d=0 yolo_match_det=0 yolo_human=0 fixed_size=77 size_reject=0
[uav_trajectory_controller-4] [WARN] [1776996561.736935018] [uav_trajectory_controller]: SetEntityPose request timed out after 0.77s on /world/pedestrian_prototype/set_pose; dropping the pending request and retrying.
[lvdot_detector_main-8] [INFO] [1776996563.403943574] [lvdot_detector_node]: Input health: depth=29 color=33 lidar=1 pose=53 odom=53 yolo=29 depth_pose_sync=0 lidar_pose_sync=0 depth_odom_sync=0 lidar_odom_sync=0
[lvdot_detector_main-8] [INFO] [1776996563.404009690] [lvdot_detector_node]: Stage timers: detection=42 lidar_detection=42 tracking=42 classification=42 vis=0
[lvdot_detector_main-8] [INFO] [1776996563.404023051] [lvdot_detector_node]: Processing phases: detection=idle lidar_detection=waiting_new_lidar tracking=idle classification=idle
[lvdot_detector_main-8] [INFO] [1776996563.404033345] [lvdot_detector_node]: Pipeline stats: depth_samples=1502/71300 u_map=2 depth_boxes=0 u_map_merge=0 u_map_db=0 u_map_visual=0 u_map_fused=0 u_map_filtered=0 lidar_samples=3038/150238 uv=1 db=13 lidar=78 fused=79 filtered=79 tracks=79 dynamic=0 dyn_points=0 raw_dyn_points=0 service=0/0 split=79->0 (79 outputs) fusion_components=79 visual_only=1 lidar_only=78 yolo_in=0 yolo_match3d=0 yolo_match_det=0 yolo_human=0 fixed_size=77 size_reject=0
[lvdot_detector_main-8] [INFO] [1776996563.405021620] [lvdot_detector_node]: get_dynamic_obstacles responded with 0 obstacles from 0 tracked dynamic boxes.
[lvdot_detector_main-8] [WARN] [1776996563.513660450] [lvdot_detector_node.rclcpp]: failed to send response to /onboard_detector/get_dynamic_obstacles (timeout): client will not receive response, at ./src/rmw_response.cpp:153, at ./src/rcl/service.c:400
[lvdot_detector_main-8] [INFO] [1776996572.145090453] [lvdot_detector_node]: Input health: depth=31 color=35 lidar=1 pose=55 odom=55 yolo=31 depth_pose_sync=0 lidar_pose_sync=0 depth_odom_sync=0 lidar_odom_sync=0
[lvdot_detector_main-8] [INFO] [1776996572.155099468] [lvdot_detector_node]: Stage timers: detection=44 lidar_detection=44 tracking=44 classification=44 vis=0
[lvdot_detector_main-8] [INFO] [1776996572.155117866] [lvdot_detector_node]: Processing phases: detection=idle lidar_detection=waiting_new_lidar tracking=idle classification=idle
[lvdot_detector_main-8] [INFO] [1776996572.155128672] [lvdot_detector_node]: Pipeline stats: depth_samples=1455/71300 u_map=1 depth_boxes=0 u_map_merge=0 u_map_db=0 u_map_visual=0 u_map_fused=0 u_map_filtered=0 lidar_samples=3038/150238 uv=1 db=10 lidar=78 fused=79 filtered=79 tracks=79 dynamic=0 dyn_points=0 raw_dyn_points=0 service=1/0 split=79->0 (79 outputs) fusion_components=79 visual_only=1 lidar_only=78 yolo_in=0 yolo_match3d=0 yolo_match_det=0 yolo_human=0 fixed_size=78 size_reject=0
[lvdot_detector_main-8] [INFO] [1776996580.186874131] [lvdot_detector_node]: Input health: depth=33 color=37 lidar=1 pose=57 odom=57 yolo=33 depth_pose_sync=0 lidar_pose_sync=0 depth_odom_sync=0 lidar_odom_sync=0
[lvdot_detector_main-8] [INFO] [1776996580.199137034] [lvdot_detector_node]: Stage timers: detection=46 lidar_detection=46 tracking=46 classification=46 vis=0
[lvdot_detector_main-8] [INFO] [1776996580.199151851] [lvdot_detector_node]: Processing phases: detection=idle lidar_detection=waiting_new_lidar tracking=idle classification=idle
[lvdot_detector_main-8] [INFO] [1776996580.199161244] [lvdot_detector_node]: Pipeline stats: depth_samples=1290/71300 u_map=1 depth_boxes=0 u_map_merge=0 u_map_db=0 u_map_visual=0 u_map_fused=0 u_map_filtered=0 lidar_samples=3038/150238 uv=0 db=9 lidar=78 fused=78 filtered=78 tracks=78 dynamic=0 dyn_points=0 raw_dyn_points=0 service=1/0 split=78->0 (78 outputs) fusion_components=78 visual_only=0 lidar_only=78 yolo_in=0 yolo_match3d=0 yolo_match_det=0 yolo_human=0 fixed_size=78 size_reject=0
[lvdot_detector_main-8] [INFO] [1776996588.904935015] [lvdot_detector_node]: Input health: depth=35 color=39 lidar=1 pose=59 odom=59 yolo=35 depth_pose_sync=0 lidar_pose_sync=0 depth_odom_sync=0 lidar_odom_sync=0
[lvdot_detector_main-8] [INFO] [1776996588.905013566] [lvdot_detector_node]: Stage timers: detection=48 lidar_detection=48 tracking=48 classification=48 vis=0
[lvdot_detector_main-8] [INFO] [1776996588.905025876] [lvdot_detector_node]: Processing phases: detection=idle lidar_detection=waiting_new_lidar tracking=idle classification=idle
[lvdot_detector_main-8] [INFO] [1776996588.905035256] [lvdot_detector_node]: Pipeline stats: depth_samples=875/71300 u_map=2 depth_boxes=0 u_map_merge=0 u_map_db=0 u_map_visual=0 u_map_fused=0 u_map_filtered=0 lidar_samples=3038/150238 uv=1 db=6 lidar=78 fused=79 filtered=79 tracks=80 dynamic=0 dyn_points=0 raw_dyn_points=0 service=1/0 split=79->0 (79 outputs) fusion_components=79 visual_only=1 lidar_only=78 yolo_in=4 yolo_match3d=1 yolo_match_det=1 yolo_human=1 fixed_size=78 size_reject=0
[uav_trajectory_controller-4] [WARN] [1776996592.361533053] [uav_trajectory_controller]: SetEntityPose request timed out after 0.51s on /world/pedestrian_prototype/set_pose; dropping the pending request and retrying.
[uav_trajectory_controller-4] [WARN] [1776996594.806586071] [uav_trajectory_controller]: SetEntityPose request timed out after 0.83s on /world/pedestrian_prototype/set_pose; dropping the pending request and retrying.
[lvdot_detector_main-8] [INFO] [1776996598.059836479] [lvdot_detector_node]: Input health: depth=37 color=41 lidar=1 pose=61 odom=61 yolo=37 depth_pose_sync=0 lidar_pose_sync=0 depth_odom_sync=0 lidar_odom_sync=0
[lvdot_detector_main-8] [INFO] [1776996598.060820693] [lvdot_detector_node]: Stage timers: detection=50 lidar_detection=50 tracking=50 classification=50 vis=0
[lvdot_detector_main-8] [INFO] [1776996598.060845298] [lvdot_detector_node]: Processing phases: detection=idle lidar_detection=waiting_new_lidar tracking=idle classification=idle
[lvdot_detector_main-8] [INFO] [1776996598.061900937] [lvdot_detector_node]: Pipeline stats: depth_samples=1324/71300 u_map=3 depth_boxes=0 u_map_merge=0 u_map_db=0 u_map_visual=0 u_map_fused=0 u_map_filtered=0 lidar_samples=3038/150238 uv=2 db=13 lidar=78 fused=80 filtered=80 tracks=79 dynamic=0 dyn_points=0 raw_dyn_points=0 service=1/0 split=80->0 (80 outputs) fusion_components=80 visual_only=2 lidar_only=78 yolo_in=0 yolo_match3d=0 yolo_match_det=0 yolo_human=0 fixed_size=78 size_reject=1
[lvdot_detector_main-8] [INFO] [1776996598.072418777] [lvdot_detector_node]: get_dynamic_obstacles responded with 0 obstacles from 0 tracked dynamic boxes.
[lvdot_detector_main-8] [WARN] [1776996598.173208951] [lvdot_detector_node.rclcpp]: failed to send response to /onboard_detector/get_dynamic_obstacles (timeout): client will not receive response, at ./src/rmw_response.cpp:153, at ./src/rcl/service.c:400
[uav_trajectory_controller-4] [WARN] [1776996604.974185994] [uav_trajectory_controller]: SetEntityPose request timed out after 0.50s on /world/pedestrian_prototype/set_pose; dropping the pending request and retrying.
[lvdot_detector_main-8] [INFO] [1776996606.297843911] [lvdot_detector_node]: Input health: depth=39 color=43 lidar=1 pose=63 odom=63 yolo=39 depth_pose_sync=0 lidar_pose_sync=0 depth_odom_sync=0 lidar_odom_sync=0
[lvdot_detector_main-8] [INFO] [1776996606.299118470] [lvdot_detector_node]: Stage timers: detection=52 lidar_detection=52 tracking=52 classification=52 vis=0
[lvdot_detector_main-8] [INFO] [1776996606.299923664] [lvdot_detector_node]: Processing phases: detection=idle lidar_detection=waiting_new_lidar tracking=idle classification=idle
[lvdot_detector_main-8] [INFO] [1776996606.299946647] [lvdot_detector_node]: Pipeline stats: depth_samples=1263/71300 u_map=2 depth_boxes=0 u_map_merge=0 u_map_db=0 u_map_visual=0 u_map_fused=0 u_map_filtered=0 lidar_samples=3038/150238 uv=1 db=10 lidar=78 fused=79 filtered=79 tracks=79 dynamic=0 dyn_points=0 raw_dyn_points=0 service=2/0 split=79->0 (79 outputs) fusion_components=79 visual_only=1 lidar_only=78 yolo_in=1 yolo_match3d=0 yolo_match_det=0 yolo_human=0 fixed_size=78 size_reject=0
[lvdot_detector_main-8] [INFO] [1776996606.311674470] [lvdot_detector_node]: get_dynamic_obstacles responded with 0 obstacles from 0 tracked dynamic boxes.
[lvdot_detector_main-8] [WARN] [1776996606.418066628] [lvdot_detector_node.rclcpp]: failed to send response to /onboard_detector/get_dynamic_obstacles (timeout): client will not receive response, at ./src/rmw_response.cpp:153, at ./src/rcl/service.c:400
[lvdot_detector_main-8] [INFO] [1776996614.237041626] [lvdot_detector_node]: Input health: depth=41 color=45 lidar=1 pose=65 odom=65 yolo=41 depth_pose_sync=0 lidar_pose_sync=0 depth_odom_sync=0 lidar_odom_sync=0
[lvdot_detector_main-8] [INFO] [1776996614.237108724] [lvdot_detector_node]: Stage timers: detection=54 lidar_detection=54 tracking=54 classification=54 vis=0
[lvdot_detector_main-8] [INFO] [1776996614.237119584] [lvdot_detector_node]: Processing phases: detection=idle lidar_detection=waiting_new_lidar tracking=idle classification=idle
[lvdot_detector_main-8] [INFO] [1776996614.237128116] [lvdot_detector_node]: Pipeline stats: depth_samples=1238/71300 u_map=3 depth_boxes=0 u_map_merge=0 u_map_db=0 u_map_visual=0 u_map_fused=0 u_map_filtered=0 lidar_samples=3038/150238 uv=1 db=8 lidar=78 fused=79 filtered=79 tracks=80 dynamic=0 dyn_points=0 raw_dyn_points=0 service=3/0 split=79->0 (79 outputs) fusion_components=79 visual_only=1 lidar_only=78 yolo_in=3 yolo_match3d=3 yolo_match_det=3 yolo_human=3 fixed_size=77 size_reject=0
[uav_trajectory_controller-4] [WARN] [1776996619.226262612] [uav_trajectory_controller]: SetEntityPose request timed out after 0.58s on /world/pedestrian_prototype/set_pose; dropping the pending request and retrying.
[lvdot_detector_main-8] [INFO] [1776996623.661272617] [lvdot_detector_node]: Input health: depth=43 color=47 lidar=1 pose=67 odom=67 yolo=43 depth_pose_sync=0 lidar_pose_sync=0 depth_odom_sync=0 lidar_odom_sync=0
[lvdot_detector_main-8] [INFO] [1776996623.662139268] [lvdot_detector_node]: Stage timers: detection=56 lidar_detection=56 tracking=56 classification=56 vis=0
[lvdot_detector_main-8] [INFO] [1776996623.662677398] [lvdot_detector_node]: Processing phases: detection=idle lidar_detection=waiting_new_lidar tracking=idle classification=idle
[lvdot_detector_main-8] [INFO] [1776996623.662696338] [lvdot_detector_node]: Pipeline stats: depth_samples=1470/71300 u_map=2 depth_boxes=0 u_map_merge=0 u_map_db=0 u_map_visual=0 u_map_fused=0 u_map_filtered=0 lidar_samples=3038/150238 uv=2 db=15 lidar=78 fused=80 filtered=80 tracks=79 dynamic=1 dyn_points=0 raw_dyn_points=0 service=3/0 split=80->0 (80 outputs) fusion_components=80 visual_only=2 lidar_only=78 yolo_in=1 yolo_match3d=1 yolo_match_det=1 yolo_human=1 fixed_size=78 size_reject=2
[lvdot_detector_main-8] [INFO] [1776996623.663516712] [lvdot_detector_node]: get_dynamic_obstacles responded with 1 obstacles from 1 tracked dynamic boxes.
[lvdot_detector_main-8] [WARN] [1776996623.769638502] [lvdot_detector_node.rclcpp]: failed to send response to /onboard_detector/get_dynamic_obstacles (timeout): client will not receive response, at ./src/rmw_response.cpp:153, at ./src/rcl/service.c:400
[uav_trajectory_controller-4] [WARN] [1776996628.072393352] [uav_trajectory_controller]: SetEntityPose request timed out after 0.85s on /world/pedestrian_prototype/set_pose; dropping the pending request and retrying.
[lvdot_detector_main-8] [INFO] [1776996635.621292988] [lvdot_detector_node]: Input health: depth=45 color=49 lidar=1 pose=69 odom=69 yolo=45 depth_pose_sync=0 lidar_pose_sync=0 depth_odom_sync=0 lidar_odom_sync=0
[lvdot_detector_main-8] [INFO] [1776996635.621410357] [lvdot_detector_node]: Stage timers: detection=58 lidar_detection=58 tracking=58 classification=58 vis=0
[lvdot_detector_main-8] [INFO] [1776996635.621428910] [lvdot_detector_node]: Processing phases: detection=idle lidar_detection=waiting_new_lidar tracking=idle classification=idle
[lvdot_detector_main-8] [INFO] [1776996635.621439065] [lvdot_detector_node]: Pipeline stats: depth_samples=1466/71300 u_map=3 depth_boxes=0 u_map_merge=0 u_map_db=0 u_map_visual=0 u_map_fused=0 u_map_filtered=0 lidar_samples=3038/150238 uv=1 db=18 lidar=78 fused=79 filtered=79 tracks=79 dynamic=1 dyn_points=0 raw_dyn_points=0 service=4/1 split=79->0 (79 outputs) fusion_components=79 visual_only=1 lidar_only=78 yolo_in=4 yolo_match3d=1 yolo_match_det=1 yolo_human=1 fixed_size=78 size_reject=0
[uav_trajectory_controller-4] [WARN] [1776996635.861010256] [uav_trajectory_controller]: SetEntityPose request timed out after 0.51s on /world/pedestrian_prototype/set_pose; dropping the pending request and retrying.
[uav_trajectory_controller-4] [WARN] [1776996644.855852939] [uav_trajectory_controller]: SetEntityPose request timed out after 0.51s on /world/pedestrian_prototype/set_pose; dropping the pending request and retrying.
[uav_trajectory_controller-4] [WARN] [1776996645.979858919] [uav_trajectory_controller]: SetEntityPose request timed out after 0.63s on /world/pedestrian_prototype/set_pose; dropping the pending request and retrying.
[lvdot_detector_main-8] [INFO] [1776996653.587413197] [lvdot_detector_node]: Input health: depth=47 color=51 lidar=2 pose=71 odom=71 yolo=47 depth_pose_sync=0 lidar_pose_sync=0 depth_odom_sync=0 lidar_odom_sync=0
[lvdot_detector_main-8] [INFO] [1776996653.587485384] [lvdot_detector_node]: Stage timers: detection=60 lidar_detection=60 tracking=60 classification=60 vis=0
[lvdot_detector_main-8] [INFO] [1776996653.587499548] [lvdot_detector_node]: Processing phases: detection=idle lidar_detection=waiting_new_lidar tracking=idle classification=idle
[lvdot_detector_main-8] [INFO] [1776996653.587510781] [lvdot_detector_node]: Pipeline stats: depth_samples=1343/71300 u_map=0 depth_boxes=0 u_map_merge=0 u_map_db=0 u_map_visual=0 u_map_fused=0 u_map_filtered=0 lidar_samples=3054/130980 uv=0 db=11 lidar=13 fused=13 filtered=13 tracks=14 dynamic=1 dyn_points=0 raw_dyn_points=0 service=4/1 split=13->0 (13 outputs) fusion_components=13 visual_only=0 lidar_only=13 yolo_in=0 yolo_match3d=0 yolo_match_det=0 yolo_human=0 fixed_size=2 size_reject=0
[uav_trajectory_controller-4] [WARN] [1776996656.100107649] [uav_trajectory_controller]: SetEntityPose request timed out after 0.50s on /world/pedestrian_prototype/set_pose; dropping the pending request and retrying.
[uav_trajectory_controller-4] [WARN] [1776996658.348288916] [uav_trajectory_controller]: SetEntityPose request timed out after 0.62s on /world/pedestrian_prototype/set_pose; dropping the pending request and retrying.
[lvdot_detector_main-8] [INFO] [1776996663.108919180] [lvdot_detector_node]: Input health: depth=49 color=53 lidar=2 pose=73 odom=73 yolo=49 depth_pose_sync=0 lidar_pose_sync=0 depth_odom_sync=0 lidar_odom_sync=0
[lvdot_detector_main-8] [INFO] [1776996663.109001712] [lvdot_detector_node]: Stage timers: detection=62 lidar_detection=62 tracking=62 classification=62 vis=0
[lvdot_detector_main-8] [INFO] [1776996663.109013857] [lvdot_detector_node]: Processing phases: detection=idle lidar_detection=waiting_new_lidar tracking=idle classification=idle
[lvdot_detector_main-8] [INFO] [1776996663.109023215] [lvdot_detector_node]: Pipeline stats: depth_samples=1822/71300 u_map=5 depth_boxes=0 u_map_merge=0 u_map_db=0 u_map_visual=0 u_map_fused=0 u_map_filtered=0 lidar_samples=3054/130980 uv=4 db=15 lidar=13 fused=17 filtered=17 tracks=14 dynamic=0 dyn_points=0 raw_dyn_points=0 service=4/1 split=17->0 (17 outputs) fusion_components=17 visual_only=4 lidar_only=13 yolo_in=3 yolo_match3d=1 yolo_match_det=1 yolo_human=1 fixed_size=6 size_reject=0
[uav_trajectory_controller-4] [WARN] [1776996664.221519325] [uav_trajectory_controller]: SetEntityPose request timed out after 0.61s on /world/pedestrian_prototype/set_pose; dropping the pending request and retrying.
[uav_trajectory_controller-4] [WARN] [1776996675.348002587] [uav_trajectory_controller]: SetEntityPose request timed out after 0.62s on /world/pedestrian_prototype/set_pose; dropping the pending request and retrying.
[uav_trajectory_controller-4] [WARN] [1776996678.476243730] [uav_trajectory_controller]: SetEntityPose request timed out after 0.63s on /world/pedestrian_prototype/set_pose; dropping the pending request and retrying.
[lvdot_detector_main-8] [INFO] [1776996680.409218744] [lvdot_detector_node]: Input health: depth=51 color=55 lidar=3 pose=75 odom=75 yolo=51 depth_pose_sync=0 lidar_pose_sync=0 depth_odom_sync=0 lidar_odom_sync=0
[lvdot_detector_main-8] [INFO] [1776996680.409308178] [lvdot_detector_node]: Stage timers: detection=64 lidar_detection=64 tracking=64 classification=64 vis=0
[lvdot_detector_main-8] [INFO] [1776996680.409321359] [lvdot_detector_node]: Processing phases: detection=idle lidar_detection=idle tracking=idle classification=idle
[lvdot_detector_main-8] [INFO] [1776996680.409331318] [lvdot_detector_node]: Pipeline stats: depth_samples=1700/71300 u_map=2 depth_boxes=0 u_map_merge=0 u_map_db=0 u_map_visual=0 u_map_fused=0 u_map_filtered=0 lidar_samples=3221/151704 uv=1 db=16 lidar=69 fused=70 filtered=70 tracks=14 dynamic=1 dyn_points=0 raw_dyn_points=0 service=4/1 split=70->0 (70 outputs) fusion_components=70 visual_only=1 lidar_only=69 yolo_in=1 yolo_match3d=1 yolo_match_det=1 yolo_human=1 fixed_size=6 size_reject=0
[uav_trajectory_controller-4] [WARN] [1776996683.348634918] [uav_trajectory_controller]: SetEntityPose request timed out after 0.62s on /world/pedestrian_prototype/set_pose; dropping the pending request and retrying.
[uav_trajectory_controller-4] [WARN] [1776996684.729262858] [uav_trajectory_controller]: SetEntityPose request timed out after 0.62s on /world/pedestrian_prototype/set_pose; dropping the pending request and retrying.
[uav_trajectory_controller-4] [WARN] [1776996689.229453930] [uav_trajectory_controller]: SetEntityPose request timed out after 0.63s on /world/pedestrian_prototype/set_pose; dropping the pending request and retrying.
[lvdot_detector_main-8] [INFO] [1776996690.297170393] [lvdot_detector_node]: Input health: depth=53 color=57 lidar=3 pose=77 odom=77 yolo=53 depth_pose_sync=0 lidar_pose_sync=0 depth_odom_sync=0 lidar_odom_sync=0
[lvdot_detector_main-8] [INFO] [1776996690.297232324] [lvdot_detector_node]: Stage timers: detection=66 lidar_detection=66 tracking=66 classification=66 vis=0
[lvdot_detector_main-8] [INFO] [1776996690.297243069] [lvdot_detector_node]: Processing phases: detection=idle lidar_detection=waiting_new_lidar tracking=idle classification=idle
[lvdot_detector_main-8] [INFO] [1776996690.297251763] [lvdot_detector_node]: Pipeline stats: depth_samples=1499/71300 u_map=2 depth_boxes=0 u_map_merge=0 u_map_db=0 u_map_visual=0 u_map_fused=0 u_map_filtered=0 lidar_samples=3221/151704 uv=1 db=11 lidar=69 fused=70 filtered=70 tracks=70 dynamic=0 dyn_points=0 raw_dyn_points=0 service=4/1 split=70->0 (70 outputs) fusion_components=70 visual_only=1 lidar_only=69 yolo_in=0 yolo_match3d=0 yolo_match_det=0 yolo_human=0 fixed_size=0 size_reject=1
[uav_trajectory_controller-4] [WARN] [1776996701.351651720] [uav_trajectory_controller]: SetEntityPose request timed out after 0.50s on /world/pedestrian_prototype/set_pose; dropping the pending request and retrying.
[lvdot_detector_main-8] [INFO] [1776996701.531418626] [lvdot_detector_node]: Input health: depth=55 color=59 lidar=3 pose=79 odom=79 yolo=55 depth_pose_sync=0 lidar_pose_sync=0 depth_odom_sync=0 lidar_odom_sync=0
[lvdot_detector_main-8] [INFO] [1776996701.531492553] [lvdot_detector_node]: Stage timers: detection=68 lidar_detection=68 tracking=68 classification=68 vis=0
[lvdot_detector_main-8] [INFO] [1776996701.531503686] [lvdot_detector_node]: Processing phases: detection=idle lidar_detection=waiting_new_lidar tracking=idle classification=idle
[lvdot_detector_main-8] [INFO] [1776996701.531512475] [lvdot_detector_node]: Pipeline stats: depth_samples=1328/71300 u_map=2 depth_boxes=0 u_map_merge=0 u_map_db=0 u_map_visual=0 u_map_fused=0 u_map_filtered=0 lidar_samples=3221/151704 uv=2 db=11 lidar=69 fused=71 filtered=71 tracks=69 dynamic=0 dyn_points=0 raw_dyn_points=0 service=4/1 split=71->0 (71 outputs) fusion_components=71 visual_only=2 lidar_only=69 yolo_in=0 yolo_match3d=0 yolo_match_det=0 yolo_human=0 fixed_size=0 size_reject=0
[uav_trajectory_controller-4] [WARN] [1776996709.484788788] [uav_trajectory_controller]: SetEntityPose request timed out after 0.51s on /world/pedestrian_prototype/set_pose; dropping the pending request and retrying.
[lvdot_detector_main-8] [INFO] [1776996710.420523006] [lvdot_detector_node]: Input health: depth=57 color=61 lidar=3 pose=81 odom=81 yolo=57 depth_pose_sync=0 lidar_pose_sync=0 depth_odom_sync=0 lidar_odom_sync=0
[lvdot_detector_main-8] [INFO] [1776996710.441828638] [lvdot_detector_node]: Stage timers: detection=70 lidar_detection=70 tracking=70 classification=70 vis=0
[lvdot_detector_main-8] [INFO] [1776996710.445370955] [lvdot_detector_node]: Processing phases: detection=idle lidar_detection=waiting_new_lidar tracking=idle classification=idle
[lvdot_detector_main-8] [INFO] [1776996710.445386010] [lvdot_detector_node]: Pipeline stats: depth_samples=1322/71300 u_map=0 depth_boxes=0 u_map_merge=0 u_map_db=0 u_map_visual=0 u_map_fused=0 u_map_filtered=0 lidar_samples=3221/151704 uv=0 db=14 lidar=69 fused=69 filtered=69 tracks=70 dynamic=0 dyn_points=0 raw_dyn_points=0 service=4/1 split=69->0 (69 outputs) fusion_components=69 visual_only=0 lidar_only=69 yolo_in=0 yolo_match3d=0 yolo_match_det=0 yolo_human=0 fixed_size=0 size_reject=0
[lvdot_detector_main-8] [INFO] [1776996728.304927645] [lvdot_detector_node]: Input health: depth=59 color=63 lidar=4 pose=83 odom=83 yolo=59 depth_pose_sync=0 lidar_pose_sync=0 depth_odom_sync=0 lidar_odom_sync=0
[lvdot_detector_main-8] [INFO] [1776996728.309306921] [lvdot_detector_node]: Stage timers: detection=72 lidar_detection=72 tracking=72 classification=72 vis=0
[lvdot_detector_main-8] [INFO] [1776996728.310121120] [lvdot_detector_node]: Processing phases: detection=idle lidar_detection=waiting_new_lidar tracking=idle classification=idle
[lvdot_detector_main-8] [INFO] [1776996728.310153182] [lvdot_detector_node]: Pipeline stats: depth_samples=1383/71300 u_map=1 depth_boxes=0 u_map_merge=0 u_map_db=0 u_map_visual=0 u_map_fused=0 u_map_filtered=0 lidar_samples=3450/108073 uv=1 db=10 lidar=10 fused=11 filtered=11 tracks=12 dynamic=0 dyn_points=0 raw_dyn_points=0 service=4/1 split=11->0 (11 outputs) fusion_components=11 visual_only=1 lidar_only=10 yolo_in=1 yolo_match3d=1 yolo_match_det=1 yolo_human=1 fixed_size=0 size_reject=0
[uav_trajectory_controller-4] [WARN] [1776996734.347381319] [uav_trajectory_controller]: SetEntityPose request timed out after 0.62s on /world/pedestrian_prototype/set_pose; dropping the pending request and retrying.
[lvdot_detector_main-8] [INFO] [1776996734.944365447] [lvdot_detector_node]: Input health: depth=61 color=65 lidar=4 pose=85 odom=85 yolo=61 depth_pose_sync=0 lidar_pose_sync=0 depth_odom_sync=0 lidar_odom_sync=0
[lvdot_detector_main-8] [INFO] [1776996734.944439777] [lvdot_detector_node]: Stage timers: detection=74 lidar_detection=74 tracking=74 classification=74 vis=0
[lvdot_detector_main-8] [INFO] [1776996734.944455618] [lvdot_detector_node]: Processing phases: detection=idle lidar_detection=waiting_new_lidar tracking=idle classification=idle
[lvdot_detector_main-8] [INFO] [1776996734.944466787] [lvdot_detector_node]: Pipeline stats: depth_samples=1160/66700 u_map=4 depth_boxes=0 u_map_merge=0 u_map_db=0 u_map_visual=0 u_map_fused=0 u_map_filtered=0 lidar_samples=3450/108073 uv=2 db=8 lidar=10 fused=12 filtered=12 tracks=12 dynamic=1 dyn_points=0 raw_dyn_points=0 service=4/1 split=12->0 (12 outputs) fusion_components=12 visual_only=2 lidar_only=10 yolo_in=1 yolo_match3d=1 yolo_match_det=1 yolo_human=1 fixed_size=1 size_reject=0
[lvdot_detector_main-8] [INFO] [1776996742.590218515] [lvdot_detector_node]: Input health: depth=63 color=67 lidar=4 pose=87 odom=87 yolo=63 depth_pose_sync=0 lidar_pose_sync=0 depth_odom_sync=0 lidar_odom_sync=0
[lvdot_detector_main-8] [INFO] [1776996742.590297814] [lvdot_detector_node]: Stage timers: detection=76 lidar_detection=76 tracking=76 classification=76 vis=0
[lvdot_detector_main-8] [INFO] [1776996742.590315490] [lvdot_detector_node]: Processing phases: detection=idle lidar_detection=waiting_new_lidar tracking=idle classification=idle
[lvdot_detector_main-8] [INFO] [1776996742.590325060] [lvdot_detector_node]: Pipeline stats: depth_samples=1392/71300 u_map=2 depth_boxes=0 u_map_merge=0 u_map_db=0 u_map_visual=0 u_map_fused=0 u_map_filtered=0 lidar_samples=3450/108073 uv=2 db=9 lidar=10 fused=12 filtered=13 tracks=12 dynamic=1 dyn_points=0 raw_dyn_points=0 service=4/1 split=12->1 (13 outputs) fusion_components=12 visual_only=2 lidar_only=10 yolo_in=4 yolo_match3d=2 yolo_match_det=4 yolo_human=3 fixed_size=1 size_reject=0
[lvdot_detector_main-8] [INFO] [1776996748.971801834] [lvdot_detector_node]: Input health: depth=65 color=69 lidar=4 pose=89 odom=89 yolo=65 depth_pose_sync=0 lidar_pose_sync=0 depth_odom_sync=0 lidar_odom_sync=0
[lvdot_detector_main-8] [INFO] [1776996748.974519464] [lvdot_detector_node]: Stage timers: detection=78 lidar_detection=78 tracking=78 classification=78 vis=0
[lvdot_detector_main-8] [INFO] [1776996748.974563410] [lvdot_detector_node]: Processing phases: detection=idle lidar_detection=waiting_new_lidar tracking=idle classification=idle
[lvdot_detector_main-8] [INFO] [1776996748.974580500] [lvdot_detector_node]: Pipeline stats: depth_samples=1326/71300 u_map=0 depth_boxes=0 u_map_merge=0 u_map_db=0 u_map_visual=0 u_map_fused=0 u_map_filtered=0 lidar_samples=3450/108073 uv=0 db=12 lidar=10 fused=10 filtered=10 tracks=11 dynamic=1 dyn_points=0 raw_dyn_points=0 service=4/1 split=10->0 (10 outputs) fusion_components=10 visual_only=0 lidar_only=10 yolo_in=0 yolo_match3d=0 yolo_match_det=0 yolo_human=0 fixed_size=1 size_reject=2
[lvdot_detector_main-8] [INFO] [1776996751.503581996] [lvdot_detector_node]: get_dynamic_obstacles responded with 0 obstacles from 0 tracked dynamic boxes.
[lvdot_detector_main-8] [WARN] [1776996751.644463393] [lvdot_detector_node.rclcpp]: failed to send response to /onboard_detector/get_dynamic_obstacles (timeout): client will not receive response, at ./src/rmw_response.cpp:153, at ./src/rcl/service.c:400
[lvdot_detector_main-8] [INFO] [1776996754.511894831] [lvdot_detector_node]: Input health: depth=67 color=71 lidar=4 pose=91 odom=91 yolo=67 depth_pose_sync=0 lidar_pose_sync=0 depth_odom_sync=0 lidar_odom_sync=0
[lvdot_detector_main-8] [INFO] [1776996754.513205520] [lvdot_detector_node]: Stage timers: detection=80 lidar_detection=80 tracking=80 classification=80 vis=0
[lvdot_detector_main-8] [INFO] [1776996754.513937919] [lvdot_detector_node]: Processing phases: detection=idle lidar_detection=waiting_new_lidar tracking=idle classification=idle
[lvdot_detector_main-8] [INFO] [1776996754.515200297] [lvdot_detector_node]: Pipeline stats: depth_samples=1506/71300 u_map=3 depth_boxes=0 u_map_merge=0 u_map_db=0 u_map_visual=0 u_map_fused=0 u_map_filtered=0 lidar_samples=3450/108073 uv=1 db=16 lidar=10 fused=11 filtered=11 tracks=10 dynamic=0 dyn_points=0 raw_dyn_points=0 service=5/0 split=11->0 (11 outputs) fusion_components=11 visual_only=1 lidar_only=10 yolo_in=3 yolo_match3d=1 yolo_match_det=1 yolo_human=1 fixed_size=1 size_reject=0
[lvdot_detector_main-8] [INFO] [1776996762.122619766] [lvdot_detector_node]: Input health: depth=69 color=73 lidar=4 pose=93 odom=93 yolo=69 depth_pose_sync=0 lidar_pose_sync=0 depth_odom_sync=0 lidar_odom_sync=0
[lvdot_detector_main-8] [INFO] [1776996762.122682198] [lvdot_detector_node]: Stage timers: detection=82 lidar_detection=82 tracking=82 classification=82 vis=0
[lvdot_detector_main-8] [INFO] [1776996762.122692750] [lvdot_detector_node]: Processing phases: detection=idle lidar_detection=waiting_new_lidar tracking=idle classification=idle
[lvdot_detector_main-8] [INFO] [1776996762.122701250] [lvdot_detector_node]: Pipeline stats: depth_samples=1383/71300 u_map=1 depth_boxes=0 u_map_merge=0 u_map_db=0 u_map_visual=0 u_map_fused=0 u_map_filtered=0 lidar_samples=3450/108073 uv=1 db=10 lidar=10 fused=11 filtered=11 tracks=12 dynamic=1 dyn_points=0 raw_dyn_points=0 service=5/0 split=11->1 (11 outputs) fusion_components=11 visual_only=1 lidar_only=10 yolo_in=4 yolo_match3d=1 yolo_match_det=2 yolo_human=0 fixed_size=10 size_reject=0
[lvdot_detector_main-8] [INFO] [1776996762.123256593] [lvdot_detector_node]: get_dynamic_obstacles responded with 1 obstacles from 1 tracked dynamic boxes.
[lvdot_detector_main-8] [WARN] [1776996762.223549140] [lvdot_detector_node.rclcpp]: failed to send response to /onboard_detector/get_dynamic_obstacles (timeout): client will not receive response, at ./src/rmw_response.cpp:153, at ./src/rcl/service.c:400
[lvdot_detector_main-8] [INFO] [1776996768.562724767] [lvdot_detector_node]: Input health: depth=71 color=75 lidar=4 pose=95 odom=95 yolo=71 depth_pose_sync=0 lidar_pose_sync=0 depth_odom_sync=0 lidar_odom_sync=0
[lvdot_detector_main-8] [INFO] [1776996768.563318828] [lvdot_detector_node]: Stage timers: detection=84 lidar_detection=84 tracking=84 classification=84 vis=0
[lvdot_detector_main-8] [INFO] [1776996768.569267665] [lvdot_detector_node]: Processing phases: detection=idle lidar_detection=waiting_new_lidar tracking=idle classification=idle
[lvdot_detector_main-8] [INFO] [1776996768.570043730] [lvdot_detector_node]: Pipeline stats: depth_samples=1497/71300 u_map=1 depth_boxes=0 u_map_merge=0 u_map_db=0 u_map_visual=0 u_map_fused=0 u_map_filtered=0 lidar_samples=3450/108073 uv=1 db=10 lidar=10 fused=11 filtered=11 tracks=12 dynamic=0 dyn_points=0 raw_dyn_points=0 service=6/1 split=11->1 (11 outputs) fusion_components=11 visual_only=1 lidar_only=10 yolo_in=6 yolo_match3d=1 yolo_match_det=3 yolo_human=1 fixed_size=10 size_reject=0
[uav_trajectory_controller-4] [WARN] [1776996775.857623611] [uav_trajectory_controller]: SetEntityPose request timed out after 0.51s on /world/pedestrian_prototype/set_pose; dropping the pending request and retrying.
[lvdot_detector_main-8] [INFO] [1776996779.879405430] [lvdot_detector_node]: Input health: depth=75 color=79 lidar=4 pose=99 odom=99 yolo=75 depth_pose_sync=0 lidar_pose_sync=0 depth_odom_sync=0 lidar_odom_sync=0
[lvdot_detector_main-8] [INFO] [1776996779.880181871] [lvdot_detector_node]: Stage timers: detection=88 lidar_detection=88 tracking=88 classification=88 vis=0
[lvdot_detector_main-8] [INFO] [1776996779.880215880] [lvdot_detector_node]: Processing phases: detection=idle lidar_detection=waiting_new_lidar tracking=idle classification=idle
[lvdot_detector_main-8] [INFO] [1776996779.880225725] [lvdot_detector_node]: Pipeline stats: depth_samples=1729/70699 u_map=2 depth_boxes=0 u_map_merge=0 u_map_db=0 u_map_visual=0 u_map_fused=0 u_map_filtered=0 lidar_samples=3450/108073 uv=1 db=14 lidar=10 fused=11 filtered=11 tracks=13 dynamic=1 dyn_points=0 raw_dyn_points=0 service=6/1 split=11->0 (11 outputs) fusion_components=11 visual_only=1 lidar_only=10 yolo_in=0 yolo_match3d=0 yolo_match_det=0 yolo_human=0 fixed_size=10 size_reject=0
[uav_trajectory_controller-4] [WARN] [1776996783.104744343] [uav_trajectory_controller]: SetEntityPose request timed out after 0.50s on /world/pedestrian_prototype/set_pose; dropping the pending request and retrying.
[lvdot_detector_main-8] [INFO] [1776996787.961113034] [lvdot_detector_node]: Input health: depth=77 color=81 lidar=4 pose=101 odom=101 yolo=77 depth_pose_sync=0 lidar_pose_sync=0 depth_odom_sync=0 lidar_odom_sync=0
[lvdot_detector_main-8] [INFO] [1776996787.962890185] [lvdot_detector_node]: Stage timers: detection=90 lidar_detection=90 tracking=90 classification=90 vis=0
[lvdot_detector_main-8] [INFO] [1776996787.962914280] [lvdot_detector_node]: Processing phases: detection=idle lidar_detection=waiting_new_lidar tracking=idle classification=idle
[lvdot_detector_main-8] [INFO] [1776996787.962923879] [lvdot_detector_node]: Pipeline stats: depth_samples=1746/71300 u_map=1 depth_boxes=0 u_map_merge=0 u_map_db=0 u_map_visual=0 u_map_fused=0 u_map_filtered=0 lidar_samples=3450/108073 uv=1 db=13 lidar=10 fused=11 filtered=11 tracks=13 dynamic=0 dyn_points=0 raw_dyn_points=0 service=6/1 split=11->0 (11 outputs) fusion_components=11 visual_only=1 lidar_only=10 yolo_in=3 yolo_match3d=1 yolo_match_det=1 yolo_human=1 fixed_size=10 size_reject=0
[uav_trajectory_controller-4] [WARN] [1776996788.361937119] [uav_trajectory_controller]: SetEntityPose request timed out after 0.51s on /world/pedestrian_prototype/set_pose; dropping the pending request and retrying.
[lvdot_detector_main-8] [INFO] [1776996794.972669068] [lvdot_detector_node]: Input health: depth=79 color=83 lidar=4 pose=103 odom=103 yolo=79 depth_pose_sync=0 lidar_pose_sync=0 depth_odom_sync=0 lidar_odom_sync=0
[lvdot_detector_main-8] [INFO] [1776996794.973496734] [lvdot_detector_node]: Stage timers: detection=92 lidar_detection=92 tracking=92 classification=92 vis=0
[lvdot_detector_main-8] [INFO] [1776996794.974047478] [lvdot_detector_node]: Processing phases: detection=idle lidar_detection=waiting_new_lidar tracking=idle classification=idle
[lvdot_detector_main-8] [INFO] [1776996794.974665248] [lvdot_detector_node]: Pipeline stats: depth_samples=1404/71300 u_map=2 depth_boxes=0 u_map_merge=0 u_map_db=0 u_map_visual=0 u_map_fused=0 u_map_filtered=0 lidar_samples=3450/108073 uv=2 db=14 lidar=10 fused=12 filtered=12 tracks=11 dynamic=1 dyn_points=0 raw_dyn_points=0 service=6/1 split=12->0 (12 outputs) fusion_components=12 visual_only=2 lidar_only=10 yolo_in=1 yolo_match3d=1 yolo_match_det=1 yolo_human=1 fixed_size=10 size_reject=0
[lvdot_detector_main-8] [INFO] [1776996802.043827082] [lvdot_detector_node]: Input health: depth=81 color=85 lidar=4 pose=105 odom=105 yolo=81 depth_pose_sync=0 lidar_pose_sync=0 depth_odom_sync=0 lidar_odom_sync=0
[lvdot_detector_main-8] [INFO] [1776996802.048174176] [lvdot_detector_node]: Stage timers: detection=94 lidar_detection=94 tracking=94 classification=94 vis=0
[lvdot_detector_main-8] [INFO] [1776996802.048192907] [lvdot_detector_node]: Processing phases: detection=idle lidar_detection=waiting_new_lidar tracking=idle classification=idle
[lvdot_detector_main-8] [INFO] [1776996802.048202078] [lvdot_detector_node]: Pipeline stats: depth_samples=1313/71300 u_map=2 depth_boxes=0 u_map_merge=0 u_map_db=0 u_map_visual=0 u_map_fused=0 u_map_filtered=0 lidar_samples=3450/108073 uv=0 db=10 lidar=10 fused=10 filtered=10 tracks=10 dynamic=1 dyn_points=0 raw_dyn_points=0 service=6/1 split=10->0 (10 outputs) fusion_components=10 visual_only=0 lidar_only=10 yolo_in=3 yolo_match3d=0 yolo_match_det=0 yolo_human=0 fixed_size=10 size_reject=0
[uav_trajectory_controller-4] [WARN] [1776996808.242179443] [uav_trajectory_controller]: SetEntityPose request timed out after 0.76s on /world/pedestrian_prototype/set_pose; dropping the pending request and retrying.
[lvdot_detector_main-8] [INFO] [1776996809.987492365] [lvdot_detector_node]: Input health: depth=83 color=87 lidar=4 pose=107 odom=107 yolo=83 depth_pose_sync=0 lidar_pose_sync=0 depth_odom_sync=0 lidar_odom_sync=0
[lvdot_detector_main-8] [INFO] [1776996810.003043079] [lvdot_detector_node]: Stage timers: detection=96 lidar_detection=96 tracking=96 classification=96 vis=0
[lvdot_detector_main-8] [INFO] [1776996810.003661379] [lvdot_detector_node]: Processing phases: detection=idle lidar_detection=waiting_new_lidar tracking=idle classification=idle
[lvdot_detector_main-8] [INFO] [1776996810.003681305] [lvdot_detector_node]: Pipeline stats: depth_samples=1741/71300 u_map=3 depth_boxes=0 u_map_merge=0 u_map_db=0 u_map_visual=0 u_map_fused=0 u_map_filtered=0 lidar_samples=3450/108073 uv=1 db=13 lidar=10 fused=11 filtered=11 tracks=12 dynamic=0 dyn_points=0 raw_dyn_points=0 service=6/1 split=11->0 (11 outputs) fusion_components=11 visual_only=1 lidar_only=10 yolo_in=2 yolo_match3d=1 yolo_match_det=1 yolo_human=1 fixed_size=10 size_reject=0
[lvdot_detector_main-8] [INFO] [1776996815.546700285] [lvdot_detector_node]: Input health: depth=85 color=89 lidar=4 pose=109 odom=109 yolo=85 depth_pose_sync=0 lidar_pose_sync=0 depth_odom_sync=0 lidar_odom_sync=0
[lvdot_detector_main-8] [INFO] [1776996815.546792278] [lvdot_detector_node]: Stage timers: detection=98 lidar_detection=98 tracking=98 classification=98 vis=0
[lvdot_detector_main-8] [INFO] [1776996815.546810931] [lvdot_detector_node]: Processing phases: detection=idle lidar_detection=waiting_new_lidar tracking=idle classification=idle
[lvdot_detector_main-8] [INFO] [1776996815.546822650] [lvdot_detector_node]: Pipeline stats: depth_samples=1313/71300 u_map=3 depth_boxes=0 u_map_merge=0 u_map_db=0 u_map_visual=0 u_map_fused=0 u_map_filtered=0 lidar_samples=3450/108073 uv=2 db=8 lidar=10 fused=12 filtered=13 tracks=11 dynamic=1 dyn_points=0 raw_dyn_points=0 service=6/1 split=12->1 (13 outputs) fusion_components=12 visual_only=2 lidar_only=10 yolo_in=2 yolo_match3d=1 yolo_match_det=2 yolo_human=2 fixed_size=10 size_reject=0
[lvdot_detector_main-8] [INFO] [1776996823.438845953] [lvdot_detector_node]: Input health: depth=89 color=93 lidar=4 pose=113 odom=113 yolo=89 depth_pose_sync=0 lidar_pose_sync=0 depth_odom_sync=0 lidar_odom_sync=0
[lvdot_detector_main-8] [INFO] [1776996823.438916535] [lvdot_detector_node]: Stage timers: detection=102 lidar_detection=102 tracking=102 classification=102 vis=0
[lvdot_detector_main-8] [INFO] [1776996823.438929793] [lvdot_detector_node]: Processing phases: detection=idle lidar_detection=waiting_new_lidar tracking=idle classification=idle
[lvdot_detector_main-8] [INFO] [1776996823.438939932] [lvdot_detector_node]: Pipeline stats: depth_samples=1384/71300 u_map=2 depth_boxes=0 u_map_merge=0 u_map_db=0 u_map_visual=0 u_map_fused=0 u_map_filtered=0 lidar_samples=3450/108073 uv=2 db=11 lidar=10 fused=12 filtered=12 tracks=13 dynamic=0 dyn_points=0 raw_dyn_points=0 service=6/1 split=12->0 (12 outputs) fusion_components=12 visual_only=2 lidar_only=10 yolo_in=0 yolo_match3d=0 yolo_match_det=0 yolo_human=0 fixed_size=10 size_reject=0
[lvdot_detector_main-8] [INFO] [1776996832.419225495] [lvdot_detector_node]: Input health: depth=93 color=97 lidar=4 pose=117 odom=117 yolo=93 depth_pose_sync=0 lidar_pose_sync=0 depth_odom_sync=0 lidar_odom_sync=0
[lvdot_detector_main-8] [INFO] [1776996832.431172642] [lvdot_detector_node]: Stage timers: detection=106 lidar_detection=106 tracking=106 classification=106 vis=0
[lvdot_detector_main-8] [INFO] [1776996832.431188620] [lvdot_detector_node]: Processing phases: detection=idle lidar_detection=waiting_new_lidar tracking=idle classification=idle
[lvdot_detector_main-8] [INFO] [1776996832.431197933] [lvdot_detector_node]: Pipeline stats: depth_samples=837/53182 u_map=2 depth_boxes=0 u_map_merge=0 u_map_db=0 u_map_visual=0 u_map_fused=0 u_map_filtered=0 lidar_samples=3450/108073 uv=2 db=6 lidar=10 fused=12 filtered=12 tracks=10 dynamic=0 dyn_points=0 raw_dyn_points=0 service=6/1 split=12->1 (12 outputs) fusion_components=12 visual_only=2 lidar_only=10 yolo_in=2 yolo_match3d=1 yolo_match_det=2 yolo_human=1 fixed_size=10 size_reject=0
[uav_trajectory_controller-4] [WARN] [1776996834.486155729] [uav_trajectory_controller]: SetEntityPose request timed out after 0.64s on /world/pedestrian_prototype/set_pose; dropping the pending request and retrying.
[uav_trajectory_controller-4] [WARN] [1776996835.227991081] [uav_trajectory_controller]: SetEntityPose request timed out after 0.62s on /world/pedestrian_prototype/set_pose; dropping the pending request and retrying.
[uav_trajectory_controller-4] [WARN] [1776996838.346480660] [uav_trajectory_controller]: SetEntityPose request timed out after 0.62s on /world/pedestrian_prototype/set_pose; dropping the pending request and retrying.
[lvdot_detector_main-8] [INFO] [1776996839.789997451] [lvdot_detector_node]: Input health: depth=95 color=99 lidar=4 pose=119 odom=119 yolo=95 depth_pose_sync=0 lidar_pose_sync=0 depth_odom_sync=0 lidar_odom_sync=0
[lvdot_detector_main-8] [INFO] [1776996839.790069794] [lvdot_detector_node]: Stage timers: detection=108 lidar_detection=108 tracking=108 classification=108 vis=0
[lvdot_detector_main-8] [INFO] [1776996839.790080675] [lvdot_detector_node]: Processing phases: detection=idle lidar_detection=waiting_new_lidar tracking=idle classification=idle
[lvdot_detector_main-8] [INFO] [1776996839.790089498] [lvdot_detector_node]: Pipeline stats: depth_samples=1774/71300 u_map=2 depth_boxes=0 u_map_merge=0 u_map_db=0 u_map_visual=0 u_map_fused=0 u_map_filtered=0 lidar_samples=3450/108073 uv=1 db=19 lidar=10 fused=11 filtered=11 tracks=14 dynamic=0 dyn_points=0 raw_dyn_points=0 service=6/1 split=11->0 (11 outputs) fusion_components=11 visual_only=1 lidar_only=10 yolo_in=1 yolo_match3d=0 yolo_match_det=0 yolo_human=0 fixed_size=10 size_reject=1
[uav_trajectory_controller-4] [WARN] [1776996841.556074734] [uav_trajectory_controller]: SetEntityPose request timed out after 0.83s on /world/pedestrian_prototype/set_pose; dropping the pending request and retrying.
[lvdot_detector_main-8] [INFO] [1776996846.138802079] [lvdot_detector_node]: Input health: depth=97 color=101 lidar=4 pose=121 odom=121 yolo=97 depth_pose_sync=0 lidar_pose_sync=0 depth_odom_sync=0 lidar_odom_sync=0
[lvdot_detector_main-8] [INFO] [1776996846.138917120] [lvdot_detector_node]: Stage timers: detection=110 lidar_detection=110 tracking=110 classification=110 vis=0
[lvdot_detector_main-8] [INFO] [1776996846.138937433] [lvdot_detector_node]: Processing phases: detection=idle lidar_detection=waiting_new_lidar tracking=idle classification=idle
[lvdot_detector_main-8] [INFO] [1776996846.138948663] [lvdot_detector_node]: Pipeline stats: depth_samples=1312/71300 u_map=2 depth_boxes=0 u_map_merge=0 u_map_db=0 u_map_visual=0 u_map_fused=0 u_map_filtered=0 lidar_samples=3450/108073 uv=2 db=8 lidar=10 fused=12 filtered=12 tracks=11 dynamic=0 dyn_points=0 raw_dyn_points=0 service=6/1 split=12->0 (12 outputs) fusion_components=12 visual_only=2 lidar_only=10 yolo_in=1 yolo_match3d=0 yolo_match_det=0 yolo_human=0 fixed_size=10 size_reject=0
[uav_trajectory_controller-4] [WARN] [1776996850.222484107] [uav_trajectory_controller]: SetEntityPose request timed out after 0.61s on /world/pedestrian_prototype/set_pose; dropping the pending request and retrying.
[uav_trajectory_controller-4] [WARN] [1776996850.970858559] [uav_trajectory_controller]: SetEntityPose request timed out after 0.62s on /world/pedestrian_prototype/set_pose; dropping the pending request and retrying.
[uav_trajectory_controller-4] [WARN] [1776996851.730229230] [uav_trajectory_controller]: SetEntityPose request timed out after 0.63s on /world/pedestrian_prototype/set_pose; dropping the pending request and retrying.
[lvdot_detector_main-8] [INFO] [1776996851.842740359] [lvdot_detector_node]: Input health: depth=99 color=103 lidar=4 pose=123 odom=123 yolo=99 depth_pose_sync=0 lidar_pose_sync=0 depth_odom_sync=0 lidar_odom_sync=0
[lvdot_detector_main-8] [INFO] [1776996851.842815815] [lvdot_detector_node]: Stage timers: detection=112 lidar_detection=112 tracking=112 classification=112 vis=0
[lvdot_detector_main-8] [INFO] [1776996851.842824950] [lvdot_detector_node]: Processing phases: detection=idle lidar_detection=waiting_new_lidar tracking=idle classification=idle
[lvdot_detector_main-8] [INFO] [1776996851.842852163] [lvdot_detector_node]: Pipeline stats: depth_samples=1385/71300 u_map=1 depth_boxes=0 u_map_merge=0 u_map_db=0 u_map_visual=0 u_map_fused=0 u_map_filtered=0 lidar_samples=3450/108073 uv=0 db=11 lidar=10 fused=10 filtered=10 tracks=12 dynamic=0 dyn_points=0 raw_dyn_points=0 service=6/1 split=10->0 (10 outputs) fusion_components=10 visual_only=0 lidar_only=10 yolo_in=2 yolo_match3d=0 yolo_match_det=0 yolo_human=0 fixed_size=10 size_reject=0
[uav_trajectory_controller-4] [WARN] [1776996852.355905893] [uav_trajectory_controller]: SetEntityPose request timed out after 0.51s on /world/pedestrian_prototype/set_pose; dropping the pending request and retrying.
[uav_trajectory_controller-4] [WARN] [1776996853.107385271] [uav_trajectory_controller]: SetEntityPose request timed out after 0.64s on /world/pedestrian_prototype/set_pose; dropping the pending request and retrying.
[uav_trajectory_controller-4] [WARN] [1776996853.859271902] [uav_trajectory_controller]: SetEntityPose request timed out after 0.64s on /world/pedestrian_prototype/set_pose; dropping the pending request and retrying.
[uav_trajectory_controller-4] [WARN] [1776996854.602584520] [uav_trajectory_controller]: SetEntityPose request timed out after 0.63s on /world/pedestrian_prototype/set_pose; dropping the pending request and retrying.
[uav_trajectory_controller-4] [WARN] [1776996855.345802842] [uav_trajectory_controller]: SetEntityPose request timed out after 0.62s on /world/pedestrian_prototype/set_pose; dropping the pending request and retrying.
[uav_trajectory_controller-4] [WARN] [1776996856.095843321] [uav_trajectory_controller]: SetEntityPose request timed out after 0.62s on /world/pedestrian_prototype/set_pose; dropping the pending request and retrying.
[uav_trajectory_controller-4] [WARN] [1776996856.845966203] [uav_trajectory_controller]: SetEntityPose request timed out after 0.62s on /world/pedestrian_prototype/set_pose; dropping the pending request and retrying.
[uav_trajectory_controller-4] [WARN] [1776996857.846313760] [uav_trajectory_controller]: SetEntityPose request timed out after 0.53s on /world/pedestrian_prototype/set_pose; dropping the pending request and retrying.
[uav_trajectory_controller-4] [WARN] [1776996858.597292226] [uav_trajectory_controller]: SetEntityPose request timed out after 0.62s on /world/pedestrian_prototype/set_pose; dropping the pending request and retrying.
[uav_trajectory_controller-4] [WARN] [1776996860.095905706] [uav_trajectory_controller]: SetEntityPose request timed out after 0.56s on /world/pedestrian_prototype/set_pose; dropping the pending request and retrying.
[lvdot_detector_main-8] [INFO] [1776996860.884988637] [lvdot_detector_node]: Input health: depth=103 color=107 lidar=5 pose=130 odom=130 yolo=106 depth_pose_sync=0 lidar_pose_sync=0 depth_odom_sync=0 lidar_odom_sync=0
[lvdot_detector_main-8] [INFO] [1776996860.885067791] [lvdot_detector_node]: Stage timers: detection=119 lidar_detection=119 tracking=119 classification=119 vis=0
[lvdot_detector_main-8] [INFO] [1776996860.885077491] [lvdot_detector_node]: Processing phases: detection=idle lidar_detection=waiting_new_lidar tracking=idle classification=idle
[lvdot_detector_main-8] [INFO] [1776996860.885084087] [lvdot_detector_node]: Pipeline stats: depth_samples=1263/71300 u_map=2 depth_boxes=0 u_map_merge=0 u_map_db=0 u_map_visual=0 u_map_fused=0 u_map_filtered=0 lidar_samples=3087/124018 uv=1 db=10 lidar=9 fused=10 filtered=10 tracks=10 dynamic=0 dyn_points=0 raw_dyn_points=0 service=6/1 split=10->0 (10 outputs) fusion_components=10 visual_only=1 lidar_only=9 yolo_in=5 yolo_match3d=1 yolo_match_det=1 yolo_human=1 fixed_size=0 size_reject=0
[uav_trajectory_controller-4] [WARN] [1776996861.220873711] [uav_trajectory_controller]: SetEntityPose request timed out after 0.58s on /world/pedestrian_prototype/set_pose; dropping the pending request and retrying.
[uav_trajectory_controller-4] [WARN] [1776996861.971396463] [uav_trajectory_controller]: SetEntityPose request timed out after 0.62s on /world/pedestrian_prototype/set_pose; dropping the pending request and retrying.
[uav_trajectory_controller-4] [WARN] [1776996862.720951915] [uav_trajectory_controller]: SetEntityPose request timed out after 0.62s on /world/pedestrian_prototype/set_pose; dropping the pending request and retrying.
[uav_trajectory_controller-4] [WARN] [1776996863.471481845] [uav_trajectory_controller]: SetEntityPose request timed out after 0.62s on /world/pedestrian_prototype/set_pose; dropping the pending request and retrying.
[uav_trajectory_controller-4] [WARN] [1776996864.221580313] [uav_trajectory_controller]: SetEntityPose request timed out after 0.61s on /world/pedestrian_prototype/set_pose; dropping the pending request and retrying.
[uav_trajectory_controller-4] [WARN] [1776996865.345879374] [uav_trajectory_controller]: SetEntityPose request timed out after 0.52s on /world/pedestrian_prototype/set_pose; dropping the pending request and retrying.
[uav_trajectory_controller-4] [WARN] [1776996866.095786572] [uav_trajectory_controller]: SetEntityPose request timed out after 0.60s on /world/pedestrian_prototype/set_pose; dropping the pending request and retrying.
[lvdot_detector_main-8] [INFO] [1776996866.784296669] [lvdot_detector_node]: Input health: depth=103 color=107 lidar=5 pose=132 odom=132 yolo=110 depth_pose_sync=0 lidar_pose_sync=0 depth_odom_sync=0 lidar_odom_sync=0
[lvdot_detector_main-8] [INFO] [1776996866.784373390] [lvdot_detector_node]: Stage timers: detection=129 lidar_detection=129 tracking=129 classification=129 vis=0
[lvdot_detector_main-8] [INFO] [1776996866.784382601] [lvdot_detector_node]: Processing phases: detection=idle lidar_detection=waiting_new_lidar tracking=idle classification=idle
[lvdot_detector_main-8] [INFO] [1776996866.784389656] [lvdot_detector_node]: Pipeline stats: depth_samples=1291/71300 u_map=2 depth_boxes=0 u_map_merge=0 u_map_db=0 u_map_visual=0 u_map_fused=0 u_map_filtered=0 lidar_samples=3087/124018 uv=2 db=9 lidar=9 fused=11 filtered=11 tracks=11 dynamic=1 dyn_points=0 raw_dyn_points=0 service=6/1 split=11->0 (11 outputs) fusion_components=11 visual_only=2 lidar_only=9 yolo_in=5 yolo_match3d=2 yolo_match_det=2 yolo_human=2 fixed_size=9 size_reject=1
[uav_trajectory_controller-4] [WARN] [1776996868.471328696] [uav_trajectory_controller]: SetEntityPose request timed out after 0.57s on /world/pedestrian_prototype/set_pose; dropping the pending request and retrying.
[uav_trajectory_controller-4] [WARN] [1776996869.220849837] [uav_trajectory_controller]: SetEntityPose request timed out after 0.62s on /world/pedestrian_prototype/set_pose; dropping the pending request and retrying.
[uav_trajectory_controller-4] [WARN] [1776996869.973254252] [uav_trajectory_controller]: SetEntityPose request timed out after 0.62s on /world/pedestrian_prototype/set_pose; dropping the pending request and retrying.
[uav_trajectory_controller-4] [WARN] [1776996870.720902235] [uav_trajectory_controller]: SetEntityPose request timed out after 0.62s on /world/pedestrian_prototype/set_pose; dropping the pending request and retrying.
[uav_trajectory_controller-4] [WARN] [1776996871.596061658] [uav_trajectory_controller]: SetEntityPose request timed out after 0.50s on /world/pedestrian_prototype/set_pose; dropping the pending request and retrying.
[uav_trajectory_controller-4] [WARN] [1776996872.346970545] [uav_trajectory_controller]: SetEntityPose request timed out after 0.62s on /world/pedestrian_prototype/set_pose; dropping the pending request and retrying.
[lvdot_detector_main-8] [INFO] [1776996873.054643548] [lvdot_detector_node]: Input health: depth=103 color=107 lidar=5 pose=132 odom=132 yolo=110 depth_pose_sync=0 lidar_pose_sync=0 depth_odom_sync=0 lidar_odom_sync=0
[lvdot_detector_main-8] [INFO] [1776996873.054736241] [lvdot_detector_node]: Stage timers: detection=139 lidar_detection=139 tracking=139 classification=139 vis=0
[lvdot_detector_main-8] [INFO] [1776996873.054751919] [lvdot_detector_node]: Processing phases: detection=idle lidar_detection=waiting_new_lidar tracking=idle classification=idle
[lvdot_detector_main-8] [INFO] [1776996873.054759365] [lvdot_detector_node]: Pipeline stats: depth_samples=1291/71300 u_map=2 depth_boxes=0 u_map_merge=0 u_map_db=0 u_map_visual=0 u_map_fused=0 u_map_filtered=0 lidar_samples=3087/124018 uv=2 db=9 lidar=9 fused=11 filtered=11 tracks=11 dynamic=1 dyn_points=0 raw_dyn_points=0 service=6/1 split=11->0 (11 outputs) fusion_components=11 visual_only=2 lidar_only=9 yolo_in=5 yolo_match3d=2 yolo_match_det=2 yolo_human=2 fixed_size=11 size_reject=1
[uav_trajectory_controller-4] [WARN] [1776996873.096040960] [uav_trajectory_controller]: SetEntityPose request timed out after 0.62s on /world/pedestrian_prototype/set_pose; dropping the pending request and retrying.
[uav_trajectory_controller-4] [WARN] [1776996875.596257831] [uav_trajectory_controller]: SetEntityPose request timed out after 0.63s on /world/pedestrian_prototype/set_pose; dropping the pending request and retrying.
[uav_trajectory_controller-4] [WARN] [1776996876.346642733] [uav_trajectory_controller]: SetEntityPose request timed out after 0.62s on /world/pedestrian_prototype/set_pose; dropping the pending request and retrying.
[uav_trajectory_controller-4] [WARN] [1776996877.096454724] [uav_trajectory_controller]: SetEntityPose request timed out after 0.62s on /world/pedestrian_prototype/set_pose; dropping the pending request and retrying.
[uav_trajectory_controller-4] [WARN] [1776996877.847498000] [uav_trajectory_controller]: SetEntityPose request timed out after 0.62s on /world/pedestrian_prototype/set_pose; dropping the pending request and retrying.
[uav_trajectory_controller-4] [WARN] [1776996878.972125546] [uav_trajectory_controller]: SetEntityPose request timed out after 0.61s on /world/pedestrian_prototype/set_pose; dropping the pending request and retrying.
[lvdot_detector_main-8] [INFO] [1776996879.656330632] [lvdot_detector_node]: Input health: depth=103 color=107 lidar=5 pose=132 odom=132 yolo=110 depth_pose_sync=0 lidar_pose_sync=0 depth_odom_sync=0 lidar_odom_sync=0
[lvdot_detector_main-8] [INFO] [1776996879.656424843] [lvdot_detector_node]: Stage timers: detection=148 lidar_detection=148 tracking=148 classification=148 vis=0
[lvdot_detector_main-8] [INFO] [1776996879.656435601] [lvdot_detector_node]: Processing phases: detection=idle lidar_detection=waiting_new_lidar tracking=idle classification=idle
[lvdot_detector_main-8] [INFO] [1776996879.656442640] [lvdot_detector_node]: Pipeline stats: depth_samples=1291/71300 u_map=2 depth_boxes=0 u_map_merge=0 u_map_db=0 u_map_visual=0 u_map_fused=0 u_map_filtered=0 lidar_samples=3087/124018 uv=2 db=9 lidar=9 fused=11 filtered=11 tracks=11 dynamic=1 dyn_points=0 raw_dyn_points=0 service=6/1 split=11->0 (11 outputs) fusion_components=11 visual_only=2 lidar_only=9 yolo_in=5 yolo_match3d=2 yolo_match_det=2 yolo_human=2 fixed_size=11 size_reject=1
[uav_trajectory_controller-4] [WARN] [1776996881.347133530] [uav_trajectory_controller]: SetEntityPose request timed out after 0.53s on /world/pedestrian_prototype/set_pose; dropping the pending request and retrying.
[uav_trajectory_controller-4] [WARN] [1776996882.096522924] [uav_trajectory_controller]: SetEntityPose request timed out after 0.62s on /world/pedestrian_prototype/set_pose; dropping the pending request and retrying.
[uav_trajectory_controller-4] [WARN] [1776996882.847171092] [uav_trajectory_controller]: SetEntityPose request timed out after 0.62s on /world/pedestrian_prototype/set_pose; dropping the pending request and retrying.
[uav_trajectory_controller-4] [WARN] [1776996883.596874278] [uav_trajectory_controller]: SetEntityPose request timed out after 0.62s on /world/pedestrian_prototype/set_pose; dropping the pending request and retrying.
[uav_trajectory_controller-4] [WARN] [1776996884.346186560] [uav_trajectory_controller]: SetEntityPose request timed out after 0.62s on /world/pedestrian_prototype/set_pose; dropping the pending request and retrying.
[uav_trajectory_controller-4] [WARN] [1776996885.096411177] [uav_trajectory_controller]: SetEntityPose request timed out after 0.62s on /world/pedestrian_prototype/set_pose; dropping the pending request and retrying.
[uav_trajectory_controller-4] [WARN] [1776996885.846175048] [uav_trajectory_controller]: SetEntityPose request timed out after 0.62s on /world/pedestrian_prototype/set_pose; dropping the pending request and retrying.
[lvdot_detector_main-8] [INFO] [1776996885.861155120] [lvdot_detector_node]: Input health: depth=103 color=107 lidar=5 pose=132 odom=132 yolo=110 depth_pose_sync=0 lidar_pose_sync=0 depth_odom_sync=0 lidar_odom_sync=0
[lvdot_detector_main-8] [INFO] [1776996885.861274154] [lvdot_detector_node]: Stage timers: detection=158 lidar_detection=158 tracking=158 classification=158 vis=0
[lvdot_detector_main-8] [INFO] [1776996885.861289642] [lvdot_detector_node]: Processing phases: detection=idle lidar_detection=waiting_new_lidar tracking=idle classification=idle
[lvdot_detector_main-8] [INFO] [1776996885.861300552] [lvdot_detector_node]: Pipeline stats: depth_samples=1291/71300 u_map=2 depth_boxes=0 u_map_merge=0 u_map_db=0 u_map_visual=0 u_map_fused=0 u_map_filtered=0 lidar_samples=3087/124018 uv=2 db=9 lidar=9 fused=11 filtered=11 tracks=11 dynamic=1 dyn_points=0 raw_dyn_points=0 service=6/1 split=11->0 (11 outputs) fusion_components=11 visual_only=2 lidar_only=9 yolo_in=5 yolo_match3d=2 yolo_match_det=2 yolo_human=2 fixed_size=11 size_reject=1
[uav_trajectory_controller-4] [WARN] [1776996886.722460206] [uav_trajectory_controller]: SetEntityPose request timed out after 0.60s on /world/pedestrian_prototype/set_pose; dropping the pending request and retrying.
[uav_trajectory_controller-4] [WARN] [1776996887.471960780] [uav_trajectory_controller]: SetEntityPose request timed out after 0.62s on /world/pedestrian_prototype/set_pose; dropping the pending request and retrying.
[uav_trajectory_controller-4] [WARN] [1776996888.221598702] [uav_trajectory_controller]: SetEntityPose request timed out after 0.62s on /world/pedestrian_prototype/set_pose; dropping the pending request and retrying.
[uav_trajectory_controller-4] [WARN] [1776996888.970945662] [uav_trajectory_controller]: SetEntityPose request timed out after 0.62s on /world/pedestrian_prototype/set_pose; dropping the pending request and retrying.
[uav_trajectory_controller-4] [WARN] [1776996889.722821949] [uav_trajectory_controller]: SetEntityPose request timed out after 0.62s on /world/pedestrian_prototype/set_pose; dropping the pending request and retrying.
[uav_trajectory_controller-4] [WARN] [1776996890.471975089] [uav_trajectory_controller]: SetEntityPose request timed out after 0.62s on /world/pedestrian_prototype/set_pose; dropping the pending request and retrying.
[uav_trajectory_controller-4] [WARN] [1776996891.220959287] [uav_trajectory_controller]: SetEntityPose request timed out after 0.62s on /world/pedestrian_prototype/set_pose; dropping the pending request and retrying.
[lvdot_detector_main-8] [INFO] [1776996891.473007029] [lvdot_detector_node]: Input health: depth=103 color=107 lidar=5 pose=132 odom=132 yolo=110 depth_pose_sync=0 lidar_pose_sync=0 depth_odom_sync=0 lidar_odom_sync=0
[lvdot_detector_main-8] [INFO] [1776996891.473098599] [lvdot_detector_node]: Stage timers: detection=167 lidar_detection=167 tracking=167 classification=167 vis=0
[lvdot_detector_main-8] [INFO] [1776996891.473108805] [lvdot_detector_node]: Processing phases: detection=idle lidar_detection=waiting_new_lidar tracking=idle classification=idle
[lvdot_detector_main-8] [INFO] [1776996891.473116054] [lvdot_detector_node]: Pipeline stats: depth_samples=1291/71300 u_map=2 depth_boxes=0 u_map_merge=0 u_map_db=0 u_map_visual=0 u_map_fused=0 u_map_filtered=0 lidar_samples=3087/124018 uv=2 db=9 lidar=9 fused=11 filtered=11 tracks=11 dynamic=1 dyn_points=0 raw_dyn_points=0 service=6/1 split=11->0 (11 outputs) fusion_components=11 visual_only=2 lidar_only=9 yolo_in=5 yolo_match3d=2 yolo_match_det=2 yolo_human=2 fixed_size=11 size_reject=1
[uav_trajectory_controller-4] [WARN] [1776996891.971848897] [uav_trajectory_controller]: SetEntityPose request timed out after 0.62s on /world/pedestrian_prototype/set_pose; dropping the pending request and retrying.
[uav_trajectory_controller-4] [WARN] [1776996892.892852144] [uav_trajectory_controller]: SetEntityPose request timed out after 0.79s on /world/pedestrian_prototype/set_pose; dropping the pending request and retrying.
