[INFO] [launch]: All log files can be found below /home/skbt2/.ros/log/2026-04-21-22-34-52-113601-DESKTOP-90MQDL6-149478
[INFO] [launch]: Default logging verbosity is set to INFO
[INFO] [gazebo-1]: process started with pid [149520]
[INFO] [parameter_bridge-2]: process started with pid [149521]
[INFO] [pedestrian_state_publisher-3]: process started with pid [149522]
[INFO] [uav_trajectory_controller-4]: process started with pid [149523]
[INFO] [image_pointcloud_relay-5]: process started with pid [149524]
[INFO] [lvdot_yolo_node-6]: process started with pid [149525]
[INFO] [lvdot_detector_main-7]: process started with pid [149526]
[parameter_bridge-2] [INFO] [1776782092.465396309] [ros_gz_bridge]: Creating GZ->ROS Bridge: [/rgbd_camera/image (gz.msgs.Image) -> /rgbd_camera/image (sensor_msgs/msg/Image)] (Lazy 0)
[parameter_bridge-2] [INFO] [1776782092.477543724] [ros_gz_bridge]: Creating GZ->ROS Bridge: [/rgbd_camera/camera_info (gz.msgs.CameraInfo) -> /rgbd_camera/camera_info (sensor_msgs/msg/CameraInfo)] (Lazy 0)
[parameter_bridge-2] [INFO] [1776782092.480098860] [ros_gz_bridge]: Creating GZ->ROS Bridge: [/rgbd_camera/depth_image (gz.msgs.Image) -> /rgbd_camera/depth_image (sensor_msgs/msg/Image)] (Lazy 0)
[parameter_bridge-2] [INFO] [1776782092.481028913] [ros_gz_bridge]: Creating GZ->ROS Bridge: [/rgbd_camera/points (gz.msgs.PointCloudPacked) -> /rgbd_camera/points (sensor_msgs/msg/PointCloud2)] (Lazy 0)
[parameter_bridge-2] [INFO] [1776782092.482049076] [ros_gz_bridge]: Creating GZ->ROS Bridge: [/camera/imu (gz.msgs.IMU) -> /camera/imu (sensor_msgs/msg/Imu)] (Lazy 0)
[parameter_bridge-2] [INFO] [1776782092.482921145] [ros_gz_bridge]: Creating ROS->GZ service bridge [/world/pedestrian_prototype/set_pose (ros_gz_interfaces/srv/SetEntityPose -> /)]
[parameter_bridge-2] [INFO] [1776782092.487104163] [ros_gz_bridge]: Creating ROS->GZ service bridge [/world/pedestrian_prototype/set_pose/blocking (ros_gz_interfaces/srv/SetEntityPose -> /)]
[lvdot_detector_main-7] [INFO] [1776782092.735275601] [lvdot_detector_node]: Config loaded: localization_mode=0 dt=0.033 image=640x480 depth_range=[0.20, 12.00] stage_timers=true
[lvdot_detector_main-7] [INFO] [1776782092.872330326] [lvdot_detector_node]: LV-DOT ROS2 skeleton started. depth=/camera/depth/image_rect_raw color=/camera/color/image_raw lidar=/pointcloud pose=/mavros/local_position/pose odom=/mavros/local_position/odom yolo=/yolo_detector/detected_bounding_boxes
[lvdot_detector_main-7] [WARN] [1776782093.006538877] []: Messages of type 1 arrived out of order (will print only once)
[lvdot_detector_main-7] [WARN] [1776782093.006613932] []: Messages of type 1 arrived out of order (will print only once)
[gazebo-1] [INFO] [1776782094.271070480] [pedestrian_pose_sync_system]: Configured pedestrian pose sync plugin on topic [/pedestrian_sim/agent_states] for 8 models.
[uav_trajectory_controller-4] [WARN] [1776782096.554186750] [uav_trajectory_controller]: SetEntityPose request timed out after 0.62s on /world/pedestrian_prototype/set_pose/blocking; dropping the pending request and retrying.
[uav_trajectory_controller-4] [WARN] [1776782096.555223640] [uav_trajectory_controller]: Falling back from /world/pedestrian_prototype/set_pose/blocking to /world/pedestrian_prototype/set_pose.
[lvdot_detector_main-7] [INFO] [1776782096.715175977] [lvdot_detector_node]: Input health: depth=3 color=2 lidar=0 pose=12 odom=12 yolo=0 depth_pose_sync=0 lidar_pose_sync=0 depth_odom_sync=0 lidar_odom_sync=0
[lvdot_detector_main-7] [INFO] [1776782096.715322301] [lvdot_detector_node]: Stage timers: detection=20 lidar_detection=0 tracking=20 classification=20 vis=20
[lvdot_detector_main-7] [INFO] [1776782096.715351138] [lvdot_detector_node]: Pipeline stats: depth_samples=180/71300 u_map=2 depth_boxes=0 u_map_merge=0 u_map_db=0 u_map_visual=0 u_map_fused=0 u_map_filtered=0 lidar_samples=0/0 uv=0 db=1 lidar=0 fused=0 filtered=0 tracks=0 dynamic=0 dyn_points=0 raw_dyn_points=0 service=0/0 split=0->0 (0 outputs) fusion_components=0 visual_only=0 lidar_only=0 fixed_size=0 size_reject=0
[uav_trajectory_controller-4] [WARN] [1776782097.134067277] [uav_trajectory_controller]: SetEntityPose request timed out after 0.50s on /world/pedestrian_prototype/set_pose; dropping the pending request and retrying.
[uav_trajectory_controller-4] [WARN] [1776782097.883179331] [uav_trajectory_controller]: SetEntityPose request timed out after 0.62s on /world/pedestrian_prototype/set_pose; dropping the pending request and retrying.
[uav_trajectory_controller-4] [WARN] [1776782098.759296468] [uav_trajectory_controller]: SetEntityPose request timed out after 0.61s on /world/pedestrian_prototype/set_pose; dropping the pending request and retrying.
[lvdot_yolo_node-6] Traceback (most recent call last):
[lvdot_yolo_node-6]   File "/home/skbt2/ros2_depth_eval_ws/install/lvdot_ros2_adapter/lib/lvdot_ros2_adapter/lvdot_yolo_node", line 33, in <module>
[lvdot_yolo_node-6]     sys.exit(load_entry_point('lvdot-ros2-adapter', 'console_scripts', 'lvdot_yolo_node')())
[lvdot_yolo_node-6]              ^^^^^^^^^^^^^^^^^^^^^^^^^^^^^^^^^^^^^^^^^^^^^^^^^^^^^^^^^^^^^^^^^^^^^^^^^^^^^^
[lvdot_yolo_node-6]   File "/home/skbt2/ros2_depth_eval_ws/build/lvdot_ros2_adapter/lvdot_ros2_adapter/lvdot_yolo_node.py", line 194, in main
[lvdot_yolo_node-6]     node = LvDotYoloNode()
[lvdot_yolo_node-6]            ^^^^^^^^^^^^^^^
[lvdot_yolo_node-6]   File "/home/skbt2/ros2_depth_eval_ws/build/lvdot_ros2_adapter/lvdot_ros2_adapter/lvdot_yolo_node.py", line 71, in __init__
[lvdot_yolo_node-6]     raise RuntimeError(
[lvdot_yolo_node-6] RuntimeError: enable_yolo=true but no valid weight file was provided. Set the weight_path parameter or LVDOT_YOLO_WEIGHT.
[ERROR] [lvdot_yolo_node-6]: process has died [pid 149525, exit code 1, cmd '/home/skbt2/ros2_depth_eval_ws/install/lvdot_ros2_adapter/lib/lvdot_ros2_adapter/lvdot_yolo_node --ros-args --params-file /tmp/launch_params_41ing9bs'].
[uav_trajectory_controller-4] [WARN] [1776782312.825196624] [uav_trajectory_controller]: SetEntityPose request timed out after 1.06s on /world/pedestrian_prototype/set_pose; dropping the pending request and retrying.
[uav_trajectory_controller-4] [WARN] [1776782462.061172449] [uav_trajectory_controller]: SetEntityPose request timed out after 1.05s on /world/pedestrian_prototype/set_pose; dropping the pending request and retrying.
[lvdot_detector_main-7] [INFO] [1776782602.994596892] [lvdot_detector_node]: Input health: depth=7 color=6 lidar=1 pose=16 odom=16 yolo=0 depth_pose_sync=0 lidar_pose_sync=0 depth_odom_sync=0 lidar_odom_sync=0
[lvdot_detector_main-7] [INFO] [1776782602.994704155] [lvdot_detector_node]: Stage timers: detection=24 lidar_detection=0 tracking=24 classification=24 vis=24
[lvdot_detector_main-7] [INFO] [1776782602.994721541] [lvdot_detector_node]: Pipeline stats: depth_samples=133/71300 u_map=2 depth_boxes=0 u_map_merge=0 u_map_db=0 u_map_visual=0 u_map_fused=0 u_map_filtered=0 lidar_samples=38856/233134 uv=0 db=2 lidar=1 fused=1 filtered=1 tracks=0 dynamic=0 dyn_points=0 raw_dyn_points=0 service=0/0 split=1->0 (1 outputs) fusion_components=1 visual_only=0 lidar_only=1 fixed_size=0 size_reject=0
