[INFO] [launch]: All log files can be found below /home/skbt2/.ros/log/2026-04-23-18-43-33-772876-DESKTOP-90MQDL6-77926
[INFO] [launch]: Default logging verbosity is set to INFO
[INFO] [gazebo-1]: process started with pid [77982]
[INFO] [parameter_bridge-2]: process started with pid [77983]
[INFO] [pedestrian_state_publisher-3]: process started with pid [77984]
[INFO] [uav_trajectory_controller-4]: process started with pid [77985]
[INFO] [image_pointcloud_relay-5]: process started with pid [77986]
[INFO] [lvdot_yolo_node-6]: process started with pid [77987]
[INFO] [lvdot_detector_main-7]: process started with pid [77988]
[parameter_bridge-2] [INFO] [1776941014.001492600] [ros_gz_bridge]: Creating GZ->ROS Bridge: [/rgbd_camera/image (gz.msgs.Image) -> /rgbd_camera/image (sensor_msgs/msg/Image)] (Lazy 0)
[parameter_bridge-2] [INFO] [1776941014.005887218] [ros_gz_bridge]: Creating GZ->ROS Bridge: [/rgbd_camera/camera_info (gz.msgs.CameraInfo) -> /rgbd_camera/camera_info (sensor_msgs/msg/CameraInfo)] (Lazy 0)
[parameter_bridge-2] [INFO] [1776941014.007045878] [ros_gz_bridge]: Creating GZ->ROS Bridge: [/rgbd_camera/depth_image (gz.msgs.Image) -> /rgbd_camera/depth_image (sensor_msgs/msg/Image)] (Lazy 0)
[parameter_bridge-2] [INFO] [1776941014.007781250] [ros_gz_bridge]: Creating GZ->ROS Bridge: [/rgbd_camera/points (gz.msgs.PointCloudPacked) -> /rgbd_camera/points (sensor_msgs/msg/PointCloud2)] (Lazy 0)
[parameter_bridge-2] [INFO] [1776941014.008785951] [ros_gz_bridge]: Creating GZ->ROS Bridge: [/camera/imu (gz.msgs.IMU) -> /camera/imu (sensor_msgs/msg/Imu)] (Lazy 0)
[parameter_bridge-2] [INFO] [1776941014.010160570] [ros_gz_bridge]: Creating ROS->GZ service bridge [/world/pedestrian_prototype/set_pose (ros_gz_interfaces/srv/SetEntityPose -> /)]
[parameter_bridge-2] [INFO] [1776941014.012377697] [ros_gz_bridge]: Creating ROS->GZ service bridge [/world/pedestrian_prototype/set_pose/blocking (ros_gz_interfaces/srv/SetEntityPose -> /)]
[lvdot_detector_main-7] [INFO] [1776941014.154344192] [lvdot_detector_node]: Config loaded: localization_mode=0 dt=0.033 image=640x480 depth_range=[0.20, 12.00] stage_timers=true
[lvdot_detector_main-7] [INFO] [1776941014.245560290] [lvdot_detector_node]: LV-DOT ROS2 skeleton started. depth=/camera/depth/image_rect_raw color=/camera/color/image_raw lidar=/rgbd_camera/points pose=/mavros/local_position/pose odom=/mavros/local_position/odom yolo=/yolo_detector/detected_bounding_boxes
[gazebo-1] [INFO] [1776941015.176032634] [pedestrian_pose_sync_system]: Configured pedestrian pose sync plugin on topic [/pedestrian_sim/agent_states] for 8 models.
[uav_trajectory_controller-4] [WARN] [1776941015.240997444] [uav_trajectory_controller]: SetEntityPose service /world/pedestrian_prototype/set_pose/blocking is unavailable; UAV state publication is paused until Gazebo pose control is reachable.
[lvdot_detector_main-7] [INFO] [1776941016.245962963] [lvdot_detector_node]: Input health: depth=0 color=0 lidar=0 pose=0 odom=0 yolo=0 depth_pose_sync=0 lidar_pose_sync=0 depth_odom_sync=0 lidar_odom_sync=0
[lvdot_detector_main-7] [INFO] [1776941016.246125518] [lvdot_detector_node]: Stage timers: detection=60 lidar_detection=60 tracking=60 classification=60 vis=60
[lvdot_detector_main-7] [INFO] [1776941016.246145751] [lvdot_detector_node]: Processing phases: detection=waiting_sensor_pose lidar_detection=waiting_new_lidar tracking=waiting_filtered_bboxes classification=idle
[lvdot_detector_main-7] [INFO] [1776941016.246154082] [lvdot_detector_node]: Pipeline stats: depth_samples=0/0 u_map=0 depth_boxes=0 u_map_merge=0 u_map_db=0 u_map_visual=0 u_map_fused=0 u_map_filtered=0 lidar_samples=0/0 uv=0 db=0 lidar=0 fused=0 filtered=0 tracks=0 dynamic=0 dyn_points=0 raw_dyn_points=0 service=0/0 split=0->0 (0 outputs) fusion_components=0 visual_only=0 lidar_only=0 fixed_size=0 size_reject=0
[lvdot_detector_main-7] [INFO] [1776941022.245805868] [lvdot_detector_node]: Input health: depth=21 color=18 lidar=24 pose=33 odom=33 yolo=7 depth_pose_sync=0 lidar_pose_sync=0 depth_odom_sync=0 lidar_odom_sync=0
[lvdot_detector_main-7] [INFO] [1776941022.245904060] [lvdot_detector_node]: Stage timers: detection=140 lidar_detection=131 tracking=242 classification=242 vis=242
[lvdot_detector_main-7] [INFO] [1776941022.245951121] [lvdot_detector_node]: Processing phases: detection=run_core lidar_detection=run_lidar_detector/dbscan tracking=waiting_filtered_bboxes classification=idle
[lvdot_detector_main-7] [INFO] [1776941022.245970779] [lvdot_detector_node]: Pipeline stats: depth_samples=114/71300 u_map=3 depth_boxes=0 u_map_merge=0 u_map_db=0 u_map_visual=0 u_map_fused=0 u_map_filtered=0 lidar_samples=3329/116254 uv=0 db=2 lidar=0 fused=0 filtered=0 tracks=0 dynamic=0 dyn_points=0 raw_dyn_points=0 service=0/0 split=0->0 (0 outputs) fusion_components=0 visual_only=0 lidar_only=0 fixed_size=0 size_reject=0
[lvdot_detector_main-7] [INFO] [1776941028.253162703] [lvdot_detector_node]: Input health: depth=62 color=51 lidar=56 pose=81 odom=81 yolo=19 depth_pose_sync=0 lidar_pose_sync=0 depth_odom_sync=0 lidar_odom_sync=0
[lvdot_detector_main-7] [INFO] [1776941028.253244477] [lvdot_detector_node]: Stage timers: detection=152 lidar_detection=134 tracking=424 classification=424 vis=421
[lvdot_detector_main-7] [INFO] [1776941028.253254549] [lvdot_detector_node]: Processing phases: detection=run_core lidar_detection=run_lidar_detector/project tracking=waiting_filtered_bboxes classification=idle
[lvdot_detector_main-7] [INFO] [1776941028.253263524] [lvdot_detector_node]: Pipeline stats: depth_samples=198/71300 u_map=5 depth_boxes=0 u_map_merge=0 u_map_db=0 u_map_visual=0 u_map_fused=0 u_map_filtered=0 lidar_samples=3156/130284 uv=0 db=3 lidar=0 fused=0 filtered=0 tracks=0 dynamic=0 dyn_points=0 raw_dyn_points=0 service=0/0 split=0->0 (0 outputs) fusion_components=0 visual_only=0 lidar_only=0 fixed_size=0 size_reject=0
[lvdot_detector_main-7] [INFO] [1776941034.258451120] [lvdot_detector_node]: Input health: depth=116 color=106 lidar=109 pose=129 odom=129 yolo=30 depth_pose_sync=0 lidar_pose_sync=0 depth_odom_sync=0 lidar_odom_sync=0
[lvdot_detector_main-7] [INFO] [1776941034.258550519] [lvdot_detector_node]: Stage timers: detection=165 lidar_detection=136 tracking=606 classification=606 vis=600
[lvdot_detector_main-7] [INFO] [1776941034.258564378] [lvdot_detector_node]: Processing phases: detection=run_core lidar_detection=run_lidar_detector/dbscan tracking=waiting_filtered_bboxes classification=idle
[lvdot_detector_main-7] [INFO] [1776941034.258577101] [lvdot_detector_node]: Pipeline stats: depth_samples=105/71300 u_map=0 depth_boxes=0 u_map_merge=0 u_map_db=0 u_map_visual=0 u_map_fused=0 u_map_filtered=0 lidar_samples=3466/143626 uv=0 db=0 lidar=0 fused=0 filtered=0 tracks=0 dynamic=0 dyn_points=0 raw_dyn_points=0 service=0/0 split=0->0 (0 outputs) fusion_components=0 visual_only=0 lidar_only=0 fixed_size=0 size_reject=0
[uav_trajectory_controller-4] [WARN] [1776941038.094154857] [uav_trajectory_controller]: SetEntityPose request timed out after 0.62s on /world/pedestrian_prototype/set_pose/blocking; dropping the pending request and retrying.
[uav_trajectory_controller-4] [WARN] [1776941038.094731147] [uav_trajectory_controller]: Falling back from /world/pedestrian_prototype/set_pose/blocking to /world/pedestrian_prototype/set_pose.
[lvdot_detector_main-7] [INFO] [1776941040.245796996] [lvdot_detector_node]: Input health: depth=141 color=128 lidar=130 pose=168 odom=168 yolo=43 depth_pose_sync=0 lidar_pose_sync=0 depth_odom_sync=0 lidar_odom_sync=0
[lvdot_detector_main-7] [INFO] [1776941040.245908674] [lvdot_detector_node]: Stage timers: detection=179 lidar_detection=139 tracking=787 classification=787 vis=782
[lvdot_detector_main-7] [INFO] [1776941040.245926259] [lvdot_detector_node]: Processing phases: detection=run_core lidar_detection=run_lidar_detector/project tracking=waiting_filtered_bboxes classification=idle
[lvdot_detector_main-7] [INFO] [1776941040.245938993] [lvdot_detector_node]: Pipeline stats: depth_samples=128/71300 u_map=2 depth_boxes=0 u_map_merge=0 u_map_db=0 u_map_visual=0 u_map_fused=0 u_map_filtered=0 lidar_samples=3382/123007 uv=0 db=3 lidar=1 fused=0 filtered=0 tracks=0 dynamic=0 dyn_points=0 raw_dyn_points=0 service=0/0 split=0->0 (0 outputs) fusion_components=0 visual_only=0 lidar_only=0 fixed_size=0 size_reject=0
[lvdot_detector_main-7] [INFO] [1776941046.265040499] [lvdot_detector_node]: Input health: depth=171 color=153 lidar=156 pose=216 odom=216 yolo=54 depth_pose_sync=0 lidar_pose_sync=0 depth_odom_sync=0 lidar_odom_sync=0
[lvdot_detector_main-7] [INFO] [1776941046.265135903] [lvdot_detector_node]: Stage timers: detection=191 lidar_detection=141 tracking=969 classification=968 vis=961
[lvdot_detector_main-7] [INFO] [1776941046.265145704] [lvdot_detector_node]: Processing phases: detection=idle lidar_detection=run_lidar_detector/dbscan tracking=idle classification=idle
[lvdot_detector_main-7] [INFO] [1776941046.265152404] [lvdot_detector_node]: Pipeline stats: depth_samples=130/71300 u_map=2 depth_boxes=0 u_map_merge=0 u_map_db=0 u_map_visual=0 u_map_fused=0 u_map_filtered=0 lidar_samples=3250/166757 uv=0 db=1 lidar=0 fused=0 filtered=0 tracks=1 dynamic=0 dyn_points=0 raw_dyn_points=0 service=0/0 split=0->0 (0 outputs) fusion_components=0 visual_only=0 lidar_only=0 fixed_size=1 size_reject=0
[lvdot_detector_main-7] [INFO] [1776941052.246326008] [lvdot_detector_node]: Input health: depth=236 color=220 lidar=219 pose=264 odom=264 yolo=66 depth_pose_sync=0 lidar_pose_sync=0 depth_odom_sync=0 lidar_odom_sync=0
[lvdot_detector_main-7] [INFO] [1776941052.246424534] [lvdot_detector_node]: Stage timers: detection=205 lidar_detection=144 tracking=1151 classification=1150 vis=1142
[lvdot_detector_main-7] [INFO] [1776941052.246437173] [lvdot_detector_node]: Processing phases: detection=run_core lidar_detection=run_lidar_detector/project tracking=waiting_filtered_bboxes classification=idle
[lvdot_detector_main-7] [INFO] [1776941052.246444438] [lvdot_detector_node]: Pipeline stats: depth_samples=105/71300 u_map=0 depth_boxes=0 u_map_merge=0 u_map_db=0 u_map_visual=0 u_map_fused=0 u_map_filtered=0 lidar_samples=3374/139498 uv=0 db=1 lidar=1 fused=0 filtered=0 tracks=0 dynamic=0 dyn_points=0 raw_dyn_points=0 service=0/0 split=0->0 (0 outputs) fusion_components=0 visual_only=0 lidar_only=0 fixed_size=0 size_reject=0
[lvdot_detector_main-7] [INFO] [1776941058.249095037] [lvdot_detector_node]: Input health: depth=259 color=245 lidar=242 pose=312 odom=312 yolo=78 depth_pose_sync=0 lidar_pose_sync=0 depth_odom_sync=0 lidar_odom_sync=0
[lvdot_detector_main-7] [INFO] [1776941058.249193251] [lvdot_detector_node]: Stage timers: detection=219 lidar_detection=146 tracking=1333 classification=1332 vis=1323
[lvdot_detector_main-7] [INFO] [1776941058.249210431] [lvdot_detector_node]: Processing phases: detection=run_core lidar_detection=run_lidar_detector/dbscan tracking=waiting_filtered_bboxes classification=idle
[lvdot_detector_main-7] [INFO] [1776941058.249220759] [lvdot_detector_node]: Pipeline stats: depth_samples=128/71300 u_map=3 depth_boxes=0 u_map_merge=0 u_map_db=0 u_map_visual=0 u_map_fused=0 u_map_filtered=0 lidar_samples=3149/125816 uv=0 db=3 lidar=0 fused=0 filtered=0 tracks=0 dynamic=0 dyn_points=0 raw_dyn_points=0 service=0/0 split=0->0 (0 outputs) fusion_components=0 visual_only=0 lidar_only=0 fixed_size=0 size_reject=0
[lvdot_detector_main-7] [INFO] [1776941064.254070732] [lvdot_detector_node]: Input health: depth=291 color=274 lidar=268 pose=360 odom=360 yolo=90 depth_pose_sync=0 lidar_pose_sync=0 depth_odom_sync=0 lidar_odom_sync=0
[lvdot_detector_main-7] [INFO] [1776941064.254146825] [lvdot_detector_node]: Stage timers: detection=232 lidar_detection=149 tracking=1515 classification=1514 vis=1499
[lvdot_detector_main-7] [INFO] [1776941064.254159722] [lvdot_detector_node]: Processing phases: detection=run_core lidar_detection=run_lidar_detector/project tracking=run_core classification=idle
[lvdot_detector_main-7] [INFO] [1776941064.254170139] [lvdot_detector_node]: Pipeline stats: depth_samples=156/71300 u_map=4 depth_boxes=0 u_map_merge=0 u_map_db=0 u_map_visual=0 u_map_fused=0 u_map_filtered=0 lidar_samples=3254/181828 uv=0 db=2 lidar=1 fused=1 filtered=1 tracks=1 dynamic=0 dyn_points=0 raw_dyn_points=0 service=0/0 split=1->0 (1 outputs) fusion_components=1 visual_only=0 lidar_only=1 fixed_size=0 size_reject=0
[lvdot_detector_main-7] [INFO] [1776941070.245805236] [lvdot_detector_node]: Input health: depth=349 color=321 lidar=314 pose=408 odom=408 yolo=102 depth_pose_sync=0 lidar_pose_sync=0 depth_odom_sync=0 lidar_odom_sync=0
[lvdot_detector_main-7] [INFO] [1776941070.245887689] [lvdot_detector_node]: Stage timers: detection=244 lidar_detection=151 tracking=1694 classification=1695 vis=1670
[lvdot_detector_main-7] [INFO] [1776941070.245897515] [lvdot_detector_node]: Processing phases: detection=run_core lidar_detection=run_lidar_detector/dbscan tracking=waiting_filtered_bboxes classification=idle
[lvdot_detector_main-7] [INFO] [1776941070.245904403] [lvdot_detector_node]: Pipeline stats: depth_samples=105/71300 u_map=0 depth_boxes=0 u_map_merge=0 u_map_db=0 u_map_visual=0 u_map_fused=0 u_map_filtered=0 lidar_samples=3482/121328 uv=0 db=0 lidar=0 fused=0 filtered=0 tracks=0 dynamic=0 dyn_points=0 raw_dyn_points=0 service=0/0 split=0->0 (0 outputs) fusion_components=0 visual_only=0 lidar_only=0 fixed_size=0 size_reject=0
[lvdot_detector_main-7] [INFO] [1776941076.249921620] [lvdot_detector_node]: Input health: depth=378 color=346 lidar=340 pose=456 odom=456 yolo=114 depth_pose_sync=0 lidar_pose_sync=0 depth_odom_sync=0 lidar_odom_sync=0
[lvdot_detector_main-7] [INFO] [1776941076.250037236] [lvdot_detector_node]: Stage timers: detection=258 lidar_detection=154 tracking=1876 classification=1877 vis=1852
[lvdot_detector_main-7] [INFO] [1776941076.250058958] [lvdot_detector_node]: Processing phases: detection=run_core lidar_detection=run_lidar_detector/project tracking=idle classification=idle
[lvdot_detector_main-7] [INFO] [1776941076.250085585] [lvdot_detector_node]: Pipeline stats: depth_samples=154/71300 u_map=4 depth_boxes=0 u_map_merge=0 u_map_db=0 u_map_visual=0 u_map_fused=0 u_map_filtered=0 lidar_samples=3325/125275 uv=0 db=2 lidar=2 fused=2 filtered=2 tracks=2 dynamic=0 dyn_points=0 raw_dyn_points=0 service=0/0 split=2->0 (2 outputs) fusion_components=2 visual_only=0 lidar_only=2 fixed_size=0 size_reject=0
[lvdot_detector_main-7] [INFO] [1776941082.257460612] [lvdot_detector_node]: Input health: depth=416 color=379 lidar=372 pose=504 odom=504 yolo=125 depth_pose_sync=0 lidar_pose_sync=0 depth_odom_sync=0 lidar_odom_sync=0
[lvdot_detector_main-7] [INFO] [1776941082.257527421] [lvdot_detector_node]: Stage timers: detection=270 lidar_detection=157 tracking=2057 classification=2057 vis=2027
[lvdot_detector_main-7] [INFO] [1776941082.257538572] [lvdot_detector_node]: Processing phases: detection=run_core lidar_detection=run_lidar_detector/project tracking=idle classification=idle
[lvdot_detector_main-7] [INFO] [1776941082.257547334] [lvdot_detector_node]: Pipeline stats: depth_samples=148/71300 u_map=2 depth_boxes=0 u_map_merge=0 u_map_db=0 u_map_visual=0 u_map_fused=0 u_map_filtered=0 lidar_samples=1689/224787 uv=0 db=1 lidar=1 fused=1 filtered=1 tracks=1 dynamic=0 dyn_points=0 raw_dyn_points=0 service=0/0 split=1->0 (1 outputs) fusion_components=1 visual_only=0 lidar_only=1 fixed_size=0 size_reject=0
[lvdot_detector_main-7] [INFO] [1776941088.251752327] [lvdot_detector_node]: Input health: depth=473 color=434 lidar=423 pose=552 odom=552 yolo=138 depth_pose_sync=0 lidar_pose_sync=0 depth_odom_sync=0 lidar_odom_sync=0
[lvdot_detector_main-7] [INFO] [1776941088.251869005] [lvdot_detector_node]: Stage timers: detection=283 lidar_detection=159 tracking=2239 classification=2235 vis=2194
[lvdot_detector_main-7] [INFO] [1776941088.251897305] [lvdot_detector_node]: Processing phases: detection=run_core lidar_detection=run_lidar_detector/dbscan tracking=idle classification=idle
[lvdot_detector_main-7] [INFO] [1776941088.251915279] [lvdot_detector_node]: Pipeline stats: depth_samples=105/71300 u_map=0 depth_boxes=0 u_map_merge=0 u_map_db=0 u_map_visual=0 u_map_fused=0 u_map_filtered=0 lidar_samples=3264/146121 uv=0 db=0 lidar=1 fused=1 filtered=1 tracks=1 dynamic=0 dyn_points=0 raw_dyn_points=0 service=0/0 split=1->0 (1 outputs) fusion_components=1 visual_only=0 lidar_only=1 fixed_size=0 size_reject=0
[lvdot_detector_main-7] [INFO] [1776941094.253569179] [lvdot_detector_node]: Input health: depth=494 color=455 lidar=442 pose=600 odom=600 yolo=150 depth_pose_sync=0 lidar_pose_sync=0 depth_odom_sync=0 lidar_odom_sync=0
[lvdot_detector_main-7] [INFO] [1776941094.253681870] [lvdot_detector_node]: Stage timers: detection=297 lidar_detection=162 tracking=2421 classification=2417 vis=2376
[lvdot_detector_main-7] [INFO] [1776941094.253708952] [lvdot_detector_node]: Processing phases: detection=run_core lidar_detection=run_lidar_detector/project tracking=waiting_filtered_bboxes classification=idle
[lvdot_detector_main-7] [INFO] [1776941094.253726113] [lvdot_detector_node]: Pipeline stats: depth_samples=174/71300 u_map=2 depth_boxes=0 u_map_merge=0 u_map_db=0 u_map_visual=0 u_map_fused=0 u_map_filtered=0 lidar_samples=3049/143902 uv=0 db=2 lidar=0 fused=0 filtered=0 tracks=0 dynamic=0 dyn_points=0 raw_dyn_points=0 service=0/0 split=0->0 (0 outputs) fusion_components=0 visual_only=0 lidar_only=0 fixed_size=0 size_reject=0
[lvdot_detector_main-7] [INFO] [1776941100.259439728] [lvdot_detector_node]: Input health: depth=532 color=489 lidar=477 pose=648 odom=648 yolo=162 depth_pose_sync=0 lidar_pose_sync=0 depth_odom_sync=0 lidar_odom_sync=0
[lvdot_detector_main-7] [INFO] [1776941100.259539917] [lvdot_detector_node]: Stage timers: detection=310 lidar_detection=164 tracking=2603 classification=2599 vis=2556
[lvdot_detector_main-7] [INFO] [1776941100.259556513] [lvdot_detector_node]: Processing phases: detection=run_core lidar_detection=run_lidar_detector/dbscan tracking=idle classification=run_core
[lvdot_detector_main-7] [INFO] [1776941100.259567509] [lvdot_detector_node]: Pipeline stats: depth_samples=110/71300 u_map=2 depth_boxes=0 u_map_merge=0 u_map_db=0 u_map_visual=0 u_map_fused=0 u_map_filtered=0 lidar_samples=3116/158375 uv=0 db=1 lidar=2 fused=2 filtered=2 tracks=2 dynamic=0 dyn_points=0 raw_dyn_points=0 service=0/0 split=2->0 (2 outputs) fusion_components=2 visual_only=0 lidar_only=2 fixed_size=2 size_reject=0
[lvdot_detector_main-7] [INFO] [1776941106.245756225] [lvdot_detector_node]: Input health: depth=590 color=543 lidar=528 pose=696 odom=696 yolo=174 depth_pose_sync=0 lidar_pose_sync=0 depth_odom_sync=0 lidar_odom_sync=0
[lvdot_detector_main-7] [INFO] [1776941106.245853550] [lvdot_detector_node]: Stage timers: detection=323 lidar_detection=167 tracking=2783 classification=2780 vis=2737
[lvdot_detector_main-7] [INFO] [1776941106.245863483] [lvdot_detector_node]: Processing phases: detection=run_core lidar_detection=run_lidar_detector/dbscan tracking=idle classification=idle
[lvdot_detector_main-7] [INFO] [1776941106.245870306] [lvdot_detector_node]: Pipeline stats: depth_samples=105/71300 u_map=0 depth_boxes=0 u_map_merge=0 u_map_db=0 u_map_visual=0 u_map_fused=0 u_map_filtered=0 lidar_samples=3168/152374 uv=0 db=0 lidar=1 fused=1 filtered=1 tracks=1 dynamic=0 dyn_points=0 raw_dyn_points=0 service=0/0 split=1->0 (1 outputs) fusion_components=1 visual_only=0 lidar_only=1 fixed_size=0 size_reject=0
[lvdot_detector_main-7] [INFO] [1776941112.245729860] [lvdot_detector_node]: Input health: depth=613 color=564 lidar=548 pose=744 odom=744 yolo=185 depth_pose_sync=0 lidar_pose_sync=0 depth_odom_sync=0 lidar_odom_sync=0
[lvdot_detector_main-7] [INFO] [1776941112.245833212] [lvdot_detector_node]: Stage timers: detection=336 lidar_detection=169 tracking=2965 classification=2962 vis=2919
[lvdot_detector_main-7] [INFO] [1776941112.245850155] [lvdot_detector_node]: Processing phases: detection=run_core lidar_detection=run_lidar_detector/dbscan tracking=waiting_filtered_bboxes classification=idle
[lvdot_detector_main-7] [INFO] [1776941112.245861317] [lvdot_detector_node]: Pipeline stats: depth_samples=182/71300 u_map=2 depth_boxes=0 u_map_merge=0 u_map_db=0 u_map_visual=0 u_map_fused=0 u_map_filtered=0 lidar_samples=3050/148351 uv=0 db=2 lidar=0 fused=0 filtered=0 tracks=0 dynamic=0 dyn_points=0 raw_dyn_points=0 service=0/0 split=0->0 (0 outputs) fusion_components=0 visual_only=0 lidar_only=0 fixed_size=0 size_reject=0
[lvdot_detector_main-7] [INFO] [1776941118.245741753] [lvdot_detector_node]: Input health: depth=650 color=594 lidar=575 pose=792 odom=792 yolo=197 depth_pose_sync=0 lidar_pose_sync=0 depth_odom_sync=0 lidar_odom_sync=0
[lvdot_detector_main-7] [INFO] [1776941118.245856992] [lvdot_detector_node]: Stage timers: detection=349 lidar_detection=172 tracking=3147 classification=3144 vis=3094
[lvdot_detector_main-7] [INFO] [1776941118.245867126] [lvdot_detector_node]: Processing phases: detection=run_core lidar_detection=run_lidar_detector/dbscan tracking=waiting_filtered_bboxes classification=idle
[lvdot_detector_main-7] [INFO] [1776941118.245873980] [lvdot_detector_node]: Pipeline stats: depth_samples=110/71300 u_map=3 depth_boxes=0 u_map_merge=0 u_map_db=0 u_map_visual=0 u_map_fused=0 u_map_filtered=0 lidar_samples=3176/127294 uv=0 db=1 lidar=0 fused=0 filtered=0 tracks=0 dynamic=0 dyn_points=0 raw_dyn_points=0 service=0/0 split=0->0 (0 outputs) fusion_components=0 visual_only=0 lidar_only=0 fixed_size=0 size_reject=0
[lvdot_detector_main-7] [INFO] [1776941124.249229682] [lvdot_detector_node]: Input health: depth=691 color=636 lidar=618 pose=838 odom=838 yolo=208 depth_pose_sync=0 lidar_pose_sync=0 depth_odom_sync=0 lidar_odom_sync=0
[lvdot_detector_main-7] [INFO] [1776941124.249342998] [lvdot_detector_node]: Stage timers: detection=362 lidar_detection=174 tracking=3329 classification=3326 vis=3272
[lvdot_detector_main-7] [INFO] [1776941124.249367507] [lvdot_detector_node]: Processing phases: detection=run_core lidar_detection=run_lidar_detector/dbscan tracking=waiting_filtered_bboxes classification=idle
[lvdot_detector_main-7] [INFO] [1776941124.249377628] [lvdot_detector_node]: Pipeline stats: depth_samples=105/71300 u_map=0 depth_boxes=0 u_map_merge=0 u_map_db=0 u_map_visual=0 u_map_fused=0 u_map_filtered=0 lidar_samples=3379/146944 uv=0 db=0 lidar=0 fused=0 filtered=0 tracks=0 dynamic=0 dyn_points=0 raw_dyn_points=0 service=0/0 split=0->0 (0 outputs) fusion_components=0 visual_only=0 lidar_only=0 fixed_size=0 size_reject=0
[lvdot_detector_main-7] [INFO] [1776941130.250269522] [lvdot_detector_node]: Input health: depth=705 color=650 lidar=634 pose=885 odom=885 yolo=217 depth_pose_sync=0 lidar_pose_sync=0 depth_odom_sync=0 lidar_odom_sync=0
[lvdot_detector_main-7] [INFO] [1776941130.250467037] [lvdot_detector_node]: Stage timers: detection=376 lidar_detection=177 tracking=3511 classification=3508 vis=3450
[lvdot_detector_main-7] [INFO] [1776941130.250491508] [lvdot_detector_node]: Processing phases: detection=run_core lidar_detection=run_lidar_detector/dbscan tracking=build_input classification=idle
[lvdot_detector_main-7] [INFO] [1776941130.250513923] [lvdot_detector_node]: Pipeline stats: depth_samples=181/71300 u_map=2 depth_boxes=0 u_map_merge=0 u_map_db=0 u_map_visual=0 u_map_fused=0 u_map_filtered=0 lidar_samples=3243/126318 uv=0 db=2 lidar=2 fused=2 filtered=2 tracks=2 dynamic=0 dyn_points=0 raw_dyn_points=0 service=0/0 split=2->0 (2 outputs) fusion_components=2 visual_only=0 lidar_only=2 fixed_size=0 size_reject=0
[lvdot_detector_main-7] [INFO] [1776941136.245959320] [lvdot_detector_node]: Input health: depth=732 color=673 lidar=654 pose=929 odom=929 yolo=227 depth_pose_sync=0 lidar_pose_sync=0 depth_odom_sync=0 lidar_odom_sync=0
[lvdot_detector_main-7] [INFO] [1776941136.246082382] [lvdot_detector_node]: Stage timers: detection=387 lidar_detection=179 tracking=3691 classification=3688 vis=3623
[lvdot_detector_main-7] [INFO] [1776941136.246099818] [lvdot_detector_node]: Processing phases: detection=run_core lidar_detection=run_lidar_detector/dbscan tracking=waiting_filtered_bboxes classification=idle
[lvdot_detector_main-7] [INFO] [1776941136.246110603] [lvdot_detector_node]: Pipeline stats: depth_samples=126/71300 u_map=2 depth_boxes=0 u_map_merge=0 u_map_db=0 u_map_visual=0 u_map_fused=0 u_map_filtered=0 lidar_samples=3383/168433 uv=0 db=2 lidar=0 fused=0 filtered=0 tracks=0 dynamic=0 dyn_points=0 raw_dyn_points=0 service=0/0 split=0->0 (0 outputs) fusion_components=0 visual_only=0 lidar_only=0 fixed_size=0 size_reject=0
[lvdot_detector_main-7] [INFO] [1776941142.245882556] [lvdot_detector_node]: Input health: depth=770 color=713 lidar=685 pose=975 odom=975 yolo=237 depth_pose_sync=0 lidar_pose_sync=0 depth_odom_sync=0 lidar_odom_sync=0
[lvdot_detector_main-7] [INFO] [1776941142.245987019] [lvdot_detector_node]: Stage timers: detection=399 lidar_detection=182 tracking=3867 classification=3865 vis=3791
[lvdot_detector_main-7] [INFO] [1776941142.246000401] [lvdot_detector_node]: Processing phases: detection=run_core lidar_detection=run_lidar_detector/project tracking=idle classification=idle
[lvdot_detector_main-7] [INFO] [1776941142.246010688] [lvdot_detector_node]: Pipeline stats: depth_samples=105/71300 u_map=0 depth_boxes=0 u_map_merge=0 u_map_db=0 u_map_visual=0 u_map_fused=0 u_map_filtered=0 lidar_samples=3422/158566 uv=0 db=0 lidar=1 fused=1 filtered=1 tracks=1 dynamic=0 dyn_points=0 raw_dyn_points=0 service=0/0 split=1->0 (1 outputs) fusion_components=1 visual_only=0 lidar_only=1 fixed_size=1 size_reject=0
[lvdot_detector_main-7] [INFO] [1776941148.245974135] [lvdot_detector_node]: Input health: depth=790 color=730 lidar=706 pose=1023 odom=1023 yolo=247 depth_pose_sync=0 lidar_pose_sync=0 depth_odom_sync=0 lidar_odom_sync=0
[lvdot_detector_main-7] [INFO] [1776941148.246119014] [lvdot_detector_node]: Stage timers: detection=412 lidar_detection=184 tracking=4048 classification=4046 vis=3964
[lvdot_detector_main-7] [INFO] [1776941148.246134725] [lvdot_detector_node]: Processing phases: detection=run_core lidar_detection=run_lidar_detector/dbscan tracking=idle classification=idle
[lvdot_detector_main-7] [INFO] [1776941148.246144570] [lvdot_detector_node]: Pipeline stats: depth_samples=114/71300 u_map=4 depth_boxes=0 u_map_merge=0 u_map_db=0 u_map_visual=0 u_map_fused=0 u_map_filtered=0 lidar_samples=3185/126791 uv=0 db=2 lidar=1 fused=1 filtered=1 tracks=1 dynamic=0 dyn_points=0 raw_dyn_points=0 service=0/0 split=1->0 (1 outputs) fusion_components=1 visual_only=0 lidar_only=1 fixed_size=1 size_reject=0
[uav_trajectory_controller-4] [WARN] [1776941150.345003247] [uav_trajectory_controller]: SetEntityPose request timed out after 0.62s on /world/pedestrian_prototype/set_pose; dropping the pending request and retrying.
[uav_trajectory_controller-4] [WARN] [1776941150.975040103] [uav_trajectory_controller]: SetEntityPose request timed out after 0.50s on /world/pedestrian_prototype/set_pose; dropping the pending request and retrying.
[uav_trajectory_controller-4] [WARN] [1776941151.597445555] [uav_trajectory_controller]: SetEntityPose request timed out after 0.50s on /world/pedestrian_prototype/set_pose; dropping the pending request and retrying.
[lvdot_detector_main-7] [INFO] [1776941154.245888669] [lvdot_detector_node]: Input health: depth=813 color=746 lidar=720 pose=1051 odom=1051 yolo=256 depth_pose_sync=0 lidar_pose_sync=0 depth_odom_sync=0 lidar_odom_sync=0
[lvdot_detector_main-7] [INFO] [1776941154.245976209] [lvdot_detector_node]: Stage timers: detection=424 lidar_detection=187 tracking=4228 classification=4228 vis=4131
[lvdot_detector_main-7] [INFO] [1776941154.245993579] [lvdot_detector_node]: Processing phases: detection=run_core lidar_detection=run_lidar_detector/project tracking=waiting_filtered_bboxes classification=idle
[lvdot_detector_main-7] [INFO] [1776941154.246011940] [lvdot_detector_node]: Pipeline stats: depth_samples=130/71300 u_map=2 depth_boxes=0 u_map_merge=0 u_map_db=0 u_map_visual=0 u_map_fused=0 u_map_filtered=0 lidar_samples=3296/117513 uv=0 db=1 lidar=0 fused=0 filtered=0 tracks=0 dynamic=0 dyn_points=0 raw_dyn_points=0 service=0/0 split=0->0 (0 outputs) fusion_components=0 visual_only=0 lidar_only=0 fixed_size=0 size_reject=0
[lvdot_detector_main-7] [INFO] [1776941156.097306023] [lvdot_detector_node]: get_dynamic_obstacles responded with 0 obstacles from 0 tracked dynamic boxes.
