[INFO] [launch]: All log files can be found below /home/skbt2/.ros/log/2026-04-21-15-38-22-948609-DESKTOP-90MQDL6-397
[INFO] [launch]: Default logging verbosity is set to INFO
[INFO] [gazebo-1]: process started with pid [422]
[INFO] [parameter_bridge-2]: process started with pid [423]
[INFO] [pedestrian_state_publisher-3]: process started with pid [424]
[INFO] [uav_trajectory_controller-4]: process started with pid [425]
[INFO] [image_pointcloud_relay-5]: process started with pid [426]
[INFO] [lvdot_yolo_node-6]: process started with pid [427]
[INFO] [lvdot_detector_main-7]: process started with pid [428]
[lvdot_detector_main-7] getifaddrs: Operation not permitted
[lvdot_detector_main-7] getifaddrs: Operation not permitted
[lvdot_detector_main-7] getifaddrs: Operation not permitted
[lvdot_detector_main-7] [37;1m2026-04-21 15:38:23.443 [31;1m[[37;1mTRANSPORT_UDP[31;1m Error] [37mError creating socket: Operation not permitted[34;1m -> Function [36minit[m
[lvdot_detector_main-7] [37;1m2026-04-21 15:38:23.443 [31;1m[[37;1mRTPS_PARTICIPANT[31;1m Error] [37mUser transport failed to register.[34;1m -> Function [36mRTPSParticipantImpl[m
[lvdot_detector_main-7] getifaddrs: Operation not permitted
[lvdot_detector_main-7] getifaddrs: Operation not permitted
[lvdot_detector_main-7] getifaddrs: Operation not permitted
[lvdot_detector_main-7] getifaddrs: Operation not permitted
[lvdot_detector_main-7] getifaddrs: Operation not permitted
[lvdot_detector_main-7] getifaddrs: Operation not permitted
[lvdot_detector_main-7] getifaddrs: Operation not permitted
[lvdot_detector_main-7] getifaddrs: Operation not permitted
[lvdot_detector_main-7] getifaddrs: Operation not permitted
[lvdot_detector_main-7] getifaddrs: Operation not permitted
[lvdot_detector_main-7] getifaddrs: Operation not permitted
[lvdot_detector_main-7] getifaddrs: Operation not permitted
[lvdot_detector_main-7] getifaddrs: Operation not permitted
[lvdot_detector_main-7] getifaddrs: Operation not permitted
[lvdot_detector_main-7] getifaddrs: Operation not permitted
[lvdot_detector_main-7] getifaddrs: Operation not permitted
[lvdot_detector_main-7] getifaddrs: Operation not permitted
[lvdot_detector_main-7] getifaddrs: Operation not permitted
[lvdot_detector_main-7] getifaddrs: Operation not permitted
[lvdot_detector_main-7] getifaddrs: Operation not permitted
[lvdot_detector_main-7] getifaddrs: Operation not permitted
[lvdot_detector_main-7] getifaddrs: Operation not permitted
[lvdot_detector_main-7] getifaddrs: Operation not permitted
[lvdot_detector_main-7] getifaddrs: Operation not permitted
[lvdot_detector_main-7] getifaddrs: Operation not permitted
[lvdot_detector_main-7] getifaddrs: Operation not permitted
[lvdot_detector_main-7] getifaddrs: Operation not permitted
[lvdot_detector_main-7] [INFO] [1776757103.471458428] [lvdot_detector_node]: Config loaded: localization_mode=0 dt=0.033 image=640x480 depth_range=[0.20, 12.00] stage_timers=true
[lvdot_detector_main-7] getifaddrs: Operation not permitted
[lvdot_detector_main-7] getifaddrs: Operation not permitted
[lvdot_detector_main-7] getifaddrs: Operation not permitted
[lvdot_detector_main-7] getifaddrs: Operation not permitted
[lvdot_detector_main-7] getifaddrs: Operation not permitted
[lvdot_detector_main-7] getifaddrs: Operation not permitted
[lvdot_detector_main-7] getifaddrs: Operation not permitted
[lvdot_detector_main-7] getifaddrs: Operation not permitted
[lvdot_detector_main-7] getifaddrs: Operation not permitted
[lvdot_detector_main-7] getifaddrs: Operation not permitted
[lvdot_detector_main-7] getifaddrs: Operation not permitted
[lvdot_detector_main-7] getifaddrs: Operation not permitted
[lvdot_detector_main-7] getifaddrs: Operation not permitted
[lvdot_detector_main-7] getifaddrs: Operation not permitted
[lvdot_detector_main-7] getifaddrs: Operation not permitted
[lvdot_detector_main-7] getifaddrs: Operation not permitted
[lvdot_detector_main-7] getifaddrs: Operation not permitted
[lvdot_detector_main-7] getifaddrs: Operation not permitted
[lvdot_detector_main-7] getifaddrs: Operation not permitted
[lvdot_detector_main-7] getifaddrs: Operation not permitted
[lvdot_detector_main-7] getifaddrs: Operation not permitted
[lvdot_detector_main-7] getifaddrs: Operation not permitted
[lvdot_detector_main-7] getifaddrs: Operation not permitted
[lvdot_detector_main-7] getifaddrs: Operation not permitted
[lvdot_detector_main-7] getifaddrs: Operation not permitted
[lvdot_detector_main-7] getifaddrs: Operation not permitted
[lvdot_detector_main-7] getifaddrs: Operation not permitted
[lvdot_detector_main-7] [INFO] [1776757103.500559091] [lvdot_detector_node]: LV-DOT ROS2 skeleton started. depth=/camera/depth/image_rect_raw color=/camera/color/image_raw lidar=/pointcloud pose=/mavros/local_position/pose odom=/mavros/local_position/odom yolo=/yolo_detector/detected_bounding_boxes
[gazebo-1] error in getifaddrs: Unknown error -1
[image_pointcloud_relay-5] getifaddrs: Operation not permitted
[image_pointcloud_relay-5] getifaddrs: Operation not permitted
[image_pointcloud_relay-5] getifaddrs: Operation not permitted
[image_pointcloud_relay-5] [37;1m2026-04-21 15:38:24.024 [31;1m[[37;1mTRANSPORT_UDP[31;1m Error] [37mError creating socket: Operation not permitted[34;1m -> Function [36minit[m
[image_pointcloud_relay-5] [37;1m2026-04-21 15:38:24.024 [31;1m[[37;1mRTPS_PARTICIPANT[31;1m Error] [37mUser transport failed to register.[34;1m -> Function [36mRTPSParticipantImpl[m
[image_pointcloud_relay-5] getifaddrs: Operation not permitted
[image_pointcloud_relay-5] getifaddrs: Operation not permitted
[image_pointcloud_relay-5] getifaddrs: Operation not permitted
[image_pointcloud_relay-5] getifaddrs: Operation not permitted
[image_pointcloud_relay-5] getifaddrs: Operation not permitted
[image_pointcloud_relay-5] getifaddrs: Operation not permitted
[image_pointcloud_relay-5] getifaddrs: Operation not permitted
[image_pointcloud_relay-5] getifaddrs: Operation not permitted
[image_pointcloud_relay-5] getifaddrs: Operation not permitted
[image_pointcloud_relay-5] getifaddrs: Operation not permitted
[image_pointcloud_relay-5] getifaddrs: Operation not permitted
[image_pointcloud_relay-5] getifaddrs: Operation not permitted
[image_pointcloud_relay-5] getifaddrs: Operation not permitted
[image_pointcloud_relay-5] getifaddrs: Operation not permitted
[image_pointcloud_relay-5] getifaddrs: Operation not permitted
[image_pointcloud_relay-5] getifaddrs: Operation not permitted
[image_pointcloud_relay-5] getifaddrs: Operation not permitted
[image_pointcloud_relay-5] getifaddrs: Operation not permitted
[image_pointcloud_relay-5] getifaddrs: Operation not permitted
[image_pointcloud_relay-5] getifaddrs: Operation not permitted
[image_pointcloud_relay-5] getifaddrs: Operation not permitted
[image_pointcloud_relay-5] getifaddrs: Operation not permitted
[image_pointcloud_relay-5] getifaddrs: Operation not permitted
[image_pointcloud_relay-5] getifaddrs: Operation not permitted
[image_pointcloud_relay-5] getifaddrs: Operation not permitted
[image_pointcloud_relay-5] getifaddrs: Operation not permitted
[uav_trajectory_controller-4] getifaddrs: Operation not permitted
[uav_trajectory_controller-4] getifaddrs: Operation not permitted
[uav_trajectory_controller-4] getifaddrs: Operation not permitted
[uav_trajectory_controller-4] [37;1m2026-04-21 15:38:24.448 [31;1m[[37;1mTRANSPORT_UDP[31;1m Error] [37mError creating socket: Operation not permitted[34;1m -> Function [36minit[m
[uav_trajectory_controller-4] [37;1m2026-04-21 15:38:24.449 [31;1m[[37;1mRTPS_PARTICIPANT[31;1m Error] [37mUser transport failed to register.[34;1m -> Function [36mRTPSParticipantImpl[m
[uav_trajectory_controller-4] getifaddrs: Operation not permitted
[uav_trajectory_controller-4] getifaddrs: Operation not permitted
[uav_trajectory_controller-4] getifaddrs: Operation not permitted
[uav_trajectory_controller-4] getifaddrs: Operation not permitted
[uav_trajectory_controller-4] getifaddrs: Operation not permitted
[uav_trajectory_controller-4] getifaddrs: Operation not permitted
[uav_trajectory_controller-4] getifaddrs: Operation not permitted
[uav_trajectory_controller-4] getifaddrs: Operation not permitted
[uav_trajectory_controller-4] getifaddrs: Operation not permitted
[uav_trajectory_controller-4] getifaddrs: Operation not permitted
[uav_trajectory_controller-4] getifaddrs: Operation not permitted
[uav_trajectory_controller-4] getifaddrs: Operation not permitted
[uav_trajectory_controller-4] getifaddrs: Operation not permitted
[uav_trajectory_controller-4] getifaddrs: Operation not permitted
[uav_trajectory_controller-4] getifaddrs: Operation not permitted
[uav_trajectory_controller-4] getifaddrs: Operation not permitted
[uav_trajectory_controller-4] getifaddrs: Operation not permitted
[uav_trajectory_controller-4] getifaddrs: Operation not permitted
[uav_trajectory_controller-4] getifaddrs: Operation not permitted
[uav_trajectory_controller-4] getifaddrs: Operation not permitted
[uav_trajectory_controller-4] getifaddrs: Operation not permitted
[uav_trajectory_controller-4] getifaddrs: Operation not permitted
[uav_trajectory_controller-4] getifaddrs: Operation not permitted
[uav_trajectory_controller-4] getifaddrs: Operation not permitted
[uav_trajectory_controller-4] getifaddrs: Operation not permitted
[uav_trajectory_controller-4] getifaddrs: Operation not permitted
[pedestrian_state_publisher-3] getifaddrs: Operation not permitted
[pedestrian_state_publisher-3] getifaddrs: Operation not permitted
[pedestrian_state_publisher-3] getifaddrs: Operation not permitted
[pedestrian_state_publisher-3] [37;1m2026-04-21 15:38:24.569 [31;1m[[37;1mTRANSPORT_UDP[31;1m Error] [37mError creating socket: Operation not permitted[34;1m -> Function [36minit[m
[pedestrian_state_publisher-3] [37;1m2026-04-21 15:38:24.569 [31;1m[[37;1mRTPS_PARTICIPANT[31;1m Error] [37mUser transport failed to register.[34;1m -> Function [36mRTPSParticipantImpl[m
[pedestrian_state_publisher-3] getifaddrs: Operation not permitted
[pedestrian_state_publisher-3] getifaddrs: Operation not permitted
[pedestrian_state_publisher-3] getifaddrs: Operation not permitted
[pedestrian_state_publisher-3] getifaddrs: Operation not permitted
[pedestrian_state_publisher-3] getifaddrs: Operation not permitted
[pedestrian_state_publisher-3] getifaddrs: Operation not permitted
[pedestrian_state_publisher-3] getifaddrs: Operation not permitted
[pedestrian_state_publisher-3] getifaddrs: Operation not permitted
[pedestrian_state_publisher-3] getifaddrs: Operation not permitted
[pedestrian_state_publisher-3] getifaddrs: Operation not permitted
[pedestrian_state_publisher-3] getifaddrs: Operation not permitted
[pedestrian_state_publisher-3] getifaddrs: Operation not permitted
[pedestrian_state_publisher-3] getifaddrs: Operation not permitted
[pedestrian_state_publisher-3] getifaddrs: Operation not permitted
[pedestrian_state_publisher-3] getifaddrs: Operation not permitted
[pedestrian_state_publisher-3] getifaddrs: Operation not permitted
[pedestrian_state_publisher-3] getifaddrs: Operation not permitted
[pedestrian_state_publisher-3] getifaddrs: Operation not permitted
[pedestrian_state_publisher-3] getifaddrs: Operation not permitted
[pedestrian_state_publisher-3] getifaddrs: Operation not permitted
[pedestrian_state_publisher-3] getifaddrs: Operation not permitted
[pedestrian_state_publisher-3] getifaddrs: Operation not permitted
[pedestrian_state_publisher-3] getifaddrs: Operation not permitted
[pedestrian_state_publisher-3] getifaddrs: Operation not permitted
[pedestrian_state_publisher-3] getifaddrs: Operation not permitted
[pedestrian_state_publisher-3] getifaddrs: Operation not permitted
[image_pointcloud_relay-5] getifaddrs: Operation not permitted
[image_pointcloud_relay-5] getifaddrs: Operation not permitted
[image_pointcloud_relay-5] getifaddrs: Operation not permitted
[image_pointcloud_relay-5] getifaddrs: Operation not permitted
[pedestrian_state_publisher-3] getifaddrs: Operation not permitted
[uav_trajectory_controller-4] getifaddrs: Operation not permitted
[uav_trajectory_controller-4] getifaddrs: Operation not permitted
[pedestrian_state_publisher-3] getifaddrs: Operation not permitted
[ERROR] [gazebo-1]: process has died [pid 422, exit code 255, cmd 'gz sim -s -r /home/skbt2/ros2_depth_eval_ws/install/depth_eval_bringup/share/depth_eval_bringup/worlds/pedestrian_prototype.sdf'].
[INFO] [launch]: process[gazebo-1] was required: shutting down launched system
[INFO] [lvdot_detector_main-7]: sending signal 'SIGINT' to process[lvdot_detector_main-7]
[INFO] [lvdot_yolo_node-6]: sending signal 'SIGINT' to process[lvdot_yolo_node-6]
[INFO] [image_pointcloud_relay-5]: sending signal 'SIGINT' to process[image_pointcloud_relay-5]
[INFO] [uav_trajectory_controller-4]: sending signal 'SIGINT' to process[uav_trajectory_controller-4]
[INFO] [pedestrian_state_publisher-3]: sending signal 'SIGINT' to process[pedestrian_state_publisher-3]
[INFO] [parameter_bridge-2]: sending signal 'SIGINT' to process[parameter_bridge-2]
[lvdot_detector_main-7] [INFO] [1776757105.242080498] [rclcpp]: signal_handler(SIGINT/SIGTERM)
[image_pointcloud_relay-5] Traceback (most recent call last):
[image_pointcloud_relay-5]   File "/home/skbt2/ros2_depth_eval_ws/install/lvdot_ros2_adapter/lib/lvdot_ros2_adapter/image_pointcloud_relay", line 33, in <module>
[image_pointcloud_relay-5]     sys.exit(load_entry_point('lvdot-ros2-adapter', 'console_scripts', 'image_pointcloud_relay')())
[image_pointcloud_relay-5]              ^^^^^^^^^^^^^^^^^^^^^^^^^^^^^^^^^^^^^^^^^^^^^^^^^^^^^^^^^^^^^^^^^^^^^^^^^^^^^^^^^^^^^
[image_pointcloud_relay-5]   File "/home/skbt2/ros2_depth_eval_ws/build/lvdot_ros2_adapter/lvdot_ros2_adapter/image_pointcloud_relay.py", line 39, in main
[pedestrian_state_publisher-3] Traceback (most recent call last):
[pedestrian_state_publisher-3]   File "/home/skbt2/ros2_depth_eval_ws/install/depth_eval_bringup/lib/depth_eval_bringup/pedestrian_state_publisher", line 33, in <module>
[pedestrian_state_publisher-3]     sys.exit(load_entry_point('depth-eval-bringup', 'console_scripts', 'pedestrian_state_publisher')())
[pedestrian_state_publisher-3]              ^^^^^^^^^^^^^^^^^^^^^^^^^^^^^^^^^^^^^^^^^^^^^^^^^^^^^^^^^^^^^^^^^^^^^^^^^^^^^^^^^^^^^^^^^
[pedestrian_state_publisher-3]   File "/home/skbt2/ros2_depth_eval_ws/build/depth_eval_bringup/depth_eval_bringup/pedestrian_state_publisher.py", line 185, in main
[uav_trajectory_controller-4] getifaddrs: Operation not permitted
[uav_trajectory_controller-4] getifaddrs: Operation not permitted
[pedestrian_state_publisher-3]     rclpy.spin(node)
[pedestrian_state_publisher-3]   File "/opt/ros/jazzy/lib/python3.12/site-packages/rclpy/__init__.py", line 247, in spin
[pedestrian_state_publisher-3]     executor.spin_once()
[pedestrian_state_publisher-3]   File "/opt/ros/jazzy/lib/python3.12/site-packages/rclpy/executors.py", line 923, in spin_once
[pedestrian_state_publisher-3]     self._spin_once_impl(timeout_sec)
[pedestrian_state_publisher-3]   File "/opt/ros/jazzy/lib/python3.12/site-packages/rclpy/executors.py", line 904, in _spin_once_impl
[pedestrian_state_publisher-3]     handler, entity, node = self.wait_for_ready_callbacks(
[pedestrian_state_publisher-3]                             ^^^^^^^^^^^^^^^^^^^^^^^^^^^^^^
[pedestrian_state_publisher-3]   File "/opt/ros/jazzy/lib/python3.12/site-packages/rclpy/executors.py", line 874, in wait_for_ready_callbacks
[pedestrian_state_publisher-3]     return next(self._cb_iter)
[pedestrian_state_publisher-3]            ^^^^^^^^^^^^^^^^^^^
[pedestrian_state_publisher-3]   File "/opt/ros/jazzy/lib/python3.12/site-packages/rclpy/executors.py", line 782, in _wait_for_ready_callbacks
[pedestrian_state_publisher-3]     raise ExternalShutdownException()
[pedestrian_state_publisher-3] rclpy.executors.ExternalShutdownException
[image_pointcloud_relay-5]     rclpy.spin(node)
[image_pointcloud_relay-5]   File "/opt/ros/jazzy/lib/python3.12/site-packages/rclpy/__init__.py", line 247, in spin
[image_pointcloud_relay-5]     executor.spin_once()
[image_pointcloud_relay-5]   File "/opt/ros/jazzy/lib/python3.12/site-packages/rclpy/executors.py", line 923, in spin_once
[image_pointcloud_relay-5]     self._spin_once_impl(timeout_sec)
[image_pointcloud_relay-5]   File "/opt/ros/jazzy/lib/python3.12/site-packages/rclpy/executors.py", line 904, in _spin_once_impl
[image_pointcloud_relay-5]     handler, entity, node = self.wait_for_ready_callbacks(
[image_pointcloud_relay-5]                             ^^^^^^^^^^^^^^^^^^^^^^^^^^^^^^
[image_pointcloud_relay-5]   File "/opt/ros/jazzy/lib/python3.12/site-packages/rclpy/executors.py", line 874, in wait_for_ready_callbacks
[image_pointcloud_relay-5]     return next(self._cb_iter)
[image_pointcloud_relay-5]            ^^^^^^^^^^^^^^^^^^^
[image_pointcloud_relay-5]   File "/opt/ros/jazzy/lib/python3.12/site-packages/rclpy/executors.py", line 782, in _wait_for_ready_callbacks
[image_pointcloud_relay-5]     raise ExternalShutdownException()
[image_pointcloud_relay-5] rclpy.executors.ExternalShutdownException
[INFO] [lvdot_detector_main-7]: process has finished cleanly [pid 428]
[uav_trajectory_controller-4] Traceback (most recent call last):
[uav_trajectory_controller-4]   File "/home/skbt2/ros2_depth_eval_ws/install/depth_eval_bringup/lib/depth_eval_bringup/uav_trajectory_controller", line 33, in <module>
[uav_trajectory_controller-4]     sys.exit(load_entry_point('depth-eval-bringup', 'console_scripts', 'uav_trajectory_controller')())
[uav_trajectory_controller-4]              ^^^^^^^^^^^^^^^^^^^^^^^^^^^^^^^^^^^^^^^^^^^^^^^^^^^^^^^^^^^^^^^^^^^^^^^^^^^^^^^^^^^^^^^^
[uav_trajectory_controller-4]   File "/home/skbt2/ros2_depth_eval_ws/build/depth_eval_bringup/depth_eval_bringup/uav_trajectory_controller.py", line 245, in main
[uav_trajectory_controller-4]     node = UavTrajectoryController()
[uav_trajectory_controller-4]            ^^^^^^^^^^^^^^^^^^^^^^^^^
[uav_trajectory_controller-4]   File "/home/skbt2/ros2_depth_eval_ws/build/depth_eval_bringup/depth_eval_bringup/uav_trajectory_controller.py", line 59, in __init__
[uav_trajectory_controller-4]     self.pose_fallback_cli = self.create_client(SetEntityPose, self.pose_fallback_service_name)
[uav_trajectory_controller-4]                              ^^^^^^^^^^^^^^^^^^^^^^^^^^^^^^^^^^^^^^^^^^^^^^^^^^^^^^^^^^^^^^^^^^
[uav_trajectory_controller-4]   File "/opt/ros/jazzy/lib/python3.12/site-packages/rclpy/node.py", line 1687, in create_client
[uav_trajectory_controller-4]     client_impl = _rclpy.Client(
[uav_trajectory_controller-4]                   ^^^^^^^^^^^^^^
[uav_trajectory_controller-4] rclpy._rclpy_pybind11.RCLError: failed to create client: rcl node's context is invalid, at ./src/rcl/node.c:404
[parameter_bridge-2] getifaddrs: Operation not permitted
[parameter_bridge-2] getifaddrs: Operation not permitted
[parameter_bridge-2] getifaddrs: Operation not permitted
[parameter_bridge-2] [37;1m2026-04-21 15:38:25.536 [31;1m[[37;1mTRANSPORT_UDP[31;1m Error] [37mError creating socket: Operation not permitted[34;1m -> Function [36minit[m
[parameter_bridge-2] [37;1m2026-04-21 15:38:25.536 [31;1m[[37;1mRTPS_PARTICIPANT[31;1m Error] [37mUser transport failed to register.[34;1m -> Function [36mRTPSParticipantImpl[m
[parameter_bridge-2] getifaddrs: Operation not permitted
[parameter_bridge-2] getifaddrs: Operation not permitted
[parameter_bridge-2] getifaddrs: Operation not permitted
[parameter_bridge-2] getifaddrs: Operation not permitted
[parameter_bridge-2] getifaddrs: Operation not permitted
[parameter_bridge-2] getifaddrs: Operation not permitted
[parameter_bridge-2] getifaddrs: Operation not permitted
[parameter_bridge-2] getifaddrs: Operation not permitted
[parameter_bridge-2] getifaddrs: Operation not permitted
[parameter_bridge-2] getifaddrs: Operation not permitted
[parameter_bridge-2] getifaddrs: Operation not permitted
[parameter_bridge-2] getifaddrs: Operation not permitted
[parameter_bridge-2] getifaddrs: Operation not permitted
[parameter_bridge-2] getifaddrs: Operation not permitted
[parameter_bridge-2] getifaddrs: Operation not permitted
[parameter_bridge-2] getifaddrs: Operation not permitted
[parameter_bridge-2] getifaddrs: Operation not permitted
[parameter_bridge-2] getifaddrs: Operation not permitted
[parameter_bridge-2] getifaddrs: Operation not permitted
[parameter_bridge-2] getifaddrs: Operation not permitted
[parameter_bridge-2] getifaddrs: Operation not permitted
[parameter_bridge-2] getifaddrs: Operation not permitted
[parameter_bridge-2] getifaddrs: Operation not permitted
[ERROR] [pedestrian_state_publisher-3]: process has died [pid 424, exit code 1, cmd '/home/skbt2/ros2_depth_eval_ws/install/depth_eval_bringup/lib/depth_eval_bringup/pedestrian_state_publisher --ros-args --params-file /tmp/launch_params_mu6qu_1y'].
[ERROR] [image_pointcloud_relay-5]: process has died [pid 426, exit code 1, cmd '/home/skbt2/ros2_depth_eval_ws/install/lvdot_ros2_adapter/lib/lvdot_ros2_adapter/image_pointcloud_relay --ros-args'].
[parameter_bridge-2] getifaddrs: Operation not permitted
[parameter_bridge-2] getifaddrs: Operation not permitted
[parameter_bridge-2] getifaddrs: Operation not permitted
[parameter_bridge-2] getifaddrs: Operation not permitted
[parameter_bridge-2] error in getifaddrs: Unknown error -1
[ERROR] [uav_trajectory_controller-4]: process has died [pid 425, exit code 1, cmd '/home/skbt2/ros2_depth_eval_ws/install/depth_eval_bringup/lib/depth_eval_bringup/uav_trajectory_controller --ros-args --params-file /tmp/launch_params_d9hxwmxk'].
[ERROR] [parameter_bridge-2]: process has died [pid 423, exit code -11, cmd '/opt/ros/jazzy/lib/ros_gz_bridge/parameter_bridge /rgbd_camera/image@sensor_msgs/msg/Image[gz.msgs.Image /rgbd_camera/camera_info@sensor_msgs/msg/CameraInfo[gz.msgs.CameraInfo /rgbd_camera/depth_image@sensor_msgs/msg/Image[gz.msgs.Image /rgbd_camera/points@sensor_msgs/msg/PointCloud2[gz.msgs.PointCloudPacked /camera/imu@sensor_msgs/msg/Imu[gz.msgs.IMU /world/pedestrian_prototype/set_pose@ros_gz_interfaces/srv/SetEntityPose /world/pedestrian_prototype/set_pose/blocking@ros_gz_interfaces/srv/SetEntityPose --ros-args'].
[ERROR] [lvdot_yolo_node-6]: process[lvdot_yolo_node-6] failed to terminate '5' seconds after receiving 'SIGINT', escalating to 'SIGTERM'
[INFO] [lvdot_yolo_node-6]: sending signal 'SIGTERM' to process[lvdot_yolo_node-6]
[ERROR] [lvdot_yolo_node-6]: process has died [pid 427, exit code -15, cmd '/home/skbt2/ros2_depth_eval_ws/install/lvdot_ros2_adapter/lib/lvdot_ros2_adapter/lvdot_yolo_node --ros-args --params-file /tmp/launch_params__u_m1nwy'].
