[INFO] [launch]: All log files can be found below /home/skbt2/.ros/log/2026-04-28-09-52-46-133803-DESKTOP-90MQDL6-69286
[INFO] [launch]: Default logging verbosity is set to INFO
[INFO] [gazebo-1]: process started with pid [69324]
[INFO] [parameter_bridge-2]: process started with pid [69325]
[INFO] [pedestrian_state_publisher-3]: process started with pid [69326]
[INFO] [uav_trajectory_controller-4]: process started with pid [69327]
[INFO] [image_pointcloud_relay-5]: process started with pid [69328]
[INFO] [image_pointcloud_relay-6]: process started with pid [69329]
[INFO] [lvdot_yolo_node-7]: process started with pid [69330]
[INFO] [lvdot_detector_main-8]: process started with pid [69331]
[parameter_bridge-2] [INFO] [1777341166.893184773] [ros_gz_bridge]: Creating GZ->ROS Bridge: [/rgbd_camera/image (gz.msgs.Image) -> /rgbd_camera/image (sensor_msgs/msg/Image)] (Lazy 0)
[parameter_bridge-2] [INFO] [1777341166.902599706] [ros_gz_bridge]: Creating GZ->ROS Bridge: [/rgbd_camera/camera_info (gz.msgs.CameraInfo) -> /rgbd_camera/camera_info (sensor_msgs/msg/CameraInfo)] (Lazy 0)
[parameter_bridge-2] [INFO] [1777341166.906654741] [ros_gz_bridge]: Creating GZ->ROS Bridge: [/rgbd_camera/depth_image (gz.msgs.Image) -> /rgbd_camera/depth_image (sensor_msgs/msg/Image)] (Lazy 0)
[parameter_bridge-2] [INFO] [1777341166.908406495] [ros_gz_bridge]: Creating GZ->ROS Bridge: [/rgbd_camera/points (gz.msgs.PointCloudPacked) -> /rgbd_camera/points (sensor_msgs/msg/PointCloud2)] (Lazy 0)
[parameter_bridge-2] [INFO] [1777341166.913116299] [ros_gz_bridge]: Creating GZ->ROS Bridge: [/camera/imu (gz.msgs.IMU) -> /camera/imu (sensor_msgs/msg/Imu)] (Lazy 0)
[parameter_bridge-2] [INFO] [1777341166.925458349] [ros_gz_bridge]: Creating ROS->GZ service bridge [/world/pedestrian_prototype/set_pose (ros_gz_interfaces/srv/SetEntityPose -> /)]
[parameter_bridge-2] [INFO] [1777341166.927428426] [ros_gz_bridge]: Creating ROS->GZ service bridge [/world/pedestrian_prototype/set_pose/blocking (ros_gz_interfaces/srv/SetEntityPose -> /)]
[lvdot_detector_main-8] [INFO] [1777341167.573907625] [lvdot_detector_node]: Config loaded: localization_mode=0 dt=0.033 image=640x480 depth_range=[0.50, 5.00] stage_timers=true vis_stage=false executor_threads=1
[lvdot_detector_main-8] [INFO] [1777341167.755232877] [lvdot_detector_node]: LV-DOT ROS2 skeleton started. depth=/camera/depth/image_rect_raw color=/camera/color/image_raw lidar=/pointcloud pose=/mavros/local_position/pose odom=/mavros/local_position/odom yolo=/yolo_detector/detected_bounding_boxes
[lvdot_detector_main-8] [INFO] [1777341167.756546835] [lvdot_detector_node]: Starting executor with executor_threads=1
[lvdot_detector_main-8] [WARN] [1777341167.756684238] [rclcpp]: MultiThreadedExecutor is used with a single thread.
[lvdot_detector_main-8] Use the SingleThreadedExecutor instead.
[gazebo-1] [INFO] [1777341171.629011438] [pedestrian_pose_sync_system]: Configured pedestrian pose sync plugin on topic [/pedestrian_sim/agent_states] for 8 models.
[uav_trajectory_controller-4] [WARN] [1777341171.657280921] [uav_trajectory_controller]: SetEntityPose request timed out after 0.62s on /world/pedestrian_prototype/set_pose/blocking; dropping the pending request and retrying.
[uav_trajectory_controller-4] [WARN] [1777341171.658156704] [uav_trajectory_controller]: Falling back from /world/pedestrian_prototype/set_pose/blocking to /world/pedestrian_prototype/set_pose.
[lvdot_detector_main-8] [INFO] [1777341174.073024369] [lvdot_detector_node]: Input health: depth=2 color=1 lidar=0 pose=17 odom=17 yolo=0 depth_pose_sync=0 lidar_pose_sync=0 depth_odom_sync=0 lidar_odom_sync=0
[lvdot_detector_main-8] [INFO] [1777341174.073195543] [lvdot_detector_node]: Stage timers: detection=31 lidar_detection=31 tracking=31 classification=30 vis=0
[lvdot_detector_main-8] [INFO] [1777341174.073221656] [lvdot_detector_node]: Processing phases: detection=idle lidar_detection=waiting_new_lidar tracking=idle classification=waiting_new_tracking_update
[lvdot_detector_main-8] [INFO] [1777341174.073235060] [lvdot_detector_node]: Pipeline stats: depth_samples=1467/71300 u_map=3 depth_boxes=0 u_map_merge=0 u_map_db=0 u_map_visual=0 u_map_fused=0 u_map_filtered=0 lidar_samples=0/0 uv=2 db=11 lidar=0 fused=2 filtered=2 tracks=2 dynamic=0 dyn_points=0 raw_dyn_points=0 service=0/0 split=2->0 (2 outputs) fusion_components=2 visual_only=2 lidar_only=0 yolo_in=0 yolo_match3d=0 yolo_match_det=0 yolo_human=0 fixed_size=0 size_reject=0
[lvdot_detector_main-8] [INFO] [1777341182.192242295] [lvdot_detector_node]: Input health: depth=6 color=5 lidar=0 pose=21 odom=21 yolo=3 depth_pose_sync=0 lidar_pose_sync=0 depth_odom_sync=0 lidar_odom_sync=0
[lvdot_detector_main-8] [INFO] [1777341182.197028847] [lvdot_detector_node]: Stage timers: detection=35 lidar_detection=35 tracking=35 classification=33 vis=0
[lvdot_detector_main-8] [INFO] [1777341182.197056817] [lvdot_detector_node]: Processing phases: detection=idle lidar_detection=waiting_new_lidar tracking=idle classification=idle
[lvdot_detector_main-8] [INFO] [1777341182.197067826] [lvdot_detector_node]: Pipeline stats: depth_samples=1762/71300 u_map=3 depth_boxes=0 u_map_merge=0 u_map_db=0 u_map_visual=0 u_map_fused=0 u_map_filtered=0 lidar_samples=0/0 uv=1 db=17 lidar=0 fused=1 filtered=1 tracks=1 dynamic=0 dyn_points=0 raw_dyn_points=0 service=0/0 split=1->1 (1 outputs) fusion_components=1 visual_only=1 lidar_only=0 yolo_in=2 yolo_match3d=1 yolo_match_det=2 yolo_human=1 fixed_size=0 size_reject=0
[lvdot_detector_main-8] [INFO] [1777341187.393802580] [lvdot_detector_node]: Input health: depth=8 color=7 lidar=0 pose=23 odom=23 yolo=5 depth_pose_sync=0 lidar_pose_sync=0 depth_odom_sync=0 lidar_odom_sync=0
[lvdot_detector_main-8] [INFO] [1777341187.393889399] [lvdot_detector_node]: Stage timers: detection=37 lidar_detection=37 tracking=37 classification=34 vis=0
[lvdot_detector_main-8] [INFO] [1777341187.393907541] [lvdot_detector_node]: Processing phases: detection=idle lidar_detection=waiting_new_lidar tracking=idle classification=idle
[lvdot_detector_main-8] [INFO] [1777341187.393924762] [lvdot_detector_node]: Pipeline stats: depth_samples=1447/71300 u_map=3 depth_boxes=0 u_map_merge=0 u_map_db=0 u_map_visual=0 u_map_fused=0 u_map_filtered=0 lidar_samples=0/0 uv=2 db=12 lidar=0 fused=2 filtered=2 tracks=2 dynamic=2 dyn_points=0 raw_dyn_points=0 service=0/0 split=2->0 (2 outputs) fusion_components=2 visual_only=2 lidar_only=0 yolo_in=1 yolo_match3d=1 yolo_match_det=1 yolo_human=1 fixed_size=0 size_reject=0
[lvdot_detector_main-8] [INFO] [1777341193.028032940] [lvdot_detector_node]: Input health: depth=10 color=9 lidar=0 pose=25 odom=25 yolo=7 depth_pose_sync=0 lidar_pose_sync=0 depth_odom_sync=0 lidar_odom_sync=0
[lvdot_detector_main-8] [INFO] [1777341193.028125236] [lvdot_detector_node]: Stage timers: detection=39 lidar_detection=39 tracking=39 classification=35 vis=0
[lvdot_detector_main-8] [INFO] [1777341193.028172287] [lvdot_detector_node]: Processing phases: detection=idle lidar_detection=waiting_new_lidar tracking=idle classification=idle
[lvdot_detector_main-8] [INFO] [1777341193.028192050] [lvdot_detector_node]: Pipeline stats: depth_samples=1393/71300 u_map=3 depth_boxes=0 u_map_merge=0 u_map_db=0 u_map_visual=0 u_map_fused=0 u_map_filtered=0 lidar_samples=0/0 uv=2 db=11 lidar=0 fused=2 filtered=2 tracks=1 dynamic=1 dyn_points=0 raw_dyn_points=0 service=0/0 split=2->0 (2 outputs) fusion_components=2 visual_only=2 lidar_only=0 yolo_in=0 yolo_match3d=0 yolo_match_det=0 yolo_human=0 fixed_size=0 size_reject=0
[lvdot_detector_main-8] [INFO] [1777341200.326752220] [lvdot_detector_node]: Input health: depth=14 color=13 lidar=0 pose=29 odom=29 yolo=11 depth_pose_sync=0 lidar_pose_sync=0 depth_odom_sync=0 lidar_odom_sync=0
[lvdot_detector_main-8] [INFO] [1777341200.328667625] [lvdot_detector_node]: Stage timers: detection=43 lidar_detection=43 tracking=43 classification=37 vis=0
[lvdot_detector_main-8] [INFO] [1777341200.328695284] [lvdot_detector_node]: Processing phases: detection=idle lidar_detection=waiting_new_lidar tracking=waiting_filtered_bboxes classification=idle
[lvdot_detector_main-8] [INFO] [1777341200.328708027] [lvdot_detector_node]: Pipeline stats: depth_samples=1026/71300 u_map=1 depth_boxes=0 u_map_merge=0 u_map_db=0 u_map_visual=0 u_map_fused=0 u_map_filtered=0 lidar_samples=0/0 uv=0 db=7 lidar=0 fused=0 filtered=0 tracks=0 dynamic=1 dyn_points=0 raw_dyn_points=0 service=0/0 split=0->0 (0 outputs) fusion_components=0 visual_only=0 lidar_only=0 yolo_in=3 yolo_match3d=0 yolo_match_det=0 yolo_human=0 fixed_size=0 size_reject=0
[lvdot_detector_main-8] [INFO] [1777341208.663878025] [lvdot_detector_node]: Input health: depth=18 color=17 lidar=0 pose=33 odom=33 yolo=15 depth_pose_sync=0 lidar_pose_sync=0 depth_odom_sync=0 lidar_odom_sync=0
[lvdot_detector_main-8] [INFO] [1777341208.663944639] [lvdot_detector_node]: Stage timers: detection=47 lidar_detection=47 tracking=47 classification=39 vis=0
[lvdot_detector_main-8] [INFO] [1777341208.663954766] [lvdot_detector_node]: Processing phases: detection=idle lidar_detection=waiting_new_lidar tracking=idle classification=idle
[lvdot_detector_main-8] [INFO] [1777341208.663963601] [lvdot_detector_node]: Pipeline stats: depth_samples=1226/71300 u_map=3 depth_boxes=0 u_map_merge=0 u_map_db=0 u_map_visual=0 u_map_fused=0 u_map_filtered=0 lidar_samples=0/0 uv=3 db=8 lidar=0 fused=3 filtered=3 tracks=1 dynamic=1 dyn_points=0 raw_dyn_points=0 service=0/0 split=3->0 (3 outputs) fusion_components=3 visual_only=3 lidar_only=0 yolo_in=2 yolo_match3d=2 yolo_match_det=2 yolo_human=2 fixed_size=0 size_reject=0
[lvdot_detector_main-8] [INFO] [1777341217.184083422] [lvdot_detector_node]: Input health: depth=22 color=21 lidar=0 pose=37 odom=37 yolo=19 depth_pose_sync=0 lidar_pose_sync=0 depth_odom_sync=0 lidar_odom_sync=0
[lvdot_detector_main-8] [INFO] [1777341217.186127406] [lvdot_detector_node]: Stage timers: detection=51 lidar_detection=51 tracking=51 classification=41 vis=0
[lvdot_detector_main-8] [INFO] [1777341217.186148250] [lvdot_detector_node]: Processing phases: detection=idle lidar_detection=waiting_new_lidar tracking=idle classification=idle
[lvdot_detector_main-8] [INFO] [1777341217.186157903] [lvdot_detector_node]: Pipeline stats: depth_samples=1388/71300 u_map=0 depth_boxes=0 u_map_merge=0 u_map_db=0 u_map_visual=0 u_map_fused=0 u_map_filtered=0 lidar_samples=0/0 uv=0 db=11 lidar=0 fused=0 filtered=0 tracks=2 dynamic=2 dyn_points=0 raw_dyn_points=0 service=0/0 split=0->0 (0 outputs) fusion_components=0 visual_only=0 lidar_only=0 yolo_in=2 yolo_match3d=0 yolo_match_det=0 yolo_human=0 fixed_size=0 size_reject=0
[lvdot_detector_main-8] [INFO] [1777341228.418443306] [lvdot_detector_node]: Input health: depth=24 color=23 lidar=1 pose=39 odom=39 yolo=21 depth_pose_sync=0 lidar_pose_sync=0 depth_odom_sync=0 lidar_odom_sync=0
[lvdot_detector_main-8] [INFO] [1777341228.424914202] [lvdot_detector_node]: Stage timers: detection=53 lidar_detection=53 tracking=53 classification=43 vis=0
[lvdot_detector_main-8] [INFO] [1777341228.424937077] [lvdot_detector_node]: Processing phases: detection=idle lidar_detection=waiting_new_lidar tracking=idle classification=idle
[lvdot_detector_main-8] [INFO] [1777341228.424946467] [lvdot_detector_node]: Pipeline stats: depth_samples=1332/71300 u_map=1 depth_boxes=0 u_map_merge=0 u_map_db=0 u_map_visual=0 u_map_fused=0 u_map_filtered=0 lidar_samples=3443/108048 uv=0 db=11 lidar=9 fused=9 filtered=9 tracks=9 dynamic=2 dyn_points=0 raw_dyn_points=0 service=0/0 split=9->0 (9 outputs) fusion_components=9 visual_only=0 lidar_only=9 yolo_in=2 yolo_match3d=0 yolo_match_det=0 yolo_human=0 fixed_size=0 size_reject=0
[lvdot_detector_main-8] [INFO] [1777341236.794378815] [lvdot_detector_node]: Input health: depth=28 color=27 lidar=1 pose=43 odom=43 yolo=25 depth_pose_sync=0 lidar_pose_sync=0 depth_odom_sync=0 lidar_odom_sync=0
[lvdot_detector_main-8] [INFO] [1777341236.794947695] [lvdot_detector_node]: Stage timers: detection=57 lidar_detection=57 tracking=57 classification=46 vis=0
[lvdot_detector_main-8] [INFO] [1777341236.794962063] [lvdot_detector_node]: Processing phases: detection=idle lidar_detection=waiting_new_lidar tracking=idle classification=idle
[lvdot_detector_main-8] [INFO] [1777341236.794971972] [lvdot_detector_node]: Pipeline stats: depth_samples=1369/71300 u_map=0 depth_boxes=0 u_map_merge=0 u_map_db=0 u_map_visual=0 u_map_fused=0 u_map_filtered=0 lidar_samples=3443/108048 uv=0 db=10 lidar=9 fused=9 filtered=9 tracks=10 dynamic=2 dyn_points=0 raw_dyn_points=0 service=0/0 split=9->0 (9 outputs) fusion_components=9 visual_only=0 lidar_only=9 yolo_in=6 yolo_match3d=0 yolo_match_det=0 yolo_human=0 fixed_size=0 size_reject=0
[lvdot_detector_main-8] [INFO] [1777341245.071100899] [lvdot_detector_node]: Input health: depth=32 color=31 lidar=1 pose=47 odom=47 yolo=29 depth_pose_sync=0 lidar_pose_sync=0 depth_odom_sync=0 lidar_odom_sync=0
[lvdot_detector_main-8] [INFO] [1777341245.071180113] [lvdot_detector_node]: Stage timers: detection=61 lidar_detection=61 tracking=61 classification=49 vis=0
[lvdot_detector_main-8] [INFO] [1777341245.071196174] [lvdot_detector_node]: Processing phases: detection=idle lidar_detection=waiting_new_lidar tracking=idle classification=idle
[lvdot_detector_main-8] [INFO] [1777341245.071207674] [lvdot_detector_node]: Pipeline stats: depth_samples=1326/71300 u_map=2 depth_boxes=0 u_map_merge=0 u_map_db=0 u_map_visual=0 u_map_fused=0 u_map_filtered=0 lidar_samples=3443/108048 uv=0 db=10 lidar=9 fused=9 filtered=9 tracks=10 dynamic=2 dyn_points=0 raw_dyn_points=0 service=0/0 split=9->0 (9 outputs) fusion_components=9 visual_only=0 lidar_only=9 yolo_in=1 yolo_match3d=0 yolo_match_det=0 yolo_human=0 fixed_size=0 size_reject=0
[lvdot_detector_main-8] [INFO] [1777341253.227840115] [lvdot_detector_node]: Input health: depth=36 color=35 lidar=1 pose=51 odom=51 yolo=33 depth_pose_sync=0 lidar_pose_sync=0 depth_odom_sync=0 lidar_odom_sync=0
[lvdot_detector_main-8] [INFO] [1777341253.227932593] [lvdot_detector_node]: Stage timers: detection=65 lidar_detection=65 tracking=65 classification=51 vis=0
[lvdot_detector_main-8] [INFO] [1777341253.227951716] [lvdot_detector_node]: Processing phases: detection=idle lidar_detection=waiting_new_lidar tracking=idle classification=idle
[lvdot_detector_main-8] [INFO] [1777341253.228064429] [lvdot_detector_node]: Pipeline stats: depth_samples=1423/71300 u_map=1 depth_boxes=0 u_map_merge=0 u_map_db=0 u_map_visual=0 u_map_fused=0 u_map_filtered=0 lidar_samples=3443/108048 uv=0 db=11 lidar=9 fused=9 filtered=9 tracks=10 dynamic=2 dyn_points=0 raw_dyn_points=0 service=0/0 split=9->0 (9 outputs) fusion_components=9 visual_only=0 lidar_only=9 yolo_in=4 yolo_match3d=0 yolo_match_det=0 yolo_human=0 fixed_size=9 size_reject=0
[lvdot_detector_main-8] [INFO] [1777341261.864358935] [lvdot_detector_node]: Input health: depth=40 color=39 lidar=1 pose=55 odom=55 yolo=37 depth_pose_sync=0 lidar_pose_sync=0 depth_odom_sync=0 lidar_odom_sync=0
[lvdot_detector_main-8] [INFO] [1777341261.865689624] [lvdot_detector_node]: Stage timers: detection=69 lidar_detection=69 tracking=69 classification=54 vis=0
[lvdot_detector_main-8] [INFO] [1777341261.865711980] [lvdot_detector_node]: Processing phases: detection=idle lidar_detection=waiting_new_lidar tracking=idle classification=idle
[lvdot_detector_main-8] [INFO] [1777341261.865721262] [lvdot_detector_node]: Pipeline stats: depth_samples=1604/71300 u_map=5 depth_boxes=0 u_map_merge=0 u_map_db=0 u_map_visual=0 u_map_fused=0 u_map_filtered=0 lidar_samples=3443/108048 uv=1 db=14 lidar=9 fused=10 filtered=10 tracks=10 dynamic=2 dyn_points=0 raw_dyn_points=0 service=0/0 split=10->0 (10 outputs) fusion_components=10 visual_only=1 lidar_only=9 yolo_in=0 yolo_match3d=0 yolo_match_det=0 yolo_human=0 fixed_size=9 size_reject=0
[lvdot_detector_main-8] [INFO] [1777341267.712522319] [lvdot_detector_node]: Input health: depth=43 color=42 lidar=1 pose=58 odom=58 yolo=40 depth_pose_sync=0 lidar_pose_sync=0 depth_odom_sync=0 lidar_odom_sync=0
[lvdot_detector_main-8] [INFO] [1777341267.712594312] [lvdot_detector_node]: Stage timers: detection=72 lidar_detection=72 tracking=72 classification=56 vis=0
[lvdot_detector_main-8] [INFO] [1777341267.712609704] [lvdot_detector_node]: Processing phases: detection=idle lidar_detection=waiting_new_lidar tracking=idle classification=idle
[lvdot_detector_main-8] [INFO] [1777341267.712619138] [lvdot_detector_node]: Pipeline stats: depth_samples=1366/71300 u_map=3 depth_boxes=0 u_map_merge=0 u_map_db=0 u_map_visual=0 u_map_fused=0 u_map_filtered=0 lidar_samples=3443/108048 uv=2 db=10 lidar=9 fused=11 filtered=11 tracks=10 dynamic=2 dyn_points=0 raw_dyn_points=0 service=0/0 split=11->1 (11 outputs) fusion_components=11 visual_only=2 lidar_only=9 yolo_in=2 yolo_match3d=1 yolo_match_det=2 yolo_human=0 fixed_size=9 size_reject=0
[lvdot_detector_main-8] [INFO] [1777341272.994376768] [lvdot_detector_node]: Input health: depth=45 color=44 lidar=1 pose=60 odom=60 yolo=42 depth_pose_sync=0 lidar_pose_sync=0 depth_odom_sync=0 lidar_odom_sync=0
[lvdot_detector_main-8] [INFO] [1777341272.994445881] [lvdot_detector_node]: Stage timers: detection=74 lidar_detection=74 tracking=74 classification=58 vis=0
[lvdot_detector_main-8] [INFO] [1777341272.994456788] [lvdot_detector_node]: Processing phases: detection=idle lidar_detection=waiting_new_lidar tracking=idle classification=idle
[lvdot_detector_main-8] [INFO] [1777341272.994465812] [lvdot_detector_node]: Pipeline stats: depth_samples=1514/71300 u_map=2 depth_boxes=0 u_map_merge=0 u_map_db=0 u_map_visual=0 u_map_fused=0 u_map_filtered=0 lidar_samples=3443/108048 uv=2 db=11 lidar=9 fused=11 filtered=11 tracks=9 dynamic=2 dyn_points=0 raw_dyn_points=0 service=0/0 split=11->0 (11 outputs) fusion_components=11 visual_only=2 lidar_only=9 yolo_in=2 yolo_match3d=0 yolo_match_det=0 yolo_human=0 fixed_size=9 size_reject=0
[lvdot_detector_main-8] [INFO] [1777341279.769672833] [lvdot_detector_node]: get_dynamic_obstacles responded with 2 obstacles from 2 tracked dynamic boxes.
[lvdot_detector_main-8] [WARN] [1777341279.878046182] [lvdot_detector_node.rclcpp]: failed to send response to /onboard_detector/get_dynamic_obstacles (timeout): client will not receive response, at ./src/rmw_response.cpp:153, at ./src/rcl/service.c:400
[lvdot_detector_main-8] [INFO] [1777341282.456616056] [lvdot_detector_node]: Input health: depth=49 color=48 lidar=1 pose=64 odom=64 yolo=46 depth_pose_sync=0 lidar_pose_sync=0 depth_odom_sync=0 lidar_odom_sync=0
[lvdot_detector_main-8] [INFO] [1777341282.458025156] [lvdot_detector_node]: Stage timers: detection=78 lidar_detection=78 tracking=78 classification=62 vis=0
[lvdot_detector_main-8] [INFO] [1777341282.458323495] [lvdot_detector_node]: Processing phases: detection=idle lidar_detection=waiting_new_lidar tracking=idle classification=idle
[lvdot_detector_main-8] [INFO] [1777341282.458337618] [lvdot_detector_node]: Pipeline stats: depth_samples=1421/71300 u_map=2 depth_boxes=0 u_map_merge=0 u_map_db=0 u_map_visual=0 u_map_fused=0 u_map_filtered=0 lidar_samples=3443/108048 uv=0 db=11 lidar=9 fused=9 filtered=9 tracks=11 dynamic=1 dyn_points=0 raw_dyn_points=0 service=1/2 split=9->0 (9 outputs) fusion_components=9 visual_only=0 lidar_only=9 yolo_in=4 yolo_match3d=0 yolo_match_det=0 yolo_human=0 fixed_size=9 size_reject=0
[lvdot_detector_main-8] [INFO] [1777341291.552815626] [lvdot_detector_node]: Input health: depth=53 color=52 lidar=1 pose=68 odom=68 yolo=50 depth_pose_sync=0 lidar_pose_sync=0 depth_odom_sync=0 lidar_odom_sync=0
[lvdot_detector_main-8] [INFO] [1777341291.554179954] [lvdot_detector_node]: Stage timers: detection=82 lidar_detection=82 tracking=82 classification=64 vis=0
[lvdot_detector_main-8] [INFO] [1777341291.555076430] [lvdot_detector_node]: Processing phases: detection=idle lidar_detection=waiting_new_lidar tracking=idle classification=idle
[lvdot_detector_main-8] [INFO] [1777341291.555104051] [lvdot_detector_node]: Pipeline stats: depth_samples=1365/71300 u_map=2 depth_boxes=0 u_map_merge=0 u_map_db=0 u_map_visual=0 u_map_fused=0 u_map_filtered=0 lidar_samples=3443/108048 uv=1 db=11 lidar=9 fused=10 filtered=10 tracks=9 dynamic=1 dyn_points=0 raw_dyn_points=0 service=1/2 split=10->0 (10 outputs) fusion_components=10 visual_only=1 lidar_only=9 yolo_in=1 yolo_match3d=0 yolo_match_det=0 yolo_human=0 fixed_size=9 size_reject=0
[lvdot_detector_main-8] [INFO] [1777341300.730115853] [lvdot_detector_node]: Input health: depth=57 color=56 lidar=1 pose=72 odom=72 yolo=54 depth_pose_sync=0 lidar_pose_sync=0 depth_odom_sync=0 lidar_odom_sync=0
[lvdot_detector_main-8] [INFO] [1777341300.730746598] [lvdot_detector_node]: Stage timers: detection=86 lidar_detection=86 tracking=86 classification=67 vis=0
[lvdot_detector_main-8] [INFO] [1777341300.730763589] [lvdot_detector_node]: Processing phases: detection=idle lidar_detection=waiting_new_lidar tracking=idle classification=idle
[lvdot_detector_main-8] [INFO] [1777341300.730773028] [lvdot_detector_node]: Pipeline stats: depth_samples=1515/71300 u_map=2 depth_boxes=0 u_map_merge=0 u_map_db=0 u_map_visual=0 u_map_fused=0 u_map_filtered=0 lidar_samples=3443/108048 uv=1 db=11 lidar=9 fused=10 filtered=10 tracks=10 dynamic=1 dyn_points=0 raw_dyn_points=0 service=1/2 split=10->0 (10 outputs) fusion_components=10 visual_only=1 lidar_only=9 yolo_in=2 yolo_match3d=0 yolo_match_det=0 yolo_human=0 fixed_size=9 size_reject=0
[lvdot_detector_main-8] [INFO] [1777341309.313345136] [lvdot_detector_node]: Input health: depth=61 color=60 lidar=1 pose=76 odom=76 yolo=58 depth_pose_sync=0 lidar_pose_sync=0 depth_odom_sync=0 lidar_odom_sync=0
[lvdot_detector_main-8] [INFO] [1777341309.313423746] [lvdot_detector_node]: Stage timers: detection=90 lidar_detection=90 tracking=90 classification=71 vis=0
[lvdot_detector_main-8] [INFO] [1777341309.313438715] [lvdot_detector_node]: Processing phases: detection=idle lidar_detection=waiting_new_lidar tracking=idle classification=idle
[lvdot_detector_main-8] [INFO] [1777341309.313450709] [lvdot_detector_node]: Pipeline stats: depth_samples=1421/71300 u_map=3 depth_boxes=0 u_map_merge=0 u_map_db=0 u_map_visual=0 u_map_fused=0 u_map_filtered=0 lidar_samples=3443/108048 uv=1 db=12 lidar=9 fused=10 filtered=10 tracks=9 dynamic=1 dyn_points=0 raw_dyn_points=0 service=1/2 split=10->0 (10 outputs) fusion_components=10 visual_only=1 lidar_only=9 yolo_in=0 yolo_match3d=0 yolo_match_det=0 yolo_human=0 fixed_size=9 size_reject=0
[lvdot_detector_main-8] [INFO] [1777341317.863074484] [lvdot_detector_node]: Input health: depth=65 color=64 lidar=1 pose=80 odom=80 yolo=62 depth_pose_sync=0 lidar_pose_sync=0 depth_odom_sync=0 lidar_odom_sync=0
[lvdot_detector_main-8] [INFO] [1777341317.864671342] [lvdot_detector_node]: Stage timers: detection=94 lidar_detection=94 tracking=94 classification=74 vis=0
[lvdot_detector_main-8] [INFO] [1777341317.866140508] [lvdot_detector_node]: Processing phases: detection=idle lidar_detection=waiting_new_lidar tracking=idle classification=idle
[lvdot_detector_main-8] [INFO] [1777341317.867214639] [lvdot_detector_node]: Pipeline stats: depth_samples=1094/61180 u_map=3 depth_boxes=0 u_map_merge=0 u_map_db=0 u_map_visual=0 u_map_fused=0 u_map_filtered=0 lidar_samples=3443/108048 uv=1 db=9 lidar=9 fused=10 filtered=10 tracks=10 dynamic=1 dyn_points=0 raw_dyn_points=0 service=1/2 split=10->0 (10 outputs) fusion_components=10 visual_only=1 lidar_only=9 yolo_in=2 yolo_match3d=0 yolo_match_det=0 yolo_human=0 fixed_size=9 size_reject=0
[lvdot_detector_main-8] [INFO] [1777341326.664558134] [lvdot_detector_node]: Input health: depth=69 color=68 lidar=1 pose=84 odom=84 yolo=66 depth_pose_sync=0 lidar_pose_sync=0 depth_odom_sync=0 lidar_odom_sync=0
[lvdot_detector_main-8] [INFO] [1777341326.664648229] [lvdot_detector_node]: Stage timers: detection=98 lidar_detection=98 tracking=98 classification=77 vis=0
[lvdot_detector_main-8] [INFO] [1777341326.664666587] [lvdot_detector_node]: Processing phases: detection=idle lidar_detection=waiting_new_lidar tracking=idle classification=idle
[lvdot_detector_main-8] [INFO] [1777341326.664680655] [lvdot_detector_node]: Pipeline stats: depth_samples=1400/71300 u_map=1 depth_boxes=0 u_map_merge=0 u_map_db=0 u_map_visual=0 u_map_fused=0 u_map_filtered=0 lidar_samples=3443/108048 uv=1 db=10 lidar=9 fused=10 filtered=10 tracks=11 dynamic=2 dyn_points=0 raw_dyn_points=0 service=1/2 split=10->0 (10 outputs) fusion_components=10 visual_only=1 lidar_only=9 yolo_in=2 yolo_match3d=0 yolo_match_det=0 yolo_human=0 fixed_size=9 size_reject=0
[lvdot_detector_main-8] [INFO] [1777341335.026369584] [lvdot_detector_node]: Input health: depth=73 color=72 lidar=1 pose=88 odom=88 yolo=70 depth_pose_sync=0 lidar_pose_sync=0 depth_odom_sync=0 lidar_odom_sync=0
[lvdot_detector_main-8] [INFO] [1777341335.027593971] [lvdot_detector_node]: Stage timers: detection=102 lidar_detection=102 tracking=102 classification=80 vis=0
[lvdot_detector_main-8] [INFO] [1777341335.027609955] [lvdot_detector_node]: Processing phases: detection=idle lidar_detection=waiting_new_lidar tracking=idle classification=idle
[lvdot_detector_main-8] [INFO] [1777341335.027619188] [lvdot_detector_node]: Pipeline stats: depth_samples=1349/71300 u_map=0 depth_boxes=0 u_map_merge=0 u_map_db=0 u_map_visual=0 u_map_fused=0 u_map_filtered=0 lidar_samples=3443/108048 uv=0 db=9 lidar=9 fused=9 filtered=9 tracks=11 dynamic=1 dyn_points=0 raw_dyn_points=0 service=1/2 split=9->0 (9 outputs) fusion_components=9 visual_only=0 lidar_only=9 yolo_in=0 yolo_match3d=0 yolo_match_det=0 yolo_human=0 fixed_size=9 size_reject=0
[lvdot_detector_main-8] [INFO] [1777341343.310508285] [lvdot_detector_node]: Input health: depth=77 color=76 lidar=1 pose=92 odom=92 yolo=74 depth_pose_sync=0 lidar_pose_sync=0 depth_odom_sync=0 lidar_odom_sync=0
[lvdot_detector_main-8] [INFO] [1777341343.310605519] [lvdot_detector_node]: Stage timers: detection=106 lidar_detection=106 tracking=106 classification=83 vis=0
[lvdot_detector_main-8] [INFO] [1777341343.310624451] [lvdot_detector_node]: Processing phases: detection=idle lidar_detection=waiting_new_lidar tracking=idle classification=idle
[lvdot_detector_main-8] [INFO] [1777341343.310634065] [lvdot_detector_node]: Pipeline stats: depth_samples=1408/71300 u_map=3 depth_boxes=0 u_map_merge=0 u_map_db=0 u_map_visual=0 u_map_fused=0 u_map_filtered=0 lidar_samples=3443/108048 uv=3 db=11 lidar=9 fused=12 filtered=12 tracks=10 dynamic=1 dyn_points=0 raw_dyn_points=0 service=1/2 split=12->0 (12 outputs) fusion_components=12 visual_only=3 lidar_only=9 yolo_in=1 yolo_match3d=1 yolo_match_det=1 yolo_human=1 fixed_size=9 size_reject=0
[lvdot_detector_main-8] [INFO] [1777341349.904590540] [lvdot_detector_node]: get_dynamic_obstacles responded with 1 obstacles from 1 tracked dynamic boxes.
[lvdot_detector_main-8] [WARN] [1777341350.004839417] [lvdot_detector_node.rclcpp]: failed to send response to /onboard_detector/get_dynamic_obstacles (timeout): client will not receive response, at ./src/rmw_response.cpp:153, at ./src/rcl/service.c:400
[lvdot_detector_main-8] [INFO] [1777341352.255250509] [lvdot_detector_node]: Input health: depth=81 color=80 lidar=1 pose=96 odom=96 yolo=78 depth_pose_sync=0 lidar_pose_sync=0 depth_odom_sync=0 lidar_odom_sync=0
[lvdot_detector_main-8] [INFO] [1777341352.255317989] [lvdot_detector_node]: Stage timers: detection=110 lidar_detection=110 tracking=110 classification=87 vis=0
[lvdot_detector_main-8] [INFO] [1777341352.255331666] [lvdot_detector_node]: Processing phases: detection=idle lidar_detection=waiting_new_lidar tracking=idle classification=idle
[lvdot_detector_main-8] [INFO] [1777341352.255342427] [lvdot_detector_node]: Pipeline stats: depth_samples=1381/71300 u_map=3 depth_boxes=0 u_map_merge=0 u_map_db=0 u_map_visual=0 u_map_fused=0 u_map_filtered=0 lidar_samples=3443/108048 uv=2 db=10 lidar=9 fused=11 filtered=11 tracks=9 dynamic=1 dyn_points=0 raw_dyn_points=0 service=2/1 split=11->0 (11 outputs) fusion_components=11 visual_only=2 lidar_only=9 yolo_in=0 yolo_match3d=0 yolo_match_det=0 yolo_human=0 fixed_size=9 size_reject=0
[lvdot_detector_main-8] [INFO] [1777341361.837769123] [lvdot_detector_node]: Input health: depth=85 color=84 lidar=1 pose=100 odom=100 yolo=82 depth_pose_sync=0 lidar_pose_sync=0 depth_odom_sync=0 lidar_odom_sync=0
[lvdot_detector_main-8] [INFO] [1777341361.837836496] [lvdot_detector_node]: Stage timers: detection=114 lidar_detection=114 tracking=114 classification=90 vis=0
[lvdot_detector_main-8] [INFO] [1777341361.837846945] [lvdot_detector_node]: Processing phases: detection=idle lidar_detection=waiting_new_lidar tracking=idle classification=idle
[lvdot_detector_main-8] [INFO] [1777341361.837856200] [lvdot_detector_node]: Pipeline stats: depth_samples=1639/71300 u_map=3 depth_boxes=0 u_map_merge=0 u_map_db=0 u_map_visual=0 u_map_fused=0 u_map_filtered=0 lidar_samples=3443/108048 uv=3 db=13 lidar=9 fused=12 filtered=12 tracks=10 dynamic=1 dyn_points=0 raw_dyn_points=0 service=2/1 split=12->1 (12 outputs) fusion_components=12 visual_only=3 lidar_only=9 yolo_in=2 yolo_match3d=1 yolo_match_det=2 yolo_human=1 fixed_size=9 size_reject=0
[lvdot_detector_main-8] [INFO] [1777341361.838535604] [lvdot_detector_node]: get_dynamic_obstacles responded with 1 obstacles from 1 tracked dynamic boxes.
[lvdot_detector_main-8] [WARN] [1777341361.942565416] [lvdot_detector_node.rclcpp]: failed to send response to /onboard_detector/get_dynamic_obstacles (timeout): client will not receive response, at ./src/rmw_response.cpp:153, at ./src/rcl/service.c:400
[lvdot_detector_main-8] [INFO] [1777341367.410751801] [lvdot_detector_node]: Input health: depth=88 color=87 lidar=1 pose=103 odom=103 yolo=85 depth_pose_sync=0 lidar_pose_sync=0 depth_odom_sync=0 lidar_odom_sync=0
[lvdot_detector_main-8] [INFO] [1777341367.410826058] [lvdot_detector_node]: Stage timers: detection=117 lidar_detection=117 tracking=117 classification=92 vis=0
[lvdot_detector_main-8] [INFO] [1777341367.410839559] [lvdot_detector_node]: Processing phases: detection=idle lidar_detection=waiting_new_lidar tracking=idle classification=idle
[lvdot_detector_main-8] [INFO] [1777341367.410849982] [lvdot_detector_node]: Pipeline stats: depth_samples=1513/71300 u_map=2 depth_boxes=0 u_map_merge=0 u_map_db=0 u_map_visual=0 u_map_fused=0 u_map_filtered=0 lidar_samples=3443/108048 uv=1 db=15 lidar=9 fused=10 filtered=10 tracks=11 dynamic=1 dyn_points=0 raw_dyn_points=0 service=3/1 split=10->0 (10 outputs) fusion_components=10 visual_only=1 lidar_only=9 yolo_in=2 yolo_match3d=0 yolo_match_det=0 yolo_human=0 fixed_size=9 size_reject=0
[lvdot_detector_main-8] [INFO] [1777341373.354433588] [lvdot_detector_node]: get_dynamic_obstacles responded with 1 obstacles from 1 tracked dynamic boxes.
[lvdot_detector_main-8] [WARN] [1777341373.455099484] [lvdot_detector_node.rclcpp]: failed to send response to /onboard_detector/get_dynamic_obstacles (timeout): client will not receive response, at ./src/rmw_response.cpp:153, at ./src/rcl/service.c:400
[lvdot_detector_main-8] [INFO] [1777341375.067273541] [lvdot_detector_node]: Input health: depth=92 color=91 lidar=1 pose=107 odom=107 yolo=89 depth_pose_sync=0 lidar_pose_sync=0 depth_odom_sync=0 lidar_odom_sync=0
[lvdot_detector_main-8] [INFO] [1777341375.067925869] [lvdot_detector_node]: Stage timers: detection=121 lidar_detection=121 tracking=121 classification=95 vis=0
[lvdot_detector_main-8] [INFO] [1777341375.067939151] [lvdot_detector_node]: Processing phases: detection=idle lidar_detection=waiting_new_lidar tracking=idle classification=idle
[lvdot_detector_main-8] [INFO] [1777341375.067948568] [lvdot_detector_node]: Pipeline stats: depth_samples=1395/71300 u_map=1 depth_boxes=0 u_map_merge=0 u_map_db=0 u_map_visual=0 u_map_fused=0 u_map_filtered=0 lidar_samples=3443/108048 uv=0 db=11 lidar=9 fused=9 filtered=9 tracks=12 dynamic=1 dyn_points=0 raw_dyn_points=0 service=4/1 split=9->0 (9 outputs) fusion_components=9 visual_only=0 lidar_only=9 yolo_in=0 yolo_match3d=0 yolo_match_det=0 yolo_human=0 fixed_size=9 size_reject=0
[lvdot_detector_main-8] [INFO] [1777341383.751926074] [lvdot_detector_node]: Input health: depth=96 color=95 lidar=1 pose=111 odom=111 yolo=93 depth_pose_sync=0 lidar_pose_sync=0 depth_odom_sync=0 lidar_odom_sync=0
[lvdot_detector_main-8] [INFO] [1777341383.757401883] [lvdot_detector_node]: Stage timers: detection=125 lidar_detection=125 tracking=125 classification=99 vis=0
[lvdot_detector_main-8] [INFO] [1777341383.757419022] [lvdot_detector_node]: Processing phases: detection=idle lidar_detection=waiting_new_lidar tracking=idle classification=idle
[lvdot_detector_main-8] [INFO] [1777341383.757429103] [lvdot_detector_node]: Pipeline stats: depth_samples=1401/71300 u_map=3 depth_boxes=0 u_map_merge=0 u_map_db=0 u_map_visual=0 u_map_fused=0 u_map_filtered=0 lidar_samples=3443/108048 uv=2 db=12 lidar=9 fused=11 filtered=11 tracks=9 dynamic=1 dyn_points=0 raw_dyn_points=0 service=4/1 split=11->0 (11 outputs) fusion_components=11 visual_only=2 lidar_only=9 yolo_in=2 yolo_match3d=0 yolo_match_det=0 yolo_human=0 fixed_size=9 size_reject=0
[lvdot_detector_main-8] [INFO] [1777341383.758370000] [lvdot_detector_node]: get_dynamic_obstacles responded with 1 obstacles from 1 tracked dynamic boxes.
[lvdot_detector_main-8] [WARN] [1777341383.858533671] [lvdot_detector_node.rclcpp]: failed to send response to /onboard_detector/get_dynamic_obstacles (timeout): client will not receive response, at ./src/rmw_response.cpp:153, at ./src/rcl/service.c:400
[lvdot_detector_main-8] [INFO] [1777341389.724397856] [lvdot_detector_node]: Input health: depth=99 color=98 lidar=1 pose=114 odom=114 yolo=96 depth_pose_sync=0 lidar_pose_sync=0 depth_odom_sync=0 lidar_odom_sync=0
[lvdot_detector_main-8] [INFO] [1777341389.724462168] [lvdot_detector_node]: Stage timers: detection=128 lidar_detection=128 tracking=128 classification=102 vis=0
[lvdot_detector_main-8] [INFO] [1777341389.724473053] [lvdot_detector_node]: Processing phases: detection=idle lidar_detection=waiting_new_lidar tracking=idle classification=idle
[lvdot_detector_main-8] [INFO] [1777341389.724482041] [lvdot_detector_node]: Pipeline stats: depth_samples=1392/71300 u_map=1 depth_boxes=0 u_map_merge=0 u_map_db=0 u_map_visual=0 u_map_fused=0 u_map_filtered=0 lidar_samples=3443/108048 uv=0 db=11 lidar=9 fused=9 filtered=9 tracks=9 dynamic=1 dyn_points=0 raw_dyn_points=0 service=5/1 split=9->0 (9 outputs) fusion_components=9 visual_only=0 lidar_only=9 yolo_in=2 yolo_match3d=0 yolo_match_det=0 yolo_human=0 fixed_size=9 size_reject=0
[lvdot_detector_main-8] [INFO] [1777341398.518980245] [lvdot_detector_node]: Input health: depth=103 color=102 lidar=1 pose=118 odom=118 yolo=100 depth_pose_sync=0 lidar_pose_sync=0 depth_odom_sync=0 lidar_odom_sync=0
[lvdot_detector_main-8] [INFO] [1777341398.519588501] [lvdot_detector_node]: Stage timers: detection=132 lidar_detection=132 tracking=132 classification=106 vis=0
[lvdot_detector_main-8] [INFO] [1777341398.519638949] [lvdot_detector_node]: Processing phases: detection=idle lidar_detection=waiting_new_lidar tracking=idle classification=idle
[lvdot_detector_main-8] [INFO] [1777341398.519654639] [lvdot_detector_node]: Pipeline stats: depth_samples=1369/71300 u_map=0 depth_boxes=0 u_map_merge=0 u_map_db=0 u_map_visual=0 u_map_fused=0 u_map_filtered=0 lidar_samples=3443/108048 uv=0 db=10 lidar=9 fused=9 filtered=9 tracks=10 dynamic=1 dyn_points=0 raw_dyn_points=0 service=5/1 split=9->0 (9 outputs) fusion_components=9 visual_only=0 lidar_only=9 yolo_in=2 yolo_match3d=0 yolo_match_det=0 yolo_human=0 fixed_size=9 size_reject=0
[lvdot_detector_main-8] [INFO] [1777341407.416431902] [lvdot_detector_node]: Input health: depth=107 color=106 lidar=1 pose=122 odom=122 yolo=104 depth_pose_sync=0 lidar_pose_sync=0 depth_odom_sync=0 lidar_odom_sync=0
[lvdot_detector_main-8] [INFO] [1777341407.416547183] [lvdot_detector_node]: Stage timers: detection=136 lidar_detection=136 tracking=136 classification=109 vis=0
[lvdot_detector_main-8] [INFO] [1777341407.416568396] [lvdot_detector_node]: Processing phases: detection=idle lidar_detection=waiting_new_lidar tracking=idle classification=idle
[lvdot_detector_main-8] [INFO] [1777341407.416580489] [lvdot_detector_node]: Pipeline stats: depth_samples=1332/71300 u_map=1 depth_boxes=0 u_map_merge=0 u_map_db=0 u_map_visual=0 u_map_fused=0 u_map_filtered=0 lidar_samples=3443/108048 uv=0 db=11 lidar=9 fused=9 filtered=9 tracks=11 dynamic=1 dyn_points=0 raw_dyn_points=0 service=5/1 split=9->0 (9 outputs) fusion_components=9 visual_only=0 lidar_only=9 yolo_in=3 yolo_match3d=0 yolo_match_det=0 yolo_human=0 fixed_size=9 size_reject=0
[lvdot_detector_main-8] [INFO] [1777341419.635116279] [lvdot_detector_node]: Input health: depth=109 color=108 lidar=2 pose=124 odom=124 yolo=106 depth_pose_sync=0 lidar_pose_sync=0 depth_odom_sync=0 lidar_odom_sync=0
[lvdot_detector_main-8] [INFO] [1777341419.635247457] [lvdot_detector_node]: Stage timers: detection=138 lidar_detection=138 tracking=138 classification=111 vis=0
[lvdot_detector_main-8] [INFO] [1777341419.635277844] [lvdot_detector_node]: Processing phases: detection=idle lidar_detection=idle tracking=idle classification=idle
[lvdot_detector_main-8] [INFO] [1777341419.635291183] [lvdot_detector_node]: Pipeline stats: depth_samples=1335/71300 u_map=1 depth_boxes=0 u_map_merge=0 u_map_db=0 u_map_visual=0 u_map_fused=0 u_map_filtered=0 lidar_samples=3407/119094 uv=1 db=10 lidar=18 fused=19 filtered=20 tracks=10 dynamic=1 dyn_points=0 raw_dyn_points=0 service=5/1 split=19->1 (20 outputs) fusion_components=19 visual_only=1 lidar_only=18 yolo_in=2 yolo_match3d=1 yolo_match_det=2 yolo_human=2 fixed_size=9 size_reject=0
[lvdot_detector_main-8] [INFO] [1777341422.661898437] [lvdot_detector_node]: get_dynamic_obstacles responded with 2 obstacles from 2 tracked dynamic boxes.
[lvdot_detector_main-8] [WARN] [1777341422.764210669] [lvdot_detector_node.rclcpp]: failed to send response to /onboard_detector/get_dynamic_obstacles (timeout): client will not receive response, at ./src/rmw_response.cpp:153, at ./src/rcl/service.c:400
[lvdot_detector_main-8] [INFO] [1777341425.506128417] [lvdot_detector_node]: Input health: depth=111 color=110 lidar=2 pose=126 odom=126 yolo=108 depth_pose_sync=0 lidar_pose_sync=0 depth_odom_sync=0 lidar_odom_sync=0
[lvdot_detector_main-8] [INFO] [1777341425.511932207] [lvdot_detector_node]: Stage timers: detection=140 lidar_detection=140 tracking=140 classification=113 vis=0
[lvdot_detector_main-8] [INFO] [1777341425.512043985] [lvdot_detector_node]: Processing phases: detection=idle lidar_detection=waiting_new_lidar tracking=idle classification=idle
[lvdot_detector_main-8] [INFO] [1777341425.512076462] [lvdot_detector_node]: Pipeline stats: depth_samples=1405/71300 u_map=1 depth_boxes=0 u_map_merge=0 u_map_db=0 u_map_visual=0 u_map_fused=0 u_map_filtered=0 lidar_samples=3407/119094 uv=0 db=11 lidar=18 fused=18 filtered=19 tracks=20 dynamic=2 dyn_points=0 raw_dyn_points=0 service=6/2 split=18->1 (19 outputs) fusion_components=18 visual_only=0 lidar_only=18 yolo_in=2 yolo_match3d=1 yolo_match_det=2 yolo_human=2 fixed_size=0 size_reject=0
[lvdot_detector_main-8] [INFO] [1777341430.895907143] [lvdot_detector_node]: Input health: depth=113 color=112 lidar=2 pose=128 odom=128 yolo=110 depth_pose_sync=0 lidar_pose_sync=0 depth_odom_sync=0 lidar_odom_sync=0
[lvdot_detector_main-8] [INFO] [1777341430.897468114] [lvdot_detector_node]: Stage timers: detection=142 lidar_detection=142 tracking=142 classification=115 vis=0
[lvdot_detector_main-8] [INFO] [1777341430.897490371] [lvdot_detector_node]: Processing phases: detection=idle lidar_detection=waiting_new_lidar tracking=idle classification=idle
[lvdot_detector_main-8] [INFO] [1777341430.897499810] [lvdot_detector_node]: Pipeline stats: depth_samples=1379/71300 u_map=2 depth_boxes=0 u_map_merge=0 u_map_db=0 u_map_visual=0 u_map_fused=0 u_map_filtered=0 lidar_samples=3407/119094 uv=1 db=10 lidar=18 fused=19 filtered=19 tracks=19 dynamic=2 dyn_points=0 raw_dyn_points=0 service=6/2 split=19->0 (19 outputs) fusion_components=19 visual_only=1 lidar_only=18 yolo_in=2 yolo_match3d=2 yolo_match_det=2 yolo_human=2 fixed_size=0 size_reject=0
[lvdot_detector_main-8] [INFO] [1777341436.087936145] [lvdot_detector_node]: Input health: depth=115 color=114 lidar=2 pose=130 odom=130 yolo=112 depth_pose_sync=0 lidar_pose_sync=0 depth_odom_sync=0 lidar_odom_sync=0
[lvdot_detector_main-8] [INFO] [1777341436.088011440] [lvdot_detector_node]: Stage timers: detection=144 lidar_detection=144 tracking=144 classification=117 vis=0
[lvdot_detector_main-8] [INFO] [1777341436.088026321] [lvdot_detector_node]: Processing phases: detection=idle lidar_detection=waiting_new_lidar tracking=idle classification=idle
[lvdot_detector_main-8] [INFO] [1777341436.088036042] [lvdot_detector_node]: Pipeline stats: depth_samples=1326/71300 u_map=0 depth_boxes=0 u_map_merge=0 u_map_db=0 u_map_visual=0 u_map_fused=0 u_map_filtered=0 lidar_samples=3407/119094 uv=0 db=12 lidar=18 fused=18 filtered=18 tracks=19 dynamic=2 dyn_points=0 raw_dyn_points=0 service=6/2 split=18->1 (18 outputs) fusion_components=18 visual_only=0 lidar_only=18 yolo_in=4 yolo_match3d=3 yolo_match_det=4 yolo_human=3 fixed_size=0 size_reject=0
[lvdot_detector_main-8] [INFO] [1777341445.518006542] [lvdot_detector_node]: Input health: depth=119 color=118 lidar=2 pose=134 odom=134 yolo=116 depth_pose_sync=0 lidar_pose_sync=0 depth_odom_sync=0 lidar_odom_sync=0
[lvdot_detector_main-8] [INFO] [1777341445.525850094] [lvdot_detector_node]: Stage timers: detection=148 lidar_detection=148 tracking=148 classification=121 vis=0
[lvdot_detector_main-8] [INFO] [1777341445.526382245] [lvdot_detector_node]: Processing phases: detection=idle lidar_detection=waiting_new_lidar tracking=idle classification=idle
[lvdot_detector_main-8] [INFO] [1777341445.526398096] [lvdot_detector_node]: Pipeline stats: depth_samples=1416/71300 u_map=4 depth_boxes=0 u_map_merge=0 u_map_db=0 u_map_visual=0 u_map_fused=0 u_map_filtered=0 lidar_samples=3407/119094 uv=3 db=16 lidar=18 fused=21 filtered=21 tracks=19 dynamic=3 dyn_points=0 raw_dyn_points=0 service=6/2 split=21->0 (21 outputs) fusion_components=21 visual_only=3 lidar_only=18 yolo_in=3 yolo_match3d=3 yolo_match_det=3 yolo_human=3 fixed_size=17 size_reject=0
[lvdot_detector_main-8] [INFO] [1777341450.491668135] [lvdot_detector_node]: get_dynamic_obstacles responded with 3 obstacles from 3 tracked dynamic boxes.
[lvdot_detector_main-8] [WARN] [1777341450.598905601] [lvdot_detector_node.rclcpp]: failed to send response to /onboard_detector/get_dynamic_obstacles (timeout): client will not receive response, at ./src/rmw_response.cpp:153, at ./src/rcl/service.c:400
[lvdot_detector_main-8] [INFO] [1777341454.885992294] [lvdot_detector_node]: Input health: depth=123 color=122 lidar=2 pose=138 odom=138 yolo=120 depth_pose_sync=0 lidar_pose_sync=0 depth_odom_sync=0 lidar_odom_sync=0
[lvdot_detector_main-8] [INFO] [1777341454.886571993] [lvdot_detector_node]: Stage timers: detection=152 lidar_detection=152 tracking=152 classification=125 vis=0
[lvdot_detector_main-8] [INFO] [1777341454.886585472] [lvdot_detector_node]: Processing phases: detection=idle lidar_detection=waiting_new_lidar tracking=idle classification=idle
[lvdot_detector_main-8] [INFO] [1777341454.886594858] [lvdot_detector_node]: Pipeline stats: depth_samples=1349/71300 u_map=0 depth_boxes=0 u_map_merge=0 u_map_db=0 u_map_visual=0 u_map_fused=0 u_map_filtered=0 lidar_samples=3407/119094 uv=0 db=9 lidar=18 fused=18 filtered=18 tracks=18 dynamic=1 dyn_points=0 raw_dyn_points=0 service=7/3 split=18->0 (18 outputs) fusion_components=18 visual_only=0 lidar_only=18 yolo_in=1 yolo_match3d=0 yolo_match_det=0 yolo_human=0 fixed_size=18 size_reject=0
[lvdot_detector_main-8] [INFO] [1777341464.430097740] [lvdot_detector_node]: Input health: depth=127 color=126 lidar=2 pose=142 odom=142 yolo=124 depth_pose_sync=0 lidar_pose_sync=0 depth_odom_sync=0 lidar_odom_sync=0
[lvdot_detector_main-8] [INFO] [1777341464.431391670] [lvdot_detector_node]: Stage timers: detection=156 lidar_detection=156 tracking=156 classification=129 vis=0
[lvdot_detector_main-8] [INFO] [1777341464.432297966] [lvdot_detector_node]: Processing phases: detection=idle lidar_detection=waiting_new_lidar tracking=idle classification=idle
[lvdot_detector_main-8] [INFO] [1777341464.433055066] [lvdot_detector_node]: Pipeline stats: depth_samples=993/44160 u_map=2 depth_boxes=0 u_map_merge=0 u_map_db=0 u_map_visual=0 u_map_fused=0 u_map_filtered=0 lidar_samples=3407/119094 uv=1 db=9 lidar=18 fused=19 filtered=19 tracks=18 dynamic=1 dyn_points=0 raw_dyn_points=0 service=7/3 split=19->0 (19 outputs) fusion_components=19 visual_only=1 lidar_only=18 yolo_in=2 yolo_match3d=2 yolo_match_det=2 yolo_human=2 fixed_size=18 size_reject=0
[lvdot_detector_main-8] [INFO] [1777341464.434937543] [lvdot_detector_node]: get_dynamic_obstacles responded with 1 obstacles from 1 tracked dynamic boxes.
[lvdot_detector_main-8] [WARN] [1777341464.535535269] [lvdot_detector_node.rclcpp]: failed to send response to /onboard_detector/get_dynamic_obstacles (timeout): client will not receive response, at ./src/rmw_response.cpp:153, at ./src/rcl/service.c:400
[lvdot_detector_main-8] [INFO] [1777341474.087350925] [lvdot_detector_node]: Input health: depth=131 color=130 lidar=2 pose=146 odom=146 yolo=128 depth_pose_sync=0 lidar_pose_sync=0 depth_odom_sync=0 lidar_odom_sync=0
[lvdot_detector_main-8] [INFO] [1777341474.096637694] [lvdot_detector_node]: Stage timers: detection=160 lidar_detection=160 tracking=160 classification=133 vis=0
[lvdot_detector_main-8] [INFO] [1777341474.096700805] [lvdot_detector_node]: Processing phases: detection=idle lidar_detection=waiting_new_lidar tracking=idle classification=idle
[lvdot_detector_main-8] [INFO] [1777341474.096712933] [lvdot_detector_node]: Pipeline stats: depth_samples=1435/71300 u_map=2 depth_boxes=0 u_map_merge=0 u_map_db=0 u_map_visual=0 u_map_fused=0 u_map_filtered=0 lidar_samples=3407/119094 uv=2 db=14 lidar=18 fused=20 filtered=20 tracks=19 dynamic=2 dyn_points=0 raw_dyn_points=0 service=8/1 split=20->0 (20 outputs) fusion_components=20 visual_only=2 lidar_only=18 yolo_in=0 yolo_match3d=0 yolo_match_det=0 yolo_human=0 fixed_size=17 size_reject=0
[lvdot_detector_main-8] [INFO] [1777341476.792226573] [lvdot_detector_node]: get_dynamic_obstacles responded with 2 obstacles from 2 tracked dynamic boxes.
[lvdot_detector_main-8] [WARN] [1777341476.925194159] [lvdot_detector_node.rclcpp]: failed to send response to /onboard_detector/get_dynamic_obstacles (timeout): client will not receive response, at ./src/rmw_response.cpp:153, at ./src/rcl/service.c:400
[lvdot_detector_main-8] [INFO] [1777341479.260424125] [lvdot_detector_node]: Input health: depth=133 color=132 lidar=2 pose=148 odom=148 yolo=130 depth_pose_sync=0 lidar_pose_sync=0 depth_odom_sync=0 lidar_odom_sync=0
[lvdot_detector_main-8] [INFO] [1777341479.261605197] [lvdot_detector_node]: Stage timers: detection=162 lidar_detection=162 tracking=162 classification=135 vis=0
[lvdot_detector_main-8] [INFO] [1777341479.262364976] [lvdot_detector_node]: Processing phases: detection=idle lidar_detection=waiting_new_lidar tracking=idle classification=idle
[lvdot_detector_main-8] [INFO] [1777341479.262742543] [lvdot_detector_node]: Pipeline stats: depth_samples=1400/71300 u_map=2 depth_boxes=0 u_map_merge=0 u_map_db=0 u_map_visual=0 u_map_fused=0 u_map_filtered=0 lidar_samples=3407/119094 uv=1 db=10 lidar=18 fused=19 filtered=19 tracks=19 dynamic=2 dyn_points=0 raw_dyn_points=0 service=9/2 split=19->0 (19 outputs) fusion_components=19 visual_only=1 lidar_only=18 yolo_in=2 yolo_match3d=0 yolo_match_det=0 yolo_human=0 fixed_size=18 size_reject=0
[lvdot_detector_main-8] [INFO] [1777341485.192666102] [lvdot_detector_node]: Input health: depth=135 color=134 lidar=2 pose=150 odom=150 yolo=132 depth_pose_sync=0 lidar_pose_sync=0 depth_odom_sync=0 lidar_odom_sync=0
[lvdot_detector_main-8] [INFO] [1777341485.192739554] [lvdot_detector_node]: Stage timers: detection=164 lidar_detection=164 tracking=164 classification=137 vis=0
[lvdot_detector_main-8] [INFO] [1777341485.192753945] [lvdot_detector_node]: Processing phases: detection=idle lidar_detection=waiting_new_lidar tracking=idle classification=idle
[lvdot_detector_main-8] [INFO] [1777341485.192825897] [lvdot_detector_node]: Pipeline stats: depth_samples=1420/71300 u_map=2 depth_boxes=0 u_map_merge=0 u_map_db=0 u_map_visual=0 u_map_fused=0 u_map_filtered=0 lidar_samples=3407/119094 uv=2 db=11 lidar=18 fused=20 filtered=20 tracks=20 dynamic=2 dyn_points=0 raw_dyn_points=0 service=9/2 split=20->0 (20 outputs) fusion_components=20 visual_only=2 lidar_only=18 yolo_in=2 yolo_match3d=2 yolo_match_det=2 yolo_human=2 fixed_size=18 size_reject=0
[lvdot_detector_main-8] [INFO] [1777341490.864604219] [lvdot_detector_node]: Input health: depth=137 color=136 lidar=2 pose=152 odom=152 yolo=134 depth_pose_sync=0 lidar_pose_sync=0 depth_odom_sync=0 lidar_odom_sync=0
[lvdot_detector_main-8] [INFO] [1777341490.866987330] [lvdot_detector_node]: Stage timers: detection=166 lidar_detection=166 tracking=166 classification=139 vis=0
[lvdot_detector_main-8] [INFO] [1777341490.867015192] [lvdot_detector_node]: Processing phases: detection=idle lidar_detection=waiting_new_lidar tracking=idle classification=idle
[lvdot_detector_main-8] [INFO] [1777341490.867029024] [lvdot_detector_node]: Pipeline stats: depth_samples=1358/71300 u_map=1 depth_boxes=0 u_map_merge=0 u_map_db=0 u_map_visual=0 u_map_fused=0 u_map_filtered=0 lidar_samples=3407/119094 uv=1 db=11 lidar=18 fused=19 filtered=19 tracks=19 dynamic=2 dyn_points=0 raw_dyn_points=0 service=9/2 split=19->0 (19 outputs) fusion_components=19 visual_only=1 lidar_only=18 yolo_in=2 yolo_match3d=1 yolo_match_det=1 yolo_human=1 fixed_size=18 size_reject=0
[lvdot_detector_main-8] [INFO] [1777341498.402345533] [lvdot_detector_node]: get_dynamic_obstacles responded with 1 obstacles from 1 tracked dynamic boxes.
[lvdot_detector_main-8] [WARN] [1777341498.516905448] [lvdot_detector_node.rclcpp]: failed to send response to /onboard_detector/get_dynamic_obstacles (timeout): client will not receive response, at ./src/rmw_response.cpp:153, at ./src/rcl/service.c:400
[lvdot_detector_main-8] [INFO] [1777341501.023224906] [lvdot_detector_node]: Input health: depth=141 color=140 lidar=2 pose=156 odom=156 yolo=138 depth_pose_sync=0 lidar_pose_sync=0 depth_odom_sync=0 lidar_odom_sync=0
[lvdot_detector_main-8] [INFO] [1777341501.029258322] [lvdot_detector_node]: Stage timers: detection=170 lidar_detection=170 tracking=170 classification=143 vis=0
[lvdot_detector_main-8] [INFO] [1777341501.029286584] [lvdot_detector_node]: Processing phases: detection=idle lidar_detection=waiting_new_lidar tracking=idle classification=idle
[lvdot_detector_main-8] [INFO] [1777341501.029296599] [lvdot_detector_node]: Pipeline stats: depth_samples=1425/71300 u_map=2 depth_boxes=0 u_map_merge=0 u_map_db=0 u_map_visual=0 u_map_fused=0 u_map_filtered=0 lidar_samples=3407/119094 uv=2 db=11 lidar=18 fused=20 filtered=20 tracks=21 dynamic=3 dyn_points=0 raw_dyn_points=0 service=10/1 split=20->0 (20 outputs) fusion_components=20 visual_only=2 lidar_only=18 yolo_in=3 yolo_match3d=0 yolo_match_det=0 yolo_human=0 fixed_size=17 size_reject=0
[lvdot_detector_main-8] [INFO] [1777341506.549211912] [lvdot_detector_node]: Input health: depth=143 color=142 lidar=2 pose=158 odom=158 yolo=140 depth_pose_sync=0 lidar_pose_sync=0 depth_odom_sync=0 lidar_odom_sync=0
[lvdot_detector_main-8] [INFO] [1777341506.549327325] [lvdot_detector_node]: Stage timers: detection=172 lidar_detection=172 tracking=172 classification=145 vis=0
[lvdot_detector_main-8] [INFO] [1777341506.549339576] [lvdot_detector_node]: Processing phases: detection=idle lidar_detection=waiting_new_lidar tracking=idle classification=idle
[lvdot_detector_main-8] [INFO] [1777341506.549348842] [lvdot_detector_node]: Pipeline stats: depth_samples=1572/71300 u_map=4 depth_boxes=0 u_map_merge=0 u_map_db=0 u_map_visual=0 u_map_fused=0 u_map_filtered=0 lidar_samples=3407/119094 uv=1 db=15 lidar=18 fused=19 filtered=19 tracks=18 dynamic=3 dyn_points=0 raw_dyn_points=0 service=10/1 split=19->0 (19 outputs) fusion_components=19 visual_only=1 lidar_only=18 yolo_in=4 yolo_match3d=2 yolo_match_det=2 yolo_human=2 fixed_size=17 size_reject=0
[lvdot_detector_main-8] [INFO] [1777341511.570532342] [lvdot_detector_node]: Input health: depth=145 color=144 lidar=2 pose=160 odom=160 yolo=142 depth_pose_sync=0 lidar_pose_sync=0 depth_odom_sync=0 lidar_odom_sync=0
[lvdot_detector_main-8] [INFO] [1777341511.570599047] [lvdot_detector_node]: Stage timers: detection=174 lidar_detection=174 tracking=174 classification=147 vis=0
[lvdot_detector_main-8] [INFO] [1777341511.570609963] [lvdot_detector_node]: Processing phases: detection=idle lidar_detection=waiting_new_lidar tracking=idle classification=idle
[lvdot_detector_main-8] [INFO] [1777341511.570619160] [lvdot_detector_node]: Pipeline stats: depth_samples=1365/71300 u_map=1 depth_boxes=0 u_map_merge=0 u_map_db=0 u_map_visual=0 u_map_fused=0 u_map_filtered=0 lidar_samples=3407/119094 uv=1 db=8 lidar=18 fused=19 filtered=19 tracks=20 dynamic=2 dyn_points=0 raw_dyn_points=0 service=10/1 split=19->1 (19 outputs) fusion_components=19 visual_only=1 lidar_only=18 yolo_in=4 yolo_match3d=1 yolo_match_det=2 yolo_human=0 fixed_size=17 size_reject=0
[lvdot_detector_main-8] [INFO] [1777341523.037347606] [lvdot_detector_node]: Input health: depth=147 color=146 lidar=3 pose=162 odom=162 yolo=144 depth_pose_sync=0 lidar_pose_sync=0 depth_odom_sync=0 lidar_odom_sync=0
[lvdot_detector_main-8] [INFO] [1777341523.037442600] [lvdot_detector_node]: Stage timers: detection=176 lidar_detection=176 tracking=176 classification=149 vis=0
[lvdot_detector_main-8] [INFO] [1777341523.037460604] [lvdot_detector_node]: Processing phases: detection=idle lidar_detection=idle tracking=idle classification=idle
[lvdot_detector_main-8] [INFO] [1777341523.037472740] [lvdot_detector_node]: Pipeline stats: depth_samples=1370/71300 u_map=2 depth_boxes=0 u_map_merge=0 u_map_db=0 u_map_visual=0 u_map_fused=0 u_map_filtered=0 lidar_samples=3323/126958 uv=1 db=13 lidar=17 fused=18 filtered=18 tracks=20 dynamic=2 dyn_points=0 raw_dyn_points=0 service=10/1 split=18->0 (18 outputs) fusion_components=18 visual_only=1 lidar_only=17 yolo_in=3 yolo_match3d=1 yolo_match_det=1 yolo_human=1 fixed_size=17 size_reject=0
[lvdot_detector_main-8] [INFO] [1777341533.503116056] [lvdot_detector_node]: Input health: depth=149 color=148 lidar=4 pose=164 odom=164 yolo=146 depth_pose_sync=0 lidar_pose_sync=0 depth_odom_sync=0 lidar_odom_sync=0
[lvdot_detector_main-8] [INFO] [1777341533.503208180] [lvdot_detector_node]: Stage timers: detection=178 lidar_detection=178 tracking=178 classification=151 vis=0
[lvdot_detector_main-8] [INFO] [1777341533.503220080] [lvdot_detector_node]: Processing phases: detection=idle lidar_detection=waiting_new_lidar tracking=idle classification=idle
[lvdot_detector_main-8] [INFO] [1777341533.503229104] [lvdot_detector_node]: Pipeline stats: depth_samples=1391/71300 u_map=2 depth_boxes=0 u_map_merge=0 u_map_db=0 u_map_visual=0 u_map_fused=0 u_map_filtered=0 lidar_samples=3168/131225 uv=2 db=14 lidar=20 fused=22 filtered=23 tracks=21 dynamic=1 dyn_points=0 raw_dyn_points=0 service=10/1 split=22->1 (23 outputs) fusion_components=22 visual_only=2 lidar_only=20 yolo_in=3 yolo_match3d=1 yolo_match_det=2 yolo_human=2 fixed_size=0 size_reject=1
[lvdot_detector_main-8] [INFO] [1777341533.504118215] [lvdot_detector_node]: get_dynamic_obstacles responded with 1 obstacles from 1 tracked dynamic boxes.
[lvdot_detector_main-8] [WARN] [1777341533.604638883] [lvdot_detector_node.rclcpp]: failed to send response to /onboard_detector/get_dynamic_obstacles (timeout): client will not receive response, at ./src/rmw_response.cpp:153, at ./src/rcl/service.c:400
[lvdot_detector_main-8] [INFO] [1777341543.090725648] [lvdot_detector_node]: Input health: depth=153 color=152 lidar=4 pose=168 odom=168 yolo=150 depth_pose_sync=0 lidar_pose_sync=0 depth_odom_sync=0 lidar_odom_sync=0
[lvdot_detector_main-8] [INFO] [1777341543.090799813] [lvdot_detector_node]: Stage timers: detection=182 lidar_detection=182 tracking=182 classification=155 vis=0
[lvdot_detector_main-8] [INFO] [1777341543.090812579] [lvdot_detector_node]: Processing phases: detection=idle lidar_detection=waiting_new_lidar tracking=idle classification=idle
[lvdot_detector_main-8] [INFO] [1777341543.090822609] [lvdot_detector_node]: Pipeline stats: depth_samples=1291/71300 u_map=1 depth_boxes=0 u_map_merge=0 u_map_db=0 u_map_visual=0 u_map_fused=0 u_map_filtered=0 lidar_samples=3168/131225 uv=0 db=12 lidar=20 fused=20 filtered=20 tracks=21 dynamic=1 dyn_points=0 raw_dyn_points=0 service=11/1 split=20->0 (20 outputs) fusion_components=20 visual_only=0 lidar_only=20 yolo_in=0 yolo_match3d=0 yolo_match_det=0 yolo_human=0 fixed_size=0 size_reject=0
[lvdot_detector_main-8] [INFO] [1777341543.091611676] [lvdot_detector_node]: get_dynamic_obstacles responded with 1 obstacles from 1 tracked dynamic boxes.
[lvdot_detector_main-8] [WARN] [1777341543.192851425] [lvdot_detector_node.rclcpp]: failed to send response to /onboard_detector/get_dynamic_obstacles (timeout): client will not receive response, at ./src/rmw_response.cpp:153, at ./src/rcl/service.c:400
[lvdot_detector_main-8] [INFO] [1777341548.103393650] [lvdot_detector_node]: Input health: depth=155 color=154 lidar=4 pose=170 odom=170 yolo=152 depth_pose_sync=0 lidar_pose_sync=0 depth_odom_sync=0 lidar_odom_sync=0
[lvdot_detector_main-8] [INFO] [1777341548.104582361] [lvdot_detector_node]: Stage timers: detection=184 lidar_detection=184 tracking=184 classification=157 vis=0
[lvdot_detector_main-8] [INFO] [1777341548.105027978] [lvdot_detector_node]: Processing phases: detection=idle lidar_detection=waiting_new_lidar tracking=idle classification=idle
[lvdot_detector_main-8] [INFO] [1777341548.105040907] [lvdot_detector_node]: Pipeline stats: depth_samples=1410/71300 u_map=1 depth_boxes=0 u_map_merge=0 u_map_db=0 u_map_visual=0 u_map_fused=0 u_map_filtered=0 lidar_samples=3168/131225 uv=1 db=10 lidar=20 fused=21 filtered=21 tracks=20 dynamic=2 dyn_points=0 raw_dyn_points=0 service=12/1 split=21->0 (21 outputs) fusion_components=21 visual_only=1 lidar_only=20 yolo_in=3 yolo_match3d=0 yolo_match_det=0 yolo_human=0 fixed_size=0 size_reject=0
[lvdot_detector_main-8] [INFO] [1777341557.846210046] [lvdot_detector_node]: Input health: depth=159 color=158 lidar=4 pose=174 odom=174 yolo=156 depth_pose_sync=0 lidar_pose_sync=0 depth_odom_sync=0 lidar_odom_sync=0
[lvdot_detector_main-8] [INFO] [1777341557.846921611] [lvdot_detector_node]: Stage timers: detection=188 lidar_detection=188 tracking=188 classification=161 vis=0
[lvdot_detector_main-8] [INFO] [1777341557.846939706] [lvdot_detector_node]: Processing phases: detection=idle lidar_detection=waiting_new_lidar tracking=idle classification=idle
[lvdot_detector_main-8] [INFO] [1777341557.846949051] [lvdot_detector_node]: Pipeline stats: depth_samples=1377/71300 u_map=1 depth_boxes=0 u_map_merge=0 u_map_db=0 u_map_visual=0 u_map_fused=0 u_map_filtered=0 lidar_samples=3168/131225 uv=1 db=10 lidar=20 fused=21 filtered=21 tracks=21 dynamic=1 dyn_points=0 raw_dyn_points=0 service=12/1 split=21->0 (21 outputs) fusion_components=21 visual_only=1 lidar_only=20 yolo_in=3 yolo_match3d=2 yolo_match_det=2 yolo_human=2 fixed_size=20 size_reject=0
[lvdot_detector_main-8] [INFO] [1777341561.908344306] [lvdot_detector_node]: get_dynamic_obstacles responded with 2 obstacles from 2 tracked dynamic boxes.
[lvdot_detector_main-8] [WARN] [1777341562.008512137] [lvdot_detector_node.rclcpp]: failed to send response to /onboard_detector/get_dynamic_obstacles (timeout): client will not receive response, at ./src/rmw_response.cpp:153, at ./src/rcl/service.c:400
[lvdot_detector_main-8] [INFO] [1777341566.683596092] [lvdot_detector_node]: Input health: depth=163 color=162 lidar=4 pose=178 odom=178 yolo=160 depth_pose_sync=0 lidar_pose_sync=0 depth_odom_sync=0 lidar_odom_sync=0
[lvdot_detector_main-8] [INFO] [1777341566.683680988] [lvdot_detector_node]: Stage timers: detection=192 lidar_detection=192 tracking=192 classification=165 vis=0
[lvdot_detector_main-8] [INFO] [1777341566.683698840] [lvdot_detector_node]: Processing phases: detection=idle lidar_detection=waiting_new_lidar tracking=idle classification=idle
[lvdot_detector_main-8] [INFO] [1777341566.683711039] [lvdot_detector_node]: Pipeline stats: depth_samples=1471/71300 u_map=2 depth_boxes=0 u_map_merge=0 u_map_db=0 u_map_visual=0 u_map_fused=0 u_map_filtered=0 lidar_samples=3168/131225 uv=2 db=9 lidar=20 fused=22 filtered=22 tracks=21 dynamic=2 dyn_points=0 raw_dyn_points=0 service=13/2 split=22->0 (22 outputs) fusion_components=22 visual_only=2 lidar_only=20 yolo_in=2 yolo_match3d=1 yolo_match_det=1 yolo_human=1 fixed_size=20 size_reject=0
[lvdot_detector_main-8] [INFO] [1777341572.106128051] [lvdot_detector_node]: Input health: depth=165 color=164 lidar=4 pose=180 odom=180 yolo=162 depth_pose_sync=0 lidar_pose_sync=0 depth_odom_sync=0 lidar_odom_sync=0
[lvdot_detector_main-8] [INFO] [1777341572.107813873] [lvdot_detector_node]: Stage timers: detection=194 lidar_detection=194 tracking=194 classification=167 vis=0
[lvdot_detector_main-8] [INFO] [1777341572.107834252] [lvdot_detector_node]: Processing phases: detection=idle lidar_detection=waiting_new_lidar tracking=idle classification=idle
[lvdot_detector_main-8] [INFO] [1777341572.107845107] [lvdot_detector_node]: Pipeline stats: depth_samples=1447/71300 u_map=1 depth_boxes=0 u_map_merge=0 u_map_db=0 u_map_visual=0 u_map_fused=0 u_map_filtered=0 lidar_samples=3168/131225 uv=1 db=10 lidar=20 fused=20 filtered=20 tracks=21 dynamic=1 dyn_points=0 raw_dyn_points=0 service=13/2 split=20->0 (20 outputs) fusion_components=20 visual_only=0 lidar_only=19 yolo_in=2 yolo_match3d=2 yolo_match_det=2 yolo_human=2 fixed_size=20 size_reject=0
[lvdot_detector_main-8] [INFO] [1777341574.501757340] [lvdot_detector_node]: get_dynamic_obstacles responded with 2 obstacles from 2 tracked dynamic boxes.
[lvdot_detector_main-8] [WARN] [1777341574.601952811] [lvdot_detector_node.rclcpp]: failed to send response to /onboard_detector/get_dynamic_obstacles (timeout): client will not receive response, at ./src/rmw_response.cpp:153, at ./src/rcl/service.c:400
[lvdot_detector_main-8] [INFO] [1777341581.813351789] [lvdot_detector_node]: Input health: depth=169 color=168 lidar=4 pose=184 odom=184 yolo=166 depth_pose_sync=0 lidar_pose_sync=0 depth_odom_sync=0 lidar_odom_sync=0
[lvdot_detector_main-8] [INFO] [1777341581.814052404] [lvdot_detector_node]: Stage timers: detection=198 lidar_detection=198 tracking=198 classification=171 vis=0
[lvdot_detector_main-8] [INFO] [1777341581.814068115] [lvdot_detector_node]: Processing phases: detection=idle lidar_detection=waiting_new_lidar tracking=idle classification=idle
[lvdot_detector_main-8] [INFO] [1777341581.814077923] [lvdot_detector_node]: Pipeline stats: depth_samples=1343/71300 u_map=0 depth_boxes=0 u_map_merge=0 u_map_db=0 u_map_visual=0 u_map_fused=0 u_map_filtered=0 lidar_samples=3168/131225 uv=0 db=11 lidar=20 fused=20 filtered=20 tracks=21 dynamic=2 dyn_points=0 raw_dyn_points=0 service=14/2 split=20->0 (20 outputs) fusion_components=20 visual_only=0 lidar_only=20 yolo_in=1 yolo_match3d=1 yolo_match_det=1 yolo_human=1 fixed_size=20 size_reject=0
[lvdot_detector_main-8] [INFO] [1777341591.435429916] [lvdot_detector_node]: Input health: depth=173 color=172 lidar=4 pose=188 odom=188 yolo=170 depth_pose_sync=0 lidar_pose_sync=0 depth_odom_sync=0 lidar_odom_sync=0
[lvdot_detector_main-8] [INFO] [1777341591.435501010] [lvdot_detector_node]: Stage timers: detection=202 lidar_detection=202 tracking=202 classification=175 vis=0
[lvdot_detector_main-8] [INFO] [1777341591.435511535] [lvdot_detector_node]: Processing phases: detection=idle lidar_detection=waiting_new_lidar tracking=idle classification=idle
[lvdot_detector_main-8] [INFO] [1777341591.435520472] [lvdot_detector_node]: Pipeline stats: depth_samples=1596/71300 u_map=3 depth_boxes=0 u_map_merge=0 u_map_db=0 u_map_visual=0 u_map_fused=0 u_map_filtered=0 lidar_samples=3168/131225 uv=1 db=16 lidar=20 fused=21 filtered=22 tracks=21 dynamic=1 dyn_points=0 raw_dyn_points=0 service=14/2 split=21->2 (22 outputs) fusion_components=21 visual_only=1 lidar_only=20 yolo_in=4 yolo_match3d=2 yolo_match_det=4 yolo_human=2 fixed_size=20 size_reject=0
[lvdot_detector_main-8] [INFO] [1777341596.263194393] [lvdot_detector_node]: get_dynamic_obstacles responded with 4 obstacles from 4 tracked dynamic boxes.
[lvdot_detector_main-8] [WARN] [1777341596.366235065] [lvdot_detector_node.rclcpp]: failed to send response to /onboard_detector/get_dynamic_obstacles (timeout): client will not receive response, at ./src/rmw_response.cpp:153, at ./src/rcl/service.c:400
[lvdot_detector_main-8] [INFO] [1777341601.060009894] [lvdot_detector_node]: Input health: depth=177 color=176 lidar=4 pose=192 odom=192 yolo=174 depth_pose_sync=0 lidar_pose_sync=0 depth_odom_sync=0 lidar_odom_sync=0
[lvdot_detector_main-8] [INFO] [1777341601.061248995] [lvdot_detector_node]: Stage timers: detection=206 lidar_detection=206 tracking=206 classification=179 vis=0
[lvdot_detector_main-8] [INFO] [1777341601.061276260] [lvdot_detector_node]: Processing phases: detection=idle lidar_detection=waiting_new_lidar tracking=idle classification=idle
[lvdot_detector_main-8] [INFO] [1777341601.061288950] [lvdot_detector_node]: Pipeline stats: depth_samples=1385/71300 u_map=1 depth_boxes=0 u_map_merge=0 u_map_db=0 u_map_visual=0 u_map_fused=0 u_map_filtered=0 lidar_samples=3168/131225 uv=0 db=11 lidar=20 fused=20 filtered=20 tracks=20 dynamic=4 dyn_points=0 raw_dyn_points=0 service=15/4 split=20->0 (20 outputs) fusion_components=20 visual_only=0 lidar_only=20 yolo_in=4 yolo_match3d=1 yolo_match_det=1 yolo_human=1 fixed_size=19 size_reject=0
[lvdot_detector_main-8] [INFO] [1777341606.653220787] [lvdot_detector_node]: Input health: depth=179 color=178 lidar=4 pose=194 odom=194 yolo=176 depth_pose_sync=0 lidar_pose_sync=0 depth_odom_sync=0 lidar_odom_sync=0
[lvdot_detector_main-8] [INFO] [1777341606.653298155] [lvdot_detector_node]: Stage timers: detection=208 lidar_detection=208 tracking=208 classification=181 vis=0
[lvdot_detector_main-8] [INFO] [1777341606.653320522] [lvdot_detector_node]: Processing phases: detection=idle lidar_detection=waiting_new_lidar tracking=idle classification=idle
[lvdot_detector_main-8] [INFO] [1777341606.653332315] [lvdot_detector_node]: Pipeline stats: depth_samples=1520/71300 u_map=1 depth_boxes=0 u_map_merge=0 u_map_db=0 u_map_visual=0 u_map_fused=0 u_map_filtered=0 lidar_samples=3168/131225 uv=1 db=11 lidar=20 fused=21 filtered=21 tracks=21 dynamic=3 dyn_points=0 raw_dyn_points=0 service=15/4 split=21->0 (21 outputs) fusion_components=21 visual_only=1 lidar_only=20 yolo_in=2 yolo_match3d=2 yolo_match_det=2 yolo_human=2 fixed_size=19 size_reject=0
[lvdot_detector_main-8] [INFO] [1777341608.556443154] [lvdot_detector_node]: get_dynamic_obstacles responded with 2 obstacles from 2 tracked dynamic boxes.
[lvdot_detector_main-8] [WARN] [1777341608.662821940] [lvdot_detector_node.rclcpp]: failed to send response to /onboard_detector/get_dynamic_obstacles (timeout): client will not receive response, at ./src/rmw_response.cpp:153, at ./src/rcl/service.c:400
[lvdot_detector_main-8] [INFO] [1777341616.445274456] [lvdot_detector_node]: Input health: depth=183 color=182 lidar=4 pose=198 odom=198 yolo=180 depth_pose_sync=0 lidar_pose_sync=0 depth_odom_sync=0 lidar_odom_sync=0
[lvdot_detector_main-8] [INFO] [1777341616.445350170] [lvdot_detector_node]: Stage timers: detection=212 lidar_detection=212 tracking=212 classification=185 vis=0
[lvdot_detector_main-8] [INFO] [1777341616.445363736] [lvdot_detector_node]: Processing phases: detection=idle lidar_detection=waiting_new_lidar tracking=idle classification=idle
[lvdot_detector_main-8] [INFO] [1777341616.445374211] [lvdot_detector_node]: Pipeline stats: depth_samples=1282/71300 u_map=3 depth_boxes=0 u_map_merge=0 u_map_db=0 u_map_visual=0 u_map_fused=0 u_map_filtered=0 lidar_samples=3168/131225 uv=2 db=9 lidar=20 fused=22 filtered=22 tracks=21 dynamic=1 dyn_points=0 raw_dyn_points=0 service=16/2 split=22->1 (22 outputs) fusion_components=22 visual_only=2 lidar_only=20 yolo_in=2 yolo_match3d=1 yolo_match_det=2 yolo_human=1 fixed_size=19 size_reject=1
[lvdot_detector_main-8] [INFO] [1777341625.860753651] [lvdot_detector_node]: Input health: depth=187 color=186 lidar=4 pose=202 odom=202 yolo=184 depth_pose_sync=0 lidar_pose_sync=0 depth_odom_sync=0 lidar_odom_sync=0
[lvdot_detector_main-8] [INFO] [1777341625.863093474] [lvdot_detector_node]: Stage timers: detection=216 lidar_detection=216 tracking=216 classification=189 vis=0
[lvdot_detector_main-8] [INFO] [1777341625.863115808] [lvdot_detector_node]: Processing phases: detection=idle lidar_detection=waiting_new_lidar tracking=idle classification=idle
[lvdot_detector_main-8] [INFO] [1777341625.863129109] [lvdot_detector_node]: Pipeline stats: depth_samples=1370/71300 u_map=2 depth_boxes=0 u_map_merge=0 u_map_db=0 u_map_visual=0 u_map_fused=0 u_map_filtered=0 lidar_samples=3168/131225 uv=1 db=13 lidar=20 fused=21 filtered=21 tracks=21 dynamic=2 dyn_points=0 raw_dyn_points=0 service=16/2 split=21->0 (21 outputs) fusion_components=21 visual_only=1 lidar_only=20 yolo_in=1 yolo_match3d=0 yolo_match_det=0 yolo_human=0 fixed_size=20 size_reject=0
[lvdot_detector_main-8] [INFO] [1777341634.539683714] [lvdot_detector_node]: Input health: depth=191 color=190 lidar=4 pose=206 odom=206 yolo=188 depth_pose_sync=0 lidar_pose_sync=0 depth_odom_sync=0 lidar_odom_sync=0
[lvdot_detector_main-8] [INFO] [1777341634.540664064] [lvdot_detector_node]: Stage timers: detection=220 lidar_detection=220 tracking=220 classification=193 vis=0
[lvdot_detector_main-8] [INFO] [1777341634.540687658] [lvdot_detector_node]: Processing phases: detection=idle lidar_detection=waiting_new_lidar tracking=idle classification=idle
[lvdot_detector_main-8] [INFO] [1777341634.540701339] [lvdot_detector_node]: Pipeline stats: depth_samples=1388/71300 u_map=0 depth_boxes=0 u_map_merge=0 u_map_db=0 u_map_visual=0 u_map_fused=0 u_map_filtered=0 lidar_samples=3168/131225 uv=0 db=11 lidar=20 fused=20 filtered=20 tracks=21 dynamic=2 dyn_points=0 raw_dyn_points=0 service=16/2 split=20->0 (20 outputs) fusion_components=20 visual_only=0 lidar_only=20 yolo_in=5 yolo_match3d=1 yolo_match_det=1 yolo_human=1 fixed_size=19 size_reject=1
[lvdot_detector_main-8] [INFO] [1777341643.050155594] [lvdot_detector_node]: Input health: depth=195 color=194 lidar=4 pose=210 odom=210 yolo=192 depth_pose_sync=0 lidar_pose_sync=0 depth_odom_sync=0 lidar_odom_sync=0
[lvdot_detector_main-8] [INFO] [1777341643.052492982] [lvdot_detector_node]: Stage timers: detection=224 lidar_detection=224 tracking=224 classification=197 vis=0
[lvdot_detector_main-8] [INFO] [1777341643.052516924] [lvdot_detector_node]: Processing phases: detection=idle lidar_detection=waiting_new_lidar tracking=idle classification=idle
[lvdot_detector_main-8] [INFO] [1777341643.052532818] [lvdot_detector_node]: Pipeline stats: depth_samples=1412/71300 u_map=2 depth_boxes=0 u_map_merge=0 u_map_db=0 u_map_visual=0 u_map_fused=0 u_map_filtered=0 lidar_samples=3168/131225 uv=1 db=12 lidar=20 fused=21 filtered=23 tracks=20 dynamic=1 dyn_points=0 raw_dyn_points=0 service=16/2 split=21->1 (23 outputs) fusion_components=21 visual_only=1 lidar_only=20 yolo_in=5 yolo_match3d=2 yolo_match_det=5 yolo_human=4 fixed_size=20 size_reject=0
[lvdot_detector_main-8] [INFO] [1777341651.774360873] [lvdot_detector_node]: Input health: depth=199 color=198 lidar=4 pose=214 odom=214 yolo=196 depth_pose_sync=0 lidar_pose_sync=0 depth_odom_sync=0 lidar_odom_sync=0
[lvdot_detector_main-8] [INFO] [1777341651.774450001] [lvdot_detector_node]: Stage timers: detection=228 lidar_detection=228 tracking=228 classification=201 vis=0
[lvdot_detector_main-8] [INFO] [1777341651.774468425] [lvdot_detector_node]: Processing phases: detection=idle lidar_detection=waiting_new_lidar tracking=idle classification=idle
[lvdot_detector_main-8] [INFO] [1777341651.774502682] [lvdot_detector_node]: Pipeline stats: depth_samples=1622/71300 u_map=3 depth_boxes=0 u_map_merge=0 u_map_db=0 u_map_visual=0 u_map_fused=0 u_map_filtered=0 lidar_samples=3168/131225 uv=2 db=21 lidar=20 fused=22 filtered=22 tracks=20 dynamic=1 dyn_points=0 raw_dyn_points=0 service=16/2 split=22->0 (22 outputs) fusion_components=22 visual_only=2 lidar_only=20 yolo_in=0 yolo_match3d=0 yolo_match_det=0 yolo_human=0 fixed_size=20 size_reject=0
[lvdot_detector_main-8] [INFO] [1777341657.828349024] [lvdot_detector_node]: Input health: depth=202 color=201 lidar=4 pose=217 odom=217 yolo=199 depth_pose_sync=0 lidar_pose_sync=0 depth_odom_sync=0 lidar_odom_sync=0
[lvdot_detector_main-8] [INFO] [1777341657.828425980] [lvdot_detector_node]: Stage timers: detection=231 lidar_detection=231 tracking=231 classification=204 vis=0
[lvdot_detector_main-8] [INFO] [1777341657.828436903] [lvdot_detector_node]: Processing phases: detection=idle lidar_detection=waiting_new_lidar tracking=idle classification=idle
[lvdot_detector_main-8] [INFO] [1777341657.828446038] [lvdot_detector_node]: Pipeline stats: depth_samples=1389/71300 u_map=2 depth_boxes=0 u_map_merge=0 u_map_db=0 u_map_visual=0 u_map_fused=0 u_map_filtered=0 lidar_samples=3168/131225 uv=1 db=10 lidar=20 fused=21 filtered=21 tracks=21 dynamic=1 dyn_points=0 raw_dyn_points=0 service=16/2 split=21->0 (21 outputs) fusion_components=21 visual_only=1 lidar_only=20 yolo_in=3 yolo_match3d=0 yolo_match_det=0 yolo_human=0 fixed_size=20 size_reject=0
[lvdot_detector_main-8] [INFO] [1777341667.607868891] [lvdot_detector_node]: Input health: depth=206 color=205 lidar=4 pose=221 odom=221 yolo=203 depth_pose_sync=0 lidar_pose_sync=0 depth_odom_sync=0 lidar_odom_sync=0
[lvdot_detector_main-8] [INFO] [1777341667.607951767] [lvdot_detector_node]: Stage timers: detection=235 lidar_detection=235 tracking=235 classification=208 vis=0
[lvdot_detector_main-8] [INFO] [1777341667.607968124] [lvdot_detector_node]: Processing phases: detection=idle lidar_detection=waiting_new_lidar tracking=idle classification=idle
[lvdot_detector_main-8] [INFO] [1777341667.607980318] [lvdot_detector_node]: Pipeline stats: depth_samples=1370/71300 u_map=2 depth_boxes=0 u_map_merge=0 u_map_db=0 u_map_visual=0 u_map_fused=0 u_map_filtered=0 lidar_samples=3168/131225 uv=1 db=13 lidar=20 fused=21 filtered=21 tracks=21 dynamic=1 dyn_points=0 raw_dyn_points=0 service=16/2 split=21->0 (21 outputs) fusion_components=21 visual_only=1 lidar_only=20 yolo_in=4 yolo_match3d=0 yolo_match_det=0 yolo_human=0 fixed_size=20 size_reject=0
[lvdot_detector_main-8] [INFO] [1777341680.027944593] [lvdot_detector_node]: Input health: depth=208 color=207 lidar=5 pose=223 odom=223 yolo=205 depth_pose_sync=0 lidar_pose_sync=0 depth_odom_sync=0 lidar_odom_sync=0
[lvdot_detector_main-8] [INFO] [1777341680.028063352] [lvdot_detector_node]: Stage timers: detection=237 lidar_detection=237 tracking=237 classification=210 vis=0
[lvdot_detector_main-8] [INFO] [1777341680.028075438] [lvdot_detector_node]: Processing phases: detection=idle lidar_detection=waiting_new_lidar tracking=idle classification=idle
[lvdot_detector_main-8] [INFO] [1777341680.028084827] [lvdot_detector_node]: Pipeline stats: depth_samples=762/41744 u_map=3 depth_boxes=0 u_map_merge=0 u_map_db=0 u_map_visual=0 u_map_fused=0 u_map_filtered=0 lidar_samples=3395/121794 uv=2 db=10 lidar=14 fused=16 filtered=16 tracks=15 dynamic=1 dyn_points=0 raw_dyn_points=0 service=16/2 split=16->0 (16 outputs) fusion_components=16 visual_only=2 lidar_only=14 yolo_in=4 yolo_match3d=1 yolo_match_det=1 yolo_human=1 fixed_size=0 size_reject=0
[lvdot_detector_main-8] [INFO] [1777341689.718685959] [lvdot_detector_node]: Input health: depth=212 color=211 lidar=5 pose=227 odom=227 yolo=209 depth_pose_sync=0 lidar_pose_sync=0 depth_odom_sync=0 lidar_odom_sync=0
[lvdot_detector_main-8] [INFO] [1777341689.718752295] [lvdot_detector_node]: Stage timers: detection=241 lidar_detection=241 tracking=241 classification=214 vis=0
[lvdot_detector_main-8] [INFO] [1777341689.718762623] [lvdot_detector_node]: Processing phases: detection=idle lidar_detection=waiting_new_lidar tracking=idle classification=idle
[lvdot_detector_main-8] [INFO] [1777341689.718771759] [lvdot_detector_node]: Pipeline stats: depth_samples=1349/71300 u_map=0 depth_boxes=0 u_map_merge=0 u_map_db=0 u_map_visual=0 u_map_fused=0 u_map_filtered=0 lidar_samples=3395/121794 uv=0 db=9 lidar=14 fused=14 filtered=14 tracks=14 dynamic=1 dyn_points=0 raw_dyn_points=0 service=16/2 split=14->0 (14 outputs) fusion_components=14 visual_only=0 lidar_only=14 yolo_in=0 yolo_match3d=0 yolo_match_det=0 yolo_human=0 fixed_size=0 size_reject=0
[lvdot_detector_main-8] [INFO] [1777341699.461272833] [lvdot_detector_node]: Input health: depth=216 color=215 lidar=5 pose=231 odom=231 yolo=213 depth_pose_sync=0 lidar_pose_sync=0 depth_odom_sync=0 lidar_odom_sync=0
[lvdot_detector_main-8] [INFO] [1777341699.461394675] [lvdot_detector_node]: Stage timers: detection=245 lidar_detection=245 tracking=245 classification=218 vis=0
[lvdot_detector_main-8] [INFO] [1777341699.461416188] [lvdot_detector_node]: Processing phases: detection=idle lidar_detection=waiting_new_lidar tracking=idle classification=idle
[lvdot_detector_main-8] [INFO] [1777341699.461427688] [lvdot_detector_node]: Pipeline stats: depth_samples=1318/71300 u_map=4 depth_boxes=0 u_map_merge=0 u_map_db=0 u_map_visual=0 u_map_fused=0 u_map_filtered=0 lidar_samples=3395/121794 uv=3 db=10 lidar=14 fused=17 filtered=17 tracks=14 dynamic=1 dyn_points=0 raw_dyn_points=0 service=16/2 split=17->0 (17 outputs) fusion_components=17 visual_only=3 lidar_only=14 yolo_in=2 yolo_match3d=2 yolo_match_det=2 yolo_human=2 fixed_size=0 size_reject=2
[lvdot_detector_main-8] [INFO] [1777341712.147238361] [lvdot_detector_node]: Input health: depth=218 color=217 lidar=6 pose=233 odom=233 yolo=215 depth_pose_sync=0 lidar_pose_sync=0 depth_odom_sync=0 lidar_odom_sync=0
[lvdot_detector_main-8] [INFO] [1777341712.148520695] [lvdot_detector_node]: Stage timers: detection=247 lidar_detection=247 tracking=247 classification=220 vis=0
[lvdot_detector_main-8] [INFO] [1777341712.148553140] [lvdot_detector_node]: Processing phases: detection=idle lidar_detection=waiting_new_lidar tracking=idle classification=idle
[lvdot_detector_main-8] [INFO] [1777341712.148564521] [lvdot_detector_node]: Pipeline stats: depth_samples=1427/71300 u_map=1 depth_boxes=0 u_map_merge=0 u_map_db=0 u_map_visual=0 u_map_fused=0 u_map_filtered=0 lidar_samples=2986/183316 uv=1 db=10 lidar=15 fused=16 filtered=16 tracks=16 dynamic=1 dyn_points=0 raw_dyn_points=0 service=16/2 split=16->0 (16 outputs) fusion_components=16 visual_only=1 lidar_only=15 yolo_in=1 yolo_match3d=0 yolo_match_det=0 yolo_human=0 fixed_size=0 size_reject=0
[lvdot_detector_main-8] [INFO] [1777341728.444125932] [lvdot_detector_node]: Input health: depth=222 color=221 lidar=7 pose=237 odom=237 yolo=219 depth_pose_sync=0 lidar_pose_sync=0 depth_odom_sync=0 lidar_odom_sync=0
[lvdot_detector_main-8] [INFO] [1777341728.444214570] [lvdot_detector_node]: Stage timers: detection=251 lidar_detection=251 tracking=251 classification=223 vis=0
[lvdot_detector_main-8] [INFO] [1777341728.444230533] [lvdot_detector_node]: Processing phases: detection=idle lidar_detection=waiting_new_lidar tracking=idle classification=idle
[lvdot_detector_main-8] [INFO] [1777341728.444241340] [lvdot_detector_node]: Pipeline stats: depth_samples=1292/71300 u_map=2 depth_boxes=0 u_map_merge=0 u_map_db=0 u_map_visual=0 u_map_fused=0 u_map_filtered=0 lidar_samples=3210/125360 uv=0 db=11 lidar=19 fused=19 filtered=19 tracks=20 dynamic=2 dyn_points=0 raw_dyn_points=0 service=16/2 split=19->0 (19 outputs) fusion_components=19 visual_only=0 lidar_only=19 yolo_in=3 yolo_match3d=0 yolo_match_det=0 yolo_human=0 fixed_size=0 size_reject=0
[lvdot_detector_main-8] [INFO] [1777341733.456530493] [lvdot_detector_node]: Input health: depth=224 color=223 lidar=7 pose=239 odom=239 yolo=221 depth_pose_sync=0 lidar_pose_sync=0 depth_odom_sync=0 lidar_odom_sync=0
[lvdot_detector_main-8] [INFO] [1777341733.457686978] [lvdot_detector_node]: Stage timers: detection=253 lidar_detection=253 tracking=253 classification=224 vis=0
[lvdot_detector_main-8] [INFO] [1777341733.457703064] [lvdot_detector_node]: Processing phases: detection=idle lidar_detection=waiting_new_lidar tracking=idle classification=idle
[lvdot_detector_main-8] [INFO] [1777341733.457713925] [lvdot_detector_node]: Pipeline stats: depth_samples=1345/71300 u_map=2 depth_boxes=0 u_map_merge=0 u_map_db=0 u_map_visual=0 u_map_fused=0 u_map_filtered=0 lidar_samples=3210/125360 uv=1 db=10 lidar=19 fused=20 filtered=20 tracks=20 dynamic=1 dyn_points=0 raw_dyn_points=0 service=16/2 split=20->0 (20 outputs) fusion_components=20 visual_only=1 lidar_only=19 yolo_in=3 yolo_match3d=0 yolo_match_det=0 yolo_human=0 fixed_size=0 size_reject=0
[lvdot_detector_main-8] [INFO] [1777341739.102968152] [lvdot_detector_node]: Input health: depth=226 color=225 lidar=7 pose=241 odom=241 yolo=223 depth_pose_sync=0 lidar_pose_sync=0 depth_odom_sync=0 lidar_odom_sync=0
[lvdot_detector_main-8] [INFO] [1777341739.112604849] [lvdot_detector_node]: Stage timers: detection=255 lidar_detection=255 tracking=255 classification=226 vis=0
[lvdot_detector_main-8] [INFO] [1777341739.113187401] [lvdot_detector_node]: Processing phases: detection=idle lidar_detection=waiting_new_lidar tracking=idle classification=idle
[lvdot_detector_main-8] [INFO] [1777341739.113209431] [lvdot_detector_node]: Pipeline stats: depth_samples=1401/71300 u_map=3 depth_boxes=0 u_map_merge=0 u_map_db=0 u_map_visual=0 u_map_fused=0 u_map_filtered=0 lidar_samples=3210/125360 uv=1 db=11 lidar=19 fused=20 filtered=20 tracks=21 dynamic=1 dyn_points=0 raw_dyn_points=0 service=16/2 split=20->1 (20 outputs) fusion_components=20 visual_only=1 lidar_only=19 yolo_in=6 yolo_match3d=1 yolo_match_det=2 yolo_human=0 fixed_size=0 size_reject=0
[lvdot_detector_main-8] [INFO] [1777341746.225886896] [lvdot_detector_node]: get_dynamic_obstacles responded with 2 obstacles from 2 tracked dynamic boxes.
[lvdot_detector_main-8] [WARN] [1777341746.329664633] [lvdot_detector_node.rclcpp]: failed to send response to /onboard_detector/get_dynamic_obstacles (timeout): client will not receive response, at ./src/rmw_response.cpp:153, at ./src/rcl/service.c:400
[lvdot_detector_main-8] [INFO] [1777341749.002473320] [lvdot_detector_node]: Input health: depth=230 color=229 lidar=7 pose=245 odom=245 yolo=227 depth_pose_sync=0 lidar_pose_sync=0 depth_odom_sync=0 lidar_odom_sync=0
[lvdot_detector_main-8] [INFO] [1777341749.002547263] [lvdot_detector_node]: Stage timers: detection=259 lidar_detection=259 tracking=259 classification=230 vis=0
[lvdot_detector_main-8] [INFO] [1777341749.002558807] [lvdot_detector_node]: Processing phases: detection=idle lidar_detection=waiting_new_lidar tracking=idle classification=idle
[lvdot_detector_main-8] [INFO] [1777341749.002567963] [lvdot_detector_node]: Pipeline stats: depth_samples=1510/71300 u_map=4 depth_boxes=0 u_map_merge=0 u_map_db=0 u_map_visual=0 u_map_fused=0 u_map_filtered=0 lidar_samples=3210/125360 uv=2 db=14 lidar=19 fused=21 filtered=22 tracks=19 dynamic=1 dyn_points=0 raw_dyn_points=0 service=17/2 split=21->1 (22 outputs) fusion_components=21 visual_only=2 lidar_only=19 yolo_in=3 yolo_match3d=1 yolo_match_det=2 yolo_human=2 fixed_size=0 size_reject=0
[lvdot_detector_main-8] [INFO] [1777341754.641815161] [lvdot_detector_node]: Input health: depth=232 color=231 lidar=7 pose=247 odom=247 yolo=229 depth_pose_sync=0 lidar_pose_sync=0 depth_odom_sync=0 lidar_odom_sync=0
[lvdot_detector_main-8] [INFO] [1777341754.646638160] [lvdot_detector_node]: Stage timers: detection=261 lidar_detection=261 tracking=261 classification=232 vis=0
[lvdot_detector_main-8] [INFO] [1777341754.646673789] [lvdot_detector_node]: Processing phases: detection=idle lidar_detection=waiting_new_lidar tracking=idle classification=idle
[lvdot_detector_main-8] [INFO] [1777341754.646684011] [lvdot_detector_node]: Pipeline stats: depth_samples=1335/71300 u_map=2 depth_boxes=0 u_map_merge=0 u_map_db=0 u_map_visual=0 u_map_fused=0 u_map_filtered=0 lidar_samples=3210/125360 uv=0 db=9 lidar=19 fused=19 filtered=19 tracks=21 dynamic=1 dyn_points=0 raw_dyn_points=0 service=17/2 split=19->0 (19 outputs) fusion_components=19 visual_only=0 lidar_only=19 yolo_in=4 yolo_match3d=0 yolo_match_det=0 yolo_human=0 fixed_size=18 size_reject=0
[lvdot_detector_main-8] [INFO] [1777341764.078792035] [lvdot_detector_node]: Input health: depth=236 color=235 lidar=7 pose=251 odom=251 yolo=233 depth_pose_sync=0 lidar_pose_sync=0 depth_odom_sync=0 lidar_odom_sync=0
[lvdot_detector_main-8] [INFO] [1777341764.078858552] [lvdot_detector_node]: Stage timers: detection=265 lidar_detection=265 tracking=265 classification=236 vis=0
[lvdot_detector_main-8] [INFO] [1777341764.078869457] [lvdot_detector_node]: Processing phases: detection=idle lidar_detection=waiting_new_lidar tracking=idle classification=idle
[lvdot_detector_main-8] [INFO] [1777341764.078878973] [lvdot_detector_node]: Pipeline stats: depth_samples=1410/71300 u_map=1 depth_boxes=0 u_map_merge=0 u_map_db=0 u_map_visual=0 u_map_fused=0 u_map_filtered=0 lidar_samples=3210/125360 uv=1 db=10 lidar=19 fused=20 filtered=20 tracks=19 dynamic=1 dyn_points=0 raw_dyn_points=0 service=17/2 split=20->0 (20 outputs) fusion_components=20 visual_only=1 lidar_only=19 yolo_in=0 yolo_match3d=0 yolo_match_det=0 yolo_human=0 fixed_size=19 size_reject=0
[lvdot_detector_main-8] [INFO] [1777341769.288243761] [lvdot_detector_node]: Input health: depth=238 color=237 lidar=7 pose=253 odom=253 yolo=235 depth_pose_sync=0 lidar_pose_sync=0 depth_odom_sync=0 lidar_odom_sync=0
[lvdot_detector_main-8] [INFO] [1777341769.289591154] [lvdot_detector_node]: Stage timers: detection=267 lidar_detection=267 tracking=267 classification=238 vis=0
[lvdot_detector_main-8] [INFO] [1777341769.290409373] [lvdot_detector_node]: Processing phases: detection=idle lidar_detection=waiting_new_lidar tracking=idle classification=idle
[lvdot_detector_main-8] [INFO] [1777341769.290710267] [lvdot_detector_node]: Pipeline stats: depth_samples=1498/71300 u_map=5 depth_boxes=0 u_map_merge=0 u_map_db=0 u_map_visual=0 u_map_fused=0 u_map_filtered=0 lidar_samples=3210/125360 uv=4 db=11 lidar=19 fused=22 filtered=22 tracks=20 dynamic=1 dyn_points=0 raw_dyn_points=0 service=17/2 split=22->0 (22 outputs) fusion_components=22 visual_only=3 lidar_only=18 yolo_in=3 yolo_match3d=2 yolo_match_det=2 yolo_human=2 fixed_size=19 size_reject=0
[lvdot_detector_main-8] [INFO] [1777341774.944064069] [lvdot_detector_node]: Input health: depth=240 color=239 lidar=7 pose=255 odom=255 yolo=237 depth_pose_sync=0 lidar_pose_sync=0 depth_odom_sync=0 lidar_odom_sync=0
[lvdot_detector_main-8] [INFO] [1777341774.944214177] [lvdot_detector_node]: Stage timers: detection=269 lidar_detection=269 tracking=269 classification=240 vis=0
[lvdot_detector_main-8] [INFO] [1777341774.944235520] [lvdot_detector_node]: Processing phases: detection=idle lidar_detection=waiting_new_lidar tracking=idle classification=idle
[lvdot_detector_main-8] [INFO] [1777341774.944245942] [lvdot_detector_node]: Pipeline stats: depth_samples=1456/71300 u_map=3 depth_boxes=0 u_map_merge=0 u_map_db=0 u_map_visual=0 u_map_fused=0 u_map_filtered=0 lidar_samples=3210/125360 uv=1 db=11 lidar=19 fused=20 filtered=20 tracks=21 dynamic=2 dyn_points=0 raw_dyn_points=0 service=17/2 split=20->1 (20 outputs) fusion_components=20 visual_only=1 lidar_only=19 yolo_in=5 yolo_match3d=1 yolo_match_det=3 yolo_human=1 fixed_size=19 size_reject=0
