[INFO] [launch]: All log files can be found below /home/skbt2/.ros/log/2026-04-23-22-45-06-251858-DESKTOP-90MQDL6-145570
[INFO] [launch]: Default logging verbosity is set to INFO
[INFO] [gazebo-1]: process started with pid [145609]
[INFO] [parameter_bridge-2]: process started with pid [145610]
[INFO] [pedestrian_state_publisher-3]: process started with pid [145611]
[INFO] [uav_trajectory_controller-4]: process started with pid [145612]
[INFO] [image_pointcloud_relay-5]: process started with pid [145613]
[INFO] [lvdot_yolo_node-6]: process started with pid [145614]
[INFO] [lvdot_detector_main-7]: process started with pid [145615]
[parameter_bridge-2] [INFO] [1776955506.522429055] [ros_gz_bridge]: Creating GZ->ROS Bridge: [/rgbd_camera/image (gz.msgs.Image) -> /rgbd_camera/image (sensor_msgs/msg/Image)] (Lazy 0)
[parameter_bridge-2] [INFO] [1776955506.527134237] [ros_gz_bridge]: Creating GZ->ROS Bridge: [/rgbd_camera/camera_info (gz.msgs.CameraInfo) -> /rgbd_camera/camera_info (sensor_msgs/msg/CameraInfo)] (Lazy 0)
[parameter_bridge-2] [INFO] [1776955506.528267383] [ros_gz_bridge]: Creating GZ->ROS Bridge: [/rgbd_camera/depth_image (gz.msgs.Image) -> /rgbd_camera/depth_image (sensor_msgs/msg/Image)] (Lazy 0)
[parameter_bridge-2] [INFO] [1776955506.528998293] [ros_gz_bridge]: Creating GZ->ROS Bridge: [/rgbd_camera/points (gz.msgs.PointCloudPacked) -> /rgbd_camera/points (sensor_msgs/msg/PointCloud2)] (Lazy 0)
[parameter_bridge-2] [INFO] [1776955506.530357340] [ros_gz_bridge]: Creating GZ->ROS Bridge: [/camera/imu (gz.msgs.IMU) -> /camera/imu (sensor_msgs/msg/Imu)] (Lazy 0)
[parameter_bridge-2] [INFO] [1776955506.532325643] [ros_gz_bridge]: Creating ROS->GZ service bridge [/world/pedestrian_prototype/set_pose (ros_gz_interfaces/srv/SetEntityPose -> /)]
[parameter_bridge-2] [INFO] [1776955506.534599901] [ros_gz_bridge]: Creating ROS->GZ service bridge [/world/pedestrian_prototype/set_pose/blocking (ros_gz_interfaces/srv/SetEntityPose -> /)]
[lvdot_detector_main-7] [INFO] [1776955506.666873606] [lvdot_detector_node]: Config loaded: localization_mode=0 dt=0.033 image=640x480 depth_range=[0.20, 12.00] stage_timers=true
[lvdot_detector_main-7] [INFO] [1776955506.731128159] [lvdot_detector_node]: LV-DOT ROS2 skeleton started. depth=/camera/depth/image_rect_raw color=/camera/color/image_raw lidar=/rgbd_camera/points pose=/mavros/local_position/pose odom=/mavros/local_position/odom yolo=/yolo_detector/detected_bounding_boxes
[gazebo-1] [INFO] [1776955507.557771962] [pedestrian_pose_sync_system]: Configured pedestrian pose sync plugin on topic [/pedestrian_sim/agent_states] for 8 models.
[uav_trajectory_controller-4] [WARN] [1776955508.065846931] [uav_trajectory_controller]: SetEntityPose request timed out after 0.62s on /world/pedestrian_prototype/set_pose/blocking; dropping the pending request and retrying.
[uav_trajectory_controller-4] [WARN] [1776955508.066568694] [uav_trajectory_controller]: Falling back from /world/pedestrian_prototype/set_pose/blocking to /world/pedestrian_prototype/set_pose.
[lvdot_detector_main-7] [INFO] [1776955508.731483683] [lvdot_detector_node]: Input health: depth=0 color=0 lidar=0 pose=0 odom=0 yolo=0 depth_pose_sync=0 lidar_pose_sync=0 depth_odom_sync=0 lidar_odom_sync=0
[lvdot_detector_main-7] [INFO] [1776955508.731663067] [lvdot_detector_node]: Stage timers: detection=60 lidar_detection=60 tracking=60 classification=60 vis=60
[lvdot_detector_main-7] [INFO] [1776955508.731685982] [lvdot_detector_node]: Processing phases: detection=waiting_sensor_pose lidar_detection=waiting_new_lidar tracking=waiting_new_filtered_update classification=waiting_new_tracking_update
[lvdot_detector_main-7] [INFO] [1776955508.731721976] [lvdot_detector_node]: Pipeline stats: depth_samples=0/0 u_map=0 depth_boxes=0 u_map_merge=0 u_map_db=0 u_map_visual=0 u_map_fused=0 u_map_filtered=0 lidar_samples=0/0 uv=0 db=0 lidar=0 fused=0 filtered=0 tracks=0 dynamic=0 dyn_points=0 raw_dyn_points=0 service=0/0 split=0->0 (0 outputs) fusion_components=0 visual_only=0 lidar_only=0 yolo_in=0 yolo_match3d=0 yolo_match_det=0 yolo_human=0 fixed_size=0 size_reject=0
[lvdot_detector_main-7] [INFO] [1776955514.738848814] [lvdot_detector_node]: Input health: depth=10 color=14 lidar=9 pose=47 odom=47 yolo=11 depth_pose_sync=0 lidar_pose_sync=0 depth_odom_sync=0 lidar_odom_sync=0
[lvdot_detector_main-7] [INFO] [1776955514.738919520] [lvdot_detector_node]: Stage timers: detection=133 lidar_detection=128 tracking=242 classification=242 vis=238
[lvdot_detector_main-7] [INFO] [1776955514.738931829] [lvdot_detector_node]: Processing phases: detection=run_core lidar_detection=run_lidar_detector/dbscan tracking=waiting_new_filtered_update classification=waiting_new_tracking_update
[lvdot_detector_main-7] [INFO] [1776955514.738950736] [lvdot_detector_node]: Pipeline stats: depth_samples=1460/71300 u_map=3 depth_boxes=0 u_map_merge=0 u_map_db=0 u_map_visual=0 u_map_fused=0 u_map_filtered=0 lidar_samples=3236/119369 uv=2 db=8 lidar=10 fused=12 filtered=12 tracks=12 dynamic=0 dyn_points=0 raw_dyn_points=0 service=0/0 split=12->0 (12 outputs) fusion_components=12 visual_only=2 lidar_only=10 yolo_in=0 yolo_match3d=0 yolo_match_det=0 yolo_human=0 fixed_size=0 size_reject=0
[lvdot_detector_main-7] [INFO] [1776955520.746782187] [lvdot_detector_node]: Input health: depth=31 color=34 lidar=26 pose=95 odom=95 yolo=28 depth_pose_sync=0 lidar_pose_sync=0 depth_odom_sync=0 lidar_odom_sync=0
[lvdot_detector_main-7] [INFO] [1776955520.746859705] [lvdot_detector_node]: Stage timers: detection=140 lidar_detection=130 tracking=420 classification=420 vis=410
[lvdot_detector_main-7] [INFO] [1776955520.746871510] [lvdot_detector_node]: Processing phases: detection=run_core lidar_detection=run_lidar_detector/dbscan tracking=waiting_new_filtered_update classification=run_core
[lvdot_detector_main-7] [INFO] [1776955520.746881642] [lvdot_detector_node]: Pipeline stats: depth_samples=1272/71300 u_map=5 depth_boxes=0 u_map_merge=0 u_map_db=0 u_map_visual=0 u_map_fused=0 u_map_filtered=0 lidar_samples=3081/125688 uv=1 db=12 lidar=19 fused=20 filtered=21 tracks=21 dynamic=0 dyn_points=0 raw_dyn_points=0 service=0/0 split=20->1 (21 outputs) fusion_components=20 visual_only=1 lidar_only=19 yolo_in=3 yolo_match3d=1 yolo_match_det=3 yolo_human=2 fixed_size=0 size_reject=0
[lvdot_detector_main-7] [INFO] [1776955527.266457313] [lvdot_detector_node]: Input health: depth=60 color=53 lidar=47 pose=143 odom=143 yolo=45 depth_pose_sync=0 lidar_pose_sync=0 depth_odom_sync=0 lidar_odom_sync=0
[lvdot_detector_main-7] [INFO] [1776955527.266530704] [lvdot_detector_node]: Stage timers: detection=147 lidar_detection=132 tracking=596 classification=591 vis=568
[lvdot_detector_main-7] [INFO] [1776955527.266541639] [lvdot_detector_node]: Processing phases: detection=run_core lidar_detection=run_lidar_detector/cluster_convert tracking=waiting_new_filtered_update classification=waiting_new_tracking_update
[lvdot_detector_main-7] [INFO] [1776955527.266561833] [lvdot_detector_node]: Pipeline stats: depth_samples=1536/71300 u_map=0 depth_boxes=0 u_map_merge=0 u_map_db=0 u_map_visual=0 u_map_fused=0 u_map_filtered=0 lidar_samples=3471/125510 uv=0 db=9 lidar=64 fused=64 filtered=64 tracks=64 dynamic=0 dyn_points=0 raw_dyn_points=0 service=0/0 split=64->0 (64 outputs) fusion_components=64 visual_only=0 lidar_only=64 yolo_in=0 yolo_match3d=0 yolo_match_det=0 yolo_human=0 fixed_size=0 size_reject=0
[lvdot_detector_main-7] [INFO] [1776955533.255222749] [lvdot_detector_node]: Input health: depth=78 color=72 lidar=66 pose=191 odom=191 yolo=64 depth_pose_sync=0 lidar_pose_sync=0 depth_odom_sync=0 lidar_odom_sync=0
[lvdot_detector_main-7] [INFO] [1776955533.255298209] [lvdot_detector_node]: Stage timers: detection=154 lidar_detection=135 tracking=776 classification=772 vis=746
[lvdot_detector_main-7] [INFO] [1776955533.255311114] [lvdot_detector_node]: Processing phases: detection=run_core lidar_detection=run_lidar_detector/dbscan tracking=waiting_new_filtered_update classification=waiting_new_tracking_update
[lvdot_detector_main-7] [INFO] [1776955533.255321359] [lvdot_detector_node]: Pipeline stats: depth_samples=1485/71300 u_map=3 depth_boxes=0 u_map_merge=0 u_map_db=0 u_map_visual=0 u_map_fused=0 u_map_filtered=0 lidar_samples=3353/123562 uv=2 db=7 lidar=18 fused=6 filtered=6 tracks=6 dynamic=0 dyn_points=0 raw_dyn_points=0 service=0/0 split=6->1 (6 outputs) fusion_components=6 visual_only=2 lidar_only=4 yolo_in=2 yolo_match3d=1 yolo_match_det=2 yolo_human=0 fixed_size=0 size_reject=0
[lvdot_detector_main-7] [INFO] [1776955539.260322964] [lvdot_detector_node]: Input health: depth=100 color=93 lidar=87 pose=239 odom=239 yolo=82 depth_pose_sync=0 lidar_pose_sync=0 depth_odom_sync=0 lidar_odom_sync=0
[lvdot_detector_main-7] [INFO] [1776955539.260417165] [lvdot_detector_node]: Stage timers: detection=161 lidar_detection=137 tracking=954 classification=942 vis=906
[lvdot_detector_main-7] [INFO] [1776955539.260434552] [lvdot_detector_node]: Processing phases: detection=run_core lidar_detection=run_lidar_detector/dbscan tracking=waiting_new_filtered_update classification=waiting_new_tracking_update
[lvdot_detector_main-7] [INFO] [1776955539.260444374] [lvdot_detector_node]: Pipeline stats: depth_samples=1272/71300 u_map=2 depth_boxes=0 u_map_merge=0 u_map_db=0 u_map_visual=0 u_map_fused=0 u_map_filtered=0 lidar_samples=3046/143754 uv=0 db=9 lidar=21 fused=21 filtered=21 tracks=21 dynamic=0 dyn_points=0 raw_dyn_points=0 service=0/0 split=21->0 (21 outputs) fusion_components=21 visual_only=0 lidar_only=21 yolo_in=1 yolo_match3d=0 yolo_match_det=0 yolo_human=0 fixed_size=0 size_reject=0
[lvdot_detector_main-7] [INFO] [1776955545.254674671] [lvdot_detector_node]: Input health: depth=129 color=119 lidar=108 pose=287 odom=287 yolo=104 depth_pose_sync=0 lidar_pose_sync=0 depth_odom_sync=0 lidar_odom_sync=0
[lvdot_detector_main-7] [INFO] [1776955545.254757516] [lvdot_detector_node]: Stage timers: detection=169 lidar_detection=140 tracking=1136 classification=1123 vis=1081
[lvdot_detector_main-7] [INFO] [1776955545.254767663] [lvdot_detector_node]: Processing phases: detection=run_core lidar_detection=run_lidar_detector/dbscan tracking=waiting_new_filtered_update classification=waiting_new_tracking_update
[lvdot_detector_main-7] [INFO] [1776955545.254775740] [lvdot_detector_node]: Pipeline stats: depth_samples=1536/71300 u_map=0 depth_boxes=0 u_map_merge=0 u_map_db=0 u_map_visual=0 u_map_fused=0 u_map_filtered=0 lidar_samples=3339/107942 uv=0 db=9 lidar=2 fused=8 filtered=8 tracks=8 dynamic=0 dyn_points=0 raw_dyn_points=0 service=0/0 split=8->0 (8 outputs) fusion_components=8 visual_only=0 lidar_only=8 yolo_in=0 yolo_match3d=0 yolo_match_det=0 yolo_human=0 fixed_size=0 size_reject=0
[lvdot_detector_main-7] [INFO] [1776955551.256438891] [lvdot_detector_node]: Input health: depth=148 color=139 lidar=129 pose=335 odom=335 yolo=123 depth_pose_sync=0 lidar_pose_sync=0 depth_odom_sync=0 lidar_odom_sync=0
[lvdot_detector_main-7] [INFO] [1776955551.256536524] [lvdot_detector_node]: Stage timers: detection=176 lidar_detection=142 tracking=1317 classification=1305 vis=1260
[lvdot_detector_main-7] [INFO] [1776955551.256551174] [lvdot_detector_node]: Processing phases: detection=run_core lidar_detection=run_lidar_detector/dbscan tracking=waiting_new_filtered_update classification=waiting_new_tracking_update
[lvdot_detector_main-7] [INFO] [1776955551.256562285] [lvdot_detector_node]: Pipeline stats: depth_samples=1475/71300 u_map=4 depth_boxes=0 u_map_merge=0 u_map_db=0 u_map_visual=0 u_map_fused=0 u_map_filtered=0 lidar_samples=3403/121667 uv=1 db=12 lidar=21 fused=22 filtered=22 tracks=22 dynamic=2 dyn_points=25 raw_dyn_points=276 service=0/0 split=22->1 (22 outputs) fusion_components=22 visual_only=1 lidar_only=21 yolo_in=5 yolo_match3d=4 yolo_match_det=5 yolo_human=4 fixed_size=0 size_reject=2
[lvdot_detector_main-7] [INFO] [1776955557.270243135] [lvdot_detector_node]: Input health: depth=165 color=156 lidar=147 pose=383 odom=383 yolo=137 depth_pose_sync=0 lidar_pose_sync=0 depth_odom_sync=0 lidar_odom_sync=0
[lvdot_detector_main-7] [INFO] [1776955557.270363579] [lvdot_detector_node]: Stage timers: detection=184 lidar_detection=145 tracking=1495 classification=1482 vis=1409
[lvdot_detector_main-7] [INFO] [1776955557.270408512] [lvdot_detector_node]: Processing phases: detection=run_core lidar_detection=run_lidar_detector/project tracking=waiting_new_filtered_update classification=idle
[lvdot_detector_main-7] [INFO] [1776955557.270448726] [lvdot_detector_node]: Pipeline stats: depth_samples=1380/71300 u_map=3 depth_boxes=0 u_map_merge=0 u_map_db=0 u_map_visual=0 u_map_fused=0 u_map_filtered=0 lidar_samples=2646/197590 uv=0 db=13 lidar=4 fused=56 filtered=56 tracks=56 dynamic=0 dyn_points=0 raw_dyn_points=0 service=0/0 split=56->0 (56 outputs) fusion_components=56 visual_only=0 lidar_only=56 yolo_in=1 yolo_match3d=0 yolo_match_det=0 yolo_human=0 fixed_size=0 size_reject=0
[lvdot_detector_main-7] [INFO] [1776955563.254684002] [lvdot_detector_node]: Input health: depth=190 color=181 lidar=168 pose=431 odom=431 yolo=155 depth_pose_sync=0 lidar_pose_sync=0 depth_odom_sync=0 lidar_odom_sync=0
[lvdot_detector_main-7] [INFO] [1776955563.254747687] [lvdot_detector_node]: Stage timers: detection=191 lidar_detection=147 tracking=1675 classification=1664 vis=1568
[lvdot_detector_main-7] [INFO] [1776955563.254758810] [lvdot_detector_node]: Processing phases: detection=run_core lidar_detection=run_lidar_detector/dbscan tracking=waiting_new_filtered_update classification=waiting_new_tracking_update
[lvdot_detector_main-7] [INFO] [1776955563.254768259] [lvdot_detector_node]: Pipeline stats: depth_samples=1510/71300 u_map=0 depth_boxes=0 u_map_merge=0 u_map_db=0 u_map_visual=0 u_map_fused=0 u_map_filtered=0 lidar_samples=3373/107918 uv=0 db=7 lidar=6 fused=6 filtered=6 tracks=6 dynamic=0 dyn_points=0 raw_dyn_points=0 service=0/0 split=6->0 (6 outputs) fusion_components=6 visual_only=0 lidar_only=6 yolo_in=0 yolo_match3d=0 yolo_match_det=0 yolo_human=0 fixed_size=0 size_reject=0
[lvdot_detector_main-7] [INFO] [1776955570.034828425] [lvdot_detector_node]: Input health: depth=204 color=200 lidar=182 pose=479 odom=479 yolo=174 depth_pose_sync=0 lidar_pose_sync=0 depth_odom_sync=0 lidar_odom_sync=0
[lvdot_detector_main-7] [INFO] [1776955570.034900046] [lvdot_detector_node]: Stage timers: detection=198 lidar_detection=149 tracking=1856 classification=1845 vis=1737
[lvdot_detector_main-7] [INFO] [1776955570.034915295] [lvdot_detector_node]: Processing phases: detection=run_core lidar_detection=run_lidar_detector/dbscan tracking=waiting_new_filtered_update classification=waiting_new_tracking_update
[lvdot_detector_main-7] [INFO] [1776955570.034926805] [lvdot_detector_node]: Pipeline stats: depth_samples=1379/71300 u_map=4 depth_boxes=0 u_map_merge=0 u_map_db=0 u_map_visual=0 u_map_fused=0 u_map_filtered=0 lidar_samples=3152/139485 uv=3 db=9 lidar=17 fused=20 filtered=20 tracks=20 dynamic=1 dyn_points=75 raw_dyn_points=0 service=0/0 split=20->1 (20 outputs) fusion_components=20 visual_only=3 lidar_only=17 yolo_in=2 yolo_match3d=1 yolo_match_det=2 yolo_human=1 fixed_size=0 size_reject=0
[lvdot_detector_main-7] [INFO] [1776955576.046995567] [lvdot_detector_node]: Input health: depth=225 color=217 lidar=194 pose=527 odom=527 yolo=188 depth_pose_sync=0 lidar_pose_sync=0 depth_odom_sync=0 lidar_odom_sync=0
[lvdot_detector_main-7] [INFO] [1776955576.047649804] [lvdot_detector_node]: Stage timers: detection=205 lidar_detection=151 tracking=2026 classification=2009 vis=1882
[lvdot_detector_main-7] [INFO] [1776955576.047666061] [lvdot_detector_node]: Processing phases: detection=run_core lidar_detection=run_lidar_detector/dbscan tracking=waiting_new_filtered_update classification=waiting_new_tracking_update
[lvdot_detector_main-7] [INFO] [1776955576.047675224] [lvdot_detector_node]: Pipeline stats: depth_samples=1529/71300 u_map=2 depth_boxes=0 u_map_merge=0 u_map_db=0 u_map_visual=0 u_map_fused=0 u_map_filtered=0 lidar_samples=3431/161758 uv=1 db=17 lidar=21 fused=22 filtered=22 tracks=22 dynamic=0 dyn_points=0 raw_dyn_points=0 service=0/0 split=22->0 (22 outputs) fusion_components=22 visual_only=1 lidar_only=21 yolo_in=1 yolo_match3d=0 yolo_match_det=0 yolo_human=0 fixed_size=0 size_reject=0
[lvdot_detector_main-7] [INFO] [1776955582.034738118] [lvdot_detector_node]: Input health: depth=252 color=237 lidar=207 pose=575 odom=575 yolo=205 depth_pose_sync=0 lidar_pose_sync=0 depth_odom_sync=0 lidar_odom_sync=0
[lvdot_detector_main-7] [INFO] [1776955582.034838519] [lvdot_detector_node]: Stage timers: detection=212 lidar_detection=154 tracking=2206 classification=2189 vis=2050
[lvdot_detector_main-7] [INFO] [1776955582.034859703] [lvdot_detector_node]: Processing phases: detection=run_core lidar_detection=run_lidar_detector/project tracking=waiting_new_filtered_update classification=waiting_new_tracking_update
[lvdot_detector_main-7] [INFO] [1776955582.034875271] [lvdot_detector_node]: Pipeline stats: depth_samples=1590/71300 u_map=3 depth_boxes=0 u_map_merge=0 u_map_db=0 u_map_visual=0 u_map_fused=0 u_map_filtered=0 lidar_samples=3368/107972 uv=0 db=11 lidar=5 fused=74 filtered=74 tracks=74 dynamic=0 dyn_points=0 raw_dyn_points=0 service=0/0 split=74->0 (74 outputs) fusion_components=74 visual_only=0 lidar_only=74 yolo_in=0 yolo_match3d=0 yolo_match_det=0 yolo_human=0 fixed_size=0 size_reject=0
[lvdot_detector_main-7] [INFO] [1776955588.043364069] [lvdot_detector_node]: Input health: depth=270 color=253 lidar=227 pose=623 odom=623 yolo=223 depth_pose_sync=0 lidar_pose_sync=0 depth_odom_sync=0 lidar_odom_sync=0
[lvdot_detector_main-7] [INFO] [1776955588.043441322] [lvdot_detector_node]: Stage timers: detection=219 lidar_detection=156 tracking=2387 classification=2371 vis=2225
[lvdot_detector_main-7] [INFO] [1776955588.043455065] [lvdot_detector_node]: Processing phases: detection=run_core lidar_detection=run_lidar_detector/dbscan tracking=waiting_new_filtered_update classification=waiting_new_tracking_update
[lvdot_detector_main-7] [INFO] [1776955588.043464292] [lvdot_detector_node]: Pipeline stats: depth_samples=1555/71300 u_map=3 depth_boxes=0 u_map_merge=0 u_map_db=0 u_map_visual=0 u_map_fused=0 u_map_filtered=0 lidar_samples=3419/139017 uv=0 db=7 lidar=71 fused=14 filtered=14 tracks=14 dynamic=0 dyn_points=0 raw_dyn_points=0 service=0/0 split=14->0 (14 outputs) fusion_components=14 visual_only=0 lidar_only=14 yolo_in=2 yolo_match3d=0 yolo_match_det=0 yolo_human=0 fixed_size=0 size_reject=0
[lvdot_detector_main-7] [INFO] [1776955594.054140716] [lvdot_detector_node]: Input health: depth=293 color=273 lidar=243 pose=671 odom=671 yolo=240 depth_pose_sync=0 lidar_pose_sync=0 depth_odom_sync=0 lidar_odom_sync=0
[lvdot_detector_main-7] [INFO] [1776955594.054200791] [lvdot_detector_node]: Stage timers: detection=226 lidar_detection=158 tracking=2568 classification=2551 vis=2381
[lvdot_detector_main-7] [INFO] [1776955594.054215367] [lvdot_detector_node]: Processing phases: detection=run_core lidar_detection=run_lidar_detector/dbscan tracking=waiting_new_filtered_update classification=waiting_new_tracking_update
[lvdot_detector_main-7] [INFO] [1776955594.054228071] [lvdot_detector_node]: Pipeline stats: depth_samples=1510/71300 u_map=2 depth_boxes=0 u_map_merge=0 u_map_db=0 u_map_visual=0 u_map_fused=0 u_map_filtered=0 lidar_samples=3210/129063 uv=2 db=15 lidar=18 fused=20 filtered=20 tracks=20 dynamic=0 dyn_points=0 raw_dyn_points=0 service=0/0 split=20->0 (20 outputs) fusion_components=20 visual_only=2 lidar_only=18 yolo_in=2 yolo_match3d=1 yolo_match_det=1 yolo_human=1 fixed_size=0 size_reject=1
[lvdot_detector_main-7] [INFO] [1776955600.038494339] [lvdot_detector_node]: Input health: depth=316 color=296 lidar=259 pose=719 odom=719 yolo=255 depth_pose_sync=0 lidar_pose_sync=0 depth_odom_sync=0 lidar_odom_sync=0
[lvdot_detector_main-7] [INFO] [1776955600.038563668] [lvdot_detector_node]: Stage timers: detection=234 lidar_detection=161 tracking=2744 classification=2726 vis=2551
[lvdot_detector_main-7] [INFO] [1776955600.038574583] [lvdot_detector_node]: Processing phases: detection=run_core lidar_detection=run_lidar_detector/project tracking=waiting_new_filtered_update classification=waiting_new_tracking_update
[lvdot_detector_main-7] [INFO] [1776955600.038583630] [lvdot_detector_node]: Pipeline stats: depth_samples=1615/71300 u_map=3 depth_boxes=0 u_map_merge=0 u_map_db=0 u_map_visual=0 u_map_fused=0 u_map_filtered=0 lidar_samples=3409/107998 uv=1 db=9 lidar=3 fused=69 filtered=69 tracks=69 dynamic=0 dyn_points=0 raw_dyn_points=0 service=0/0 split=69->0 (69 outputs) fusion_components=69 visual_only=1 lidar_only=68 yolo_in=3 yolo_match3d=1 yolo_match_det=1 yolo_human=1 fixed_size=0 size_reject=1
[lvdot_detector_main-7] [INFO] [1776955606.575861331] [lvdot_detector_node]: Input health: depth=330 color=313 lidar=272 pose=768 odom=768 yolo=271 depth_pose_sync=0 lidar_pose_sync=0 depth_odom_sync=0 lidar_odom_sync=0
[lvdot_detector_main-7] [INFO] [1776955606.575943050] [lvdot_detector_node]: Stage timers: detection=241 lidar_detection=163 tracking=2926 classification=2908 vis=2723
[lvdot_detector_main-7] [INFO] [1776955606.575958981] [lvdot_detector_node]: Processing phases: detection=run_core lidar_detection=run_lidar_detector/dbscan tracking=waiting_new_filtered_update classification=waiting_new_tracking_update
[lvdot_detector_main-7] [INFO] [1776955606.575971175] [lvdot_detector_node]: Pipeline stats: depth_samples=1751/71300 u_map=3 depth_boxes=0 u_map_merge=0 u_map_db=0 u_map_visual=0 u_map_fused=0 u_map_filtered=0 lidar_samples=3354/124144 uv=0 db=12 lidar=17 fused=17 filtered=17 tracks=17 dynamic=1 dyn_points=91 raw_dyn_points=987 service=0/0 split=17->0 (17 outputs) fusion_components=17 visual_only=0 lidar_only=17 yolo_in=2 yolo_match3d=1 yolo_match_det=1 yolo_human=1 fixed_size=0 size_reject=0
[lvdot_detector_main-7] [INFO] [1776955612.574089637] [lvdot_detector_node]: Input health: depth=349 color=328 lidar=285 pose=816 odom=816 yolo=283 depth_pose_sync=0 lidar_pose_sync=0 depth_odom_sync=0 lidar_odom_sync=0
[lvdot_detector_main-7] [INFO] [1776955612.574213851] [lvdot_detector_node]: Stage timers: detection=248 lidar_detection=165 tracking=3104 classification=3086 vis=2881
[lvdot_detector_main-7] [INFO] [1776955612.574226361] [lvdot_detector_node]: Processing phases: detection=run_core lidar_detection=run_lidar_detector/dbscan tracking=waiting_new_filtered_update classification=waiting_new_tracking_update
[lvdot_detector_main-7] [INFO] [1776955612.574235325] [lvdot_detector_node]: Pipeline stats: depth_samples=1368/71300 u_map=2 depth_boxes=0 u_map_merge=0 u_map_db=0 u_map_visual=0 u_map_fused=0 u_map_filtered=0 lidar_samples=3201/125266 uv=1 db=9 lidar=20 fused=21 filtered=21 tracks=21 dynamic=0 dyn_points=0 raw_dyn_points=0 service=0/0 split=21->0 (21 outputs) fusion_components=21 visual_only=1 lidar_only=20 yolo_in=1 yolo_match3d=0 yolo_match_det=0 yolo_human=0 fixed_size=0 size_reject=0
[lvdot_detector_main-7] [INFO] [1776955618.573652346] [lvdot_detector_node]: Input health: depth=361 color=347 lidar=296 pose=864 odom=864 yolo=296 depth_pose_sync=0 lidar_pose_sync=0 depth_odom_sync=0 lidar_odom_sync=0
[lvdot_detector_main-7] [INFO] [1776955618.573725125] [lvdot_detector_node]: Stage timers: detection=255 lidar_detection=168 tracking=3285 classification=3266 vis=3045
[lvdot_detector_main-7] [INFO] [1776955618.573739760] [lvdot_detector_node]: Processing phases: detection=run_core lidar_detection=run_lidar_detector/project tracking=waiting_new_filtered_update classification=waiting_new_tracking_update
[lvdot_detector_main-7] [INFO] [1776955618.573751546] [lvdot_detector_node]: Pipeline stats: depth_samples=1631/71300 u_map=3 depth_boxes=0 u_map_merge=0 u_map_db=0 u_map_visual=0 u_map_fused=0 u_map_filtered=0 lidar_samples=3422/107907 uv=0 db=9 lidar=4 fused=4 filtered=4 tracks=4 dynamic=0 dyn_points=0 raw_dyn_points=0 service=0/0 split=4->0 (4 outputs) fusion_components=4 visual_only=0 lidar_only=4 yolo_in=0 yolo_match3d=0 yolo_match_det=0 yolo_human=0 fixed_size=0 size_reject=0
[lvdot_detector_main-7] [INFO] [1776955624.571839403] [lvdot_detector_node]: Input health: depth=373 color=362 lidar=313 pose=908 odom=908 yolo=310 depth_pose_sync=0 lidar_pose_sync=0 depth_odom_sync=0 lidar_odom_sync=0
[lvdot_detector_main-7] [INFO] [1776955624.571993659] [lvdot_detector_node]: Stage timers: detection=261 lidar_detection=170 tracking=3466 classification=3446 vis=3220
[lvdot_detector_main-7] [INFO] [1776955624.572022306] [lvdot_detector_node]: Processing phases: detection=run_core lidar_detection=run_lidar_detector/dbscan tracking=waiting_new_filtered_update classification=waiting_new_tracking_update
[lvdot_detector_main-7] [INFO] [1776955624.572042092] [lvdot_detector_node]: Pipeline stats: depth_samples=1511/71300 u_map=3 depth_boxes=0 u_map_merge=0 u_map_db=0 u_map_visual=0 u_map_fused=0 u_map_filtered=0 lidar_samples=3211/126529 uv=0 db=11 lidar=20 fused=19 filtered=19 tracks=19 dynamic=0 dyn_points=0 raw_dyn_points=0 service=0/0 split=19->0 (19 outputs) fusion_components=19 visual_only=0 lidar_only=19 yolo_in=4 yolo_match3d=0 yolo_match_det=0 yolo_human=0 fixed_size=0 size_reject=0
[lvdot_detector_main-7] [INFO] [1776955630.572835032] [lvdot_detector_node]: Input health: depth=389 color=378 lidar=322 pose=956 odom=956 yolo=321 depth_pose_sync=0 lidar_pose_sync=0 depth_odom_sync=0 lidar_odom_sync=0
[lvdot_detector_main-7] [INFO] [1776955630.573827019] [lvdot_detector_node]: Stage timers: detection=269 lidar_detection=172 tracking=3644 classification=3623 vis=3360
[lvdot_detector_main-7] [INFO] [1776955630.573856846] [lvdot_detector_node]: Processing phases: detection=run_core lidar_detection=run_lidar_detector/dbscan tracking=waiting_new_filtered_update classification=waiting_new_tracking_update
[lvdot_detector_main-7] [INFO] [1776955630.573872104] [lvdot_detector_node]: Pipeline stats: depth_samples=1419/71300 u_map=1 depth_boxes=0 u_map_merge=0 u_map_db=0 u_map_visual=0 u_map_fused=0 u_map_filtered=0 lidar_samples=3361/172010 uv=1 db=11 lidar=25 fused=26 filtered=26 tracks=26 dynamic=0 dyn_points=0 raw_dyn_points=0 service=0/0 split=26->0 (26 outputs) fusion_components=26 visual_only=1 lidar_only=25 yolo_in=0 yolo_match3d=0 yolo_match_det=0 yolo_human=0 fixed_size=0 size_reject=0
[lvdot_detector_main-7] [INFO] [1776955636.571894282] [lvdot_detector_node]: Input health: depth=408 color=393 lidar=330 pose=1003 odom=1003 yolo=334 depth_pose_sync=0 lidar_pose_sync=0 depth_odom_sync=0 lidar_odom_sync=0
[lvdot_detector_main-7] [INFO] [1776955636.571987905] [lvdot_detector_node]: Stage timers: detection=275 lidar_detection=174 tracking=3823 classification=3804 vis=3521
[lvdot_detector_main-7] [INFO] [1776955636.572006394] [lvdot_detector_node]: Processing phases: detection=run_filter lidar_detection=run_lidar_detector/dbscan tracking=waiting_new_filtered_update classification=waiting_new_tracking_update
[lvdot_detector_main-7] [INFO] [1776955636.572019179] [lvdot_detector_node]: Pipeline stats: depth_samples=1510/71300 u_map=0 depth_boxes=0 u_map_merge=0 u_map_db=0 u_map_visual=0 u_map_fused=0 u_map_filtered=0 lidar_samples=3366/139283 uv=0 db=7 lidar=52 fused=52 filtered=52 tracks=52 dynamic=0 dyn_points=0 raw_dyn_points=0 service=0/0 split=52->0 (52 outputs) fusion_components=52 visual_only=0 lidar_only=52 yolo_in=0 yolo_match3d=0 yolo_match_det=0 yolo_human=0 fixed_size=0 size_reject=0
[lvdot_detector_main-7] [INFO] [1776955642.572226876] [lvdot_detector_node]: Input health: depth=420 color=404 lidar=341 pose=1051 odom=1051 yolo=345 depth_pose_sync=0 lidar_pose_sync=0 depth_odom_sync=0 lidar_odom_sync=0
[lvdot_detector_main-7] [INFO] [1776955642.572392357] [lvdot_detector_node]: Stage timers: detection=283 lidar_detection=176 tracking=4004 classification=3984 vis=3681
[lvdot_detector_main-7] [INFO] [1776955642.572414789] [lvdot_detector_node]: Processing phases: detection=run_core lidar_detection=run_lidar_detector/dbscan tracking=waiting_new_filtered_update classification=waiting_new_tracking_update
[lvdot_detector_main-7] [INFO] [1776955642.572424922] [lvdot_detector_node]: Pipeline stats: depth_samples=1306/71300 u_map=3 depth_boxes=0 u_map_merge=0 u_map_db=0 u_map_visual=0 u_map_fused=0 u_map_filtered=0 lidar_samples=3226/175459 uv=0 db=9 lidar=18 fused=18 filtered=18 tracks=18 dynamic=0 dyn_points=0 raw_dyn_points=0 service=0/0 split=18->0 (18 outputs) fusion_components=18 visual_only=0 lidar_only=18 yolo_in=3 yolo_match3d=0 yolo_match_det=0 yolo_human=0 fixed_size=0 size_reject=0
[lvdot_detector_main-7] [INFO] [1776955648.576021917] [lvdot_detector_node]: Input health: depth=433 color=419 lidar=344 pose=1098 odom=1098 yolo=354 depth_pose_sync=0 lidar_pose_sync=0 depth_odom_sync=0 lidar_odom_sync=0
[lvdot_detector_main-7] [INFO] [1776955648.576100122] [lvdot_detector_node]: Stage timers: detection=290 lidar_detection=178 tracking=4184 classification=4166 vis=3825
[lvdot_detector_main-7] [INFO] [1776955648.576116156] [lvdot_detector_node]: Processing phases: detection=run_core lidar_detection=run_lidar_detector/dbscan tracking=waiting_new_filtered_update classification=waiting_new_tracking_update
[lvdot_detector_main-7] [INFO] [1776955648.576128551] [lvdot_detector_node]: Pipeline stats: depth_samples=1323/71300 u_map=1 depth_boxes=0 u_map_merge=0 u_map_db=0 u_map_visual=0 u_map_fused=0 u_map_filtered=0 lidar_samples=3058/134121 uv=1 db=10 lidar=12 fused=13 filtered=13 tracks=13 dynamic=0 dyn_points=0 raw_dyn_points=0 service=0/0 split=13->0 (13 outputs) fusion_components=13 visual_only=1 lidar_only=12 yolo_in=1 yolo_match3d=1 yolo_match_det=1 yolo_human=1 fixed_size=0 size_reject=1
[lvdot_detector_main-7] [INFO] [1776955654.464167840] [lvdot_detector_node]: get_dynamic_obstacles responded with 0 obstacles from 0 tracked dynamic boxes.
