[INFO] [launch]: All log files can be found below /home/skbt2/.ros/log/2026-04-23-18-22-34-287803-DESKTOP-90MQDL6-59631
[INFO] [launch]: Default logging verbosity is set to INFO
[INFO] [gazebo-1]: process started with pid [59669]
[INFO] [parameter_bridge-2]: process started with pid [59670]
[INFO] [pedestrian_state_publisher-3]: process started with pid [59671]
[INFO] [uav_trajectory_controller-4]: process started with pid [59672]
[INFO] [image_pointcloud_relay-5]: process started with pid [59673]
[INFO] [lvdot_yolo_node-6]: process started with pid [59674]
[INFO] [lvdot_detector_main-7]: process started with pid [59675]
[parameter_bridge-2] [INFO] [1776939754.529571422] [ros_gz_bridge]: Creating GZ->ROS Bridge: [/rgbd_camera/image (gz.msgs.Image) -> /rgbd_camera/image (sensor_msgs/msg/Image)] (Lazy 0)
[parameter_bridge-2] [INFO] [1776939754.535096272] [ros_gz_bridge]: Creating GZ->ROS Bridge: [/rgbd_camera/camera_info (gz.msgs.CameraInfo) -> /rgbd_camera/camera_info (sensor_msgs/msg/CameraInfo)] (Lazy 0)
[parameter_bridge-2] [INFO] [1776939754.536507806] [ros_gz_bridge]: Creating GZ->ROS Bridge: [/rgbd_camera/depth_image (gz.msgs.Image) -> /rgbd_camera/depth_image (sensor_msgs/msg/Image)] (Lazy 0)
[parameter_bridge-2] [INFO] [1776939754.537354527] [ros_gz_bridge]: Creating GZ->ROS Bridge: [/rgbd_camera/points (gz.msgs.PointCloudPacked) -> /rgbd_camera/points (sensor_msgs/msg/PointCloud2)] (Lazy 0)
[parameter_bridge-2] [INFO] [1776939754.538483554] [ros_gz_bridge]: Creating GZ->ROS Bridge: [/camera/imu (gz.msgs.IMU) -> /camera/imu (sensor_msgs/msg/Imu)] (Lazy 0)
[parameter_bridge-2] [INFO] [1776939754.539657415] [ros_gz_bridge]: Creating ROS->GZ service bridge [/world/pedestrian_prototype/set_pose (ros_gz_interfaces/srv/SetEntityPose -> /)]
[parameter_bridge-2] [INFO] [1776939754.541456233] [ros_gz_bridge]: Creating ROS->GZ service bridge [/world/pedestrian_prototype/set_pose/blocking (ros_gz_interfaces/srv/SetEntityPose -> /)]
[lvdot_detector_main-7] [INFO] [1776939754.757082176] [lvdot_detector_node]: Config loaded: localization_mode=0 dt=0.033 image=640x480 depth_range=[0.20, 12.00] stage_timers=true
[lvdot_detector_main-7] [INFO] [1776939754.801093034] [lvdot_detector_node]: LV-DOT ROS2 skeleton started. depth=/camera/depth/image_rect_raw color=/camera/color/image_raw lidar=/rgbd_camera/points pose=/mavros/local_position/pose odom=/mavros/local_position/odom yolo=/yolo_detector/detected_bounding_boxes
[gazebo-1] [INFO] [1776939755.621254215] [pedestrian_pose_sync_system]: Configured pedestrian pose sync plugin on topic [/pedestrian_sim/agent_states] for 8 models.
[uav_trajectory_controller-4] [WARN] [1776939756.435541153] [uav_trajectory_controller]: SetEntityPose request timed out after 0.62s on /world/pedestrian_prototype/set_pose/blocking; dropping the pending request and retrying.
[uav_trajectory_controller-4] [WARN] [1776939756.436289482] [uav_trajectory_controller]: Falling back from /world/pedestrian_prototype/set_pose/blocking to /world/pedestrian_prototype/set_pose.
[lvdot_detector_main-7] [INFO] [1776939756.801526997] [lvdot_detector_node]: Input health: depth=0 color=0 lidar=0 pose=2 odom=2 yolo=0 depth_pose_sync=0 lidar_pose_sync=0 depth_odom_sync=0 lidar_odom_sync=0
[lvdot_detector_main-7] [INFO] [1776939756.801678504] [lvdot_detector_node]: Stage timers: detection=60 lidar_detection=60 tracking=60 classification=60 vis=60
[lvdot_detector_main-7] [INFO] [1776939756.801700419] [lvdot_detector_node]: Processing phases: detection=waiting_depth lidar_detection=waiting_new_lidar tracking=waiting_filtered_bboxes classification=idle
[lvdot_detector_main-7] [INFO] [1776939756.801709025] [lvdot_detector_node]: Pipeline stats: depth_samples=0/0 u_map=0 depth_boxes=0 u_map_merge=0 u_map_db=0 u_map_visual=0 u_map_fused=0 u_map_filtered=0 lidar_samples=0/0 uv=0 db=0 lidar=0 fused=0 filtered=0 tracks=0 dynamic=0 dyn_points=0 raw_dyn_points=0 service=0/0 split=0->0 (0 outputs) fusion_components=0 visual_only=0 lidar_only=0 fixed_size=0 size_reject=0
[lvdot_detector_main-7] [INFO] [1776939762.801229481] [lvdot_detector_node]: Input health: depth=24 color=23 lidar=25 pose=50 odom=50 yolo=7 depth_pose_sync=0 lidar_pose_sync=0 depth_odom_sync=0 lidar_odom_sync=0
[lvdot_detector_main-7] [INFO] [1776939762.801314613] [lvdot_detector_node]: Stage timers: detection=136 lidar_detection=128 tracking=242 classification=242 vis=240
[lvdot_detector_main-7] [INFO] [1776939762.801325180] [lvdot_detector_node]: Processing phases: detection=run_core lidar_detection=run_lidar_detector/dbscan tracking=waiting_filtered_bboxes classification=idle
[lvdot_detector_main-7] [INFO] [1776939762.801332158] [lvdot_detector_node]: Pipeline stats: depth_samples=190/71300 u_map=2 depth_boxes=0 u_map_merge=0 u_map_db=0 u_map_visual=0 u_map_fused=0 u_map_filtered=0 lidar_samples=3147/121336 uv=0 db=2 lidar=0 fused=0 filtered=0 tracks=0 dynamic=0 dyn_points=0 raw_dyn_points=0 service=0/0 split=0->0 (0 outputs) fusion_components=0 visual_only=0 lidar_only=0 fixed_size=0 size_reject=0
[lvdot_detector_main-7] [INFO] [1776939768.811025453] [lvdot_detector_node]: Input health: depth=56 color=48 lidar=54 pose=98 odom=98 yolo=18 depth_pose_sync=0 lidar_pose_sync=0 depth_odom_sync=0 lidar_odom_sync=0
[lvdot_detector_main-7] [INFO] [1776939768.811120950] [lvdot_detector_node]: Stage timers: detection=148 lidar_detection=131 tracking=424 classification=424 vis=418
[lvdot_detector_main-7] [INFO] [1776939768.811131608] [lvdot_detector_node]: Processing phases: detection=run_core lidar_detection=run_lidar_detector/project tracking=waiting_filtered_bboxes classification=idle
[lvdot_detector_main-7] [INFO] [1776939768.811141082] [lvdot_detector_node]: Pipeline stats: depth_samples=167/71300 u_map=3 depth_boxes=0 u_map_merge=0 u_map_db=0 u_map_visual=0 u_map_fused=0 u_map_filtered=0 lidar_samples=2533/197648 uv=0 db=2 lidar=1 fused=0 filtered=0 tracks=0 dynamic=0 dyn_points=0 raw_dyn_points=0 service=0/0 split=0->0 (0 outputs) fusion_components=0 visual_only=0 lidar_only=0 fixed_size=0 size_reject=0
[lvdot_detector_main-7] [INFO] [1776939774.812600660] [lvdot_detector_node]: Input health: depth=101 color=80 lidar=90 pose=146 odom=146 yolo=29 depth_pose_sync=0 lidar_pose_sync=0 depth_odom_sync=0 lidar_odom_sync=0
[lvdot_detector_main-7] [INFO] [1776939774.812705108] [lvdot_detector_node]: Stage timers: detection=160 lidar_detection=133 tracking=601 classification=589 vis=564
[lvdot_detector_main-7] [INFO] [1776939774.812718028] [lvdot_detector_node]: Processing phases: detection=run_core lidar_detection=run_lidar_detector/dbscan tracking=waiting_filtered_bboxes classification=idle
[lvdot_detector_main-7] [INFO] [1776939774.812728761] [lvdot_detector_node]: Pipeline stats: depth_samples=125/71300 u_map=0 depth_boxes=0 u_map_merge=0 u_map_db=0 u_map_visual=0 u_map_fused=0 u_map_filtered=0 lidar_samples=3378/107799 uv=0 db=2 lidar=0 fused=0 filtered=0 tracks=0 dynamic=0 dyn_points=0 raw_dyn_points=0 service=0/0 split=0->0 (0 outputs) fusion_components=0 visual_only=0 lidar_only=0 fixed_size=0 size_reject=0
[lvdot_detector_main-7] [INFO] [1776939780.801147907] [lvdot_detector_node]: Input health: depth=127 color=103 lidar=118 pose=194 odom=194 yolo=41 depth_pose_sync=0 lidar_pose_sync=0 depth_odom_sync=0 lidar_odom_sync=0
[lvdot_detector_main-7] [INFO] [1776939780.801251856] [lvdot_detector_node]: Stage timers: detection=174 lidar_detection=135 tracking=782 classification=770 vis=744
[lvdot_detector_main-7] [INFO] [1776939780.801270929] [lvdot_detector_node]: Processing phases: detection=run_core lidar_detection=run_lidar_detector/dbscan tracking=waiting_filtered_bboxes classification=idle
[lvdot_detector_main-7] [INFO] [1776939780.801283011] [lvdot_detector_node]: Pipeline stats: depth_samples=245/71300 u_map=5 depth_boxes=0 u_map_merge=0 u_map_db=0 u_map_visual=0 u_map_fused=0 u_map_filtered=0 lidar_samples=3484/118674 uv=0 db=2 lidar=0 fused=0 filtered=0 tracks=0 dynamic=0 dyn_points=0 raw_dyn_points=0 service=0/0 split=0->0 (0 outputs) fusion_components=0 visual_only=0 lidar_only=0 fixed_size=0 size_reject=0
[lvdot_detector_main-7] [INFO] [1776939786.801826195] [lvdot_detector_node]: Input health: depth=163 color=139 lidar=154 pose=241 odom=241 yolo=51 depth_pose_sync=0 lidar_pose_sync=0 depth_odom_sync=0 lidar_odom_sync=0
[lvdot_detector_main-7] [INFO] [1776939786.801893189] [lvdot_detector_node]: Stage timers: detection=186 lidar_detection=138 tracking=964 classification=952 vis=919
[lvdot_detector_main-7] [INFO] [1776939786.801904388] [lvdot_detector_node]: Processing phases: detection=run_core lidar_detection=run_lidar_detector/downsample tracking=waiting_filtered_bboxes classification=idle
[lvdot_detector_main-7] [INFO] [1776939786.801914387] [lvdot_detector_node]: Pipeline stats: depth_samples=110/71300 u_map=2 depth_boxes=0 u_map_merge=0 u_map_db=0 u_map_visual=0 u_map_fused=0 u_map_filtered=0 lidar_samples=2897/182691 uv=0 db=1 lidar=2 fused=0 filtered=0 tracks=0 dynamic=0 dyn_points=0 raw_dyn_points=0 service=0/0 split=0->0 (0 outputs) fusion_components=0 visual_only=0 lidar_only=0 fixed_size=0 size_reject=0
[lvdot_detector_main-7] [INFO] [1776939792.801274363] [lvdot_detector_node]: Input health: depth=210 color=188 lidar=201 pose=290 odom=290 yolo=64 depth_pose_sync=0 lidar_pose_sync=0 depth_odom_sync=0 lidar_odom_sync=0
[lvdot_detector_main-7] [INFO] [1776939792.801366154] [lvdot_detector_node]: Stage timers: detection=200 lidar_detection=140 tracking=1146 classification=1134 vis=1098
[lvdot_detector_main-7] [INFO] [1776939792.801378952] [lvdot_detector_node]: Processing phases: detection=run_core lidar_detection=run_lidar_detector/dbscan tracking=waiting_filtered_bboxes classification=idle
[lvdot_detector_main-7] [INFO] [1776939792.801388851] [lvdot_detector_node]: Pipeline stats: depth_samples=125/71300 u_map=2 depth_boxes=0 u_map_merge=0 u_map_db=0 u_map_visual=0 u_map_fused=0 u_map_filtered=0 lidar_samples=3390/107934 uv=0 db=2 lidar=0 fused=0 filtered=0 tracks=0 dynamic=0 dyn_points=0 raw_dyn_points=0 service=0/0 split=0->0 (0 outputs) fusion_components=0 visual_only=0 lidar_only=0 fixed_size=0 size_reject=0
[lvdot_detector_main-7] [INFO] [1776939798.804477886] [lvdot_detector_node]: Input health: depth=233 color=210 lidar=223 pose=337 odom=337 yolo=75 depth_pose_sync=0 lidar_pose_sync=0 depth_odom_sync=0 lidar_odom_sync=0
[lvdot_detector_main-7] [INFO] [1776939798.804544084] [lvdot_detector_node]: Stage timers: detection=213 lidar_detection=143 tracking=1328 classification=1316 vis=1278
[lvdot_detector_main-7] [INFO] [1776939798.804554983] [lvdot_detector_node]: Processing phases: detection=run_core lidar_detection=run_lidar_detector/downsample tracking=idle classification=idle
[lvdot_detector_main-7] [INFO] [1776939798.804563783] [lvdot_detector_node]: Pipeline stats: depth_samples=245/71300 u_map=6 depth_boxes=0 u_map_merge=0 u_map_db=0 u_map_visual=0 u_map_fused=0 u_map_filtered=0 lidar_samples=3310/132640 uv=0 db=3 lidar=3 fused=3 filtered=3 tracks=3 dynamic=0 dyn_points=0 raw_dyn_points=0 service=0/0 split=3->0 (3 outputs) fusion_components=3 visual_only=0 lidar_only=3 fixed_size=3 size_reject=0
[lvdot_detector_main-7] [INFO] [1776939804.803375590] [lvdot_detector_node]: Input health: depth=258 color=239 lidar=246 pose=386 odom=385 yolo=87 depth_pose_sync=0 lidar_pose_sync=0 depth_odom_sync=0 lidar_odom_sync=0
[lvdot_detector_main-7] [INFO] [1776939804.803469090] [lvdot_detector_node]: Stage timers: detection=224 lidar_detection=145 tracking=1508 classification=1497 vis=1441
[lvdot_detector_main-7] [INFO] [1776939804.803482690] [lvdot_detector_node]: Processing phases: detection=idle lidar_detection=run_lidar_detector/dbscan tracking=idle classification=idle
[lvdot_detector_main-7] [INFO] [1776939804.803492290] [lvdot_detector_node]: Pipeline stats: depth_samples=110/71300 u_map=1 depth_boxes=0 u_map_merge=0 u_map_db=0 u_map_visual=0 u_map_fused=0 u_map_filtered=0 lidar_samples=3418/187527 uv=0 db=1 lidar=1 fused=1 filtered=1 tracks=1 dynamic=0 dyn_points=0 raw_dyn_points=0 service=0/0 split=1->0 (1 outputs) fusion_components=1 visual_only=0 lidar_only=1 fixed_size=1 size_reject=0
[lvdot_detector_main-7] [INFO] [1776939810.801856621] [lvdot_detector_node]: Input health: depth=305 color=289 lidar=298 pose=434 odom=434 yolo=99 depth_pose_sync=0 lidar_pose_sync=0 depth_odom_sync=0 lidar_odom_sync=0
[lvdot_detector_main-7] [INFO] [1776939810.801963423] [lvdot_detector_node]: Stage timers: detection=238 lidar_detection=148 tracking=1690 classification=1679 vis=1620
[lvdot_detector_main-7] [INFO] [1776939810.801981324] [lvdot_detector_node]: Processing phases: detection=run_core lidar_detection=run_lidar_detector/project tracking=idle classification=idle
[lvdot_detector_main-7] [INFO] [1776939810.801994724] [lvdot_detector_node]: Pipeline stats: depth_samples=125/71300 u_map=2 depth_boxes=0 u_map_merge=0 u_map_db=0 u_map_visual=0 u_map_fused=0 u_map_filtered=0 lidar_samples=3391/107946 uv=0 db=2 lidar=1 fused=1 filtered=1 tracks=1 dynamic=0 dyn_points=0 raw_dyn_points=0 service=0/0 split=1->0 (1 outputs) fusion_components=1 visual_only=0 lidar_only=1 fixed_size=0 size_reject=0
[lvdot_detector_main-7] [INFO] [1776939816.801330734] [lvdot_detector_node]: Input health: depth=330 color=310 lidar=324 pose=482 odom=482 yolo=110 depth_pose_sync=0 lidar_pose_sync=0 depth_odom_sync=0 lidar_odom_sync=0
[lvdot_detector_main-7] [INFO] [1776939816.801423533] [lvdot_detector_node]: Stage timers: detection=251 lidar_detection=150 tracking=1872 classification=1861 vis=1802
[lvdot_detector_main-7] [INFO] [1776939816.801437133] [lvdot_detector_node]: Processing phases: detection=run_core lidar_detection=run_lidar_detector/dbscan tracking=idle classification=idle
[lvdot_detector_main-7] [INFO] [1776939816.801447333] [lvdot_detector_node]: Pipeline stats: depth_samples=234/71300 u_map=3 depth_boxes=0 u_map_merge=0 u_map_db=0 u_map_visual=0 u_map_fused=0 u_map_filtered=0 lidar_samples=3392/129734 uv=0 db=3 lidar=1 fused=1 filtered=1 tracks=1 dynamic=0 dyn_points=0 raw_dyn_points=0 service=0/0 split=1->0 (1 outputs) fusion_components=1 visual_only=0 lidar_only=1 fixed_size=1 size_reject=0
[lvdot_detector_main-7] [INFO] [1776939822.801371692] [lvdot_detector_node]: Input health: depth=366 color=341 lidar=359 pose=530 odom=530 yolo=122 depth_pose_sync=0 lidar_pose_sync=0 depth_odom_sync=0 lidar_odom_sync=0
[lvdot_detector_main-7] [INFO] [1776939822.801474792] [lvdot_detector_node]: Stage timers: detection=264 lidar_detection=153 tracking=2054 classification=2043 vis=1976
[lvdot_detector_main-7] [INFO] [1776939822.801487792] [lvdot_detector_node]: Processing phases: detection=run_core lidar_detection=run_lidar_detector/project tracking=waiting_filtered_bboxes classification=idle
[lvdot_detector_main-7] [INFO] [1776939822.801497492] [lvdot_detector_node]: Pipeline stats: depth_samples=110/71300 u_map=1 depth_boxes=0 u_map_merge=0 u_map_db=0 u_map_visual=0 u_map_fused=0 u_map_filtered=0 lidar_samples=3214/144653 uv=0 db=1 lidar=0 fused=0 filtered=0 tracks=0 dynamic=0 dyn_points=0 raw_dyn_points=0 service=0/0 split=0->0 (0 outputs) fusion_components=0 visual_only=0 lidar_only=0 fixed_size=0 size_reject=0
[lvdot_detector_main-7] [INFO] [1776939828.804967119] [lvdot_detector_node]: Input health: depth=415 color=378 lidar=402 pose=578 odom=578 yolo=133 depth_pose_sync=0 lidar_pose_sync=0 depth_odom_sync=0 lidar_odom_sync=0
[lvdot_detector_main-7] [INFO] [1776939828.805081319] [lvdot_detector_node]: Stage timers: detection=277 lidar_detection=155 tracking=2236 classification=2225 vis=2154
[lvdot_detector_main-7] [INFO] [1776939828.805100419] [lvdot_detector_node]: Processing phases: detection=run_core lidar_detection=run_lidar_detector/dbscan tracking=idle classification=idle
[lvdot_detector_main-7] [INFO] [1776939828.805112119] [lvdot_detector_node]: Pipeline stats: depth_samples=136/71300 u_map=3 depth_boxes=0 u_map_merge=0 u_map_db=0 u_map_visual=0 u_map_fused=0 u_map_filtered=0 lidar_samples=3087/131253 uv=0 db=2 lidar=1 fused=1 filtered=1 tracks=1 dynamic=0 dyn_points=0 raw_dyn_points=0 service=0/0 split=1->0 (1 outputs) fusion_components=1 visual_only=0 lidar_only=1 fixed_size=1 size_reject=0
[lvdot_detector_main-7] [INFO] [1776939834.804580729] [lvdot_detector_node]: Input health: depth=437 color=402 lidar=422 pose=626 odom=626 yolo=145 depth_pose_sync=0 lidar_pose_sync=0 depth_odom_sync=0 lidar_odom_sync=0
[lvdot_detector_main-7] [INFO] [1776939834.804668329] [lvdot_detector_node]: Stage timers: detection=290 lidar_detection=158 tracking=2418 classification=2407 vis=2333
[lvdot_detector_main-7] [INFO] [1776939834.804693529] [lvdot_detector_node]: Processing phases: detection=run_core lidar_detection=run_lidar_detector/project tracking=waiting_filtered_bboxes classification=idle
[lvdot_detector_main-7] [INFO] [1776939834.804703629] [lvdot_detector_node]: Pipeline stats: depth_samples=114/71300 u_map=3 depth_boxes=0 u_map_merge=0 u_map_db=0 u_map_visual=0 u_map_fused=0 u_map_filtered=0 lidar_samples=3340/175025 uv=0 db=2 lidar=1 fused=0 filtered=0 tracks=0 dynamic=0 dyn_points=0 raw_dyn_points=0 service=0/0 split=0->0 (0 outputs) fusion_components=0 visual_only=0 lidar_only=0 fixed_size=0 size_reject=0
[lvdot_detector_main-7] [INFO] [1776939840.812047970] [lvdot_detector_node]: Input health: depth=475 color=434 lidar=449 pose=673 odom=673 yolo=157 depth_pose_sync=0 lidar_pose_sync=0 depth_odom_sync=0 lidar_odom_sync=0
[lvdot_detector_main-7] [INFO] [1776939840.812134070] [lvdot_detector_node]: Stage timers: detection=303 lidar_detection=160 tracking=2600 classification=2589 vis=2511
[lvdot_detector_main-7] [INFO] [1776939840.812189370] [lvdot_detector_node]: Processing phases: detection=run_core lidar_detection=run_lidar_detector/dbscan tracking=run_core classification=idle
[lvdot_detector_main-7] [INFO] [1776939840.812283770] [lvdot_detector_node]: Pipeline stats: depth_samples=177/71300 u_map=2 depth_boxes=0 u_map_merge=0 u_map_db=0 u_map_visual=0 u_map_fused=0 u_map_filtered=0 lidar_samples=3500/141729 uv=1 db=1 lidar=1 fused=2 filtered=2 tracks=2 dynamic=0 dyn_points=0 raw_dyn_points=0 service=0/0 split=2->0 (2 outputs) fusion_components=2 visual_only=1 lidar_only=1 fixed_size=0 size_reject=0
[lvdot_detector_main-7] [INFO] [1776939846.803267259] [lvdot_detector_node]: Input health: depth=511 color=469 lidar=486 pose=722 odom=722 yolo=169 depth_pose_sync=0 lidar_pose_sync=0 depth_odom_sync=0 lidar_odom_sync=0
[lvdot_detector_main-7] [INFO] [1776939846.803359234] [lvdot_detector_node]: Stage timers: detection=315 lidar_detection=163 tracking=2781 classification=2768 vis=2690
[lvdot_detector_main-7] [INFO] [1776939846.803369092] [lvdot_detector_node]: Processing phases: detection=run_core lidar_detection=run_lidar_detector/decode tracking=waiting_filtered_bboxes classification=idle
[lvdot_detector_main-7] [INFO] [1776939846.803375596] [lvdot_detector_node]: Pipeline stats: depth_samples=156/71300 u_map=2 depth_boxes=0 u_map_merge=0 u_map_db=0 u_map_visual=0 u_map_fused=0 u_map_filtered=0 lidar_samples=3405/107992 uv=0 db=3 lidar=0 fused=0 filtered=0 tracks=0 dynamic=0 dyn_points=0 raw_dyn_points=0 service=0/0 split=0->0 (0 outputs) fusion_components=0 visual_only=0 lidar_only=0 fixed_size=0 size_reject=0
[lvdot_detector_main-7] [INFO] [1776939852.806239174] [lvdot_detector_node]: Input health: depth=540 color=493 lidar=511 pose=769 odom=769 yolo=181 depth_pose_sync=0 lidar_pose_sync=0 depth_odom_sync=0 lidar_odom_sync=0
[lvdot_detector_main-7] [INFO] [1776939852.806347258] [lvdot_detector_node]: Stage timers: detection=329 lidar_detection=165 tracking=2963 classification=2950 vis=2871
[lvdot_detector_main-7] [INFO] [1776939852.806364886] [lvdot_detector_node]: Processing phases: detection=build_input lidar_detection=run_lidar_detector/dbscan tracking=idle classification=idle
[lvdot_detector_main-7] [INFO] [1776939852.806375463] [lvdot_detector_node]: Pipeline stats: depth_samples=129/71300 u_map=4 depth_boxes=0 u_map_merge=0 u_map_db=0 u_map_visual=0 u_map_fused=0 u_map_filtered=0 lidar_samples=3265/128119 uv=0 db=1 lidar=1 fused=1 filtered=1 tracks=1 dynamic=0 dyn_points=0 raw_dyn_points=0 service=0/0 split=1->0 (1 outputs) fusion_components=1 visual_only=0 lidar_only=1 fixed_size=1 size_reject=0
[lvdot_detector_main-7] [INFO] [1776939858.801368204] [lvdot_detector_node]: Input health: depth=580 color=525 lidar=540 pose=817 odom=817 yolo=192 depth_pose_sync=0 lidar_pose_sync=0 depth_odom_sync=0 lidar_odom_sync=0
[lvdot_detector_main-7] [INFO] [1776939858.801467221] [lvdot_detector_node]: Stage timers: detection=341 lidar_detection=168 tracking=3145 classification=3132 vis=3052
[lvdot_detector_main-7] [INFO] [1776939858.801483874] [lvdot_detector_node]: Processing phases: detection=run_core lidar_detection=run_lidar_detector/project tracking=waiting_filtered_bboxes classification=idle
[lvdot_detector_main-7] [INFO] [1776939858.801496715] [lvdot_detector_node]: Pipeline stats: depth_samples=165/71300 u_map=1 depth_boxes=0 u_map_merge=0 u_map_db=0 u_map_visual=0 u_map_fused=0 u_map_filtered=0 lidar_samples=3458/126858 uv=0 db=2 lidar=0 fused=0 filtered=0 tracks=0 dynamic=0 dyn_points=0 raw_dyn_points=0 service=0/0 split=0->0 (0 outputs) fusion_components=0 visual_only=0 lidar_only=0 fixed_size=0 size_reject=0
[lvdot_detector_main-7] [INFO] [1776939864.801711021] [lvdot_detector_node]: Input health: depth=604 color=551 lidar=568 pose=864 odom=864 yolo=202 depth_pose_sync=0 lidar_pose_sync=0 depth_odom_sync=0 lidar_odom_sync=0
[lvdot_detector_main-7] [INFO] [1776939864.801812262] [lvdot_detector_node]: Stage timers: detection=354 lidar_detection=170 tracking=3327 classification=3314 vis=3227
[lvdot_detector_main-7] [INFO] [1776939864.801830288] [lvdot_detector_node]: Processing phases: detection=run_core lidar_detection=run_lidar_detector/dbscan tracking=waiting_filtered_bboxes classification=idle
[lvdot_detector_main-7] [INFO] [1776939864.801841403] [lvdot_detector_node]: Pipeline stats: depth_samples=125/71300 u_map=2 depth_boxes=0 u_map_merge=0 u_map_db=0 u_map_visual=0 u_map_fused=0 u_map_filtered=0 lidar_samples=3405/107962 uv=0 db=2 lidar=0 fused=0 filtered=0 tracks=0 dynamic=0 dyn_points=0 raw_dyn_points=0 service=0/0 split=0->0 (0 outputs) fusion_components=0 visual_only=0 lidar_only=0 fixed_size=0 size_reject=0
[lvdot_detector_main-7] [INFO] [1776939870.817271650] [lvdot_detector_node]: Input health: depth=618 color=566 lidar=583 pose=912 odom=912 yolo=212 depth_pose_sync=0 lidar_pose_sync=0 depth_odom_sync=0 lidar_odom_sync=0
[lvdot_detector_main-7] [INFO] [1776939870.817362530] [lvdot_detector_node]: Stage timers: detection=366 lidar_detection=173 tracking=3508 classification=3496 vis=3403
[lvdot_detector_main-7] [INFO] [1776939870.817390624] [lvdot_detector_node]: Processing phases: detection=run_core lidar_detection=run_lidar_detector/decode tracking=idle classification=idle
[lvdot_detector_main-7] [INFO] [1776939870.817413619] [lvdot_detector_node]: Pipeline stats: depth_samples=164/71300 u_map=3 depth_boxes=0 u_map_merge=0 u_map_db=0 u_map_visual=0 u_map_fused=0 u_map_filtered=0 lidar_samples=3064/170800 uv=0 db=2 lidar=1 fused=1 filtered=1 tracks=1 dynamic=0 dyn_points=0 raw_dyn_points=0 service=0/0 split=1->0 (1 outputs) fusion_components=1 visual_only=0 lidar_only=1 fixed_size=0 size_reject=0
[lvdot_detector_main-7] [INFO] [1776939876.801320395] [lvdot_detector_node]: Input health: depth=663 color=603 lidar=620 pose=959 odom=959 yolo=222 depth_pose_sync=0 lidar_pose_sync=0 depth_odom_sync=0 lidar_odom_sync=0
[lvdot_detector_main-7] [INFO] [1776939876.801396781] [lvdot_detector_node]: Stage timers: detection=378 lidar_detection=175 tracking=3686 classification=3674 vis=3563
[lvdot_detector_main-7] [INFO] [1776939876.801407539] [lvdot_detector_node]: Processing phases: detection=run_core lidar_detection=run_lidar_detector/dbscan tracking=waiting_filtered_bboxes classification=idle
[lvdot_detector_main-7] [INFO] [1776939876.801414250] [lvdot_detector_node]: Pipeline stats: depth_samples=152/71300 u_map=1 depth_boxes=0 u_map_merge=0 u_map_db=0 u_map_visual=0 u_map_fused=0 u_map_filtered=0 lidar_samples=3021/124484 uv=0 db=1 lidar=0 fused=0 filtered=0 tracks=0 dynamic=0 dyn_points=0 raw_dyn_points=0 service=0/0 split=0->0 (0 outputs) fusion_components=0 visual_only=0 lidar_only=0 fixed_size=0 size_reject=0
[lvdot_detector_main-7] [INFO] [1776939882.801360204] [lvdot_detector_node]: Input health: depth=700 color=637 lidar=659 pose=1008 odom=1008 yolo=233 depth_pose_sync=0 lidar_pose_sync=0 depth_odom_sync=0 lidar_odom_sync=0
[lvdot_detector_main-7] [INFO] [1776939882.801433089] [lvdot_detector_node]: Stage timers: detection=391 lidar_detection=178 tracking=3868 classification=3856 vis=3741
[lvdot_detector_main-7] [INFO] [1776939882.801442716] [lvdot_detector_node]: Processing phases: detection=run_core lidar_detection=run_lidar_detector/project tracking=waiting_filtered_bboxes classification=idle
[lvdot_detector_main-7] [INFO] [1776939882.801448950] [lvdot_detector_node]: Pipeline stats: depth_samples=196/71300 u_map=2 depth_boxes=0 u_map_merge=0 u_map_db=0 u_map_visual=0 u_map_fused=0 u_map_filtered=0 lidar_samples=3155/124180 uv=0 db=2 lidar=0 fused=0 filtered=0 tracks=0 dynamic=0 dyn_points=0 raw_dyn_points=0 service=0/0 split=0->0 (0 outputs) fusion_components=0 visual_only=0 lidar_only=0 fixed_size=0 size_reject=0
[lvdot_detector_main-7] [INFO] [1776939888.801312271] [lvdot_detector_node]: Input health: depth=719 color=657 lidar=677 pose=1056 odom=1056 yolo=243 depth_pose_sync=0 lidar_pose_sync=0 depth_odom_sync=0 lidar_odom_sync=0
[lvdot_detector_main-7] [INFO] [1776939888.801446879] [lvdot_detector_node]: Stage timers: detection=404 lidar_detection=180 tracking=4050 classification=4037 vis=3918
[lvdot_detector_main-7] [INFO] [1776939888.801488881] [lvdot_detector_node]: Processing phases: detection=run_core lidar_detection=run_lidar_detector/dbscan tracking=waiting_filtered_bboxes classification=idle
[lvdot_detector_main-7] [INFO] [1776939888.801507583] [lvdot_detector_node]: Pipeline stats: depth_samples=129/71300 u_map=2 depth_boxes=0 u_map_merge=0 u_map_db=0 u_map_visual=0 u_map_fused=0 u_map_filtered=0 lidar_samples=3098/148320 uv=0 db=1 lidar=0 fused=0 filtered=0 tracks=0 dynamic=0 dyn_points=0 raw_dyn_points=0 service=0/0 split=0->0 (0 outputs) fusion_components=0 visual_only=0 lidar_only=0 fixed_size=0 size_reject=0
[lvdot_detector_main-7] [INFO] [1776939894.803543801] [lvdot_detector_node]: Input health: depth=759 color=686 lidar=714 pose=1103 odom=1103 yolo=254 depth_pose_sync=0 lidar_pose_sync=0 depth_odom_sync=0 lidar_odom_sync=0
[lvdot_detector_main-7] [INFO] [1776939894.803640204] [lvdot_detector_node]: Stage timers: detection=416 lidar_detection=182 tracking=4232 classification=4219 vis=4095
[lvdot_detector_main-7] [INFO] [1776939894.803653404] [lvdot_detector_node]: Processing phases: detection=run_core lidar_detection=run_lidar_detector/downsample tracking=waiting_filtered_bboxes classification=idle
[lvdot_detector_main-7] [INFO] [1776939894.803665205] [lvdot_detector_node]: Pipeline stats: depth_samples=105/71300 u_map=0 depth_boxes=0 u_map_merge=0 u_map_db=0 u_map_visual=0 u_map_fused=0 u_map_filtered=0 lidar_samples=3464/156081 uv=0 db=1 lidar=0 fused=0 filtered=0 tracks=0 dynamic=0 dyn_points=0 raw_dyn_points=0 service=0/0 split=0->0 (0 outputs) fusion_components=0 visual_only=0 lidar_only=0 fixed_size=0 size_reject=0
[uav_trajectory_controller-4] [WARN] [1776939896.539703599] [uav_trajectory_controller]: SetEntityPose request timed out after 0.63s on /world/pedestrian_prototype/set_pose; dropping the pending request and retrying.
[lvdot_detector_main-7] [INFO] [1776939900.804485627] [lvdot_detector_node]: Input health: depth=786 color=719 lidar=739 pose=1144 odom=1144 yolo=263 depth_pose_sync=0 lidar_pose_sync=0 depth_odom_sync=0 lidar_odom_sync=0
[lvdot_detector_main-7] [INFO] [1776939900.804568160] [lvdot_detector_node]: Stage timers: detection=429 lidar_detection=185 tracking=4404 classification=4393 vis=4240
[lvdot_detector_main-7] [INFO] [1776939900.804578176] [lvdot_detector_node]: Processing phases: detection=run_core lidar_detection=run_lidar_detector/project tracking=waiting_filtered_bboxes classification=idle
[lvdot_detector_main-7] [INFO] [1776939900.804584787] [lvdot_detector_node]: Pipeline stats: depth_samples=125/71300 u_map=2 depth_boxes=0 u_map_merge=0 u_map_db=0 u_map_visual=0 u_map_fused=0 u_map_filtered=0 lidar_samples=3403/107854 uv=0 db=2 lidar=0 fused=0 filtered=0 tracks=0 dynamic=0 dyn_points=0 raw_dyn_points=0 service=0/0 split=0->0 (0 outputs) fusion_components=0 visual_only=0 lidar_only=0 fixed_size=0 size_reject=0
[lvdot_detector_main-7] [INFO] [1776939902.505673984] [lvdot_detector_node]: get_dynamic_obstacles responded with 0 obstacles from 0 tracked dynamic boxes.
