[INFO] [launch]: All log files can be found below /home/skbt2/.ros/log/2026-04-23-18-49-45-508474-DESKTOP-90MQDL6-83445
[INFO] [launch]: Default logging verbosity is set to INFO
[INFO] [gazebo-1]: process started with pid [83518]
[INFO] [parameter_bridge-2]: process started with pid [83519]
[INFO] [pedestrian_state_publisher-3]: process started with pid [83520]
[INFO] [uav_trajectory_controller-4]: process started with pid [83521]
[INFO] [image_pointcloud_relay-5]: process started with pid [83522]
[INFO] [lvdot_yolo_node-6]: process started with pid [83523]
[INFO] [lvdot_detector_main-7]: process started with pid [83524]
[parameter_bridge-2] [INFO] [1776941385.751445989] [ros_gz_bridge]: Creating GZ->ROS Bridge: [/rgbd_camera/image (gz.msgs.Image) -> /rgbd_camera/image (sensor_msgs/msg/Image)] (Lazy 0)
[parameter_bridge-2] [INFO] [1776941385.757316432] [ros_gz_bridge]: Creating GZ->ROS Bridge: [/rgbd_camera/camera_info (gz.msgs.CameraInfo) -> /rgbd_camera/camera_info (sensor_msgs/msg/CameraInfo)] (Lazy 0)
[parameter_bridge-2] [INFO] [1776941385.760674839] [ros_gz_bridge]: Creating GZ->ROS Bridge: [/rgbd_camera/depth_image (gz.msgs.Image) -> /rgbd_camera/depth_image (sensor_msgs/msg/Image)] (Lazy 0)
[parameter_bridge-2] [INFO] [1776941385.761875821] [ros_gz_bridge]: Creating GZ->ROS Bridge: [/rgbd_camera/points (gz.msgs.PointCloudPacked) -> /rgbd_camera/points (sensor_msgs/msg/PointCloud2)] (Lazy 0)
[parameter_bridge-2] [INFO] [1776941385.763280388] [ros_gz_bridge]: Creating GZ->ROS Bridge: [/camera/imu (gz.msgs.IMU) -> /camera/imu (sensor_msgs/msg/Imu)] (Lazy 0)
[parameter_bridge-2] [INFO] [1776941385.764801374] [ros_gz_bridge]: Creating ROS->GZ service bridge [/world/pedestrian_prototype/set_pose (ros_gz_interfaces/srv/SetEntityPose -> /)]
[parameter_bridge-2] [INFO] [1776941385.767060045] [ros_gz_bridge]: Creating ROS->GZ service bridge [/world/pedestrian_prototype/set_pose/blocking (ros_gz_interfaces/srv/SetEntityPose -> /)]
[lvdot_detector_main-7] [INFO] [1776941385.934123880] [lvdot_detector_node]: Config loaded: localization_mode=0 dt=0.033 image=640x480 depth_range=[0.20, 12.00] stage_timers=true
[lvdot_detector_main-7] [INFO] [1776941385.983266865] [lvdot_detector_node]: LV-DOT ROS2 skeleton started. depth=/camera/depth/image_rect_raw color=/camera/color/image_raw lidar=/rgbd_camera/points pose=/mavros/local_position/pose odom=/mavros/local_position/odom yolo=/yolo_detector/detected_bounding_boxes
[gazebo-1] [INFO] [1776941387.033501528] [pedestrian_pose_sync_system]: Configured pedestrian pose sync plugin on topic [/pedestrian_sim/agent_states] for 8 models.
[uav_trajectory_controller-4] [WARN] [1776941387.089576462] [uav_trajectory_controller]: SetEntityPose service /world/pedestrian_prototype/set_pose/blocking is unavailable; UAV state publication is paused until Gazebo pose control is reachable.
[lvdot_detector_main-7] [INFO] [1776941387.983670728] [lvdot_detector_node]: Input health: depth=0 color=0 lidar=0 pose=0 odom=0 yolo=0 depth_pose_sync=0 lidar_pose_sync=0 depth_odom_sync=0 lidar_odom_sync=0
[lvdot_detector_main-7] [INFO] [1776941387.983804323] [lvdot_detector_node]: Stage timers: detection=60 lidar_detection=60 tracking=60 classification=60 vis=60
[lvdot_detector_main-7] [INFO] [1776941387.983824059] [lvdot_detector_node]: Processing phases: detection=waiting_sensor_pose lidar_detection=waiting_new_lidar tracking=waiting_filtered_bboxes classification=idle
[lvdot_detector_main-7] [INFO] [1776941387.983832192] [lvdot_detector_node]: Pipeline stats: depth_samples=0/0 u_map=0 depth_boxes=0 u_map_merge=0 u_map_db=0 u_map_visual=0 u_map_fused=0 u_map_filtered=0 lidar_samples=0/0 uv=0 db=0 lidar=0 fused=0 filtered=0 tracks=0 dynamic=0 dyn_points=0 raw_dyn_points=0 service=0/0 split=0->0 (0 outputs) fusion_components=0 visual_only=0 lidar_only=0 fixed_size=0 size_reject=0
[lvdot_detector_main-7] [INFO] [1776941393.983852277] [lvdot_detector_node]: Input health: depth=24 color=19 lidar=26 pose=32 odom=32 yolo=4 depth_pose_sync=0 lidar_pose_sync=0 depth_odom_sync=0 lidar_odom_sync=0
[lvdot_detector_main-7] [INFO] [1776941393.983915703] [lvdot_detector_node]: Stage timers: detection=140 lidar_detection=134 tracking=240 classification=237 vis=239
[lvdot_detector_main-7] [INFO] [1776941393.983927722] [lvdot_detector_node]: Processing phases: detection=run_core lidar_detection=run_lidar_detector/dbscan tracking=idle classification=idle
[lvdot_detector_main-7] [INFO] [1776941393.983937317] [lvdot_detector_node]: Pipeline stats: depth_samples=128/71300 u_map=2 depth_boxes=0 u_map_merge=0 u_map_db=0 u_map_visual=0 u_map_fused=0 u_map_filtered=0 lidar_samples=3329/116254 uv=0 db=3 lidar=13 fused=13 filtered=13 tracks=13 dynamic=0 dyn_points=0 raw_dyn_points=0 service=0/0 split=13->0 (13 outputs) fusion_components=13 visual_only=0 lidar_only=13 fixed_size=0 size_reject=0
[lvdot_detector_main-7] [INFO] [1776941400.015654120] [lvdot_detector_node]: Input health: depth=44 color=40 lidar=42 pose=81 odom=81 yolo=16 depth_pose_sync=0 lidar_pose_sync=0 depth_odom_sync=0 lidar_odom_sync=0
[lvdot_detector_main-7] [INFO] [1776941400.015783333] [lvdot_detector_node]: Stage timers: detection=152 lidar_detection=136 tracking=384 classification=334 vis=382
[lvdot_detector_main-7] [INFO] [1776941400.015805302] [lvdot_detector_node]: Processing phases: detection=run_core lidar_detection=run_lidar_detector/dbscan tracking=idle classification=run_core
[lvdot_detector_main-7] [INFO] [1776941400.015818582] [lvdot_detector_node]: Pipeline stats: depth_samples=208/71300 u_map=5 depth_boxes=0 u_map_merge=0 u_map_db=0 u_map_visual=0 u_map_fused=0 u_map_filtered=0 lidar_samples=3238/158908 uv=0 db=2 lidar=21 fused=21 filtered=21 tracks=21 dynamic=0 dyn_points=0 raw_dyn_points=0 service=0/0 split=21->0 (21 outputs) fusion_components=21 visual_only=0 lidar_only=21 fixed_size=21 size_reject=0
[lvdot_detector_main-7] [INFO] [1776941406.002637735] [lvdot_detector_node]: Input health: depth=99 color=89 lidar=93 pose=129 odom=129 yolo=29 depth_pose_sync=0 lidar_pose_sync=0 depth_odom_sync=0 lidar_odom_sync=0
[lvdot_detector_main-7] [INFO] [1776941406.002762487] [lvdot_detector_node]: Stage timers: detection=164 lidar_detection=139 tracking=489 classification=400 vis=505
[lvdot_detector_main-7] [INFO] [1776941406.002797803] [lvdot_detector_node]: Processing phases: detection=run_core lidar_detection=run_lidar_detector/project tracking=idle classification=idle
[lvdot_detector_main-7] [INFO] [1776941406.002818893] [lvdot_detector_node]: Pipeline stats: depth_samples=105/71300 u_map=0 depth_boxes=0 u_map_merge=0 u_map_db=0 u_map_visual=0 u_map_fused=0 u_map_filtered=0 lidar_samples=3373/108067 uv=0 db=0 lidar=8 fused=68 filtered=68 tracks=68 dynamic=0 dyn_points=0 raw_dyn_points=0 service=0/0 split=68->0 (68 outputs) fusion_components=68 visual_only=0 lidar_only=68 fixed_size=3 size_reject=0
[lvdot_detector_main-7] [INFO] [1776941412.011950811] [lvdot_detector_node]: Input health: depth=125 color=112 lidar=117 pose=166 odom=166 yolo=39 depth_pose_sync=0 lidar_pose_sync=0 depth_odom_sync=0 lidar_odom_sync=0
[lvdot_detector_main-7] [INFO] [1776941412.012019681] [lvdot_detector_node]: Stage timers: detection=177 lidar_detection=141 tracking=664 classification=568 vis=682
[lvdot_detector_main-7] [INFO] [1776941412.012032285] [lvdot_detector_node]: Processing phases: detection=run_core lidar_detection=run_lidar_detector/dbscan tracking=idle classification=run_core
[lvdot_detector_main-7] [INFO] [1776941412.012042804] [lvdot_detector_node]: Pipeline stats: depth_samples=128/71300 u_map=2 depth_boxes=0 u_map_merge=0 u_map_db=0 u_map_visual=0 u_map_fused=0 u_map_filtered=0 lidar_samples=3421/116492 uv=0 db=3 lidar=18 fused=18 filtered=18 tracks=18 dynamic=0 dyn_points=0 raw_dyn_points=0 service=0/0 split=18->0 (18 outputs) fusion_components=18 visual_only=0 lidar_only=18 fixed_size=18 size_reject=0
[lvdot_detector_main-7] [INFO] [1776941418.019276552] [lvdot_detector_node]: Input health: depth=144 color=132 lidar=131 pose=209 odom=209 yolo=48 depth_pose_sync=0 lidar_pose_sync=0 depth_odom_sync=0 lidar_odom_sync=0
[lvdot_detector_main-7] [INFO] [1776941418.019354091] [lvdot_detector_node]: Stage timers: detection=189 lidar_detection=144 tracking=809 classification=668 vis=828
[lvdot_detector_main-7] [INFO] [1776941418.019373624] [lvdot_detector_node]: Processing phases: detection=run_core lidar_detection=run_lidar_detector/project tracking=idle classification=run_core
[lvdot_detector_main-7] [INFO] [1776941418.019388002] [lvdot_detector_node]: Pipeline stats: depth_samples=143/71300 u_map=3 depth_boxes=0 u_map_merge=0 u_map_db=0 u_map_visual=0 u_map_fused=0 u_map_filtered=0 lidar_samples=3234/144474 uv=0 db=1 lidar=55 fused=21 filtered=21 tracks=21 dynamic=0 dyn_points=0 raw_dyn_points=0 service=0/0 split=21->0 (21 outputs) fusion_components=21 visual_only=0 lidar_only=21 fixed_size=21 size_reject=0
[lvdot_detector_main-7] [INFO] [1776941423.999630926] [lvdot_detector_node]: Input health: depth=194 color=180 lidar=168 pose=257 odom=257 yolo=58 depth_pose_sync=0 lidar_pose_sync=0 depth_odom_sync=0 lidar_odom_sync=0
[lvdot_detector_main-7] [INFO] [1776941423.999762327] [lvdot_detector_node]: Stage timers: detection=200 lidar_detection=146 tracking=888 classification=710 vis=931
[lvdot_detector_main-7] [INFO] [1776941423.999796371] [lvdot_detector_node]: Processing phases: detection=run_core lidar_detection=run_lidar_detector/downsample tracking=build_input classification=idle
[lvdot_detector_main-7] [INFO] [1776941423.999816899] [lvdot_detector_node]: Pipeline stats: depth_samples=105/71300 u_map=0 depth_boxes=0 u_map_merge=0 u_map_db=0 u_map_visual=0 u_map_fused=0 u_map_filtered=0 lidar_samples=3486/115864 uv=0 db=1 lidar=72 fused=63 filtered=63 tracks=63 dynamic=0 dyn_points=0 raw_dyn_points=0 service=0/0 split=63->0 (63 outputs) fusion_components=63 visual_only=0 lidar_only=63 fixed_size=0 size_reject=0
[lvdot_detector_main-7] [INFO] [1776941429.989993149] [lvdot_detector_node]: Input health: depth=227 color=212 lidar=193 pose=294 odom=294 yolo=70 depth_pose_sync=0 lidar_pose_sync=0 depth_odom_sync=0 lidar_odom_sync=0
[lvdot_detector_main-7] [INFO] [1776941429.990086573] [lvdot_detector_node]: Stage timers: detection=214 lidar_detection=148 tracking=1035 classification=855 vis=1097
[lvdot_detector_main-7] [INFO] [1776941429.990096597] [lvdot_detector_node]: Processing phases: detection=run_core lidar_detection=run_lidar_detector/dbscan tracking=run_core classification=idle
[lvdot_detector_main-7] [INFO] [1776941429.990104416] [lvdot_detector_node]: Pipeline stats: depth_samples=128/71300 u_map=2 depth_boxes=0 u_map_merge=0 u_map_db=0 u_map_visual=0 u_map_fused=0 u_map_filtered=0 lidar_samples=3402/108088 uv=0 db=3 lidar=6 fused=6 filtered=6 tracks=6 dynamic=0 dyn_points=0 raw_dyn_points=0 service=0/0 split=6->0 (6 outputs) fusion_components=6 visual_only=0 lidar_only=6 fixed_size=0 size_reject=0
[lvdot_detector_main-7] [INFO] [1776941436.004611462] [lvdot_detector_node]: Input health: depth=240 color=233 lidar=206 pose=331 odom=331 yolo=81 depth_pose_sync=0 lidar_pose_sync=0 depth_odom_sync=0 lidar_odom_sync=0
[lvdot_detector_main-7] [INFO] [1776941436.004685169] [lvdot_detector_node]: Stage timers: detection=226 lidar_detection=151 tracking=1167 classification=946 vis=1242
[lvdot_detector_main-7] [INFO] [1776941436.004702899] [lvdot_detector_node]: Processing phases: detection=run_core lidar_detection=run_lidar_detector/project tracking=idle classification=idle
[lvdot_detector_main-7] [INFO] [1776941436.004715549] [lvdot_detector_node]: Pipeline stats: depth_samples=137/71300 u_map=2 depth_boxes=0 u_map_merge=0 u_map_db=0 u_map_visual=0 u_map_fused=0 u_map_filtered=0 lidar_samples=3476/138386 uv=0 db=2 lidar=73 fused=17 filtered=17 tracks=17 dynamic=0 dyn_points=0 raw_dyn_points=0 service=0/0 split=17->0 (17 outputs) fusion_components=17 visual_only=0 lidar_only=17 fixed_size=2 size_reject=0
[uav_trajectory_controller-4] [WARN] [1776941438.446255369] [uav_trajectory_controller]: SetEntityPose request timed out after 0.50s on /world/pedestrian_prototype/set_pose/blocking; dropping the pending request and retrying.
[uav_trajectory_controller-4] [WARN] [1776941438.447342031] [uav_trajectory_controller]: Falling back from /world/pedestrian_prototype/set_pose/blocking to /world/pedestrian_prototype/set_pose.
[lvdot_detector_main-7] [INFO] [1776941441.985319501] [lvdot_detector_node]: Input health: depth=275 color=266 lidar=233 pose=375 odom=375 yolo=93 depth_pose_sync=0 lidar_pose_sync=0 depth_odom_sync=0 lidar_odom_sync=0
[lvdot_detector_main-7] [INFO] [1776941441.985390122] [lvdot_detector_node]: Stage timers: detection=237 lidar_detection=153 tracking=1267 classification=1012 vis=1357
[lvdot_detector_main-7] [INFO] [1776941441.985401545] [lvdot_detector_node]: Processing phases: detection=run_core lidar_detection=run_lidar_detector/dbscan tracking=idle classification=idle
[lvdot_detector_main-7] [INFO] [1776941441.985410484] [lvdot_detector_node]: Pipeline stats: depth_samples=110/71300 u_map=3 depth_boxes=0 u_map_merge=0 u_map_db=0 u_map_visual=0 u_map_fused=0 u_map_filtered=0 lidar_samples=2512/194908 uv=0 db=1 lidar=2 fused=2 filtered=2 tracks=2 dynamic=0 dyn_points=0 raw_dyn_points=0 service=0/0 split=2->0 (2 outputs) fusion_components=2 visual_only=0 lidar_only=2 fixed_size=2 size_reject=0
[lvdot_detector_main-7] [INFO] [1776941447.983444562] [lvdot_detector_node]: Input health: depth=324 color=310 lidar=281 pose=423 odom=423 yolo=106 depth_pose_sync=0 lidar_pose_sync=0 depth_odom_sync=0 lidar_odom_sync=0
[lvdot_detector_main-7] [INFO] [1776941447.983530156] [lvdot_detector_node]: Stage timers: detection=250 lidar_detection=156 tracking=1425 classification=1152 vis=1509
[lvdot_detector_main-7] [INFO] [1776941447.983539975] [lvdot_detector_node]: Processing phases: detection=run_core lidar_detection=run_lidar_detector/project tracking=idle classification=idle
[lvdot_detector_main-7] [INFO] [1776941447.983547216] [lvdot_detector_node]: Pipeline stats: depth_samples=125/71300 u_map=2 depth_boxes=0 u_map_merge=0 u_map_db=0 u_map_visual=0 u_map_fused=0 u_map_filtered=0 lidar_samples=3399/108221 uv=0 db=2 lidar=12 fused=12 filtered=12 tracks=12 dynamic=0 dyn_points=0 raw_dyn_points=0 service=0/0 split=12->0 (12 outputs) fusion_components=12 visual_only=0 lidar_only=12 fixed_size=0 size_reject=0
[lvdot_detector_main-7] [INFO] [1776941453.988104274] [lvdot_detector_node]: Input health: depth=343 color=328 lidar=298 pose=470 odom=470 yolo=117 depth_pose_sync=0 lidar_pose_sync=0 depth_odom_sync=0 lidar_odom_sync=0
[lvdot_detector_main-7] [INFO] [1776941453.988183297] [lvdot_detector_node]: Stage timers: detection=262 lidar_detection=158 tracking=1574 classification=1280 vis=1671
[lvdot_detector_main-7] [INFO] [1776941453.988199370] [lvdot_detector_node]: Processing phases: detection=run_core lidar_detection=run_lidar_detector/project tracking=idle classification=run_core
[lvdot_detector_main-7] [INFO] [1776941453.988212042] [lvdot_detector_node]: Pipeline stats: depth_samples=283/71300 u_map=3 depth_boxes=0 u_map_merge=0 u_map_db=0 u_map_visual=0 u_map_fused=0 u_map_filtered=0 lidar_samples=3430/159101 uv=0 db=2 lidar=59 fused=59 filtered=59 tracks=59 dynamic=0 dyn_points=0 raw_dyn_points=0 service=0/0 split=59->0 (59 outputs) fusion_components=59 visual_only=0 lidar_only=59 fixed_size=4 size_reject=0
[lvdot_detector_main-7] [INFO] [1776941459.989361032] [lvdot_detector_node]: Input health: depth=378 color=365 lidar=326 pose=519 odom=519 yolo=129 depth_pose_sync=0 lidar_pose_sync=0 depth_odom_sync=0 lidar_odom_sync=0
[lvdot_detector_main-7] [INFO] [1776941459.990411403] [lvdot_detector_node]: Stage timers: detection=273 lidar_detection=160 tracking=1714 classification=1397 vis=1787
[lvdot_detector_main-7] [INFO] [1776941459.991057685] [lvdot_detector_node]: Processing phases: detection=run_core lidar_detection=run_lidar_detector/dbscan tracking=idle classification=run_core
[lvdot_detector_main-7] [INFO] [1776941459.991718492] [lvdot_detector_node]: Pipeline stats: depth_samples=110/71300 u_map=3 depth_boxes=0 u_map_merge=0 u_map_db=0 u_map_visual=0 u_map_fused=0 u_map_filtered=0 lidar_samples=3097/127029 uv=0 db=1 lidar=18 fused=18 filtered=18 tracks=18 dynamic=0 dyn_points=0 raw_dyn_points=0 service=0/0 split=18->0 (18 outputs) fusion_components=18 visual_only=0 lidar_only=18 fixed_size=18 size_reject=0
[lvdot_detector_main-7] [INFO] [1776941465.985096262] [lvdot_detector_node]: Input health: depth=428 color=404 lidar=364 pose=567 odom=567 yolo=141 depth_pose_sync=0 lidar_pose_sync=0 depth_odom_sync=0 lidar_odom_sync=0
[lvdot_detector_main-7] [INFO] [1776941465.985177283] [lvdot_detector_node]: Stage timers: detection=286 lidar_detection=163 tracking=1859 classification=1516 vis=1933
[lvdot_detector_main-7] [INFO] [1776941465.985187373] [lvdot_detector_node]: Processing phases: detection=run_core lidar_detection=run_lidar_detector/dbscan tracking=run_core classification=idle
[lvdot_detector_main-7] [INFO] [1776941465.985193967] [lvdot_detector_node]: Pipeline stats: depth_samples=125/71300 u_map=3 depth_boxes=0 u_map_merge=0 u_map_db=0 u_map_visual=0 u_map_fused=0 u_map_filtered=0 lidar_samples=3370/108046 uv=0 db=2 lidar=6 fused=6 filtered=6 tracks=6 dynamic=0 dyn_points=0 raw_dyn_points=0 service=0/0 split=6->0 (6 outputs) fusion_components=6 visual_only=0 lidar_only=6 fixed_size=0 size_reject=0
[lvdot_detector_main-7] [INFO] [1776941472.030996776] [lvdot_detector_node]: Input health: depth=443 color=420 lidar=376 pose=615 odom=615 yolo=151 depth_pose_sync=0 lidar_pose_sync=0 depth_odom_sync=0 lidar_odom_sync=0
[lvdot_detector_main-7] [INFO] [1776941472.031094695] [lvdot_detector_node]: Stage timers: detection=298 lidar_detection=165 tracking=2007 classification=1645 vis=2084
[lvdot_detector_main-7] [INFO] [1776941472.031107220] [lvdot_detector_node]: Processing phases: detection=run_core lidar_detection=run_lidar_detector/dbscan tracking=idle classification=idle
[lvdot_detector_main-7] [INFO] [1776941472.031114875] [lvdot_detector_node]: Pipeline stats: depth_samples=173/71300 u_map=4 depth_boxes=0 u_map_merge=0 u_map_db=0 u_map_visual=0 u_map_fused=0 u_map_filtered=0 lidar_samples=3335/148001 uv=0 db=3 lidar=81 fused=81 filtered=81 tracks=81 dynamic=0 dyn_points=0 raw_dyn_points=0 service=0/0 split=81->0 (81 outputs) fusion_components=81 visual_only=0 lidar_only=81 fixed_size=81 size_reject=1
[lvdot_detector_main-7] [INFO] [1776941478.007959958] [lvdot_detector_node]: Input health: depth=477 color=452 lidar=396 pose=663 odom=663 yolo=162 depth_pose_sync=0 lidar_pose_sync=0 depth_odom_sync=0 lidar_odom_sync=0
[lvdot_detector_main-7] [INFO] [1776941478.008031092] [lvdot_detector_node]: Stage timers: detection=309 lidar_detection=168 tracking=2115 classification=1718 vis=2212
[lvdot_detector_main-7] [INFO] [1776941478.008046371] [lvdot_detector_node]: Processing phases: detection=run_core lidar_detection=run_lidar_detector/project tracking=idle classification=run_core
[lvdot_detector_main-7] [INFO] [1776941478.008058375] [lvdot_detector_node]: Pipeline stats: depth_samples=110/71300 u_map=2 depth_boxes=0 u_map_merge=0 u_map_db=0 u_map_visual=0 u_map_fused=0 u_map_filtered=0 lidar_samples=3135/124429 uv=0 db=1 lidar=18 fused=13 filtered=13 tracks=13 dynamic=0 dyn_points=0 raw_dyn_points=0 service=0/0 split=13->0 (13 outputs) fusion_components=13 visual_only=0 lidar_only=13 fixed_size=0 size_reject=0
[lvdot_detector_main-7] [INFO] [1776941483.983454788] [lvdot_detector_node]: Input health: depth=521 color=491 lidar=431 pose=711 odom=711 yolo=175 depth_pose_sync=0 lidar_pose_sync=0 depth_odom_sync=0 lidar_odom_sync=0
[lvdot_detector_main-7] [INFO] [1776941483.983548806] [lvdot_detector_node]: Stage timers: detection=322 lidar_detection=170 tracking=2249 classification=1830 vis=2363
[lvdot_detector_main-7] [INFO] [1776941483.983558922] [lvdot_detector_node]: Processing phases: detection=run_core lidar_detection=run_lidar_detector/dbscan tracking=idle classification=idle
[lvdot_detector_main-7] [INFO] [1776941483.983565567] [lvdot_detector_node]: Pipeline stats: depth_samples=125/71300 u_map=2 depth_boxes=0 u_map_merge=0 u_map_db=0 u_map_visual=0 u_map_fused=0 u_map_filtered=0 lidar_samples=3364/108048 uv=0 db=2 lidar=6 fused=6 filtered=6 tracks=6 dynamic=0 dyn_points=0 raw_dyn_points=0 service=0/0 split=6->0 (6 outputs) fusion_components=6 visual_only=0 lidar_only=6 fixed_size=6 size_reject=0
[lvdot_detector_main-7] [INFO] [1776941490.014782409] [lvdot_detector_node]: Input health: depth=538 color=508 lidar=444 pose=759 odom=759 yolo=184 depth_pose_sync=0 lidar_pose_sync=0 depth_odom_sync=0 lidar_odom_sync=0
[lvdot_detector_main-7] [INFO] [1776941490.014851431] [lvdot_detector_node]: Stage timers: detection=334 lidar_detection=172 tracking=2411 classification=1956 vis=2521
[lvdot_detector_main-7] [INFO] [1776941490.014862128] [lvdot_detector_node]: Processing phases: detection=run_core lidar_detection=idle tracking=idle classification=run_core
[lvdot_detector_main-7] [INFO] [1776941490.014870907] [lvdot_detector_node]: Pipeline stats: depth_samples=154/71300 u_map=2 depth_boxes=0 u_map_merge=0 u_map_db=0 u_map_visual=0 u_map_fused=0 u_map_filtered=0 lidar_samples=3308/141390 uv=0 db=2 lidar=69 fused=69 filtered=69 tracks=69 dynamic=0 dyn_points=0 raw_dyn_points=0 service=0/0 split=69->0 (69 outputs) fusion_components=69 visual_only=0 lidar_only=69 fixed_size=1 size_reject=0
[lvdot_detector_main-7] [INFO] [1776941495.988466746] [lvdot_detector_node]: Input health: depth=568 color=536 lidar=463 pose=806 odom=806 yolo=193 depth_pose_sync=0 lidar_pose_sync=0 depth_odom_sync=0 lidar_odom_sync=0
[lvdot_detector_main-7] [INFO] [1776941495.988545868] [lvdot_detector_node]: Stage timers: detection=345 lidar_detection=175 tracking=2524 classification=2022 vis=2640
[lvdot_detector_main-7] [INFO] [1776941495.988562572] [lvdot_detector_node]: Processing phases: detection=run_core lidar_detection=run_lidar_detector/project tracking=idle classification=idle
[lvdot_detector_main-7] [INFO] [1776941495.988574975] [lvdot_detector_node]: Pipeline stats: depth_samples=163/71300 u_map=1 depth_boxes=0 u_map_merge=0 u_map_db=0 u_map_visual=0 u_map_fused=0 u_map_filtered=0 lidar_samples=3494/124379 uv=0 db=2 lidar=7 fused=20 filtered=20 tracks=20 dynamic=0 dyn_points=0 raw_dyn_points=0 service=0/0 split=20->0 (20 outputs) fusion_components=20 visual_only=0 lidar_only=20 fixed_size=20 size_reject=0
[lvdot_detector_main-7] [INFO] [1776941501.993518384] [lvdot_detector_node]: Input health: depth=598 color=569 lidar=487 pose=855 odom=855 yolo=202 depth_pose_sync=0 lidar_pose_sync=0 depth_odom_sync=0 lidar_odom_sync=0
[lvdot_detector_main-7] [INFO] [1776941501.993717469] [lvdot_detector_node]: Stage timers: detection=357 lidar_detection=177 tracking=2682 classification=2177 vis=2785
[lvdot_detector_main-7] [INFO] [1776941501.993746919] [lvdot_detector_node]: Processing phases: detection=run_core lidar_detection=run_lidar_detector/dbscan tracking=idle classification=idle
[lvdot_detector_main-7] [INFO] [1776941501.993821141] [lvdot_detector_node]: Pipeline stats: depth_samples=125/71300 u_map=1 depth_boxes=0 u_map_merge=0 u_map_db=0 u_map_visual=0 u_map_fused=0 u_map_filtered=0 lidar_samples=3428/107985 uv=0 db=2 lidar=10 fused=10 filtered=10 tracks=10 dynamic=0 dyn_points=0 raw_dyn_points=0 service=0/0 split=10->0 (10 outputs) fusion_components=10 visual_only=0 lidar_only=10 fixed_size=0 size_reject=0
[lvdot_detector_main-7] [INFO] [1776941507.987154423] [lvdot_detector_node]: Input health: depth=616 color=585 lidar=500 pose=903 odom=903 yolo=211 depth_pose_sync=0 lidar_pose_sync=0 depth_odom_sync=0 lidar_odom_sync=0
[lvdot_detector_main-7] [INFO] [1776941507.987257154] [lvdot_detector_node]: Stage timers: detection=369 lidar_detection=179 tracking=2848 classification=2321 vis=2953
[lvdot_detector_main-7] [INFO] [1776941507.987267080] [lvdot_detector_node]: Processing phases: detection=run_core lidar_detection=run_lidar_detector/dbscan tracking=build_input classification=idle
[lvdot_detector_main-7] [INFO] [1776941507.987273829] [lvdot_detector_node]: Pipeline stats: depth_samples=129/71300 u_map=5 depth_boxes=0 u_map_merge=0 u_map_db=0 u_map_visual=0 u_map_fused=0 u_map_filtered=0 lidar_samples=3401/119922 uv=0 db=1 lidar=12 fused=12 filtered=12 tracks=12 dynamic=0 dyn_points=0 raw_dyn_points=0 service=0/0 split=12->0 (12 outputs) fusion_components=12 visual_only=0 lidar_only=12 fixed_size=0 size_reject=0
[lvdot_detector_main-7] [INFO] [1776941514.059874204] [lvdot_detector_node]: Input health: depth=642 color=610 lidar=516 pose=948 odom=949 yolo=218 depth_pose_sync=0 lidar_pose_sync=0 depth_odom_sync=0 lidar_odom_sync=0
[lvdot_detector_main-7] [INFO] [1776941514.059987327] [lvdot_detector_node]: Stage timers: detection=380 lidar_detection=181 tracking=2991 classification=2422 vis=3064
[lvdot_detector_main-7] [INFO] [1776941514.060015782] [lvdot_detector_node]: Processing phases: detection=run_core lidar_detection=run_lidar_detector/dbscan tracking=idle classification=idle
[lvdot_detector_main-7] [INFO] [1776941514.060030753] [lvdot_detector_node]: Pipeline stats: depth_samples=223/71300 u_map=2 depth_boxes=0 u_map_merge=0 u_map_db=0 u_map_visual=0 u_map_fused=0 u_map_filtered=0 lidar_samples=3332/144304 uv=1 db=3 lidar=68 fused=69 filtered=69 tracks=69 dynamic=0 dyn_points=0 raw_dyn_points=0 service=0/0 split=69->0 (69 outputs) fusion_components=69 visual_only=1 lidar_only=68 fixed_size=68 size_reject=1
[lvdot_detector_main-7] [INFO] [1776941519.989422224] [lvdot_detector_node]: Input health: depth=674 color=638 lidar=535 pose=997 odom=997 yolo=226 depth_pose_sync=0 lidar_pose_sync=0 depth_odom_sync=0 lidar_odom_sync=0
[lvdot_detector_main-7] [INFO] [1776941519.989534984] [lvdot_detector_node]: Stage timers: detection=391 lidar_detection=184 tracking=3101 classification=2514 vis=3180
[lvdot_detector_main-7] [INFO] [1776941519.989555681] [lvdot_detector_node]: Processing phases: detection=run_core lidar_detection=run_lidar_detector/project tracking=run_core classification=idle
[lvdot_detector_main-7] [INFO] [1776941519.989567100] [lvdot_detector_node]: Pipeline stats: depth_samples=125/71300 u_map=2 depth_boxes=0 u_map_merge=0 u_map_db=0 u_map_visual=0 u_map_fused=0 u_map_filtered=0 lidar_samples=3424/108009 uv=0 db=2 lidar=9 fused=9 filtered=9 tracks=9 dynamic=0 dyn_points=0 raw_dyn_points=0 service=0/0 split=9->0 (9 outputs) fusion_components=9 visual_only=0 lidar_only=9 fixed_size=0 size_reject=0
[lvdot_detector_main-7] [INFO] [1776941526.000399810] [lvdot_detector_node]: Input health: depth=690 color=654 lidar=546 pose=1040 odom=1040 yolo=235 depth_pose_sync=0 lidar_pose_sync=0 depth_odom_sync=0 lidar_odom_sync=0
[lvdot_detector_main-7] [INFO] [1776941526.000537843] [lvdot_detector_node]: Stage timers: detection=403 lidar_detection=186 tracking=3234 classification=2637 vis=3322
[lvdot_detector_main-7] [INFO] [1776941526.000555411] [lvdot_detector_node]: Processing phases: detection=run_core lidar_detection=run_lidar_detector/project tracking=idle classification=run_core
[lvdot_detector_main-7] [INFO] [1776941526.000566454] [lvdot_detector_node]: Pipeline stats: depth_samples=203/71300 u_map=3 depth_boxes=0 u_map_merge=0 u_map_db=0 u_map_visual=0 u_map_fused=0 u_map_filtered=0 lidar_samples=3409/136714 uv=1 db=1 lidar=61 fused=33 filtered=33 tracks=33 dynamic=0 dyn_points=0 raw_dyn_points=0 service=0/0 split=33->1 (33 outputs) fusion_components=33 visual_only=1 lidar_only=32 fixed_size=2 size_reject=0
[lvdot_detector_main-7] [INFO] [1776941529.749004245] [lvdot_detector_node]: get_dynamic_obstacles responded with 0 obstacles from 0 tracked dynamic boxes.
