[INFO] [launch]: All log files can be found below /home/skbt2/.ros/log/2026-04-28-10-51-23-076683-DESKTOP-90MQDL6-16858
[INFO] [launch]: Default logging verbosity is set to INFO
[INFO] [gazebo-1]: process started with pid [16902]
[INFO] [parameter_bridge-2]: process started with pid [16903]
[INFO] [pedestrian_state_publisher-3]: process started with pid [16904]
[INFO] [uav_trajectory_controller-4]: process started with pid [16905]
[INFO] [image_pointcloud_relay-5]: process started with pid [16906]
[INFO] [image_pointcloud_relay-6]: process started with pid [16907]
[INFO] [lvdot_yolo_node-7]: process started with pid [16908]
[INFO] [lvdot_detector_main-8]: process started with pid [16909]
[parameter_bridge-2] [INFO] [1777344683.365112575] [ros_gz_bridge]: Creating GZ->ROS Bridge: [/rgbd_camera/image (gz.msgs.Image) -> /rgbd_camera/image (sensor_msgs/msg/Image)] (Lazy 0)
[parameter_bridge-2] [INFO] [1777344683.371212776] [ros_gz_bridge]: Creating GZ->ROS Bridge: [/rgbd_camera/camera_info (gz.msgs.CameraInfo) -> /rgbd_camera/camera_info (sensor_msgs/msg/CameraInfo)] (Lazy 0)
[parameter_bridge-2] [INFO] [1777344683.374280377] [ros_gz_bridge]: Creating GZ->ROS Bridge: [/rgbd_camera/depth_image (gz.msgs.Image) -> /rgbd_camera/depth_image (sensor_msgs/msg/Image)] (Lazy 0)
[parameter_bridge-2] [INFO] [1777344683.375085577] [ros_gz_bridge]: Creating GZ->ROS Bridge: [/rgbd_camera/points (gz.msgs.PointCloudPacked) -> /rgbd_camera/points (sensor_msgs/msg/PointCloud2)] (Lazy 0)
[parameter_bridge-2] [INFO] [1777344683.376239177] [ros_gz_bridge]: Creating GZ->ROS Bridge: [/camera/imu (gz.msgs.IMU) -> /camera/imu (sensor_msgs/msg/Imu)] (Lazy 0)
[parameter_bridge-2] [INFO] [1777344683.377336677] [ros_gz_bridge]: Creating ROS->GZ service bridge [/world/pedestrian_prototype/set_pose (ros_gz_interfaces/srv/SetEntityPose -> /)]
[parameter_bridge-2] [INFO] [1777344683.380656178] [ros_gz_bridge]: Creating ROS->GZ service bridge [/world/pedestrian_prototype/set_pose/blocking (ros_gz_interfaces/srv/SetEntityPose -> /)]
[lvdot_detector_main-8] [INFO] [1777344683.570310806] [lvdot_detector_node]: Config loaded: localization_mode=0 dt=0.033 image=640x480 depth_range=[0.50, 5.00] stage_timers=true vis_stage=false executor_threads=1
[lvdot_detector_main-8] [INFO] [1777344683.692037624] [lvdot_detector_node]: LV-DOT ROS2 skeleton started. depth=/camera/depth/image_rect_raw color=/camera/color/image_raw lidar=/pointcloud pose=/mavros/local_position/pose odom=/mavros/local_position/odom yolo=/yolo_detector/detected_bounding_boxes
[lvdot_detector_main-8] [INFO] [1777344683.692099224] [lvdot_detector_node]: Starting executor with executor_threads=1
[lvdot_detector_main-8] [WARN] [1777344683.692230824] [rclcpp]: MultiThreadedExecutor is used with a single thread.
[lvdot_detector_main-8] Use the SingleThreadedExecutor instead.
[gazebo-1] [INFO] [1777344685.441168486] [pedestrian_pose_sync_system]: Configured pedestrian pose sync plugin on topic [/pedestrian_sim/agent_states] for 8 models.
[uav_trajectory_controller-4] [WARN] [1777344686.363522523] [uav_trajectory_controller]: SetEntityPose request timed out after 0.62s on /world/pedestrian_prototype/set_pose/blocking; dropping the pending request and retrying.
[uav_trajectory_controller-4] [WARN] [1777344686.364644823] [uav_trajectory_controller]: Falling back from /world/pedestrian_prototype/set_pose/blocking to /world/pedestrian_prototype/set_pose.
[lvdot_detector_main-8] [INFO] [1777344689.490475086] [lvdot_detector_node]: Input health: depth=3 color=1 lidar=1 pose=4 odom=4 yolo=2 depth_pose_sync=0 lidar_pose_sync=0 depth_odom_sync=0 lidar_odom_sync=0
[lvdot_detector_main-8] [INFO] [1777344689.490577486] [lvdot_detector_node]: Stage timers: detection=8 lidar_detection=8 tracking=8 classification=6 vis=0
[lvdot_detector_main-8] [INFO] [1777344689.490596686] [lvdot_detector_node]: Processing phases: detection=idle lidar_detection=idle tracking=idle classification=waiting_new_tracking_update
[lvdot_detector_main-8] [INFO] [1777344689.490608486] [lvdot_detector_node]: Pipeline stats: depth_samples=1090/71300 u_map=1 depth_boxes=0 u_map_merge=0 u_map_db=0 u_map_visual=0 u_map_fused=0 u_map_filtered=0 lidar_samples=2484/199325 uv=0 db=11 lidar=3 fused=3 filtered=3 tracks=2 dynamic=0 dyn_points=0 raw_dyn_points=0 service=0/0 split=3->0 (3 outputs) fusion_components=3 visual_only=0 lidar_only=3 yolo_in=0 yolo_match3d=0 yolo_match_det=0 yolo_human=0 fixed_size=0 size_reject=0
[lvdot_detector_main-8] [INFO] [1777344696.375116597] [lvdot_detector_node]: Input health: depth=5 color=3 lidar=3 pose=6 odom=6 yolo=4 depth_pose_sync=0 lidar_pose_sync=0 depth_odom_sync=0 lidar_odom_sync=0
[lvdot_detector_main-8] [INFO] [1777344696.375222397] [lvdot_detector_node]: Stage timers: detection=10 lidar_detection=10 tracking=10 classification=7 vis=0
[lvdot_detector_main-8] [INFO] [1777344696.375237797] [lvdot_detector_node]: Processing phases: detection=idle lidar_detection=idle tracking=idle classification=idle
[lvdot_detector_main-8] [INFO] [1777344696.375248897] [lvdot_detector_node]: Pipeline stats: depth_samples=1343/71300 u_map=0 depth_boxes=0 u_map_merge=0 u_map_db=0 u_map_visual=0 u_map_fused=0 u_map_filtered=0 lidar_samples=2482/199310 uv=0 db=11 lidar=2 fused=2 filtered=2 tracks=3 dynamic=0 dyn_points=0 raw_dyn_points=0 service=0/0 split=2->0 (2 outputs) fusion_components=2 visual_only=0 lidar_only=2 yolo_in=2 yolo_match3d=0 yolo_match_det=0 yolo_human=0 fixed_size=0 size_reject=0
[lvdot_detector_main-8] [INFO] [1777344703.364847321] [lvdot_detector_node]: Input health: depth=7 color=5 lidar=5 pose=8 odom=8 yolo=6 depth_pose_sync=0 lidar_pose_sync=0 depth_odom_sync=0 lidar_odom_sync=0
[lvdot_detector_main-8] [INFO] [1777344703.364919921] [lvdot_detector_node]: Stage timers: detection=12 lidar_detection=12 tracking=12 classification=9 vis=0
[lvdot_detector_main-8] [INFO] [1777344703.364931021] [lvdot_detector_node]: Processing phases: detection=idle lidar_detection=idle tracking=idle classification=idle
[lvdot_detector_main-8] [INFO] [1777344703.364942121] [lvdot_detector_node]: Pipeline stats: depth_samples=1064/71300 u_map=1 depth_boxes=0 u_map_merge=0 u_map_db=0 u_map_visual=0 u_map_fused=0 u_map_filtered=0 lidar_samples=2441/199097 uv=0 db=13 lidar=2 fused=2 filtered=2 tracks=4 dynamic=0 dyn_points=0 raw_dyn_points=0 service=0/0 split=2->0 (2 outputs) fusion_components=2 visual_only=0 lidar_only=2 yolo_in=0 yolo_match3d=0 yolo_match_det=0 yolo_human=0 fixed_size=0 size_reject=0
[lvdot_detector_main-8] [INFO] [1777344711.052253096] [lvdot_detector_node]: Input health: depth=9 color=7 lidar=7 pose=10 odom=10 yolo=8 depth_pose_sync=0 lidar_pose_sync=0 depth_odom_sync=0 lidar_odom_sync=0
[lvdot_detector_main-8] [INFO] [1777344711.052337796] [lvdot_detector_node]: Stage timers: detection=14 lidar_detection=14 tracking=14 classification=11 vis=0
[lvdot_detector_main-8] [INFO] [1777344711.052355196] [lvdot_detector_node]: Processing phases: detection=idle lidar_detection=idle tracking=idle classification=idle
[lvdot_detector_main-8] [INFO] [1777344711.052368796] [lvdot_detector_node]: Pipeline stats: depth_samples=1348/71300 u_map=2 depth_boxes=0 u_map_merge=0 u_map_db=0 u_map_visual=0 u_map_fused=0 u_map_filtered=0 lidar_samples=3330/141579 uv=1 db=8 lidar=69 fused=70 filtered=70 tracks=4 dynamic=0 dyn_points=0 raw_dyn_points=0 service=0/0 split=70->0 (70 outputs) fusion_components=70 visual_only=1 lidar_only=69 yolo_in=2 yolo_match3d=2 yolo_match_det=2 yolo_human=2 fixed_size=0 size_reject=1
[lvdot_detector_main-8] [INFO] [1777344716.942638461] [lvdot_detector_node]: Input health: depth=16 color=14 lidar=7 pose=17 odom=17 yolo=15 depth_pose_sync=0 lidar_pose_sync=0 depth_odom_sync=0 lidar_odom_sync=0
[lvdot_detector_main-8] [INFO] [1777344716.943265661] [lvdot_detector_node]: Stage timers: detection=21 lidar_detection=21 tracking=21 classification=18 vis=0
[lvdot_detector_main-8] [INFO] [1777344716.943280061] [lvdot_detector_node]: Processing phases: detection=idle lidar_detection=waiting_new_lidar tracking=idle classification=idle
[lvdot_detector_main-8] [INFO] [1777344716.943290061] [lvdot_detector_node]: Pipeline stats: depth_samples=1487/71300 u_map=1 depth_boxes=0 u_map_merge=0 u_map_db=0 u_map_visual=0 u_map_fused=0 u_map_filtered=0 lidar_samples=3330/141579 uv=0 db=12 lidar=69 fused=69 filtered=69 tracks=69 dynamic=4 dyn_points=0 raw_dyn_points=0 service=0/0 split=69->0 (69 outputs) fusion_components=69 visual_only=0 lidar_only=69 yolo_in=1 yolo_match3d=1 yolo_match_det=1 yolo_human=1 fixed_size=0 size_reject=0
[lvdot_detector_main-8] [INFO] [1777344726.463638539] [lvdot_detector_node]: Input health: depth=22 color=20 lidar=8 pose=23 odom=23 yolo=21 depth_pose_sync=0 lidar_pose_sync=0 depth_odom_sync=0 lidar_odom_sync=0
[lvdot_detector_main-8] [INFO] [1777344726.464921481] [lvdot_detector_node]: Stage timers: detection=27 lidar_detection=27 tracking=27 classification=24 vis=0
[lvdot_detector_main-8] [INFO] [1777344726.465297241] [lvdot_detector_node]: Processing phases: detection=idle lidar_detection=idle tracking=idle classification=idle
[lvdot_detector_main-8] [INFO] [1777344726.465312514] [lvdot_detector_node]: Pipeline stats: depth_samples=1069/57730 u_map=3 depth_boxes=0 u_map_merge=0 u_map_db=0 u_map_visual=0 u_map_fused=0 u_map_filtered=0 lidar_samples=3453/107906 uv=1 db=12 lidar=9 fused=10 filtered=10 tracks=69 dynamic=1 dyn_points=0 raw_dyn_points=0 service=0/0 split=10->0 (10 outputs) fusion_components=10 visual_only=1 lidar_only=9 yolo_in=1 yolo_match3d=0 yolo_match_det=0 yolo_human=0 fixed_size=68 size_reject=0
[lvdot_detector_main-8] [INFO] [1777344728.323647458] [lvdot_detector_node]: get_dynamic_obstacles responded with 1 obstacles from 1 tracked dynamic boxes.
[uav_trajectory_controller-4] [WARN] [1777344731.330767415] [uav_trajectory_controller]: SetEntityPose request timed out after 0.62s on /world/pedestrian_prototype/set_pose; dropping the pending request and retrying.
[lvdot_detector_main-8] [INFO] [1777344732.679301042] [lvdot_detector_node]: Input health: depth=29 color=27 lidar=8 pose=30 odom=30 yolo=28 depth_pose_sync=0 lidar_pose_sync=0 depth_odom_sync=0 lidar_odom_sync=0
[lvdot_detector_main-8] [INFO] [1777344732.681784453] [lvdot_detector_node]: Stage timers: detection=34 lidar_detection=34 tracking=34 classification=28 vis=0
[lvdot_detector_main-8] [INFO] [1777344732.681835917] [lvdot_detector_node]: Processing phases: detection=idle lidar_detection=waiting_new_lidar tracking=idle classification=idle
[lvdot_detector_main-8] [INFO] [1777344732.681855216] [lvdot_detector_node]: Pipeline stats: depth_samples=1042/71300 u_map=2 depth_boxes=0 u_map_merge=0 u_map_db=0 u_map_visual=0 u_map_fused=0 u_map_filtered=0 lidar_samples=3453/107906 uv=0 db=8 lidar=9 fused=9 filtered=9 tracks=9 dynamic=1 dyn_points=0 raw_dyn_points=0 service=1/1 split=9->0 (9 outputs) fusion_components=9 visual_only=0 lidar_only=9 yolo_in=3 yolo_match3d=0 yolo_match_det=0 yolo_human=0 fixed_size=2 size_reject=0
[lvdot_detector_main-8] [INFO] [1777344735.508574827] [lvdot_detector_node]: get_dynamic_obstacles responded with 1 obstacles from 1 tracked dynamic boxes.
[lvdot_detector_main-8] [INFO] [1777344743.576539623] [lvdot_detector_node]: Input health: depth=34 color=32 lidar=10 pose=35 odom=35 yolo=33 depth_pose_sync=0 lidar_pose_sync=0 depth_odom_sync=0 lidar_odom_sync=0
[lvdot_detector_main-8] [INFO] [1777344743.576656558] [lvdot_detector_node]: Stage timers: detection=39 lidar_detection=39 tracking=39 classification=31 vis=0
[lvdot_detector_main-8] [INFO] [1777344743.576668772] [lvdot_detector_node]: Processing phases: detection=idle lidar_detection=idle tracking=idle classification=idle
[lvdot_detector_main-8] [INFO] [1777344743.576678283] [lvdot_detector_node]: Pipeline stats: depth_samples=1680/71300 u_map=3 depth_boxes=0 u_map_merge=0 u_map_db=0 u_map_visual=0 u_map_fused=0 u_map_filtered=0 lidar_samples=2563/203016 uv=0 db=14 lidar=1 fused=1 filtered=1 tracks=69 dynamic=1 dyn_points=0 raw_dyn_points=0 service=2/1 split=1->1 (1 outputs) fusion_components=1 visual_only=0 lidar_only=1 yolo_in=4 yolo_match3d=1 yolo_match_det=2 yolo_human=1 fixed_size=0 size_reject=1
[lvdot_detector_main-8] [INFO] [1777344744.423557866] [lvdot_detector_node]: get_dynamic_obstacles responded with 1 obstacles from 1 tracked dynamic boxes.
[lvdot_detector_main-8] [INFO] [1777344751.731196283] [lvdot_detector_node]: Input health: depth=40 color=38 lidar=11 pose=41 odom=41 yolo=39 depth_pose_sync=0 lidar_pose_sync=0 depth_odom_sync=0 lidar_odom_sync=0
[lvdot_detector_main-8] [INFO] [1777344751.732827935] [lvdot_detector_node]: Stage timers: detection=45 lidar_detection=45 tracking=45 classification=34 vis=0
[lvdot_detector_main-8] [INFO] [1777344751.734426127] [lvdot_detector_node]: Processing phases: detection=idle lidar_detection=idle tracking=idle classification=idle
[lvdot_detector_main-8] [INFO] [1777344751.734450597] [lvdot_detector_node]: Pipeline stats: depth_samples=1090/71300 u_map=1 depth_boxes=0 u_map_merge=0 u_map_db=0 u_map_visual=0 u_map_fused=0 u_map_filtered=0 lidar_samples=3441/107850 uv=0 db=11 lidar=8 fused=8 filtered=8 tracks=1 dynamic=1 dyn_points=0 raw_dyn_points=0 service=3/1 split=8->0 (8 outputs) fusion_components=8 visual_only=0 lidar_only=8 yolo_in=1 yolo_match3d=0 yolo_match_det=0 yolo_human=0 fixed_size=0 size_reject=0
[lvdot_detector_main-8] [INFO] [1777344752.668793600] [lvdot_detector_node]: get_dynamic_obstacles responded with 1 obstacles from 1 tracked dynamic boxes.
[lvdot_detector_main-8] [INFO] [1777344757.010483400] [lvdot_detector_node]: Input health: depth=46 color=44 lidar=11 pose=47 odom=47 yolo=45 depth_pose_sync=0 lidar_pose_sync=0 depth_odom_sync=0 lidar_odom_sync=0
[lvdot_detector_main-8] [INFO] [1777344757.010726092] [lvdot_detector_node]: Stage timers: detection=51 lidar_detection=51 tracking=51 classification=37 vis=0
[lvdot_detector_main-8] [INFO] [1777344757.010746592] [lvdot_detector_node]: Processing phases: detection=idle lidar_detection=waiting_new_lidar tracking=idle classification=idle
[lvdot_detector_main-8] [INFO] [1777344757.010761091] [lvdot_detector_node]: Pipeline stats: depth_samples=864/71300 u_map=2 depth_boxes=0 u_map_merge=0 u_map_db=0 u_map_visual=0 u_map_fused=0 u_map_filtered=0 lidar_samples=3441/107850 uv=2 db=11 lidar=8 fused=10 filtered=10 tracks=9 dynamic=1 dyn_points=0 raw_dyn_points=0 service=4/1 split=10->0 (10 outputs) fusion_components=10 visual_only=2 lidar_only=8 yolo_in=1 yolo_match3d=1 yolo_match_det=1 yolo_human=1 fixed_size=0 size_reject=0
[lvdot_detector_main-8] [INFO] [1777344760.941733418] [lvdot_detector_node]: get_dynamic_obstacles responded with 1 obstacles from 1 tracked dynamic boxes.
[lvdot_detector_main-8] [INFO] [1777344765.830974047] [lvdot_detector_node]: Input health: depth=52 color=50 lidar=12 pose=53 odom=53 yolo=51 depth_pose_sync=0 lidar_pose_sync=0 depth_odom_sync=0 lidar_odom_sync=0
[lvdot_detector_main-8] [INFO] [1777344765.831037441] [lvdot_detector_node]: Stage timers: detection=57 lidar_detection=57 tracking=57 classification=40 vis=0
[lvdot_detector_main-8] [INFO] [1777344765.831048639] [lvdot_detector_node]: Processing phases: detection=idle lidar_detection=idle tracking=idle classification=idle
[lvdot_detector_main-8] [INFO] [1777344765.831058039] [lvdot_detector_node]: Pipeline stats: depth_samples=1633/71300 u_map=2 depth_boxes=0 u_map_merge=0 u_map_db=0 u_map_visual=0 u_map_fused=0 u_map_filtered=0 lidar_samples=2352/221969 uv=0 db=11 lidar=1 fused=1 filtered=1 tracks=9 dynamic=1 dyn_points=0 raw_dyn_points=0 service=5/1 split=1->0 (1 outputs) fusion_components=1 visual_only=0 lidar_only=1 yolo_in=1 yolo_match3d=0 yolo_match_det=0 yolo_human=0 fixed_size=8 size_reject=0
[lvdot_detector_main-8] [INFO] [1777344769.579968840] [lvdot_detector_node]: get_dynamic_obstacles responded with 1 obstacles from 1 tracked dynamic boxes.
[lvdot_detector_main-8] [INFO] [1777344771.375791718] [lvdot_detector_node]: Input health: depth=58 color=56 lidar=12 pose=59 odom=59 yolo=57 depth_pose_sync=0 lidar_pose_sync=0 depth_odom_sync=0 lidar_odom_sync=0
[lvdot_detector_main-8] [INFO] [1777344771.376360211] [lvdot_detector_node]: Stage timers: detection=63 lidar_detection=63 tracking=63 classification=45 vis=0
[lvdot_detector_main-8] [INFO] [1777344771.376373511] [lvdot_detector_node]: Processing phases: detection=idle lidar_detection=waiting_new_lidar tracking=idle classification=idle
[lvdot_detector_main-8] [INFO] [1777344771.376383311] [lvdot_detector_node]: Pipeline stats: depth_samples=1092/71300 u_map=2 depth_boxes=0 u_map_merge=0 u_map_db=0 u_map_visual=0 u_map_fused=0 u_map_filtered=0 lidar_samples=2352/221969 uv=1 db=12 lidar=1 fused=2 filtered=2 tracks=1 dynamic=1 dyn_points=0 raw_dyn_points=0 service=6/1 split=2->0 (2 outputs) fusion_components=2 visual_only=1 lidar_only=1 yolo_in=2 yolo_match3d=0 yolo_match_det=0 yolo_human=0 fixed_size=0 size_reject=0
[lvdot_detector_main-8] [INFO] [1777344776.855366552] [lvdot_detector_node]: Input health: depth=64 color=62 lidar=12 pose=65 odom=65 yolo=63 depth_pose_sync=0 lidar_pose_sync=0 depth_odom_sync=0 lidar_odom_sync=0
[lvdot_detector_main-8] [INFO] [1777344776.856451066] [lvdot_detector_node]: Stage timers: detection=69 lidar_detection=69 tracking=69 classification=50 vis=0
[lvdot_detector_main-8] [INFO] [1777344776.857139966] [lvdot_detector_node]: Processing phases: detection=idle lidar_detection=waiting_new_lidar tracking=idle classification=idle
[lvdot_detector_main-8] [INFO] [1777344776.857450456] [lvdot_detector_node]: Pipeline stats: depth_samples=859/71300 u_map=2 depth_boxes=0 u_map_merge=0 u_map_db=0 u_map_visual=0 u_map_fused=0 u_map_filtered=0 lidar_samples=2352/221969 uv=1 db=5 lidar=1 fused=2 filtered=2 tracks=2 dynamic=1 dyn_points=0 raw_dyn_points=0 service=6/1 split=2->0 (2 outputs) fusion_components=2 visual_only=1 lidar_only=1 yolo_in=0 yolo_match3d=0 yolo_match_det=0 yolo_human=0 fixed_size=1 size_reject=0
[lvdot_detector_main-8] [INFO] [1777344777.651112625] [lvdot_detector_node]: get_dynamic_obstacles responded with 1 obstacles from 1 tracked dynamic boxes.
[lvdot_detector_main-8] [INFO] [1777344783.891749793] [lvdot_detector_node]: Input health: depth=69 color=67 lidar=13 pose=70 odom=70 yolo=68 depth_pose_sync=0 lidar_pose_sync=0 depth_odom_sync=0 lidar_odom_sync=0
[lvdot_detector_main-8] [INFO] [1777344783.891857141] [lvdot_detector_node]: Stage timers: detection=74 lidar_detection=74 tracking=74 classification=54 vis=0
[lvdot_detector_main-8] [INFO] [1777344783.891872777] [lvdot_detector_node]: Processing phases: detection=idle lidar_detection=waiting_new_lidar tracking=idle classification=idle
[lvdot_detector_main-8] [INFO] [1777344783.891884304] [lvdot_detector_node]: Pipeline stats: depth_samples=1316/71300 u_map=0 depth_boxes=0 u_map_merge=0 u_map_db=0 u_map_visual=0 u_map_fused=0 u_map_filtered=0 lidar_samples=2434/199389 uv=0 db=9 lidar=2 fused=2 filtered=2 tracks=3 dynamic=1 dyn_points=0 raw_dyn_points=0 service=7/1 split=2->0 (2 outputs) fusion_components=2 visual_only=0 lidar_only=2 yolo_in=1 yolo_match3d=0 yolo_match_det=0 yolo_human=0 fixed_size=0 size_reject=0
[lvdot_detector_main-8] [INFO] [1777344784.875806909] [lvdot_detector_node]: get_dynamic_obstacles responded with 1 obstacles from 1 tracked dynamic boxes.
[lvdot_detector_main-8] [INFO] [1777344790.698021012] [lvdot_detector_node]: Input health: depth=76 color=74 lidar=13 pose=77 odom=77 yolo=75 depth_pose_sync=0 lidar_pose_sync=0 depth_odom_sync=0 lidar_odom_sync=0
[lvdot_detector_main-8] [INFO] [1777344790.699197308] [lvdot_detector_node]: Stage timers: detection=81 lidar_detection=81 tracking=81 classification=60 vis=0
[lvdot_detector_main-8] [INFO] [1777344790.699829206] [lvdot_detector_node]: Processing phases: detection=idle lidar_detection=waiting_new_lidar tracking=idle classification=idle
[lvdot_detector_main-8] [INFO] [1777344790.700513303] [lvdot_detector_node]: Pipeline stats: depth_samples=1180/71300 u_map=4 depth_boxes=0 u_map_merge=0 u_map_db=0 u_map_visual=0 u_map_fused=0 u_map_filtered=0 lidar_samples=2434/199389 uv=1 db=12 lidar=2 fused=3 filtered=3 tracks=3 dynamic=1 dyn_points=0 raw_dyn_points=0 service=8/1 split=3->0 (3 outputs) fusion_components=3 visual_only=1 lidar_only=2 yolo_in=2 yolo_match3d=0 yolo_match_det=0 yolo_human=0 fixed_size=0 size_reject=0
[lvdot_detector_main-8] [INFO] [1777344794.542934762] [lvdot_detector_node]: get_dynamic_obstacles responded with 2 obstacles from 2 tracked dynamic boxes.
[lvdot_detector_main-8] [INFO] [1777344797.350836799] [lvdot_detector_node]: Input health: depth=83 color=81 lidar=13 pose=84 odom=84 yolo=82 depth_pose_sync=0 lidar_pose_sync=0 depth_odom_sync=0 lidar_odom_sync=0
[lvdot_detector_main-8] [INFO] [1777344797.350907298] [lvdot_detector_node]: Stage timers: detection=88 lidar_detection=88 tracking=88 classification=66 vis=0
[lvdot_detector_main-8] [INFO] [1777344797.350925198] [lvdot_detector_node]: Processing phases: detection=idle lidar_detection=waiting_new_lidar tracking=idle classification=idle
[lvdot_detector_main-8] [INFO] [1777344797.350937198] [lvdot_detector_node]: Pipeline stats: depth_samples=1083/71300 u_map=2 depth_boxes=0 u_map_merge=0 u_map_db=0 u_map_visual=0 u_map_fused=0 u_map_filtered=0 lidar_samples=2434/199389 uv=0 db=11 lidar=2 fused=2 filtered=2 tracks=5 dynamic=2 dyn_points=0 raw_dyn_points=0 service=9/2 split=2->0 (2 outputs) fusion_components=2 visual_only=0 lidar_only=2 yolo_in=2 yolo_match3d=0 yolo_match_det=0 yolo_human=0 fixed_size=2 size_reject=0
[lvdot_detector_main-8] [INFO] [1777344803.437386665] [lvdot_detector_node]: Input health: depth=90 color=88 lidar=13 pose=91 odom=91 yolo=87 depth_pose_sync=0 lidar_pose_sync=0 depth_odom_sync=0 lidar_odom_sync=0
[lvdot_detector_main-8] [INFO] [1777344803.437489565] [lvdot_detector_node]: Stage timers: detection=95 lidar_detection=95 tracking=95 classification=70 vis=0
[lvdot_detector_main-8] [INFO] [1777344803.437510065] [lvdot_detector_node]: Processing phases: detection=idle lidar_detection=waiting_new_lidar tracking=idle classification=idle
[lvdot_detector_main-8] [INFO] [1777344803.437524565] [lvdot_detector_node]: Pipeline stats: depth_samples=1388/71300 u_map=0 depth_boxes=0 u_map_merge=0 u_map_db=0 u_map_visual=0 u_map_fused=0 u_map_filtered=0 lidar_samples=2434/199389 uv=0 db=11 lidar=2 fused=2 filtered=2 tracks=2 dynamic=1 dyn_points=0 raw_dyn_points=0 service=9/2 split=2->0 (2 outputs) fusion_components=2 visual_only=0 lidar_only=2 yolo_in=1 yolo_match3d=0 yolo_match_det=0 yolo_human=0 fixed_size=2 size_reject=0
[lvdot_detector_main-8] [INFO] [1777344805.326590303] [lvdot_detector_node]: get_dynamic_obstacles responded with 1 obstacles from 1 tracked dynamic boxes.
[lvdot_detector_main-8] [INFO] [1777344809.160432981] [lvdot_detector_node]: Input health: depth=96 color=94 lidar=13 pose=97 odom=97 yolo=93 depth_pose_sync=0 lidar_pose_sync=0 depth_odom_sync=0 lidar_odom_sync=0
[lvdot_detector_main-8] [INFO] [1777344809.160515781] [lvdot_detector_node]: Stage timers: detection=101 lidar_detection=101 tracking=101 classification=74 vis=0
[lvdot_detector_main-8] [INFO] [1777344809.160533781] [lvdot_detector_node]: Processing phases: detection=idle lidar_detection=waiting_new_lidar tracking=idle classification=idle
[lvdot_detector_main-8] [INFO] [1777344809.160546681] [lvdot_detector_node]: Pipeline stats: depth_samples=1121/71300 u_map=2 depth_boxes=0 u_map_merge=0 u_map_db=0 u_map_visual=0 u_map_fused=0 u_map_filtered=0 lidar_samples=2434/199389 uv=0 db=11 lidar=2 fused=2 filtered=2 tracks=2 dynamic=1 dyn_points=0 raw_dyn_points=0 service=10/1 split=2->0 (2 outputs) fusion_components=2 visual_only=0 lidar_only=2 yolo_in=1 yolo_match3d=0 yolo_match_det=0 yolo_human=0 fixed_size=2 size_reject=0
[lvdot_detector_main-8] [INFO] [1777344815.028166019] [lvdot_detector_node]: get_dynamic_obstacles responded with 1 obstacles from 1 tracked dynamic boxes.
[lvdot_detector_main-8] [INFO] [1777344817.344997518] [lvdot_detector_node]: Input health: depth=102 color=100 lidar=14 pose=103 odom=103 yolo=98 depth_pose_sync=0 lidar_pose_sync=0 depth_odom_sync=0 lidar_odom_sync=0
[lvdot_detector_main-8] [INFO] [1777344817.345072917] [lvdot_detector_node]: Stage timers: detection=107 lidar_detection=107 tracking=107 classification=78 vis=0
[lvdot_detector_main-8] [INFO] [1777344817.345084817] [lvdot_detector_node]: Processing phases: detection=idle lidar_detection=waiting_new_lidar tracking=idle classification=idle
[lvdot_detector_main-8] [INFO] [1777344817.345094917] [lvdot_detector_node]: Pipeline stats: depth_samples=1034/71300 u_map=1 depth_boxes=0 u_map_merge=0 u_map_db=0 u_map_visual=0 u_map_fused=0 u_map_filtered=0 lidar_samples=3361/108039 uv=0 db=12 lidar=4 fused=4 filtered=4 tracks=5 dynamic=1 dyn_points=0 raw_dyn_points=0 service=11/1 split=4->0 (4 outputs) fusion_components=4 visual_only=0 lidar_only=4 yolo_in=0 yolo_match3d=0 yolo_match_det=0 yolo_human=0 fixed_size=0 size_reject=0
[lvdot_detector_main-8] [INFO] [1777344828.818905394] [lvdot_detector_node]: Input health: depth=106 color=104 lidar=17 pose=107 odom=107 yolo=102 depth_pose_sync=0 lidar_pose_sync=0 depth_odom_sync=0 lidar_odom_sync=0
[lvdot_detector_main-8] [INFO] [1777344828.819012794] [lvdot_detector_node]: Stage timers: detection=111 lidar_detection=111 tracking=111 classification=80 vis=0
[lvdot_detector_main-8] [INFO] [1777344828.819027694] [lvdot_detector_node]: Processing phases: detection=idle lidar_detection=idle tracking=idle classification=idle
[lvdot_detector_main-8] [INFO] [1777344828.819037195] [lvdot_detector_node]: Pipeline stats: depth_samples=1086/71300 u_map=3 depth_boxes=0 u_map_merge=0 u_map_db=0 u_map_visual=0 u_map_fused=0 u_map_filtered=0 lidar_samples=2503/205621 uv=2 db=10 lidar=1 fused=2 filtered=2 tracks=3 dynamic=1 dyn_points=0 raw_dyn_points=0 service=11/1 split=2->0 (2 outputs) fusion_components=2 visual_only=1 lidar_only=0 yolo_in=1 yolo_match3d=0 yolo_match_det=0 yolo_human=0 fixed_size=0 size_reject=0
[lvdot_detector_main-8] [INFO] [1777344828.819688095] [lvdot_detector_node]: get_dynamic_obstacles responded with 1 obstacles from 1 tracked dynamic boxes.
[lvdot_detector_main-8] [INFO] [1777344834.619223095] [lvdot_detector_node]: Input health: depth=108 color=106 lidar=18 pose=109 odom=109 yolo=104 depth_pose_sync=0 lidar_pose_sync=0 depth_odom_sync=0 lidar_odom_sync=0
[lvdot_detector_main-8] [INFO] [1777344834.620241496] [lvdot_detector_node]: Stage timers: detection=113 lidar_detection=113 tracking=113 classification=81 vis=0
[lvdot_detector_main-8] [INFO] [1777344834.620260896] [lvdot_detector_node]: Processing phases: detection=idle lidar_detection=idle tracking=idle classification=idle
[lvdot_detector_main-8] [INFO] [1777344834.620272396] [lvdot_detector_node]: Pipeline stats: depth_samples=1542/71300 u_map=2 depth_boxes=0 u_map_merge=0 u_map_db=0 u_map_visual=0 u_map_fused=0 u_map_filtered=0 lidar_samples=3485/137913 uv=1 db=12 lidar=75 fused=76 filtered=76 tracks=1 dynamic=1 dyn_points=0 raw_dyn_points=0 service=12/1 split=76->0 (76 outputs) fusion_components=76 visual_only=1 lidar_only=75 yolo_in=2 yolo_match3d=2 yolo_match_det=2 yolo_human=2 fixed_size=0 size_reject=0
[lvdot_detector_main-8] [INFO] [1777344839.573232626] [lvdot_detector_node]: get_dynamic_obstacles responded with 1 obstacles from 1 tracked dynamic boxes.
[lvdot_detector_main-8] [INFO] [1777344841.325189797] [lvdot_detector_node]: Input health: depth=115 color=113 lidar=18 pose=116 odom=116 yolo=111 depth_pose_sync=0 lidar_pose_sync=0 depth_odom_sync=0 lidar_odom_sync=0
[lvdot_detector_main-8] [INFO] [1777344841.325252597] [lvdot_detector_node]: Stage timers: detection=120 lidar_detection=120 tracking=120 classification=87 vis=0
[lvdot_detector_main-8] [INFO] [1777344841.325263497] [lvdot_detector_node]: Processing phases: detection=idle lidar_detection=waiting_new_lidar tracking=idle classification=idle
[lvdot_detector_main-8] [INFO] [1777344841.325273397] [lvdot_detector_node]: Pipeline stats: depth_samples=222/68789 u_map=2 depth_boxes=0 u_map_merge=0 u_map_db=0 u_map_visual=0 u_map_fused=0 u_map_filtered=0 lidar_samples=3485/137913 uv=1 db=2 lidar=75 fused=76 filtered=76 tracks=76 dynamic=1 dyn_points=0 raw_dyn_points=0 service=13/1 split=76->0 (76 outputs) fusion_components=76 visual_only=1 lidar_only=75 yolo_in=1 yolo_match3d=1 yolo_match_det=1 yolo_human=1 fixed_size=0 size_reject=0
[lvdot_detector_main-8] [INFO] [1777344846.917213158] [lvdot_detector_node]: Input health: depth=121 color=119 lidar=18 pose=122 odom=122 yolo=117 depth_pose_sync=0 lidar_pose_sync=0 depth_odom_sync=0 lidar_odom_sync=0
[lvdot_detector_main-8] [INFO] [1777344846.917317259] [lvdot_detector_node]: Stage timers: detection=126 lidar_detection=126 tracking=126 classification=93 vis=0
[lvdot_detector_main-8] [INFO] [1777344846.917335359] [lvdot_detector_node]: Processing phases: detection=idle lidar_detection=waiting_new_lidar tracking=idle classification=idle
[lvdot_detector_main-8] [INFO] [1777344846.917348059] [lvdot_detector_node]: Pipeline stats: depth_samples=990/71300 u_map=2 depth_boxes=0 u_map_merge=0 u_map_db=0 u_map_visual=0 u_map_fused=0 u_map_filtered=0 lidar_samples=3485/137913 uv=1 db=11 lidar=75 fused=76 filtered=76 tracks=79 dynamic=1 dyn_points=0 raw_dyn_points=0 service=13/1 split=76->0 (76 outputs) fusion_components=76 visual_only=1 lidar_only=75 yolo_in=1 yolo_match3d=0 yolo_match_det=0 yolo_human=0 fixed_size=75 size_reject=0
[lvdot_detector_main-8] [INFO] [1777344848.987429590] [lvdot_detector_node]: get_dynamic_obstacles responded with 1 obstacles from 1 tracked dynamic boxes.
[lvdot_detector_main-8] [INFO] [1777344853.697080649] [lvdot_detector_node]: Input health: depth=127 color=125 lidar=18 pose=128 odom=128 yolo=123 depth_pose_sync=0 lidar_pose_sync=0 depth_odom_sync=0 lidar_odom_sync=0
[lvdot_detector_main-8] [INFO] [1777344853.697144549] [lvdot_detector_node]: Stage timers: detection=132 lidar_detection=132 tracking=132 classification=99 vis=0
[lvdot_detector_main-8] [INFO] [1777344853.697155849] [lvdot_detector_node]: Processing phases: detection=idle lidar_detection=waiting_new_lidar tracking=idle classification=idle
[lvdot_detector_main-8] [INFO] [1777344853.697165149] [lvdot_detector_node]: Pipeline stats: depth_samples=1501/71300 u_map=5 depth_boxes=0 u_map_merge=0 u_map_db=0 u_map_visual=0 u_map_fused=0 u_map_filtered=0 lidar_samples=3485/137913 uv=4 db=16 lidar=75 fused=79 filtered=79 tracks=77 dynamic=1 dyn_points=0 raw_dyn_points=0 service=14/1 split=79->0 (79 outputs) fusion_components=79 visual_only=4 lidar_only=75 yolo_in=1 yolo_match3d=1 yolo_match_det=1 yolo_human=1 fixed_size=74 size_reject=0
[lvdot_detector_main-8] [INFO] [1777344859.429480284] [lvdot_detector_node]: Input health: depth=130 color=128 lidar=19 pose=131 odom=131 yolo=126 depth_pose_sync=0 lidar_pose_sync=0 depth_odom_sync=0 lidar_odom_sync=0
[lvdot_detector_main-8] [INFO] [1777344859.430547584] [lvdot_detector_node]: Stage timers: detection=135 lidar_detection=135 tracking=135 classification=102 vis=0
[lvdot_detector_main-8] [INFO] [1777344859.431157584] [lvdot_detector_node]: Processing phases: detection=idle lidar_detection=waiting_new_lidar tracking=idle classification=idle
[lvdot_detector_main-8] [INFO] [1777344859.431866884] [lvdot_detector_node]: Pipeline stats: depth_samples=1091/71300 u_map=2 depth_boxes=0 u_map_merge=0 u_map_db=0 u_map_visual=0 u_map_fused=0 u_map_filtered=0 lidar_samples=2580/202531 uv=1 db=12 lidar=3 fused=4 filtered=4 tracks=3 dynamic=1 dyn_points=0 raw_dyn_points=0 service=14/1 split=4->0 (4 outputs) fusion_components=4 visual_only=1 lidar_only=3 yolo_in=1 yolo_match3d=0 yolo_match_det=0 yolo_human=0 fixed_size=0 size_reject=0
[lvdot_detector_main-8] [INFO] [1777344859.433517685] [lvdot_detector_node]: get_dynamic_obstacles responded with 1 obstacles from 1 tracked dynamic boxes.
[lvdot_detector_main-8] [INFO] [1777344864.887252130] [lvdot_detector_node]: Input health: depth=136 color=134 lidar=19 pose=137 odom=137 yolo=132 depth_pose_sync=0 lidar_pose_sync=0 depth_odom_sync=0 lidar_odom_sync=0
[lvdot_detector_main-8] [INFO] [1777344864.887314530] [lvdot_detector_node]: Stage timers: detection=141 lidar_detection=141 tracking=141 classification=105 vis=0
[lvdot_detector_main-8] [INFO] [1777344864.887325530] [lvdot_detector_node]: Processing phases: detection=idle lidar_detection=waiting_new_lidar tracking=idle classification=idle
[lvdot_detector_main-8] [INFO] [1777344864.887334930] [lvdot_detector_node]: Pipeline stats: depth_samples=1478/71300 u_map=3 depth_boxes=0 u_map_merge=0 u_map_db=0 u_map_visual=0 u_map_fused=0 u_map_filtered=0 lidar_samples=2580/202531 uv=1 db=9 lidar=3 fused=4 filtered=4 tracks=3 dynamic=1 dyn_points=0 raw_dyn_points=0 service=15/1 split=4->0 (4 outputs) fusion_components=4 visual_only=1 lidar_only=3 yolo_in=1 yolo_match3d=0 yolo_match_det=0 yolo_human=0 fixed_size=0 size_reject=0
[lvdot_detector_main-8] [INFO] [1777344872.522946157] [lvdot_detector_node]: get_dynamic_obstacles responded with 1 obstacles from 1 tracked dynamic boxes.
[lvdot_detector_main-8] [INFO] [1777344873.439358639] [lvdot_detector_node]: Input health: depth=142 color=140 lidar=20 pose=143 odom=143 yolo=138 depth_pose_sync=0 lidar_pose_sync=0 depth_odom_sync=0 lidar_odom_sync=0
[lvdot_detector_main-8] [INFO] [1777344873.440550139] [lvdot_detector_node]: Stage timers: detection=147 lidar_detection=147 tracking=147 classification=110 vis=0
[lvdot_detector_main-8] [INFO] [1777344873.440570239] [lvdot_detector_node]: Processing phases: detection=idle lidar_detection=waiting_new_lidar tracking=idle classification=idle
[lvdot_detector_main-8] [INFO] [1777344873.440583839] [lvdot_detector_node]: Pipeline stats: depth_samples=1129/71300 u_map=2 depth_boxes=0 u_map_merge=0 u_map_db=0 u_map_visual=0 u_map_fused=0 u_map_filtered=0 lidar_samples=2573/202430 uv=0 db=12 lidar=2 fused=2 filtered=2 tracks=2 dynamic=1 dyn_points=0 raw_dyn_points=0 service=16/1 split=2->0 (2 outputs) fusion_components=2 visual_only=0 lidar_only=2 yolo_in=0 yolo_match3d=0 yolo_match_det=0 yolo_human=0 fixed_size=0 size_reject=0
[lvdot_detector_main-8] [INFO] [1777344880.834307126] [lvdot_detector_node]: Input health: depth=147 color=145 lidar=21 pose=148 odom=148 yolo=143 depth_pose_sync=0 lidar_pose_sync=0 depth_odom_sync=0 lidar_odom_sync=0
[lvdot_detector_main-8] [INFO] [1777344880.834369677] [lvdot_detector_node]: Stage timers: detection=152 lidar_detection=152 tracking=152 classification=113 vis=0
[lvdot_detector_main-8] [INFO] [1777344880.834379499] [lvdot_detector_node]: Processing phases: detection=idle lidar_detection=waiting_new_lidar tracking=idle classification=idle
[lvdot_detector_main-8] [INFO] [1777344880.834386840] [lvdot_detector_node]: Pipeline stats: depth_samples=1245/71300 u_map=3 depth_boxes=0 u_map_merge=0 u_map_db=0 u_map_visual=0 u_map_fused=0 u_map_filtered=0 lidar_samples=2432/202986 uv=2 db=7 lidar=3 fused=5 filtered=5 tracks=4 dynamic=1 dyn_points=0 raw_dyn_points=0 service=16/1 split=5->0 (5 outputs) fusion_components=5 visual_only=2 lidar_only=3 yolo_in=1 yolo_match3d=1 yolo_match_det=1 yolo_human=1 fixed_size=0 size_reject=0
[lvdot_detector_main-8] [INFO] [1777344880.834954355] [lvdot_detector_node]: get_dynamic_obstacles responded with 1 obstacles from 1 tracked dynamic boxes.
[lvdot_detector_main-8] [INFO] [1777344889.965831243] [lvdot_detector_node]: Input health: depth=154 color=152 lidar=22 pose=155 odom=155 yolo=150 depth_pose_sync=0 lidar_pose_sync=0 depth_odom_sync=0 lidar_odom_sync=0
[lvdot_detector_main-8] [INFO] [1777344889.966402811] [lvdot_detector_node]: Stage timers: detection=159 lidar_detection=159 tracking=159 classification=118 vis=0
[lvdot_detector_main-8] [INFO] [1777344889.966416550] [lvdot_detector_node]: Processing phases: detection=idle lidar_detection=idle tracking=idle classification=idle
[lvdot_detector_main-8] [INFO] [1777344889.966426247] [lvdot_detector_node]: Pipeline stats: depth_samples=1102/71300 u_map=2 depth_boxes=0 u_map_merge=0 u_map_db=0 u_map_visual=0 u_map_fused=0 u_map_filtered=0 lidar_samples=2468/202658 uv=0 db=10 lidar=2 fused=2 filtered=2 tracks=5 dynamic=1 dyn_points=0 raw_dyn_points=0 service=17/1 split=2->0 (2 outputs) fusion_components=2 visual_only=0 lidar_only=2 yolo_in=1 yolo_match3d=0 yolo_match_det=0 yolo_human=0 fixed_size=3 size_reject=1
[lvdot_detector_main-8] [INFO] [1777344890.871592700] [lvdot_detector_node]: get_dynamic_obstacles responded with 1 obstacles from 1 tracked dynamic boxes.
[lvdot_detector_main-8] [INFO] [1777344897.387624844] [lvdot_detector_node]: Input health: depth=162 color=160 lidar=22 pose=163 odom=163 yolo=158 depth_pose_sync=0 lidar_pose_sync=0 depth_odom_sync=0 lidar_odom_sync=0
[lvdot_detector_main-8] [INFO] [1777344897.387693279] [lvdot_detector_node]: Stage timers: detection=167 lidar_detection=167 tracking=167 classification=122 vis=0
[lvdot_detector_main-8] [INFO] [1777344897.387705120] [lvdot_detector_node]: Processing phases: detection=idle lidar_detection=waiting_new_lidar tracking=idle classification=idle
[lvdot_detector_main-8] [INFO] [1777344897.387715456] [lvdot_detector_node]: Pipeline stats: depth_samples=949/71300 u_map=3 depth_boxes=0 u_map_merge=0 u_map_db=0 u_map_visual=0 u_map_fused=0 u_map_filtered=0 lidar_samples=2468/202658 uv=2 db=6 lidar=2 fused=4 filtered=4 tracks=5 dynamic=1 dyn_points=0 raw_dyn_points=0 service=18/1 split=4->0 (4 outputs) fusion_components=4 visual_only=2 lidar_only=2 yolo_in=2 yolo_match3d=0 yolo_match_det=0 yolo_human=0 fixed_size=0 size_reject=0
[lvdot_detector_main-8] [INFO] [1777344899.306790679] [lvdot_detector_node]: get_dynamic_obstacles responded with 1 obstacles from 1 tracked dynamic boxes.
[lvdot_detector_main-8] [INFO] [1777344902.741501175] [lvdot_detector_node]: Input health: depth=168 color=166 lidar=22 pose=169 odom=169 yolo=164 depth_pose_sync=0 lidar_pose_sync=0 depth_odom_sync=0 lidar_odom_sync=0
[lvdot_detector_main-8] [INFO] [1777344902.741623187] [lvdot_detector_node]: Stage timers: detection=173 lidar_detection=173 tracking=173 classification=125 vis=0
[lvdot_detector_main-8] [INFO] [1777344902.741635909] [lvdot_detector_node]: Processing phases: detection=idle lidar_detection=waiting_new_lidar tracking=idle classification=idle
[lvdot_detector_main-8] [INFO] [1777344902.741665561] [lvdot_detector_node]: Pipeline stats: depth_samples=1508/71300 u_map=2 depth_boxes=0 u_map_merge=0 u_map_db=0 u_map_visual=0 u_map_fused=0 u_map_filtered=0 lidar_samples=2468/202658 uv=1 db=12 lidar=2 fused=3 filtered=3 tracks=2 dynamic=1 dyn_points=0 raw_dyn_points=0 service=19/1 split=3->0 (3 outputs) fusion_components=3 visual_only=1 lidar_only=2 yolo_in=3 yolo_match3d=2 yolo_match_det=2 yolo_human=2 fixed_size=2 size_reject=0
[lvdot_detector_main-8] [INFO] [1777344908.050840168] [lvdot_detector_node]: Input health: depth=171 color=169 lidar=23 pose=172 odom=172 yolo=167 depth_pose_sync=0 lidar_pose_sync=0 depth_odom_sync=0 lidar_odom_sync=0
[lvdot_detector_main-8] [INFO] [1777344908.050909375] [lvdot_detector_node]: Stage timers: detection=176 lidar_detection=176 tracking=176 classification=127 vis=0
[lvdot_detector_main-8] [INFO] [1777344908.050920676] [lvdot_detector_node]: Processing phases: detection=idle lidar_detection=waiting_new_lidar tracking=idle classification=idle
[lvdot_detector_main-8] [INFO] [1777344908.050930377] [lvdot_detector_node]: Pipeline stats: depth_samples=1388/71300 u_map=0 depth_boxes=0 u_map_merge=0 u_map_db=0 u_map_visual=0 u_map_fused=0 u_map_filtered=0 lidar_samples=2471/203264 uv=0 db=11 lidar=1 fused=1 filtered=1 tracks=2 dynamic=2 dyn_points=0 raw_dyn_points=0 service=19/1 split=1->0 (1 outputs) fusion_components=1 visual_only=0 lidar_only=1 yolo_in=1 yolo_match3d=0 yolo_match_det=0 yolo_human=0 fixed_size=1 size_reject=0
[lvdot_detector_main-8] [INFO] [1777344908.055248411] [lvdot_detector_node]: get_dynamic_obstacles responded with 2 obstacles from 2 tracked dynamic boxes.
[lvdot_detector_main-8] [INFO] [1777344919.700556704] [lvdot_detector_node]: Input health: depth=175 color=173 lidar=26 pose=176 odom=176 yolo=171 depth_pose_sync=0 lidar_pose_sync=0 depth_odom_sync=0 lidar_odom_sync=0
[lvdot_detector_main-8] [INFO] [1777344919.700638162] [lvdot_detector_node]: Stage timers: detection=180 lidar_detection=180 tracking=180 classification=130 vis=0
[lvdot_detector_main-8] [INFO] [1777344919.700655053] [lvdot_detector_node]: Processing phases: detection=idle lidar_detection=idle tracking=idle classification=idle
[lvdot_detector_main-8] [INFO] [1777344919.700664249] [lvdot_detector_node]: Pipeline stats: depth_samples=1079/71300 u_map=2 depth_boxes=0 u_map_merge=0 u_map_db=0 u_map_visual=0 u_map_fused=0 u_map_filtered=0 lidar_samples=2539/203176 uv=1 db=12 lidar=2 fused=3 filtered=3 tracks=3 dynamic=2 dyn_points=0 raw_dyn_points=0 service=20/2 split=3->0 (3 outputs) fusion_components=3 visual_only=1 lidar_only=2 yolo_in=1 yolo_match3d=1 yolo_match_det=1 yolo_human=1 fixed_size=0 size_reject=0
[lvdot_detector_main-8] [INFO] [1777344919.701598668] [lvdot_detector_node]: get_dynamic_obstacles responded with 2 obstacles from 2 tracked dynamic boxes.
[lvdot_detector_main-8] [INFO] [1777344925.002158138] [lvdot_detector_node]: Input health: depth=178 color=176 lidar=27 pose=179 odom=179 yolo=174 depth_pose_sync=0 lidar_pose_sync=0 depth_odom_sync=0 lidar_odom_sync=0
[lvdot_detector_main-8] [INFO] [1777344925.003217768] [lvdot_detector_node]: Stage timers: detection=183 lidar_detection=183 tracking=183 classification=131 vis=0
[lvdot_detector_main-8] [INFO] [1777344925.003511066] [lvdot_detector_node]: Processing phases: detection=idle lidar_detection=waiting_new_lidar tracking=idle classification=idle
[lvdot_detector_main-8] [INFO] [1777344925.003522962] [lvdot_detector_node]: Pipeline stats: depth_samples=1343/71300 u_map=0 depth_boxes=0 u_map_merge=0 u_map_db=0 u_map_visual=0 u_map_fused=0 u_map_filtered=0 lidar_samples=2607/202453 uv=0 db=11 lidar=2 fused=2 filtered=2 tracks=2 dynamic=1 dyn_points=0 raw_dyn_points=0 service=21/2 split=2->0 (2 outputs) fusion_components=2 visual_only=0 lidar_only=2 yolo_in=0 yolo_match3d=0 yolo_match_det=0 yolo_human=0 fixed_size=0 size_reject=0
[lvdot_detector_main-8] [INFO] [1777344930.328230577] [lvdot_detector_node]: Input health: depth=180 color=178 lidar=28 pose=181 odom=181 yolo=176 depth_pose_sync=0 lidar_pose_sync=0 depth_odom_sync=0 lidar_odom_sync=0
[lvdot_detector_main-8] [INFO] [1777344930.328308671] [lvdot_detector_node]: Stage timers: detection=185 lidar_detection=185 tracking=185 classification=132 vis=0
[lvdot_detector_main-8] [INFO] [1777344930.328320143] [lvdot_detector_node]: Processing phases: detection=idle lidar_detection=waiting_new_lidar tracking=idle classification=idle
[lvdot_detector_main-8] [INFO] [1777344930.328330036] [lvdot_detector_node]: Pipeline stats: depth_samples=1486/71300 u_map=3 depth_boxes=0 u_map_merge=0 u_map_db=0 u_map_visual=0 u_map_fused=0 u_map_filtered=0 lidar_samples=3470/133996 uv=0 db=14 lidar=61 fused=61 filtered=61 tracks=63 dynamic=1 dyn_points=0 raw_dyn_points=0 service=21/2 split=61->0 (61 outputs) fusion_components=61 visual_only=0 lidar_only=61 yolo_in=0 yolo_match3d=0 yolo_match_det=0 yolo_human=0 fixed_size=0 size_reject=0
[lvdot_detector_main-8] [INFO] [1777344930.329156441] [lvdot_detector_node]: get_dynamic_obstacles responded with 1 obstacles from 1 tracked dynamic boxes.
[lvdot_detector_main-8] [INFO] [1777344942.616159918] [lvdot_detector_node]: Input health: depth=186 color=184 lidar=30 pose=187 odom=187 yolo=182 depth_pose_sync=0 lidar_pose_sync=0 depth_odom_sync=0 lidar_odom_sync=0
[lvdot_detector_main-8] [INFO] [1777344942.616240508] [lvdot_detector_node]: Stage timers: detection=191 lidar_detection=191 tracking=191 classification=138 vis=0
[lvdot_detector_main-8] [INFO] [1777344942.616252607] [lvdot_detector_node]: Processing phases: detection=idle lidar_detection=idle tracking=idle classification=idle
[lvdot_detector_main-8] [INFO] [1777344942.616261706] [lvdot_detector_node]: Pipeline stats: depth_samples=1445/71300 u_map=4 depth_boxes=0 u_map_merge=0 u_map_db=0 u_map_visual=0 u_map_fused=0 u_map_filtered=0 lidar_samples=3422/107876 uv=1 db=14 lidar=3 fused=4 filtered=4 tracks=3 dynamic=1 dyn_points=0 raw_dyn_points=0 service=22/1 split=4->1 (4 outputs) fusion_components=4 visual_only=1 lidar_only=3 yolo_in=5 yolo_match3d=1 yolo_match_det=2 yolo_human=1 fixed_size=0 size_reject=0
[lvdot_detector_main-8] [INFO] [1777344942.616875434] [lvdot_detector_node]: get_dynamic_obstacles responded with 1 obstacles from 1 tracked dynamic boxes.
[lvdot_detector_main-8] [INFO] [1777344949.997613144] [lvdot_detector_node]: Input health: depth=191 color=189 lidar=31 pose=192 odom=192 yolo=187 depth_pose_sync=0 lidar_pose_sync=0 depth_odom_sync=0 lidar_odom_sync=0
[lvdot_detector_main-8] [INFO] [1777344949.997720636] [lvdot_detector_node]: Stage timers: detection=196 lidar_detection=196 tracking=196 classification=140 vis=0
[lvdot_detector_main-8] [INFO] [1777344949.997732335] [lvdot_detector_node]: Processing phases: detection=idle lidar_detection=idle tracking=idle classification=idle
[lvdot_detector_main-8] [INFO] [1777344949.997741634] [lvdot_detector_node]: Pipeline stats: depth_samples=1361/71300 u_map=1 depth_boxes=0 u_map_merge=0 u_map_db=0 u_map_visual=0 u_map_fused=0 u_map_filtered=0 lidar_samples=2647/203443 uv=1 db=12 lidar=2 fused=3 filtered=3 tracks=4 dynamic=1 dyn_points=0 raw_dyn_points=0 service=23/1 split=3->0 (3 outputs) fusion_components=3 visual_only=1 lidar_only=2 yolo_in=0 yolo_match3d=0 yolo_match_det=0 yolo_human=0 fixed_size=0 size_reject=0
[lvdot_detector_main-8] [INFO] [1777344950.966040786] [lvdot_detector_node]: get_dynamic_obstacles responded with 1 obstacles from 1 tracked dynamic boxes.
[lvdot_detector_main-8] [INFO] [1777344954.998196149] [lvdot_detector_node]: Input health: depth=196 color=194 lidar=31 pose=197 odom=197 yolo=192 depth_pose_sync=0 lidar_pose_sync=0 depth_odom_sync=0 lidar_odom_sync=0
[lvdot_detector_main-8] [INFO] [1777344954.999369986] [lvdot_detector_node]: Stage timers: detection=201 lidar_detection=201 tracking=201 classification=143 vis=0
[lvdot_detector_main-8] [INFO] [1777344954.999683170] [lvdot_detector_node]: Processing phases: detection=idle lidar_detection=waiting_new_lidar tracking=idle classification=idle
[lvdot_detector_main-8] [INFO] [1777344954.999697169] [lvdot_detector_node]: Pipeline stats: depth_samples=1705/71300 u_map=1 depth_boxes=0 u_map_merge=0 u_map_db=0 u_map_visual=0 u_map_fused=0 u_map_filtered=0 lidar_samples=2647/203443 uv=1 db=13 lidar=2 fused=3 filtered=3 tracks=3 dynamic=1 dyn_points=0 raw_dyn_points=0 service=24/1 split=3->0 (3 outputs) fusion_components=3 visual_only=1 lidar_only=2 yolo_in=1 yolo_match3d=0 yolo_match_det=0 yolo_human=0 fixed_size=0 size_reject=0
[lvdot_detector_main-8] [INFO] [1777344958.695934552] [lvdot_detector_node]: get_dynamic_obstacles responded with 1 obstacles from 1 tracked dynamic boxes.
[lvdot_detector_main-8] [INFO] [1777344960.667886294] [lvdot_detector_node]: Input health: depth=202 color=200 lidar=31 pose=203 odom=203 yolo=198 depth_pose_sync=0 lidar_pose_sync=0 depth_odom_sync=0 lidar_odom_sync=0
[lvdot_detector_main-8] [INFO] [1777344960.668486271] [lvdot_detector_node]: Stage timers: detection=207 lidar_detection=207 tracking=207 classification=147 vis=0
[lvdot_detector_main-8] [INFO] [1777344960.668502870] [lvdot_detector_node]: Processing phases: detection=idle lidar_detection=waiting_new_lidar tracking=idle classification=idle
[lvdot_detector_main-8] [INFO] [1777344960.668513470] [lvdot_detector_node]: Pipeline stats: depth_samples=1322/71300 u_map=0 depth_boxes=0 u_map_merge=0 u_map_db=0 u_map_visual=0 u_map_fused=0 u_map_filtered=0 lidar_samples=2647/203443 uv=0 db=14 lidar=2 fused=2 filtered=2 tracks=2 dynamic=1 dyn_points=0 raw_dyn_points=0 service=25/1 split=2->0 (2 outputs) fusion_components=2 visual_only=0 lidar_only=2 yolo_in=2 yolo_match3d=0 yolo_match_det=0 yolo_human=0 fixed_size=2 size_reject=0
[lvdot_detector_main-8] [INFO] [1777344966.821341155] [lvdot_detector_node]: Input health: depth=209 color=207 lidar=31 pose=210 odom=210 yolo=205 depth_pose_sync=0 lidar_pose_sync=0 depth_odom_sync=0 lidar_odom_sync=0
[lvdot_detector_main-8] [INFO] [1777344966.821862041] [lvdot_detector_node]: Stage timers: detection=214 lidar_detection=214 tracking=214 classification=151 vis=0
[lvdot_detector_main-8] [INFO] [1777344966.821875040] [lvdot_detector_node]: Processing phases: detection=idle lidar_detection=waiting_new_lidar tracking=idle classification=idle
[lvdot_detector_main-8] [INFO] [1777344966.821885040] [lvdot_detector_node]: Pipeline stats: depth_samples=1073/71300 u_map=1 depth_boxes=0 u_map_merge=0 u_map_db=0 u_map_visual=0 u_map_fused=0 u_map_filtered=0 lidar_samples=2647/203443 uv=1 db=13 lidar=2 fused=3 filtered=3 tracks=2 dynamic=1 dyn_points=0 raw_dyn_points=0 service=25/1 split=3->0 (3 outputs) fusion_components=3 visual_only=1 lidar_only=2 yolo_in=1 yolo_match3d=0 yolo_match_det=0 yolo_human=0 fixed_size=2 size_reject=0
[lvdot_detector_main-8] [INFO] [1777344967.712203999] [lvdot_detector_node]: get_dynamic_obstacles responded with 1 obstacles from 1 tracked dynamic boxes.
[lvdot_detector_main-8] [INFO] [1777344972.980353953] [lvdot_detector_node]: Input health: depth=216 color=214 lidar=31 pose=217 odom=217 yolo=212 depth_pose_sync=0 lidar_pose_sync=0 depth_odom_sync=0 lidar_odom_sync=0
[lvdot_detector_main-8] [INFO] [1777344972.980432452] [lvdot_detector_node]: Stage timers: detection=221 lidar_detection=221 tracking=221 classification=155 vis=0
[lvdot_detector_main-8] [INFO] [1777344972.980443552] [lvdot_detector_node]: Processing phases: detection=idle lidar_detection=waiting_new_lidar tracking=idle classification=idle
[lvdot_detector_main-8] [INFO] [1777344972.980452952] [lvdot_detector_node]: Pipeline stats: depth_samples=1078/71300 u_map=2 depth_boxes=0 u_map_merge=0 u_map_db=0 u_map_visual=0 u_map_fused=0 u_map_filtered=0 lidar_samples=2647/203443 uv=0 db=12 lidar=2 fused=2 filtered=2 tracks=2 dynamic=1 dyn_points=0 raw_dyn_points=0 service=26/1 split=2->0 (2 outputs) fusion_components=2 visual_only=0 lidar_only=2 yolo_in=2 yolo_match3d=0 yolo_match_det=0 yolo_human=0 fixed_size=2 size_reject=0
[uav_trajectory_controller-4] [WARN] [1777344976.459939403] [uav_trajectory_controller]: SetEntityPose request timed out after 0.50s on /world/pedestrian_prototype/set_pose; dropping the pending request and retrying.
[lvdot_detector_main-8] [INFO] [1777344977.989489638] [lvdot_detector_node]: get_dynamic_obstacles responded with 1 obstacles from 1 tracked dynamic boxes.
[lvdot_detector_main-8] [INFO] [1777344978.839911908] [lvdot_detector_node]: Input health: depth=222 color=220 lidar=31 pose=223 odom=223 yolo=217 depth_pose_sync=0 lidar_pose_sync=0 depth_odom_sync=0 lidar_odom_sync=0
[lvdot_detector_main-8] [INFO] [1777344978.840595700] [lvdot_detector_node]: Stage timers: detection=227 lidar_detection=227 tracking=227 classification=160 vis=0
[lvdot_detector_main-8] [INFO] [1777344978.840616000] [lvdot_detector_node]: Processing phases: detection=idle lidar_detection=waiting_new_lidar tracking=idle classification=idle
[lvdot_detector_main-8] [INFO] [1777344978.840625500] [lvdot_detector_node]: Pipeline stats: depth_samples=1073/71300 u_map=1 depth_boxes=0 u_map_merge=0 u_map_db=0 u_map_visual=0 u_map_fused=0 u_map_filtered=0 lidar_samples=2647/203443 uv=1 db=13 lidar=2 fused=3 filtered=3 tracks=2 dynamic=1 dyn_points=0 raw_dyn_points=0 service=27/1 split=3->0 (3 outputs) fusion_components=3 visual_only=1 lidar_only=2 yolo_in=1 yolo_match3d=0 yolo_match_det=0 yolo_human=0 fixed_size=2 size_reject=0
[lvdot_detector_main-8] [INFO] [1777344988.318367980] [lvdot_detector_node]: Input health: depth=226 color=224 lidar=33 pose=227 odom=227 yolo=221 depth_pose_sync=0 lidar_pose_sync=0 depth_odom_sync=0 lidar_odom_sync=0
[lvdot_detector_main-8] [INFO] [1777344988.318435180] [lvdot_detector_node]: Stage timers: detection=231 lidar_detection=231 tracking=231 classification=162 vis=0
[lvdot_detector_main-8] [INFO] [1777344988.318446080] [lvdot_detector_node]: Processing phases: detection=idle lidar_detection=waiting_new_lidar tracking=idle classification=idle
[lvdot_detector_main-8] [INFO] [1777344988.318455480] [lvdot_detector_node]: Pipeline stats: depth_samples=1124/71300 u_map=1 depth_boxes=0 u_map_merge=0 u_map_db=0 u_map_visual=0 u_map_fused=0 u_map_filtered=0 lidar_samples=2529/203187 uv=0 db=12 lidar=1 fused=1 filtered=1 tracks=2 dynamic=1 dyn_points=0 raw_dyn_points=0 service=27/1 split=1->0 (1 outputs) fusion_components=1 visual_only=0 lidar_only=1 yolo_in=0 yolo_match3d=0 yolo_match_det=0 yolo_human=0 fixed_size=0 size_reject=0
[lvdot_detector_main-8] [INFO] [1777344988.319076477] [lvdot_detector_node]: get_dynamic_obstacles responded with 1 obstacles from 1 tracked dynamic boxes.
[lvdot_detector_main-8] [INFO] [1777344994.703811285] [lvdot_detector_node]: Input health: depth=233 color=231 lidar=33 pose=234 odom=234 yolo=228 depth_pose_sync=0 lidar_pose_sync=0 depth_odom_sync=0 lidar_odom_sync=0
[lvdot_detector_main-8] [INFO] [1777344994.703917985] [lvdot_detector_node]: Stage timers: detection=238 lidar_detection=238 tracking=238 classification=167 vis=0
[lvdot_detector_main-8] [INFO] [1777344994.703934785] [lvdot_detector_node]: Processing phases: detection=idle lidar_detection=waiting_new_lidar tracking=idle classification=idle
[lvdot_detector_main-8] [INFO] [1777344994.703946985] [lvdot_detector_node]: Pipeline stats: depth_samples=918/67559 u_map=2 depth_boxes=0 u_map_merge=0 u_map_db=0 u_map_visual=0 u_map_fused=0 u_map_filtered=0 lidar_samples=2529/203187 uv=0 db=9 lidar=1 fused=1 filtered=1 tracks=2 dynamic=1 dyn_points=0 raw_dyn_points=0 service=28/1 split=1->0 (1 outputs) fusion_components=1 visual_only=0 lidar_only=1 yolo_in=1 yolo_match3d=0 yolo_match_det=0 yolo_human=0 fixed_size=0 size_reject=0
[lvdot_detector_main-8] [INFO] [1777345000.002993254] [lvdot_detector_node]: Input health: depth=236 color=234 lidar=34 pose=237 odom=237 yolo=231 depth_pose_sync=0 lidar_pose_sync=0 depth_odom_sync=0 lidar_odom_sync=0
[lvdot_detector_main-8] [INFO] [1777345000.003102154] [lvdot_detector_node]: Stage timers: detection=241 lidar_detection=241 tracking=241 classification=168 vis=0
[lvdot_detector_main-8] [INFO] [1777345000.003116354] [lvdot_detector_node]: Processing phases: detection=idle lidar_detection=waiting_new_lidar tracking=idle classification=idle
[lvdot_detector_main-8] [INFO] [1777345000.003125954] [lvdot_detector_node]: Pipeline stats: depth_samples=1261/58650 u_map=1 depth_boxes=0 u_map_merge=0 u_map_db=0 u_map_visual=0 u_map_fused=0 u_map_filtered=0 lidar_samples=2452/199134 uv=0 db=10 lidar=2 fused=2 filtered=2 tracks=2 dynamic=1 dyn_points=0 raw_dyn_points=0 service=28/1 split=2->0 (2 outputs) fusion_components=2 visual_only=0 lidar_only=2 yolo_in=1 yolo_match3d=0 yolo_match_det=0 yolo_human=0 fixed_size=0 size_reject=0
[lvdot_detector_main-8] [INFO] [1777345000.005470656] [lvdot_detector_node]: get_dynamic_obstacles responded with 1 obstacles from 1 tracked dynamic boxes.
[lvdot_detector_main-8] [INFO] [1777345006.662326079] [lvdot_detector_node]: Input health: depth=240 color=238 lidar=35 pose=241 odom=241 yolo=235 depth_pose_sync=0 lidar_pose_sync=0 depth_odom_sync=0 lidar_odom_sync=0
[lvdot_detector_main-8] [INFO] [1777345006.662396680] [lvdot_detector_node]: Stage timers: detection=245 lidar_detection=245 tracking=245 classification=171 vis=0
[lvdot_detector_main-8] [INFO] [1777345006.662405980] [lvdot_detector_node]: Processing phases: detection=idle lidar_detection=waiting_new_lidar tracking=idle classification=idle
[lvdot_detector_main-8] [INFO] [1777345006.662413380] [lvdot_detector_node]: Pipeline stats: depth_samples=1090/71300 u_map=1 depth_boxes=0 u_map_merge=0 u_map_db=0 u_map_visual=0 u_map_fused=0 u_map_filtered=0 lidar_samples=2584/202969 uv=0 db=11 lidar=1 fused=1 filtered=1 tracks=3 dynamic=1 dyn_points=0 raw_dyn_points=0 service=29/1 split=1->0 (1 outputs) fusion_components=1 visual_only=0 lidar_only=1 yolo_in=0 yolo_match3d=0 yolo_match_det=0 yolo_human=0 fixed_size=0 size_reject=0
[lvdot_detector_main-8] [INFO] [1777345011.445941154] [lvdot_detector_node]: get_dynamic_obstacles responded with 1 obstacles from 1 tracked dynamic boxes.
[lvdot_detector_main-8] [INFO] [1777345016.253760298] [lvdot_detector_node]: Input health: depth=244 color=242 lidar=37 pose=245 odom=245 yolo=239 depth_pose_sync=0 lidar_pose_sync=0 depth_odom_sync=0 lidar_odom_sync=0
[lvdot_detector_main-8] [INFO] [1777345016.254422580] [lvdot_detector_node]: Stage timers: detection=249 lidar_detection=249 tracking=249 classification=175 vis=0
[lvdot_detector_main-8] [INFO] [1777345016.254435580] [lvdot_detector_node]: Processing phases: detection=idle lidar_detection=idle tracking=idle classification=idle
[lvdot_detector_main-8] [INFO] [1777345016.254445280] [lvdot_detector_node]: Pipeline stats: depth_samples=1774/71300 u_map=3 depth_boxes=0 u_map_merge=0 u_map_db=0 u_map_visual=0 u_map_fused=0 u_map_filtered=0 lidar_samples=2400/221872 uv=0 db=16 lidar=1 fused=1 filtered=1 tracks=19 dynamic=1 dyn_points=0 raw_dyn_points=0 service=30/1 split=1->0 (1 outputs) fusion_components=1 visual_only=0 lidar_only=1 yolo_in=0 yolo_match3d=0 yolo_match_det=0 yolo_human=0 fixed_size=0 size_reject=0
[lvdot_detector_main-8] [INFO] [1777345022.630594326] [lvdot_detector_node]: Input health: depth=251 color=249 lidar=37 pose=252 odom=252 yolo=246 depth_pose_sync=0 lidar_pose_sync=0 depth_odom_sync=0 lidar_odom_sync=0
[lvdot_detector_main-8] [INFO] [1777345022.630690527] [lvdot_detector_node]: Stage timers: detection=256 lidar_detection=256 tracking=256 classification=181 vis=0
[lvdot_detector_main-8] [INFO] [1777345022.630706227] [lvdot_detector_node]: Processing phases: detection=idle lidar_detection=waiting_new_lidar tracking=idle classification=idle
[lvdot_detector_main-8] [INFO] [1777345022.630716527] [lvdot_detector_node]: Pipeline stats: depth_samples=866/71300 u_map=3 depth_boxes=0 u_map_merge=0 u_map_db=0 u_map_visual=0 u_map_fused=0 u_map_filtered=0 lidar_samples=2400/221872 uv=1 db=5 lidar=1 fused=2 filtered=2 tracks=3 dynamic=2 dyn_points=0 raw_dyn_points=0 service=30/1 split=2->0 (2 outputs) fusion_components=2 visual_only=1 lidar_only=1 yolo_in=1 yolo_match3d=1 yolo_match_det=1 yolo_human=1 fixed_size=0 size_reject=0
[lvdot_detector_main-8] [INFO] [1777345031.831586394] [lvdot_detector_node]: Input health: depth=258 color=256 lidar=38 pose=259 odom=259 yolo=253 depth_pose_sync=0 lidar_pose_sync=0 depth_odom_sync=0 lidar_odom_sync=0
[lvdot_detector_main-8] [INFO] [1777345031.832914598] [lvdot_detector_node]: Stage timers: detection=263 lidar_detection=263 tracking=263 classification=185 vis=0
[lvdot_detector_main-8] [INFO] [1777345031.833269799] [lvdot_detector_node]: Processing phases: detection=idle lidar_detection=idle tracking=idle classification=idle
[lvdot_detector_main-8] [INFO] [1777345031.833283299] [lvdot_detector_node]: Pipeline stats: depth_samples=1051/71300 u_map=1 depth_boxes=0 u_map_merge=0 u_map_db=0 u_map_visual=0 u_map_fused=0 u_map_filtered=0 lidar_samples=2386/199053 uv=0 db=11 lidar=1 fused=1 filtered=1 tracks=1 dynamic=1 dyn_points=0 raw_dyn_points=0 service=30/1 split=1->0 (1 outputs) fusion_components=1 visual_only=0 lidar_only=1 yolo_in=0 yolo_match3d=0 yolo_match_det=0 yolo_human=0 fixed_size=1 size_reject=0
[lvdot_detector_main-8] [INFO] [1777345043.815990675] [lvdot_detector_node]: Input health: depth=262 color=260 lidar=41 pose=263 odom=263 yolo=257 depth_pose_sync=0 lidar_pose_sync=0 depth_odom_sync=0 lidar_odom_sync=0
[lvdot_detector_main-8] [INFO] [1777345043.816076875] [lvdot_detector_node]: Stage timers: detection=267 lidar_detection=267 tracking=267 classification=189 vis=0
[lvdot_detector_main-8] [INFO] [1777345043.816088575] [lvdot_detector_node]: Processing phases: detection=idle lidar_detection=idle tracking=idle classification=idle
[lvdot_detector_main-8] [INFO] [1777345043.816097975] [lvdot_detector_node]: Pipeline stats: depth_samples=1059/71300 u_map=1 depth_boxes=0 u_map_merge=0 u_map_db=0 u_map_visual=0 u_map_fused=0 u_map_filtered=0 lidar_samples=3438/122533 uv=0 db=12 lidar=76 fused=76 filtered=77 tracks=2 dynamic=1 dyn_points=0 raw_dyn_points=0 service=30/1 split=76->1 (77 outputs) fusion_components=76 visual_only=0 lidar_only=76 yolo_in=3 yolo_match3d=1 yolo_match_det=3 yolo_human=2 fixed_size=0 size_reject=0
[lvdot_detector_main-8] [INFO] [1777345049.348076228] [lvdot_detector_node]: Input health: depth=268 color=266 lidar=41 pose=269 odom=269 yolo=263 depth_pose_sync=0 lidar_pose_sync=0 depth_odom_sync=0 lidar_odom_sync=0
[lvdot_detector_main-8] [INFO] [1777345049.348157328] [lvdot_detector_node]: Stage timers: detection=273 lidar_detection=273 tracking=273 classification=194 vis=0
[lvdot_detector_main-8] [INFO] [1777345049.348172828] [lvdot_detector_node]: Processing phases: detection=idle lidar_detection=waiting_new_lidar tracking=idle classification=idle
[lvdot_detector_main-8] [INFO] [1777345049.348182828] [lvdot_detector_node]: Pipeline stats: depth_samples=1099/71300 u_map=2 depth_boxes=0 u_map_merge=0 u_map_db=0 u_map_visual=0 u_map_fused=0 u_map_filtered=0 lidar_samples=3438/122533 uv=1 db=12 lidar=76 fused=77 filtered=77 tracks=77 dynamic=1 dyn_points=0 raw_dyn_points=0 service=30/1 split=77->0 (77 outputs) fusion_components=77 visual_only=1 lidar_only=76 yolo_in=0 yolo_match3d=0 yolo_match_det=0 yolo_human=0 fixed_size=0 size_reject=0
[lvdot_detector_main-8] [INFO] [1777345054.923250995] [lvdot_detector_node]: Input health: depth=274 color=272 lidar=41 pose=275 odom=275 yolo=269 depth_pose_sync=0 lidar_pose_sync=0 depth_odom_sync=0 lidar_odom_sync=0
[lvdot_detector_main-8] [INFO] [1777345054.923811596] [lvdot_detector_node]: Stage timers: detection=279 lidar_detection=279 tracking=279 classification=200 vis=0
[lvdot_detector_main-8] [INFO] [1777345054.923825196] [lvdot_detector_node]: Processing phases: detection=idle lidar_detection=waiting_new_lidar tracking=idle classification=idle
[lvdot_detector_main-8] [INFO] [1777345054.923834996] [lvdot_detector_node]: Pipeline stats: depth_samples=1209/71300 u_map=1 depth_boxes=0 u_map_merge=0 u_map_db=0 u_map_visual=0 u_map_fused=0 u_map_filtered=0 lidar_samples=3438/122533 uv=1 db=13 lidar=76 fused=77 filtered=77 tracks=76 dynamic=1 dyn_points=0 raw_dyn_points=0 service=30/1 split=77->0 (77 outputs) fusion_components=77 visual_only=1 lidar_only=76 yolo_in=0 yolo_match3d=0 yolo_match_det=0 yolo_human=0 fixed_size=76 size_reject=0
[lvdot_detector_main-8] [INFO] [1777345060.966213203] [lvdot_detector_node]: Input health: depth=280 color=278 lidar=41 pose=281 odom=281 yolo=275 depth_pose_sync=0 lidar_pose_sync=0 depth_odom_sync=0 lidar_odom_sync=0
[lvdot_detector_main-8] [INFO] [1777345060.966279903] [lvdot_detector_node]: Stage timers: detection=285 lidar_detection=285 tracking=285 classification=206 vis=0
[lvdot_detector_main-8] [INFO] [1777345060.966291303] [lvdot_detector_node]: Processing phases: detection=idle lidar_detection=waiting_new_lidar tracking=idle classification=idle
[lvdot_detector_main-8] [INFO] [1777345060.966300703] [lvdot_detector_node]: Pipeline stats: depth_samples=1032/71300 u_map=2 depth_boxes=0 u_map_merge=0 u_map_db=0 u_map_visual=0 u_map_fused=0 u_map_filtered=0 lidar_samples=3438/122533 uv=0 db=9 lidar=76 fused=76 filtered=76 tracks=76 dynamic=1 dyn_points=0 raw_dyn_points=0 service=30/1 split=76->0 (76 outputs) fusion_components=76 visual_only=0 lidar_only=76 yolo_in=1 yolo_match3d=0 yolo_match_det=0 yolo_human=0 fixed_size=75 size_reject=0
[lvdot_detector_main-8] [INFO] [1777345069.792136966] [lvdot_detector_node]: Input health: depth=286 color=284 lidar=42 pose=287 odom=287 yolo=281 depth_pose_sync=0 lidar_pose_sync=0 depth_odom_sync=0 lidar_odom_sync=0
[lvdot_detector_main-8] [INFO] [1777345069.794113667] [lvdot_detector_node]: Stage timers: detection=291 lidar_detection=291 tracking=291 classification=212 vis=0
[lvdot_detector_main-8] [INFO] [1777345069.794139267] [lvdot_detector_node]: Processing phases: detection=idle lidar_detection=idle tracking=idle classification=idle
[lvdot_detector_main-8] [INFO] [1777345069.794149467] [lvdot_detector_node]: Pipeline stats: depth_samples=1523/71300 u_map=3 depth_boxes=0 u_map_merge=0 u_map_db=0 u_map_visual=0 u_map_fused=0 u_map_filtered=0 lidar_samples=3053/126425 uv=0 db=15 lidar=15 fused=15 filtered=15 tracks=77 dynamic=1 dyn_points=0 raw_dyn_points=0 service=30/1 split=15->0 (15 outputs) fusion_components=15 visual_only=0 lidar_only=15 yolo_in=0 yolo_match3d=0 yolo_match_det=0 yolo_human=0 fixed_size=75 size_reject=0
[lvdot_detector_main-8] [INFO] [1777345076.666873196] [lvdot_detector_node]: Input health: depth=290 color=288 lidar=43 pose=291 odom=291 yolo=285 depth_pose_sync=0 lidar_pose_sync=0 depth_odom_sync=0 lidar_odom_sync=0
[lvdot_detector_main-8] [INFO] [1777345076.666939296] [lvdot_detector_node]: Stage timers: detection=295 lidar_detection=295 tracking=295 classification=215 vis=0
[lvdot_detector_main-8] [INFO] [1777345076.666950196] [lvdot_detector_node]: Processing phases: detection=idle lidar_detection=idle tracking=idle classification=idle
[lvdot_detector_main-8] [INFO] [1777345076.666959796] [lvdot_detector_node]: Pipeline stats: depth_samples=1094/71300 u_map=2 depth_boxes=0 u_map_merge=0 u_map_db=0 u_map_visual=0 u_map_fused=0 u_map_filtered=0 lidar_samples=3323/131119 uv=2 db=14 lidar=18 fused=20 filtered=20 tracks=17 dynamic=1 dyn_points=0 raw_dyn_points=0 service=30/1 split=20->0 (20 outputs) fusion_components=20 visual_only=2 lidar_only=18 yolo_in=0 yolo_match3d=0 yolo_match_det=0 yolo_human=0 fixed_size=0 size_reject=0
[lvdot_detector_main-8] [INFO] [1777345085.199756758] [lvdot_detector_node]: Input health: depth=293 color=291 lidar=45 pose=294 odom=294 yolo=288 depth_pose_sync=0 lidar_pose_sync=0 depth_odom_sync=0 lidar_odom_sync=0
[lvdot_detector_main-8] [INFO] [1777345085.199829958] [lvdot_detector_node]: Stage timers: detection=298 lidar_detection=298 tracking=298 classification=218 vis=0
[lvdot_detector_main-8] [INFO] [1777345085.199843058] [lvdot_detector_node]: Processing phases: detection=idle lidar_detection=idle tracking=idle classification=idle
[lvdot_detector_main-8] [INFO] [1777345085.199853358] [lvdot_detector_node]: Pipeline stats: depth_samples=1064/71300 u_map=1 depth_boxes=0 u_map_merge=0 u_map_db=0 u_map_visual=0 u_map_fused=0 u_map_filtered=0 lidar_samples=3107/149240 uv=0 db=13 lidar=54 fused=54 filtered=54 tracks=1 dynamic=1 dyn_points=0 raw_dyn_points=0 service=30/1 split=54->0 (54 outputs) fusion_components=54 visual_only=0 lidar_only=54 yolo_in=1 yolo_match3d=1 yolo_match_det=1 yolo_human=1 fixed_size=0 size_reject=1
[lvdot_detector_main-8] [INFO] [1777345095.743390359] [lvdot_detector_node]: Input health: depth=298 color=296 lidar=47 pose=299 odom=299 yolo=293 depth_pose_sync=0 lidar_pose_sync=0 depth_odom_sync=0 lidar_odom_sync=0
[lvdot_detector_main-8] [INFO] [1777345095.744247259] [lvdot_detector_node]: Stage timers: detection=303 lidar_detection=303 tracking=303 classification=221 vis=0
[lvdot_detector_main-8] [INFO] [1777345095.744272659] [lvdot_detector_node]: Processing phases: detection=idle lidar_detection=waiting_new_lidar tracking=idle classification=idle
[lvdot_detector_main-8] [INFO] [1777345095.744284059] [lvdot_detector_node]: Pipeline stats: depth_samples=1818/71300 u_map=4 depth_boxes=0 u_map_merge=0 u_map_db=0 u_map_visual=0 u_map_fused=0 u_map_filtered=0 lidar_samples=2447/213002 uv=1 db=15 lidar=1 fused=2 filtered=2 tracks=1 dynamic=1 dyn_points=0 raw_dyn_points=0 service=30/1 split=2->0 (2 outputs) fusion_components=2 visual_only=1 lidar_only=1 yolo_in=0 yolo_match3d=0 yolo_match_det=0 yolo_human=0 fixed_size=0 size_reject=0
[lvdot_detector_main-8] [INFO] [1777345102.797396561] [lvdot_detector_node]: Input health: depth=300 color=298 lidar=49 pose=301 odom=301 yolo=295 depth_pose_sync=0 lidar_pose_sync=0 depth_odom_sync=0 lidar_odom_sync=0
[lvdot_detector_main-8] [INFO] [1777345102.797515161] [lvdot_detector_node]: Stage timers: detection=305 lidar_detection=305 tracking=305 classification=222 vis=0
[lvdot_detector_main-8] [INFO] [1777345102.797533761] [lvdot_detector_node]: Processing phases: detection=idle lidar_detection=idle tracking=idle classification=idle
[lvdot_detector_main-8] [INFO] [1777345102.797547161] [lvdot_detector_node]: Pipeline stats: depth_samples=1064/71300 u_map=1 depth_boxes=0 u_map_merge=0 u_map_db=0 u_map_visual=0 u_map_fused=0 u_map_filtered=0 lidar_samples=2205/206068 uv=0 db=13 lidar=1 fused=1 filtered=1 tracks=1 dynamic=1 dyn_points=0 raw_dyn_points=0 service=30/1 split=1->0 (1 outputs) fusion_components=1 visual_only=0 lidar_only=1 yolo_in=0 yolo_match3d=0 yolo_match_det=0 yolo_human=0 fixed_size=0 size_reject=0
[lvdot_detector_main-8] [INFO] [1777345109.526814525] [lvdot_detector_node]: Input health: depth=302 color=300 lidar=51 pose=303 odom=303 yolo=297 depth_pose_sync=0 lidar_pose_sync=0 depth_odom_sync=0 lidar_odom_sync=0
[lvdot_detector_main-8] [INFO] [1777345109.526895225] [lvdot_detector_node]: Stage timers: detection=307 lidar_detection=307 tracking=307 classification=223 vis=0
[lvdot_detector_main-8] [INFO] [1777345109.526910025] [lvdot_detector_node]: Processing phases: detection=idle lidar_detection=idle tracking=idle classification=idle
[lvdot_detector_main-8] [INFO] [1777345109.526921925] [lvdot_detector_node]: Pipeline stats: depth_samples=1046/59441 u_map=1 depth_boxes=0 u_map_merge=0 u_map_db=0 u_map_visual=0 u_map_fused=0 u_map_filtered=0 lidar_samples=3088/118196 uv=0 db=12 lidar=13 fused=13 filtered=13 tracks=1 dynamic=1 dyn_points=0 raw_dyn_points=0 service=30/1 split=13->0 (13 outputs) fusion_components=13 visual_only=0 lidar_only=13 yolo_in=1 yolo_match3d=1 yolo_match_det=1 yolo_human=1 fixed_size=0 size_reject=0
[lvdot_detector_main-8] [INFO] [1777345116.150154030] [lvdot_detector_node]: Input health: depth=306 color=304 lidar=52 pose=307 odom=307 yolo=301 depth_pose_sync=0 lidar_pose_sync=0 depth_odom_sync=0 lidar_odom_sync=0
[lvdot_detector_main-8] [INFO] [1777345116.150230830] [lvdot_detector_node]: Stage timers: detection=311 lidar_detection=311 tracking=311 classification=226 vis=0
[lvdot_detector_main-8] [INFO] [1777345116.150244930] [lvdot_detector_node]: Processing phases: detection=idle lidar_detection=idle tracking=idle classification=idle
[lvdot_detector_main-8] [INFO] [1777345116.150256030] [lvdot_detector_node]: Pipeline stats: depth_samples=1024/71300 u_map=1 depth_boxes=0 u_map_merge=0 u_map_db=0 u_map_visual=0 u_map_fused=0 u_map_filtered=0 lidar_samples=3113/134518 uv=0 db=9 lidar=12 fused=12 filtered=12 tracks=14 dynamic=1 dyn_points=0 raw_dyn_points=0 service=30/1 split=12->0 (12 outputs) fusion_components=12 visual_only=0 lidar_only=12 yolo_in=0 yolo_match3d=0 yolo_match_det=0 yolo_human=0 fixed_size=0 size_reject=0
[lvdot_detector_main-8] [INFO] [1777345122.369894193] [lvdot_detector_node]: Input health: depth=309 color=307 lidar=53 pose=310 odom=310 yolo=304 depth_pose_sync=0 lidar_pose_sync=0 depth_odom_sync=0 lidar_odom_sync=0
[lvdot_detector_main-8] [INFO] [1777345122.371395293] [lvdot_detector_node]: Stage timers: detection=314 lidar_detection=314 tracking=314 classification=228 vis=0
[lvdot_detector_main-8] [INFO] [1777345122.372195294] [lvdot_detector_node]: Processing phases: detection=idle lidar_detection=idle tracking=idle classification=idle
[lvdot_detector_main-8] [INFO] [1777345122.372215494] [lvdot_detector_node]: Pipeline stats: depth_samples=1051/71300 u_map=1 depth_boxes=0 u_map_merge=0 u_map_db=0 u_map_visual=0 u_map_fused=0 u_map_filtered=0 lidar_samples=3382/162727 uv=0 db=11 lidar=12 fused=12 filtered=12 tracks=14 dynamic=1 dyn_points=0 raw_dyn_points=0 service=30/1 split=12->0 (12 outputs) fusion_components=12 visual_only=0 lidar_only=12 yolo_in=0 yolo_match3d=0 yolo_match_det=0 yolo_human=0 fixed_size=0 size_reject=0
[lvdot_detector_main-8] [INFO] [1777345124.077949847] [lvdot_detector_node]: get_dynamic_obstacles responded with 1 obstacles from 1 tracked dynamic boxes.
[lvdot_detector_main-8] [INFO] [1777345128.968350959] [lvdot_detector_node]: Input health: depth=314 color=312 lidar=54 pose=315 odom=315 yolo=309 depth_pose_sync=0 lidar_pose_sync=0 depth_odom_sync=0 lidar_odom_sync=0
[lvdot_detector_main-8] [INFO] [1777345128.970518060] [lvdot_detector_node]: Stage timers: detection=319 lidar_detection=319 tracking=319 classification=231 vis=0
[lvdot_detector_main-8] [INFO] [1777345128.971620560] [lvdot_detector_node]: Processing phases: detection=idle lidar_detection=waiting_new_lidar tracking=idle classification=idle
[lvdot_detector_main-8] [INFO] [1777345128.971944060] [lvdot_detector_node]: Pipeline stats: depth_samples=139/33128 u_map=1 depth_boxes=0 u_map_merge=0 u_map_db=0 u_map_visual=0 u_map_fused=0 u_map_filtered=0 lidar_samples=2451/199305 uv=0 db=2 lidar=1 fused=1 filtered=1 tracks=1 dynamic=1 dyn_points=0 raw_dyn_points=0 service=31/1 split=1->0 (1 outputs) fusion_components=1 visual_only=0 lidar_only=1 yolo_in=0 yolo_match3d=0 yolo_match_det=0 yolo_human=0 fixed_size=0 size_reject=0
[lvdot_detector_main-8] [INFO] [1777345134.809621090] [lvdot_detector_node]: Input health: depth=320 color=318 lidar=54 pose=321 odom=321 yolo=315 depth_pose_sync=0 lidar_pose_sync=0 depth_odom_sync=0 lidar_odom_sync=0
[lvdot_detector_main-8] [INFO] [1777345134.809791390] [lvdot_detector_node]: Stage timers: detection=325 lidar_detection=325 tracking=325 classification=235 vis=0
[lvdot_detector_main-8] [INFO] [1777345134.809803990] [lvdot_detector_node]: Processing phases: detection=idle lidar_detection=waiting_new_lidar tracking=idle classification=idle
[lvdot_detector_main-8] [INFO] [1777345134.809813490] [lvdot_detector_node]: Pipeline stats: depth_samples=1364/71300 u_map=2 depth_boxes=0 u_map_merge=0 u_map_db=0 u_map_visual=0 u_map_fused=0 u_map_filtered=0 lidar_samples=2451/199305 uv=1 db=11 lidar=1 fused=2 filtered=2 tracks=2 dynamic=1 dyn_points=0 raw_dyn_points=0 service=31/1 split=2->1 (2 outputs) fusion_components=2 visual_only=1 lidar_only=1 yolo_in=2 yolo_match3d=1 yolo_match_det=2 yolo_human=1 fixed_size=0 size_reject=0
[lvdot_detector_main-8] [INFO] [1777345141.137730178] [lvdot_detector_node]: Input health: depth=327 color=325 lidar=54 pose=328 odom=328 yolo=322 depth_pose_sync=0 lidar_pose_sync=0 depth_odom_sync=0 lidar_odom_sync=0
[lvdot_detector_main-8] [INFO] [1777345141.137825324] [lvdot_detector_node]: Stage timers: detection=332 lidar_detection=332 tracking=332 classification=240 vis=0
[lvdot_detector_main-8] [INFO] [1777345141.137844620] [lvdot_detector_node]: Processing phases: detection=idle lidar_detection=waiting_new_lidar tracking=idle classification=idle
[lvdot_detector_main-8] [INFO] [1777345141.137857655] [lvdot_detector_node]: Pipeline stats: depth_samples=1068/71300 u_map=2 depth_boxes=0 u_map_merge=0 u_map_db=0 u_map_visual=0 u_map_fused=0 u_map_filtered=0 lidar_samples=2451/199305 uv=1 db=13 lidar=1 fused=2 filtered=2 tracks=1 dynamic=1 dyn_points=0 raw_dyn_points=0 service=31/1 split=2->0 (2 outputs) fusion_components=2 visual_only=1 lidar_only=1 yolo_in=1 yolo_match3d=1 yolo_match_det=1 yolo_human=1 fixed_size=1 size_reject=0
