[INFO] [launch]: All log files can be found below /home/skbt2/.ros/log/2026-04-23-09-48-36-354882-DESKTOP-90MQDL6-908930
[INFO] [launch]: Default logging verbosity is set to INFO
[INFO] [gazebo-1]: process started with pid [908940]
[INFO] [parameter_bridge-2]: process started with pid [908941]
[INFO] [pedestrian_state_publisher-3]: process started with pid [908942]
[INFO] [uav_trajectory_controller-4]: process started with pid [908943]
[INFO] [image_pointcloud_relay-5]: process started with pid [908944]
[INFO] [lvdot_yolo_node-6]: process started with pid [908945]
[INFO] [lvdot_detector_main-7]: process started with pid [908946]
[parameter_bridge-2] [INFO] [1776908918.345075104] [ros_gz_bridge]: Creating GZ->ROS Bridge: [/rgbd_camera/image (gz.msgs.Image) -> /rgbd_camera/image (sensor_msgs/msg/Image)] (Lazy 0)
[parameter_bridge-2] [INFO] [1776908918.369928219] [ros_gz_bridge]: Creating GZ->ROS Bridge: [/rgbd_camera/camera_info (gz.msgs.CameraInfo) -> /rgbd_camera/camera_info (sensor_msgs/msg/CameraInfo)] (Lazy 0)
[parameter_bridge-2] [INFO] [1776908918.383169411] [ros_gz_bridge]: Creating GZ->ROS Bridge: [/rgbd_camera/depth_image (gz.msgs.Image) -> /rgbd_camera/depth_image (sensor_msgs/msg/Image)] (Lazy 0)
[parameter_bridge-2] [INFO] [1776908918.388772891] [ros_gz_bridge]: Creating GZ->ROS Bridge: [/rgbd_camera/points (gz.msgs.PointCloudPacked) -> /rgbd_camera/points (sensor_msgs/msg/PointCloud2)] (Lazy 0)
[parameter_bridge-2] [INFO] [1776908918.394660929] [ros_gz_bridge]: Creating GZ->ROS Bridge: [/camera/imu (gz.msgs.IMU) -> /camera/imu (sensor_msgs/msg/Imu)] (Lazy 0)
[parameter_bridge-2] [INFO] [1776908918.397104689] [ros_gz_bridge]: Creating ROS->GZ service bridge [/world/pedestrian_prototype/set_pose (ros_gz_interfaces/srv/SetEntityPose -> /)]
[parameter_bridge-2] [INFO] [1776908918.400049374] [ros_gz_bridge]: Creating ROS->GZ service bridge [/world/pedestrian_prototype/set_pose/blocking (ros_gz_interfaces/srv/SetEntityPose -> /)]
[parameter_bridge-2] [WARN] [1776908918.862468301] [ros_gz_bridge.rclcpp]: failed to send response to /world/pedestrian_prototype/set_pose (timeout): client will not receive response, at ./src/rmw_response.cpp:153, at ./src/rcl/service.c:400
[parameter_bridge-2] [WARN] [1776908918.965914319] [ros_gz_bridge.rclcpp]: failed to send response to /world/pedestrian_prototype/set_pose (timeout): client will not receive response, at ./src/rmw_response.cpp:153, at ./src/rcl/service.c:400
[parameter_bridge-2] [WARN] [1776908919.080249166] [ros_gz_bridge.rclcpp]: failed to send response to /world/pedestrian_prototype/set_pose (timeout): client will not receive response, at ./src/rmw_response.cpp:153, at ./src/rcl/service.c:400
[parameter_bridge-2] [WARN] [1776908919.274537129] [ros_gz_bridge.rclcpp]: failed to send response to /world/pedestrian_prototype/set_pose (timeout): client will not receive response, at ./src/rmw_response.cpp:153, at ./src/rcl/service.c:400
[parameter_bridge-2] [WARN] [1776908919.375376660] [ros_gz_bridge.rclcpp]: failed to send response to /world/pedestrian_prototype/set_pose (timeout): client will not receive response, at ./src/rmw_response.cpp:153, at ./src/rcl/service.c:400
[uav_trajectory_controller-4] [WARN] [1776908919.724979970] [uav_trajectory_controller]: SetEntityPose service /world/pedestrian_prototype/set_pose/blocking is unavailable; UAV state publication is paused until Gazebo pose control is reachable.
[gazebo-1] [INFO] [1776908922.392637933] [pedestrian_pose_sync_system]: Configured pedestrian pose sync plugin on topic [/pedestrian_sim/agent_states] for 8 models.
[lvdot_detector_main-7] [INFO] [1776908922.991104598] [lvdot_detector_node]: Config loaded: localization_mode=0 dt=0.033 image=640x480 depth_range=[0.20, 12.00] stage_timers=true
[uav_trajectory_controller-4] [WARN] [1776908923.681382510] [uav_trajectory_controller]: SetEntityPose request timed out after 0.57s on /world/pedestrian_prototype/set_pose/blocking; dropping the pending request and retrying.
[uav_trajectory_controller-4] [WARN] [1776908923.699705732] [uav_trajectory_controller]: Falling back from /world/pedestrian_prototype/set_pose/blocking to /world/pedestrian_prototype/set_pose.
[lvdot_detector_main-7] [INFO] [1776908924.036946177] [lvdot_detector_node]: LV-DOT ROS2 skeleton started. depth=/camera/depth/image_rect_raw color=/camera/color/image_raw lidar=/rgbd_camera/points pose=/mavros/local_position/pose odom=/mavros/local_position/odom yolo=/yolo_detector/detected_bounding_boxes
[lvdot_detector_main-7] [INFO] [1776908926.038383522] [lvdot_detector_node]: Input health: depth=5 color=2 lidar=0 pose=100 odom=100 yolo=3 depth_pose_sync=0 lidar_pose_sync=0 depth_odom_sync=0 lidar_odom_sync=0
[lvdot_detector_main-7] [INFO] [1776908926.038490968] [lvdot_detector_node]: Stage timers: detection=3 lidar_detection=60 tracking=60 classification=60 vis=28
[lvdot_detector_main-7] [INFO] [1776908926.038512857] [lvdot_detector_node]: Processing phases: detection=run_core lidar_detection=waiting_new_lidar tracking=waiting_filtered_bboxes classification=idle
[lvdot_detector_main-7] [INFO] [1776908926.038551210] [lvdot_detector_node]: Pipeline stats: depth_samples=0/71300 u_map=0 depth_boxes=0 u_map_merge=0 u_map_db=0 u_map_visual=0 u_map_fused=0 u_map_filtered=0 lidar_samples=0/0 uv=0 db=0 lidar=0 fused=0 filtered=0 tracks=0 dynamic=0 dyn_points=0 raw_dyn_points=0 service=0/0 split=0->0 (0 outputs) fusion_components=0 visual_only=0 lidar_only=0 fixed_size=0 size_reject=0
[lvdot_detector_main-7] [INFO] [1776908932.048337505] [lvdot_detector_node]: Input health: depth=14 color=23 lidar=0 pose=387 odom=387 yolo=7 depth_pose_sync=0 lidar_pose_sync=0 depth_odom_sync=0 lidar_odom_sync=0
[lvdot_detector_main-7] [INFO] [1776908932.048404350] [lvdot_detector_node]: Stage timers: detection=7 lidar_detection=239 tracking=235 classification=238 vis=190
[lvdot_detector_main-7] [INFO] [1776908932.048415190] [lvdot_detector_node]: Processing phases: detection=run_core lidar_detection=waiting_new_lidar tracking=waiting_filtered_bboxes classification=idle
[lvdot_detector_main-7] [INFO] [1776908932.048424128] [lvdot_detector_node]: Pipeline stats: depth_samples=0/71300 u_map=3 depth_boxes=0 u_map_merge=0 u_map_db=0 u_map_visual=0 u_map_fused=0 u_map_filtered=0 lidar_samples=0/0 uv=0 db=0 lidar=0 fused=0 filtered=0 tracks=0 dynamic=0 dyn_points=0 raw_dyn_points=0 service=0/0 split=0->0 (0 outputs) fusion_components=0 visual_only=0 lidar_only=0 fixed_size=0 size_reject=0
[lvdot_detector_main-7] [INFO] [1776908938.040315951] [lvdot_detector_node]: Input health: depth=30 color=50 lidar=0 pose=670 odom=670 yolo=11 depth_pose_sync=0 lidar_pose_sync=0 depth_odom_sync=0 lidar_odom_sync=0
[lvdot_detector_main-7] [INFO] [1776908938.040415125] [lvdot_detector_node]: Stage timers: detection=12 lidar_detection=415 tracking=413 classification=414 vis=340
[lvdot_detector_main-7] [INFO] [1776908938.040432430] [lvdot_detector_node]: Processing phases: detection=run_core lidar_detection=waiting_new_lidar tracking=waiting_filtered_bboxes classification=idle
[lvdot_detector_main-7] [INFO] [1776908938.040443936] [lvdot_detector_node]: Pipeline stats: depth_samples=0/71300 u_map=3 depth_boxes=0 u_map_merge=0 u_map_db=0 u_map_visual=0 u_map_fused=0 u_map_filtered=0 lidar_samples=0/0 uv=0 db=0 lidar=0 fused=0 filtered=0 tracks=0 dynamic=0 dyn_points=0 raw_dyn_points=0 service=0/0 split=0->0 (0 outputs) fusion_components=0 visual_only=0 lidar_only=0 fixed_size=0 size_reject=0
[lvdot_detector_main-7] [INFO] [1776908943.740006677] [lvdot_detector_node]: Input health: depth=37 color=53 lidar=0 pose=825 odom=825 yolo=12 depth_pose_sync=0 lidar_pose_sync=0 depth_odom_sync=0 lidar_odom_sync=0
[lvdot_detector_main-7] [INFO] [1776908943.740079045] [lvdot_detector_node]: Stage timers: detection=16 lidar_detection=516 tracking=509 classification=517 vis=422
[lvdot_detector_main-7] [INFO] [1776908943.740095116] [lvdot_detector_node]: Processing phases: detection=idle lidar_detection=waiting_new_lidar tracking=waiting_filtered_bboxes classification=idle
[lvdot_detector_main-7] [INFO] [1776908943.740110997] [lvdot_detector_node]: Pipeline stats: depth_samples=0/71300 u_map=3 depth_boxes=0 u_map_merge=0 u_map_db=0 u_map_visual=0 u_map_fused=0 u_map_filtered=0 lidar_samples=0/0 uv=0 db=0 lidar=0 fused=0 filtered=0 tracks=0 dynamic=0 dyn_points=0 raw_dyn_points=0 service=0/0 split=0->0 (0 outputs) fusion_components=0 visual_only=0 lidar_only=0 fixed_size=0 size_reject=0
[lvdot_detector_main-7] [INFO] [1776908950.037022832] [lvdot_detector_node]: Input health: depth=46 color=85 lidar=0 pose=1143 odom=1141 yolo=18 depth_pose_sync=0 lidar_pose_sync=0 depth_odom_sync=0 lidar_odom_sync=0
[lvdot_detector_main-7] [INFO] [1776908950.037098342] [lvdot_detector_node]: Stage timers: detection=21 lidar_detection=691 tracking=685 classification=688 vis=578
[lvdot_detector_main-7] [INFO] [1776908950.037114129] [lvdot_detector_node]: Processing phases: detection=run_core lidar_detection=snapshot tracking=waiting_filtered_bboxes classification=idle
[lvdot_detector_main-7] [INFO] [1776908950.037126112] [lvdot_detector_node]: Pipeline stats: depth_samples=0/71300 u_map=3 depth_boxes=0 u_map_merge=0 u_map_db=0 u_map_visual=0 u_map_fused=0 u_map_filtered=0 lidar_samples=0/0 uv=0 db=0 lidar=0 fused=0 filtered=0 tracks=0 dynamic=0 dyn_points=0 raw_dyn_points=0 service=0/0 split=0->0 (0 outputs) fusion_components=0 visual_only=0 lidar_only=0 fixed_size=0 size_reject=0
[lvdot_detector_main-7] [INFO] [1776908957.719102629] [lvdot_detector_node]: Input health: depth=57 color=108 lidar=0 pose=1417 odom=1415 yolo=23 depth_pose_sync=0 lidar_pose_sync=0 depth_odom_sync=0 lidar_odom_sync=0
[lvdot_detector_main-7] [INFO] [1776908957.719183043] [lvdot_detector_node]: Stage timers: detection=25 lidar_detection=867 tracking=859 classification=864 vis=724
[lvdot_detector_main-7] [INFO] [1776908957.719202742] [lvdot_detector_node]: Processing phases: detection=run_core lidar_detection=waiting_new_lidar tracking=snapshot classification=idle
[lvdot_detector_main-7] [INFO] [1776908957.719217493] [lvdot_detector_node]: Pipeline stats: depth_samples=0/71300 u_map=0 depth_boxes=0 u_map_merge=0 u_map_db=0 u_map_visual=0 u_map_fused=0 u_map_filtered=0 lidar_samples=0/0 uv=0 db=0 lidar=0 fused=0 filtered=0 tracks=0 dynamic=0 dyn_points=0 raw_dyn_points=0 service=0/0 split=0->0 (0 outputs) fusion_components=0 visual_only=0 lidar_only=0 fixed_size=0 size_reject=0
[lvdot_detector_main-7] [INFO] [1776908963.724579999] [lvdot_detector_node]: Input health: depth=73 color=142 lidar=0 pose=1710 odom=1708 yolo=29 depth_pose_sync=0 lidar_pose_sync=0 depth_odom_sync=0 lidar_odom_sync=0
[lvdot_detector_main-7] [INFO] [1776908963.724635576] [lvdot_detector_node]: Stage timers: detection=30 lidar_detection=1045 tracking=1033 classification=1040 vis=872
[lvdot_detector_main-7] [INFO] [1776908963.724646424] [lvdot_detector_node]: Processing phases: detection=run_core lidar_detection=waiting_new_lidar tracking=waiting_filtered_bboxes classification=idle
[lvdot_detector_main-7] [INFO] [1776908963.724654894] [lvdot_detector_node]: Pipeline stats: depth_samples=0/71300 u_map=2 depth_boxes=0 u_map_merge=0 u_map_db=0 u_map_visual=0 u_map_fused=0 u_map_filtered=0 lidar_samples=0/0 uv=0 db=0 lidar=0 fused=0 filtered=0 tracks=0 dynamic=0 dyn_points=0 raw_dyn_points=0 service=0/0 split=0->0 (0 outputs) fusion_components=0 visual_only=0 lidar_only=0 fixed_size=0 size_reject=0
[lvdot_detector_main-7] [INFO] [1776908969.712940668] [lvdot_detector_node]: Input health: depth=80 color=164 lidar=0 pose=1996 odom=1994 yolo=33 depth_pose_sync=0 lidar_pose_sync=0 depth_odom_sync=0 lidar_odom_sync=0
[lvdot_detector_main-7] [INFO] [1776908969.713003326] [lvdot_detector_node]: Stage timers: detection=35 lidar_detection=1219 tracking=1204 classification=1214 vis=1020
[lvdot_detector_main-7] [INFO] [1776908969.713013785] [lvdot_detector_node]: Processing phases: detection=run_core lidar_detection=waiting_new_lidar tracking=waiting_filtered_bboxes classification=snapshot
[lvdot_detector_main-7] [INFO] [1776908969.713022818] [lvdot_detector_node]: Pipeline stats: depth_samples=0/71300 u_map=3 depth_boxes=0 u_map_merge=0 u_map_db=0 u_map_visual=0 u_map_fused=0 u_map_filtered=0 lidar_samples=0/0 uv=0 db=0 lidar=0 fused=0 filtered=0 tracks=0 dynamic=0 dyn_points=0 raw_dyn_points=0 service=0/0 split=0->0 (0 outputs) fusion_components=0 visual_only=0 lidar_only=0 fixed_size=0 size_reject=0
[lvdot_detector_main-7] [INFO] [1776908975.706421805] [lvdot_detector_node]: Input health: depth=91 color=181 lidar=0 pose=2279 odom=2277 yolo=39 depth_pose_sync=0 lidar_pose_sync=0 depth_odom_sync=0 lidar_odom_sync=0
[lvdot_detector_main-7] [INFO] [1776908975.706487989] [lvdot_detector_node]: Stage timers: detection=39 lidar_detection=1396 tracking=1379 classification=1382 vis=1155
[lvdot_detector_main-7] [INFO] [1776908975.706499971] [lvdot_detector_node]: Processing phases: detection=run_core lidar_detection=waiting_new_lidar tracking=waiting_filtered_bboxes classification=idle
[lvdot_detector_main-7] [INFO] [1776908975.706510336] [lvdot_detector_node]: Pipeline stats: depth_samples=0/71300 u_map=2 depth_boxes=0 u_map_merge=0 u_map_db=0 u_map_visual=0 u_map_fused=0 u_map_filtered=0 lidar_samples=0/0 uv=0 db=0 lidar=0 fused=0 filtered=0 tracks=0 dynamic=0 dyn_points=0 raw_dyn_points=0 service=0/0 split=0->0 (0 outputs) fusion_components=0 visual_only=0 lidar_only=0 fixed_size=0 size_reject=0
[uav_trajectory_controller-4] [WARN] [1776908981.419915192] [uav_trajectory_controller]: SetEntityPose request timed out after 0.62s on /world/pedestrian_prototype/set_pose; dropping the pending request and retrying.
[lvdot_detector_main-7] [INFO] [1776908981.706391240] [lvdot_detector_node]: Input health: depth=93 color=203 lidar=0 pose=2563 odom=2561 yolo=44 depth_pose_sync=0 lidar_pose_sync=0 depth_odom_sync=0 lidar_odom_sync=0
[lvdot_detector_main-7] [INFO] [1776908981.706449059] [lvdot_detector_node]: Stage timers: detection=44 lidar_detection=1571 tracking=1551 classification=1556 vis=1305
[lvdot_detector_main-7] [INFO] [1776908981.706459614] [lvdot_detector_node]: Processing phases: detection=run_core lidar_detection=waiting_new_lidar tracking=waiting_filtered_bboxes classification=idle
[lvdot_detector_main-7] [INFO] [1776908981.706471121] [lvdot_detector_node]: Pipeline stats: depth_samples=0/71300 u_map=3 depth_boxes=0 u_map_merge=0 u_map_db=0 u_map_visual=0 u_map_fused=0 u_map_filtered=0 lidar_samples=0/0 uv=0 db=0 lidar=0 fused=0 filtered=0 tracks=0 dynamic=0 dyn_points=0 raw_dyn_points=0 service=0/0 split=0->0 (0 outputs) fusion_components=0 visual_only=0 lidar_only=0 fixed_size=0 size_reject=0
[lvdot_detector_main-7] [INFO] [1776908987.712126245] [lvdot_detector_node]: Input health: depth=105 color=220 lidar=0 pose=2850 odom=2848 yolo=48 depth_pose_sync=0 lidar_pose_sync=0 depth_odom_sync=0 lidar_odom_sync=0
[lvdot_detector_main-7] [INFO] [1776908987.712187677] [lvdot_detector_node]: Stage timers: detection=48 lidar_detection=1743 tracking=1725 classification=1730 vis=1448
[lvdot_detector_main-7] [INFO] [1776908987.712198709] [lvdot_detector_node]: Processing phases: detection=run_core lidar_detection=waiting_new_lidar tracking=waiting_filtered_bboxes classification=idle
[lvdot_detector_main-7] [INFO] [1776908987.712207172] [lvdot_detector_node]: Pipeline stats: depth_samples=7/71300 u_map=6 depth_boxes=0 u_map_merge=0 u_map_db=0 u_map_visual=0 u_map_fused=0 u_map_filtered=0 lidar_samples=0/0 uv=0 db=0 lidar=0 fused=0 filtered=0 tracks=0 dynamic=0 dyn_points=0 raw_dyn_points=0 service=0/0 split=0->0 (0 outputs) fusion_components=0 visual_only=0 lidar_only=0 fixed_size=0 size_reject=0
[lvdot_detector_main-7] [INFO] [1776908993.383930213] [lvdot_detector_node]: Input health: depth=113 color=232 lidar=0 pose=3042 odom=3039 yolo=51 depth_pose_sync=0 lidar_pose_sync=0 depth_odom_sync=0 lidar_odom_sync=0
[lvdot_detector_main-7] [INFO] [1776908993.384061350] [lvdot_detector_node]: Stage timers: detection=51 lidar_detection=1860 tracking=1843 classification=1850 vis=1544
[lvdot_detector_main-7] [INFO] [1776908993.384084950] [lvdot_detector_node]: Processing phases: detection=run_core lidar_detection=waiting_new_lidar tracking=waiting_filtered_bboxes classification=idle
[lvdot_detector_main-7] [INFO] [1776908993.384094562] [lvdot_detector_node]: Pipeline stats: depth_samples=13/71300 u_map=5 depth_boxes=0 u_map_merge=0 u_map_db=0 u_map_visual=0 u_map_fused=0 u_map_filtered=0 lidar_samples=0/0 uv=0 db=0 lidar=0 fused=0 filtered=0 tracks=0 dynamic=0 dyn_points=0 raw_dyn_points=0 service=0/0 split=0->0 (0 outputs) fusion_components=0 visual_only=0 lidar_only=0 fixed_size=0 size_reject=0
[lvdot_detector_main-7] [INFO] [1776908999.390296729] [lvdot_detector_node]: Input health: depth=122 color=250 lidar=0 pose=3330 odom=3328 yolo=56 depth_pose_sync=0 lidar_pose_sync=0 depth_odom_sync=0 lidar_odom_sync=0
[lvdot_detector_main-7] [INFO] [1776908999.390362523] [lvdot_detector_node]: Stage timers: detection=56 lidar_detection=2039 tracking=2019 classification=2026 vis=1684
[lvdot_detector_main-7] [INFO] [1776908999.390376119] [lvdot_detector_node]: Processing phases: detection=run_core lidar_detection=waiting_new_lidar tracking=waiting_filtered_bboxes classification=idle
[lvdot_detector_main-7] [INFO] [1776908999.390387243] [lvdot_detector_node]: Pipeline stats: depth_samples=0/71300 u_map=1 depth_boxes=0 u_map_merge=0 u_map_db=0 u_map_visual=0 u_map_fused=0 u_map_filtered=0 lidar_samples=0/0 uv=0 db=0 lidar=0 fused=0 filtered=0 tracks=0 dynamic=0 dyn_points=0 raw_dyn_points=0 service=0/0 split=0->0 (0 outputs) fusion_components=0 visual_only=0 lidar_only=0 fixed_size=0 size_reject=0
[lvdot_detector_main-7] [INFO] [1776909005.378600619] [lvdot_detector_node]: Input health: depth=130 color=269 lidar=0 pose=3618 odom=3616 yolo=62 depth_pose_sync=0 lidar_pose_sync=0 depth_odom_sync=0 lidar_odom_sync=0
[lvdot_detector_main-7] [INFO] [1776909005.378672688] [lvdot_detector_node]: Stage timers: detection=60 lidar_detection=2216 tracking=2198 classification=2204 vis=1845
[lvdot_detector_main-7] [INFO] [1776909005.378687996] [lvdot_detector_node]: Processing phases: detection=run_core lidar_detection=waiting_new_lidar tracking=waiting_filtered_bboxes classification=idle
[lvdot_detector_main-7] [INFO] [1776909005.378700451] [lvdot_detector_node]: Pipeline stats: depth_samples=0/71300 u_map=3 depth_boxes=0 u_map_merge=0 u_map_db=0 u_map_visual=0 u_map_fused=0 u_map_filtered=0 lidar_samples=0/0 uv=0 db=0 lidar=0 fused=0 filtered=0 tracks=0 dynamic=0 dyn_points=0 raw_dyn_points=0 service=0/0 split=0->0 (0 outputs) fusion_components=0 visual_only=0 lidar_only=0 fixed_size=0 size_reject=0
[lvdot_detector_main-7] [INFO] [1776909011.401841965] [lvdot_detector_node]: Input health: depth=142 color=295 lidar=0 pose=3900 odom=3897 yolo=65 depth_pose_sync=0 lidar_pose_sync=0 depth_odom_sync=0 lidar_odom_sync=0
[lvdot_detector_main-7] [INFO] [1776909011.401912520] [lvdot_detector_node]: Stage timers: detection=64 lidar_detection=2392 tracking=2372 classification=2379 vis=1990
[lvdot_detector_main-7] [INFO] [1776909011.401926593] [lvdot_detector_node]: Processing phases: detection=run_core lidar_detection=waiting_new_lidar tracking=waiting_filtered_bboxes classification=idle
[lvdot_detector_main-7] [INFO] [1776909011.401936007] [lvdot_detector_node]: Pipeline stats: depth_samples=0/71300 u_map=2 depth_boxes=0 u_map_merge=0 u_map_db=0 u_map_visual=0 u_map_fused=0 u_map_filtered=0 lidar_samples=0/0 uv=0 db=0 lidar=0 fused=0 filtered=0 tracks=0 dynamic=0 dyn_points=0 raw_dyn_points=0 service=0/0 split=0->0 (0 outputs) fusion_components=0 visual_only=0 lidar_only=0 fixed_size=0 size_reject=0
[lvdot_detector_main-7] [INFO] [1776909017.381251687] [lvdot_detector_node]: Input health: depth=155 color=314 lidar=0 pose=4186 odom=4184 yolo=69 depth_pose_sync=0 lidar_pose_sync=0 depth_odom_sync=0 lidar_odom_sync=0
[lvdot_detector_main-7] [INFO] [1776909017.381339458] [lvdot_detector_node]: Stage timers: detection=69 lidar_detection=2567 tracking=2548 classification=2552 vis=2134
[lvdot_detector_main-7] [INFO] [1776909017.381360094] [lvdot_detector_node]: Processing phases: detection=run_core lidar_detection=waiting_new_lidar tracking=waiting_filtered_bboxes classification=build_input
[lvdot_detector_main-7] [INFO] [1776909017.381375784] [lvdot_detector_node]: Pipeline stats: depth_samples=0/71300 u_map=3 depth_boxes=0 u_map_merge=0 u_map_db=0 u_map_visual=0 u_map_fused=0 u_map_filtered=0 lidar_samples=0/0 uv=0 db=0 lidar=0 fused=0 filtered=0 tracks=0 dynamic=0 dyn_points=0 raw_dyn_points=0 service=0/0 split=0->0 (0 outputs) fusion_components=0 visual_only=0 lidar_only=0 fixed_size=0 size_reject=0
[lvdot_detector_main-7] [INFO] [1776909025.096177787] [lvdot_detector_node]: Input health: depth=167 color=327 lidar=3 pose=4466 odom=4463 yolo=75 depth_pose_sync=0 lidar_pose_sync=0 depth_odom_sync=0 lidar_odom_sync=0
[lvdot_detector_main-7] [INFO] [1776909025.096242120] [lvdot_detector_node]: Stage timers: detection=73 lidar_detection=2627 tracking=2718 classification=2723 vis=2286
[lvdot_detector_main-7] [INFO] [1776909025.096252683] [lvdot_detector_node]: Processing phases: detection=run_core lidar_detection=run_lidar_detector/project tracking=waiting_filtered_bboxes classification=idle
[lvdot_detector_main-7] [INFO] [1776909025.096262010] [lvdot_detector_node]: Pipeline stats: depth_samples=0/71300 u_map=4 depth_boxes=0 u_map_merge=0 u_map_db=0 u_map_visual=0 u_map_fused=0 u_map_filtered=0 lidar_samples=0/0 uv=0 db=0 lidar=0 fused=0 filtered=0 tracks=0 dynamic=0 dyn_points=0 raw_dyn_points=0 service=0/0 split=0->0 (0 outputs) fusion_components=0 visual_only=0 lidar_only=0 fixed_size=0 size_reject=0
[lvdot_detector_main-7] [INFO] [1776909031.078159594] [lvdot_detector_node]: Input health: depth=182 color=362 lidar=3 pose=4714 odom=4711 yolo=80 depth_pose_sync=0 lidar_pose_sync=0 depth_odom_sync=0 lidar_odom_sync=0
[lvdot_detector_main-7] [INFO] [1776909031.078224308] [lvdot_detector_node]: Stage timers: detection=78 lidar_detection=2654 tracking=2864 classification=2844 vis=2412
[lvdot_detector_main-7] [INFO] [1776909031.078235062] [lvdot_detector_node]: Processing phases: detection=run_core lidar_detection=waiting_new_lidar tracking=waiting_filtered_bboxes classification=idle
[lvdot_detector_main-7] [INFO] [1776909031.078243532] [lvdot_detector_node]: Pipeline stats: depth_samples=49/71300 u_map=3 depth_boxes=0 u_map_merge=0 u_map_db=0 u_map_visual=0 u_map_fused=0 u_map_filtered=0 lidar_samples=1201/24369 uv=0 db=1 lidar=8 fused=8 filtered=8 tracks=0 dynamic=0 dyn_points=0 raw_dyn_points=0 service=0/0 split=8->0 (8 outputs) fusion_components=8 visual_only=0 lidar_only=8 fixed_size=0 size_reject=0
[lvdot_detector_main-7] [INFO] [1776909037.078161614] [lvdot_detector_node]: Input health: depth=186 color=383 lidar=3 pose=4997 odom=4994 yolo=87 depth_pose_sync=0 lidar_pose_sync=0 depth_odom_sync=0 lidar_odom_sync=0
[lvdot_detector_main-7] [INFO] [1776909037.078220463] [lvdot_detector_node]: Stage timers: detection=82 lidar_detection=2828 tracking=3035 classification=3019 vis=2549
[lvdot_detector_main-7] [INFO] [1776909037.078231206] [lvdot_detector_node]: Processing phases: detection=run_core lidar_detection=waiting_new_lidar tracking=waiting_filtered_bboxes classification=idle
[lvdot_detector_main-7] [INFO] [1776909037.078239953] [lvdot_detector_node]: Pipeline stats: depth_samples=0/71300 u_map=3 depth_boxes=0 u_map_merge=0 u_map_db=0 u_map_visual=0 u_map_fused=0 u_map_filtered=0 lidar_samples=1201/24369 uv=0 db=0 lidar=8 fused=8 filtered=8 tracks=0 dynamic=0 dyn_points=0 raw_dyn_points=0 service=0/0 split=8->0 (8 outputs) fusion_components=8 visual_only=0 lidar_only=8 fixed_size=0 size_reject=0
