[INFO] [launch]: All log files can be found below /home/skbt2/.ros/log/2026-04-23-23-18-11-549522-DESKTOP-90MQDL6-167282
[INFO] [launch]: Default logging verbosity is set to INFO
[INFO] [gazebo-1]: process started with pid [167324]
[INFO] [parameter_bridge-2]: process started with pid [167325]
[INFO] [pedestrian_state_publisher-3]: process started with pid [167326]
[INFO] [uav_trajectory_controller-4]: process started with pid [167327]
[INFO] [image_pointcloud_relay-5]: process started with pid [167328]
[INFO] [lvdot_yolo_node-6]: process started with pid [167329]
[INFO] [lvdot_detector_main-7]: process started with pid [167330]
[parameter_bridge-2] [INFO] [1776957491.786416509] [ros_gz_bridge]: Creating GZ->ROS Bridge: [/rgbd_camera/image (gz.msgs.Image) -> /rgbd_camera/image (sensor_msgs/msg/Image)] (Lazy 0)
[parameter_bridge-2] [INFO] [1776957491.790305507] [ros_gz_bridge]: Creating GZ->ROS Bridge: [/rgbd_camera/camera_info (gz.msgs.CameraInfo) -> /rgbd_camera/camera_info (sensor_msgs/msg/CameraInfo)] (Lazy 0)
[parameter_bridge-2] [INFO] [1776957491.791224741] [ros_gz_bridge]: Creating GZ->ROS Bridge: [/rgbd_camera/depth_image (gz.msgs.Image) -> /rgbd_camera/depth_image (sensor_msgs/msg/Image)] (Lazy 0)
[parameter_bridge-2] [INFO] [1776957491.791797361] [ros_gz_bridge]: Creating GZ->ROS Bridge: [/rgbd_camera/points (gz.msgs.PointCloudPacked) -> /rgbd_camera/points (sensor_msgs/msg/PointCloud2)] (Lazy 0)
[parameter_bridge-2] [INFO] [1776957491.792800543] [ros_gz_bridge]: Creating GZ->ROS Bridge: [/camera/imu (gz.msgs.IMU) -> /camera/imu (sensor_msgs/msg/Imu)] (Lazy 0)
[parameter_bridge-2] [INFO] [1776957491.793981370] [ros_gz_bridge]: Creating ROS->GZ service bridge [/world/pedestrian_prototype/set_pose (ros_gz_interfaces/srv/SetEntityPose -> /)]
[parameter_bridge-2] [INFO] [1776957491.795316346] [ros_gz_bridge]: Creating ROS->GZ service bridge [/world/pedestrian_prototype/set_pose/blocking (ros_gz_interfaces/srv/SetEntityPose -> /)]
[lvdot_detector_main-7] [INFO] [1776957491.957851675] [lvdot_detector_node]: Config loaded: localization_mode=0 dt=0.033 image=640x480 depth_range=[0.20, 12.00] stage_timers=true
[lvdot_detector_main-7] [INFO] [1776957492.013519144] [lvdot_detector_node]: LV-DOT ROS2 skeleton started. depth=/camera/depth/image_rect_raw color=/camera/color/image_raw lidar=/rgbd_camera/points pose=/mavros/local_position/pose odom=/mavros/local_position/odom yolo=/yolo_detector/detected_bounding_boxes
[uav_trajectory_controller-4] [WARN] [1776957492.985281160] [uav_trajectory_controller]: SetEntityPose service /world/pedestrian_prototype/set_pose/blocking is unavailable; UAV state publication is paused until Gazebo pose control is reachable.
[gazebo-1] [INFO] [1776957492.995588319] [pedestrian_pose_sync_system]: Configured pedestrian pose sync plugin on topic [/pedestrian_sim/agent_states] for 8 models.
[lvdot_detector_main-7] [INFO] [1776957494.013893814] [lvdot_detector_node]: Input health: depth=0 color=0 lidar=0 pose=0 odom=0 yolo=0 depth_pose_sync=0 lidar_pose_sync=0 depth_odom_sync=0 lidar_odom_sync=0
[lvdot_detector_main-7] [INFO] [1776957494.014075749] [lvdot_detector_node]: Stage timers: detection=60 lidar_detection=60 tracking=60 classification=60 vis=60
[lvdot_detector_main-7] [INFO] [1776957494.014097590] [lvdot_detector_node]: Processing phases: detection=waiting_sensor_pose lidar_detection=waiting_new_lidar tracking=waiting_new_filtered_update classification=waiting_new_tracking_update
[lvdot_detector_main-7] [INFO] [1776957494.014105390] [lvdot_detector_node]: Pipeline stats: depth_samples=0/0 u_map=0 depth_boxes=0 u_map_merge=0 u_map_db=0 u_map_visual=0 u_map_fused=0 u_map_filtered=0 lidar_samples=0/0 uv=0 db=0 lidar=0 fused=0 filtered=0 tracks=0 dynamic=0 dyn_points=0 raw_dyn_points=0 service=0/0 split=0->0 (0 outputs) fusion_components=0 visual_only=0 lidar_only=0 yolo_in=0 yolo_match3d=0 yolo_match_det=0 yolo_human=0 fixed_size=0 size_reject=0
[lvdot_detector_main-7] [INFO] [1776957500.016985062] [lvdot_detector_node]: Input health: depth=12 color=12 lidar=13 pose=32 odom=32 yolo=12 depth_pose_sync=0 lidar_pose_sync=0 depth_odom_sync=0 lidar_odom_sync=0
[lvdot_detector_main-7] [INFO] [1776957500.017076914] [lvdot_detector_node]: Stage timers: detection=136 lidar_detection=131 tracking=242 classification=242 vis=238
[lvdot_detector_main-7] [INFO] [1776957500.017086859] [lvdot_detector_node]: Processing phases: detection=run_core lidar_detection=run_lidar_detector/dbscan tracking=waiting_new_filtered_update classification=waiting_new_tracking_update
[lvdot_detector_main-7] [INFO] [1776957500.017093392] [lvdot_detector_node]: Pipeline stats: depth_samples=1642/71300 u_map=2 depth_boxes=0 u_map_merge=0 u_map_db=0 u_map_visual=0 u_map_fused=0 u_map_filtered=0 lidar_samples=3292/116254 uv=2 db=12 lidar=11 fused=13 filtered=13 tracks=13 dynamic=0 dyn_points=0 raw_dyn_points=0 service=0/0 split=13->0 (13 outputs) fusion_components=13 visual_only=2 lidar_only=11 yolo_in=0 yolo_match3d=0 yolo_match_det=0 yolo_human=0 fixed_size=0 size_reject=0
[lvdot_detector_main-7] [INFO] [1776957506.855338270] [lvdot_detector_node]: Input health: depth=30 color=33 lidar=34 pose=80 odom=80 yolo=30 depth_pose_sync=0 lidar_pose_sync=0 depth_odom_sync=0 lidar_odom_sync=0
[lvdot_detector_main-7] [INFO] [1776957506.855408986] [lvdot_detector_node]: Stage timers: detection=143 lidar_detection=133 tracking=424 classification=424 vis=411
[lvdot_detector_main-7] [INFO] [1776957506.855419325] [lvdot_detector_node]: Processing phases: detection=run_core lidar_detection=run_lidar_detector/dbscan tracking=waiting_new_filtered_update classification=waiting_new_tracking_update
[lvdot_detector_main-7] [INFO] [1776957506.855429664] [lvdot_detector_node]: Pipeline stats: depth_samples=1069/71300 u_map=4 depth_boxes=0 u_map_merge=0 u_map_db=0 u_map_visual=0 u_map_fused=0 u_map_filtered=0 lidar_samples=3331/154099 uv=1 db=9 lidar=14 fused=15 filtered=15 tracks=15 dynamic=0 dyn_points=0 raw_dyn_points=0 service=0/0 split=15->0 (15 outputs) fusion_components=15 visual_only=1 lidar_only=14 yolo_in=1 yolo_match3d=0 yolo_match_det=0 yolo_human=0 fixed_size=0 size_reject=0
[lvdot_detector_main-7] [INFO] [1776957512.859055581] [lvdot_detector_node]: Input health: depth=62 color=62 lidar=62 pose=128 odom=128 yolo=51 depth_pose_sync=0 lidar_pose_sync=0 depth_odom_sync=0 lidar_odom_sync=0
[lvdot_detector_main-7] [INFO] [1776957512.859157314] [lvdot_detector_node]: Stage timers: detection=150 lidar_detection=136 tracking=605 classification=606 vis=549
[lvdot_detector_main-7] [INFO] [1776957512.859172823] [lvdot_detector_node]: Processing phases: detection=run_core lidar_detection=run_lidar_detector/project tracking=waiting_new_filtered_update classification=waiting_new_tracking_update
[lvdot_detector_main-7] [INFO] [1776957512.859186186] [lvdot_detector_node]: Pipeline stats: depth_samples=1581/71300 u_map=0 depth_boxes=0 u_map_merge=0 u_map_db=0 u_map_visual=0 u_map_fused=0 u_map_filtered=0 lidar_samples=3362/107925 uv=0 db=9 lidar=3 fused=9 filtered=9 tracks=9 dynamic=0 dyn_points=0 raw_dyn_points=0 service=0/0 split=9->0 (9 outputs) fusion_components=9 visual_only=0 lidar_only=9 yolo_in=0 yolo_match3d=0 yolo_match_det=0 yolo_human=0 fixed_size=0 size_reject=0
[lvdot_detector_main-7] [INFO] [1776957518.845162519] [lvdot_detector_node]: Input health: depth=85 color=82 lidar=84 pose=168 odom=168 yolo=71 depth_pose_sync=0 lidar_pose_sync=0 depth_odom_sync=0 lidar_odom_sync=0
[lvdot_detector_main-7] [INFO] [1776957518.845239533] [lvdot_detector_node]: Stage timers: detection=157 lidar_detection=138 tracking=786 classification=787 vis=727
[lvdot_detector_main-7] [INFO] [1776957518.845254644] [lvdot_detector_node]: Processing phases: detection=run_core lidar_detection=run_lidar_detector/dbscan tracking=waiting_new_filtered_update classification=waiting_new_tracking_update
[lvdot_detector_main-7] [INFO] [1776957518.845263905] [lvdot_detector_node]: Pipeline stats: depth_samples=1746/71300 u_map=3 depth_boxes=0 u_map_merge=0 u_map_db=0 u_map_visual=0 u_map_fused=0 u_map_filtered=0 lidar_samples=3449/116298 uv=1 db=13 lidar=20 fused=21 filtered=21 tracks=21 dynamic=0 dyn_points=0 raw_dyn_points=0 service=0/0 split=21->0 (21 outputs) fusion_components=21 visual_only=1 lidar_only=20 yolo_in=3 yolo_match3d=2 yolo_match_det=2 yolo_human=2 fixed_size=0 size_reject=2
[lvdot_detector_main-7] [INFO] [1776957524.847023154] [lvdot_detector_node]: Input health: depth=103 color=101 lidar=96 pose=209 odom=209 yolo=89 depth_pose_sync=0 lidar_pose_sync=0 depth_odom_sync=0 lidar_odom_sync=0
[lvdot_detector_main-7] [INFO] [1776957524.847224488] [lvdot_detector_node]: Stage timers: detection=164 lidar_detection=141 tracking=968 classification=969 vis=896
[lvdot_detector_main-7] [INFO] [1776957524.847310286] [lvdot_detector_node]: Processing phases: detection=run_core lidar_detection=run_lidar_detector/project tracking=waiting_new_filtered_update classification=waiting_new_tracking_update
[lvdot_detector_main-7] [INFO] [1776957524.847327446] [lvdot_detector_node]: Pipeline stats: depth_samples=1629/71300 u_map=5 depth_boxes=0 u_map_merge=0 u_map_db=0 u_map_visual=0 u_map_fused=0 u_map_filtered=0 lidar_samples=3181/144450 uv=1 db=15 lidar=53 fused=54 filtered=54 tracks=54 dynamic=1 dyn_points=86 raw_dyn_points=1418 service=0/0 split=54->0 (54 outputs) fusion_components=54 visual_only=1 lidar_only=53 yolo_in=3 yolo_match3d=3 yolo_match_det=3 yolo_human=3 fixed_size=0 size_reject=2
[lvdot_detector_main-7] [INFO] [1776957530.844720577] [lvdot_detector_node]: Input health: depth=135 color=130 lidar=120 pose=258 odom=258 yolo=108 depth_pose_sync=0 lidar_pose_sync=0 depth_odom_sync=0 lidar_odom_sync=0
[lvdot_detector_main-7] [INFO] [1776957530.844791171] [lvdot_detector_node]: Stage timers: detection=172 lidar_detection=143 tracking=1148 classification=1147 vis=1061
[lvdot_detector_main-7] [INFO] [1776957530.844802092] [lvdot_detector_node]: Processing phases: detection=run_core lidar_detection=run_lidar_detector/dbscan tracking=waiting_new_filtered_update classification=waiting_new_tracking_update
[lvdot_detector_main-7] [INFO] [1776957530.844810672] [lvdot_detector_node]: Pipeline stats: depth_samples=1581/71300 u_map=0 depth_boxes=0 u_map_merge=0 u_map_db=0 u_map_visual=0 u_map_fused=0 u_map_filtered=0 lidar_samples=3151/126460 uv=0 db=9 lidar=4 fused=4 filtered=4 tracks=4 dynamic=0 dyn_points=0 raw_dyn_points=0 service=0/0 split=4->0 (4 outputs) fusion_components=4 visual_only=0 lidar_only=4 yolo_in=0 yolo_match3d=0 yolo_match_det=0 yolo_human=0 fixed_size=0 size_reject=0
[lvdot_detector_main-7] [INFO] [1776957537.668623623] [lvdot_detector_node]: Input health: depth=156 color=152 lidar=137 pose=292 odom=292 yolo=128 depth_pose_sync=0 lidar_pose_sync=0 depth_odom_sync=0 lidar_odom_sync=0
[lvdot_detector_main-7] [INFO] [1776957537.668707965] [lvdot_detector_node]: Stage timers: detection=179 lidar_detection=146 tracking=1329 classification=1329 vis=1235
[lvdot_detector_main-7] [INFO] [1776957537.668718983] [lvdot_detector_node]: Processing phases: detection=run_core lidar_detection=run_lidar_detector/project tracking=snapshot classification=waiting_new_tracking_update
[lvdot_detector_main-7] [INFO] [1776957537.668727271] [lvdot_detector_node]: Pipeline stats: depth_samples=1694/71300 u_map=2 depth_boxes=0 u_map_merge=0 u_map_db=0 u_map_visual=0 u_map_fused=0 u_map_filtered=0 lidar_samples=3206/125149 uv=1 db=8 lidar=17 fused=6 filtered=6 tracks=6 dynamic=0 dyn_points=0 raw_dyn_points=0 service=0/0 split=6->0 (6 outputs) fusion_components=6 visual_only=1 lidar_only=5 yolo_in=4 yolo_match3d=0 yolo_match_det=0 yolo_human=0 fixed_size=0 size_reject=0
[lvdot_detector_main-7] [INFO] [1776957543.676203166] [lvdot_detector_node]: Input health: depth=172 color=170 lidar=149 pose=326 odom=326 yolo=147 depth_pose_sync=0 lidar_pose_sync=0 depth_odom_sync=0 lidar_odom_sync=0
[lvdot_detector_main-7] [INFO] [1776957543.676325477] [lvdot_detector_node]: Stage timers: detection=186 lidar_detection=148 tracking=1511 classification=1511 vis=1405
[lvdot_detector_main-7] [INFO] [1776957543.676341278] [lvdot_detector_node]: Processing phases: detection=run_core lidar_detection=run_lidar_detector/dbscan tracking=waiting_new_filtered_update classification=waiting_new_tracking_update
[lvdot_detector_main-7] [INFO] [1776957543.676352885] [lvdot_detector_node]: Pipeline stats: depth_samples=1160/71300 u_map=3 depth_boxes=0 u_map_merge=0 u_map_db=0 u_map_visual=0 u_map_fused=0 u_map_filtered=0 lidar_samples=3299/129602 uv=2 db=5 lidar=22 fused=22 filtered=22 tracks=22 dynamic=0 dyn_points=0 raw_dyn_points=0 service=0/0 split=22->1 (22 outputs) fusion_components=22 visual_only=0 lidar_only=20 yolo_in=3 yolo_match3d=2 yolo_match_det=3 yolo_human=2 fixed_size=0 size_reject=2
[lvdot_detector_main-7] [INFO] [1776957549.665143943] [lvdot_detector_node]: Input health: depth=195 color=189 lidar=166 pose=374 odom=374 yolo=165 depth_pose_sync=0 lidar_pose_sync=0 depth_odom_sync=0 lidar_odom_sync=0
[lvdot_detector_main-7] [INFO] [1776957549.665245424] [lvdot_detector_node]: Stage timers: detection=194 lidar_detection=151 tracking=1689 classification=1686 vis=1560
[lvdot_detector_main-7] [INFO] [1776957549.665262582] [lvdot_detector_node]: Processing phases: detection=run_core lidar_detection=run_lidar_detector/dbscan tracking=waiting_new_filtered_update classification=waiting_new_tracking_update
[lvdot_detector_main-7] [INFO] [1776957549.665273013] [lvdot_detector_node]: Pipeline stats: depth_samples=1574/71300 u_map=2 depth_boxes=0 u_map_merge=0 u_map_db=0 u_map_visual=0 u_map_fused=0 u_map_filtered=0 lidar_samples=1046/86135 uv=1 db=17 lidar=0 fused=1 filtered=1 tracks=1 dynamic=0 dyn_points=0 raw_dyn_points=0 service=0/0 split=1->0 (1 outputs) fusion_components=1 visual_only=1 lidar_only=0 yolo_in=1 yolo_match3d=0 yolo_match_det=0 yolo_human=0 fixed_size=0 size_reject=0
[lvdot_detector_main-7] [INFO] [1776957555.665027454] [lvdot_detector_node]: Input health: depth=217 color=217 lidar=182 pose=418 odom=418 yolo=182 depth_pose_sync=0 lidar_pose_sync=0 depth_odom_sync=0 lidar_odom_sync=0
[lvdot_detector_main-7] [INFO] [1776957555.665146595] [lvdot_detector_node]: Stage timers: detection=201 lidar_detection=153 tracking=1869 classification=1867 vis=1730
[lvdot_detector_main-7] [INFO] [1776957555.665166289] [lvdot_detector_node]: Processing phases: detection=run_core lidar_detection=run_lidar_detector/dbscan tracking=waiting_new_filtered_update classification=waiting_new_tracking_update
[lvdot_detector_main-7] [INFO] [1776957555.665176623] [lvdot_detector_node]: Pipeline stats: depth_samples=1536/71300 u_map=0 depth_boxes=0 u_map_merge=0 u_map_db=0 u_map_visual=0 u_map_fused=0 u_map_filtered=0 lidar_samples=3499/152474 uv=0 db=9 lidar=30 fused=30 filtered=30 tracks=30 dynamic=0 dyn_points=0 raw_dyn_points=0 service=0/0 split=30->0 (30 outputs) fusion_components=30 visual_only=0 lidar_only=30 yolo_in=0 yolo_match3d=0 yolo_match_det=0 yolo_human=0 fixed_size=0 size_reject=0
[lvdot_detector_main-7] [INFO] [1776957561.665031137] [lvdot_detector_node]: Input health: depth=238 color=238 lidar=202 pose=451 odom=451 yolo=200 depth_pose_sync=0 lidar_pose_sync=0 depth_odom_sync=0 lidar_odom_sync=0
[lvdot_detector_main-7] [INFO] [1776957561.665106794] [lvdot_detector_node]: Stage timers: detection=208 lidar_detection=156 tracking=2049 classification=2048 vis=1900
[lvdot_detector_main-7] [INFO] [1776957561.665115861] [lvdot_detector_node]: Processing phases: detection=run_core lidar_detection=run_lidar_detector/project tracking=waiting_new_filtered_update classification=waiting_new_tracking_update
[lvdot_detector_main-7] [INFO] [1776957561.665122588] [lvdot_detector_node]: Pipeline stats: depth_samples=1588/71300 u_map=5 depth_boxes=0 u_map_merge=0 u_map_db=0 u_map_visual=0 u_map_fused=0 u_map_filtered=0 lidar_samples=3084/136196 uv=1 db=14 lidar=16 fused=23 filtered=23 tracks=23 dynamic=2 dyn_points=85 raw_dyn_points=996 service=0/0 split=23->1 (23 outputs) fusion_components=23 visual_only=1 lidar_only=22 yolo_in=4 yolo_match3d=3 yolo_match_det=4 yolo_human=3 fixed_size=0 size_reject=1
[lvdot_detector_main-7] [INFO] [1776957567.669579595] [lvdot_detector_node]: Input health: depth=255 color=255 lidar=212 pose=498 odom=498 yolo=215 depth_pose_sync=0 lidar_pose_sync=0 depth_odom_sync=0 lidar_odom_sync=0
[lvdot_detector_main-7] [INFO] [1776957567.669824524] [lvdot_detector_node]: Stage timers: detection=216 lidar_detection=158 tracking=2229 classification=2228 vis=2053
[lvdot_detector_main-7] [INFO] [1776957567.669843927] [lvdot_detector_node]: Processing phases: detection=run_core lidar_detection=run_lidar_detector/project tracking=waiting_new_filtered_update classification=waiting_new_tracking_update
[lvdot_detector_main-7] [INFO] [1776957567.669852800] [lvdot_detector_node]: Pipeline stats: depth_samples=944/71300 u_map=3 depth_boxes=0 u_map_merge=0 u_map_db=0 u_map_visual=0 u_map_fused=0 u_map_filtered=0 lidar_samples=3346/142872 uv=0 db=6 lidar=62 fused=62 filtered=62 tracks=62 dynamic=0 dyn_points=0 raw_dyn_points=0 service=0/0 split=62->0 (62 outputs) fusion_components=62 visual_only=0 lidar_only=62 yolo_in=0 yolo_match3d=0 yolo_match_det=0 yolo_human=0 fixed_size=0 size_reject=0
[uav_trajectory_controller-4] [WARN] [1776957570.193903806] [uav_trajectory_controller]: SetEntityPose request timed out after 0.86s on /world/pedestrian_prototype/set_pose/blocking; dropping the pending request and retrying.
[uav_trajectory_controller-4] [WARN] [1776957570.195240873] [uav_trajectory_controller]: Falling back from /world/pedestrian_prototype/set_pose/blocking to /world/pedestrian_prototype/set_pose.
[lvdot_detector_main-7] [INFO] [1776957574.524316019] [lvdot_detector_node]: Input health: depth=283 color=277 lidar=231 pose=546 odom=546 yolo=228 depth_pose_sync=0 lidar_pose_sync=0 depth_odom_sync=0 lidar_odom_sync=0
[lvdot_detector_main-7] [INFO] [1776957574.524388391] [lvdot_detector_node]: Stage timers: detection=222 lidar_detection=160 tracking=2410 classification=2401 vis=2197
[lvdot_detector_main-7] [INFO] [1776957574.524400973] [lvdot_detector_node]: Processing phases: detection=run_core lidar_detection=run_lidar_detector/dbscan tracking=waiting_new_filtered_update classification=waiting_new_tracking_update
[lvdot_detector_main-7] [INFO] [1776957574.524410532] [lvdot_detector_node]: Pipeline stats: depth_samples=1581/71300 u_map=0 depth_boxes=0 u_map_merge=0 u_map_db=0 u_map_visual=0 u_map_fused=0 u_map_filtered=0 lidar_samples=3396/121958 uv=0 db=9 lidar=62 fused=1 filtered=1 tracks=1 dynamic=0 dyn_points=0 raw_dyn_points=0 service=0/0 split=1->0 (1 outputs) fusion_components=1 visual_only=0 lidar_only=1 yolo_in=0 yolo_match3d=0 yolo_match_det=0 yolo_human=0 fixed_size=0 size_reject=0
[lvdot_detector_main-7] [INFO] [1776957580.529370159] [lvdot_detector_node]: Input health: depth=301 color=290 lidar=245 pose=589 odom=589 yolo=242 depth_pose_sync=0 lidar_pose_sync=0 depth_odom_sync=0 lidar_odom_sync=0
[lvdot_detector_main-7] [INFO] [1776957580.529439373] [lvdot_detector_node]: Stage timers: detection=229 lidar_detection=163 tracking=2592 classification=2583 vis=2372
[lvdot_detector_main-7] [INFO] [1776957580.529449998] [lvdot_detector_node]: Processing phases: detection=run_core lidar_detection=run_lidar_detector/decode tracking=idle classification=waiting_new_tracking_update
[lvdot_detector_main-7] [INFO] [1776957580.529458772] [lvdot_detector_node]: Pipeline stats: depth_samples=1694/71300 u_map=2 depth_boxes=0 u_map_merge=0 u_map_db=0 u_map_visual=0 u_map_fused=0 u_map_filtered=0 lidar_samples=3144/139544 uv=1 db=14 lidar=19 fused=20 filtered=20 tracks=20 dynamic=1 dyn_points=103 raw_dyn_points=0 service=0/0 split=20->0 (20 outputs) fusion_components=20 visual_only=1 lidar_only=19 yolo_in=3 yolo_match3d=3 yolo_match_det=3 yolo_human=3 fixed_size=0 size_reject=0
[uav_trajectory_controller-4] [WARN] [1776957580.586307784] [uav_trajectory_controller]: SetEntityPose request timed out after 0.62s on /world/pedestrian_prototype/set_pose; dropping the pending request and retrying.
[uav_trajectory_controller-4] [WARN] [1776957581.341381141] [uav_trajectory_controller]: SetEntityPose request timed out after 0.63s on /world/pedestrian_prototype/set_pose; dropping the pending request and retrying.
[uav_trajectory_controller-4] [WARN] [1776957582.086971555] [uav_trajectory_controller]: SetEntityPose request timed out after 0.63s on /world/pedestrian_prototype/set_pose; dropping the pending request and retrying.
[lvdot_detector_main-7] [INFO] [1776957586.511184742] [lvdot_detector_node]: Input health: depth=314 color=299 lidar=258 pose=624 odom=624 yolo=256 depth_pose_sync=0 lidar_pose_sync=0 depth_odom_sync=0 lidar_odom_sync=0
[lvdot_detector_main-7] [INFO] [1776957586.511264289] [lvdot_detector_node]: Stage timers: detection=236 lidar_detection=165 tracking=2768 classification=2758 vis=2507
[lvdot_detector_main-7] [INFO] [1776957586.511274135] [lvdot_detector_node]: Processing phases: detection=run_core lidar_detection=run_lidar_detector/project tracking=waiting_new_filtered_update classification=waiting_new_tracking_update
[lvdot_detector_main-7] [INFO] [1776957586.511280569] [lvdot_detector_node]: Pipeline stats: depth_samples=1596/71300 u_map=4 depth_boxes=0 u_map_merge=0 u_map_db=0 u_map_visual=0 u_map_fused=0 u_map_filtered=0 lidar_samples=3078/170023 uv=1 db=14 lidar=15 fused=68 filtered=69 tracks=69 dynamic=1 dyn_points=6 raw_dyn_points=0 service=0/0 split=68->1 (69 outputs) fusion_components=68 visual_only=1 lidar_only=67 yolo_in=2 yolo_match3d=1 yolo_match_det=2 yolo_human=2 fixed_size=0 size_reject=1
[lvdot_detector_main-7] [INFO] [1776957592.511031675] [lvdot_detector_node]: Input health: depth=333 color=310 lidar=272 pose=670 odom=670 yolo=267 depth_pose_sync=0 lidar_pose_sync=0 depth_odom_sync=0 lidar_odom_sync=0
[lvdot_detector_main-7] [INFO] [1776957592.511107038] [lvdot_detector_node]: Stage timers: detection=243 lidar_detection=167 tracking=2947 classification=2938 vis=2661
[lvdot_detector_main-7] [INFO] [1776957592.511120980] [lvdot_detector_node]: Processing phases: detection=run_core lidar_detection=run_lidar_detector/dbscan tracking=waiting_new_filtered_update classification=waiting_new_tracking_update
[lvdot_detector_main-7] [INFO] [1776957592.511132679] [lvdot_detector_node]: Pipeline stats: depth_samples=1316/71300 u_map=1 depth_boxes=0 u_map_merge=0 u_map_db=0 u_map_visual=0 u_map_fused=0 u_map_filtered=0 lidar_samples=3496/124376 uv=0 db=7 lidar=5 fused=13 filtered=13 tracks=13 dynamic=0 dyn_points=0 raw_dyn_points=0 service=0/0 split=13->0 (13 outputs) fusion_components=13 visual_only=0 lidar_only=13 yolo_in=0 yolo_match3d=0 yolo_match_det=0 yolo_human=0 fixed_size=0 size_reject=0
[lvdot_detector_main-7] [INFO] [1776957594.450863722] [lvdot_detector_node]: get_dynamic_obstacles responded with 0 obstacles from 0 tracked dynamic boxes.
[lvdot_detector_main-7] [INFO] [1776957598.512361065] [lvdot_detector_node]: Input health: depth=351 color=324 lidar=289 pose=718 odom=718 yolo=281 depth_pose_sync=0 lidar_pose_sync=0 depth_odom_sync=0 lidar_odom_sync=0
[lvdot_detector_main-7] [INFO] [1776957598.512452619] [lvdot_detector_node]: Stage timers: detection=250 lidar_detection=169 tracking=3128 classification=3119 vis=2834
[lvdot_detector_main-7] [INFO] [1776957598.512463929] [lvdot_detector_node]: Processing phases: detection=run_core lidar_detection=run_lidar_detector/dbscan tracking=waiting_new_filtered_update classification=waiting_new_tracking_update
[lvdot_detector_main-7] [INFO] [1776957598.512472802] [lvdot_detector_node]: Pipeline stats: depth_samples=1667/71300 u_map=4 depth_boxes=0 u_map_merge=0 u_map_db=0 u_map_visual=0 u_map_fused=0 u_map_filtered=0 lidar_samples=3410/107871 uv=1 db=14 lidar=5 fused=6 filtered=6 tracks=6 dynamic=1 dyn_points=85 raw_dyn_points=0 service=1/0 split=6->0 (6 outputs) fusion_components=6 visual_only=1 lidar_only=5 yolo_in=3 yolo_match3d=1 yolo_match_det=1 yolo_human=1 fixed_size=0 size_reject=0
[lvdot_detector_main-7] [INFO] [1776957605.351322913] [lvdot_detector_node]: Input health: depth=371 color=338 lidar=305 pose=764 odom=764 yolo=292 depth_pose_sync=0 lidar_pose_sync=0 depth_odom_sync=0 lidar_odom_sync=0
[lvdot_detector_main-7] [INFO] [1776957605.351406793] [lvdot_detector_node]: Stage timers: detection=257 lidar_detection=172 tracking=3307 classification=3298 vis=3002
[lvdot_detector_main-7] [INFO] [1776957605.351422301] [lvdot_detector_node]: Processing phases: detection=run_core lidar_detection=run_lidar_detector/project tracking=waiting_new_filtered_update classification=waiting_new_tracking_update
[lvdot_detector_main-7] [INFO] [1776957605.351434103] [lvdot_detector_node]: Pipeline stats: depth_samples=1304/71300 u_map=4 depth_boxes=0 u_map_merge=0 u_map_db=0 u_map_visual=0 u_map_fused=0 u_map_filtered=0 lidar_samples=3175/179205 uv=2 db=8 lidar=3 fused=5 filtered=5 tracks=5 dynamic=1 dyn_points=117 raw_dyn_points=1402 service=1/0 split=5->0 (5 outputs) fusion_components=5 visual_only=2 lidar_only=3 yolo_in=2 yolo_match3d=2 yolo_match_det=2 yolo_human=2 fixed_size=0 size_reject=1
[lvdot_detector_main-7] [INFO] [1776957611.350511141] [lvdot_detector_node]: Input health: depth=399 color=359 lidar=327 pose=810 odom=810 yolo=307 depth_pose_sync=0 lidar_pose_sync=0 depth_odom_sync=0 lidar_odom_sync=0
[lvdot_detector_main-7] [INFO] [1776957611.350631694] [lvdot_detector_node]: Stage timers: detection=265 lidar_detection=174 tracking=3485 classification=3477 vis=3156
[lvdot_detector_main-7] [INFO] [1776957611.350651104] [lvdot_detector_node]: Processing phases: detection=run_core lidar_detection=run_lidar_detector/project tracking=waiting_new_filtered_update classification=waiting_new_tracking_update
[lvdot_detector_main-7] [INFO] [1776957611.350663686] [lvdot_detector_node]: Pipeline stats: depth_samples=1560/71300 u_map=1 depth_boxes=0 u_map_merge=0 u_map_db=0 u_map_visual=0 u_map_fused=0 u_map_filtered=0 lidar_samples=3420/116169 uv=0 db=8 lidar=59 fused=65 filtered=65 tracks=65 dynamic=0 dyn_points=0 raw_dyn_points=0 service=1/0 split=65->0 (65 outputs) fusion_components=65 visual_only=0 lidar_only=65 yolo_in=0 yolo_match3d=0 yolo_match_det=0 yolo_human=0 fixed_size=0 size_reject=0
