[INFO] [launch]: All log files can be found below /home/skbt2/.ros/log/2026-04-23-18-17-18-906323-DESKTOP-90MQDL6-54451
[INFO] [launch]: Default logging verbosity is set to INFO
[INFO] [gazebo-1]: process started with pid [54502]
[INFO] [parameter_bridge-2]: process started with pid [54503]
[INFO] [pedestrian_state_publisher-3]: process started with pid [54504]
[INFO] [uav_trajectory_controller-4]: process started with pid [54505]
[INFO] [image_pointcloud_relay-5]: process started with pid [54506]
[INFO] [lvdot_yolo_node-6]: process started with pid [54507]
[INFO] [lvdot_detector_main-7]: process started with pid [54508]
[parameter_bridge-2] [INFO] [1776939439.258105632] [ros_gz_bridge]: Creating GZ->ROS Bridge: [/rgbd_camera/image (gz.msgs.Image) -> /rgbd_camera/image (sensor_msgs/msg/Image)] (Lazy 0)
[parameter_bridge-2] [INFO] [1776939439.263024987] [ros_gz_bridge]: Creating GZ->ROS Bridge: [/rgbd_camera/camera_info (gz.msgs.CameraInfo) -> /rgbd_camera/camera_info (sensor_msgs/msg/CameraInfo)] (Lazy 0)
[parameter_bridge-2] [INFO] [1776939439.263977693] [ros_gz_bridge]: Creating GZ->ROS Bridge: [/rgbd_camera/depth_image (gz.msgs.Image) -> /rgbd_camera/depth_image (sensor_msgs/msg/Image)] (Lazy 0)
[parameter_bridge-2] [INFO] [1776939439.264631657] [ros_gz_bridge]: Creating GZ->ROS Bridge: [/rgbd_camera/points (gz.msgs.PointCloudPacked) -> /rgbd_camera/points (sensor_msgs/msg/PointCloud2)] (Lazy 0)
[parameter_bridge-2] [INFO] [1776939439.265575149] [ros_gz_bridge]: Creating GZ->ROS Bridge: [/camera/imu (gz.msgs.IMU) -> /camera/imu (sensor_msgs/msg/Imu)] (Lazy 0)
[parameter_bridge-2] [INFO] [1776939439.266433715] [ros_gz_bridge]: Creating ROS->GZ service bridge [/world/pedestrian_prototype/set_pose (ros_gz_interfaces/srv/SetEntityPose -> /)]
[parameter_bridge-2] [INFO] [1776939439.267900879] [ros_gz_bridge]: Creating ROS->GZ service bridge [/world/pedestrian_prototype/set_pose/blocking (ros_gz_interfaces/srv/SetEntityPose -> /)]
[lvdot_detector_main-7] [INFO] [1776939439.390165104] [lvdot_detector_node]: Config loaded: localization_mode=0 dt=0.033 image=640x480 depth_range=[0.20, 12.00] stage_timers=true
[lvdot_detector_main-7] [INFO] [1776939439.450067454] [lvdot_detector_node]: LV-DOT ROS2 skeleton started. depth=/camera/depth/image_rect_raw color=/camera/color/image_raw lidar=/rgbd_camera/points pose=/mavros/local_position/pose odom=/mavros/local_position/odom yolo=/yolo_detector/detected_bounding_boxes
[gazebo-1] [INFO] [1776939440.446123841] [pedestrian_pose_sync_system]: Configured pedestrian pose sync plugin on topic [/pedestrian_sim/agent_states] for 8 models.
[uav_trajectory_controller-4] [WARN] [1776939440.838584119] [uav_trajectory_controller]: SetEntityPose request timed out after 0.62s on /world/pedestrian_prototype/set_pose/blocking; dropping the pending request and retrying.
[uav_trajectory_controller-4] [WARN] [1776939440.839286933] [uav_trajectory_controller]: Falling back from /world/pedestrian_prototype/set_pose/blocking to /world/pedestrian_prototype/set_pose.
[lvdot_detector_main-7] [INFO] [1776939441.450559701] [lvdot_detector_node]: Input health: depth=0 color=0 lidar=0 pose=0 odom=0 yolo=0 depth_pose_sync=0 lidar_pose_sync=0 depth_odom_sync=0 lidar_odom_sync=0
[lvdot_detector_main-7] [INFO] [1776939441.450746186] [lvdot_detector_node]: Stage timers: detection=60 lidar_detection=60 tracking=60 classification=60 vis=60
[lvdot_detector_main-7] [INFO] [1776939441.450768793] [lvdot_detector_node]: Processing phases: detection=waiting_sensor_pose lidar_detection=waiting_new_lidar tracking=waiting_filtered_bboxes classification=idle
[lvdot_detector_main-7] [INFO] [1776939441.450776691] [lvdot_detector_node]: Pipeline stats: depth_samples=0/0 u_map=0 depth_boxes=0 u_map_merge=0 u_map_db=0 u_map_visual=0 u_map_fused=0 u_map_filtered=0 lidar_samples=0/0 uv=0 db=0 lidar=0 fused=0 filtered=0 tracks=0 dynamic=0 dyn_points=0 raw_dyn_points=0 service=0/0 split=0->0 (0 outputs) fusion_components=0 visual_only=0 lidar_only=0 fixed_size=0 size_reject=0
[lvdot_detector_main-7] [INFO] [1776939447.454689024] [lvdot_detector_node]: Input health: depth=24 color=20 lidar=23 pose=48 odom=49 yolo=6 depth_pose_sync=0 lidar_pose_sync=0 depth_odom_sync=0 lidar_odom_sync=0
[lvdot_detector_main-7] [INFO] [1776939447.454754157] [lvdot_detector_node]: Stage timers: detection=138 lidar_detection=130 tracking=242 classification=242 vis=242
[lvdot_detector_main-7] [INFO] [1776939447.454766263] [lvdot_detector_node]: Processing phases: detection=run_core lidar_detection=run_lidar_detector/dbscan tracking=waiting_filtered_bboxes classification=idle
[lvdot_detector_main-7] [INFO] [1776939447.454775367] [lvdot_detector_node]: Pipeline stats: depth_samples=190/71300 u_map=2 depth_boxes=0 u_map_merge=0 u_map_db=0 u_map_visual=0 u_map_fused=0 u_map_filtered=0 lidar_samples=3147/121336 uv=0 db=2 lidar=0 fused=0 filtered=0 tracks=0 dynamic=0 dyn_points=0 raw_dyn_points=0 service=0/0 split=0->0 (0 outputs) fusion_components=0 visual_only=0 lidar_only=0 fixed_size=0 size_reject=0
[lvdot_detector_main-7] [INFO] [1776939453.460015263] [lvdot_detector_node]: Input health: depth=53 color=46 lidar=50 pose=97 odom=97 yolo=18 depth_pose_sync=0 lidar_pose_sync=0 depth_odom_sync=0 lidar_odom_sync=0
[lvdot_detector_main-7] [INFO] [1776939453.460790758] [lvdot_detector_node]: Stage timers: detection=150 lidar_detection=133 tracking=424 classification=424 vis=421
[lvdot_detector_main-7] [INFO] [1776939453.460807717] [lvdot_detector_node]: Processing phases: detection=run_core lidar_detection=run_lidar_detector/project tracking=idle classification=idle
[lvdot_detector_main-7] [INFO] [1776939453.460815481] [lvdot_detector_node]: Pipeline stats: depth_samples=169/71300 u_map=4 depth_boxes=0 u_map_merge=0 u_map_db=0 u_map_visual=0 u_map_fused=0 u_map_filtered=0 lidar_samples=2638/189632 uv=0 db=2 lidar=1 fused=1 filtered=1 tracks=1 dynamic=0 dyn_points=0 raw_dyn_points=0 service=0/0 split=1->0 (1 outputs) fusion_components=1 visual_only=0 lidar_only=1 fixed_size=0 size_reject=0
[lvdot_detector_main-7] [INFO] [1776939459.452524278] [lvdot_detector_node]: Input health: depth=101 color=87 lidar=95 pose=145 odom=145 yolo=30 depth_pose_sync=0 lidar_pose_sync=0 depth_odom_sync=0 lidar_odom_sync=0
[lvdot_detector_main-7] [INFO] [1776939459.452609069] [lvdot_detector_node]: Stage timers: detection=162 lidar_detection=135 tracking=605 classification=604 vis=584
[lvdot_detector_main-7] [INFO] [1776939459.452618479] [lvdot_detector_node]: Processing phases: detection=run_core lidar_detection=run_lidar_detector/dbscan tracking=waiting_filtered_bboxes classification=idle
[lvdot_detector_main-7] [INFO] [1776939459.452625787] [lvdot_detector_node]: Pipeline stats: depth_samples=105/71300 u_map=0 depth_boxes=0 u_map_merge=0 u_map_db=0 u_map_visual=0 u_map_fused=0 u_map_filtered=0 lidar_samples=3384/107913 uv=0 db=0 lidar=0 fused=0 filtered=0 tracks=0 dynamic=0 dyn_points=0 raw_dyn_points=0 service=0/0 split=0->0 (0 outputs) fusion_components=0 visual_only=0 lidar_only=0 fixed_size=0 size_reject=0
[lvdot_detector_main-7] [INFO] [1776939465.450272127] [lvdot_detector_node]: Input health: depth=128 color=111 lidar=122 pose=193 odom=193 yolo=43 depth_pose_sync=0 lidar_pose_sync=0 depth_odom_sync=0 lidar_odom_sync=0
[lvdot_detector_main-7] [INFO] [1776939465.450476714] [lvdot_detector_node]: Stage timers: detection=177 lidar_detection=138 tracking=787 classification=786 vis=766
[lvdot_detector_main-7] [INFO] [1776939465.450488014] [lvdot_detector_node]: Processing phases: detection=run_core lidar_detection=run_lidar_detector/project tracking=waiting_filtered_bboxes classification=idle
[lvdot_detector_main-7] [INFO] [1776939465.450494853] [lvdot_detector_node]: Pipeline stats: depth_samples=227/71300 u_map=5 depth_boxes=0 u_map_merge=0 u_map_db=0 u_map_visual=0 u_map_fused=0 u_map_filtered=0 lidar_samples=3238/124888 uv=0 db=2 lidar=1 fused=0 filtered=0 tracks=0 dynamic=0 dyn_points=0 raw_dyn_points=0 service=0/0 split=0->0 (0 outputs) fusion_components=0 visual_only=0 lidar_only=0 fixed_size=0 size_reject=0
[lvdot_detector_main-7] [INFO] [1776939471.450268947] [lvdot_detector_node]: Input health: depth=169 color=152 lidar=161 pose=241 odom=241 yolo=54 depth_pose_sync=0 lidar_pose_sync=0 depth_odom_sync=0 lidar_odom_sync=0
[lvdot_detector_main-7] [INFO] [1776939471.450357734] [lvdot_detector_node]: Stage timers: detection=189 lidar_detection=140 tracking=969 classification=968 vis=944
[lvdot_detector_main-7] [INFO] [1776939471.450374369] [lvdot_detector_node]: Processing phases: detection=run_core lidar_detection=run_lidar_detector/dbscan tracking=waiting_filtered_bboxes classification=idle
[lvdot_detector_main-7] [INFO] [1776939471.450385693] [lvdot_detector_node]: Pipeline stats: depth_samples=110/71300 u_map=2 depth_boxes=0 u_map_merge=0 u_map_db=0 u_map_visual=0 u_map_fused=0 u_map_filtered=0 lidar_samples=3439/137582 uv=0 db=1 lidar=0 fused=0 filtered=0 tracks=0 dynamic=0 dyn_points=0 raw_dyn_points=0 service=0/0 split=0->0 (0 outputs) fusion_components=0 visual_only=0 lidar_only=0 fixed_size=0 size_reject=0
[lvdot_detector_main-7] [INFO] [1776939477.451033721] [lvdot_detector_node]: Input health: depth=231 color=206 lidar=220 pose=288 odom=288 yolo=66 depth_pose_sync=0 lidar_pose_sync=0 depth_odom_sync=0 lidar_odom_sync=0
[lvdot_detector_main-7] [INFO] [1776939477.451111395] [lvdot_detector_node]: Stage timers: detection=203 lidar_detection=142 tracking=1151 classification=1150 vis=1123
[lvdot_detector_main-7] [INFO] [1776939477.451125308] [lvdot_detector_node]: Processing phases: detection=run_core lidar_detection=run_lidar_detector/cluster_convert tracking=idle classification=run_core
[lvdot_detector_main-7] [INFO] [1776939477.451136619] [lvdot_detector_node]: Pipeline stats: depth_samples=125/71300 u_map=0 depth_boxes=0 u_map_merge=0 u_map_db=0 u_map_visual=0 u_map_fused=0 u_map_filtered=0 lidar_samples=3454/155706 uv=0 db=2 lidar=1 fused=1 filtered=1 tracks=1 dynamic=0 dyn_points=0 raw_dyn_points=0 service=0/0 split=1->0 (1 outputs) fusion_components=1 visual_only=0 lidar_only=1 fixed_size=1 size_reject=0
[lvdot_detector_main-7] [INFO] [1776939483.454699828] [lvdot_detector_node]: Input health: depth=251 color=226 lidar=239 pose=337 odom=337 yolo=78 depth_pose_sync=0 lidar_pose_sync=0 depth_odom_sync=0 lidar_odom_sync=0
[lvdot_detector_main-7] [INFO] [1776939483.454764935] [lvdot_detector_node]: Stage timers: detection=217 lidar_detection=145 tracking=1333 classification=1332 vis=1305
[lvdot_detector_main-7] [INFO] [1776939483.454775324] [lvdot_detector_node]: Processing phases: detection=run_core lidar_detection=run_lidar_detector/dbscan tracking=idle classification=build_input
[lvdot_detector_main-7] [INFO] [1776939483.454784230] [lvdot_detector_node]: Pipeline stats: depth_samples=250/71300 u_map=6 depth_boxes=0 u_map_merge=0 u_map_db=0 u_map_visual=0 u_map_fused=0 u_map_filtered=0 lidar_samples=3236/133056 uv=0 db=3 lidar=1 fused=1 filtered=1 tracks=1 dynamic=0 dyn_points=0 raw_dyn_points=0 service=0/0 split=1->0 (1 outputs) fusion_components=1 visual_only=0 lidar_only=1 fixed_size=1 size_reject=0
[lvdot_detector_main-7] [INFO] [1776939489.469394260] [lvdot_detector_node]: Input health: depth=290 color=258 lidar=275 pose=385 odom=385 yolo=89 depth_pose_sync=0 lidar_pose_sync=0 depth_odom_sync=0 lidar_odom_sync=0
[lvdot_detector_main-7] [INFO] [1776939489.469529475] [lvdot_detector_node]: Stage timers: detection=229 lidar_detection=148 tracking=1512 classification=1512 vis=1472
[lvdot_detector_main-7] [INFO] [1776939489.469550053] [lvdot_detector_node]: Processing phases: detection=run_core lidar_detection=run_lidar_detector/project tracking=idle classification=run_core
[lvdot_detector_main-7] [INFO] [1776939489.469622630] [lvdot_detector_node]: Pipeline stats: depth_samples=113/71300 u_map=3 depth_boxes=0 u_map_merge=0 u_map_db=0 u_map_visual=0 u_map_fused=0 u_map_filtered=0 lidar_samples=3181/154448 uv=1 db=1 lidar=0 fused=1 filtered=1 tracks=1 dynamic=0 dyn_points=0 raw_dyn_points=0 service=0/0 split=1->0 (1 outputs) fusion_components=1 visual_only=1 lidar_only=0 fixed_size=0 size_reject=0
[lvdot_detector_main-7] [INFO] [1776939495.450233579] [lvdot_detector_node]: Input health: depth=341 color=305 lidar=319 pose=433 odom=433 yolo=101 depth_pose_sync=0 lidar_pose_sync=0 depth_odom_sync=0 lidar_odom_sync=0
[lvdot_detector_main-7] [INFO] [1776939495.450293949] [lvdot_detector_node]: Stage timers: detection=243 lidar_detection=150 tracking=1693 classification=1693 vis=1651
[lvdot_detector_main-7] [INFO] [1776939495.450304916] [lvdot_detector_node]: Processing phases: detection=run_core lidar_detection=run_lidar_detector/dbscan tracking=waiting_filtered_bboxes classification=idle
[lvdot_detector_main-7] [INFO] [1776939495.450313871] [lvdot_detector_node]: Pipeline stats: depth_samples=125/71300 u_map=2 depth_boxes=0 u_map_merge=0 u_map_db=0 u_map_visual=0 u_map_fused=0 u_map_filtered=0 lidar_samples=3389/107945 uv=0 db=2 lidar=0 fused=0 filtered=0 tracks=0 dynamic=0 dyn_points=0 raw_dyn_points=0 service=0/0 split=0->0 (0 outputs) fusion_components=0 visual_only=0 lidar_only=0 fixed_size=0 size_reject=0
[lvdot_detector_main-7] [INFO] [1776939501.450219060] [lvdot_detector_node]: Input health: depth=366 color=328 lidar=345 pose=481 odom=481 yolo=113 depth_pose_sync=0 lidar_pose_sync=0 depth_odom_sync=0 lidar_odom_sync=0
[lvdot_detector_main-7] [INFO] [1776939501.450280730] [lvdot_detector_node]: Stage timers: detection=256 lidar_detection=153 tracking=1875 classification=1875 vis=1833
[lvdot_detector_main-7] [INFO] [1776939501.450293666] [lvdot_detector_node]: Processing phases: detection=run_core lidar_detection=run_lidar_detector/project tracking=idle classification=idle
[lvdot_detector_main-7] [INFO] [1776939501.450303192] [lvdot_detector_node]: Pipeline stats: depth_samples=252/71300 u_map=3 depth_boxes=0 u_map_merge=0 u_map_db=0 u_map_visual=0 u_map_fused=0 u_map_filtered=0 lidar_samples=3441/128823 uv=1 db=3 lidar=0 fused=2 filtered=2 tracks=2 dynamic=0 dyn_points=0 raw_dyn_points=0 service=0/0 split=2->1 (2 outputs) fusion_components=2 visual_only=1 lidar_only=1 fixed_size=2 size_reject=1
[lvdot_detector_main-7] [INFO] [1776939507.450796498] [lvdot_detector_node]: Input health: depth=415 color=366 lidar=380 pose=529 odom=529 yolo=125 depth_pose_sync=0 lidar_pose_sync=0 depth_odom_sync=0 lidar_odom_sync=0
[lvdot_detector_main-7] [INFO] [1776939507.450945282] [lvdot_detector_node]: Stage timers: detection=269 lidar_detection=155 tracking=2057 classification=2057 vis=2011
[lvdot_detector_main-7] [INFO] [1776939507.450960801] [lvdot_detector_node]: Processing phases: detection=run_core lidar_detection=run_lidar_detector/dbscan tracking=waiting_filtered_bboxes classification=idle
[lvdot_detector_main-7] [INFO] [1776939507.450972315] [lvdot_detector_node]: Pipeline stats: depth_samples=110/71300 u_map=1 depth_boxes=0 u_map_merge=0 u_map_db=0 u_map_visual=0 u_map_fused=0 u_map_filtered=0 lidar_samples=3345/135375 uv=0 db=1 lidar=0 fused=0 filtered=0 tracks=0 dynamic=0 dyn_points=0 raw_dyn_points=0 service=0/0 split=0->0 (0 outputs) fusion_components=0 visual_only=0 lidar_only=0 fixed_size=0 size_reject=0
[lvdot_detector_main-7] [INFO] [1776939513.452348544] [lvdot_detector_node]: Input health: depth=458 color=403 lidar=421 pose=577 odom=577 yolo=136 depth_pose_sync=0 lidar_pose_sync=0 depth_odom_sync=0 lidar_odom_sync=0
[lvdot_detector_main-7] [INFO] [1776939513.452425067] [lvdot_detector_node]: Stage timers: detection=282 lidar_detection=158 tracking=2236 classification=2235 vis=2182
[lvdot_detector_main-7] [INFO] [1776939513.452439916] [lvdot_detector_node]: Processing phases: detection=run_core lidar_detection=run_lidar_detector/project tracking=idle classification=run_core
[lvdot_detector_main-7] [INFO] [1776939513.452451696] [lvdot_detector_node]: Pipeline stats: depth_samples=125/71300 u_map=3 depth_boxes=0 u_map_merge=0 u_map_db=0 u_map_visual=0 u_map_fused=0 u_map_filtered=0 lidar_samples=3420/107959 uv=0 db=2 lidar=0 fused=1 filtered=1 tracks=1 dynamic=0 dyn_points=0 raw_dyn_points=0 service=0/0 split=1->0 (1 outputs) fusion_components=1 visual_only=0 lidar_only=1 fixed_size=0 size_reject=0
[lvdot_detector_main-7] [INFO] [1776939519.458003307] [lvdot_detector_node]: Input health: depth=480 color=425 lidar=444 pose=625 odom=625 yolo=148 depth_pose_sync=0 lidar_pose_sync=0 depth_odom_sync=0 lidar_odom_sync=0
[lvdot_detector_main-7] [INFO] [1776939519.458999301] [lvdot_detector_node]: Stage timers: detection=296 lidar_detection=160 tracking=2418 classification=2417 vis=2363
[lvdot_detector_main-7] [INFO] [1776939519.459694243] [lvdot_detector_node]: Processing phases: detection=run_core lidar_detection=run_lidar_detector/dbscan tracking=waiting_filtered_bboxes classification=idle
[lvdot_detector_main-7] [INFO] [1776939519.460198310] [lvdot_detector_node]: Pipeline stats: depth_samples=129/71300 u_map=3 depth_boxes=0 u_map_merge=0 u_map_db=0 u_map_visual=0 u_map_fused=0 u_map_filtered=0 lidar_samples=3467/140871 uv=0 db=1 lidar=0 fused=0 filtered=0 tracks=0 dynamic=0 dyn_points=0 raw_dyn_points=0 service=0/0 split=0->0 (0 outputs) fusion_components=0 visual_only=0 lidar_only=0 fixed_size=0 size_reject=0
[lvdot_detector_main-7] [INFO] [1776939525.462814951] [lvdot_detector_node]: Input health: depth=519 color=453 lidar=471 pose=673 odom=673 yolo=160 depth_pose_sync=0 lidar_pose_sync=0 depth_odom_sync=0 lidar_odom_sync=0
[lvdot_detector_main-7] [INFO] [1776939525.462919688] [lvdot_detector_node]: Stage timers: detection=308 lidar_detection=163 tracking=2600 classification=2599 vis=2541
[lvdot_detector_main-7] [INFO] [1776939525.462933196] [lvdot_detector_node]: Processing phases: detection=run_core lidar_detection=run_lidar_detector/project tracking=idle classification=run_core
[lvdot_detector_main-7] [INFO] [1776939525.462943277] [lvdot_detector_node]: Pipeline stats: depth_samples=180/71300 u_map=2 depth_boxes=0 u_map_merge=0 u_map_db=0 u_map_visual=0 u_map_fused=0 u_map_filtered=0 lidar_samples=3054/125257 uv=1 db=1 lidar=0 fused=2 filtered=2 tracks=2 dynamic=0 dyn_points=0 raw_dyn_points=0 service=0/0 split=2->0 (2 outputs) fusion_components=2 visual_only=1 lidar_only=1 fixed_size=0 size_reject=0
[lvdot_detector_main-7] [INFO] [1776939531.472840881] [lvdot_detector_node]: Input health: depth=558 color=487 lidar=512 pose=721 odom=721 yolo=171 depth_pose_sync=0 lidar_pose_sync=0 depth_odom_sync=0 lidar_odom_sync=0
[lvdot_detector_main-7] [INFO] [1776939531.473002616] [lvdot_detector_node]: Stage timers: detection=321 lidar_detection=165 tracking=2781 classification=2779 vis=2721
[lvdot_detector_main-7] [INFO] [1776939531.473018690] [lvdot_detector_node]: Processing phases: detection=idle lidar_detection=run_lidar_detector/dbscan tracking=run_core classification=idle
[lvdot_detector_main-7] [INFO] [1776939531.473026877] [lvdot_detector_node]: Pipeline stats: depth_samples=125/71300 u_map=2 depth_boxes=0 u_map_merge=0 u_map_db=0 u_map_visual=0 u_map_fused=0 u_map_filtered=0 lidar_samples=3484/179514 uv=0 db=2 lidar=1 fused=1 filtered=1 tracks=1 dynamic=0 dyn_points=0 raw_dyn_points=0 service=0/0 split=1->0 (1 outputs) fusion_components=1 visual_only=0 lidar_only=1 fixed_size=0 size_reject=0
[lvdot_detector_main-7] [INFO] [1776939537.453979070] [lvdot_detector_node]: Input health: depth=585 color=511 lidar=539 pose=769 odom=769 yolo=183 depth_pose_sync=0 lidar_pose_sync=0 depth_odom_sync=0 lidar_odom_sync=0
[lvdot_detector_main-7] [INFO] [1776939537.454079867] [lvdot_detector_node]: Stage timers: detection=335 lidar_detection=168 tracking=2962 classification=2961 vis=2903
[lvdot_detector_main-7] [INFO] [1776939537.454096782] [lvdot_detector_node]: Processing phases: detection=run_core lidar_detection=run_lidar_detector/downsample tracking=waiting_filtered_bboxes classification=idle
[lvdot_detector_main-7] [INFO] [1776939537.454109419] [lvdot_detector_node]: Pipeline stats: depth_samples=129/71300 u_map=4 depth_boxes=0 u_map_merge=0 u_map_db=0 u_map_visual=0 u_map_fused=0 u_map_filtered=0 lidar_samples=3420/139300 uv=0 db=1 lidar=0 fused=0 filtered=0 tracks=0 dynamic=0 dyn_points=0 raw_dyn_points=0 service=0/0 split=0->0 (0 outputs) fusion_components=0 visual_only=0 lidar_only=0 fixed_size=0 size_reject=0
[lvdot_detector_main-7] [INFO] [1776939543.461898906] [lvdot_detector_node]: Input health: depth=632 color=543 lidar=576 pose=817 odom=817 yolo=194 depth_pose_sync=0 lidar_pose_sync=0 depth_odom_sync=0 lidar_odom_sync=0
[lvdot_detector_main-7] [INFO] [1776939543.461964711] [lvdot_detector_node]: Stage timers: detection=347 lidar_detection=171 tracking=3142 classification=3141 vis=3069
[lvdot_detector_main-7] [INFO] [1776939543.461976043] [lvdot_detector_node]: Processing phases: detection=run_core lidar_detection=run_lidar_detector/decode tracking=idle classification=idle
[lvdot_detector_main-7] [INFO] [1776939543.461984889] [lvdot_detector_node]: Pipeline stats: depth_samples=188/71300 u_map=2 depth_boxes=0 u_map_merge=0 u_map_db=0 u_map_visual=0 u_map_fused=0 u_map_filtered=0 lidar_samples=3374/122463 uv=0 db=3 lidar=0 fused=0 filtered=0 tracks=1 dynamic=0 dyn_points=0 raw_dyn_points=0 service=0/0 split=0->0 (0 outputs) fusion_components=0 visual_only=0 lidar_only=0 fixed_size=1 size_reject=0
[lvdot_detector_main-7] [INFO] [1776939549.451568805] [lvdot_detector_node]: Input health: depth=658 color=567 lidar=596 pose=865 odom=865 yolo=206 depth_pose_sync=0 lidar_pose_sync=0 depth_odom_sync=0 lidar_odom_sync=0
[lvdot_detector_main-7] [INFO] [1776939549.451649555] [lvdot_detector_node]: Stage timers: detection=359 lidar_detection=173 tracking=3324 classification=3323 vis=3245
[lvdot_detector_main-7] [INFO] [1776939549.451659699] [lvdot_detector_node]: Processing phases: detection=run_core lidar_detection=run_lidar_detector/dbscan tracking=waiting_filtered_bboxes classification=idle
[lvdot_detector_main-7] [INFO] [1776939549.451667356] [lvdot_detector_node]: Pipeline stats: depth_samples=135/71300 u_map=3 depth_boxes=0 u_map_merge=0 u_map_db=0 u_map_visual=0 u_map_fused=0 u_map_filtered=0 lidar_samples=3393/108130 uv=0 db=2 lidar=0 fused=0 filtered=0 tracks=0 dynamic=0 dyn_points=0 raw_dyn_points=0 service=0/0 split=0->0 (0 outputs) fusion_components=0 visual_only=0 lidar_only=0 fixed_size=0 size_reject=0
[lvdot_detector_main-7] [INFO] [1776939555.450832886] [lvdot_detector_node]: Input health: depth=677 color=589 lidar=611 pose=913 odom=913 yolo=216 depth_pose_sync=0 lidar_pose_sync=0 depth_odom_sync=0 lidar_odom_sync=0
[lvdot_detector_main-7] [INFO] [1776939555.451078272] [lvdot_detector_node]: Stage timers: detection=372 lidar_detection=175 tracking=3506 classification=3504 vis=3422
[lvdot_detector_main-7] [INFO] [1776939555.451101714] [lvdot_detector_node]: Processing phases: detection=run_core lidar_detection=run_lidar_detector/dbscan tracking=waiting_filtered_bboxes classification=idle
[lvdot_detector_main-7] [INFO] [1776939555.451112587] [lvdot_detector_node]: Pipeline stats: depth_samples=129/71300 u_map=4 depth_boxes=0 u_map_merge=0 u_map_db=0 u_map_visual=0 u_map_fused=0 u_map_filtered=0 lidar_samples=3379/122165 uv=0 db=1 lidar=0 fused=0 filtered=0 tracks=0 dynamic=0 dyn_points=0 raw_dyn_points=0 service=0/0 split=0->0 (0 outputs) fusion_components=0 visual_only=0 lidar_only=0 fixed_size=0 size_reject=0
[lvdot_detector_main-7] [INFO] [1776939561.452573545] [lvdot_detector_node]: Input health: depth=717 color=622 lidar=646 pose=961 odom=961 yolo=227 depth_pose_sync=0 lidar_pose_sync=0 depth_odom_sync=0 lidar_odom_sync=0
[lvdot_detector_main-7] [INFO] [1776939561.452640721] [lvdot_detector_node]: Stage timers: detection=384 lidar_detection=178 tracking=3687 classification=3686 vis=3589
[lvdot_detector_main-7] [INFO] [1776939561.452651533] [lvdot_detector_node]: Processing phases: detection=run_core lidar_detection=run_lidar_detector/project tracking=idle classification=idle
[lvdot_detector_main-7] [INFO] [1776939561.452660443] [lvdot_detector_node]: Pipeline stats: depth_samples=175/71300 u_map=1 depth_boxes=0 u_map_merge=0 u_map_db=0 u_map_visual=0 u_map_fused=0 u_map_filtered=0 lidar_samples=3406/116146 uv=1 db=1 lidar=0 fused=1 filtered=1 tracks=1 dynamic=0 dyn_points=0 raw_dyn_points=0 service=0/0 split=1->0 (1 outputs) fusion_components=1 visual_only=1 lidar_only=0 fixed_size=0 size_reject=0
[lvdot_detector_main-7] [INFO] [1776939567.450396226] [lvdot_detector_node]: Input health: depth=745 color=647 lidar=669 pose=1009 odom=1009 yolo=236 depth_pose_sync=0 lidar_pose_sync=0 depth_odom_sync=0 lidar_odom_sync=0
[lvdot_detector_main-7] [INFO] [1776939567.450528795] [lvdot_detector_node]: Stage timers: detection=396 lidar_detection=180 tracking=3869 classification=3867 vis=3763
[lvdot_detector_main-7] [INFO] [1776939567.450550277] [lvdot_detector_node]: Processing phases: detection=run_core lidar_detection=run_lidar_detector/dbscan tracking=idle classification=idle
[lvdot_detector_main-7] [INFO] [1776939567.450572753] [lvdot_detector_node]: Pipeline stats: depth_samples=195/71300 u_map=2 depth_boxes=0 u_map_merge=0 u_map_db=0 u_map_visual=0 u_map_fused=0 u_map_filtered=0 lidar_samples=3396/107831 uv=1 db=2 lidar=0 fused=1 filtered=1 tracks=1 dynamic=0 dyn_points=0 raw_dyn_points=0 service=0/0 split=1->0 (1 outputs) fusion_components=1 visual_only=1 lidar_only=0 fixed_size=1 size_reject=1
[lvdot_detector_main-7] [INFO] [1776939573.457764795] [lvdot_detector_node]: Input health: depth=765 color=665 lidar=690 pose=1056 odom=1056 yolo=244 depth_pose_sync=0 lidar_pose_sync=0 depth_odom_sync=0 lidar_odom_sync=0
[lvdot_detector_main-7] [INFO] [1776939573.458111180] [lvdot_detector_node]: Stage timers: detection=409 lidar_detection=182 tracking=4049 classification=4049 vis=3939
[lvdot_detector_main-7] [INFO] [1776939573.458140318] [lvdot_detector_node]: Processing phases: detection=run_core lidar_detection=run_lidar_detector/dbscan tracking=waiting_filtered_bboxes classification=idle
[lvdot_detector_main-7] [INFO] [1776939573.458150164] [lvdot_detector_node]: Pipeline stats: depth_samples=129/71300 u_map=2 depth_boxes=0 u_map_merge=0 u_map_db=0 u_map_visual=0 u_map_fused=0 u_map_filtered=0 lidar_samples=3317/122103 uv=0 db=1 lidar=0 fused=0 filtered=0 tracks=0 dynamic=0 dyn_points=0 raw_dyn_points=0 service=0/0 split=0->0 (0 outputs) fusion_components=0 visual_only=0 lidar_only=0 fixed_size=0 size_reject=0
[lvdot_detector_main-7] [INFO] [1776939578.766480404] [lvdot_detector_node]: get_dynamic_obstacles responded with 0 obstacles from 0 tracked dynamic boxes.
