[INFO] [launch]: All log files can be found below /home/skbt2/.ros/log/2026-05-01-14-00-49-838204-DESKTOP-90MQDL6-757326
[INFO] [launch]: Default logging verbosity is set to INFO
[INFO] [lvdot_detector_main-1]: process started with pid [757330]
[INFO] [fusion_node-2]: process started with pid [757331]
[INFO] [predict_node-3]: process started with pid [757332]
[lvdot_detector_main-1] [INFO] [1777615250.244159859] [lvdot_detector_node]: Config loaded: localization_mode=0 dt=0.033 image=640x480 depth_range=[0.20, 12.00] fusion_mode=dual stage_timers=false vis_stage=true executor_threads=4
[lvdot_detector_main-1] [INFO] [1777615250.287033169] [lvdot_detector_node]: LV-DOT ROS2 skeleton started. depth=/rgbd_camera/depth_image color=/rgbd_camera/image lidar=/livox/lidar/pointcloud pose=/mavros/local_position/pose odom=/mavros/local_position/odom yolo=/yolo_detector/detected_bounding_boxes
[lvdot_detector_main-1] [INFO] [1777615250.287098094] [lvdot_detector_node]: LiDAR frame contract: topic '/livox/lidar/pointcloud' must publish LiDAR-local points. If upstream switches this topic to world-frame points, disable local->world transform in detector preprocessing.
[lvdot_detector_main-1] [INFO] [1777615250.287108401] [lvdot_detector_node]: Starting executor with executor_threads=4
[lvdot_detector_main-1] [INFO] [1777615252.287570209] [lvdot_detector_node]: Input health: depth=0 color=0 lidar=0 pose=0 odom=0 yolo=0 depth_pose_sync=0 lidar_pose_sync=0 depth_odom_sync=0 lidar_odom_sync=0
[lvdot_detector_main-1] [INFO] [1777615252.287662298] [lvdot_detector_node]: Stage timers: detection=0 lidar_detection=0 tracking=0 classification=0 vis=0
[lvdot_detector_main-1] [INFO] [1777615252.287677228] [lvdot_detector_node]: Processing phases: detection=idle lidar_detection=idle tracking=idle classification=idle
[lvdot_detector_main-1] [INFO] [1777615252.287690136] [lvdot_detector_node]: Pipeline stats: depth_samples=0/0 u_map=0 depth_boxes=0 u_map_merge=0 u_map_db=0 u_map_visual=0 u_map_fused=0 u_map_filtered=0 lidar_samples=0/0 uv=0 db=0 lidar=0 fused=0 filtered=0 tracks=0 dynamic=0 dyn_points=0 raw_dyn_points=0 service=0/0 split=0->0 (0 outputs) fusion_components=0 visual_only=0 lidar_only=0 yolo_in=0 yolo_match3d=0 yolo_match_det=0 yolo_human=0 uv_in=0 db_in=0 uv_best=0 db_best=0 mutual=0 uv_no_db=0 uv_not_mutual=0 uv_iou_reject=0 fixed_size=0 size_reject=0
[fusion_node-2] /home/skbt2/lvdot_ros2_migration_ws/install/qcgaf_fusion/lib/python3.12/site-packages/qcgaf_fusion/fusion_node.py:240: FutureWarning: You are using `torch.load` with `weights_only=False` (the current default value), which uses the default pickle module implicitly. It is possible to construct malicious pickle data which will execute arbitrary code during unpickling (See https://github.com/pytorch/pytorch/blob/main/SECURITY.md#untrusted-models for more details). In a future release, the default value for `weights_only` will be flipped to `True`. This limits the functions that could be executed during unpickling. Arbitrary objects will no longer be allowed to be loaded via this mode unless they are explicitly allowlisted by the user via `torch.serialization.add_safe_globals`. We recommend you start setting `weights_only=True` for any use case where you don't have full control of the loaded file. Please open an issue on GitHub for any issues related to this experimental feature.
[fusion_node-2]   ckpt = torch.load(ckpt_path, map_location=self.device)
[fusion_node-2] [INFO] [1777615252.601150827] [qcgaf_fusion_node]: QC-GAF model loaded from /home/skbt2/QCGAF-GRU-UAV-Project/qcgaf_fusion/outputs/best_model.pt
[predict_node-3] [INFO] [1777615252.677756904] [gru_prediction_node]: Subscribing to: /onboard_detector/dynamic_bboxes
[predict_node-3] [INFO] [1777615252.678405858] [gru_prediction_node]: Publishing to:  /gru_predictor/predicted_positions
[predict_node-3] [INFO] [1777615252.679024853] [gru_prediction_node]: Model: /home/skbt2/QCGAF-GRU-UAV-Project/gru_predictor/outputs/nuscenes_3d_tuned/best_model.pth
[predict_node-3] [INFO] [1777615252.679582585] [gru_prediction_node]: Predict horizon: 5 steps (2.50s)
[fusion_node-2] [INFO] [1777615252.712647615] [qcgaf_fusion_node]: QC-GAF fusion node ready
[lvdot_detector_main-1] [INFO] [1777615258.287497575] [lvdot_detector_node]: Input health: depth=0 color=0 lidar=0 pose=0 odom=0 yolo=0 depth_pose_sync=0 lidar_pose_sync=0 depth_odom_sync=0 lidar_odom_sync=0
[lvdot_detector_main-1] [INFO] [1777615258.287708870] [lvdot_detector_node]: Stage timers: detection=0 lidar_detection=0 tracking=0 classification=0 vis=0
[lvdot_detector_main-1] [INFO] [1777615258.287738356] [lvdot_detector_node]: Processing phases: detection=idle lidar_detection=idle tracking=idle classification=idle
[lvdot_detector_main-1] [INFO] [1777615258.287758327] [lvdot_detector_node]: Pipeline stats: depth_samples=0/0 u_map=0 depth_boxes=0 u_map_merge=0 u_map_db=0 u_map_visual=0 u_map_fused=0 u_map_filtered=0 lidar_samples=0/0 uv=0 db=0 lidar=0 fused=0 filtered=0 tracks=0 dynamic=0 dyn_points=0 raw_dyn_points=0 service=0/0 split=0->0 (0 outputs) fusion_components=0 visual_only=0 lidar_only=0 yolo_in=0 yolo_match3d=0 yolo_match_det=0 yolo_human=0 uv_in=0 db_in=0 uv_best=0 db_best=0 mutual=0 uv_no_db=0 uv_not_mutual=0 uv_iou_reject=0 fixed_size=0 size_reject=0
[lvdot_detector_main-1] [INFO] [1777615264.287345556] [lvdot_detector_node]: Input health: depth=0 color=0 lidar=0 pose=0 odom=0 yolo=0 depth_pose_sync=0 lidar_pose_sync=0 depth_odom_sync=0 lidar_odom_sync=0
[lvdot_detector_main-1] [INFO] [1777615264.287434456] [lvdot_detector_node]: Stage timers: detection=0 lidar_detection=0 tracking=0 classification=0 vis=0
[lvdot_detector_main-1] [INFO] [1777615264.287445300] [lvdot_detector_node]: Processing phases: detection=idle lidar_detection=idle tracking=idle classification=idle
[lvdot_detector_main-1] [INFO] [1777615264.287454678] [lvdot_detector_node]: Pipeline stats: depth_samples=0/0 u_map=0 depth_boxes=0 u_map_merge=0 u_map_db=0 u_map_visual=0 u_map_fused=0 u_map_filtered=0 lidar_samples=0/0 uv=0 db=0 lidar=0 fused=0 filtered=0 tracks=0 dynamic=0 dyn_points=0 raw_dyn_points=0 service=0/0 split=0->0 (0 outputs) fusion_components=0 visual_only=0 lidar_only=0 yolo_in=0 yolo_match3d=0 yolo_match_det=0 yolo_human=0 uv_in=0 db_in=0 uv_best=0 db_best=0 mutual=0 uv_no_db=0 uv_not_mutual=0 uv_iou_reject=0 fixed_size=0 size_reject=0
[lvdot_detector_main-1] [INFO] [1777615270.287412833] [lvdot_detector_node]: Input health: depth=0 color=0 lidar=0 pose=0 odom=0 yolo=0 depth_pose_sync=0 lidar_pose_sync=0 depth_odom_sync=0 lidar_odom_sync=0
[lvdot_detector_main-1] [INFO] [1777615270.287520954] [lvdot_detector_node]: Stage timers: detection=0 lidar_detection=0 tracking=0 classification=0 vis=0
[lvdot_detector_main-1] [INFO] [1777615270.287535729] [lvdot_detector_node]: Processing phases: detection=idle lidar_detection=idle tracking=idle classification=idle
[lvdot_detector_main-1] [INFO] [1777615270.287548308] [lvdot_detector_node]: Pipeline stats: depth_samples=0/0 u_map=0 depth_boxes=0 u_map_merge=0 u_map_db=0 u_map_visual=0 u_map_fused=0 u_map_filtered=0 lidar_samples=0/0 uv=0 db=0 lidar=0 fused=0 filtered=0 tracks=0 dynamic=0 dyn_points=0 raw_dyn_points=0 service=0/0 split=0->0 (0 outputs) fusion_components=0 visual_only=0 lidar_only=0 yolo_in=0 yolo_match3d=0 yolo_match_det=0 yolo_human=0 uv_in=0 db_in=0 uv_best=0 db_best=0 mutual=0 uv_no_db=0 uv_not_mutual=0 uv_iou_reject=0 fixed_size=0 size_reject=0
[lvdot_detector_main-1] [INFO] [1777615277.239379242] [lvdot_detector_node]: Input health: depth=0 color=0 lidar=0 pose=0 odom=0 yolo=0 depth_pose_sync=0 lidar_pose_sync=0 depth_odom_sync=0 lidar_odom_sync=0
[lvdot_detector_main-1] [INFO] [1777615277.239504181] [lvdot_detector_node]: Stage timers: detection=0 lidar_detection=0 tracking=0 classification=0 vis=0
[lvdot_detector_main-1] [INFO] [1777615277.239522155] [lvdot_detector_node]: Processing phases: detection=idle lidar_detection=idle tracking=idle classification=idle
[lvdot_detector_main-1] [INFO] [1777615277.239535440] [lvdot_detector_node]: Pipeline stats: depth_samples=0/0 u_map=0 depth_boxes=0 u_map_merge=0 u_map_db=0 u_map_visual=0 u_map_fused=0 u_map_filtered=0 lidar_samples=0/0 uv=0 db=0 lidar=0 fused=0 filtered=0 tracks=0 dynamic=0 dyn_points=0 raw_dyn_points=0 service=0/0 split=0->0 (0 outputs) fusion_components=0 visual_only=0 lidar_only=0 yolo_in=0 yolo_match3d=0 yolo_match_det=0 yolo_human=0 uv_in=0 db_in=0 uv_best=0 db_best=0 mutual=0 uv_no_db=0 uv_not_mutual=0 uv_iou_reject=0 fixed_size=0 size_reject=0
[lvdot_detector_main-1] [INFO] [1777615283.239452363] [lvdot_detector_node]: Input health: depth=0 color=0 lidar=0 pose=0 odom=0 yolo=0 depth_pose_sync=0 lidar_pose_sync=0 depth_odom_sync=0 lidar_odom_sync=0
[lvdot_detector_main-1] [INFO] [1777615283.239631069] [lvdot_detector_node]: Stage timers: detection=0 lidar_detection=0 tracking=0 classification=0 vis=0
[lvdot_detector_main-1] [INFO] [1777615283.239658280] [lvdot_detector_node]: Processing phases: detection=idle lidar_detection=idle tracking=idle classification=idle
[lvdot_detector_main-1] [INFO] [1777615283.239676710] [lvdot_detector_node]: Pipeline stats: depth_samples=0/0 u_map=0 depth_boxes=0 u_map_merge=0 u_map_db=0 u_map_visual=0 u_map_fused=0 u_map_filtered=0 lidar_samples=0/0 uv=0 db=0 lidar=0 fused=0 filtered=0 tracks=0 dynamic=0 dyn_points=0 raw_dyn_points=0 service=0/0 split=0->0 (0 outputs) fusion_components=0 visual_only=0 lidar_only=0 yolo_in=0 yolo_match3d=0 yolo_match_det=0 yolo_human=0 uv_in=0 db_in=0 uv_best=0 db_best=0 mutual=0 uv_no_db=0 uv_not_mutual=0 uv_iou_reject=0 fixed_size=0 size_reject=0
[lvdot_detector_main-1] [INFO] [1777615289.239289095] [lvdot_detector_node]: Input health: depth=0 color=0 lidar=0 pose=0 odom=0 yolo=0 depth_pose_sync=0 lidar_pose_sync=0 depth_odom_sync=0 lidar_odom_sync=0
[lvdot_detector_main-1] [INFO] [1777615289.239366956] [lvdot_detector_node]: Stage timers: detection=0 lidar_detection=0 tracking=0 classification=0 vis=0
[lvdot_detector_main-1] [INFO] [1777615289.239376794] [lvdot_detector_node]: Processing phases: detection=idle lidar_detection=idle tracking=idle classification=idle
[lvdot_detector_main-1] [INFO] [1777615289.239383540] [lvdot_detector_node]: Pipeline stats: depth_samples=0/0 u_map=0 depth_boxes=0 u_map_merge=0 u_map_db=0 u_map_visual=0 u_map_fused=0 u_map_filtered=0 lidar_samples=0/0 uv=0 db=0 lidar=0 fused=0 filtered=0 tracks=0 dynamic=0 dyn_points=0 raw_dyn_points=0 service=0/0 split=0->0 (0 outputs) fusion_components=0 visual_only=0 lidar_only=0 yolo_in=0 yolo_match3d=0 yolo_match_det=0 yolo_human=0 uv_in=0 db_in=0 uv_best=0 db_best=0 mutual=0 uv_no_db=0 uv_not_mutual=0 uv_iou_reject=0 fixed_size=0 size_reject=0
[lvdot_detector_main-1] [INFO] [1777615295.239247204] [lvdot_detector_node]: Input health: depth=0 color=0 lidar=0 pose=0 odom=0 yolo=0 depth_pose_sync=0 lidar_pose_sync=0 depth_odom_sync=0 lidar_odom_sync=0
[lvdot_detector_main-1] [INFO] [1777615295.239346368] [lvdot_detector_node]: Stage timers: detection=0 lidar_detection=0 tracking=0 classification=0 vis=0
[lvdot_detector_main-1] [INFO] [1777615295.239361218] [lvdot_detector_node]: Processing phases: detection=idle lidar_detection=idle tracking=idle classification=idle
[lvdot_detector_main-1] [INFO] [1777615295.239372063] [lvdot_detector_node]: Pipeline stats: depth_samples=0/0 u_map=0 depth_boxes=0 u_map_merge=0 u_map_db=0 u_map_visual=0 u_map_fused=0 u_map_filtered=0 lidar_samples=0/0 uv=0 db=0 lidar=0 fused=0 filtered=0 tracks=0 dynamic=0 dyn_points=0 raw_dyn_points=0 service=0/0 split=0->0 (0 outputs) fusion_components=0 visual_only=0 lidar_only=0 yolo_in=0 yolo_match3d=0 yolo_match_det=0 yolo_human=0 uv_in=0 db_in=0 uv_best=0 db_best=0 mutual=0 uv_no_db=0 uv_not_mutual=0 uv_iou_reject=0 fixed_size=0 size_reject=0
[lvdot_detector_main-1] [INFO] [1777615301.239486108] [lvdot_detector_node]: Input health: depth=0 color=0 lidar=0 pose=0 odom=0 yolo=0 depth_pose_sync=0 lidar_pose_sync=0 depth_odom_sync=0 lidar_odom_sync=0
[lvdot_detector_main-1] [INFO] [1777615301.239594553] [lvdot_detector_node]: Stage timers: detection=0 lidar_detection=0 tracking=0 classification=0 vis=0
[lvdot_detector_main-1] [INFO] [1777615301.239608915] [lvdot_detector_node]: Processing phases: detection=idle lidar_detection=idle tracking=idle classification=idle
[lvdot_detector_main-1] [INFO] [1777615301.239618294] [lvdot_detector_node]: Pipeline stats: depth_samples=0/0 u_map=0 depth_boxes=0 u_map_merge=0 u_map_db=0 u_map_visual=0 u_map_fused=0 u_map_filtered=0 lidar_samples=0/0 uv=0 db=0 lidar=0 fused=0 filtered=0 tracks=0 dynamic=0 dyn_points=0 raw_dyn_points=0 service=0/0 split=0->0 (0 outputs) fusion_components=0 visual_only=0 lidar_only=0 yolo_in=0 yolo_match3d=0 yolo_match_det=0 yolo_human=0 uv_in=0 db_in=0 uv_best=0 db_best=0 mutual=0 uv_no_db=0 uv_not_mutual=0 uv_iou_reject=0 fixed_size=0 size_reject=0
[lvdot_detector_main-1] [INFO] [1777615307.239291367] [lvdot_detector_node]: Input health: depth=0 color=0 lidar=0 pose=0 odom=0 yolo=0 depth_pose_sync=0 lidar_pose_sync=0 depth_odom_sync=0 lidar_odom_sync=0
[lvdot_detector_main-1] [INFO] [1777615307.239475600] [lvdot_detector_node]: Stage timers: detection=0 lidar_detection=0 tracking=0 classification=0 vis=0
[lvdot_detector_main-1] [INFO] [1777615307.239512845] [lvdot_detector_node]: Processing phases: detection=idle lidar_detection=idle tracking=idle classification=idle
[lvdot_detector_main-1] [INFO] [1777615307.239533160] [lvdot_detector_node]: Pipeline stats: depth_samples=0/0 u_map=0 depth_boxes=0 u_map_merge=0 u_map_db=0 u_map_visual=0 u_map_fused=0 u_map_filtered=0 lidar_samples=0/0 uv=0 db=0 lidar=0 fused=0 filtered=0 tracks=0 dynamic=0 dyn_points=0 raw_dyn_points=0 service=0/0 split=0->0 (0 outputs) fusion_components=0 visual_only=0 lidar_only=0 yolo_in=0 yolo_match3d=0 yolo_match_det=0 yolo_human=0 uv_in=0 db_in=0 uv_best=0 db_best=0 mutual=0 uv_no_db=0 uv_not_mutual=0 uv_iou_reject=0 fixed_size=0 size_reject=0
[lvdot_detector_main-1] [INFO] [1777615314.163370035] [lvdot_detector_node]: Input health: depth=0 color=0 lidar=0 pose=0 odom=0 yolo=0 depth_pose_sync=0 lidar_pose_sync=0 depth_odom_sync=0 lidar_odom_sync=0
[lvdot_detector_main-1] [INFO] [1777615314.163502911] [lvdot_detector_node]: Stage timers: detection=0 lidar_detection=0 tracking=0 classification=0 vis=0
[lvdot_detector_main-1] [INFO] [1777615314.163528175] [lvdot_detector_node]: Processing phases: detection=idle lidar_detection=idle tracking=idle classification=idle
[lvdot_detector_main-1] [INFO] [1777615314.163544857] [lvdot_detector_node]: Pipeline stats: depth_samples=0/0 u_map=0 depth_boxes=0 u_map_merge=0 u_map_db=0 u_map_visual=0 u_map_fused=0 u_map_filtered=0 lidar_samples=0/0 uv=0 db=0 lidar=0 fused=0 filtered=0 tracks=0 dynamic=0 dyn_points=0 raw_dyn_points=0 service=0/0 split=0->0 (0 outputs) fusion_components=0 visual_only=0 lidar_only=0 yolo_in=0 yolo_match3d=0 yolo_match_det=0 yolo_human=0 uv_in=0 db_in=0 uv_best=0 db_best=0 mutual=0 uv_no_db=0 uv_not_mutual=0 uv_iou_reject=0 fixed_size=0 size_reject=0
[lvdot_detector_main-1] [INFO] [1777615320.163362052] [lvdot_detector_node]: Input health: depth=0 color=0 lidar=0 pose=0 odom=0 yolo=0 depth_pose_sync=0 lidar_pose_sync=0 depth_odom_sync=0 lidar_odom_sync=0
[lvdot_detector_main-1] [INFO] [1777615320.163473123] [lvdot_detector_node]: Stage timers: detection=0 lidar_detection=0 tracking=0 classification=0 vis=0
[lvdot_detector_main-1] [INFO] [1777615320.163487244] [lvdot_detector_node]: Processing phases: detection=idle lidar_detection=idle tracking=idle classification=idle
[lvdot_detector_main-1] [INFO] [1777615320.163495774] [lvdot_detector_node]: Pipeline stats: depth_samples=0/0 u_map=0 depth_boxes=0 u_map_merge=0 u_map_db=0 u_map_visual=0 u_map_fused=0 u_map_filtered=0 lidar_samples=0/0 uv=0 db=0 lidar=0 fused=0 filtered=0 tracks=0 dynamic=0 dyn_points=0 raw_dyn_points=0 service=0/0 split=0->0 (0 outputs) fusion_components=0 visual_only=0 lidar_only=0 yolo_in=0 yolo_match3d=0 yolo_match_det=0 yolo_human=0 uv_in=0 db_in=0 uv_best=0 db_best=0 mutual=0 uv_no_db=0 uv_not_mutual=0 uv_iou_reject=0 fixed_size=0 size_reject=0
[lvdot_detector_main-1] [INFO] [1777615326.163340655] [lvdot_detector_node]: Input health: depth=0 color=0 lidar=0 pose=0 odom=0 yolo=0 depth_pose_sync=0 lidar_pose_sync=0 depth_odom_sync=0 lidar_odom_sync=0
[lvdot_detector_main-1] [INFO] [1777615326.163511995] [lvdot_detector_node]: Stage timers: detection=0 lidar_detection=0 tracking=0 classification=0 vis=0
[lvdot_detector_main-1] [INFO] [1777615326.163545207] [lvdot_detector_node]: Processing phases: detection=idle lidar_detection=idle tracking=idle classification=idle
[lvdot_detector_main-1] [INFO] [1777615326.163555562] [lvdot_detector_node]: Pipeline stats: depth_samples=0/0 u_map=0 depth_boxes=0 u_map_merge=0 u_map_db=0 u_map_visual=0 u_map_fused=0 u_map_filtered=0 lidar_samples=0/0 uv=0 db=0 lidar=0 fused=0 filtered=0 tracks=0 dynamic=0 dyn_points=0 raw_dyn_points=0 service=0/0 split=0->0 (0 outputs) fusion_components=0 visual_only=0 lidar_only=0 yolo_in=0 yolo_match3d=0 yolo_match_det=0 yolo_human=0 uv_in=0 db_in=0 uv_best=0 db_best=0 mutual=0 uv_no_db=0 uv_not_mutual=0 uv_iou_reject=0 fixed_size=0 size_reject=0
[lvdot_detector_main-1] [INFO] [1777615332.163633598] [lvdot_detector_node]: Input health: depth=0 color=0 lidar=0 pose=0 odom=0 yolo=0 depth_pose_sync=0 lidar_pose_sync=0 depth_odom_sync=0 lidar_odom_sync=0
[lvdot_detector_main-1] [INFO] [1777615332.163806810] [lvdot_detector_node]: Stage timers: detection=0 lidar_detection=0 tracking=0 classification=0 vis=0
[lvdot_detector_main-1] [INFO] [1777615332.163833871] [lvdot_detector_node]: Processing phases: detection=idle lidar_detection=idle tracking=idle classification=idle
[lvdot_detector_main-1] [INFO] [1777615332.163853605] [lvdot_detector_node]: Pipeline stats: depth_samples=0/0 u_map=0 depth_boxes=0 u_map_merge=0 u_map_db=0 u_map_visual=0 u_map_fused=0 u_map_filtered=0 lidar_samples=0/0 uv=0 db=0 lidar=0 fused=0 filtered=0 tracks=0 dynamic=0 dyn_points=0 raw_dyn_points=0 service=0/0 split=0->0 (0 outputs) fusion_components=0 visual_only=0 lidar_only=0 yolo_in=0 yolo_match3d=0 yolo_match_det=0 yolo_human=0 uv_in=0 db_in=0 uv_best=0 db_best=0 mutual=0 uv_no_db=0 uv_not_mutual=0 uv_iou_reject=0 fixed_size=0 size_reject=0
[lvdot_detector_main-1] [INFO] [1777615338.163678988] [lvdot_detector_node]: Input health: depth=0 color=0 lidar=0 pose=0 odom=0 yolo=0 depth_pose_sync=0 lidar_pose_sync=0 depth_odom_sync=0 lidar_odom_sync=0
[lvdot_detector_main-1] [INFO] [1777615338.163855479] [lvdot_detector_node]: Stage timers: detection=0 lidar_detection=0 tracking=0 classification=0 vis=0
[lvdot_detector_main-1] [INFO] [1777615338.163882493] [lvdot_detector_node]: Processing phases: detection=idle lidar_detection=idle tracking=idle classification=idle
[lvdot_detector_main-1] [INFO] [1777615338.163902703] [lvdot_detector_node]: Pipeline stats: depth_samples=0/0 u_map=0 depth_boxes=0 u_map_merge=0 u_map_db=0 u_map_visual=0 u_map_fused=0 u_map_filtered=0 lidar_samples=0/0 uv=0 db=0 lidar=0 fused=0 filtered=0 tracks=0 dynamic=0 dyn_points=0 raw_dyn_points=0 service=0/0 split=0->0 (0 outputs) fusion_components=0 visual_only=0 lidar_only=0 yolo_in=0 yolo_match3d=0 yolo_match_det=0 yolo_human=0 uv_in=0 db_in=0 uv_best=0 db_best=0 mutual=0 uv_no_db=0 uv_not_mutual=0 uv_iou_reject=0 fixed_size=0 size_reject=0
[lvdot_detector_main-1] [INFO] [1777615344.163275212] [lvdot_detector_node]: Input health: depth=0 color=0 lidar=0 pose=0 odom=0 yolo=0 depth_pose_sync=0 lidar_pose_sync=0 depth_odom_sync=0 lidar_odom_sync=0
[lvdot_detector_main-1] [INFO] [1777615344.163358538] [lvdot_detector_node]: Stage timers: detection=0 lidar_detection=0 tracking=0 classification=0 vis=0
[lvdot_detector_main-1] [INFO] [1777615344.163368697] [lvdot_detector_node]: Processing phases: detection=idle lidar_detection=idle tracking=idle classification=idle
[lvdot_detector_main-1] [INFO] [1777615344.163375730] [lvdot_detector_node]: Pipeline stats: depth_samples=0/0 u_map=0 depth_boxes=0 u_map_merge=0 u_map_db=0 u_map_visual=0 u_map_fused=0 u_map_filtered=0 lidar_samples=0/0 uv=0 db=0 lidar=0 fused=0 filtered=0 tracks=0 dynamic=0 dyn_points=0 raw_dyn_points=0 service=0/0 split=0->0 (0 outputs) fusion_components=0 visual_only=0 lidar_only=0 yolo_in=0 yolo_match3d=0 yolo_match_det=0 yolo_human=0 uv_in=0 db_in=0 uv_best=0 db_best=0 mutual=0 uv_no_db=0 uv_not_mutual=0 uv_iou_reject=0 fixed_size=0 size_reject=0
[lvdot_detector_main-1] [INFO] [1777615350.163466488] [lvdot_detector_node]: Input health: depth=0 color=0 lidar=0 pose=0 odom=0 yolo=0 depth_pose_sync=0 lidar_pose_sync=0 depth_odom_sync=0 lidar_odom_sync=0
[lvdot_detector_main-1] [INFO] [1777615350.163589558] [lvdot_detector_node]: Stage timers: detection=0 lidar_detection=0 tracking=0 classification=0 vis=0
[lvdot_detector_main-1] [INFO] [1777615350.163605314] [lvdot_detector_node]: Processing phases: detection=idle lidar_detection=idle tracking=idle classification=idle
[lvdot_detector_main-1] [INFO] [1777615350.163614826] [lvdot_detector_node]: Pipeline stats: depth_samples=0/0 u_map=0 depth_boxes=0 u_map_merge=0 u_map_db=0 u_map_visual=0 u_map_fused=0 u_map_filtered=0 lidar_samples=0/0 uv=0 db=0 lidar=0 fused=0 filtered=0 tracks=0 dynamic=0 dyn_points=0 raw_dyn_points=0 service=0/0 split=0->0 (0 outputs) fusion_components=0 visual_only=0 lidar_only=0 yolo_in=0 yolo_match3d=0 yolo_match_det=0 yolo_human=0 uv_in=0 db_in=0 uv_best=0 db_best=0 mutual=0 uv_no_db=0 uv_not_mutual=0 uv_iou_reject=0 fixed_size=0 size_reject=0
[lvdot_detector_main-1] [INFO] [1777615356.163321601] [lvdot_detector_node]: Input health: depth=0 color=0 lidar=0 pose=0 odom=0 yolo=0 depth_pose_sync=0 lidar_pose_sync=0 depth_odom_sync=0 lidar_odom_sync=0
[lvdot_detector_main-1] [INFO] [1777615356.163453768] [lvdot_detector_node]: Stage timers: detection=0 lidar_detection=0 tracking=0 classification=0 vis=0
[lvdot_detector_main-1] [INFO] [1777615356.163467743] [lvdot_detector_node]: Processing phases: detection=idle lidar_detection=idle tracking=idle classification=idle
[lvdot_detector_main-1] [INFO] [1777615356.163475543] [lvdot_detector_node]: Pipeline stats: depth_samples=0/0 u_map=0 depth_boxes=0 u_map_merge=0 u_map_db=0 u_map_visual=0 u_map_fused=0 u_map_filtered=0 lidar_samples=0/0 uv=0 db=0 lidar=0 fused=0 filtered=0 tracks=0 dynamic=0 dyn_points=0 raw_dyn_points=0 service=0/0 split=0->0 (0 outputs) fusion_components=0 visual_only=0 lidar_only=0 yolo_in=0 yolo_match3d=0 yolo_match_det=0 yolo_human=0 uv_in=0 db_in=0 uv_best=0 db_best=0 mutual=0 uv_no_db=0 uv_not_mutual=0 uv_iou_reject=0 fixed_size=0 size_reject=0
[lvdot_detector_main-1] [INFO] [1777615362.896337264] [lvdot_detector_node]: Input health: depth=0 color=0 lidar=0 pose=0 odom=0 yolo=0 depth_pose_sync=0 lidar_pose_sync=0 depth_odom_sync=0 lidar_odom_sync=0
[lvdot_detector_main-1] [INFO] [1777615362.896455395] [lvdot_detector_node]: Stage timers: detection=0 lidar_detection=0 tracking=0 classification=0 vis=0
[lvdot_detector_main-1] [INFO] [1777615362.896497469] [lvdot_detector_node]: Processing phases: detection=idle lidar_detection=idle tracking=idle classification=idle
[lvdot_detector_main-1] [INFO] [1777615362.896518506] [lvdot_detector_node]: Pipeline stats: depth_samples=0/0 u_map=0 depth_boxes=0 u_map_merge=0 u_map_db=0 u_map_visual=0 u_map_fused=0 u_map_filtered=0 lidar_samples=0/0 uv=0 db=0 lidar=0 fused=0 filtered=0 tracks=0 dynamic=0 dyn_points=0 raw_dyn_points=0 service=0/0 split=0->0 (0 outputs) fusion_components=0 visual_only=0 lidar_only=0 yolo_in=0 yolo_match3d=0 yolo_match_det=0 yolo_human=0 uv_in=0 db_in=0 uv_best=0 db_best=0 mutual=0 uv_no_db=0 uv_not_mutual=0 uv_iou_reject=0 fixed_size=0 size_reject=0
[lvdot_detector_main-1] [INFO] [1777615368.896510374] [lvdot_detector_node]: Input health: depth=0 color=0 lidar=0 pose=0 odom=0 yolo=0 depth_pose_sync=0 lidar_pose_sync=0 depth_odom_sync=0 lidar_odom_sync=0
[lvdot_detector_main-1] [INFO] [1777615368.896718874] [lvdot_detector_node]: Stage timers: detection=0 lidar_detection=0 tracking=0 classification=0 vis=0
[lvdot_detector_main-1] [INFO] [1777615368.896746774] [lvdot_detector_node]: Processing phases: detection=idle lidar_detection=idle tracking=idle classification=idle
[lvdot_detector_main-1] [INFO] [1777615368.896767074] [lvdot_detector_node]: Pipeline stats: depth_samples=0/0 u_map=0 depth_boxes=0 u_map_merge=0 u_map_db=0 u_map_visual=0 u_map_fused=0 u_map_filtered=0 lidar_samples=0/0 uv=0 db=0 lidar=0 fused=0 filtered=0 tracks=0 dynamic=0 dyn_points=0 raw_dyn_points=0 service=0/0 split=0->0 (0 outputs) fusion_components=0 visual_only=0 lidar_only=0 yolo_in=0 yolo_match3d=0 yolo_match_det=0 yolo_human=0 uv_in=0 db_in=0 uv_best=0 db_best=0 mutual=0 uv_no_db=0 uv_not_mutual=0 uv_iou_reject=0 fixed_size=0 size_reject=0
[lvdot_detector_main-1] [INFO] [1777615374.896147798] [lvdot_detector_node]: Input health: depth=0 color=0 lidar=0 pose=0 odom=0 yolo=0 depth_pose_sync=0 lidar_pose_sync=0 depth_odom_sync=0 lidar_odom_sync=0
[lvdot_detector_main-1] [INFO] [1777615374.896249495] [lvdot_detector_node]: Stage timers: detection=0 lidar_detection=0 tracking=0 classification=0 vis=0
[lvdot_detector_main-1] [INFO] [1777615374.896261668] [lvdot_detector_node]: Processing phases: detection=idle lidar_detection=idle tracking=idle classification=idle
[lvdot_detector_main-1] [INFO] [1777615374.896269336] [lvdot_detector_node]: Pipeline stats: depth_samples=0/0 u_map=0 depth_boxes=0 u_map_merge=0 u_map_db=0 u_map_visual=0 u_map_fused=0 u_map_filtered=0 lidar_samples=0/0 uv=0 db=0 lidar=0 fused=0 filtered=0 tracks=0 dynamic=0 dyn_points=0 raw_dyn_points=0 service=0/0 split=0->0 (0 outputs) fusion_components=0 visual_only=0 lidar_only=0 yolo_in=0 yolo_match3d=0 yolo_match_det=0 yolo_human=0 uv_in=0 db_in=0 uv_best=0 db_best=0 mutual=0 uv_no_db=0 uv_not_mutual=0 uv_iou_reject=0 fixed_size=0 size_reject=0
[lvdot_detector_main-1] [INFO] [1777615380.896271004] [lvdot_detector_node]: Input health: depth=0 color=0 lidar=0 pose=0 odom=0 yolo=0 depth_pose_sync=0 lidar_pose_sync=0 depth_odom_sync=0 lidar_odom_sync=0
[lvdot_detector_main-1] [INFO] [1777615380.896430764] [lvdot_detector_node]: Stage timers: detection=0 lidar_detection=0 tracking=0 classification=0 vis=0
[lvdot_detector_main-1] [INFO] [1777615380.896448779] [lvdot_detector_node]: Processing phases: detection=idle lidar_detection=idle tracking=idle classification=idle
[lvdot_detector_main-1] [INFO] [1777615380.896461152] [lvdot_detector_node]: Pipeline stats: depth_samples=0/0 u_map=0 depth_boxes=0 u_map_merge=0 u_map_db=0 u_map_visual=0 u_map_fused=0 u_map_filtered=0 lidar_samples=0/0 uv=0 db=0 lidar=0 fused=0 filtered=0 tracks=0 dynamic=0 dyn_points=0 raw_dyn_points=0 service=0/0 split=0->0 (0 outputs) fusion_components=0 visual_only=0 lidar_only=0 yolo_in=0 yolo_match3d=0 yolo_match_det=0 yolo_human=0 uv_in=0 db_in=0 uv_best=0 db_best=0 mutual=0 uv_no_db=0 uv_not_mutual=0 uv_iou_reject=0 fixed_size=0 size_reject=0
[lvdot_detector_main-1] [INFO] [1777615386.896141242] [lvdot_detector_node]: Input health: depth=0 color=0 lidar=0 pose=0 odom=0 yolo=0 depth_pose_sync=0 lidar_pose_sync=0 depth_odom_sync=0 lidar_odom_sync=0
[lvdot_detector_main-1] [INFO] [1777615386.896250063] [lvdot_detector_node]: Stage timers: detection=0 lidar_detection=0 tracking=0 classification=0 vis=0
[lvdot_detector_main-1] [INFO] [1777615386.896263404] [lvdot_detector_node]: Processing phases: detection=idle lidar_detection=idle tracking=idle classification=idle
[lvdot_detector_main-1] [INFO] [1777615386.896271767] [lvdot_detector_node]: Pipeline stats: depth_samples=0/0 u_map=0 depth_boxes=0 u_map_merge=0 u_map_db=0 u_map_visual=0 u_map_fused=0 u_map_filtered=0 lidar_samples=0/0 uv=0 db=0 lidar=0 fused=0 filtered=0 tracks=0 dynamic=0 dyn_points=0 raw_dyn_points=0 service=0/0 split=0->0 (0 outputs) fusion_components=0 visual_only=0 lidar_only=0 yolo_in=0 yolo_match3d=0 yolo_match_det=0 yolo_human=0 uv_in=0 db_in=0 uv_best=0 db_best=0 mutual=0 uv_no_db=0 uv_not_mutual=0 uv_iou_reject=0 fixed_size=0 size_reject=0
[lvdot_detector_main-1] [INFO] [1777615393.469802876] [lvdot_detector_node]: Input health: depth=0 color=0 lidar=0 pose=0 odom=0 yolo=0 depth_pose_sync=0 lidar_pose_sync=0 depth_odom_sync=0 lidar_odom_sync=0
[lvdot_detector_main-1] [INFO] [1777615393.469937683] [lvdot_detector_node]: Stage timers: detection=0 lidar_detection=0 tracking=0 classification=0 vis=0
[lvdot_detector_main-1] [INFO] [1777615393.469956998] [lvdot_detector_node]: Processing phases: detection=idle lidar_detection=idle tracking=idle classification=idle
[lvdot_detector_main-1] [INFO] [1777615393.469970140] [lvdot_detector_node]: Pipeline stats: depth_samples=0/0 u_map=0 depth_boxes=0 u_map_merge=0 u_map_db=0 u_map_visual=0 u_map_fused=0 u_map_filtered=0 lidar_samples=0/0 uv=0 db=0 lidar=0 fused=0 filtered=0 tracks=0 dynamic=0 dyn_points=0 raw_dyn_points=0 service=0/0 split=0->0 (0 outputs) fusion_components=0 visual_only=0 lidar_only=0 yolo_in=0 yolo_match3d=0 yolo_match_det=0 yolo_human=0 uv_in=0 db_in=0 uv_best=0 db_best=0 mutual=0 uv_no_db=0 uv_not_mutual=0 uv_iou_reject=0 fixed_size=0 size_reject=0
[lvdot_detector_main-1] [INFO] [1777615399.469548320] [lvdot_detector_node]: Input health: depth=0 color=0 lidar=0 pose=0 odom=0 yolo=0 depth_pose_sync=0 lidar_pose_sync=0 depth_odom_sync=0 lidar_odom_sync=0
[lvdot_detector_main-1] [INFO] [1777615399.469652560] [lvdot_detector_node]: Stage timers: detection=0 lidar_detection=0 tracking=0 classification=0 vis=0
[lvdot_detector_main-1] [INFO] [1777615399.469665272] [lvdot_detector_node]: Processing phases: detection=idle lidar_detection=idle tracking=idle classification=idle
[lvdot_detector_main-1] [INFO] [1777615399.469672802] [lvdot_detector_node]: Pipeline stats: depth_samples=0/0 u_map=0 depth_boxes=0 u_map_merge=0 u_map_db=0 u_map_visual=0 u_map_fused=0 u_map_filtered=0 lidar_samples=0/0 uv=0 db=0 lidar=0 fused=0 filtered=0 tracks=0 dynamic=0 dyn_points=0 raw_dyn_points=0 service=0/0 split=0->0 (0 outputs) fusion_components=0 visual_only=0 lidar_only=0 yolo_in=0 yolo_match3d=0 yolo_match_det=0 yolo_human=0 uv_in=0 db_in=0 uv_best=0 db_best=0 mutual=0 uv_no_db=0 uv_not_mutual=0 uv_iou_reject=0 fixed_size=0 size_reject=0
[lvdot_detector_main-1] [INFO] [1777615405.469711538] [lvdot_detector_node]: Input health: depth=0 color=0 lidar=0 pose=0 odom=0 yolo=0 depth_pose_sync=0 lidar_pose_sync=0 depth_odom_sync=0 lidar_odom_sync=0
[lvdot_detector_main-1] [INFO] [1777615405.469878604] [lvdot_detector_node]: Stage timers: detection=0 lidar_detection=0 tracking=0 classification=0 vis=0
[lvdot_detector_main-1] [INFO] [1777615405.469905971] [lvdot_detector_node]: Processing phases: detection=idle lidar_detection=idle tracking=idle classification=idle
[lvdot_detector_main-1] [INFO] [1777615405.469926027] [lvdot_detector_node]: Pipeline stats: depth_samples=0/0 u_map=0 depth_boxes=0 u_map_merge=0 u_map_db=0 u_map_visual=0 u_map_fused=0 u_map_filtered=0 lidar_samples=0/0 uv=0 db=0 lidar=0 fused=0 filtered=0 tracks=0 dynamic=0 dyn_points=0 raw_dyn_points=0 service=0/0 split=0->0 (0 outputs) fusion_components=0 visual_only=0 lidar_only=0 yolo_in=0 yolo_match3d=0 yolo_match_det=0 yolo_human=0 uv_in=0 db_in=0 uv_best=0 db_best=0 mutual=0 uv_no_db=0 uv_not_mutual=0 uv_iou_reject=0 fixed_size=0 size_reject=0
[lvdot_detector_main-1] [INFO] [1777615411.469607996] [lvdot_detector_node]: Input health: depth=0 color=0 lidar=0 pose=0 odom=0 yolo=0 depth_pose_sync=0 lidar_pose_sync=0 depth_odom_sync=0 lidar_odom_sync=0
[lvdot_detector_main-1] [INFO] [1777615411.469723515] [lvdot_detector_node]: Stage timers: detection=0 lidar_detection=0 tracking=0 classification=0 vis=0
[lvdot_detector_main-1] [INFO] [1777615411.469738249] [lvdot_detector_node]: Processing phases: detection=idle lidar_detection=idle tracking=idle classification=idle
[lvdot_detector_main-1] [INFO] [1777615411.469748268] [lvdot_detector_node]: Pipeline stats: depth_samples=0/0 u_map=0 depth_boxes=0 u_map_merge=0 u_map_db=0 u_map_visual=0 u_map_fused=0 u_map_filtered=0 lidar_samples=0/0 uv=0 db=0 lidar=0 fused=0 filtered=0 tracks=0 dynamic=0 dyn_points=0 raw_dyn_points=0 service=0/0 split=0->0 (0 outputs) fusion_components=0 visual_only=0 lidar_only=0 yolo_in=0 yolo_match3d=0 yolo_match_det=0 yolo_human=0 uv_in=0 db_in=0 uv_best=0 db_best=0 mutual=0 uv_no_db=0 uv_not_mutual=0 uv_iou_reject=0 fixed_size=0 size_reject=0
[lvdot_detector_main-1] [INFO] [1777615417.469697626] [lvdot_detector_node]: Input health: depth=0 color=0 lidar=0 pose=0 odom=0 yolo=0 depth_pose_sync=0 lidar_pose_sync=0 depth_odom_sync=0 lidar_odom_sync=0
[lvdot_detector_main-1] [INFO] [1777615417.469881610] [lvdot_detector_node]: Stage timers: detection=0 lidar_detection=0 tracking=0 classification=0 vis=0
[lvdot_detector_main-1] [INFO] [1777615417.469908918] [lvdot_detector_node]: Processing phases: detection=idle lidar_detection=idle tracking=idle classification=idle
[lvdot_detector_main-1] [INFO] [1777615417.469975322] [lvdot_detector_node]: Pipeline stats: depth_samples=0/0 u_map=0 depth_boxes=0 u_map_merge=0 u_map_db=0 u_map_visual=0 u_map_fused=0 u_map_filtered=0 lidar_samples=0/0 uv=0 db=0 lidar=0 fused=0 filtered=0 tracks=0 dynamic=0 dyn_points=0 raw_dyn_points=0 service=0/0 split=0->0 (0 outputs) fusion_components=0 visual_only=0 lidar_only=0 yolo_in=0 yolo_match3d=0 yolo_match_det=0 yolo_human=0 uv_in=0 db_in=0 uv_best=0 db_best=0 mutual=0 uv_no_db=0 uv_not_mutual=0 uv_iou_reject=0 fixed_size=0 size_reject=0
[lvdot_detector_main-1] [INFO] [1777615423.956687996] [lvdot_detector_node]: Input health: depth=0 color=0 lidar=0 pose=0 odom=0 yolo=0 depth_pose_sync=0 lidar_pose_sync=0 depth_odom_sync=0 lidar_odom_sync=0
[lvdot_detector_main-1] [INFO] [1777615423.956946000] [lvdot_detector_node]: Stage timers: detection=0 lidar_detection=0 tracking=0 classification=0 vis=0
[lvdot_detector_main-1] [INFO] [1777615423.956997799] [lvdot_detector_node]: Processing phases: detection=idle lidar_detection=idle tracking=idle classification=idle
[lvdot_detector_main-1] [INFO] [1777615423.957034896] [lvdot_detector_node]: Pipeline stats: depth_samples=0/0 u_map=0 depth_boxes=0 u_map_merge=0 u_map_db=0 u_map_visual=0 u_map_fused=0 u_map_filtered=0 lidar_samples=0/0 uv=0 db=0 lidar=0 fused=0 filtered=0 tracks=0 dynamic=0 dyn_points=0 raw_dyn_points=0 service=0/0 split=0->0 (0 outputs) fusion_components=0 visual_only=0 lidar_only=0 yolo_in=0 yolo_match3d=0 yolo_match_det=0 yolo_human=0 uv_in=0 db_in=0 uv_best=0 db_best=0 mutual=0 uv_no_db=0 uv_not_mutual=0 uv_iou_reject=0 fixed_size=0 size_reject=0
[lvdot_detector_main-1] [INFO] [1777615429.956297165] [lvdot_detector_node]: Input health: depth=0 color=0 lidar=0 pose=0 odom=0 yolo=0 depth_pose_sync=0 lidar_pose_sync=0 depth_odom_sync=0 lidar_odom_sync=0
[lvdot_detector_main-1] [INFO] [1777615429.956391787] [lvdot_detector_node]: Stage timers: detection=0 lidar_detection=0 tracking=0 classification=0 vis=0
[lvdot_detector_main-1] [INFO] [1777615429.956402398] [lvdot_detector_node]: Processing phases: detection=idle lidar_detection=idle tracking=idle classification=idle
[lvdot_detector_main-1] [INFO] [1777615429.956409407] [lvdot_detector_node]: Pipeline stats: depth_samples=0/0 u_map=0 depth_boxes=0 u_map_merge=0 u_map_db=0 u_map_visual=0 u_map_fused=0 u_map_filtered=0 lidar_samples=0/0 uv=0 db=0 lidar=0 fused=0 filtered=0 tracks=0 dynamic=0 dyn_points=0 raw_dyn_points=0 service=0/0 split=0->0 (0 outputs) fusion_components=0 visual_only=0 lidar_only=0 yolo_in=0 yolo_match3d=0 yolo_match_det=0 yolo_human=0 uv_in=0 db_in=0 uv_best=0 db_best=0 mutual=0 uv_no_db=0 uv_not_mutual=0 uv_iou_reject=0 fixed_size=0 size_reject=0
[lvdot_detector_main-1] [INFO] [1777615435.956387628] [lvdot_detector_node]: Input health: depth=0 color=0 lidar=0 pose=0 odom=0 yolo=0 depth_pose_sync=0 lidar_pose_sync=0 depth_odom_sync=0 lidar_odom_sync=0
[lvdot_detector_main-1] [INFO] [1777615435.956528235] [lvdot_detector_node]: Stage timers: detection=0 lidar_detection=0 tracking=0 classification=0 vis=0
[lvdot_detector_main-1] [INFO] [1777615435.956548956] [lvdot_detector_node]: Processing phases: detection=idle lidar_detection=idle tracking=idle classification=idle
[lvdot_detector_main-1] [INFO] [1777615435.956564546] [lvdot_detector_node]: Pipeline stats: depth_samples=0/0 u_map=0 depth_boxes=0 u_map_merge=0 u_map_db=0 u_map_visual=0 u_map_fused=0 u_map_filtered=0 lidar_samples=0/0 uv=0 db=0 lidar=0 fused=0 filtered=0 tracks=0 dynamic=0 dyn_points=0 raw_dyn_points=0 service=0/0 split=0->0 (0 outputs) fusion_components=0 visual_only=0 lidar_only=0 yolo_in=0 yolo_match3d=0 yolo_match_det=0 yolo_human=0 uv_in=0 db_in=0 uv_best=0 db_best=0 mutual=0 uv_no_db=0 uv_not_mutual=0 uv_iou_reject=0 fixed_size=0 size_reject=0
[lvdot_detector_main-1] [INFO] [1777615441.956491956] [lvdot_detector_node]: Input health: depth=0 color=0 lidar=0 pose=0 odom=0 yolo=0 depth_pose_sync=0 lidar_pose_sync=0 depth_odom_sync=0 lidar_odom_sync=0
[lvdot_detector_main-1] [INFO] [1777615441.956670750] [lvdot_detector_node]: Stage timers: detection=0 lidar_detection=0 tracking=0 classification=0 vis=0
[lvdot_detector_main-1] [INFO] [1777615441.956698279] [lvdot_detector_node]: Processing phases: detection=idle lidar_detection=idle tracking=idle classification=idle
[lvdot_detector_main-1] [INFO] [1777615441.956720480] [lvdot_detector_node]: Pipeline stats: depth_samples=0/0 u_map=0 depth_boxes=0 u_map_merge=0 u_map_db=0 u_map_visual=0 u_map_fused=0 u_map_filtered=0 lidar_samples=0/0 uv=0 db=0 lidar=0 fused=0 filtered=0 tracks=0 dynamic=0 dyn_points=0 raw_dyn_points=0 service=0/0 split=0->0 (0 outputs) fusion_components=0 visual_only=0 lidar_only=0 yolo_in=0 yolo_match3d=0 yolo_match_det=0 yolo_human=0 uv_in=0 db_in=0 uv_best=0 db_best=0 mutual=0 uv_no_db=0 uv_not_mutual=0 uv_iou_reject=0 fixed_size=0 size_reject=0
[lvdot_detector_main-1] [INFO] [1777615447.956350478] [lvdot_detector_node]: Input health: depth=0 color=0 lidar=0 pose=0 odom=0 yolo=0 depth_pose_sync=0 lidar_pose_sync=0 depth_odom_sync=0 lidar_odom_sync=0
[lvdot_detector_main-1] [INFO] [1777615447.956455697] [lvdot_detector_node]: Stage timers: detection=0 lidar_detection=0 tracking=0 classification=0 vis=0
[lvdot_detector_main-1] [INFO] [1777615447.956468763] [lvdot_detector_node]: Processing phases: detection=idle lidar_detection=idle tracking=idle classification=idle
[lvdot_detector_main-1] [INFO] [1777615447.956476328] [lvdot_detector_node]: Pipeline stats: depth_samples=0/0 u_map=0 depth_boxes=0 u_map_merge=0 u_map_db=0 u_map_visual=0 u_map_fused=0 u_map_filtered=0 lidar_samples=0/0 uv=0 db=0 lidar=0 fused=0 filtered=0 tracks=0 dynamic=0 dyn_points=0 raw_dyn_points=0 service=0/0 split=0->0 (0 outputs) fusion_components=0 visual_only=0 lidar_only=0 yolo_in=0 yolo_match3d=0 yolo_match_det=0 yolo_human=0 uv_in=0 db_in=0 uv_best=0 db_best=0 mutual=0 uv_no_db=0 uv_not_mutual=0 uv_iou_reject=0 fixed_size=0 size_reject=0
[lvdot_detector_main-1] [INFO] [1777615453.956435090] [lvdot_detector_node]: Input health: depth=0 color=0 lidar=0 pose=0 odom=0 yolo=0 depth_pose_sync=0 lidar_pose_sync=0 depth_odom_sync=0 lidar_odom_sync=0
[lvdot_detector_main-1] [INFO] [1777615453.956535057] [lvdot_detector_node]: Stage timers: detection=0 lidar_detection=0 tracking=0 classification=0 vis=0
[lvdot_detector_main-1] [INFO] [1777615453.956546754] [lvdot_detector_node]: Processing phases: detection=idle lidar_detection=idle tracking=idle classification=idle
[lvdot_detector_main-1] [INFO] [1777615453.956554421] [lvdot_detector_node]: Pipeline stats: depth_samples=0/0 u_map=0 depth_boxes=0 u_map_merge=0 u_map_db=0 u_map_visual=0 u_map_fused=0 u_map_filtered=0 lidar_samples=0/0 uv=0 db=0 lidar=0 fused=0 filtered=0 tracks=0 dynamic=0 dyn_points=0 raw_dyn_points=0 service=0/0 split=0->0 (0 outputs) fusion_components=0 visual_only=0 lidar_only=0 yolo_in=0 yolo_match3d=0 yolo_match_det=0 yolo_human=0 uv_in=0 db_in=0 uv_best=0 db_best=0 mutual=0 uv_no_db=0 uv_not_mutual=0 uv_iou_reject=0 fixed_size=0 size_reject=0
[lvdot_detector_main-1] [INFO] [1777615460.588878072] [lvdot_detector_node]: Input health: depth=0 color=0 lidar=0 pose=0 odom=0 yolo=0 depth_pose_sync=0 lidar_pose_sync=0 depth_odom_sync=0 lidar_odom_sync=0
[lvdot_detector_main-1] [INFO] [1777615460.589159536] [lvdot_detector_node]: Stage timers: detection=0 lidar_detection=0 tracking=0 classification=0 vis=0
[lvdot_detector_main-1] [INFO] [1777615460.589213861] [lvdot_detector_node]: Processing phases: detection=idle lidar_detection=idle tracking=idle classification=idle
[lvdot_detector_main-1] [INFO] [1777615460.589241515] [lvdot_detector_node]: Pipeline stats: depth_samples=0/0 u_map=0 depth_boxes=0 u_map_merge=0 u_map_db=0 u_map_visual=0 u_map_fused=0 u_map_filtered=0 lidar_samples=0/0 uv=0 db=0 lidar=0 fused=0 filtered=0 tracks=0 dynamic=0 dyn_points=0 raw_dyn_points=0 service=0/0 split=0->0 (0 outputs) fusion_components=0 visual_only=0 lidar_only=0 yolo_in=0 yolo_match3d=0 yolo_match_det=0 yolo_human=0 uv_in=0 db_in=0 uv_best=0 db_best=0 mutual=0 uv_no_db=0 uv_not_mutual=0 uv_iou_reject=0 fixed_size=0 size_reject=0
[lvdot_detector_main-1] [INFO] [1777615466.588553944] [lvdot_detector_node]: Input health: depth=0 color=0 lidar=0 pose=0 odom=0 yolo=0 depth_pose_sync=0 lidar_pose_sync=0 depth_odom_sync=0 lidar_odom_sync=0
[lvdot_detector_main-1] [INFO] [1777615466.588683358] [lvdot_detector_node]: Stage timers: detection=0 lidar_detection=0 tracking=0 classification=0 vis=0
[lvdot_detector_main-1] [INFO] [1777615466.588699105] [lvdot_detector_node]: Processing phases: detection=idle lidar_detection=idle tracking=idle classification=idle
[lvdot_detector_main-1] [INFO] [1777615466.588709241] [lvdot_detector_node]: Pipeline stats: depth_samples=0/0 u_map=0 depth_boxes=0 u_map_merge=0 u_map_db=0 u_map_visual=0 u_map_fused=0 u_map_filtered=0 lidar_samples=0/0 uv=0 db=0 lidar=0 fused=0 filtered=0 tracks=0 dynamic=0 dyn_points=0 raw_dyn_points=0 service=0/0 split=0->0 (0 outputs) fusion_components=0 visual_only=0 lidar_only=0 yolo_in=0 yolo_match3d=0 yolo_match_det=0 yolo_human=0 uv_in=0 db_in=0 uv_best=0 db_best=0 mutual=0 uv_no_db=0 uv_not_mutual=0 uv_iou_reject=0 fixed_size=0 size_reject=0
[lvdot_detector_main-1] [INFO] [1777615472.588597730] [lvdot_detector_node]: Input health: depth=0 color=0 lidar=0 pose=0 odom=0 yolo=0 depth_pose_sync=0 lidar_pose_sync=0 depth_odom_sync=0 lidar_odom_sync=0
[lvdot_detector_main-1] [INFO] [1777615472.588741959] [lvdot_detector_node]: Stage timers: detection=0 lidar_detection=0 tracking=0 classification=0 vis=0
[lvdot_detector_main-1] [INFO] [1777615472.588781107] [lvdot_detector_node]: Processing phases: detection=idle lidar_detection=idle tracking=idle classification=idle
[lvdot_detector_main-1] [INFO] [1777615472.588800534] [lvdot_detector_node]: Pipeline stats: depth_samples=0/0 u_map=0 depth_boxes=0 u_map_merge=0 u_map_db=0 u_map_visual=0 u_map_fused=0 u_map_filtered=0 lidar_samples=0/0 uv=0 db=0 lidar=0 fused=0 filtered=0 tracks=0 dynamic=0 dyn_points=0 raw_dyn_points=0 service=0/0 split=0->0 (0 outputs) fusion_components=0 visual_only=0 lidar_only=0 yolo_in=0 yolo_match3d=0 yolo_match_det=0 yolo_human=0 uv_in=0 db_in=0 uv_best=0 db_best=0 mutual=0 uv_no_db=0 uv_not_mutual=0 uv_iou_reject=0 fixed_size=0 size_reject=0
[lvdot_detector_main-1] [INFO] [1777615478.588481444] [lvdot_detector_node]: Input health: depth=0 color=0 lidar=0 pose=0 odom=0 yolo=0 depth_pose_sync=0 lidar_pose_sync=0 depth_odom_sync=0 lidar_odom_sync=0
[lvdot_detector_main-1] [INFO] [1777615478.588593339] [lvdot_detector_node]: Stage timers: detection=0 lidar_detection=0 tracking=0 classification=0 vis=0
[lvdot_detector_main-1] [INFO] [1777615478.588607006] [lvdot_detector_node]: Processing phases: detection=idle lidar_detection=idle tracking=idle classification=idle
[lvdot_detector_main-1] [INFO] [1777615478.588614970] [lvdot_detector_node]: Pipeline stats: depth_samples=0/0 u_map=0 depth_boxes=0 u_map_merge=0 u_map_db=0 u_map_visual=0 u_map_fused=0 u_map_filtered=0 lidar_samples=0/0 uv=0 db=0 lidar=0 fused=0 filtered=0 tracks=0 dynamic=0 dyn_points=0 raw_dyn_points=0 service=0/0 split=0->0 (0 outputs) fusion_components=0 visual_only=0 lidar_only=0 yolo_in=0 yolo_match3d=0 yolo_match_det=0 yolo_human=0 uv_in=0 db_in=0 uv_best=0 db_best=0 mutual=0 uv_no_db=0 uv_not_mutual=0 uv_iou_reject=0 fixed_size=0 size_reject=0
[lvdot_detector_main-1] [INFO] [1777615484.588636689] [lvdot_detector_node]: Input health: depth=0 color=0 lidar=0 pose=0 odom=0 yolo=0 depth_pose_sync=0 lidar_pose_sync=0 depth_odom_sync=0 lidar_odom_sync=0
[lvdot_detector_main-1] [INFO] [1777615484.588816113] [lvdot_detector_node]: Stage timers: detection=0 lidar_detection=0 tracking=0 classification=0 vis=0
[lvdot_detector_main-1] [INFO] [1777615484.588843233] [lvdot_detector_node]: Processing phases: detection=idle lidar_detection=idle tracking=idle classification=idle
[lvdot_detector_main-1] [INFO] [1777615484.588863081] [lvdot_detector_node]: Pipeline stats: depth_samples=0/0 u_map=0 depth_boxes=0 u_map_merge=0 u_map_db=0 u_map_visual=0 u_map_fused=0 u_map_filtered=0 lidar_samples=0/0 uv=0 db=0 lidar=0 fused=0 filtered=0 tracks=0 dynamic=0 dyn_points=0 raw_dyn_points=0 service=0/0 split=0->0 (0 outputs) fusion_components=0 visual_only=0 lidar_only=0 yolo_in=0 yolo_match3d=0 yolo_match_det=0 yolo_human=0 uv_in=0 db_in=0 uv_best=0 db_best=0 mutual=0 uv_no_db=0 uv_not_mutual=0 uv_iou_reject=0 fixed_size=0 size_reject=0
[lvdot_detector_main-1] [INFO] [1777615491.133157697] [lvdot_detector_node]: Input health: depth=0 color=0 lidar=0 pose=0 odom=0 yolo=0 depth_pose_sync=0 lidar_pose_sync=0 depth_odom_sync=0 lidar_odom_sync=0
[lvdot_detector_main-1] [INFO] [1777615491.133239450] [lvdot_detector_node]: Stage timers: detection=0 lidar_detection=0 tracking=0 classification=0 vis=0
[lvdot_detector_main-1] [INFO] [1777615491.133250554] [lvdot_detector_node]: Processing phases: detection=idle lidar_detection=idle tracking=idle classification=idle
[lvdot_detector_main-1] [INFO] [1777615491.133258120] [lvdot_detector_node]: Pipeline stats: depth_samples=0/0 u_map=0 depth_boxes=0 u_map_merge=0 u_map_db=0 u_map_visual=0 u_map_fused=0 u_map_filtered=0 lidar_samples=0/0 uv=0 db=0 lidar=0 fused=0 filtered=0 tracks=0 dynamic=0 dyn_points=0 raw_dyn_points=0 service=0/0 split=0->0 (0 outputs) fusion_components=0 visual_only=0 lidar_only=0 yolo_in=0 yolo_match3d=0 yolo_match_det=0 yolo_human=0 uv_in=0 db_in=0 uv_best=0 db_best=0 mutual=0 uv_no_db=0 uv_not_mutual=0 uv_iou_reject=0 fixed_size=0 size_reject=0
[lvdot_detector_main-1] [INFO] [1777615497.133115911] [lvdot_detector_node]: Input health: depth=0 color=0 lidar=0 pose=0 odom=0 yolo=0 depth_pose_sync=0 lidar_pose_sync=0 depth_odom_sync=0 lidar_odom_sync=0
[lvdot_detector_main-1] [INFO] [1777615497.133215746] [lvdot_detector_node]: Stage timers: detection=0 lidar_detection=0 tracking=0 classification=0 vis=0
[lvdot_detector_main-1] [INFO] [1777615497.133229812] [lvdot_detector_node]: Processing phases: detection=idle lidar_detection=idle tracking=idle classification=idle
[lvdot_detector_main-1] [INFO] [1777615497.133240139] [lvdot_detector_node]: Pipeline stats: depth_samples=0/0 u_map=0 depth_boxes=0 u_map_merge=0 u_map_db=0 u_map_visual=0 u_map_fused=0 u_map_filtered=0 lidar_samples=0/0 uv=0 db=0 lidar=0 fused=0 filtered=0 tracks=0 dynamic=0 dyn_points=0 raw_dyn_points=0 service=0/0 split=0->0 (0 outputs) fusion_components=0 visual_only=0 lidar_only=0 yolo_in=0 yolo_match3d=0 yolo_match_det=0 yolo_human=0 uv_in=0 db_in=0 uv_best=0 db_best=0 mutual=0 uv_no_db=0 uv_not_mutual=0 uv_iou_reject=0 fixed_size=0 size_reject=0
[lvdot_detector_main-1] [INFO] [1777615503.132925835] [lvdot_detector_node]: Input health: depth=0 color=0 lidar=0 pose=0 odom=0 yolo=0 depth_pose_sync=0 lidar_pose_sync=0 depth_odom_sync=0 lidar_odom_sync=0
[lvdot_detector_main-1] [INFO] [1777615503.133012974] [lvdot_detector_node]: Stage timers: detection=0 lidar_detection=0 tracking=0 classification=0 vis=0
[lvdot_detector_main-1] [INFO] [1777615503.133023474] [lvdot_detector_node]: Processing phases: detection=idle lidar_detection=idle tracking=idle classification=idle
[lvdot_detector_main-1] [INFO] [1777615503.133030539] [lvdot_detector_node]: Pipeline stats: depth_samples=0/0 u_map=0 depth_boxes=0 u_map_merge=0 u_map_db=0 u_map_visual=0 u_map_fused=0 u_map_filtered=0 lidar_samples=0/0 uv=0 db=0 lidar=0 fused=0 filtered=0 tracks=0 dynamic=0 dyn_points=0 raw_dyn_points=0 service=0/0 split=0->0 (0 outputs) fusion_components=0 visual_only=0 lidar_only=0 yolo_in=0 yolo_match3d=0 yolo_match_det=0 yolo_human=0 uv_in=0 db_in=0 uv_best=0 db_best=0 mutual=0 uv_no_db=0 uv_not_mutual=0 uv_iou_reject=0 fixed_size=0 size_reject=0
