[INFO] [launch]: All log files can be found below /home/skbt2/.ros/log/2026-04-23-09-40-36-270753-DESKTOP-90MQDL6-902834
[INFO] [launch]: Default logging verbosity is set to INFO
[INFO] [gazebo-1]: process started with pid [902879]
[INFO] [parameter_bridge-2]: process started with pid [902880]
[INFO] [pedestrian_state_publisher-3]: process started with pid [902881]
[INFO] [uav_trajectory_controller-4]: process started with pid [902882]
[INFO] [image_pointcloud_relay-5]: process started with pid [902883]
[INFO] [lvdot_yolo_node-6]: process started with pid [902884]
[INFO] [lvdot_detector_main-7]: process started with pid [902885]
[lvdot_detector_main-7] [INFO] [1776908438.338255448] [lvdot_detector_node]: Config loaded: localization_mode=0 dt=0.033 image=640x480 depth_range=[0.20, 12.00] stage_timers=true
[lvdot_detector_main-7] [INFO] [1776908438.451409071] [lvdot_detector_node]: LV-DOT ROS2 skeleton started. depth=/camera/depth/image_rect_raw color=/camera/color/image_raw lidar=/rgbd_camera/points pose=/mavros/local_position/pose odom=/mavros/local_position/odom yolo=/yolo_detector/detected_bounding_boxes
[parameter_bridge-2] [INFO] [1776908438.740123348] [ros_gz_bridge]: Creating GZ->ROS Bridge: [/rgbd_camera/image (gz.msgs.Image) -> /rgbd_camera/image (sensor_msgs/msg/Image)] (Lazy 0)
[parameter_bridge-2] [INFO] [1776908439.223099593] [ros_gz_bridge]: Creating GZ->ROS Bridge: [/rgbd_camera/camera_info (gz.msgs.CameraInfo) -> /rgbd_camera/camera_info (sensor_msgs/msg/CameraInfo)] (Lazy 0)
[parameter_bridge-2] [INFO] [1776908439.233986350] [ros_gz_bridge]: Creating GZ->ROS Bridge: [/rgbd_camera/depth_image (gz.msgs.Image) -> /rgbd_camera/depth_image (sensor_msgs/msg/Image)] (Lazy 0)
[parameter_bridge-2] [INFO] [1776908439.246119995] [ros_gz_bridge]: Creating GZ->ROS Bridge: [/rgbd_camera/points (gz.msgs.PointCloudPacked) -> /rgbd_camera/points (sensor_msgs/msg/PointCloud2)] (Lazy 0)
[parameter_bridge-2] [INFO] [1776908439.254942450] [ros_gz_bridge]: Creating GZ->ROS Bridge: [/camera/imu (gz.msgs.IMU) -> /camera/imu (sensor_msgs/msg/Imu)] (Lazy 0)
[parameter_bridge-2] [INFO] [1776908439.263497558] [ros_gz_bridge]: Creating ROS->GZ service bridge [/world/pedestrian_prototype/set_pose (ros_gz_interfaces/srv/SetEntityPose -> /)]
[parameter_bridge-2] [INFO] [1776908439.314875566] [ros_gz_bridge]: Creating ROS->GZ service bridge [/world/pedestrian_prototype/set_pose/blocking (ros_gz_interfaces/srv/SetEntityPose -> /)]
[lvdot_detector_main-7] [INFO] [1776908440.454569604] [lvdot_detector_node]: Input health: depth=0 color=0 lidar=0 pose=37 odom=37 yolo=0 depth_pose_sync=0 lidar_pose_sync=0 depth_odom_sync=0 lidar_odom_sync=0
[lvdot_detector_main-7] [INFO] [1776908440.455662003] [lvdot_detector_node]: Stage timers: detection=60 lidar_detection=60 tracking=60 classification=60 vis=60
[lvdot_detector_main-7] [INFO] [1776908440.455691889] [lvdot_detector_node]: Processing phases: detection=waiting_depth lidar_detection=waiting_new_lidar tracking=waiting_filtered_bboxes classification=idle
[lvdot_detector_main-7] [INFO] [1776908440.455703919] [lvdot_detector_node]: Pipeline stats: depth_samples=0/0 u_map=0 depth_boxes=0 u_map_merge=0 u_map_db=0 u_map_visual=0 u_map_fused=0 u_map_filtered=0 lidar_samples=0/0 uv=0 db=0 lidar=0 fused=0 filtered=0 tracks=0 dynamic=0 dyn_points=0 raw_dyn_points=0 service=0/0 split=0->0 (0 outputs) fusion_components=0 visual_only=0 lidar_only=0 fixed_size=0 size_reject=0
[uav_trajectory_controller-4] [WARN] [1776908444.266291724] [uav_trajectory_controller]: SetEntityPose request timed out after 0.63s on /world/pedestrian_prototype/set_pose/blocking; dropping the pending request and retrying.
[uav_trajectory_controller-4] [WARN] [1776908444.267228925] [uav_trajectory_controller]: Falling back from /world/pedestrian_prototype/set_pose/blocking to /world/pedestrian_prototype/set_pose.
[gazebo-1] [INFO] [1776908445.639724990] [pedestrian_pose_sync_system]: Configured pedestrian pose sync plugin on topic [/pedestrian_sim/agent_states] for 8 models.
[lvdot_detector_main-7] [INFO] [1776908446.172812861] [lvdot_detector_node]: Input health: depth=5 color=9 lidar=0 pose=196 odom=196 yolo=3 depth_pose_sync=0 lidar_pose_sync=0 depth_odom_sync=0 lidar_odom_sync=0
[lvdot_detector_main-7] [INFO] [1776908446.172876794] [lvdot_detector_node]: Stage timers: detection=68 lidar_detection=171 tracking=171 classification=171 vis=148
[lvdot_detector_main-7] [INFO] [1776908446.172888999] [lvdot_detector_node]: Processing phases: detection=run_core lidar_detection=waiting_new_lidar tracking=waiting_filtered_bboxes classification=idle
[lvdot_detector_main-7] [INFO] [1776908446.172898395] [lvdot_detector_node]: Pipeline stats: depth_samples=165/71300 u_map=2 depth_boxes=0 u_map_merge=0 u_map_db=0 u_map_visual=0 u_map_fused=0 u_map_filtered=0 lidar_samples=0/0 uv=0 db=4 lidar=0 fused=0 filtered=0 tracks=0 dynamic=0 dyn_points=0 raw_dyn_points=0 service=0/0 split=0->0 (0 outputs) fusion_components=0 visual_only=0 lidar_only=0 fixed_size=0 size_reject=0
[lvdot_detector_main-7] [INFO] [1776908452.172778859] [lvdot_detector_node]: Input health: depth=18 color=26 lidar=1 pose=479 odom=479 yolo=9 depth_pose_sync=0 lidar_pose_sync=0 depth_odom_sync=0 lidar_odom_sync=0
[lvdot_detector_main-7] [INFO] [1776908452.172834209] [lvdot_detector_node]: Stage timers: detection=73 lidar_detection=282 tracking=352 classification=351 vis=320
[lvdot_detector_main-7] [INFO] [1776908452.172844199] [lvdot_detector_node]: Processing phases: detection=idle lidar_detection=run_lidar_detector/dbscan tracking=waiting_filtered_bboxes classification=idle
[lvdot_detector_main-7] [INFO] [1776908452.172853559] [lvdot_detector_node]: Pipeline stats: depth_samples=172/71300 u_map=1 depth_boxes=0 u_map_merge=0 u_map_db=0 u_map_visual=0 u_map_fused=0 u_map_filtered=0 lidar_samples=0/0 uv=0 db=3 lidar=0 fused=0 filtered=0 tracks=0 dynamic=0 dyn_points=0 raw_dyn_points=0 service=0/0 split=0->0 (0 outputs) fusion_components=0 visual_only=0 lidar_only=0 fixed_size=0 size_reject=0
[lvdot_detector_main-7] [INFO] [1776908458.172824605] [lvdot_detector_node]: Input health: depth=32 color=61 lidar=2 pose=765 odom=765 yolo=13 depth_pose_sync=0 lidar_pose_sync=0 depth_odom_sync=0 lidar_odom_sync=0
[lvdot_detector_main-7] [INFO] [1776908458.172891632] [lvdot_detector_node]: Stage timers: detection=78 lidar_detection=283 tracking=529 classification=527 vis=481
[lvdot_detector_main-7] [INFO] [1776908458.172908723] [lvdot_detector_node]: Processing phases: detection=run_core lidar_detection=run_lidar_detector/dbscan tracking=waiting_filtered_bboxes classification=idle
[lvdot_detector_main-7] [INFO] [1776908458.172925146] [lvdot_detector_node]: Pipeline stats: depth_samples=129/71300 u_map=3 depth_boxes=0 u_map_merge=0 u_map_db=0 u_map_visual=0 u_map_fused=0 u_map_filtered=0 lidar_samples=3350/149313 uv=0 db=1 lidar=0 fused=0 filtered=0 tracks=0 dynamic=0 dyn_points=0 raw_dyn_points=0 service=0/0 split=0->0 (0 outputs) fusion_components=0 visual_only=0 lidar_only=0 fixed_size=0 size_reject=0
[lvdot_detector_main-7] [INFO] [1776908464.178415066] [lvdot_detector_node]: Input health: depth=44 color=80 lidar=3 pose=1053 odom=1053 yolo=19 depth_pose_sync=0 lidar_pose_sync=0 depth_odom_sync=0 lidar_odom_sync=0
[lvdot_detector_main-7] [INFO] [1776908464.178492608] [lvdot_detector_node]: Stage timers: detection=84 lidar_detection=284 tracking=706 classification=702 vis=637
[lvdot_detector_main-7] [INFO] [1776908464.178509755] [lvdot_detector_node]: Processing phases: detection=run_core lidar_detection=run_lidar_detector/downsample tracking=waiting_filtered_bboxes classification=idle
[lvdot_detector_main-7] [INFO] [1776908464.178527283] [lvdot_detector_node]: Pipeline stats: depth_samples=160/71300 u_map=3 depth_boxes=0 u_map_merge=0 u_map_db=0 u_map_visual=0 u_map_fused=0 u_map_filtered=0 lidar_samples=3240/134015 uv=0 db=4 lidar=0 fused=0 filtered=0 tracks=0 dynamic=0 dyn_points=0 raw_dyn_points=0 service=0/0 split=0->0 (0 outputs) fusion_components=0 visual_only=0 lidar_only=0 fixed_size=0 size_reject=0
[lvdot_detector_main-7] [INFO] [1776908470.180979609] [lvdot_detector_node]: Input health: depth=66 color=95 lidar=4 pose=1340 odom=1340 yolo=23 depth_pose_sync=0 lidar_pose_sync=0 depth_odom_sync=0 lidar_odom_sync=0
[lvdot_detector_main-7] [INFO] [1776908470.181054563] [lvdot_detector_node]: Stage timers: detection=89 lidar_detection=285 tracking=880 classification=878 vis=792
[lvdot_detector_main-7] [INFO] [1776908470.181100012] [lvdot_detector_node]: Processing phases: detection=run_core lidar_detection=run_lidar_detector/project tracking=waiting_filtered_bboxes classification=idle
[lvdot_detector_main-7] [INFO] [1776908470.181115385] [lvdot_detector_node]: Pipeline stats: depth_samples=110/71300 u_map=4 depth_boxes=0 u_map_merge=0 u_map_db=0 u_map_visual=0 u_map_fused=0 u_map_filtered=0 lidar_samples=3427/152067 uv=0 db=1 lidar=1 fused=1 filtered=1 tracks=0 dynamic=0 dyn_points=0 raw_dyn_points=0 service=0/0 split=1->0 (1 outputs) fusion_components=1 visual_only=0 lidar_only=1 fixed_size=0 size_reject=0
[uav_trajectory_controller-4] [WARN] [1776908476.838297693] [uav_trajectory_controller]: SetEntityPose request timed out after 1.74s on /world/pedestrian_prototype/set_pose; dropping the pending request and retrying.
[lvdot_detector_main-7] [INFO] [1776908477.904724878] [lvdot_detector_node]: Input health: depth=87 color=123 lidar=4 pose=1626 odom=1627 yolo=27 depth_pose_sync=0 lidar_pose_sync=0 depth_odom_sync=0 lidar_odom_sync=0
[lvdot_detector_main-7] [INFO] [1776908477.904789690] [lvdot_detector_node]: Stage timers: detection=94 lidar_detection=292 tracking=1058 classification=1051 vis=955
[lvdot_detector_main-7] [INFO] [1776908477.904800753] [lvdot_detector_node]: Processing phases: detection=run_core lidar_detection=waiting_new_lidar tracking=waiting_filtered_bboxes classification=idle
[lvdot_detector_main-7] [INFO] [1776908477.904809663] [lvdot_detector_node]: Pipeline stats: depth_samples=105/71300 u_map=0 depth_boxes=0 u_map_merge=0 u_map_db=0 u_map_visual=0 u_map_fused=0 u_map_filtered=0 lidar_samples=3257/121694 uv=0 db=1 lidar=0 fused=0 filtered=0 tracks=0 dynamic=0 dyn_points=0 raw_dyn_points=0 service=0/0 split=0->0 (0 outputs) fusion_components=0 visual_only=0 lidar_only=0 fixed_size=0 size_reject=0
[lvdot_detector_main-7] [INFO] [1776908483.911794610] [lvdot_detector_node]: Input health: depth=93 color=155 lidar=4 pose=1914 odom=1914 yolo=32 depth_pose_sync=0 lidar_pose_sync=0 depth_odom_sync=0 lidar_odom_sync=0
[lvdot_detector_main-7] [INFO] [1776908483.911856768] [lvdot_detector_node]: Stage timers: detection=99 lidar_detection=472 tracking=1237 classification=1227 vis=1115
[lvdot_detector_main-7] [INFO] [1776908483.911869467] [lvdot_detector_node]: Processing phases: detection=run_core lidar_detection=waiting_new_lidar tracking=waiting_filtered_bboxes classification=idle
[lvdot_detector_main-7] [INFO] [1776908483.911879397] [lvdot_detector_node]: Pipeline stats: depth_samples=105/71300 u_map=2 depth_boxes=0 u_map_merge=0 u_map_db=0 u_map_visual=0 u_map_fused=0 u_map_filtered=0 lidar_samples=3257/121694 uv=0 db=1 lidar=0 fused=0 filtered=0 tracks=0 dynamic=0 dyn_points=0 raw_dyn_points=0 service=0/0 split=0->0 (0 outputs) fusion_components=0 visual_only=0 lidar_only=0 fixed_size=0 size_reject=0
[lvdot_detector_main-7] [INFO] [1776908489.905224705] [lvdot_detector_node]: Input health: depth=115 color=175 lidar=4 pose=2199 odom=2199 yolo=37 depth_pose_sync=0 lidar_pose_sync=0 depth_odom_sync=0 lidar_odom_sync=0
[lvdot_detector_main-7] [INFO] [1776908489.905287804] [lvdot_detector_node]: Stage timers: detection=103 lidar_detection=653 tracking=1417 classification=1406 vis=1273
[lvdot_detector_main-7] [INFO] [1776908489.905304115] [lvdot_detector_node]: Processing phases: detection=run_core lidar_detection=waiting_new_lidar tracking=waiting_filtered_bboxes classification=idle
[lvdot_detector_main-7] [INFO] [1776908489.905315207] [lvdot_detector_node]: Pipeline stats: depth_samples=117/71300 u_map=3 depth_boxes=0 u_map_merge=0 u_map_db=0 u_map_visual=0 u_map_fused=0 u_map_filtered=0 lidar_samples=3257/121694 uv=0 db=1 lidar=0 fused=0 filtered=0 tracks=0 dynamic=0 dyn_points=0 raw_dyn_points=0 service=0/0 split=0->0 (0 outputs) fusion_components=0 visual_only=0 lidar_only=0 fixed_size=0 size_reject=0
[lvdot_detector_main-7] [INFO] [1776908495.903917913] [lvdot_detector_node]: Input health: depth=133 color=196 lidar=4 pose=2448 odom=2452 yolo=41 depth_pose_sync=0 lidar_pose_sync=0 depth_odom_sync=0 lidar_odom_sync=0
[lvdot_detector_main-7] [INFO] [1776908495.903999664] [lvdot_detector_node]: Stage timers: detection=110 lidar_detection=811 tracking=1568 classification=1564 vis=1403
[lvdot_detector_main-7] [INFO] [1776908495.904049972] [lvdot_detector_node]: Processing phases: detection=run_core lidar_detection=waiting_new_lidar tracking=waiting_filtered_bboxes classification=idle
[lvdot_detector_main-7] [INFO] [1776908495.904062739] [lvdot_detector_node]: Pipeline stats: depth_samples=165/71300 u_map=5 depth_boxes=0 u_map_merge=0 u_map_db=0 u_map_visual=0 u_map_fused=0 u_map_filtered=0 lidar_samples=3257/121694 uv=0 db=4 lidar=0 fused=0 filtered=0 tracks=0 dynamic=0 dyn_points=0 raw_dyn_points=0 service=0/0 split=0->0 (0 outputs) fusion_components=0 visual_only=0 lidar_only=0 fixed_size=0 size_reject=0
[lvdot_detector_main-7] [INFO] [1776908501.939104037] [lvdot_detector_node]: Input health: depth=140 color=211 lidar=4 pose=2736 odom=2740 yolo=45 depth_pose_sync=0 lidar_pose_sync=0 depth_odom_sync=0 lidar_odom_sync=0
[lvdot_detector_main-7] [INFO] [1776908501.939175635] [lvdot_detector_node]: Stage timers: detection=114 lidar_detection=990 tracking=1745 classification=1739 vis=1567
[lvdot_detector_main-7] [INFO] [1776908501.939193273] [lvdot_detector_node]: Processing phases: detection=idle lidar_detection=waiting_new_lidar tracking=waiting_filtered_bboxes classification=idle
[lvdot_detector_main-7] [INFO] [1776908501.939205381] [lvdot_detector_node]: Pipeline stats: depth_samples=44/71300 u_map=1 depth_boxes=0 u_map_merge=0 u_map_db=0 u_map_visual=0 u_map_fused=0 u_map_filtered=0 lidar_samples=3257/121694 uv=0 db=1 lidar=0 fused=0 filtered=0 tracks=0 dynamic=0 dyn_points=0 raw_dyn_points=0 service=0/0 split=0->0 (0 outputs) fusion_components=0 visual_only=0 lidar_only=0 fixed_size=0 size_reject=0
[lvdot_detector_main-7] [INFO] [1776908507.907695982] [lvdot_detector_node]: Input health: depth=154 color=225 lidar=4 pose=3027 odom=3031 yolo=49 depth_pose_sync=0 lidar_pose_sync=0 depth_odom_sync=0 lidar_odom_sync=0
[lvdot_detector_main-7] [INFO] [1776908507.907763004] [lvdot_detector_node]: Stage timers: detection=118 lidar_detection=1169 tracking=1925 classification=1914 vis=1722
[lvdot_detector_main-7] [INFO] [1776908507.907773777] [lvdot_detector_node]: Processing phases: detection=run_core lidar_detection=waiting_new_lidar tracking=waiting_filtered_bboxes classification=idle
[lvdot_detector_main-7] [INFO] [1776908507.907782834] [lvdot_detector_node]: Pipeline stats: depth_samples=168/71300 u_map=1 depth_boxes=0 u_map_merge=0 u_map_db=0 u_map_visual=0 u_map_fused=0 u_map_filtered=0 lidar_samples=3257/121694 uv=0 db=2 lidar=0 fused=0 filtered=0 tracks=0 dynamic=0 dyn_points=0 raw_dyn_points=0 service=0/0 split=0->0 (0 outputs) fusion_components=0 visual_only=0 lidar_only=0 fixed_size=0 size_reject=0
[uav_trajectory_controller-4] [WARN] [1776908510.972222313] [uav_trajectory_controller]: SetEntityPose request timed out after 1.63s on /world/pedestrian_prototype/set_pose; dropping the pending request and retrying.
[lvdot_detector_main-7] [INFO] [1776908513.524308095] [lvdot_detector_node]: Input health: depth=162 color=229 lidar=4 pose=3216 odom=3220 yolo=53 depth_pose_sync=0 lidar_pose_sync=0 depth_odom_sync=0 lidar_odom_sync=0
[lvdot_detector_main-7] [INFO] [1776908513.524455449] [lvdot_detector_node]: Stage timers: detection=121 lidar_detection=1284 tracking=2044 classification=2028 vis=1818
[lvdot_detector_main-7] [INFO] [1776908513.524477992] [lvdot_detector_node]: Processing phases: detection=run_core lidar_detection=waiting_new_lidar tracking=waiting_filtered_bboxes classification=idle
[lvdot_detector_main-7] [INFO] [1776908513.524493666] [lvdot_detector_node]: Pipeline stats: depth_samples=105/71300 u_map=4 depth_boxes=0 u_map_merge=0 u_map_db=0 u_map_visual=0 u_map_fused=0 u_map_filtered=0 lidar_samples=3257/121694 uv=0 db=0 lidar=0 fused=0 filtered=0 tracks=0 dynamic=0 dyn_points=0 raw_dyn_points=0 service=0/0 split=0->0 (0 outputs) fusion_components=0 visual_only=0 lidar_only=0 fixed_size=0 size_reject=0
[lvdot_detector_main-7] [INFO] [1776908519.527409394] [lvdot_detector_node]: Input health: depth=178 color=253 lidar=4 pose=3501 odom=3506 yolo=58 depth_pose_sync=0 lidar_pose_sync=0 depth_odom_sync=0 lidar_odom_sync=0
[lvdot_detector_main-7] [INFO] [1776908519.527478623] [lvdot_detector_node]: Stage timers: detection=125 lidar_detection=1462 tracking=2220 classification=2205 vis=1971
[lvdot_detector_main-7] [INFO] [1776908519.527496306] [lvdot_detector_node]: Processing phases: detection=run_core lidar_detection=waiting_new_lidar tracking=waiting_filtered_bboxes classification=idle
[lvdot_detector_main-7] [INFO] [1776908519.527507876] [lvdot_detector_node]: Pipeline stats: depth_samples=178/71300 u_map=4 depth_boxes=0 u_map_merge=0 u_map_db=0 u_map_visual=0 u_map_fused=0 u_map_filtered=0 lidar_samples=3257/121694 uv=0 db=2 lidar=0 fused=0 filtered=0 tracks=0 dynamic=0 dyn_points=0 raw_dyn_points=0 service=0/0 split=0->0 (0 outputs) fusion_components=0 visual_only=0 lidar_only=0 fixed_size=0 size_reject=0
[lvdot_detector_main-7] [INFO] [1776908525.527527610] [lvdot_detector_node]: Input health: depth=189 color=281 lidar=8 pose=3786 odom=3790 yolo=63 depth_pose_sync=0 lidar_pose_sync=0 depth_odom_sync=0 lidar_odom_sync=0
[lvdot_detector_main-7] [INFO] [1776908525.527581883] [lvdot_detector_node]: Stage timers: detection=129 lidar_detection=1471 tracking=2400 classification=2384 vis=2125
[lvdot_detector_main-7] [INFO] [1776908525.527592324] [lvdot_detector_node]: Processing phases: detection=run_core lidar_detection=run_lidar_detector/dbscan tracking=waiting_filtered_bboxes classification=idle
[lvdot_detector_main-7] [INFO] [1776908525.527602295] [lvdot_detector_node]: Pipeline stats: depth_samples=153/71300 u_map=2 depth_boxes=0 u_map_merge=0 u_map_db=0 u_map_visual=0 u_map_fused=0 u_map_filtered=0 lidar_samples=3257/121694 uv=0 db=2 lidar=0 fused=0 filtered=0 tracks=0 dynamic=0 dyn_points=0 raw_dyn_points=0 service=0/0 split=0->0 (0 outputs) fusion_components=0 visual_only=0 lidar_only=0 fixed_size=0 size_reject=0
[lvdot_detector_main-7] [INFO] [1776908531.525228055] [lvdot_detector_node]: Input health: depth=193 color=300 lidar=8 pose=4055 odom=4060 yolo=68 depth_pose_sync=0 lidar_pose_sync=0 depth_odom_sync=0 lidar_odom_sync=0
[lvdot_detector_main-7] [INFO] [1776908531.525291646] [lvdot_detector_node]: Stage timers: detection=134 lidar_detection=1472 tracking=2571 classification=2551 vis=2274
[lvdot_detector_main-7] [INFO] [1776908531.525303103] [lvdot_detector_node]: Processing phases: detection=run_core lidar_detection=run_lidar_detector/dbscan tracking=waiting_filtered_bboxes classification=idle
[lvdot_detector_main-7] [INFO] [1776908531.525311983] [lvdot_detector_node]: Pipeline stats: depth_samples=182/71300 u_map=3 depth_boxes=0 u_map_merge=0 u_map_db=0 u_map_visual=0 u_map_fused=0 u_map_filtered=0 lidar_samples=3296/123432 uv=0 db=3 lidar=1 fused=2 filtered=2 tracks=0 dynamic=0 dyn_points=0 raw_dyn_points=0 service=0/0 split=2->0 (2 outputs) fusion_components=2 visual_only=1 lidar_only=1 fixed_size=0 size_reject=0
[lvdot_detector_main-7] [INFO] [1776908537.583763548] [lvdot_detector_node]: Input health: depth=204 color=319 lidar=8 pose=4342 odom=4347 yolo=73 depth_pose_sync=0 lidar_pose_sync=0 depth_odom_sync=0 lidar_odom_sync=0
[lvdot_detector_main-7] [INFO] [1776908537.583826002] [lvdot_detector_node]: Stage timers: detection=138 lidar_detection=1475 tracking=2745 classification=2729 vis=2421
[lvdot_detector_main-7] [INFO] [1776908537.583836029] [lvdot_detector_node]: Processing phases: detection=run_core lidar_detection=waiting_new_lidar tracking=waiting_filtered_bboxes classification=snapshot
[lvdot_detector_main-7] [INFO] [1776908537.583844910] [lvdot_detector_node]: Pipeline stats: depth_samples=130/71300 u_map=3 depth_boxes=0 u_map_merge=0 u_map_db=0 u_map_visual=0 u_map_fused=0 u_map_filtered=0 lidar_samples=3335/129844 uv=0 db=1 lidar=0 fused=0 filtered=0 tracks=0 dynamic=0 dyn_points=0 raw_dyn_points=0 service=0/0 split=0->0 (0 outputs) fusion_components=0 visual_only=0 lidar_only=0 fixed_size=0 size_reject=0
[lvdot_detector_main-7] [INFO] [1776908545.323401106] [lvdot_detector_node]: Input health: depth=212 color=336 lidar=8 pose=4623 odom=4630 yolo=78 depth_pose_sync=0 lidar_pose_sync=0 depth_odom_sync=0 lidar_odom_sync=0
[lvdot_detector_main-7] [INFO] [1776908545.323472004] [lvdot_detector_node]: Stage timers: detection=142 lidar_detection=1632 tracking=2905 classification=2886 vis=2532
[lvdot_detector_main-7] [INFO] [1776908545.323486659] [lvdot_detector_node]: Processing phases: detection=run_core lidar_detection=waiting_new_lidar tracking=waiting_filtered_bboxes classification=idle
[lvdot_detector_main-7] [INFO] [1776908545.323497551] [lvdot_detector_node]: Pipeline stats: depth_samples=125/71300 u_map=0 depth_boxes=0 u_map_merge=0 u_map_db=0 u_map_visual=0 u_map_fused=0 u_map_filtered=0 lidar_samples=3335/129844 uv=0 db=2 lidar=0 fused=0 filtered=0 tracks=0 dynamic=0 dyn_points=0 raw_dyn_points=0 service=0/0 split=0->0 (0 outputs) fusion_components=0 visual_only=0 lidar_only=0 fixed_size=0 size_reject=0
[lvdot_detector_main-7] [INFO] [1776908551.247926679] [lvdot_detector_node]: Input health: depth=224 color=350 lidar=8 pose=4892 odom=4898 yolo=81 depth_pose_sync=0 lidar_pose_sync=0 depth_odom_sync=0 lidar_odom_sync=0
[lvdot_detector_main-7] [INFO] [1776908551.248422131] [lvdot_detector_node]: Stage timers: detection=146 lidar_detection=1803 tracking=3070 classification=3051 vis=2665
[lvdot_detector_main-7] [INFO] [1776908551.248439604] [lvdot_detector_node]: Processing phases: detection=run_core lidar_detection=waiting_new_lidar tracking=snapshot classification=idle
[lvdot_detector_main-7] [INFO] [1776908551.248452685] [lvdot_detector_node]: Pipeline stats: depth_samples=114/71300 u_map=5 depth_boxes=0 u_map_merge=0 u_map_db=0 u_map_visual=0 u_map_fused=0 u_map_filtered=0 lidar_samples=3335/129844 uv=0 db=2 lidar=0 fused=0 filtered=0 tracks=0 dynamic=0 dyn_points=0 raw_dyn_points=0 service=0/0 split=0->0 (0 outputs) fusion_components=0 visual_only=0 lidar_only=0 fixed_size=0 size_reject=0
[lvdot_detector_main-7] [INFO] [1776908557.256628793] [lvdot_detector_node]: Input health: depth=237 color=362 lidar=8 pose=5167 odom=5174 yolo=86 depth_pose_sync=0 lidar_pose_sync=0 depth_odom_sync=0 lidar_odom_sync=0
[lvdot_detector_main-7] [INFO] [1776908557.256700022] [lvdot_detector_node]: Stage timers: detection=150 lidar_detection=1972 tracking=3239 classification=3216 vis=2805
[lvdot_detector_main-7] [INFO] [1776908557.256735350] [lvdot_detector_node]: Processing phases: detection=run_core lidar_detection=waiting_new_lidar tracking=waiting_filtered_bboxes classification=idle
[lvdot_detector_main-7] [INFO] [1776908557.256765522] [lvdot_detector_node]: Pipeline stats: depth_samples=128/71300 u_map=0 depth_boxes=0 u_map_merge=0 u_map_db=0 u_map_visual=0 u_map_fused=0 u_map_filtered=0 lidar_samples=3335/129844 uv=0 db=3 lidar=0 fused=0 filtered=0 tracks=0 dynamic=0 dyn_points=0 raw_dyn_points=0 service=0/0 split=0->0 (0 outputs) fusion_components=0 visual_only=0 lidar_only=0 fixed_size=0 size_reject=0
[lvdot_detector_main-7] [INFO] [1776908563.246748814] [lvdot_detector_node]: Input health: depth=244 color=375 lidar=8 pose=5438 odom=5444 yolo=91 depth_pose_sync=0 lidar_pose_sync=0 depth_odom_sync=0 lidar_odom_sync=0
[lvdot_detector_main-7] [INFO] [1776908563.246818915] [lvdot_detector_node]: Stage timers: detection=154 lidar_detection=2132 tracking=3402 classification=3380 vis=2923
[lvdot_detector_main-7] [INFO] [1776908563.246835253] [lvdot_detector_node]: Processing phases: detection=run_core lidar_detection=waiting_new_lidar tracking=waiting_filtered_bboxes classification=idle
[lvdot_detector_main-7] [INFO] [1776908563.246847696] [lvdot_detector_node]: Pipeline stats: depth_samples=114/71300 u_map=2 depth_boxes=0 u_map_merge=0 u_map_db=0 u_map_visual=0 u_map_fused=0 u_map_filtered=0 lidar_samples=3335/129844 uv=0 db=2 lidar=0 fused=0 filtered=0 tracks=0 dynamic=0 dyn_points=0 raw_dyn_points=0 service=0/0 split=0->0 (0 outputs) fusion_components=0 visual_only=0 lidar_only=0 fixed_size=0 size_reject=0
[lvdot_detector_main-7] [INFO] [1776908569.248094428] [lvdot_detector_node]: Input health: depth=248 color=406 lidar=8 pose=5703 odom=5710 yolo=94 depth_pose_sync=0 lidar_pose_sync=0 depth_odom_sync=0 lidar_odom_sync=0
[lvdot_detector_main-7] [INFO] [1776908569.248163461] [lvdot_detector_node]: Stage timers: detection=157 lidar_detection=2299 tracking=3569 classification=3546 vis=3050
[lvdot_detector_main-7] [INFO] [1776908569.248178738] [lvdot_detector_node]: Processing phases: detection=run_core lidar_detection=waiting_new_lidar tracking=waiting_filtered_bboxes classification=idle
[lvdot_detector_main-7] [INFO] [1776908569.248189909] [lvdot_detector_node]: Pipeline stats: depth_samples=125/71300 u_map=2 depth_boxes=0 u_map_merge=0 u_map_db=0 u_map_visual=0 u_map_fused=0 u_map_filtered=0 lidar_samples=3335/129844 uv=0 db=2 lidar=0 fused=0 filtered=0 tracks=0 dynamic=0 dyn_points=0 raw_dyn_points=0 service=0/0 split=0->0 (0 outputs) fusion_components=0 visual_only=0 lidar_only=0 fixed_size=0 size_reject=0
[lvdot_detector_main-7] [INFO] [1776908575.246840899] [lvdot_detector_node]: Input health: depth=252 color=422 lidar=8 pose=5991 odom=5998 yolo=99 depth_pose_sync=0 lidar_pose_sync=0 depth_odom_sync=0 lidar_odom_sync=0
[lvdot_detector_main-7] [INFO] [1776908575.246897424] [lvdot_detector_node]: Stage timers: detection=161 lidar_detection=2473 tracking=3746 classification=3719 vis=3191
[lvdot_detector_main-7] [INFO] [1776908575.246908499] [lvdot_detector_node]: Processing phases: detection=run_core lidar_detection=waiting_new_lidar tracking=waiting_filtered_bboxes classification=idle
[lvdot_detector_main-7] [INFO] [1776908575.246917188] [lvdot_detector_node]: Pipeline stats: depth_samples=125/71300 u_map=0 depth_boxes=0 u_map_merge=0 u_map_db=0 u_map_visual=0 u_map_fused=0 u_map_filtered=0 lidar_samples=3335/129844 uv=0 db=2 lidar=0 fused=0 filtered=0 tracks=0 dynamic=0 dyn_points=0 raw_dyn_points=0 service=0/0 split=0->0 (0 outputs) fusion_components=0 visual_only=0 lidar_only=0 fixed_size=0 size_reject=0
[lvdot_detector_main-7] [INFO] [1776908580.952779675] [lvdot_detector_node]: Input health: depth=257 color=437 lidar=9 pose=6183 odom=6190 yolo=103 depth_pose_sync=0 lidar_pose_sync=0 depth_odom_sync=0 lidar_odom_sync=0
[lvdot_detector_main-7] [INFO] [1776908580.958061309] [lvdot_detector_node]: Stage timers: detection=164 lidar_detection=2529 tracking=3863 classification=3834 vis=3292
[lvdot_detector_main-7] [INFO] [1776908580.958093486] [lvdot_detector_node]: Processing phases: detection=run_core lidar_detection=run_lidar_detector/project tracking=waiting_filtered_bboxes classification=idle
[lvdot_detector_main-7] [INFO] [1776908580.958125377] [lvdot_detector_node]: Pipeline stats: depth_samples=179/71300 u_map=2 depth_boxes=0 u_map_merge=0 u_map_db=0 u_map_visual=0 u_map_fused=0 u_map_filtered=0 lidar_samples=3335/129844 uv=0 db=1 lidar=0 fused=0 filtered=0 tracks=0 dynamic=0 dyn_points=0 raw_dyn_points=0 service=0/0 split=0->0 (0 outputs) fusion_components=0 visual_only=0 lidar_only=0 fixed_size=0 size_reject=0
[lvdot_detector_main-7] [INFO] [1776908586.969277322] [lvdot_detector_node]: Input health: depth=278 color=460 lidar=9 pose=6470 odom=6477 yolo=108 depth_pose_sync=0 lidar_pose_sync=0 depth_odom_sync=0 lidar_odom_sync=0
[lvdot_detector_main-7] [INFO] [1776908586.969348725] [lvdot_detector_node]: Stage timers: detection=168 lidar_detection=2529 tracking=4040 classification=4010 vis=3439
[lvdot_detector_main-7] [INFO] [1776908586.969359273] [lvdot_detector_node]: Processing phases: detection=run_core lidar_detection=run_lidar_detector/dbscan tracking=waiting_filtered_bboxes classification=idle
[lvdot_detector_main-7] [INFO] [1776908586.969368379] [lvdot_detector_node]: Pipeline stats: depth_samples=109/71300 u_map=3 depth_boxes=0 u_map_merge=0 u_map_db=0 u_map_visual=0 u_map_fused=0 u_map_filtered=0 lidar_samples=3335/129844 uv=0 db=1 lidar=0 fused=0 filtered=0 tracks=0 dynamic=0 dyn_points=0 raw_dyn_points=0 service=0/0 split=0->0 (0 outputs) fusion_components=0 visual_only=0 lidar_only=0 fixed_size=0 size_reject=0
[lvdot_detector_main-7] [INFO] [1776908592.955940913] [lvdot_detector_node]: Input health: depth=292 color=490 lidar=9 pose=6758 odom=6765 yolo=113 depth_pose_sync=0 lidar_pose_sync=0 depth_odom_sync=0 lidar_odom_sync=0
[lvdot_detector_main-7] [INFO] [1776908592.956025701] [lvdot_detector_node]: Stage timers: detection=173 lidar_detection=2657 tracking=4211 classification=4177 vis=3581
[lvdot_detector_main-7] [INFO] [1776908592.956041169] [lvdot_detector_node]: Processing phases: detection=run_core lidar_detection=waiting_new_lidar tracking=waiting_filtered_bboxes classification=idle
[lvdot_detector_main-7] [INFO] [1776908592.956058833] [lvdot_detector_node]: Pipeline stats: depth_samples=105/71300 u_map=0 depth_boxes=0 u_map_merge=0 u_map_db=0 u_map_visual=0 u_map_fused=0 u_map_filtered=0 lidar_samples=3004/128047 uv=0 db=1 lidar=0 fused=0 filtered=0 tracks=0 dynamic=0 dyn_points=0 raw_dyn_points=0 service=0/0 split=0->0 (0 outputs) fusion_components=0 visual_only=0 lidar_only=0 fixed_size=0 size_reject=0
[lvdot_detector_main-7] [INFO] [1776908598.966743716] [lvdot_detector_node]: Input health: depth=302 color=515 lidar=10 pose=7037 odom=7044 yolo=117 depth_pose_sync=0 lidar_pose_sync=0 depth_odom_sync=0 lidar_odom_sync=0
[lvdot_detector_main-7] [INFO] [1776908598.966845578] [lvdot_detector_node]: Stage timers: detection=177 lidar_detection=2813 tracking=4380 classification=4350 vis=3730
[lvdot_detector_main-7] [INFO] [1776908598.966873910] [lvdot_detector_node]: Processing phases: detection=run_core lidar_detection=run_lidar_detector/project tracking=waiting_filtered_bboxes classification=idle
[lvdot_detector_main-7] [INFO] [1776908598.966885376] [lvdot_detector_node]: Pipeline stats: depth_samples=156/71300 u_map=3 depth_boxes=0 u_map_merge=0 u_map_db=0 u_map_visual=0 u_map_fused=0 u_map_filtered=0 lidar_samples=3004/128047 uv=0 db=1 lidar=0 fused=0 filtered=0 tracks=0 dynamic=0 dyn_points=0 raw_dyn_points=0 service=0/0 split=0->0 (0 outputs) fusion_components=0 visual_only=0 lidar_only=0 fixed_size=0 size_reject=0
[lvdot_detector_main-7] [INFO] [1776908604.950610104] [lvdot_detector_node]: Input health: depth=310 color=539 lidar=10 pose=7323 odom=7330 yolo=122 depth_pose_sync=0 lidar_pose_sync=0 depth_odom_sync=0 lidar_odom_sync=0
[lvdot_detector_main-7] [INFO] [1776908604.950677235] [lvdot_detector_node]: Stage timers: detection=180 lidar_detection=2813 tracking=4558 classification=4529 vis=3887
[lvdot_detector_main-7] [INFO] [1776908604.950694423] [lvdot_detector_node]: Processing phases: detection=run_core lidar_detection=run_lidar_detector/dbscan tracking=waiting_filtered_bboxes classification=idle
[lvdot_detector_main-7] [INFO] [1776908604.950706265] [lvdot_detector_node]: Pipeline stats: depth_samples=117/71300 u_map=2 depth_boxes=0 u_map_merge=0 u_map_db=0 u_map_visual=0 u_map_fused=0 u_map_filtered=0 lidar_samples=3004/128047 uv=0 db=0 lidar=0 fused=0 filtered=0 tracks=0 dynamic=0 dyn_points=0 raw_dyn_points=0 service=0/0 split=0->0 (0 outputs) fusion_components=0 visual_only=0 lidar_only=0 fixed_size=0 size_reject=0
[lvdot_detector_main-7] [INFO] [1776908610.950497334] [lvdot_detector_node]: Input health: depth=321 color=562 lidar=10 pose=7565 odom=7574 yolo=127 depth_pose_sync=0 lidar_pose_sync=0 depth_odom_sync=0 lidar_odom_sync=0
[lvdot_detector_main-7] [INFO] [1776908610.950573778] [lvdot_detector_node]: Stage timers: detection=184 lidar_detection=2907 tracking=4703 classification=4672 vis=3997
[lvdot_detector_main-7] [INFO] [1776908610.950591602] [lvdot_detector_node]: Processing phases: detection=run_core lidar_detection=waiting_new_lidar tracking=waiting_filtered_bboxes classification=idle
[lvdot_detector_main-7] [INFO] [1776908610.950604673] [lvdot_detector_node]: Pipeline stats: depth_samples=125/71300 u_map=3 depth_boxes=0 u_map_merge=0 u_map_db=0 u_map_visual=0 u_map_fused=0 u_map_filtered=0 lidar_samples=3437/121541 uv=0 db=2 lidar=0 fused=0 filtered=0 tracks=0 dynamic=0 dyn_points=0 raw_dyn_points=0 service=0/0 split=0->0 (0 outputs) fusion_components=0 visual_only=0 lidar_only=0 fixed_size=0 size_reject=0
[lvdot_detector_main-7] [INFO] [1776908614.930973287] [lvdot_detector_node]: get_dynamic_obstacles responded with 0 obstacles from 0 tracked dynamic boxes.
