[INFO] [launch]: All log files can be found below /home/skbt2/.ros/log/2026-04-24-11-16-54-583029-DESKTOP-90MQDL6-61432
[INFO] [launch]: Default logging verbosity is set to INFO
[INFO] [gazebo-1]: process started with pid [61484]
[INFO] [parameter_bridge-2]: process started with pid [61485]
[INFO] [pedestrian_state_publisher-3]: process started with pid [61486]
[INFO] [uav_trajectory_controller-4]: process started with pid [61487]
[INFO] [image_pointcloud_relay-5]: process started with pid [61488]
[INFO] [image_pointcloud_relay-6]: process started with pid [61489]
[INFO] [lvdot_yolo_node-7]: process started with pid [61490]
[INFO] [lvdot_detector_main-8]: process started with pid [61491]
[parameter_bridge-2] [INFO] [1777000615.126138732] [ros_gz_bridge]: Creating GZ->ROS Bridge: [/rgbd_camera/image (gz.msgs.Image) -> /rgbd_camera/image (sensor_msgs/msg/Image)] (Lazy 0)
[parameter_bridge-2] [INFO] [1777000615.132807619] [ros_gz_bridge]: Creating GZ->ROS Bridge: [/rgbd_camera/camera_info (gz.msgs.CameraInfo) -> /rgbd_camera/camera_info (sensor_msgs/msg/CameraInfo)] (Lazy 0)
[parameter_bridge-2] [INFO] [1777000615.136453044] [ros_gz_bridge]: Creating GZ->ROS Bridge: [/rgbd_camera/depth_image (gz.msgs.Image) -> /rgbd_camera/depth_image (sensor_msgs/msg/Image)] (Lazy 0)
[lvdot_detector_main-8] [INFO] [1777000615.793402575] [lvdot_detector_node]: Config loaded: localization_mode=0 dt=0.033 image=640x480 depth_range=[0.50, 5.00] stage_timers=true vis_stage=false executor_threads=1
[parameter_bridge-2] [INFO] [1777000615.845473402] [ros_gz_bridge]: Creating GZ->ROS Bridge: [/rgbd_camera/points (gz.msgs.PointCloudPacked) -> /rgbd_camera/points (sensor_msgs/msg/PointCloud2)] (Lazy 0)
[parameter_bridge-2] [INFO] [1777000615.873865688] [ros_gz_bridge]: Creating GZ->ROS Bridge: [/camera/imu (gz.msgs.IMU) -> /camera/imu (sensor_msgs/msg/Imu)] (Lazy 0)
[parameter_bridge-2] [INFO] [1777000615.892490051] [ros_gz_bridge]: Creating ROS->GZ service bridge [/world/pedestrian_prototype/set_pose (ros_gz_interfaces/srv/SetEntityPose -> /)]
[lvdot_detector_main-8] [INFO] [1777000615.908852584] [lvdot_detector_node]: LV-DOT ROS2 skeleton started. depth=/camera/depth/image_rect_raw color=/camera/color/image_raw lidar=/pointcloud pose=/mavros/local_position/pose odom=/mavros/local_position/odom yolo=/yolo_detector/detected_bounding_boxes
[lvdot_detector_main-8] [INFO] [1777000615.908901902] [lvdot_detector_node]: Starting executor with executor_threads=1
[lvdot_detector_main-8] [WARN] [1777000615.908999539] [rclcpp]: MultiThreadedExecutor is used with a single thread.
[lvdot_detector_main-8] Use the SingleThreadedExecutor instead.
[parameter_bridge-2] [INFO] [1777000615.913049391] [ros_gz_bridge]: Creating ROS->GZ service bridge [/world/pedestrian_prototype/set_pose/blocking (ros_gz_interfaces/srv/SetEntityPose -> /)]
[gazebo-1] [INFO] [1777000617.781707821] [pedestrian_pose_sync_system]: Configured pedestrian pose sync plugin on topic [/pedestrian_sim/agent_states] for 8 models.
[lvdot_detector_main-8] [INFO] [1777000619.950141397] [lvdot_detector_node]: Input health: depth=2 color=3 lidar=0 pose=4 odom=3 yolo=0 depth_pose_sync=0 lidar_pose_sync=0 depth_odom_sync=0 lidar_odom_sync=0
[lvdot_detector_main-8] [INFO] [1777000619.951850263] [lvdot_detector_node]: Stage timers: detection=9 lidar_detection=9 tracking=9 classification=9 vis=0
[lvdot_detector_main-8] [INFO] [1777000619.951893863] [lvdot_detector_node]: Processing phases: detection=idle lidar_detection=waiting_new_lidar tracking=idle classification=idle
[lvdot_detector_main-8] [INFO] [1777000619.951908262] [lvdot_detector_node]: Pipeline stats: depth_samples=1381/71300 u_map=1 depth_boxes=0 u_map_merge=0 u_map_db=0 u_map_visual=0 u_map_fused=0 u_map_filtered=0 lidar_samples=0/0 uv=1 db=10 lidar=0 fused=1 filtered=1 tracks=2 dynamic=0 dyn_points=0 raw_dyn_points=0 service=0/0 split=1->0 (1 outputs) fusion_components=1 visual_only=1 lidar_only=0 yolo_in=0 yolo_match3d=0 yolo_match_det=0 yolo_human=0 fixed_size=0 size_reject=0
[lvdot_detector_main-8] [INFO] [1777000626.299047951] [lvdot_detector_node]: Input health: depth=7 color=8 lidar=0 pose=9 odom=8 yolo=4 depth_pose_sync=0 lidar_pose_sync=0 depth_odom_sync=0 lidar_odom_sync=0
[lvdot_detector_main-8] [INFO] [1777000626.299112579] [lvdot_detector_node]: Stage timers: detection=14 lidar_detection=14 tracking=14 classification=14 vis=0
[lvdot_detector_main-8] [INFO] [1777000626.299124266] [lvdot_detector_node]: Processing phases: detection=idle lidar_detection=waiting_new_lidar tracking=idle classification=idle
[lvdot_detector_main-8] [INFO] [1777000626.299133756] [lvdot_detector_node]: Pipeline stats: depth_samples=1410/71300 u_map=2 depth_boxes=0 u_map_merge=0 u_map_db=0 u_map_visual=0 u_map_fused=0 u_map_filtered=0 lidar_samples=0/0 uv=0 db=13 lidar=0 fused=0 filtered=0 tracks=2 dynamic=1 dyn_points=0 raw_dyn_points=0 service=0/0 split=0->0 (0 outputs) fusion_components=0 visual_only=0 lidar_only=0 yolo_in=3 yolo_match3d=0 yolo_match_det=0 yolo_human=0 fixed_size=0 size_reject=0
[lvdot_detector_main-8] [INFO] [1777000634.461206066] [lvdot_detector_node]: Input health: depth=13 color=14 lidar=0 pose=15 odom=14 yolo=7 depth_pose_sync=0 lidar_pose_sync=0 depth_odom_sync=0 lidar_odom_sync=0
[lvdot_detector_main-8] [INFO] [1777000634.461284297] [lvdot_detector_node]: Stage timers: detection=20 lidar_detection=20 tracking=20 classification=20 vis=0
[lvdot_detector_main-8] [INFO] [1777000634.461301482] [lvdot_detector_node]: Processing phases: detection=idle lidar_detection=waiting_new_lidar tracking=waiting_filtered_bboxes classification=waiting_new_tracking_update
[lvdot_detector_main-8] [INFO] [1777000634.461314570] [lvdot_detector_node]: Pipeline stats: depth_samples=1450/71300 u_map=2 depth_boxes=0 u_map_merge=0 u_map_db=0 u_map_visual=0 u_map_fused=0 u_map_filtered=0 lidar_samples=0/0 uv=1 db=11 lidar=0 fused=1 filtered=1 tracks=0 dynamic=0 dyn_points=0 raw_dyn_points=0 service=0/0 split=1->0 (1 outputs) fusion_components=1 visual_only=1 lidar_only=0 yolo_in=0 yolo_match3d=0 yolo_match_det=0 yolo_human=0 fixed_size=0 size_reject=0
[lvdot_detector_main-8] [INFO] [1777000643.341747791] [lvdot_detector_node]: Input health: depth=16 color=17 lidar=1 pose=18 odom=17 yolo=10 depth_pose_sync=0 lidar_pose_sync=0 depth_odom_sync=0 lidar_odom_sync=0
[lvdot_detector_main-8] [INFO] [1777000643.342314587] [lvdot_detector_node]: Stage timers: detection=23 lidar_detection=23 tracking=23 classification=23 vis=0
[lvdot_detector_main-8] [INFO] [1777000643.342333590] [lvdot_detector_node]: Processing phases: detection=idle lidar_detection=idle tracking=waiting_filtered_bboxes classification=idle
[lvdot_detector_main-8] [INFO] [1777000643.342346693] [lvdot_detector_node]: Pipeline stats: depth_samples=1322/71300 u_map=0 depth_boxes=0 u_map_merge=0 u_map_db=0 u_map_visual=0 u_map_fused=0 u_map_filtered=0 lidar_samples=3359/139636 uv=0 db=14 lidar=50 fused=50 filtered=50 tracks=0 dynamic=0 dyn_points=0 raw_dyn_points=0 service=0/0 split=50->0 (50 outputs) fusion_components=50 visual_only=0 lidar_only=50 yolo_in=3 yolo_match3d=0 yolo_match_det=0 yolo_human=0 fixed_size=0 size_reject=0
[lvdot_detector_main-8] [INFO] [1777000650.535659617] [lvdot_detector_node]: Input health: depth=21 color=22 lidar=1 pose=23 odom=22 yolo=15 depth_pose_sync=0 lidar_pose_sync=0 depth_odom_sync=0 lidar_odom_sync=0
[lvdot_detector_main-8] [INFO] [1777000650.535724995] [lvdot_detector_node]: Stage timers: detection=28 lidar_detection=28 tracking=28 classification=28 vis=0
[lvdot_detector_main-8] [INFO] [1777000650.535736391] [lvdot_detector_node]: Processing phases: detection=idle lidar_detection=waiting_new_lidar tracking=idle classification=idle
[lvdot_detector_main-8] [INFO] [1777000650.535745988] [lvdot_detector_node]: Pipeline stats: depth_samples=1423/71300 u_map=2 depth_boxes=0 u_map_merge=0 u_map_db=0 u_map_visual=0 u_map_fused=0 u_map_filtered=0 lidar_samples=3359/139636 uv=2 db=10 lidar=50 fused=52 filtered=52 tracks=51 dynamic=0 dyn_points=0 raw_dyn_points=0 service=0/0 split=52->0 (52 outputs) fusion_components=52 visual_only=2 lidar_only=50 yolo_in=3 yolo_match3d=1 yolo_match_det=1 yolo_human=1 fixed_size=0 size_reject=0
[lvdot_detector_main-8] [INFO] [1777000658.734941498] [lvdot_detector_node]: Input health: depth=26 color=27 lidar=1 pose=28 odom=27 yolo=20 depth_pose_sync=0 lidar_pose_sync=0 depth_odom_sync=0 lidar_odom_sync=0
[lvdot_detector_main-8] [INFO] [1777000658.735015171] [lvdot_detector_node]: Stage timers: detection=33 lidar_detection=33 tracking=33 classification=33 vis=0
[lvdot_detector_main-8] [INFO] [1777000658.735028166] [lvdot_detector_node]: Processing phases: detection=idle lidar_detection=waiting_new_lidar tracking=idle classification=idle
[lvdot_detector_main-8] [INFO] [1777000658.735038262] [lvdot_detector_node]: Pipeline stats: depth_samples=1341/71300 u_map=4 depth_boxes=0 u_map_merge=0 u_map_db=0 u_map_visual=0 u_map_fused=0 u_map_filtered=0 lidar_samples=3359/139636 uv=3 db=10 lidar=50 fused=53 filtered=53 tracks=51 dynamic=1 dyn_points=0 raw_dyn_points=0 service=0/0 split=53->0 (53 outputs) fusion_components=53 visual_only=3 lidar_only=50 yolo_in=2 yolo_match3d=0 yolo_match_det=0 yolo_human=0 fixed_size=50 size_reject=0
[lvdot_detector_main-8] [INFO] [1777000666.330574795] [lvdot_detector_node]: Input health: depth=31 color=32 lidar=1 pose=33 odom=32 yolo=25 depth_pose_sync=0 lidar_pose_sync=0 depth_odom_sync=0 lidar_odom_sync=0
[lvdot_detector_main-8] [INFO] [1777000666.333064096] [lvdot_detector_node]: Stage timers: detection=38 lidar_detection=38 tracking=38 classification=38 vis=0
[lvdot_detector_main-8] [INFO] [1777000666.333081107] [lvdot_detector_node]: Processing phases: detection=idle lidar_detection=waiting_new_lidar tracking=idle classification=idle
[lvdot_detector_main-8] [INFO] [1777000666.333090956] [lvdot_detector_node]: Pipeline stats: depth_samples=1349/71300 u_map=0 depth_boxes=0 u_map_merge=0 u_map_db=0 u_map_visual=0 u_map_fused=0 u_map_filtered=0 lidar_samples=3359/139636 uv=0 db=9 lidar=50 fused=50 filtered=50 tracks=50 dynamic=0 dyn_points=0 raw_dyn_points=0 service=0/0 split=50->0 (50 outputs) fusion_components=50 visual_only=0 lidar_only=50 yolo_in=3 yolo_match3d=0 yolo_match_det=0 yolo_human=0 fixed_size=50 size_reject=0
[lvdot_detector_main-8] [INFO] [1777000672.793949952] [lvdot_detector_node]: Input health: depth=35 color=36 lidar=1 pose=37 odom=36 yolo=29 depth_pose_sync=0 lidar_pose_sync=0 depth_odom_sync=0 lidar_odom_sync=0
[lvdot_detector_main-8] [INFO] [1777000672.795127455] [lvdot_detector_node]: Stage timers: detection=42 lidar_detection=42 tracking=42 classification=42 vis=0
[lvdot_detector_main-8] [INFO] [1777000672.795150403] [lvdot_detector_node]: Processing phases: detection=idle lidar_detection=waiting_new_lidar tracking=idle classification=idle
[lvdot_detector_main-8] [INFO] [1777000672.795162176] [lvdot_detector_node]: Pipeline stats: depth_samples=1534/71300 u_map=4 depth_boxes=0 u_map_merge=0 u_map_db=0 u_map_visual=0 u_map_fused=0 u_map_filtered=0 lidar_samples=3359/139636 uv=1 db=11 lidar=50 fused=51 filtered=51 tracks=51 dynamic=1 dyn_points=0 raw_dyn_points=0 service=0/0 split=51->0 (51 outputs) fusion_components=51 visual_only=1 lidar_only=50 yolo_in=7 yolo_match3d=1 yolo_match_det=1 yolo_human=1 fixed_size=50 size_reject=0
[lvdot_detector_main-8] [INFO] [1777000678.609044451] [lvdot_detector_node]: Input health: depth=39 color=40 lidar=1 pose=41 odom=40 yolo=33 depth_pose_sync=0 lidar_pose_sync=0 depth_odom_sync=0 lidar_odom_sync=0
[lvdot_detector_main-8] [INFO] [1777000678.610695363] [lvdot_detector_node]: Stage timers: detection=46 lidar_detection=46 tracking=46 classification=46 vis=0
[lvdot_detector_main-8] [INFO] [1777000678.610862064] [lvdot_detector_node]: Processing phases: detection=idle lidar_detection=waiting_new_lidar tracking=idle classification=idle
[lvdot_detector_main-8] [INFO] [1777000678.610941316] [lvdot_detector_node]: Pipeline stats: depth_samples=1252/71300 u_map=1 depth_boxes=0 u_map_merge=0 u_map_db=0 u_map_visual=0 u_map_fused=0 u_map_filtered=0 lidar_samples=3359/139636 uv=0 db=9 lidar=50 fused=50 filtered=50 tracks=51 dynamic=0 dyn_points=0 raw_dyn_points=0 service=0/0 split=50->0 (50 outputs) fusion_components=50 visual_only=0 lidar_only=50 yolo_in=5 yolo_match3d=0 yolo_match_det=0 yolo_human=0 fixed_size=50 size_reject=1
[lvdot_detector_main-8] [INFO] [1777000686.967183751] [lvdot_detector_node]: Input health: depth=41 color=42 lidar=2 pose=43 odom=42 yolo=35 depth_pose_sync=0 lidar_pose_sync=0 depth_odom_sync=0 lidar_odom_sync=0
[lvdot_detector_main-8] [INFO] [1777000686.968287397] [lvdot_detector_node]: Stage timers: detection=48 lidar_detection=48 tracking=48 classification=48 vis=0
[lvdot_detector_main-8] [INFO] [1777000686.968317008] [lvdot_detector_node]: Processing phases: detection=idle lidar_detection=idle tracking=idle classification=idle
[lvdot_detector_main-8] [INFO] [1777000686.968330459] [lvdot_detector_node]: Pipeline stats: depth_samples=1258/66470 u_map=4 depth_boxes=0 u_map_merge=0 u_map_db=0 u_map_visual=0 u_map_fused=0 u_map_filtered=0 lidar_samples=3321/174407 uv=1 db=9 lidar=20 fused=21 filtered=21 tracks=50 dynamic=0 dyn_points=0 raw_dyn_points=0 service=0/0 split=21->0 (21 outputs) fusion_components=21 visual_only=1 lidar_only=20 yolo_in=4 yolo_match3d=2 yolo_match_det=2 yolo_human=2 fixed_size=50 size_reject=0
[lvdot_detector_main-8] [WARN] [1777000687.078533758] [lvdot_detector_node.rclcpp]: failed to send response to /lvdot_detector_node/get_parameters (timeout): client will not receive response, at ./src/rmw_response.cpp:153, at ./src/rcl/service.c:400
[lvdot_detector_main-8] [INFO] [1777000688.814492168] [lvdot_detector_node]: get_dynamic_obstacles responded with 0 obstacles from 0 tracked dynamic boxes.
[lvdot_detector_main-8] [WARN] [1777000688.931310121] [lvdot_detector_node.rclcpp]: failed to send response to /onboard_detector/get_dynamic_obstacles (timeout): client will not receive response, at ./src/rmw_response.cpp:153, at ./src/rcl/service.c:400
[lvdot_detector_main-8] [INFO] [1777000694.644833511] [lvdot_detector_node]: Input health: depth=46 color=47 lidar=2 pose=48 odom=47 yolo=40 depth_pose_sync=0 lidar_pose_sync=0 depth_odom_sync=0 lidar_odom_sync=0
[lvdot_detector_main-8] [INFO] [1777000694.646211763] [lvdot_detector_node]: Stage timers: detection=53 lidar_detection=53 tracking=53 classification=53 vis=0
[lvdot_detector_main-8] [INFO] [1777000694.646233487] [lvdot_detector_node]: Processing phases: detection=idle lidar_detection=waiting_new_lidar tracking=idle classification=idle
[lvdot_detector_main-8] [INFO] [1777000694.646245192] [lvdot_detector_node]: Pipeline stats: depth_samples=1436/71300 u_map=3 depth_boxes=0 u_map_merge=0 u_map_db=0 u_map_visual=0 u_map_fused=0 u_map_filtered=0 lidar_samples=3321/174407 uv=1 db=12 lidar=20 fused=21 filtered=21 tracks=22 dynamic=0 dyn_points=0 raw_dyn_points=0 service=1/0 split=21->1 (21 outputs) fusion_components=21 visual_only=1 lidar_only=20 yolo_in=4 yolo_match3d=2 yolo_match_det=3 yolo_human=2 fixed_size=0 size_reject=0
[lvdot_detector_main-8] [INFO] [1777000696.271021076] [lvdot_detector_node]: get_dynamic_obstacles responded with 0 obstacles from 0 tracked dynamic boxes.
[lvdot_detector_main-8] [WARN] [1777000696.372743935] [lvdot_detector_node.rclcpp]: failed to send response to /onboard_detector/get_dynamic_obstacles (timeout): client will not receive response, at ./src/rmw_response.cpp:153, at ./src/rcl/service.c:400
[lvdot_detector_main-8] [INFO] [1777000701.106746890] [lvdot_detector_node]: Input health: depth=50 color=51 lidar=2 pose=52 odom=51 yolo=44 depth_pose_sync=0 lidar_pose_sync=0 depth_odom_sync=0 lidar_odom_sync=0
[lvdot_detector_main-8] [INFO] [1777000701.106847876] [lvdot_detector_node]: Stage timers: detection=57 lidar_detection=57 tracking=57 classification=57 vis=0
[lvdot_detector_main-8] [INFO] [1777000701.106860537] [lvdot_detector_node]: Processing phases: detection=idle lidar_detection=waiting_new_lidar tracking=idle classification=idle
[lvdot_detector_main-8] [INFO] [1777000701.106869908] [lvdot_detector_node]: Pipeline stats: depth_samples=1488/71300 u_map=3 depth_boxes=0 u_map_merge=0 u_map_db=0 u_map_visual=0 u_map_fused=0 u_map_filtered=0 lidar_samples=3321/174407 uv=2 db=13 lidar=20 fused=22 filtered=22 tracks=21 dynamic=1 dyn_points=0 raw_dyn_points=0 service=2/0 split=22->0 (22 outputs) fusion_components=22 visual_only=2 lidar_only=20 yolo_in=0 yolo_match3d=0 yolo_match_det=0 yolo_human=0 fixed_size=0 size_reject=0
[lvdot_detector_main-8] [INFO] [1777000702.534654717] [lvdot_detector_node]: get_dynamic_obstacles responded with 0 obstacles from 0 tracked dynamic boxes.
[lvdot_detector_main-8] [WARN] [1777000702.636918744] [lvdot_detector_node.rclcpp]: failed to send response to /onboard_detector/get_dynamic_obstacles (timeout): client will not receive response, at ./src/rmw_response.cpp:153, at ./src/rcl/service.c:400
[lvdot_detector_main-8] [INFO] [1777000708.837710219] [lvdot_detector_node]: Input health: depth=52 color=53 lidar=3 pose=54 odom=53 yolo=46 depth_pose_sync=0 lidar_pose_sync=0 depth_odom_sync=0 lidar_odom_sync=0
[lvdot_detector_main-8] [INFO] [1777000708.838673362] [lvdot_detector_node]: Stage timers: detection=59 lidar_detection=59 tracking=59 classification=59 vis=0
[lvdot_detector_main-8] [INFO] [1777000708.838756029] [lvdot_detector_node]: Processing phases: detection=idle lidar_detection=idle tracking=idle classification=idle
[lvdot_detector_main-8] [INFO] [1777000708.838766650] [lvdot_detector_node]: Pipeline stats: depth_samples=1550/71300 u_map=2 depth_boxes=0 u_map_merge=0 u_map_db=0 u_map_visual=0 u_map_fused=0 u_map_filtered=0 lidar_samples=3346/124688 uv=1 db=12 lidar=22 fused=23 filtered=23 tracks=21 dynamic=0 dyn_points=0 raw_dyn_points=0 service=3/0 split=23->0 (23 outputs) fusion_components=23 visual_only=1 lidar_only=22 yolo_in=1 yolo_match3d=1 yolo_match_det=1 yolo_human=1 fixed_size=20 size_reject=0
[lvdot_detector_main-8] [INFO] [1777000710.364031075] [lvdot_detector_node]: get_dynamic_obstacles responded with 0 obstacles from 0 tracked dynamic boxes.
[lvdot_detector_main-8] [WARN] [1777000710.473494194] [lvdot_detector_node.rclcpp]: failed to send response to /onboard_detector/get_dynamic_obstacles (timeout): client will not receive response, at ./src/rmw_response.cpp:153, at ./src/rcl/service.c:400
[lvdot_detector_main-8] [INFO] [1777000721.343514949] [lvdot_detector_node]: Input health: depth=57 color=58 lidar=4 pose=59 odom=58 yolo=51 depth_pose_sync=0 lidar_pose_sync=0 depth_odom_sync=0 lidar_odom_sync=0
[lvdot_detector_main-8] [INFO] [1777000721.344715490] [lvdot_detector_node]: Stage timers: detection=64 lidar_detection=64 tracking=64 classification=64 vis=0
[lvdot_detector_main-8] [INFO] [1777000721.345469890] [lvdot_detector_node]: Processing phases: detection=idle lidar_detection=waiting_new_lidar tracking=idle classification=idle
[lvdot_detector_main-8] [INFO] [1777000721.346077110] [lvdot_detector_node]: Pipeline stats: depth_samples=1386/67596 u_map=1 depth_boxes=0 u_map_merge=0 u_map_db=0 u_map_visual=0 u_map_fused=0 u_map_filtered=0 lidar_samples=3331/128089 uv=1 db=10 lidar=19 fused=20 filtered=20 tracks=19 dynamic=0 dyn_points=0 raw_dyn_points=0 service=4/0 split=20->0 (20 outputs) fusion_components=20 visual_only=1 lidar_only=19 yolo_in=0 yolo_match3d=0 yolo_match_det=0 yolo_human=0 fixed_size=0 size_reject=0
[lvdot_detector_main-8] [INFO] [1777000721.348813548] [lvdot_detector_node]: get_dynamic_obstacles responded with 0 obstacles from 0 tracked dynamic boxes.
[lvdot_detector_main-8] [WARN] [1777000721.450219435] [lvdot_detector_node.rclcpp]: failed to send response to /onboard_detector/get_dynamic_obstacles (timeout): client will not receive response, at ./src/rmw_response.cpp:153, at ./src/rcl/service.c:400
[lvdot_detector_main-8] [INFO] [1777000728.945163084] [lvdot_detector_node]: Input health: depth=59 color=60 lidar=5 pose=61 odom=60 yolo=53 depth_pose_sync=0 lidar_pose_sync=0 depth_odom_sync=0 lidar_odom_sync=0
[lvdot_detector_main-8] [INFO] [1777000728.946394605] [lvdot_detector_node]: Stage timers: detection=66 lidar_detection=66 tracking=66 classification=66 vis=0
[lvdot_detector_main-8] [INFO] [1777000728.946779604] [lvdot_detector_node]: Processing phases: detection=idle lidar_detection=waiting_new_lidar tracking=idle classification=idle
[lvdot_detector_main-8] [INFO] [1777000728.946797446] [lvdot_detector_node]: Pipeline stats: depth_samples=1538/71300 u_map=2 depth_boxes=0 u_map_merge=0 u_map_db=0 u_map_visual=0 u_map_fused=0 u_map_filtered=0 lidar_samples=3449/107996 uv=1 db=11 lidar=3 fused=4 filtered=4 tracks=4 dynamic=0 dyn_points=0 raw_dyn_points=0 service=5/0 split=4->0 (4 outputs) fusion_components=4 visual_only=1 lidar_only=3 yolo_in=5 yolo_match3d=0 yolo_match_det=0 yolo_human=0 fixed_size=0 size_reject=0
[lvdot_detector_main-8] [INFO] [1777000728.948966881] [lvdot_detector_node]: get_dynamic_obstacles responded with 0 obstacles from 0 tracked dynamic boxes.
[lvdot_detector_main-8] [WARN] [1777000729.049116327] [lvdot_detector_node.rclcpp]: failed to send response to /onboard_detector/get_dynamic_obstacles (timeout): client will not receive response, at ./src/rmw_response.cpp:153, at ./src/rcl/service.c:400
[lvdot_detector_main-8] [INFO] [1777000734.906258158] [lvdot_detector_node]: get_dynamic_obstacles responded with 1 obstacles from 1 tracked dynamic boxes.
[lvdot_detector_main-8] [INFO] [1777000736.529781297] [lvdot_detector_node]: Input health: depth=61 color=62 lidar=6 pose=63 odom=62 yolo=55 depth_pose_sync=0 lidar_pose_sync=0 depth_odom_sync=0 lidar_odom_sync=0
[lvdot_detector_main-8] [INFO] [1777000736.529869970] [lvdot_detector_node]: Stage timers: detection=68 lidar_detection=68 tracking=68 classification=68 vis=0
[lvdot_detector_main-8] [INFO] [1777000736.529888622] [lvdot_detector_node]: Processing phases: detection=idle lidar_detection=waiting_new_lidar tracking=idle classification=idle
[lvdot_detector_main-8] [INFO] [1777000736.529901190] [lvdot_detector_node]: Pipeline stats: depth_samples=1444/71300 u_map=2 depth_boxes=0 u_map_merge=0 u_map_db=0 u_map_visual=0 u_map_fused=0 u_map_filtered=0 lidar_samples=3269/132716 uv=0 db=12 lidar=19 fused=19 filtered=19 tracks=20 dynamic=0 dyn_points=0 raw_dyn_points=0 service=7/1 split=19->0 (19 outputs) fusion_components=19 visual_only=0 lidar_only=19 yolo_in=0 yolo_match3d=0 yolo_match_det=0 yolo_human=0 fixed_size=0 size_reject=0
[lvdot_detector_main-8] [INFO] [1777000742.526652736] [lvdot_detector_node]: get_dynamic_obstacles responded with 0 obstacles from 0 tracked dynamic boxes.
[lvdot_detector_main-8] [WARN] [1777000742.630678706] [lvdot_detector_node.rclcpp]: failed to send response to /onboard_detector/get_dynamic_obstacles (timeout): client will not receive response, at ./src/rmw_response.cpp:153, at ./src/rcl/service.c:400
[lvdot_detector_main-8] [INFO] [1777000744.203300858] [lvdot_detector_node]: Input health: depth=65 color=66 lidar=6 pose=67 odom=66 yolo=59 depth_pose_sync=0 lidar_pose_sync=0 depth_odom_sync=0 lidar_odom_sync=0
[lvdot_detector_main-8] [INFO] [1777000744.219631780] [lvdot_detector_node]: Stage timers: detection=72 lidar_detection=72 tracking=72 classification=72 vis=0
[lvdot_detector_main-8] [INFO] [1777000744.219664862] [lvdot_detector_node]: Processing phases: detection=idle lidar_detection=waiting_new_lidar tracking=idle classification=idle
[lvdot_detector_main-8] [INFO] [1777000744.219677255] [lvdot_detector_node]: Pipeline stats: depth_samples=1349/71300 u_map=0 depth_boxes=0 u_map_merge=0 u_map_db=0 u_map_visual=0 u_map_fused=0 u_map_filtered=0 lidar_samples=3269/132716 uv=0 db=9 lidar=19 fused=19 filtered=19 tracks=19 dynamic=0 dyn_points=0 raw_dyn_points=0 service=8/0 split=19->0 (19 outputs) fusion_components=19 visual_only=0 lidar_only=19 yolo_in=3 yolo_match3d=0 yolo_match_det=0 yolo_human=0 fixed_size=0 size_reject=0
[lvdot_detector_main-8] [INFO] [1777000749.067020519] [lvdot_detector_node]: get_dynamic_obstacles responded with 0 obstacles from 0 tracked dynamic boxes.
[lvdot_detector_main-8] [INFO] [1777000752.422530086] [lvdot_detector_node]: Input health: depth=70 color=71 lidar=6 pose=72 odom=71 yolo=64 depth_pose_sync=0 lidar_pose_sync=0 depth_odom_sync=0 lidar_odom_sync=0
[lvdot_detector_main-8] [INFO] [1777000752.431891994] [lvdot_detector_node]: Stage timers: detection=77 lidar_detection=77 tracking=77 classification=77 vis=0
[lvdot_detector_main-8] [INFO] [1777000752.431919044] [lvdot_detector_node]: Processing phases: detection=idle lidar_detection=waiting_new_lidar tracking=idle classification=idle
[lvdot_detector_main-8] [INFO] [1777000752.431934673] [lvdot_detector_node]: Pipeline stats: depth_samples=1511/71300 u_map=2 depth_boxes=0 u_map_merge=0 u_map_db=0 u_map_visual=0 u_map_fused=0 u_map_filtered=0 lidar_samples=3269/132716 uv=1 db=14 lidar=19 fused=20 filtered=20 tracks=22 dynamic=1 dyn_points=0 raw_dyn_points=0 service=9/0 split=20->0 (20 outputs) fusion_components=20 visual_only=1 lidar_only=19 yolo_in=1 yolo_match3d=1 yolo_match_det=1 yolo_human=1 fixed_size=19 size_reject=0
[lvdot_detector_main-8] [INFO] [1777000757.173427138] [lvdot_detector_node]: get_dynamic_obstacles responded with 0 obstacles from 0 tracked dynamic boxes.
[lvdot_detector_main-8] [WARN] [1777000757.275687929] [lvdot_detector_node.rclcpp]: failed to send response to /onboard_detector/get_dynamic_obstacles (timeout): client will not receive response, at ./src/rmw_response.cpp:153, at ./src/rcl/service.c:400
[lvdot_detector_main-8] [INFO] [1777000759.091127088] [lvdot_detector_node]: Input health: depth=74 color=75 lidar=6 pose=76 odom=75 yolo=68 depth_pose_sync=0 lidar_pose_sync=0 depth_odom_sync=0 lidar_odom_sync=0
[lvdot_detector_main-8] [INFO] [1777000759.092242542] [lvdot_detector_node]: Stage timers: detection=81 lidar_detection=81 tracking=81 classification=81 vis=0
[lvdot_detector_main-8] [INFO] [1777000759.092982146] [lvdot_detector_node]: Processing phases: detection=idle lidar_detection=waiting_new_lidar tracking=idle classification=idle
[lvdot_detector_main-8] [INFO] [1777000759.093698352] [lvdot_detector_node]: Pipeline stats: depth_samples=1535/71300 u_map=4 depth_boxes=0 u_map_merge=0 u_map_db=0 u_map_visual=0 u_map_fused=0 u_map_filtered=0 lidar_samples=3269/132716 uv=1 db=12 lidar=19 fused=20 filtered=20 tracks=20 dynamic=1 dyn_points=0 raw_dyn_points=0 service=10/0 split=20->0 (20 outputs) fusion_components=20 visual_only=1 lidar_only=19 yolo_in=1 yolo_match3d=0 yolo_match_det=0 yolo_human=0 fixed_size=19 size_reject=0
[lvdot_detector_main-8] [INFO] [1777000766.633430667] [lvdot_detector_node]: Input health: depth=76 color=77 lidar=7 pose=78 odom=77 yolo=70 depth_pose_sync=0 lidar_pose_sync=0 depth_odom_sync=0 lidar_odom_sync=0
[lvdot_detector_main-8] [INFO] [1777000766.634693125] [lvdot_detector_node]: Stage timers: detection=83 lidar_detection=83 tracking=83 classification=83 vis=0
[lvdot_detector_main-8] [INFO] [1777000766.634731354] [lvdot_detector_node]: Processing phases: detection=idle lidar_detection=idle tracking=idle classification=idle
[lvdot_detector_main-8] [INFO] [1777000766.634749221] [lvdot_detector_node]: Pipeline stats: depth_samples=1464/71300 u_map=2 depth_boxes=0 u_map_merge=0 u_map_db=0 u_map_visual=0 u_map_fused=0 u_map_filtered=0 lidar_samples=2360/214019 uv=2 db=14 lidar=3 fused=5 filtered=5 tracks=19 dynamic=0 dyn_points=0 raw_dyn_points=0 service=10/0 split=5->0 (5 outputs) fusion_components=5 visual_only=2 lidar_only=3 yolo_in=1 yolo_match3d=1 yolo_match_det=1 yolo_human=1 fixed_size=19 size_reject=0
[lvdot_detector_main-8] [INFO] [1777000766.635595551] [lvdot_detector_node]: get_dynamic_obstacles responded with 0 obstacles from 0 tracked dynamic boxes.
[lvdot_detector_main-8] [WARN] [1777000766.741004828] [lvdot_detector_node.rclcpp]: failed to send response to /onboard_detector/get_dynamic_obstacles (timeout): client will not receive response, at ./src/rmw_response.cpp:153, at ./src/rcl/service.c:400
[lvdot_detector_main-8] [INFO] [1777000775.783887685] [lvdot_detector_node]: get_dynamic_obstacles responded with 1 obstacles from 1 tracked dynamic boxes.
[lvdot_detector_main-8] [WARN] [1777000775.884551655] [lvdot_detector_node.rclcpp]: failed to send response to /onboard_detector/get_dynamic_obstacles (timeout): client will not receive response, at ./src/rmw_response.cpp:153, at ./src/rcl/service.c:400
[lvdot_detector_main-8] [INFO] [1777000777.513111621] [lvdot_detector_node]: Input health: depth=80 color=81 lidar=8 pose=82 odom=81 yolo=74 depth_pose_sync=0 lidar_pose_sync=0 depth_odom_sync=0 lidar_odom_sync=0
[lvdot_detector_main-8] [INFO] [1777000777.513189391] [lvdot_detector_node]: Stage timers: detection=87 lidar_detection=87 tracking=87 classification=87 vis=0
[lvdot_detector_main-8] [INFO] [1777000777.513203422] [lvdot_detector_node]: Processing phases: detection=idle lidar_detection=waiting_new_lidar tracking=idle classification=idle
[lvdot_detector_main-8] [INFO] [1777000777.513214546] [lvdot_detector_node]: Pipeline stats: depth_samples=1509/71300 u_map=1 depth_boxes=0 u_map_merge=0 u_map_db=0 u_map_visual=0 u_map_fused=0 u_map_filtered=0 lidar_samples=3402/121152 uv=1 db=10 lidar=11 fused=12 filtered=12 tracks=13 dynamic=2 dyn_points=0 raw_dyn_points=0 service=12/1 split=12->0 (12 outputs) fusion_components=12 visual_only=1 lidar_only=11 yolo_in=4 yolo_match3d=2 yolo_match_det=2 yolo_human=2 fixed_size=0 size_reject=0
[lvdot_detector_main-8] [WARN] [1777000777.617986164] [lvdot_detector_node.rclcpp]: failed to send response to /onboard_detector/get_dynamic_obstacles (timeout): client will not receive response, at ./src/rmw_response.cpp:153, at ./src/rcl/service.c:400
[lvdot_detector_main-8] [INFO] [1777000785.283893026] [lvdot_detector_node]: Input health: depth=82 color=83 lidar=9 pose=84 odom=83 yolo=76 depth_pose_sync=0 lidar_pose_sync=0 depth_odom_sync=0 lidar_odom_sync=0
[lvdot_detector_main-8] [INFO] [1777000785.283979915] [lvdot_detector_node]: Stage timers: detection=89 lidar_detection=89 tracking=89 classification=89 vis=0
[lvdot_detector_main-8] [INFO] [1777000785.283996871] [lvdot_detector_node]: Processing phases: detection=idle lidar_detection=waiting_new_lidar tracking=idle classification=idle
[lvdot_detector_main-8] [INFO] [1777000785.284006403] [lvdot_detector_node]: Pipeline stats: depth_samples=1332/71300 u_map=1 depth_boxes=0 u_map_merge=0 u_map_db=0 u_map_visual=0 u_map_fused=0 u_map_filtered=0 lidar_samples=3178/124712 uv=0 db=11 lidar=16 fused=16 filtered=16 tracks=16 dynamic=2 dyn_points=0 raw_dyn_points=0 service=13/2 split=16->0 (16 outputs) fusion_components=16 visual_only=0 lidar_only=16 yolo_in=3 yolo_match3d=0 yolo_match_det=0 yolo_human=0 fixed_size=0 size_reject=0
[lvdot_detector_main-8] [INFO] [1777000785.286308653] [lvdot_detector_node]: get_dynamic_obstacles responded with 2 obstacles from 2 tracked dynamic boxes.
[lvdot_detector_main-8] [INFO] [1777000793.358950022] [lvdot_detector_node]: Input health: depth=84 color=85 lidar=10 pose=86 odom=85 yolo=78 depth_pose_sync=0 lidar_pose_sync=0 depth_odom_sync=0 lidar_odom_sync=0
[lvdot_detector_main-8] [INFO] [1777000793.361194526] [lvdot_detector_node]: Stage timers: detection=91 lidar_detection=91 tracking=91 classification=91 vis=0
[lvdot_detector_main-8] [INFO] [1777000793.361222275] [lvdot_detector_node]: Processing phases: detection=idle lidar_detection=waiting_new_lidar tracking=idle classification=idle
[lvdot_detector_main-8] [INFO] [1777000793.361235205] [lvdot_detector_node]: Pipeline stats: depth_samples=1349/71300 u_map=0 depth_boxes=0 u_map_merge=0 u_map_db=0 u_map_visual=0 u_map_fused=0 u_map_filtered=0 lidar_samples=3490/116386 uv=0 db=9 lidar=53 fused=53 filtered=53 tracks=54 dynamic=0 dyn_points=0 raw_dyn_points=0 service=14/2 split=53->0 (53 outputs) fusion_components=53 visual_only=0 lidar_only=53 yolo_in=2 yolo_match3d=0 yolo_match_det=0 yolo_human=0 fixed_size=0 size_reject=0
[lvdot_detector_main-8] [INFO] [1777000793.362932881] [lvdot_detector_node]: get_dynamic_obstacles responded with 0 obstacles from 0 tracked dynamic boxes.
[lvdot_detector_main-8] [WARN] [1777000793.465204383] [lvdot_detector_node.rclcpp]: failed to send response to /onboard_detector/get_dynamic_obstacles (timeout): client will not receive response, at ./src/rmw_response.cpp:153, at ./src/rcl/service.c:400
[lvdot_detector_main-8] [INFO] [1777000799.155291221] [lvdot_detector_node]: get_dynamic_obstacles responded with 0 obstacles from 0 tracked dynamic boxes.
[lvdot_detector_main-8] [INFO] [1777000800.684986754] [lvdot_detector_node]: Input health: depth=89 color=90 lidar=10 pose=91 odom=90 yolo=83 depth_pose_sync=0 lidar_pose_sync=0 depth_odom_sync=0 lidar_odom_sync=0
[lvdot_detector_main-8] [INFO] [1777000800.685066018] [lvdot_detector_node]: Stage timers: detection=96 lidar_detection=96 tracking=96 classification=96 vis=0
[lvdot_detector_main-8] [INFO] [1777000800.685083311] [lvdot_detector_node]: Processing phases: detection=idle lidar_detection=waiting_new_lidar tracking=idle classification=idle
[lvdot_detector_main-8] [INFO] [1777000800.685095405] [lvdot_detector_node]: Pipeline stats: depth_samples=1466/71300 u_map=3 depth_boxes=0 u_map_merge=0 u_map_db=0 u_map_visual=0 u_map_fused=0 u_map_filtered=0 lidar_samples=3490/116386 uv=3 db=10 lidar=53 fused=56 filtered=56 tracks=54 dynamic=0 dyn_points=0 raw_dyn_points=0 service=16/0 split=56->0 (56 outputs) fusion_components=56 visual_only=3 lidar_only=53 yolo_in=0 yolo_match3d=0 yolo_match_det=0 yolo_human=0 fixed_size=0 size_reject=0
[lvdot_detector_main-8] [INFO] [1777000811.441494651] [lvdot_detector_node]: Input health: depth=93 color=94 lidar=11 pose=95 odom=94 yolo=87 depth_pose_sync=0 lidar_pose_sync=0 depth_odom_sync=0 lidar_odom_sync=0
[lvdot_detector_main-8] [INFO] [1777000811.441611556] [lvdot_detector_node]: Stage timers: detection=100 lidar_detection=100 tracking=100 classification=100 vis=0
[lvdot_detector_main-8] [INFO] [1777000811.441624140] [lvdot_detector_node]: Processing phases: detection=idle lidar_detection=idle tracking=idle classification=idle
[lvdot_detector_main-8] [INFO] [1777000811.441633476] [lvdot_detector_node]: Pipeline stats: depth_samples=1231/71300 u_map=2 depth_boxes=0 u_map_merge=0 u_map_db=0 u_map_visual=0 u_map_fused=0 u_map_filtered=0 lidar_samples=3195/121523 uv=1 db=10 lidar=16 fused=17 filtered=17 tracks=53 dynamic=0 dyn_points=0 raw_dyn_points=0 service=16/0 split=17->0 (17 outputs) fusion_components=17 visual_only=1 lidar_only=16 yolo_in=3 yolo_match3d=1 yolo_match_det=1 yolo_human=1 fixed_size=53 size_reject=0
[lvdot_detector_main-8] [INFO] [1777000818.015321148] [lvdot_detector_node]: get_dynamic_obstacles responded with 0 obstacles from 0 tracked dynamic boxes.
[lvdot_detector_main-8] [WARN] [1777000818.118414426] [lvdot_detector_node.rclcpp]: failed to send response to /onboard_detector/get_dynamic_obstacles (timeout): client will not receive response, at ./src/rmw_response.cpp:153, at ./src/rcl/service.c:400
[lvdot_detector_main-8] [INFO] [1777000819.619071814] [lvdot_detector_node]: Input health: depth=95 color=96 lidar=12 pose=97 odom=96 yolo=89 depth_pose_sync=0 lidar_pose_sync=0 depth_odom_sync=0 lidar_odom_sync=0
[lvdot_detector_main-8] [INFO] [1777000819.620731703] [lvdot_detector_node]: Stage timers: detection=102 lidar_detection=102 tracking=102 classification=102 vis=0
[lvdot_detector_main-8] [INFO] [1777000819.620761983] [lvdot_detector_node]: Processing phases: detection=idle lidar_detection=waiting_new_lidar tracking=idle classification=idle
[lvdot_detector_main-8] [INFO] [1777000819.620775720] [lvdot_detector_node]: Pipeline stats: depth_samples=1436/71300 u_map=1 depth_boxes=0 u_map_merge=0 u_map_db=0 u_map_visual=0 u_map_fused=0 u_map_filtered=0 lidar_samples=3267/117998 uv=1 db=13 lidar=14 fused=15 filtered=15 tracks=15 dynamic=1 dyn_points=0 raw_dyn_points=0 service=17/0 split=15->0 (15 outputs) fusion_components=15 visual_only=1 lidar_only=14 yolo_in=1 yolo_match3d=0 yolo_match_det=0 yolo_human=0 fixed_size=0 size_reject=0
[lvdot_detector_main-8] [WARN] [1777000819.726741940] [lvdot_detector_node.rclcpp]: failed to send response to /onboard_detector/get_dynamic_obstacles (timeout): client will not receive response, at ./src/rmw_response.cpp:153, at ./src/rcl/service.c:400
[lvdot_detector_main-8] [WARN] [1777000821.030701959] [lvdot_detector_node.rclcpp]: failed to send response to /onboard_detector/get_dynamic_obstacles (timeout): client will not receive response, at ./src/rmw_response.cpp:153, at ./src/rcl/service.c:400
[lvdot_detector_main-8] [INFO] [1777000829.789325827] [lvdot_detector_node]: Input health: depth=99 color=100 lidar=13 pose=101 odom=100 yolo=93 depth_pose_sync=0 lidar_pose_sync=0 depth_odom_sync=0 lidar_odom_sync=0
[lvdot_detector_main-8] [INFO] [1777000829.790271047] [lvdot_detector_node]: Stage timers: detection=106 lidar_detection=106 tracking=106 classification=106 vis=0
[lvdot_detector_main-8] [INFO] [1777000829.791003064] [lvdot_detector_node]: Processing phases: detection=idle lidar_detection=waiting_new_lidar tracking=idle classification=idle
[lvdot_detector_main-8] [INFO] [1777000829.791028755] [lvdot_detector_node]: Pipeline stats: depth_samples=1451/71300 u_map=2 depth_boxes=0 u_map_merge=0 u_map_db=0 u_map_visual=0 u_map_fused=0 u_map_filtered=0 lidar_samples=3364/118635 uv=2 db=11 lidar=13 fused=15 filtered=15 tracks=13 dynamic=0 dyn_points=0 raw_dyn_points=0 service=19/0 split=15->0 (15 outputs) fusion_components=15 visual_only=2 lidar_only=13 yolo_in=0 yolo_match3d=0 yolo_match_det=0 yolo_human=0 fixed_size=0 size_reject=0
[lvdot_detector_main-8] [INFO] [1777000829.793949853] [lvdot_detector_node]: get_dynamic_obstacles responded with 0 obstacles from 0 tracked dynamic boxes.
[lvdot_detector_main-8] [INFO] [1777000836.457567025] [lvdot_detector_node]: Input health: depth=103 color=104 lidar=13 pose=105 odom=104 yolo=97 depth_pose_sync=0 lidar_pose_sync=0 depth_odom_sync=0 lidar_odom_sync=0
[lvdot_detector_main-8] [INFO] [1777000836.460736492] [lvdot_detector_node]: Stage timers: detection=110 lidar_detection=110 tracking=110 classification=110 vis=0
[lvdot_detector_main-8] [INFO] [1777000836.460881287] [lvdot_detector_node]: Processing phases: detection=idle lidar_detection=waiting_new_lidar tracking=idle classification=idle
[lvdot_detector_main-8] [INFO] [1777000836.461275644] [lvdot_detector_node]: Pipeline stats: depth_samples=1612/71300 u_map=3 depth_boxes=0 u_map_merge=0 u_map_db=0 u_map_visual=0 u_map_fused=0 u_map_filtered=0 lidar_samples=3364/118635 uv=2 db=11 lidar=13 fused=15 filtered=15 tracks=14 dynamic=1 dyn_points=0 raw_dyn_points=0 service=20/0 split=15->1 (15 outputs) fusion_components=15 visual_only=2 lidar_only=13 yolo_in=3 yolo_match3d=1 yolo_match_det=2 yolo_human=0 fixed_size=0 size_reject=0
[lvdot_detector_main-8] [INFO] [1777000838.089022810] [lvdot_detector_node]: get_dynamic_obstacles responded with 1 obstacles from 1 tracked dynamic boxes.
[lvdot_detector_main-8] [WARN] [1777000838.196371079] [lvdot_detector_node.rclcpp]: failed to send response to /onboard_detector/get_dynamic_obstacles (timeout): client will not receive response, at ./src/rmw_response.cpp:153, at ./src/rcl/service.c:400
[lvdot_detector_main-8] [INFO] [1777000846.875785289] [lvdot_detector_node]: Input health: depth=107 color=108 lidar=14 pose=109 odom=108 yolo=101 depth_pose_sync=0 lidar_pose_sync=0 depth_odom_sync=0 lidar_odom_sync=0
[lvdot_detector_main-8] [INFO] [1777000846.876279048] [lvdot_detector_node]: Stage timers: detection=114 lidar_detection=114 tracking=114 classification=114 vis=0
[lvdot_detector_main-8] [INFO] [1777000846.876292900] [lvdot_detector_node]: Processing phases: detection=idle lidar_detection=waiting_new_lidar tracking=idle classification=idle
[lvdot_detector_main-8] [INFO] [1777000846.876302738] [lvdot_detector_node]: Pipeline stats: depth_samples=1513/71300 u_map=3 depth_boxes=0 u_map_merge=0 u_map_db=0 u_map_visual=0 u_map_fused=0 u_map_filtered=0 lidar_samples=3235/121879 uv=3 db=13 lidar=12 fused=15 filtered=15 tracks=13 dynamic=1 dyn_points=0 raw_dyn_points=0 service=21/1 split=15->0 (15 outputs) fusion_components=15 visual_only=3 lidar_only=12 yolo_in=3 yolo_match3d=2 yolo_match_det=2 yolo_human=2 fixed_size=0 size_reject=0
[lvdot_detector_main-8] [INFO] [1777000846.876926888] [lvdot_detector_node]: get_dynamic_obstacles responded with 1 obstacles from 1 tracked dynamic boxes.
[lvdot_detector_main-8] [WARN] [1777000846.978829777] [lvdot_detector_node.rclcpp]: failed to send response to /onboard_detector/get_dynamic_obstacles (timeout): client will not receive response, at ./src/rmw_response.cpp:153, at ./src/rcl/service.c:400
[lvdot_detector_main-8] [INFO] [1777000852.930067708] [lvdot_detector_node]: get_dynamic_obstacles responded with 0 obstacles from 0 tracked dynamic boxes.
[lvdot_detector_main-8] [WARN] [1777000853.033738660] [lvdot_detector_node.rclcpp]: failed to send response to /onboard_detector/get_dynamic_obstacles (timeout): client will not receive response, at ./src/rmw_response.cpp:153, at ./src/rcl/service.c:400
[lvdot_detector_main-8] [INFO] [1777000854.858367546] [lvdot_detector_node]: Input health: depth=112 color=113 lidar=14 pose=114 odom=113 yolo=106 depth_pose_sync=0 lidar_pose_sync=0 depth_odom_sync=0 lidar_odom_sync=0
[lvdot_detector_main-8] [INFO] [1777000854.860473172] [lvdot_detector_node]: Stage timers: detection=119 lidar_detection=119 tracking=119 classification=119 vis=0
[lvdot_detector_main-8] [INFO] [1777000854.860495843] [lvdot_detector_node]: Processing phases: detection=idle lidar_detection=waiting_new_lidar tracking=idle classification=idle
[lvdot_detector_main-8] [INFO] [1777000854.860508182] [lvdot_detector_node]: Pipeline stats: depth_samples=1312/71300 u_map=3 depth_boxes=0 u_map_merge=0 u_map_db=0 u_map_visual=0 u_map_fused=0 u_map_filtered=0 lidar_samples=3235/121879 uv=2 db=11 lidar=12 fused=14 filtered=14 tracks=14 dynamic=0 dyn_points=0 raw_dyn_points=0 service=23/0 split=14->0 (14 outputs) fusion_components=14 visual_only=2 lidar_only=12 yolo_in=3 yolo_match3d=2 yolo_match_det=2 yolo_human=2 fixed_size=0 size_reject=0
[lvdot_detector_main-8] [INFO] [1777000859.321302252] [lvdot_detector_node]: get_dynamic_obstacles responded with 0 obstacles from 0 tracked dynamic boxes.
[lvdot_detector_main-8] [WARN] [1777000859.423097092] [lvdot_detector_node.rclcpp]: failed to send response to /onboard_detector/get_dynamic_obstacles (timeout): client will not receive response, at ./src/rmw_response.cpp:153, at ./src/rcl/service.c:400
[lvdot_detector_main-8] [INFO] [1777000860.903217083] [lvdot_detector_node]: Input health: depth=116 color=117 lidar=14 pose=118 odom=117 yolo=110 depth_pose_sync=0 lidar_pose_sync=0 depth_odom_sync=0 lidar_odom_sync=0
[lvdot_detector_main-8] [INFO] [1777000860.903316765] [lvdot_detector_node]: Stage timers: detection=123 lidar_detection=123 tracking=123 classification=123 vis=0
[lvdot_detector_main-8] [INFO] [1777000860.903329698] [lvdot_detector_node]: Processing phases: detection=idle lidar_detection=waiting_new_lidar tracking=idle classification=idle
[lvdot_detector_main-8] [INFO] [1777000860.903339149] [lvdot_detector_node]: Pipeline stats: depth_samples=1441/71300 u_map=1 depth_boxes=0 u_map_merge=0 u_map_db=0 u_map_visual=0 u_map_fused=0 u_map_filtered=0 lidar_samples=3235/121879 uv=1 db=13 lidar=12 fused=13 filtered=13 tracks=13 dynamic=0 dyn_points=0 raw_dyn_points=0 service=24/0 split=13->0 (13 outputs) fusion_components=13 visual_only=1 lidar_only=12 yolo_in=3 yolo_match3d=3 yolo_match_det=3 yolo_human=3 fixed_size=12 size_reject=0
[lvdot_detector_main-8] [INFO] [1777000866.095522148] [lvdot_detector_node]: get_dynamic_obstacles responded with 2 obstacles from 2 tracked dynamic boxes.
[lvdot_detector_main-8] [WARN] [1777000866.196945245] [lvdot_detector_node.rclcpp]: failed to send response to /onboard_detector/get_dynamic_obstacles (timeout): client will not receive response, at ./src/rmw_response.cpp:153, at ./src/rcl/service.c:400
[lvdot_detector_main-8] [INFO] [1777000867.532982248] [lvdot_detector_node]: Input health: depth=120 color=121 lidar=14 pose=122 odom=121 yolo=114 depth_pose_sync=0 lidar_pose_sync=0 depth_odom_sync=0 lidar_odom_sync=0
[lvdot_detector_main-8] [INFO] [1777000867.534690679] [lvdot_detector_node]: Stage timers: detection=127 lidar_detection=127 tracking=127 classification=127 vis=0
[lvdot_detector_main-8] [INFO] [1777000867.536582410] [lvdot_detector_node]: Processing phases: detection=idle lidar_detection=waiting_new_lidar tracking=idle classification=idle
[lvdot_detector_main-8] [INFO] [1777000867.536634839] [lvdot_detector_node]: Pipeline stats: depth_samples=1139/70971 u_map=1 depth_boxes=0 u_map_merge=0 u_map_db=0 u_map_visual=0 u_map_fused=0 u_map_filtered=0 lidar_samples=3235/121879 uv=1 db=8 lidar=12 fused=13 filtered=13 tracks=14 dynamic=1 dyn_points=0 raw_dyn_points=0 service=25/2 split=13->0 (13 outputs) fusion_components=13 visual_only=1 lidar_only=12 yolo_in=2 yolo_match3d=2 yolo_match_det=2 yolo_human=2 fixed_size=12 size_reject=0
[lvdot_detector_main-8] [INFO] [1777000873.930856963] [lvdot_detector_node]: Input health: depth=124 color=125 lidar=14 pose=126 odom=125 yolo=118 depth_pose_sync=0 lidar_pose_sync=0 depth_odom_sync=0 lidar_odom_sync=0
[lvdot_detector_main-8] [INFO] [1777000873.931457199] [lvdot_detector_node]: Stage timers: detection=131 lidar_detection=131 tracking=131 classification=131 vis=0
[lvdot_detector_main-8] [INFO] [1777000873.931478851] [lvdot_detector_node]: Processing phases: detection=idle lidar_detection=waiting_new_lidar tracking=idle classification=idle
[lvdot_detector_main-8] [INFO] [1777000873.931490278] [lvdot_detector_node]: Pipeline stats: depth_samples=1149/71300 u_map=2 depth_boxes=0 u_map_merge=0 u_map_db=0 u_map_visual=0 u_map_fused=0 u_map_filtered=0 lidar_samples=3235/121879 uv=1 db=5 lidar=12 fused=13 filtered=13 tracks=15 dynamic=1 dyn_points=0 raw_dyn_points=0 service=25/2 split=13->1 (13 outputs) fusion_components=13 visual_only=1 lidar_only=12 yolo_in=4 yolo_match3d=3 yolo_match_det=4 yolo_human=3 fixed_size=12 size_reject=0
[lvdot_detector_main-8] [INFO] [1777000873.932163088] [lvdot_detector_node]: get_dynamic_obstacles responded with 1 obstacles from 1 tracked dynamic boxes.
[lvdot_detector_main-8] [WARN] [1777000874.035743179] [lvdot_detector_node.rclcpp]: failed to send response to /onboard_detector/get_dynamic_obstacles (timeout): client will not receive response, at ./src/rmw_response.cpp:153, at ./src/rcl/service.c:400
[uav_trajectory_controller-4] [WARN] [1777000876.946530407] [uav_trajectory_controller]: SetEntityPose request timed out after 0.50s on /world/pedestrian_prototype/set_pose/blocking; dropping the pending request and retrying.
[uav_trajectory_controller-4] [WARN] [1777000876.950931823] [uav_trajectory_controller]: Falling back from /world/pedestrian_prototype/set_pose/blocking to /world/pedestrian_prototype/set_pose.
[lvdot_detector_main-8] [INFO] [1777000879.933874221] [lvdot_detector_node]: get_dynamic_obstacles responded with 0 obstacles from 0 tracked dynamic boxes.
[lvdot_detector_main-8] [WARN] [1777000880.035137123] [lvdot_detector_node.rclcpp]: failed to send response to /onboard_detector/get_dynamic_obstacles (timeout): client will not receive response, at ./src/rmw_response.cpp:153, at ./src/rcl/service.c:400
[lvdot_detector_main-8] [INFO] [1777000881.716601620] [lvdot_detector_node]: Input health: depth=129 color=130 lidar=14 pose=131 odom=130 yolo=123 depth_pose_sync=0 lidar_pose_sync=0 depth_odom_sync=0 lidar_odom_sync=0
[lvdot_detector_main-8] [INFO] [1777000881.717886770] [lvdot_detector_node]: Stage timers: detection=136 lidar_detection=136 tracking=136 classification=136 vis=0
[lvdot_detector_main-8] [INFO] [1777000881.718196282] [lvdot_detector_node]: Processing phases: detection=idle lidar_detection=waiting_new_lidar tracking=idle classification=idle
[lvdot_detector_main-8] [INFO] [1777000881.718210643] [lvdot_detector_node]: Pipeline stats: depth_samples=1481/71300 u_map=2 depth_boxes=0 u_map_merge=0 u_map_db=0 u_map_visual=0 u_map_fused=0 u_map_filtered=0 lidar_samples=3235/121879 uv=1 db=12 lidar=12 fused=13 filtered=13 tracks=15 dynamic=1 dyn_points=0 raw_dyn_points=0 service=27/0 split=13->0 (13 outputs) fusion_components=13 visual_only=1 lidar_only=12 yolo_in=5 yolo_match3d=0 yolo_match_det=0 yolo_human=0 fixed_size=12 size_reject=0
[lvdot_detector_main-8] [INFO] [1777000889.538045252] [lvdot_detector_node]: Input health: depth=131 color=132 lidar=15 pose=133 odom=132 yolo=125 depth_pose_sync=0 lidar_pose_sync=0 depth_odom_sync=0 lidar_odom_sync=0
[lvdot_detector_main-8] [INFO] [1777000889.539255359] [lvdot_detector_node]: Stage timers: detection=138 lidar_detection=138 tracking=138 classification=138 vis=0
[lvdot_detector_main-8] [INFO] [1777000889.540109792] [lvdot_detector_node]: Processing phases: detection=idle lidar_detection=waiting_new_lidar tracking=idle classification=idle
[lvdot_detector_main-8] [INFO] [1777000889.540985036] [lvdot_detector_node]: Pipeline stats: depth_samples=1335/71300 u_map=1 depth_boxes=0 u_map_merge=0 u_map_db=0 u_map_visual=0 u_map_fused=0 u_map_filtered=0 lidar_samples=3315/129566 uv=1 db=10 lidar=19 fused=20 filtered=20 tracks=21 dynamic=0 dyn_points=0 raw_dyn_points=0 service=27/0 split=20->0 (20 outputs) fusion_components=20 visual_only=1 lidar_only=19 yolo_in=3 yolo_match3d=1 yolo_match_det=1 yolo_human=1 fixed_size=0 size_reject=0
[lvdot_detector_main-8] [INFO] [1777000889.541751247] [lvdot_detector_node]: get_dynamic_obstacles responded with 0 obstacles from 0 tracked dynamic boxes.
[lvdot_detector_main-8] [WARN] [1777000889.645510345] [lvdot_detector_node.rclcpp]: failed to send response to /onboard_detector/get_dynamic_obstacles (timeout): client will not receive response, at ./src/rmw_response.cpp:153, at ./src/rcl/service.c:400
[lvdot_detector_main-8] [INFO] [1777000895.525143456] [lvdot_detector_node]: Input health: depth=135 color=136 lidar=15 pose=137 odom=136 yolo=129 depth_pose_sync=0 lidar_pose_sync=0 depth_odom_sync=0 lidar_odom_sync=0
[lvdot_detector_main-8] [INFO] [1777000895.526308843] [lvdot_detector_node]: Stage timers: detection=142 lidar_detection=142 tracking=142 classification=142 vis=0
[lvdot_detector_main-8] [INFO] [1777000895.527147734] [lvdot_detector_node]: Processing phases: detection=idle lidar_detection=waiting_new_lidar tracking=idle classification=idle
[lvdot_detector_main-8] [INFO] [1777000895.527173434] [lvdot_detector_node]: Pipeline stats: depth_samples=1439/71300 u_map=2 depth_boxes=0 u_map_merge=0 u_map_db=0 u_map_visual=0 u_map_fused=0 u_map_filtered=0 lidar_samples=3315/129566 uv=2 db=13 lidar=19 fused=21 filtered=21 tracks=20 dynamic=0 dyn_points=0 raw_dyn_points=0 service=28/0 split=21->0 (21 outputs) fusion_components=21 visual_only=2 lidar_only=19 yolo_in=3 yolo_match3d=3 yolo_match_det=3 yolo_human=3 fixed_size=0 size_reject=0
[lvdot_detector_main-8] [INFO] [1777000895.527972625] [lvdot_detector_node]: get_dynamic_obstacles responded with 0 obstacles from 0 tracked dynamic boxes.
[lvdot_detector_main-8] [WARN] [1777000895.628337747] [lvdot_detector_node.rclcpp]: failed to send response to /onboard_detector/get_dynamic_obstacles (timeout): client will not receive response, at ./src/rmw_response.cpp:153, at ./src/rcl/service.c:400
[lvdot_detector_main-8] [INFO] [1777000901.859592900] [lvdot_detector_node]: Input health: depth=139 color=140 lidar=15 pose=141 odom=140 yolo=133 depth_pose_sync=0 lidar_pose_sync=0 depth_odom_sync=0 lidar_odom_sync=0
[lvdot_detector_main-8] [INFO] [1777000901.860748425] [lvdot_detector_node]: Stage timers: detection=146 lidar_detection=146 tracking=146 classification=146 vis=0
[lvdot_detector_main-8] [INFO] [1777000901.861495262] [lvdot_detector_node]: Processing phases: detection=idle lidar_detection=waiting_new_lidar tracking=idle classification=idle
[lvdot_detector_main-8] [INFO] [1777000901.861520010] [lvdot_detector_node]: Pipeline stats: depth_samples=1400/71300 u_map=1 depth_boxes=0 u_map_merge=0 u_map_db=0 u_map_visual=0 u_map_fused=0 u_map_filtered=0 lidar_samples=3315/129566 uv=1 db=10 lidar=19 fused=20 filtered=20 tracks=21 dynamic=2 dyn_points=0 raw_dyn_points=0 service=29/0 split=20->0 (20 outputs) fusion_components=20 visual_only=1 lidar_only=19 yolo_in=4 yolo_match3d=4 yolo_match_det=4 yolo_human=4 fixed_size=0 size_reject=0
[lvdot_detector_main-8] [INFO] [1777000901.862366540] [lvdot_detector_node]: get_dynamic_obstacles responded with 2 obstacles from 2 tracked dynamic boxes.
[lvdot_detector_main-8] [WARN] [1777000901.963911442] [lvdot_detector_node.rclcpp]: failed to send response to /onboard_detector/get_dynamic_obstacles (timeout): client will not receive response, at ./src/rmw_response.cpp:153, at ./src/rcl/service.c:400
[lvdot_detector_main-8] [INFO] [1777000910.645867247] [lvdot_detector_node]: Input health: depth=145 color=146 lidar=15 pose=147 odom=146 yolo=139 depth_pose_sync=0 lidar_pose_sync=0 depth_odom_sync=0 lidar_odom_sync=0
[lvdot_detector_main-8] [INFO] [1777000910.645942258] [lvdot_detector_node]: Stage timers: detection=152 lidar_detection=152 tracking=152 classification=152 vis=0
[lvdot_detector_main-8] [INFO] [1777000910.645953891] [lvdot_detector_node]: Processing phases: detection=idle lidar_detection=waiting_new_lidar tracking=idle classification=idle
[lvdot_detector_main-8] [INFO] [1777000910.645963618] [lvdot_detector_node]: Pipeline stats: depth_samples=1369/71300 u_map=0 depth_boxes=0 u_map_merge=0 u_map_db=0 u_map_visual=0 u_map_fused=0 u_map_filtered=0 lidar_samples=3315/129566 uv=0 db=10 lidar=19 fused=19 filtered=19 tracks=20 dynamic=0 dyn_points=0 raw_dyn_points=0 service=30/2 split=19->0 (19 outputs) fusion_components=19 visual_only=0 lidar_only=19 yolo_in=2 yolo_match3d=2 yolo_match_det=2 yolo_human=2 fixed_size=19 size_reject=0
[lvdot_detector_main-8] [INFO] [1777000921.026715281] [lvdot_detector_node]: Input health: depth=149 color=150 lidar=16 pose=151 odom=150 yolo=143 depth_pose_sync=0 lidar_pose_sync=0 depth_odom_sync=0 lidar_odom_sync=0
[lvdot_detector_main-8] [INFO] [1777000921.026806787] [lvdot_detector_node]: Stage timers: detection=156 lidar_detection=156 tracking=156 classification=156 vis=0
[lvdot_detector_main-8] [INFO] [1777000921.026819730] [lvdot_detector_node]: Processing phases: detection=idle lidar_detection=waiting_new_lidar tracking=idle classification=idle
[lvdot_detector_main-8] [INFO] [1777000921.026829663] [lvdot_detector_node]: Pipeline stats: depth_samples=1332/71300 u_map=1 depth_boxes=0 u_map_merge=0 u_map_db=0 u_map_visual=0 u_map_fused=0 u_map_filtered=0 lidar_samples=3411/118992 uv=0 db=11 lidar=16 fused=16 filtered=16 tracks=16 dynamic=0 dyn_points=0 raw_dyn_points=0 service=30/2 split=16->0 (16 outputs) fusion_components=16 visual_only=0 lidar_only=16 yolo_in=0 yolo_match3d=0 yolo_match_det=0 yolo_human=0 fixed_size=0 size_reject=0
[lvdot_detector_main-8] [INFO] [1777000928.329488998] [lvdot_detector_node]: Input health: depth=151 color=152 lidar=17 pose=153 odom=152 yolo=145 depth_pose_sync=0 lidar_pose_sync=0 depth_odom_sync=0 lidar_odom_sync=0
[lvdot_detector_main-8] [INFO] [1777000928.330869000] [lvdot_detector_node]: Stage timers: detection=158 lidar_detection=158 tracking=158 classification=158 vis=0
[lvdot_detector_main-8] [INFO] [1777000928.331655078] [lvdot_detector_node]: Processing phases: detection=idle lidar_detection=idle tracking=idle classification=idle
[lvdot_detector_main-8] [INFO] [1777000928.331922790] [lvdot_detector_node]: Pipeline stats: depth_samples=1152/71300 u_map=1 depth_boxes=0 u_map_merge=0 u_map_db=0 u_map_visual=0 u_map_fused=0 u_map_filtered=0 lidar_samples=3218/135161 uv=1 db=10 lidar=71 fused=71 filtered=71 tracks=17 dynamic=0 dyn_points=0 raw_dyn_points=0 service=30/2 split=71->1 (71 outputs) fusion_components=71 visual_only=0 lidar_only=70 yolo_in=4 yolo_match3d=1 yolo_match_det=4 yolo_human=1 fixed_size=0 size_reject=0
[lvdot_detector_main-8] [INFO] [1777000935.910733092] [lvdot_detector_node]: Input health: depth=156 color=157 lidar=17 pose=158 odom=157 yolo=150 depth_pose_sync=0 lidar_pose_sync=0 depth_odom_sync=0 lidar_odom_sync=0
[lvdot_detector_main-8] [INFO] [1777000935.911750083] [lvdot_detector_node]: Stage timers: detection=163 lidar_detection=163 tracking=163 classification=163 vis=0
[lvdot_detector_main-8] [INFO] [1777000935.912487114] [lvdot_detector_node]: Processing phases: detection=idle lidar_detection=waiting_new_lidar tracking=idle classification=idle
[lvdot_detector_main-8] [INFO] [1777000935.913157214] [lvdot_detector_node]: Pipeline stats: depth_samples=1320/71300 u_map=2 depth_boxes=0 u_map_merge=0 u_map_db=0 u_map_visual=0 u_map_fused=0 u_map_filtered=0 lidar_samples=3218/135161 uv=1 db=12 lidar=71 fused=72 filtered=72 tracks=72 dynamic=0 dyn_points=0 raw_dyn_points=0 service=30/2 split=72->0 (72 outputs) fusion_components=72 visual_only=1 lidar_only=71 yolo_in=6 yolo_match3d=1 yolo_match_det=1 yolo_human=1 fixed_size=0 size_reject=0
[lvdot_detector_main-8] [INFO] [1777000943.541104598] [lvdot_detector_node]: Input health: depth=161 color=162 lidar=17 pose=163 odom=162 yolo=155 depth_pose_sync=0 lidar_pose_sync=0 depth_odom_sync=0 lidar_odom_sync=0
[lvdot_detector_main-8] [INFO] [1777000943.542099826] [lvdot_detector_node]: Stage timers: detection=168 lidar_detection=168 tracking=168 classification=168 vis=0
[lvdot_detector_main-8] [INFO] [1777000943.542690159] [lvdot_detector_node]: Processing phases: detection=idle lidar_detection=waiting_new_lidar tracking=idle classification=idle
[lvdot_detector_main-8] [INFO] [1777000943.543322036] [lvdot_detector_node]: Pipeline stats: depth_samples=1316/71300 u_map=0 depth_boxes=0 u_map_merge=0 u_map_db=0 u_map_visual=0 u_map_fused=0 u_map_filtered=0 lidar_samples=3218/135161 uv=0 db=9 lidar=71 fused=71 filtered=71 tracks=71 dynamic=0 dyn_points=0 raw_dyn_points=0 service=30/2 split=71->0 (71 outputs) fusion_components=71 visual_only=0 lidar_only=71 yolo_in=3 yolo_match3d=0 yolo_match_det=0 yolo_human=0 fixed_size=70 size_reject=0
[lvdot_detector_main-8] [INFO] [1777000951.012409188] [lvdot_detector_node]: Input health: depth=163 color=164 lidar=18 pose=165 odom=164 yolo=157 depth_pose_sync=0 lidar_pose_sync=0 depth_odom_sync=0 lidar_odom_sync=0
[lvdot_detector_main-8] [INFO] [1777000951.012535469] [lvdot_detector_node]: Stage timers: detection=170 lidar_detection=170 tracking=170 classification=170 vis=0
[lvdot_detector_main-8] [INFO] [1777000951.012551004] [lvdot_detector_node]: Processing phases: detection=idle lidar_detection=idle tracking=idle classification=idle
[lvdot_detector_main-8] [INFO] [1777000951.012562429] [lvdot_detector_node]: Pipeline stats: depth_samples=1421/71300 u_map=1 depth_boxes=0 u_map_merge=0 u_map_db=0 u_map_visual=0 u_map_fused=0 u_map_filtered=0 lidar_samples=3267/135629 uv=1 db=8 lidar=17 fused=17 filtered=17 tracks=73 dynamic=0 dyn_points=0 raw_dyn_points=0 service=30/2 split=17->0 (17 outputs) fusion_components=17 visual_only=0 lidar_only=16 yolo_in=3 yolo_match3d=3 yolo_match_det=3 yolo_human=3 fixed_size=71 size_reject=0
[lvdot_detector_main-8] [INFO] [1777000958.505629484] [lvdot_detector_node]: Input health: depth=165 color=166 lidar=19 pose=167 odom=166 yolo=159 depth_pose_sync=0 lidar_pose_sync=0 depth_odom_sync=0 lidar_odom_sync=0
[lvdot_detector_main-8] [INFO] [1777000958.516814886] [lvdot_detector_node]: Stage timers: detection=172 lidar_detection=172 tracking=172 classification=172 vis=0
[lvdot_detector_main-8] [INFO] [1777000958.516839094] [lvdot_detector_node]: Processing phases: detection=idle lidar_detection=waiting_new_lidar tracking=idle classification=idle
[lvdot_detector_main-8] [INFO] [1777000958.516849313] [lvdot_detector_node]: Pipeline stats: depth_samples=1332/71300 u_map=1 depth_boxes=0 u_map_merge=0 u_map_db=0 u_map_visual=0 u_map_fused=0 u_map_filtered=0 lidar_samples=3277/125039 uv=0 db=11 lidar=17 fused=17 filtered=17 tracks=18 dynamic=3 dyn_points=0 raw_dyn_points=0 service=30/2 split=17->0 (17 outputs) fusion_components=17 visual_only=0 lidar_only=17 yolo_in=5 yolo_match3d=0 yolo_match_det=0 yolo_human=0 fixed_size=0 size_reject=0
[lvdot_detector_main-8] [INFO] [1777000965.845979540] [lvdot_detector_node]: Input health: depth=167 color=168 lidar=20 pose=169 odom=168 yolo=161 depth_pose_sync=0 lidar_pose_sync=0 depth_odom_sync=0 lidar_odom_sync=0
[lvdot_detector_main-8] [INFO] [1777000965.847239685] [lvdot_detector_node]: Stage timers: detection=174 lidar_detection=174 tracking=174 classification=174 vis=0
[lvdot_detector_main-8] [INFO] [1777000965.847974175] [lvdot_detector_node]: Processing phases: detection=idle lidar_detection=waiting_new_lidar tracking=idle classification=idle
[lvdot_detector_main-8] [INFO] [1777000965.847999589] [lvdot_detector_node]: Pipeline stats: depth_samples=1539/71300 u_map=3 depth_boxes=0 u_map_merge=0 u_map_db=0 u_map_visual=0 u_map_fused=0 u_map_filtered=0 lidar_samples=3410/125676 uv=2 db=13 lidar=6 fused=8 filtered=8 tracks=6 dynamic=0 dyn_points=0 raw_dyn_points=0 service=30/2 split=8->0 (8 outputs) fusion_components=8 visual_only=2 lidar_only=6 yolo_in=1 yolo_match3d=1 yolo_match_det=1 yolo_human=1 fixed_size=0 size_reject=0
[lvdot_detector_main-8] [INFO] [1777000971.487965651] [lvdot_detector_node]: Input health: depth=171 color=172 lidar=20 pose=173 odom=172 yolo=165 depth_pose_sync=0 lidar_pose_sync=0 depth_odom_sync=0 lidar_odom_sync=0
[lvdot_detector_main-8] [INFO] [1777000971.492809081] [lvdot_detector_node]: Stage timers: detection=178 lidar_detection=178 tracking=178 classification=178 vis=0
[lvdot_detector_main-8] [INFO] [1777000971.492848699] [lvdot_detector_node]: Processing phases: detection=idle lidar_detection=waiting_new_lidar tracking=idle classification=idle
[lvdot_detector_main-8] [INFO] [1777000971.492864889] [lvdot_detector_node]: Pipeline stats: depth_samples=1481/71300 u_map=1 depth_boxes=0 u_map_merge=0 u_map_db=0 u_map_visual=0 u_map_fused=0 u_map_filtered=0 lidar_samples=3410/125676 uv=1 db=11 lidar=6 fused=7 filtered=7 tracks=7 dynamic=1 dyn_points=0 raw_dyn_points=0 service=30/2 split=7->0 (7 outputs) fusion_components=7 visual_only=1 lidar_only=6 yolo_in=4 yolo_match3d=1 yolo_match_det=1 yolo_human=1 fixed_size=0 size_reject=1
[lvdot_detector_main-8] [INFO] [1777000980.766147475] [lvdot_detector_node]: Input health: depth=175 color=176 lidar=21 pose=177 odom=176 yolo=169 depth_pose_sync=0 lidar_pose_sync=0 depth_odom_sync=0 lidar_odom_sync=0
[lvdot_detector_main-8] [INFO] [1777000980.770774402] [lvdot_detector_node]: Stage timers: detection=182 lidar_detection=182 tracking=182 classification=182 vis=0
[lvdot_detector_main-8] [INFO] [1777000980.770792642] [lvdot_detector_node]: Processing phases: detection=idle lidar_detection=waiting_new_lidar tracking=idle classification=idle
[lvdot_detector_main-8] [INFO] [1777000980.770802922] [lvdot_detector_node]: Pipeline stats: depth_samples=1116/71300 u_map=1 depth_boxes=0 u_map_merge=0 u_map_db=0 u_map_visual=0 u_map_fused=0 u_map_filtered=0 lidar_samples=1907/166311 uv=1 db=7 lidar=5 fused=6 filtered=6 tracks=7 dynamic=1 dyn_points=0 raw_dyn_points=0 service=30/2 split=6->0 (6 outputs) fusion_components=6 visual_only=1 lidar_only=5 yolo_in=3 yolo_match3d=0 yolo_match_det=0 yolo_human=0 fixed_size=0 size_reject=1
[lvdot_detector_main-8] [INFO] [1777000987.291344029] [lvdot_detector_node]: Input health: depth=179 color=180 lidar=21 pose=181 odom=180 yolo=173 depth_pose_sync=0 lidar_pose_sync=0 depth_odom_sync=0 lidar_odom_sync=0
[lvdot_detector_main-8] [INFO] [1777000987.291429581] [lvdot_detector_node]: Stage timers: detection=186 lidar_detection=186 tracking=186 classification=186 vis=0
[lvdot_detector_main-8] [INFO] [1777000987.291458198] [lvdot_detector_node]: Processing phases: detection=idle lidar_detection=waiting_new_lidar tracking=idle classification=idle
[lvdot_detector_main-8] [INFO] [1777000987.291470163] [lvdot_detector_node]: Pipeline stats: depth_samples=1506/71300 u_map=2 depth_boxes=0 u_map_merge=0 u_map_db=0 u_map_visual=0 u_map_fused=0 u_map_filtered=0 lidar_samples=1907/166311 uv=2 db=11 lidar=5 fused=7 filtered=7 tracks=6 dynamic=1 dyn_points=0 raw_dyn_points=0 service=30/2 split=7->0 (7 outputs) fusion_components=7 visual_only=2 lidar_only=5 yolo_in=1 yolo_match3d=0 yolo_match_det=0 yolo_human=0 fixed_size=0 size_reject=0
[lvdot_detector_main-8] [INFO] [1777000993.888550848] [lvdot_detector_node]: Input health: depth=183 color=184 lidar=21 pose=185 odom=184 yolo=177 depth_pose_sync=0 lidar_pose_sync=0 depth_odom_sync=0 lidar_odom_sync=0
[lvdot_detector_main-8] [INFO] [1777000993.888624937] [lvdot_detector_node]: Stage timers: detection=190 lidar_detection=190 tracking=190 classification=190 vis=0
[lvdot_detector_main-8] [INFO] [1777000993.888636190] [lvdot_detector_node]: Processing phases: detection=idle lidar_detection=waiting_new_lidar tracking=idle classification=idle
[lvdot_detector_main-8] [INFO] [1777000993.888645551] [lvdot_detector_node]: Pipeline stats: depth_samples=1277/71300 u_map=2 depth_boxes=0 u_map_merge=0 u_map_db=0 u_map_visual=0 u_map_fused=0 u_map_filtered=0 lidar_samples=1907/166311 uv=1 db=9 lidar=5 fused=6 filtered=6 tracks=5 dynamic=0 dyn_points=0 raw_dyn_points=0 service=30/2 split=6->0 (6 outputs) fusion_components=6 visual_only=1 lidar_only=5 yolo_in=3 yolo_match3d=0 yolo_match_det=0 yolo_human=0 fixed_size=0 size_reject=0
[lvdot_detector_main-8] [INFO] [1777001001.160890813] [lvdot_detector_node]: Input health: depth=187 color=188 lidar=21 pose=189 odom=188 yolo=181 depth_pose_sync=0 lidar_pose_sync=0 depth_odom_sync=0 lidar_odom_sync=0
[lvdot_detector_main-8] [INFO] [1777001001.161906810] [lvdot_detector_node]: Stage timers: detection=194 lidar_detection=194 tracking=194 classification=194 vis=0
[lvdot_detector_main-8] [INFO] [1777001001.162230064] [lvdot_detector_node]: Processing phases: detection=idle lidar_detection=waiting_new_lidar tracking=idle classification=idle
[lvdot_detector_main-8] [INFO] [1777001001.162243945] [lvdot_detector_node]: Pipeline stats: depth_samples=1531/71300 u_map=3 depth_boxes=0 u_map_merge=0 u_map_db=0 u_map_visual=0 u_map_fused=0 u_map_filtered=0 lidar_samples=1907/166311 uv=2 db=17 lidar=5 fused=7 filtered=7 tracks=5 dynamic=0 dyn_points=0 raw_dyn_points=0 service=30/2 split=7->0 (7 outputs) fusion_components=7 visual_only=2 lidar_only=5 yolo_in=2 yolo_match3d=0 yolo_match_det=0 yolo_human=0 fixed_size=5 size_reject=0
[lvdot_detector_main-8] [INFO] [1777001001.163074797] [lvdot_detector_node]: get_dynamic_obstacles responded with 0 obstacles from 0 tracked dynamic boxes.
[lvdot_detector_main-8] [INFO] [1777001008.452961358] [lvdot_detector_node]: Input health: depth=191 color=192 lidar=21 pose=193 odom=192 yolo=185 depth_pose_sync=0 lidar_pose_sync=0 depth_odom_sync=0 lidar_odom_sync=0
[lvdot_detector_main-8] [INFO] [1777001008.454390161] [lvdot_detector_node]: Stage timers: detection=198 lidar_detection=198 tracking=198 classification=198 vis=0
[lvdot_detector_main-8] [INFO] [1777001008.455380278] [lvdot_detector_node]: Processing phases: detection=idle lidar_detection=waiting_new_lidar tracking=idle classification=idle
[lvdot_detector_main-8] [INFO] [1777001008.456274642] [lvdot_detector_node]: Pipeline stats: depth_samples=1647/71300 u_map=3 depth_boxes=0 u_map_merge=0 u_map_db=0 u_map_visual=0 u_map_fused=0 u_map_filtered=0 lidar_samples=1907/166311 uv=1 db=17 lidar=5 fused=6 filtered=6 tracks=6 dynamic=0 dyn_points=0 raw_dyn_points=0 service=31/0 split=6->0 (6 outputs) fusion_components=6 visual_only=1 lidar_only=5 yolo_in=2 yolo_match3d=2 yolo_match_det=2 yolo_human=2 fixed_size=5 size_reject=0
[lvdot_detector_main-8] [INFO] [1777001015.922393314] [lvdot_detector_node]: Input health: depth=193 color=194 lidar=22 pose=195 odom=194 yolo=187 depth_pose_sync=0 lidar_pose_sync=0 depth_odom_sync=0 lidar_odom_sync=0
[lvdot_detector_main-8] [INFO] [1777001015.922464189] [lvdot_detector_node]: Stage timers: detection=200 lidar_detection=200 tracking=200 classification=200 vis=0
[lvdot_detector_main-8] [INFO] [1777001015.922476336] [lvdot_detector_node]: Processing phases: detection=idle lidar_detection=waiting_new_lidar tracking=idle classification=idle
[lvdot_detector_main-8] [INFO] [1777001015.922486375] [lvdot_detector_node]: Pipeline stats: depth_samples=1316/71300 u_map=0 depth_boxes=0 u_map_merge=0 u_map_db=0 u_map_visual=0 u_map_fused=0 u_map_filtered=0 lidar_samples=3149/137008 uv=0 db=9 lidar=20 fused=20 filtered=20 tracks=22 dynamic=1 dyn_points=0 raw_dyn_points=0 service=31/0 split=20->0 (20 outputs) fusion_components=20 visual_only=0 lidar_only=20 yolo_in=3 yolo_match3d=0 yolo_match_det=0 yolo_human=0 fixed_size=0 size_reject=1
[lvdot_detector_main-8] [INFO] [1777001023.667721368] [lvdot_detector_node]: Input health: depth=198 color=199 lidar=22 pose=200 odom=199 yolo=192 depth_pose_sync=0 lidar_pose_sync=0 depth_odom_sync=0 lidar_odom_sync=0
[lvdot_detector_main-8] [INFO] [1777001023.671279566] [lvdot_detector_node]: Stage timers: detection=205 lidar_detection=205 tracking=205 classification=205 vis=0
[lvdot_detector_main-8] [INFO] [1777001023.671341311] [lvdot_detector_node]: Processing phases: detection=idle lidar_detection=waiting_new_lidar tracking=idle classification=idle
[lvdot_detector_main-8] [INFO] [1777001023.671355453] [lvdot_detector_node]: Pipeline stats: depth_samples=1517/71300 u_map=3 depth_boxes=0 u_map_merge=0 u_map_db=0 u_map_visual=0 u_map_fused=0 u_map_filtered=0 lidar_samples=3149/137008 uv=3 db=10 lidar=20 fused=23 filtered=23 tracks=21 dynamic=0 dyn_points=0 raw_dyn_points=0 service=31/0 split=23->0 (23 outputs) fusion_components=23 visual_only=3 lidar_only=20 yolo_in=1 yolo_match3d=1 yolo_match_det=1 yolo_human=1 fixed_size=1 size_reject=0
