[INFO] [launch]: All log files can be found below /home/skbt2/.ros/log/2026-04-23-22-28-23-820064-DESKTOP-90MQDL6-129254
[INFO] [launch]: Default logging verbosity is set to INFO
[INFO] [gazebo-1]: process started with pid [129296]
[INFO] [parameter_bridge-2]: process started with pid [129297]
[INFO] [pedestrian_state_publisher-3]: process started with pid [129298]
[INFO] [uav_trajectory_controller-4]: process started with pid [129299]
[INFO] [image_pointcloud_relay-5]: process started with pid [129300]
[INFO] [lvdot_yolo_node-6]: process started with pid [129301]
[INFO] [lvdot_detector_main-7]: process started with pid [129302]
[lvdot_detector_main-7] [INFO] [1776954504.364886055] [lvdot_detector_node]: Config loaded: localization_mode=0 dt=0.033 image=640x480 depth_range=[0.20, 12.00] stage_timers=true
[lvdot_detector_main-7] [INFO] [1776954504.398016606] [lvdot_detector_node]: LV-DOT ROS2 skeleton started. depth=/camera/depth/image_rect_raw color=/camera/color/image_raw lidar=/rgbd_camera/points pose=/mavros/local_position/pose odom=/mavros/local_position/odom yolo=/yolo_detector/detected_bounding_boxes
[parameter_bridge-2] [INFO] [1776954505.678227453] [ros_gz_bridge]: Creating GZ->ROS Bridge: [/rgbd_camera/image (gz.msgs.Image) -> /rgbd_camera/image (sensor_msgs/msg/Image)] (Lazy 0)
[parameter_bridge-2] [INFO] [1776954505.784516666] [ros_gz_bridge]: Creating GZ->ROS Bridge: [/rgbd_camera/camera_info (gz.msgs.CameraInfo) -> /rgbd_camera/camera_info (sensor_msgs/msg/CameraInfo)] (Lazy 0)
[parameter_bridge-2] [INFO] [1776954505.786573971] [ros_gz_bridge]: Creating GZ->ROS Bridge: [/rgbd_camera/depth_image (gz.msgs.Image) -> /rgbd_camera/depth_image (sensor_msgs/msg/Image)] (Lazy 0)
[parameter_bridge-2] [INFO] [1776954505.788007901] [ros_gz_bridge]: Creating GZ->ROS Bridge: [/rgbd_camera/points (gz.msgs.PointCloudPacked) -> /rgbd_camera/points (sensor_msgs/msg/PointCloud2)] (Lazy 0)
[parameter_bridge-2] [INFO] [1776954505.790206019] [ros_gz_bridge]: Creating GZ->ROS Bridge: [/camera/imu (gz.msgs.IMU) -> /camera/imu (sensor_msgs/msg/Imu)] (Lazy 0)
[parameter_bridge-2] [INFO] [1776954505.791862963] [ros_gz_bridge]: Creating ROS->GZ service bridge [/world/pedestrian_prototype/set_pose (ros_gz_interfaces/srv/SetEntityPose -> /)]
[parameter_bridge-2] [INFO] [1776954505.818301905] [ros_gz_bridge]: Creating ROS->GZ service bridge [/world/pedestrian_prototype/set_pose/blocking (ros_gz_interfaces/srv/SetEntityPose -> /)]
[lvdot_detector_main-7] [INFO] [1776954506.398619339] [lvdot_detector_node]: Input health: depth=0 color=0 lidar=0 pose=0 odom=0 yolo=0 depth_pose_sync=0 lidar_pose_sync=0 depth_odom_sync=0 lidar_odom_sync=0
[lvdot_detector_main-7] [INFO] [1776954506.398820172] [lvdot_detector_node]: Stage timers: detection=60 lidar_detection=60 tracking=60 classification=60 vis=56
[lvdot_detector_main-7] [INFO] [1776954506.398849278] [lvdot_detector_node]: Processing phases: detection=waiting_sensor_pose lidar_detection=waiting_new_lidar tracking=waiting_new_filtered_update classification=waiting_new_tracking_update
[lvdot_detector_main-7] [INFO] [1776954506.398867946] [lvdot_detector_node]: Pipeline stats: depth_samples=0/0 u_map=0 depth_boxes=0 u_map_merge=0 u_map_db=0 u_map_visual=0 u_map_fused=0 u_map_filtered=0 lidar_samples=0/0 uv=0 db=0 lidar=0 fused=0 filtered=0 tracks=0 dynamic=0 dyn_points=0 raw_dyn_points=0 service=0/0 split=0->0 (0 outputs) fusion_components=0 visual_only=0 lidar_only=0 fixed_size=0 size_reject=0
[uav_trajectory_controller-4] [WARN] [1776954506.644956207] [uav_trajectory_controller]: SetEntityPose request timed out after 0.62s on /world/pedestrian_prototype/set_pose/blocking; dropping the pending request and retrying.
[uav_trajectory_controller-4] [WARN] [1776954506.646704283] [uav_trajectory_controller]: Falling back from /world/pedestrian_prototype/set_pose/blocking to /world/pedestrian_prototype/set_pose.
[uav_trajectory_controller-4] [WARN] [1776954507.306557140] [uav_trajectory_controller]: SetEntityPose request timed out after 0.62s on /world/pedestrian_prototype/set_pose; dropping the pending request and retrying.
[uav_trajectory_controller-4] [WARN] [1776954507.934762741] [uav_trajectory_controller]: SetEntityPose request timed out after 0.50s on /world/pedestrian_prototype/set_pose; dropping the pending request and retrying.
[uav_trajectory_controller-4] [WARN] [1776954508.681599812] [uav_trajectory_controller]: SetEntityPose request timed out after 0.62s on /world/pedestrian_prototype/set_pose; dropping the pending request and retrying.
[uav_trajectory_controller-4] [WARN] [1776954509.432809367] [uav_trajectory_controller]: SetEntityPose request timed out after 0.62s on /world/pedestrian_prototype/set_pose; dropping the pending request and retrying.
[gazebo-1] [INFO] [1776954510.021673112] [pedestrian_pose_sync_system]: Configured pedestrian pose sync plugin on topic [/pedestrian_sim/agent_states] for 8 models.
[lvdot_detector_main-7] [INFO] [1776954512.398575752] [lvdot_detector_node]: Input health: depth=0 color=0 lidar=0 pose=20 odom=20 yolo=0 depth_pose_sync=0 lidar_pose_sync=0 depth_odom_sync=0 lidar_odom_sync=0
[lvdot_detector_main-7] [INFO] [1776954512.398877303] [lvdot_detector_node]: Stage timers: detection=242 lidar_detection=242 tracking=242 classification=242 vis=238
[lvdot_detector_main-7] [INFO] [1776954512.398910684] [lvdot_detector_node]: Processing phases: detection=waiting_depth lidar_detection=waiting_new_lidar tracking=waiting_new_filtered_update classification=waiting_new_tracking_update
[lvdot_detector_main-7] [INFO] [1776954512.398924465] [lvdot_detector_node]: Pipeline stats: depth_samples=0/0 u_map=0 depth_boxes=0 u_map_merge=0 u_map_db=0 u_map_visual=0 u_map_fused=0 u_map_filtered=0 lidar_samples=0/0 uv=0 db=0 lidar=0 fused=0 filtered=0 tracks=0 dynamic=0 dyn_points=0 raw_dyn_points=0 service=0/0 split=0->0 (0 outputs) fusion_components=0 visual_only=0 lidar_only=0 fixed_size=0 size_reject=0
[lvdot_detector_main-7] [INFO] [1776954518.923509481] [lvdot_detector_node]: Input health: depth=0 color=0 lidar=0 pose=68 odom=68 yolo=0 depth_pose_sync=0 lidar_pose_sync=0 depth_odom_sync=0 lidar_odom_sync=0
[lvdot_detector_main-7] [INFO] [1776954518.923608503] [lvdot_detector_node]: Stage timers: detection=424 lidar_detection=424 tracking=424 classification=424 vis=420
[lvdot_detector_main-7] [INFO] [1776954518.923620806] [lvdot_detector_node]: Processing phases: detection=waiting_depth lidar_detection=waiting_new_lidar tracking=waiting_new_filtered_update classification=waiting_new_tracking_update
[lvdot_detector_main-7] [INFO] [1776954518.923629008] [lvdot_detector_node]: Pipeline stats: depth_samples=0/0 u_map=0 depth_boxes=0 u_map_merge=0 u_map_db=0 u_map_visual=0 u_map_fused=0 u_map_filtered=0 lidar_samples=0/0 uv=0 db=0 lidar=0 fused=0 filtered=0 tracks=0 dynamic=0 dyn_points=0 raw_dyn_points=0 service=0/0 split=0->0 (0 outputs) fusion_components=0 visual_only=0 lidar_only=0 fixed_size=0 size_reject=0
[lvdot_detector_main-7] [INFO] [1776954524.935718301] [lvdot_detector_node]: Input health: depth=32 color=31 lidar=34 pose=116 odom=116 yolo=0 depth_pose_sync=0 lidar_pose_sync=0 depth_odom_sync=0 lidar_odom_sync=0
[lvdot_detector_main-7] [INFO] [1776954524.935840126] [lvdot_detector_node]: Stage timers: detection=542 lidar_detection=537 tracking=606 classification=606 vis=601
[lvdot_detector_main-7] [INFO] [1776954524.935861576] [lvdot_detector_node]: Processing phases: detection=run_core lidar_detection=run_lidar_detector/project tracking=waiting_new_filtered_update classification=waiting_new_tracking_update
[lvdot_detector_main-7] [INFO] [1776954524.935877618] [lvdot_detector_node]: Pipeline stats: depth_samples=105/71300 u_map=0 depth_boxes=0 u_map_merge=0 u_map_db=0 u_map_visual=0 u_map_fused=0 u_map_filtered=0 lidar_samples=3036/119919 uv=0 db=1 lidar=7 fused=0 filtered=0 tracks=0 dynamic=0 dyn_points=0 raw_dyn_points=0 service=0/0 split=0->0 (0 outputs) fusion_components=0 visual_only=0 lidar_only=0 fixed_size=0 size_reject=0
[lvdot_detector_main-7] [INFO] [1776954530.923600584] [lvdot_detector_node]: Input health: depth=77 color=78 lidar=79 pose=164 odom=164 yolo=0 depth_pose_sync=0 lidar_pose_sync=0 depth_odom_sync=0 lidar_odom_sync=0
[lvdot_detector_main-7] [INFO] [1776954530.923711584] [lvdot_detector_node]: Stage timers: detection=556 lidar_detection=540 tracking=787 classification=787 vis=782
[lvdot_detector_main-7] [INFO] [1776954530.923725484] [lvdot_detector_node]: Processing phases: detection=run_core lidar_detection=run_lidar_detector/decode tracking=waiting_new_filtered_update classification=waiting_new_tracking_update
[lvdot_detector_main-7] [INFO] [1776954530.923735884] [lvdot_detector_node]: Pipeline stats: depth_samples=176/71300 u_map=3 depth_boxes=0 u_map_merge=0 u_map_db=0 u_map_visual=0 u_map_fused=0 u_map_filtered=0 lidar_samples=3111/138579 uv=1 db=3 lidar=18 fused=19 filtered=19 tracks=9 dynamic=0 dyn_points=0 raw_dyn_points=0 service=0/0 split=19->0 (19 outputs) fusion_components=19 visual_only=1 lidar_only=18 fixed_size=0 size_reject=0
[lvdot_detector_main-7] [INFO] [1776954536.924449702] [lvdot_detector_node]: Input health: depth=101 color=103 lidar=106 pose=212 odom=212 yolo=2 depth_pose_sync=0 lidar_pose_sync=0 depth_odom_sync=0 lidar_odom_sync=0
[lvdot_detector_main-7] [INFO] [1776954536.924563554] [lvdot_detector_node]: Stage timers: detection=569 lidar_detection=542 tracking=969 classification=966 vis=961
[lvdot_detector_main-7] [INFO] [1776954536.924582546] [lvdot_detector_node]: Processing phases: detection=run_core lidar_detection=run_lidar_detector/dbscan tracking=waiting_new_filtered_update classification=waiting_new_tracking_update
[lvdot_detector_main-7] [INFO] [1776954536.924594979] [lvdot_detector_node]: Pipeline stats: depth_samples=182/71300 u_map=4 depth_boxes=0 u_map_merge=0 u_map_db=0 u_map_visual=0 u_map_fused=0 u_map_filtered=0 lidar_samples=3085/175781 uv=0 db=2 lidar=20 fused=20 filtered=20 tracks=20 dynamic=0 dyn_points=0 raw_dyn_points=0 service=0/0 split=20->0 (20 outputs) fusion_components=20 visual_only=0 lidar_only=20 fixed_size=0 size_reject=0
[lvdot_detector_main-7] [INFO] [1776954542.923619676] [lvdot_detector_node]: Input health: depth=144 color=136 lidar=146 pose=260 odom=260 yolo=13 depth_pose_sync=0 lidar_pose_sync=0 depth_odom_sync=0 lidar_odom_sync=0
[lvdot_detector_main-7] [INFO] [1776954542.923733607] [lvdot_detector_node]: Stage timers: detection=580 lidar_detection=544 tracking=1148 classification=1146 vis=1127
[lvdot_detector_main-7] [INFO] [1776954542.923755000] [lvdot_detector_node]: Processing phases: detection=run_core lidar_detection=run_lidar_detector/dbscan tracking=waiting_new_filtered_update classification=waiting_new_tracking_update
[lvdot_detector_main-7] [INFO] [1776954542.923768334] [lvdot_detector_node]: Pipeline stats: depth_samples=105/71300 u_map=0 depth_boxes=0 u_map_merge=0 u_map_db=0 u_map_visual=0 u_map_fused=0 u_map_filtered=0 lidar_samples=3206/126105 uv=0 db=1 lidar=13 fused=13 filtered=13 tracks=13 dynamic=0 dyn_points=0 raw_dyn_points=0 service=0/0 split=13->0 (13 outputs) fusion_components=13 visual_only=0 lidar_only=13 fixed_size=0 size_reject=0
[lvdot_detector_main-7] [INFO] [1776954548.927603824] [lvdot_detector_node]: Input health: depth=171 color=164 lidar=173 pose=308 odom=308 yolo=23 depth_pose_sync=0 lidar_pose_sync=0 depth_odom_sync=0 lidar_odom_sync=0
[lvdot_detector_main-7] [INFO] [1776954548.927684213] [lvdot_detector_node]: Stage timers: detection=593 lidar_detection=547 tracking=1326 classification=1326 vis=1293
[lvdot_detector_main-7] [INFO] [1776954548.927693888] [lvdot_detector_node]: Processing phases: detection=run_core lidar_detection=run_lidar_detector/project tracking=waiting_new_filtered_update classification=idle
[lvdot_detector_main-7] [INFO] [1776954548.927700570] [lvdot_detector_node]: Pipeline stats: depth_samples=128/71300 u_map=2 depth_boxes=0 u_map_merge=0 u_map_db=0 u_map_visual=0 u_map_fused=0 u_map_filtered=0 lidar_samples=3472/107942 uv=0 db=3 lidar=9 fused=7 filtered=7 tracks=7 dynamic=0 dyn_points=0 raw_dyn_points=0 service=0/0 split=7->0 (7 outputs) fusion_components=7 visual_only=0 lidar_only=7 fixed_size=0 size_reject=0
[lvdot_detector_main-7] [INFO] [1776954555.472677217] [lvdot_detector_node]: Input health: depth=196 color=186 lidar=196 pose=357 odom=357 yolo=35 depth_pose_sync=0 lidar_pose_sync=0 depth_odom_sync=0 lidar_odom_sync=0
[lvdot_detector_main-7] [INFO] [1776954555.472781943] [lvdot_detector_node]: Stage timers: detection=604 lidar_detection=549 tracking=1507 classification=1508 vis=1467
[lvdot_detector_main-7] [INFO] [1776954555.472795408] [lvdot_detector_node]: Processing phases: detection=run_core lidar_detection=run_lidar_detector/dbscan tracking=waiting_new_filtered_update classification=waiting_new_tracking_update
[lvdot_detector_main-7] [INFO] [1776954555.472805781] [lvdot_detector_node]: Pipeline stats: depth_samples=184/71300 u_map=2 depth_boxes=0 u_map_merge=0 u_map_db=0 u_map_visual=0 u_map_fused=0 u_map_filtered=0 lidar_samples=2918/213657 uv=0 db=1 lidar=5 fused=5 filtered=5 tracks=5 dynamic=0 dyn_points=0 raw_dyn_points=0 service=0/0 split=5->0 (5 outputs) fusion_components=5 visual_only=0 lidar_only=5 fixed_size=0 size_reject=0
[lvdot_detector_main-7] [INFO] [1776954561.492787315] [lvdot_detector_node]: Input health: depth=252 color=230 lidar=249 pose=405 odom=405 yolo=46 depth_pose_sync=0 lidar_pose_sync=0 depth_odom_sync=0 lidar_odom_sync=0
[lvdot_detector_main-7] [INFO] [1776954561.492872815] [lvdot_detector_node]: Stage timers: detection=618 lidar_detection=552 tracking=1686 classification=1686 vis=1643
[lvdot_detector_main-7] [INFO] [1776954561.492883515] [lvdot_detector_node]: Processing phases: detection=run_core lidar_detection=run_lidar_detector/project tracking=waiting_new_filtered_update classification=idle
[lvdot_detector_main-7] [INFO] [1776954561.492890815] [lvdot_detector_node]: Pipeline stats: depth_samples=105/71300 u_map=0 depth_boxes=0 u_map_merge=0 u_map_db=0 u_map_visual=0 u_map_fused=0 u_map_filtered=0 lidar_samples=3066/143302 uv=0 db=1 lidar=69 fused=69 filtered=69 tracks=69 dynamic=0 dyn_points=0 raw_dyn_points=0 service=0/0 split=69->0 (69 outputs) fusion_components=69 visual_only=0 lidar_only=69 fixed_size=0 size_reject=0
[lvdot_detector_main-7] [INFO] [1776954567.459569242] [lvdot_detector_node]: Input health: depth=283 color=259 lidar=277 pose=453 odom=453 yolo=58 depth_pose_sync=0 lidar_pose_sync=0 depth_odom_sync=0 lidar_odom_sync=0
[lvdot_detector_main-7] [INFO] [1776954567.459658724] [lvdot_detector_node]: Stage timers: detection=631 lidar_detection=554 tracking=1863 classification=1865 vis=1819
[lvdot_detector_main-7] [INFO] [1776954567.459668449] [lvdot_detector_node]: Processing phases: detection=run_core lidar_detection=run_lidar_detector/dbscan tracking=waiting_new_filtered_update classification=waiting_new_tracking_update
[lvdot_detector_main-7] [INFO] [1776954567.459675521] [lvdot_detector_node]: Pipeline stats: depth_samples=128/71300 u_map=4 depth_boxes=0 u_map_merge=0 u_map_db=0 u_map_visual=0 u_map_fused=0 u_map_filtered=0 lidar_samples=3252/126170 uv=0 db=3 lidar=18 fused=18 filtered=18 tracks=18 dynamic=0 dyn_points=0 raw_dyn_points=0 service=0/0 split=18->0 (18 outputs) fusion_components=18 visual_only=0 lidar_only=18 fixed_size=0 size_reject=0
[lvdot_detector_main-7] [INFO] [1776954573.459620413] [lvdot_detector_node]: Input health: depth=318 color=290 lidar=305 pose=501 odom=501 yolo=70 depth_pose_sync=0 lidar_pose_sync=0 depth_odom_sync=0 lidar_odom_sync=0
[lvdot_detector_main-7] [INFO] [1776954573.459704785] [lvdot_detector_node]: Stage timers: detection=644 lidar_detection=557 tracking=2045 classification=2047 vis=1998
[lvdot_detector_main-7] [INFO] [1776954573.459715929] [lvdot_detector_node]: Processing phases: detection=run_core lidar_detection=run_lidar_detector/project tracking=waiting_new_filtered_update classification=waiting_new_tracking_update
[lvdot_detector_main-7] [INFO] [1776954573.459736325] [lvdot_detector_node]: Pipeline stats: depth_samples=188/71300 u_map=3 depth_boxes=0 u_map_merge=0 u_map_db=0 u_map_visual=0 u_map_fused=0 u_map_filtered=0 lidar_samples=3129/118590 uv=0 db=2 lidar=10 fused=16 filtered=16 tracks=16 dynamic=0 dyn_points=0 raw_dyn_points=0 service=0/0 split=16->0 (16 outputs) fusion_components=16 visual_only=0 lidar_only=16 fixed_size=0 size_reject=0
[lvdot_detector_main-7] [INFO] [1776954579.459816977] [lvdot_detector_node]: Input health: depth=369 color=327 lidar=347 pose=549 odom=549 yolo=82 depth_pose_sync=0 lidar_pose_sync=0 depth_odom_sync=0 lidar_odom_sync=0
[lvdot_detector_main-7] [INFO] [1776954579.459895778] [lvdot_detector_node]: Stage timers: detection=656 lidar_detection=559 tracking=2227 classification=2229 vis=2163
[lvdot_detector_main-7] [INFO] [1776954579.459905528] [lvdot_detector_node]: Processing phases: detection=run_core lidar_detection=run_lidar_detector/dbscan tracking=waiting_new_filtered_update classification=waiting_new_tracking_update
[lvdot_detector_main-7] [INFO] [1776954579.459912294] [lvdot_detector_node]: Pipeline stats: depth_samples=105/71300 u_map=0 depth_boxes=0 u_map_merge=0 u_map_db=0 u_map_visual=0 u_map_fused=0 u_map_filtered=0 lidar_samples=3070/117568 uv=0 db=1 lidar=7 fused=7 filtered=7 tracks=7 dynamic=0 dyn_points=0 raw_dyn_points=0 service=0/0 split=7->0 (7 outputs) fusion_components=7 visual_only=0 lidar_only=7 fixed_size=0 size_reject=0
[lvdot_detector_main-7] [INFO] [1776954586.063080525] [lvdot_detector_node]: Input health: depth=400 color=361 lidar=378 pose=597 odom=597 yolo=95 depth_pose_sync=0 lidar_pose_sync=0 depth_odom_sync=0 lidar_odom_sync=0
[lvdot_detector_main-7] [INFO] [1776954586.063151819] [lvdot_detector_node]: Stage timers: detection=669 lidar_detection=562 tracking=2409 classification=2411 vis=2343
[lvdot_detector_main-7] [INFO] [1776954586.063166098] [lvdot_detector_node]: Processing phases: detection=run_core lidar_detection=run_lidar_detector/downsample tracking=waiting_new_filtered_update classification=waiting_new_tracking_update
[lvdot_detector_main-7] [INFO] [1776954586.063178080] [lvdot_detector_node]: Pipeline stats: depth_samples=198/71300 u_map=3 depth_boxes=0 u_map_merge=0 u_map_db=0 u_map_visual=0 u_map_fused=0 u_map_filtered=0 lidar_samples=3301/125885 uv=1 db=2 lidar=16 fused=4 filtered=4 tracks=4 dynamic=0 dyn_points=0 raw_dyn_points=0 service=0/0 split=4->1 (4 outputs) fusion_components=4 visual_only=1 lidar_only=3 fixed_size=0 size_reject=1
[lvdot_detector_main-7] [INFO] [1776954592.087583313] [lvdot_detector_node]: Input health: depth=430 color=396 lidar=409 pose=645 odom=645 yolo=107 depth_pose_sync=0 lidar_pose_sync=0 depth_odom_sync=0 lidar_odom_sync=0
[lvdot_detector_main-7] [INFO] [1776954592.089410963] [lvdot_detector_node]: Stage timers: detection=683 lidar_detection=564 tracking=2591 classification=2593 vis=2519
[lvdot_detector_main-7] [INFO] [1776954592.089448455] [lvdot_detector_node]: Processing phases: detection=run_core lidar_detection=run_lidar_detector/dbscan tracking=waiting_new_filtered_update classification=run_core
[lvdot_detector_main-7] [INFO] [1776954592.089464313] [lvdot_detector_node]: Pipeline stats: depth_samples=130/71300 u_map=3 depth_boxes=0 u_map_merge=0 u_map_db=0 u_map_visual=0 u_map_fused=0 u_map_filtered=0 lidar_samples=3077/195506 uv=0 db=1 lidar=19 fused=19 filtered=19 tracks=19 dynamic=0 dyn_points=0 raw_dyn_points=0 service=0/0 split=19->0 (19 outputs) fusion_components=19 visual_only=0 lidar_only=19 fixed_size=0 size_reject=0
[lvdot_detector_main-7] [INFO] [1776954598.062693175] [lvdot_detector_node]: Input health: depth=480 color=427 lidar=445 pose=693 odom=693 yolo=118 depth_pose_sync=0 lidar_pose_sync=0 depth_odom_sync=0 lidar_odom_sync=0
[lvdot_detector_main-7] [INFO] [1776954598.062756811] [lvdot_detector_node]: Stage timers: detection=695 lidar_detection=567 tracking=2766 classification=2753 vis=2683
[lvdot_detector_main-7] [INFO] [1776954598.062768381] [lvdot_detector_node]: Processing phases: detection=run_core lidar_detection=run_lidar_detector/project tracking=waiting_new_filtered_update classification=run_core
[lvdot_detector_main-7] [INFO] [1776954598.062777500] [lvdot_detector_node]: Pipeline stats: depth_samples=105/71300 u_map=0 depth_boxes=0 u_map_merge=0 u_map_db=0 u_map_visual=0 u_map_fused=0 u_map_filtered=0 lidar_samples=3215/124498 uv=0 db=1 lidar=9 fused=9 filtered=9 tracks=9 dynamic=0 dyn_points=0 raw_dyn_points=0 service=0/0 split=9->0 (9 outputs) fusion_components=9 visual_only=0 lidar_only=9 fixed_size=0 size_reject=0
[lvdot_detector_main-7] [INFO] [1776954604.058649680] [lvdot_detector_node]: Input health: depth=505 color=449 lidar=468 pose=742 odom=742 yolo=129 depth_pose_sync=0 lidar_pose_sync=0 depth_odom_sync=0 lidar_odom_sync=0
[lvdot_detector_main-7] [INFO] [1776954604.058745869] [lvdot_detector_node]: Stage timers: detection=708 lidar_detection=569 tracking=2947 classification=2933 vis=2864
[lvdot_detector_main-7] [INFO] [1776954604.058759204] [lvdot_detector_node]: Processing phases: detection=run_core lidar_detection=run_lidar_detector/dbscan tracking=waiting_new_filtered_update classification=waiting_new_tracking_update
[lvdot_detector_main-7] [INFO] [1776954604.058769597] [lvdot_detector_node]: Pipeline stats: depth_samples=164/71300 u_map=5 depth_boxes=0 u_map_merge=0 u_map_db=0 u_map_visual=0 u_map_fused=0 u_map_filtered=0 lidar_samples=3312/132106 uv=0 db=2 lidar=19 fused=19 filtered=19 tracks=19 dynamic=0 dyn_points=0 raw_dyn_points=0 service=0/0 split=19->0 (19 outputs) fusion_components=19 visual_only=0 lidar_only=19 fixed_size=0 size_reject=0
[lvdot_detector_main-7] [INFO] [1776954610.062671489] [lvdot_detector_node]: Input health: depth=536 color=478 lidar=500 pose=790 odom=789 yolo=139 depth_pose_sync=0 lidar_pose_sync=0 depth_odom_sync=0 lidar_odom_sync=0
[lvdot_detector_main-7] [INFO] [1776954610.062738108] [lvdot_detector_node]: Stage timers: detection=720 lidar_detection=571 tracking=3127 classification=3110 vis=3033
[lvdot_detector_main-7] [INFO] [1776954610.062752802] [lvdot_detector_node]: Processing phases: detection=run_core lidar_detection=run_lidar_detector/dbscan tracking=waiting_new_filtered_update classification=waiting_new_tracking_update
[lvdot_detector_main-7] [INFO] [1776954610.062765113] [lvdot_detector_node]: Pipeline stats: depth_samples=130/71300 u_map=4 depth_boxes=0 u_map_merge=0 u_map_db=0 u_map_visual=0 u_map_fused=0 u_map_filtered=0 lidar_samples=3396/153950 uv=0 db=1 lidar=17 fused=17 filtered=17 tracks=17 dynamic=0 dyn_points=0 raw_dyn_points=0 service=0/0 split=17->0 (17 outputs) fusion_components=17 visual_only=0 lidar_only=17 fixed_size=0 size_reject=0
[lvdot_detector_main-7] [INFO] [1776954616.650667341] [lvdot_detector_node]: Input health: depth=595 color=520 lidar=549 pose=838 odom=838 yolo=152 depth_pose_sync=0 lidar_pose_sync=0 depth_odom_sync=0 lidar_odom_sync=0
[lvdot_detector_main-7] [INFO] [1776954616.650758861] [lvdot_detector_node]: Stage timers: detection=733 lidar_detection=574 tracking=3305 classification=3288 vis=3200
[lvdot_detector_main-7] [INFO] [1776954616.650775211] [lvdot_detector_node]: Processing phases: detection=run_core lidar_detection=run_lidar_detector/downsample tracking=waiting_new_filtered_update classification=waiting_new_tracking_update
[lvdot_detector_main-7] [INFO] [1776954616.650786576] [lvdot_detector_node]: Pipeline stats: depth_samples=105/71300 u_map=0 depth_boxes=0 u_map_merge=0 u_map_db=0 u_map_visual=0 u_map_fused=0 u_map_filtered=0 lidar_samples=3134/151205 uv=0 db=0 lidar=62 fused=62 filtered=62 tracks=62 dynamic=0 dyn_points=0 raw_dyn_points=0 service=0/0 split=62->0 (62 outputs) fusion_components=62 visual_only=0 lidar_only=62 fixed_size=0 size_reject=0
[lvdot_detector_main-7] [INFO] [1776954622.654972451] [lvdot_detector_node]: Input health: depth=617 color=540 lidar=569 pose=886 odom=886 yolo=163 depth_pose_sync=0 lidar_pose_sync=0 depth_odom_sync=0 lidar_odom_sync=0
[lvdot_detector_main-7] [INFO] [1776954622.655079100] [lvdot_detector_node]: Stage timers: detection=746 lidar_detection=576 tracking=3485 classification=3469 vis=3377
[lvdot_detector_main-7] [INFO] [1776954622.655099824] [lvdot_detector_node]: Processing phases: detection=run_core lidar_detection=run_lidar_detector/dbscan tracking=waiting_new_filtered_update classification=waiting_new_tracking_update
[lvdot_detector_main-7] [INFO] [1776954622.655123969] [lvdot_detector_node]: Pipeline stats: depth_samples=114/71300 u_map=3 depth_boxes=0 u_map_merge=0 u_map_db=0 u_map_visual=0 u_map_fused=0 u_map_filtered=0 lidar_samples=3338/121638 uv=0 db=2 lidar=13 fused=13 filtered=13 tracks=13 dynamic=0 dyn_points=0 raw_dyn_points=0 service=0/0 split=13->0 (13 outputs) fusion_components=13 visual_only=0 lidar_only=13 fixed_size=0 size_reject=0
[lvdot_detector_main-7] [INFO] [1776954628.658446204] [lvdot_detector_node]: Input health: depth=628 color=552 lidar=579 pose=932 odom=932 yolo=169 depth_pose_sync=0 lidar_pose_sync=0 depth_odom_sync=0 lidar_odom_sync=0
[lvdot_detector_main-7] [INFO] [1776954628.658544604] [lvdot_detector_node]: Stage timers: detection=757 lidar_detection=578 tracking=3658 classification=3643 vis=3529
[lvdot_detector_main-7] [INFO] [1776954628.658568804] [lvdot_detector_node]: Processing phases: detection=run_core lidar_detection=run_lidar_detector/dbscan tracking=waiting_new_filtered_update classification=run_core
[lvdot_detector_main-7] [INFO] [1776954628.658590304] [lvdot_detector_node]: Pipeline stats: depth_samples=138/71300 u_map=2 depth_boxes=0 u_map_merge=0 u_map_db=0 u_map_visual=0 u_map_fused=0 u_map_filtered=0 lidar_samples=3018/175173 uv=0 db=1 lidar=11 fused=11 filtered=11 tracks=11 dynamic=0 dyn_points=0 raw_dyn_points=0 service=0/0 split=11->0 (11 outputs) fusion_components=11 visual_only=0 lidar_only=11 fixed_size=0 size_reject=0
[lvdot_detector_main-7] [INFO] [1776954634.650625674] [lvdot_detector_node]: Input health: depth=671 color=589 lidar=618 pose=976 odom=976 yolo=180 depth_pose_sync=0 lidar_pose_sync=0 depth_odom_sync=0 lidar_odom_sync=0
[lvdot_detector_main-7] [INFO] [1776954634.650747742] [lvdot_detector_node]: Stage timers: detection=769 lidar_detection=581 tracking=3832 classification=3817 vis=3697
[lvdot_detector_main-7] [INFO] [1776954634.650768070] [lvdot_detector_node]: Processing phases: detection=run_core lidar_detection=run_lidar_detector/dbscan tracking=waiting_new_filtered_update classification=waiting_new_tracking_update
[lvdot_detector_main-7] [INFO] [1776954634.650780504] [lvdot_detector_node]: Pipeline stats: depth_samples=105/71300 u_map=0 depth_boxes=0 u_map_merge=0 u_map_db=0 u_map_visual=0 u_map_fused=0 u_map_filtered=0 lidar_samples=3128/137863 uv=0 db=0 lidar=58 fused=58 filtered=58 tracks=58 dynamic=0 dyn_points=0 raw_dyn_points=0 service=0/0 split=58->0 (58 outputs) fusion_components=58 visual_only=0 lidar_only=58 fixed_size=0 size_reject=0
[lvdot_detector_main-7] [INFO] [1776954640.648552335] [lvdot_detector_node]: Input health: depth=693 color=606 lidar=636 pose=1024 odom=1024 yolo=188 depth_pose_sync=0 lidar_pose_sync=0 depth_odom_sync=0 lidar_odom_sync=0
[lvdot_detector_main-7] [INFO] [1776954640.648629874] [lvdot_detector_node]: Stage timers: detection=782 lidar_detection=583 tracking=4011 classification=3999 vis=3870
[lvdot_detector_main-7] [INFO] [1776954640.648641795] [lvdot_detector_node]: Processing phases: detection=run_core lidar_detection=run_lidar_detector/dbscan tracking=waiting_new_filtered_update classification=run_core
[lvdot_detector_main-7] [INFO] [1776954640.648650662] [lvdot_detector_node]: Pipeline stats: depth_samples=114/71300 u_map=3 depth_boxes=0 u_map_merge=0 u_map_db=0 u_map_visual=0 u_map_fused=0 u_map_filtered=0 lidar_samples=3140/126498 uv=0 db=2 lidar=18 fused=18 filtered=18 tracks=18 dynamic=0 dyn_points=0 raw_dyn_points=0 service=0/0 split=18->0 (18 outputs) fusion_components=18 visual_only=0 lidar_only=18 fixed_size=0 size_reject=0
[lvdot_detector_main-7] [INFO] [1776954646.675915300] [lvdot_detector_node]: Input health: depth=716 color=626 lidar=656 pose=1072 odom=1072 yolo=198 depth_pose_sync=0 lidar_pose_sync=0 depth_odom_sync=0 lidar_odom_sync=0
[lvdot_detector_main-7] [INFO] [1776954646.676789427] [lvdot_detector_node]: Stage timers: detection=793 lidar_detection=586 tracking=4190 classification=4163 vis=4036
[lvdot_detector_main-7] [INFO] [1776954646.677353552] [lvdot_detector_node]: Processing phases: detection=run_core lidar_detection=run_lidar_detector/project tracking=waiting_new_filtered_update classification=run_core
[lvdot_detector_main-7] [INFO] [1776954646.677851628] [lvdot_detector_node]: Pipeline stats: depth_samples=130/71300 u_map=4 depth_boxes=0 u_map_merge=0 u_map_db=0 u_map_visual=0 u_map_fused=0 u_map_filtered=0 lidar_samples=3132/126823 uv=0 db=1 lidar=17 fused=17 filtered=17 tracks=17 dynamic=0 dyn_points=0 raw_dyn_points=0 service=0/0 split=17->0 (17 outputs) fusion_components=17 visual_only=0 lidar_only=17 fixed_size=0 size_reject=0
[lvdot_detector_main-7] [INFO] [1776954652.678022549] [lvdot_detector_node]: get_dynamic_obstacles responded with 0 obstacles from 0 tracked dynamic boxes.
