[INFO] [launch]: All log files can be found below /home/skbt2/.ros/log/2026-04-29-15-36-24-239991-DESKTOP-90MQDL6-241485
[INFO] [launch]: Default logging verbosity is set to INFO
[INFO] [gazebo-1]: process started with pid [241529]
[INFO] [parameter_bridge-2]: process started with pid [241530]
[INFO] [pedestrian_state_publisher-3]: process started with pid [241531]
[INFO] [uav_trajectory_controller-4]: process started with pid [241532]
[INFO] [lvdot_yolo_node-5]: process started with pid [241533]
[INFO] [lvdot_detector_main-6]: process started with pid [241534]
[parameter_bridge-2] [INFO] [1777448184.484712814] [ros_gz_bridge]: Creating GZ->ROS Bridge: [/clock (gz.msgs.Clock) -> /clock (rosgraph_msgs/msg/Clock)] (Lazy 0)
[parameter_bridge-2] [INFO] [1777448184.487652414] [ros_gz_bridge]: Creating GZ->ROS Bridge: [/rgbd_camera/image (gz.msgs.Image) -> /rgbd_camera/image (sensor_msgs/msg/Image)] (Lazy 0)
[parameter_bridge-2] [INFO] [1777448184.491688013] [ros_gz_bridge]: Creating GZ->ROS Bridge: [/rgbd_camera/camera_info (gz.msgs.CameraInfo) -> /rgbd_camera/camera_info (sensor_msgs/msg/CameraInfo)] (Lazy 0)
[parameter_bridge-2] [INFO] [1777448184.492634413] [ros_gz_bridge]: Creating GZ->ROS Bridge: [/rgbd_camera/depth_image (gz.msgs.Image) -> /rgbd_camera/depth_image (sensor_msgs/msg/Image)] (Lazy 0)
[parameter_bridge-2] [INFO] [1777448184.493356513] [ros_gz_bridge]: Creating GZ->ROS Bridge: [/rgbd_camera/points (gz.msgs.PointCloudPacked) -> /rgbd_camera/points (sensor_msgs/msg/PointCloud2)] (Lazy 0)
[parameter_bridge-2] [INFO] [1777448184.494302113] [ros_gz_bridge]: Creating GZ->ROS Bridge: [/camera/imu (gz.msgs.IMU) -> /camera/imu (sensor_msgs/msg/Imu)] (Lazy 0)
[parameter_bridge-2] [INFO] [1777448184.495140413] [ros_gz_bridge]: Creating ROS->GZ service bridge [/world/pedestrian_prototype/set_pose (ros_gz_interfaces/srv/SetEntityPose -> /)]
[parameter_bridge-2] [INFO] [1777448184.496714913] [ros_gz_bridge]: Creating ROS->GZ service bridge [/world/pedestrian_prototype/set_pose/blocking (ros_gz_interfaces/srv/SetEntityPose -> /)]
[lvdot_detector_main-6] [INFO] [1777448184.636883898] [lvdot_detector_node]: Config loaded: localization_mode=0 dt=0.033 image=640x480 depth_range=[0.50, 5.00] stage_timers=true vis_stage=false executor_threads=1
[lvdot_detector_main-6] [INFO] [1777448184.697993092] [lvdot_detector_node]: LV-DOT ROS2 skeleton started. depth=/rgbd_camera/depth_image color=/rgbd_camera/image lidar=/rgbd_camera/points pose=/mavros/local_position/pose odom=/mavros/local_position/odom yolo=/yolo_detector/detected_bounding_boxes
[lvdot_detector_main-6] [INFO] [1777448184.698054192] [lvdot_detector_node]: Starting executor with executor_threads=1
[lvdot_detector_main-6] [WARN] [1777448184.698136992] [rclcpp]: MultiThreadedExecutor is used with a single thread.
[lvdot_detector_main-6] Use the SingleThreadedExecutor instead.
[gazebo-1] [INFO] [1777448185.551221501] [pedestrian_pose_sync_system]: Configured pedestrian pose sync plugin on topic [/pedestrian_sim/agent_states] for 8 models.
[lvdot_detector_main-6] [UV] 42 line groups → 3 merged boxes (area≥9)
[lvdot_detector_main-6] [UV-3D] u_boxes=3 d_boxes=3 valid_rows=3 invalid_rows=0
[lvdot_detector_main-6] [UV] 42 line groups → 3 merged boxes (area≥9)
[lvdot_detector_main-6] [UV-3D] u_boxes=3 d_boxes=3 valid_rows=3 invalid_rows=0
[lvdot_detector_main-6] [UV] 53 line groups → 3 merged boxes (area≥9)
[lvdot_detector_main-6] [UV-3D] u_boxes=3 d_boxes=3 valid_rows=3 invalid_rows=0
[lvdot_detector_main-6] [UV] 54 line groups → 2 merged boxes (area≥9)
[lvdot_detector_main-6] [UV-3D] u_boxes=2 d_boxes=2 valid_rows=2 invalid_rows=0
[lvdot_detector_main-6] [INFO] [1777448209.125436163] [lvdot_detector_node]: Input health: depth=6 color=6 lidar=6 pose=5 odom=5 yolo=3 depth_pose_sync=0 lidar_pose_sync=0 depth_odom_sync=0 lidar_odom_sync=0
[lvdot_detector_main-6] [INFO] [1777448209.125617664] [lvdot_detector_node]: Stage timers: detection=141 lidar_detection=141 tracking=141 classification=141 vis=0
[lvdot_detector_main-6] [INFO] [1777448209.125636959] [lvdot_detector_node]: Processing phases: detection=idle lidar_detection=idle tracking=idle classification=idle
[lvdot_detector_main-6] [INFO] [1777448209.125645200] [lvdot_detector_node]: Pipeline stats: depth_samples=1618/285200 u_map=3 depth_boxes=3 u_map_merge=0 u_map_db=0 u_map_visual=0 u_map_fused=0 u_map_filtered=0 lidar_samples=3116/159594 uv=0 db=0 lidar=20 fused=20 filtered=20 tracks=22 dynamic=0 dyn_points=0 raw_dyn_points=0 service=0/0 split=20->0 (20 outputs) fusion_components=20 visual_only=0 lidar_only=20 yolo_in=0 yolo_match3d=0 yolo_match_det=0 yolo_human=0 fixed_size=0 size_reject=0
[lvdot_detector_main-6] [UV] 44 line groups → 3 merged boxes (area≥9)
[lvdot_detector_main-6] [UV-3D] u_boxes=3 d_boxes=3 valid_rows=3 invalid_rows=0
[lvdot_detector_main-6] [UV] 75 line groups → 3 merged boxes (area≥9)
[lvdot_detector_main-6] [UV-3D] u_boxes=3 d_boxes=3 valid_rows=3 invalid_rows=0
[lvdot_detector_main-6] [UV] 98 line groups → 5 merged boxes (area≥9)
[lvdot_detector_main-6] [UV-3D] u_boxes=5 d_boxes=5 valid_rows=5 invalid_rows=0
[lvdot_detector_main-6] [UV] 78 line groups → 5 merged boxes (area≥9)
[lvdot_detector_main-6] [UV-3D] u_boxes=5 d_boxes=5 valid_rows=5 invalid_rows=0
[lvdot_detector_main-6] [WARN] [1777448222.179315857] [lvdot_detector_node.rclcpp]: failed to send response to /lvdot_detector_node/get_parameters (timeout): client will not receive response, at ./src/rmw_response.cpp:153, at ./src/rcl/service.c:400
[lvdot_detector_main-6] [UV] 61 line groups → 4 merged boxes (area≥9)
[lvdot_detector_main-6] [UV-3D] u_boxes=4 d_boxes=4 valid_rows=4 invalid_rows=0
[lvdot_detector_main-6] [WARN] [1777448226.545681072] [lvdot_detector_node.rclcpp]: failed to send response to /lvdot_detector_node/get_parameters (timeout): client will not receive response, at ./src/rmw_response.cpp:153, at ./src/rcl/service.c:400
[lvdot_detector_main-6] [UV] 157 line groups → 8 merged boxes (area≥9)
[lvdot_detector_main-6] [UV-3D] u_boxes=8 d_boxes=8 valid_rows=8 invalid_rows=0
[lvdot_detector_main-6] [UV] 118 line groups → 4 merged boxes (area≥9)
[lvdot_detector_main-6] [UV-3D] u_boxes=4 d_boxes=4 valid_rows=4 invalid_rows=0
[lvdot_detector_main-6] [INFO] [1777448236.722134076] [lvdot_detector_node]: Input health: depth=12 color=12 lidar=12 pose=11 odom=11 yolo=9 depth_pose_sync=0 lidar_pose_sync=0 depth_odom_sync=0 lidar_odom_sync=0
[lvdot_detector_main-6] [INFO] [1777448236.722221176] [lvdot_detector_node]: Stage timers: detection=147 lidar_detection=147 tracking=147 classification=147 vis=0
[lvdot_detector_main-6] [INFO] [1777448236.722231376] [lvdot_detector_node]: Processing phases: detection=idle lidar_detection=idle tracking=idle classification=idle
[lvdot_detector_main-6] [INFO] [1777448236.722238676] [lvdot_detector_node]: Pipeline stats: depth_samples=1488/285200 u_map=2 depth_boxes=2 u_map_merge=0 u_map_db=0 u_map_visual=0 u_map_fused=0 u_map_filtered=0 lidar_samples=3360/162333 uv=0 db=1 lidar=16 fused=16 filtered=16 tracks=29 dynamic=1 dyn_points=0 raw_dyn_points=0 service=0/0 split=16->0 (16 outputs) fusion_components=16 visual_only=0 lidar_only=16 yolo_in=0 yolo_match3d=0 yolo_match_det=0 yolo_human=0 fixed_size=0 size_reject=0
[lvdot_detector_main-6] [INFO] [1777448236.724825376] [lvdot_detector_node]: get_dynamic_obstacles responded with 1 obstacles from 1 tracked dynamic boxes.
[lvdot_detector_main-6] [UV] 29 line groups → 2 merged boxes (area≥9)
[lvdot_detector_main-6] [UV-3D] u_boxes=2 d_boxes=2 valid_rows=2 invalid_rows=0
[lvdot_detector_main-6] [UV] 13 line groups → 1 merged boxes (area≥9)
[lvdot_detector_main-6] [UV-3D] u_boxes=1 d_boxes=1 valid_rows=1 invalid_rows=0
[lvdot_detector_main-6] [UV] 49 line groups → 2 merged boxes (area≥9)
[lvdot_detector_main-6] [UV-3D] u_boxes=2 d_boxes=2 valid_rows=2 invalid_rows=0
[lvdot_detector_main-6] [UV] 90 line groups → 5 merged boxes (area≥9)
[lvdot_detector_main-6] [UV-3D] u_boxes=5 d_boxes=5 valid_rows=5 invalid_rows=0
[lvdot_detector_main-6] [UV] 32 line groups → 2 merged boxes (area≥9)
[lvdot_detector_main-6] [UV-3D] u_boxes=2 d_boxes=2 valid_rows=2 invalid_rows=0
[lvdot_detector_main-6] [UV] 62 line groups → 4 merged boxes (area≥9)
[lvdot_detector_main-6] [UV-3D] u_boxes=4 d_boxes=4 valid_rows=4 invalid_rows=0
[lvdot_detector_main-6] [INFO] [1777448260.704890966] [lvdot_detector_node]: get_dynamic_obstacles responded with 3 obstacles from 3 tracked dynamic boxes.
[lvdot_detector_main-6] [UV] 42 line groups → 3 merged boxes (area≥9)
[lvdot_detector_main-6] [UV-3D] u_boxes=3 d_boxes=3 valid_rows=3 invalid_rows=0
[lvdot_detector_main-6] [UV] 81 line groups → 5 merged boxes (area≥9)
[lvdot_detector_main-6] [UV-3D] u_boxes=5 d_boxes=5 valid_rows=5 invalid_rows=0
[lvdot_detector_main-6] [INFO] [1777448268.825776035] [lvdot_detector_node]: Input health: depth=20 color=20 lidar=20 pose=19 odom=19 yolo=17 depth_pose_sync=0 lidar_pose_sync=0 depth_odom_sync=0 lidar_odom_sync=0
[lvdot_detector_main-6] [INFO] [1777448268.825861407] [lvdot_detector_node]: Stage timers: detection=155 lidar_detection=155 tracking=155 classification=155 vis=0
[lvdot_detector_main-6] [INFO] [1777448268.825871833] [lvdot_detector_node]: Processing phases: detection=idle lidar_detection=idle tracking=idle classification=idle
[lvdot_detector_main-6] [INFO] [1777448268.825878914] [lvdot_detector_node]: Pipeline stats: depth_samples=1549/285200 u_map=2 depth_boxes=2 u_map_merge=0 u_map_db=0 u_map_visual=0 u_map_fused=0 u_map_filtered=0 lidar_samples=2994/169706 uv=0 db=1 lidar=6 fused=6 filtered=6 tracks=70 dynamic=1 dyn_points=0 raw_dyn_points=0 service=3/3 split=6->0 (6 outputs) fusion_components=6 visual_only=0 lidar_only=6 yolo_in=3 yolo_match3d=0 yolo_match_det=0 yolo_human=0 fixed_size=0 size_reject=0
[lvdot_detector_main-6] [UV] 65 line groups → 2 merged boxes (area≥9)
[lvdot_detector_main-6] [UV-3D] u_boxes=2 d_boxes=2 valid_rows=2 invalid_rows=0
[lvdot_detector_main-6] [UV] 101 line groups → 5 merged boxes (area≥9)
[lvdot_detector_main-6] [UV-3D] u_boxes=5 d_boxes=5 valid_rows=5 invalid_rows=0
[lvdot_detector_main-6] [UV] 121 line groups → 4 merged boxes (area≥9)
[lvdot_detector_main-6] [UV-3D] u_boxes=4 d_boxes=4 valid_rows=4 invalid_rows=0
[lvdot_detector_main-6] [INFO] [1777448285.012481665] [lvdot_detector_node]: get_dynamic_obstacles responded with 1 obstacles from 1 tracked dynamic boxes.
[lvdot_detector_main-6] [UV] 107 line groups → 8 merged boxes (area≥9)
[lvdot_detector_main-6] [UV-3D] u_boxes=8 d_boxes=8 valid_rows=8 invalid_rows=0
[lvdot_detector_main-6] [UV] 48 line groups → 2 merged boxes (area≥9)
[lvdot_detector_main-6] [UV-3D] u_boxes=2 d_boxes=2 valid_rows=2 invalid_rows=0
[lvdot_detector_main-6] [UV] 130 line groups → 5 merged boxes (area≥9)
[lvdot_detector_main-6] [UV-3D] u_boxes=5 d_boxes=5 valid_rows=5 invalid_rows=0
[uav_trajectory_controller-4] [WARN] [1777448294.841294797] [uav_trajectory_controller]: SetEntityPose request timed out after 0.62s on /world/pedestrian_prototype/set_pose/blocking; dropping the pending request and retrying.
[uav_trajectory_controller-4] [WARN] [1777448294.842287297] [uav_trajectory_controller]: Falling back from /world/pedestrian_prototype/set_pose/blocking to /world/pedestrian_prototype/set_pose.
[lvdot_detector_main-6] [INFO] [1777448294.955802387] [lvdot_detector_node]: Input health: depth=26 color=26 lidar=26 pose=25 odom=25 yolo=23 depth_pose_sync=0 lidar_pose_sync=0 depth_odom_sync=0 lidar_odom_sync=0
[lvdot_detector_main-6] [INFO] [1777448294.955911987] [lvdot_detector_node]: Stage timers: detection=161 lidar_detection=161 tracking=161 classification=161 vis=0
[lvdot_detector_main-6] [INFO] [1777448294.955929587] [lvdot_detector_node]: Processing phases: detection=idle lidar_detection=idle tracking=idle classification=idle
[lvdot_detector_main-6] [INFO] [1777448294.955941687] [lvdot_detector_node]: Pipeline stats: depth_samples=1743/285200 u_map=1 depth_boxes=1 u_map_merge=0 u_map_db=0 u_map_visual=0 u_map_fused=0 u_map_filtered=0 lidar_samples=3359/126807 uv=0 db=0 lidar=70 fused=70 filtered=70 tracks=5 dynamic=1 dyn_points=0 raw_dyn_points=0 service=5/1 split=70->0 (70 outputs) fusion_components=70 visual_only=0 lidar_only=70 yolo_in=0 yolo_match3d=0 yolo_match_det=0 yolo_human=0 fixed_size=0 size_reject=0
[lvdot_detector_main-6] [UV] 30 line groups → 1 merged boxes (area≥9)
[lvdot_detector_main-6] [UV-3D] u_boxes=1 d_boxes=1 valid_rows=1 invalid_rows=0
[lvdot_detector_main-6] [INFO] [1777448298.958169432] [lvdot_detector_node]: get_dynamic_obstacles responded with 1 obstacles from 1 tracked dynamic boxes.
[lvdot_detector_main-6] [UV] 13 line groups → 1 merged boxes (area≥9)
[lvdot_detector_main-6] [UV-3D] u_boxes=1 d_boxes=1 valid_rows=1 invalid_rows=0
[lvdot_detector_main-6] [UV] 60 line groups → 3 merged boxes (area≥9)
[lvdot_detector_main-6] [UV-3D] u_boxes=3 d_boxes=3 valid_rows=3 invalid_rows=0
[lvdot_detector_main-6] [UV] 69 line groups → 4 merged boxes (area≥9)
[lvdot_detector_main-6] [UV-3D] u_boxes=4 d_boxes=4 valid_rows=4 invalid_rows=0
[lvdot_detector_main-6] [UV] 73 line groups → 4 merged boxes (area≥9)
[lvdot_detector_main-6] [UV-3D] u_boxes=4 d_boxes=4 valid_rows=4 invalid_rows=0
[lvdot_detector_main-6] [UV] 50 line groups → 3 merged boxes (area≥9)
[lvdot_detector_main-6] [UV-3D] u_boxes=3 d_boxes=3 valid_rows=3 invalid_rows=0
[lvdot_detector_main-6] [UV] 77 line groups → 5 merged boxes (area≥9)
[lvdot_detector_main-6] [UV-3D] u_boxes=5 d_boxes=5 valid_rows=5 invalid_rows=0
[lvdot_detector_main-6] [INFO] [1777448322.725233129] [lvdot_detector_node]: get_dynamic_obstacles responded with 3 obstacles from 3 tracked dynamic boxes.
[lvdot_detector_main-6] [UV] 59 line groups → 4 merged boxes (area≥9)
[lvdot_detector_main-6] [UV-3D] u_boxes=4 d_boxes=4 valid_rows=4 invalid_rows=0
[lvdot_detector_main-6] [INFO] [1777448326.803840952] [lvdot_detector_node]: Input health: depth=34 color=34 lidar=34 pose=33 odom=33 yolo=31 depth_pose_sync=0 lidar_pose_sync=0 depth_odom_sync=0 lidar_odom_sync=0
[lvdot_detector_main-6] [INFO] [1777448326.803924107] [lvdot_detector_node]: Stage timers: detection=169 lidar_detection=169 tracking=169 classification=169 vis=0
[lvdot_detector_main-6] [INFO] [1777448326.803934949] [lvdot_detector_node]: Processing phases: detection=idle lidar_detection=idle tracking=idle classification=idle
[lvdot_detector_main-6] [INFO] [1777448326.803942409] [lvdot_detector_node]: Pipeline stats: depth_samples=2069/285200 u_map=5 depth_boxes=5 u_map_merge=0 u_map_db=0 u_map_visual=0 u_map_fused=0 u_map_filtered=0 lidar_samples=3156/137368 uv=0 db=0 lidar=24 fused=24 filtered=24 tracks=19 dynamic=5 dyn_points=0 raw_dyn_points=0 service=8/3 split=24->0 (24 outputs) fusion_components=24 visual_only=0 lidar_only=24 yolo_in=5 yolo_match3d=3 yolo_match_det=3 yolo_human=3 fixed_size=0 size_reject=0
[lvdot_detector_main-6] [UV] 69 line groups → 5 merged boxes (area≥9)
[lvdot_detector_main-6] [UV-3D] u_boxes=5 d_boxes=5 valid_rows=5 invalid_rows=0
[lvdot_detector_main-6] [UV] 101 line groups → 5 merged boxes (area≥9)
[lvdot_detector_main-6] [UV-3D] u_boxes=5 d_boxes=5 valid_rows=5 invalid_rows=0
[lvdot_detector_main-6] [UV] 124 line groups → 6 merged boxes (area≥9)
[lvdot_detector_main-6] [UV-3D] u_boxes=6 d_boxes=6 valid_rows=6 invalid_rows=0
[lvdot_detector_main-6] [UV] 121 line groups → 6 merged boxes (area≥9)
[lvdot_detector_main-6] [UV-3D] u_boxes=6 d_boxes=6 valid_rows=6 invalid_rows=0
[lvdot_detector_main-6] [UV] 152 line groups → 8 merged boxes (area≥9)
[lvdot_detector_main-6] [UV-3D] u_boxes=8 d_boxes=8 valid_rows=8 invalid_rows=0
[lvdot_detector_main-6] [INFO] [1777448349.317462187] [lvdot_detector_node]: get_dynamic_obstacles responded with 3 obstacles from 3 tracked dynamic boxes.
[lvdot_detector_main-6] [UV] 88 line groups → 5 merged boxes (area≥9)
[lvdot_detector_main-6] [UV-3D] u_boxes=5 d_boxes=5 valid_rows=5 invalid_rows=0
[lvdot_detector_main-6] [INFO] [1777448352.627055945] [lvdot_detector_node]: Input health: depth=40 color=40 lidar=40 pose=39 odom=39 yolo=37 depth_pose_sync=0 lidar_pose_sync=0 depth_odom_sync=0 lidar_odom_sync=0
[lvdot_detector_main-6] [INFO] [1777448352.627144863] [lvdot_detector_node]: Stage timers: detection=175 lidar_detection=175 tracking=175 classification=175 vis=0
[lvdot_detector_main-6] [INFO] [1777448352.627155200] [lvdot_detector_node]: Processing phases: detection=idle lidar_detection=idle tracking=idle classification=idle
[lvdot_detector_main-6] [INFO] [1777448352.627162425] [lvdot_detector_node]: Pipeline stats: depth_samples=852/260513 u_map=3 depth_boxes=3 u_map_merge=0 u_map_db=0 u_map_visual=0 u_map_fused=0 u_map_filtered=0 lidar_samples=1536/194400 uv=0 db=2 lidar=2 fused=2 filtered=2 tracks=78 dynamic=3 dyn_points=0 raw_dyn_points=0 service=10/3 split=2->0 (2 outputs) fusion_components=2 visual_only=0 lidar_only=2 yolo_in=1 yolo_match3d=0 yolo_match_det=0 yolo_human=0 fixed_size=0 size_reject=0
[lvdot_detector_main-6] [UV] 65 line groups → 3 merged boxes (area≥9)
[lvdot_detector_main-6] [UV-3D] u_boxes=3 d_boxes=3 valid_rows=3 invalid_rows=0
[lvdot_detector_main-6] [INFO] [1777448360.973361093] [lvdot_detector_node]: get_dynamic_obstacles responded with 3 obstacles from 3 tracked dynamic boxes.
[lvdot_detector_main-6] [UV] 123 line groups → 6 merged boxes (area≥9)
[lvdot_detector_main-6] [UV-3D] u_boxes=6 d_boxes=6 valid_rows=6 invalid_rows=0
[lvdot_detector_main-6] [UV] 55 line groups → 3 merged boxes (area≥9)
[lvdot_detector_main-6] [UV-3D] u_boxes=3 d_boxes=3 valid_rows=3 invalid_rows=0
[lvdot_detector_main-6] [UV] 13 line groups → 1 merged boxes (area≥9)
[lvdot_detector_main-6] [UV-3D] u_boxes=1 d_boxes=1 valid_rows=1 invalid_rows=0
[lvdot_detector_main-6] [INFO] [1777448369.128178516] [lvdot_detector_node]: Input health: depth=44 color=44 lidar=44 pose=43 odom=43 yolo=41 depth_pose_sync=0 lidar_pose_sync=0 depth_odom_sync=0 lidar_odom_sync=0
[lvdot_detector_main-6] [INFO] [1777448369.128290659] [lvdot_detector_node]: Stage timers: detection=179 lidar_detection=179 tracking=179 classification=179 vis=0
[lvdot_detector_main-6] [INFO] [1777448369.128301059] [lvdot_detector_node]: Processing phases: detection=idle lidar_detection=idle tracking=idle classification=idle
[lvdot_detector_main-6] [INFO] [1777448369.128308221] [lvdot_detector_node]: Pipeline stats: depth_samples=1897/285200 u_map=2 depth_boxes=2 u_map_merge=0 u_map_db=0 u_map_visual=0 u_map_fused=0 u_map_filtered=0 lidar_samples=3261/124632 uv=0 db=0 lidar=13 fused=13 filtered=13 tracks=4 dynamic=1 dyn_points=0 raw_dyn_points=0 service=11/3 split=13->0 (13 outputs) fusion_components=13 visual_only=0 lidar_only=13 yolo_in=0 yolo_match3d=0 yolo_match_det=0 yolo_human=0 fixed_size=0 size_reject=0
[lvdot_detector_main-6] [UV] 39 line groups → 2 merged boxes (area≥9)
[lvdot_detector_main-6] [UV-3D] u_boxes=2 d_boxes=2 valid_rows=2 invalid_rows=0
[lvdot_detector_main-6] [INFO] [1777448373.019823894] [lvdot_detector_node]: get_dynamic_obstacles responded with 1 obstacles from 1 tracked dynamic boxes.
[lvdot_detector_main-6] [UV] 68 line groups → 5 merged boxes (area≥9)
[lvdot_detector_main-6] [UV-3D] u_boxes=5 d_boxes=5 valid_rows=5 invalid_rows=0
[lvdot_detector_main-6] [UV] 90 line groups → 5 merged boxes (area≥9)
[lvdot_detector_main-6] [UV-3D] u_boxes=5 d_boxes=5 valid_rows=5 invalid_rows=0
[lvdot_detector_main-6] [UV] 83 line groups → 6 merged boxes (area≥9)
[lvdot_detector_main-6] [UV-3D] u_boxes=6 d_boxes=6 valid_rows=5 invalid_rows=1
[lvdot_detector_main-6] [UV] 79 line groups → 4 merged boxes (area≥9)
[lvdot_detector_main-6] [UV-3D] u_boxes=4 d_boxes=4 valid_rows=4 invalid_rows=0
