[INFO] [launch]: All log files can be found below /home/skbt2/.ros/log/2026-04-22-20-33-04-461703-DESKTOP-90MQDL6-718515
[INFO] [launch]: Default logging verbosity is set to INFO
[INFO] [gazebo-1]: process started with pid [718566]
[INFO] [parameter_bridge-2]: process started with pid [718567]
[INFO] [pedestrian_state_publisher-3]: process started with pid [718568]
[INFO] [uav_trajectory_controller-4]: process started with pid [718569]
[INFO] [image_pointcloud_relay-5]: process started with pid [718570]
[INFO] [lvdot_detector_main-6]: process started with pid [718571]
[parameter_bridge-2] [INFO] [1776861184.721036656] [ros_gz_bridge]: Creating GZ->ROS Bridge: [/rgbd_camera/image (gz.msgs.Image) -> /rgbd_camera/image (sensor_msgs/msg/Image)] (Lazy 0)
[parameter_bridge-2] [INFO] [1776861184.726728510] [ros_gz_bridge]: Creating GZ->ROS Bridge: [/rgbd_camera/camera_info (gz.msgs.CameraInfo) -> /rgbd_camera/camera_info (sensor_msgs/msg/CameraInfo)] (Lazy 0)
[parameter_bridge-2] [INFO] [1776861184.730020146] [ros_gz_bridge]: Creating GZ->ROS Bridge: [/rgbd_camera/depth_image (gz.msgs.Image) -> /rgbd_camera/depth_image (sensor_msgs/msg/Image)] (Lazy 0)
[parameter_bridge-2] [INFO] [1776861184.731871905] [ros_gz_bridge]: Creating GZ->ROS Bridge: [/rgbd_camera/points (gz.msgs.PointCloudPacked) -> /rgbd_camera/points (sensor_msgs/msg/PointCloud2)] (Lazy 0)
[parameter_bridge-2] [INFO] [1776861184.734138870] [ros_gz_bridge]: Creating GZ->ROS Bridge: [/camera/imu (gz.msgs.IMU) -> /camera/imu (sensor_msgs/msg/Imu)] (Lazy 0)
[parameter_bridge-2] [INFO] [1776861184.737389053] [ros_gz_bridge]: Creating ROS->GZ service bridge [/world/pedestrian_prototype/set_pose (ros_gz_interfaces/srv/SetEntityPose -> /)]
[parameter_bridge-2] [INFO] [1776861184.741673097] [ros_gz_bridge]: Creating ROS->GZ service bridge [/world/pedestrian_prototype/set_pose/blocking (ros_gz_interfaces/srv/SetEntityPose -> /)]
[lvdot_detector_main-6] [INFO] [1776861185.179990914] [lvdot_detector_node]: Config loaded: localization_mode=0 dt=0.033 image=640x480 depth_range=[0.20, 12.00] stage_timers=true
[lvdot_detector_main-6] [INFO] [1776861185.250630862] [lvdot_detector_node]: LV-DOT ROS2 skeleton started. depth=/camera/depth/image_rect_raw color=/camera/color/image_raw lidar=/rgbd_camera/points pose=/mavros/local_position/pose odom=/mavros/local_position/odom yolo=/yolo_detector/detected_bounding_boxes
[parameter_bridge-2] [WARN] [1776861186.143659395] [ros_gz_bridge.rclcpp]: failed to send response to /world/pedestrian_prototype/set_pose (timeout): client will not receive response, at ./src/rmw_response.cpp:153, at ./src/rcl/service.c:400
[gazebo-1] [INFO] [1776861186.524369075] [pedestrian_pose_sync_system]: Configured pedestrian pose sync plugin on topic [/pedestrian_sim/agent_states] for 8 models.
[uav_trajectory_controller-4] [WARN] [1776861186.529666577] [uav_trajectory_controller]: SetEntityPose request timed out after 0.62s on /world/pedestrian_prototype/set_pose/blocking; dropping the pending request and retrying.
[uav_trajectory_controller-4] [WARN] [1776861186.530735981] [uav_trajectory_controller]: Falling back from /world/pedestrian_prototype/set_pose/blocking to /world/pedestrian_prototype/set_pose.
[uav_trajectory_controller-4] [WARN] [1776861187.241620243] [uav_trajectory_controller]: SetEntityPose request timed out after 0.62s on /world/pedestrian_prototype/set_pose; dropping the pending request and retrying.
[lvdot_detector_main-6] [INFO] [1776861187.247984409] [lvdot_detector_node]: Input health: depth=0 color=0 lidar=0 pose=16 odom=16 yolo=0 depth_pose_sync=0 lidar_pose_sync=0 depth_odom_sync=0 lidar_odom_sync=0
[lvdot_detector_main-6] [INFO] [1776861187.248128751] [lvdot_detector_node]: Stage timers: detection=60 lidar_detection=60 tracking=60 classification=60 vis=60
[lvdot_detector_main-6] [INFO] [1776861187.248159576] [lvdot_detector_node]: Processing phases: detection=waiting_depth lidar_detection=waiting_new_lidar tracking=waiting_filtered_bboxes classification=idle
[lvdot_detector_main-6] [INFO] [1776861187.248174549] [lvdot_detector_node]: Pipeline stats: depth_samples=0/0 u_map=0 depth_boxes=0 u_map_merge=0 u_map_db=0 u_map_visual=0 u_map_fused=0 u_map_filtered=0 lidar_samples=0/0 uv=0 db=0 lidar=0 fused=0 filtered=0 tracks=0 dynamic=0 dyn_points=0 raw_dyn_points=0 service=0/0 split=0->0 (0 outputs) fusion_components=0 visual_only=0 lidar_only=0 fixed_size=0 size_reject=0
[lvdot_detector_main-6] [WARN] [1776861190.506690343] []: Messages of type 1 arrived out of order (will print only once)
[lvdot_detector_main-6] [WARN] [1776861190.506749352] []: Messages of type 1 arrived out of order (will print only once)
[lvdot_detector_main-6] [INFO] [1776861193.258861647] [lvdot_detector_node]: Input health: depth=4 color=7 lidar=0 pose=240 odom=240 yolo=4 depth_pose_sync=0 lidar_pose_sync=0 depth_odom_sync=0 lidar_odom_sync=0
[lvdot_detector_main-6] [INFO] [1776861193.259492272] [lvdot_detector_node]: Stage timers: detection=210 lidar_detection=242 tracking=242 classification=242 vis=224
[lvdot_detector_main-6] [INFO] [1776861193.259513426] [lvdot_detector_node]: Processing phases: detection=build_input lidar_detection=snapshot tracking=waiting_filtered_bboxes classification=idle
[lvdot_detector_main-6] [INFO] [1776861193.259527040] [lvdot_detector_node]: Pipeline stats: depth_samples=196/71300 u_map=2 depth_boxes=0 u_map_merge=0 u_map_db=0 u_map_visual=0 u_map_fused=0 u_map_filtered=0 lidar_samples=0/0 uv=0 db=2 lidar=0 fused=0 filtered=0 tracks=0 dynamic=0 dyn_points=0 raw_dyn_points=0 service=0/0 split=0->0 (0 outputs) fusion_components=0 visual_only=0 lidar_only=0 fixed_size=0 size_reject=0
[lvdot_detector_main-6] [INFO] [1776861200.334977705] [lvdot_detector_node]: Input health: depth=20 color=19 lidar=0 pose=482 odom=482 yolo=10 depth_pose_sync=0 lidar_pose_sync=0 depth_odom_sync=0 lidar_odom_sync=0
[lvdot_detector_main-6] [INFO] [1776861200.335110999] [lvdot_detector_node]: Stage timers: detection=216 lidar_detection=423 tracking=423 classification=424 vis=392
[lvdot_detector_main-6] [INFO] [1776861200.335129510] [lvdot_detector_node]: Processing phases: detection=run_core lidar_detection=snapshot tracking=waiting_filtered_bboxes classification=idle
[lvdot_detector_main-6] [INFO] [1776861200.335143907] [lvdot_detector_node]: Pipeline stats: depth_samples=125/71300 u_map=2 depth_boxes=0 u_map_merge=0 u_map_db=0 u_map_visual=0 u_map_fused=0 u_map_filtered=0 lidar_samples=0/0 uv=0 db=2 lidar=0 fused=0 filtered=0 tracks=0 dynamic=0 dyn_points=0 raw_dyn_points=0 service=0/0 split=0->0 (0 outputs) fusion_components=0 visual_only=0 lidar_only=0 fixed_size=0 size_reject=0
[lvdot_detector_main-6] [INFO] [1776861206.336699145] [lvdot_detector_node]: Input health: depth=23 color=41 lidar=1 pose=720 odom=720 yolo=16 depth_pose_sync=0 lidar_pose_sync=0 depth_odom_sync=0 lidar_odom_sync=0
[lvdot_detector_main-6] [INFO] [1776861206.336781307] [lvdot_detector_node]: Stage timers: detection=222 lidar_detection=559 tracking=601 classification=602 vis=559
[lvdot_detector_main-6] [INFO] [1776861206.336796486] [lvdot_detector_node]: Processing phases: detection=run_core lidar_detection=run_lidar_detector/project tracking=waiting_filtered_bboxes classification=idle
[lvdot_detector_main-6] [INFO] [1776861206.336810881] [lvdot_detector_node]: Pipeline stats: depth_samples=105/71300 u_map=3 depth_boxes=0 u_map_merge=0 u_map_db=0 u_map_visual=0 u_map_fused=0 u_map_filtered=0 lidar_samples=0/0 uv=0 db=0 lidar=0 fused=0 filtered=0 tracks=0 dynamic=0 dyn_points=0 raw_dyn_points=0 service=0/0 split=0->0 (0 outputs) fusion_components=0 visual_only=0 lidar_only=0 fixed_size=0 size_reject=0
[lvdot_detector_main-6] [INFO] [1776861212.326257929] [lvdot_detector_node]: Input health: depth=34 color=77 lidar=1 pose=960 odom=960 yolo=21 depth_pose_sync=0 lidar_pose_sync=0 depth_odom_sync=0 lidar_odom_sync=0
[lvdot_detector_main-6] [INFO] [1776861212.326319706] [lvdot_detector_node]: Stage timers: detection=228 lidar_detection=629 tracking=771 classification=773 vis=712
[lvdot_detector_main-6] [INFO] [1776861212.326331748] [lvdot_detector_node]: Processing phases: detection=run_core lidar_detection=waiting_new_lidar tracking=waiting_filtered_bboxes classification=idle
[lvdot_detector_main-6] [INFO] [1776861212.326341343] [lvdot_detector_node]: Pipeline stats: depth_samples=130/71300 u_map=2 depth_boxes=0 u_map_merge=0 u_map_db=0 u_map_visual=0 u_map_fused=0 u_map_filtered=0 lidar_samples=2739/149315 uv=0 db=1 lidar=1 fused=1 filtered=1 tracks=0 dynamic=0 dyn_points=0 raw_dyn_points=0 service=0/0 split=1->0 (1 outputs) fusion_components=1 visual_only=0 lidar_only=1 fixed_size=0 size_reject=0
[lvdot_detector_main-6] [INFO] [1776861218.336239173] [lvdot_detector_node]: Input health: depth=42 color=99 lidar=1 pose=1200 odom=1200 yolo=26 depth_pose_sync=0 lidar_pose_sync=0 depth_odom_sync=0 lidar_odom_sync=0
[lvdot_detector_main-6] [INFO] [1776861218.336309939] [lvdot_detector_node]: Stage timers: detection=236 lidar_detection=811 tracking=953 classification=954 vis=888
[lvdot_detector_main-6] [INFO] [1776861218.336323250] [lvdot_detector_node]: Processing phases: detection=run_core lidar_detection=waiting_new_lidar tracking=waiting_filtered_bboxes classification=idle
[lvdot_detector_main-6] [INFO] [1776861218.336337345] [lvdot_detector_node]: Pipeline stats: depth_samples=128/71300 u_map=1 depth_boxes=0 u_map_merge=0 u_map_db=0 u_map_visual=0 u_map_fused=0 u_map_filtered=0 lidar_samples=2739/149315 uv=0 db=3 lidar=1 fused=1 filtered=1 tracks=0 dynamic=0 dyn_points=0 raw_dyn_points=0 service=0/0 split=1->0 (1 outputs) fusion_components=1 visual_only=0 lidar_only=1 fixed_size=0 size_reject=0
[lvdot_detector_main-6] [INFO] [1776861224.325634069] [lvdot_detector_node]: Input health: depth=46 color=113 lidar=1 pose=1440 odom=1440 yolo=34 depth_pose_sync=0 lidar_pose_sync=0 depth_odom_sync=0 lidar_odom_sync=0
[lvdot_detector_main-6] [INFO] [1776861224.325695341] [lvdot_detector_node]: Stage timers: detection=243 lidar_detection=992 tracking=1133 classification=1133 vis=1062
[lvdot_detector_main-6] [INFO] [1776861224.325706010] [lvdot_detector_node]: Processing phases: detection=run_core lidar_detection=waiting_new_lidar tracking=waiting_filtered_bboxes classification=idle
[lvdot_detector_main-6] [INFO] [1776861224.325715700] [lvdot_detector_node]: Pipeline stats: depth_samples=208/71300 u_map=3 depth_boxes=0 u_map_merge=0 u_map_db=0 u_map_visual=0 u_map_fused=0 u_map_filtered=0 lidar_samples=2739/149315 uv=0 db=3 lidar=1 fused=1 filtered=1 tracks=0 dynamic=0 dyn_points=0 raw_dyn_points=0 service=0/0 split=1->0 (1 outputs) fusion_components=1 visual_only=0 lidar_only=1 fixed_size=0 size_reject=0
[lvdot_detector_main-6] [INFO] [1776861230.349143211] [lvdot_detector_node]: Input health: depth=54 color=122 lidar=1 pose=1680 odom=1680 yolo=39 depth_pose_sync=0 lidar_pose_sync=0 depth_odom_sync=0 lidar_odom_sync=0
[lvdot_detector_main-6] [INFO] [1776861230.349219443] [lvdot_detector_node]: Stage timers: detection=250 lidar_detection=1173 tracking=1311 classification=1312 vis=1236
[lvdot_detector_main-6] [INFO] [1776861230.349234611] [lvdot_detector_node]: Processing phases: detection=idle lidar_detection=waiting_new_lidar tracking=snapshot classification=idle
[lvdot_detector_main-6] [INFO] [1776861230.349246060] [lvdot_detector_node]: Pipeline stats: depth_samples=157/71300 u_map=1 depth_boxes=0 u_map_merge=0 u_map_db=0 u_map_visual=0 u_map_fused=0 u_map_filtered=0 lidar_samples=2739/149315 uv=0 db=2 lidar=1 fused=1 filtered=1 tracks=0 dynamic=0 dyn_points=0 raw_dyn_points=0 service=0/0 split=1->0 (1 outputs) fusion_components=1 visual_only=0 lidar_only=1 fixed_size=0 size_reject=0
[lvdot_detector_main-6] [INFO] [1776861237.038833236] [lvdot_detector_node]: Input health: depth=60 color=140 lidar=1 pose=1923 odom=1924 yolo=45 depth_pose_sync=0 lidar_pose_sync=0 depth_odom_sync=0 lidar_odom_sync=0
[lvdot_detector_main-6] [INFO] [1776861237.044478555] [lvdot_detector_node]: Stage timers: detection=257 lidar_detection=1354 tracking=1492 classification=1493 vis=1415
[lvdot_detector_main-6] [INFO] [1776861237.044498811] [lvdot_detector_node]: Processing phases: detection=idle lidar_detection=waiting_new_lidar tracking=waiting_filtered_bboxes classification=idle
[lvdot_detector_main-6] [INFO] [1776861237.044508499] [lvdot_detector_node]: Pipeline stats: depth_samples=169/71300 u_map=4 depth_boxes=0 u_map_merge=0 u_map_db=0 u_map_visual=0 u_map_fused=0 u_map_filtered=0 lidar_samples=2739/149315 uv=0 db=2 lidar=1 fused=1 filtered=1 tracks=0 dynamic=0 dyn_points=0 raw_dyn_points=0 service=0/0 split=1->0 (1 outputs) fusion_components=1 visual_only=0 lidar_only=1 fixed_size=0 size_reject=0
[lvdot_detector_main-6] [INFO] [1776861243.023258921] [lvdot_detector_node]: Input health: depth=64 color=155 lidar=1 pose=2165 odom=2165 yolo=52 depth_pose_sync=0 lidar_pose_sync=0 depth_odom_sync=0 lidar_odom_sync=0
[lvdot_detector_main-6] [INFO] [1776861243.023339607] [lvdot_detector_node]: Stage timers: detection=265 lidar_detection=1535 tracking=1671 classification=1673 vis=1586
[lvdot_detector_main-6] [INFO] [1776861243.023351147] [lvdot_detector_node]: Processing phases: detection=run_core lidar_detection=waiting_new_lidar tracking=waiting_filtered_bboxes classification=idle
[lvdot_detector_main-6] [INFO] [1776861243.023369730] [lvdot_detector_node]: Pipeline stats: depth_samples=163/71300 u_map=3 depth_boxes=0 u_map_merge=0 u_map_db=0 u_map_visual=0 u_map_fused=0 u_map_filtered=0 lidar_samples=2739/149315 uv=0 db=2 lidar=1 fused=1 filtered=1 tracks=0 dynamic=0 dyn_points=0 raw_dyn_points=0 service=0/0 split=1->0 (1 outputs) fusion_components=1 visual_only=0 lidar_only=1 fixed_size=0 size_reject=0
[lvdot_detector_main-6] [INFO] [1776861249.023255436] [lvdot_detector_node]: Input health: depth=75 color=171 lidar=1 pose=2402 odom=2402 yolo=57 depth_pose_sync=0 lidar_pose_sync=0 depth_odom_sync=0 lidar_odom_sync=0
[lvdot_detector_main-6] [INFO] [1776861249.023313920] [lvdot_detector_node]: Stage timers: detection=271 lidar_detection=1716 tracking=1850 classification=1855 vis=1754
[lvdot_detector_main-6] [INFO] [1776861249.023324776] [lvdot_detector_node]: Processing phases: detection=run_core lidar_detection=waiting_new_lidar tracking=waiting_filtered_bboxes classification=idle
[lvdot_detector_main-6] [INFO] [1776861249.023333480] [lvdot_detector_node]: Pipeline stats: depth_samples=114/71300 u_map=1 depth_boxes=0 u_map_merge=0 u_map_db=0 u_map_visual=0 u_map_fused=0 u_map_filtered=0 lidar_samples=2739/149315 uv=0 db=2 lidar=1 fused=1 filtered=1 tracks=0 dynamic=0 dyn_points=0 raw_dyn_points=0 service=0/0 split=1->0 (1 outputs) fusion_components=1 visual_only=0 lidar_only=1 fixed_size=0 size_reject=0
[lvdot_detector_main-6] [INFO] [1776861255.023729719] [lvdot_detector_node]: Input health: depth=91 color=181 lidar=1 pose=2645 odom=2645 yolo=64 depth_pose_sync=0 lidar_pose_sync=0 depth_odom_sync=0 lidar_odom_sync=0
[lvdot_detector_main-6] [INFO] [1776861255.023789949] [lvdot_detector_node]: Stage timers: detection=278 lidar_detection=1897 tracking=2030 classification=2034 vis=1929
[lvdot_detector_main-6] [INFO] [1776861255.023800803] [lvdot_detector_node]: Processing phases: detection=run_core lidar_detection=waiting_new_lidar tracking=waiting_filtered_bboxes classification=idle
[lvdot_detector_main-6] [INFO] [1776861255.023809994] [lvdot_detector_node]: Pipeline stats: depth_samples=145/71300 u_map=3 depth_boxes=0 u_map_merge=0 u_map_db=0 u_map_visual=0 u_map_fused=0 u_map_filtered=0 lidar_samples=2739/149315 uv=0 db=4 lidar=1 fused=1 filtered=1 tracks=0 dynamic=0 dyn_points=0 raw_dyn_points=0 service=0/0 split=1->0 (1 outputs) fusion_components=1 visual_only=0 lidar_only=1 fixed_size=0 size_reject=0
[lvdot_detector_main-6] [INFO] [1776861261.025286976] [lvdot_detector_node]: Input health: depth=100 color=201 lidar=1 pose=2881 odom=2881 yolo=69 depth_pose_sync=0 lidar_pose_sync=0 depth_odom_sync=0 lidar_odom_sync=0
[lvdot_detector_main-6] [INFO] [1776861261.025355903] [lvdot_detector_node]: Stage timers: detection=285 lidar_detection=2079 tracking=2212 classification=2216 vis=2108
[lvdot_detector_main-6] [INFO] [1776861261.025367342] [lvdot_detector_node]: Processing phases: detection=run_core lidar_detection=waiting_new_lidar tracking=waiting_filtered_bboxes classification=run_core
[lvdot_detector_main-6] [INFO] [1776861261.025376337] [lvdot_detector_node]: Pipeline stats: depth_samples=243/71300 u_map=3 depth_boxes=0 u_map_merge=0 u_map_db=0 u_map_visual=0 u_map_fused=0 u_map_filtered=0 lidar_samples=2739/149315 uv=0 db=2 lidar=1 fused=1 filtered=1 tracks=0 dynamic=0 dyn_points=0 raw_dyn_points=0 service=0/0 split=1->0 (1 outputs) fusion_components=1 visual_only=0 lidar_only=1 fixed_size=0 size_reject=0
[lvdot_detector_main-6] [INFO] [1776861267.771270682] [lvdot_detector_node]: Input health: depth=107 color=227 lidar=1 pose=3124 odom=3124 yolo=76 depth_pose_sync=0 lidar_pose_sync=0 depth_odom_sync=0 lidar_odom_sync=0
[lvdot_detector_main-6] [INFO] [1776861267.771365481] [lvdot_detector_node]: Stage timers: detection=292 lidar_detection=2261 tracking=2393 classification=2397 vis=2285
[lvdot_detector_main-6] [INFO] [1776861267.771377722] [lvdot_detector_node]: Processing phases: detection=run_core lidar_detection=waiting_new_lidar tracking=snapshot classification=idle
[lvdot_detector_main-6] [INFO] [1776861267.771387026] [lvdot_detector_node]: Pipeline stats: depth_samples=120/71300 u_map=2 depth_boxes=0 u_map_merge=0 u_map_db=0 u_map_visual=0 u_map_fused=0 u_map_filtered=0 lidar_samples=2739/149315 uv=0 db=1 lidar=1 fused=1 filtered=1 tracks=0 dynamic=0 dyn_points=0 raw_dyn_points=0 service=0/0 split=1->0 (1 outputs) fusion_components=1 visual_only=0 lidar_only=1 fixed_size=0 size_reject=0
[lvdot_detector_main-6] [INFO] [1776861273.767590555] [lvdot_detector_node]: Input health: depth=116 color=244 lidar=1 pose=3361 odom=3361 yolo=82 depth_pose_sync=0 lidar_pose_sync=0 depth_odom_sync=0 lidar_odom_sync=0
[lvdot_detector_main-6] [INFO] [1776861273.767652840] [lvdot_detector_node]: Stage timers: detection=299 lidar_detection=2443 tracking=2575 classification=2578 vis=2463
[lvdot_detector_main-6] [INFO] [1776861273.767663221] [lvdot_detector_node]: Processing phases: detection=run_core lidar_detection=waiting_new_lidar tracking=waiting_filtered_bboxes classification=build_input
[lvdot_detector_main-6] [INFO] [1776861273.767672329] [lvdot_detector_node]: Pipeline stats: depth_samples=190/71300 u_map=3 depth_boxes=0 u_map_merge=0 u_map_db=0 u_map_visual=0 u_map_fused=0 u_map_filtered=0 lidar_samples=2739/149315 uv=0 db=3 lidar=1 fused=1 filtered=1 tracks=0 dynamic=0 dyn_points=0 raw_dyn_points=0 service=0/0 split=1->0 (1 outputs) fusion_components=1 visual_only=0 lidar_only=1 fixed_size=0 size_reject=0
[lvdot_detector_main-6] [INFO] [1776861279.762632112] [lvdot_detector_node]: Input health: depth=118 color=264 lidar=1 pose=3605 odom=3605 yolo=88 depth_pose_sync=0 lidar_pose_sync=0 depth_odom_sync=0 lidar_odom_sync=0
[lvdot_detector_main-6] [INFO] [1776861279.763669644] [lvdot_detector_node]: Stage timers: detection=306 lidar_detection=2624 tracking=2755 classification=2757 vis=2641
[lvdot_detector_main-6] [INFO] [1776861279.763896146] [lvdot_detector_node]: Processing phases: detection=run_core lidar_detection=waiting_new_lidar tracking=waiting_filtered_bboxes classification=idle
[lvdot_detector_main-6] [INFO] [1776861279.763907774] [lvdot_detector_node]: Pipeline stats: depth_samples=130/71300 u_map=0 depth_boxes=0 u_map_merge=0 u_map_db=0 u_map_visual=0 u_map_fused=0 u_map_filtered=0 lidar_samples=2739/149315 uv=0 db=1 lidar=1 fused=1 filtered=1 tracks=0 dynamic=0 dyn_points=0 raw_dyn_points=0 service=0/0 split=1->0 (1 outputs) fusion_components=1 visual_only=0 lidar_only=1 fixed_size=0 size_reject=0
[lvdot_detector_main-6] [INFO] [1776861285.768698386] [lvdot_detector_node]: Input health: depth=128 color=271 lidar=1 pose=3843 odom=3843 yolo=92 depth_pose_sync=0 lidar_pose_sync=0 depth_odom_sync=0 lidar_odom_sync=0
[lvdot_detector_main-6] [INFO] [1776861285.769257949] [lvdot_detector_node]: Stage timers: detection=312 lidar_detection=2805 tracking=2936 classification=2937 vis=2809
[lvdot_detector_main-6] [INFO] [1776861285.769271328] [lvdot_detector_node]: Processing phases: detection=run_core lidar_detection=waiting_new_lidar tracking=waiting_filtered_bboxes classification=idle
[lvdot_detector_main-6] [INFO] [1776861285.769280508] [lvdot_detector_node]: Pipeline stats: depth_samples=105/71300 u_map=0 depth_boxes=0 u_map_merge=0 u_map_db=0 u_map_visual=0 u_map_fused=0 u_map_filtered=0 lidar_samples=2739/149315 uv=0 db=1 lidar=1 fused=1 filtered=1 tracks=0 dynamic=0 dyn_points=0 raw_dyn_points=0 service=0/0 split=1->0 (1 outputs) fusion_components=1 visual_only=0 lidar_only=1 fixed_size=0 size_reject=0
[lvdot_detector_main-6] [INFO] [1776861291.763506127] [lvdot_detector_node]: Input health: depth=132 color=283 lidar=1 pose=4075 odom=4075 yolo=100 depth_pose_sync=0 lidar_pose_sync=0 depth_odom_sync=0 lidar_odom_sync=0
[lvdot_detector_main-6] [INFO] [1776861291.763566586] [lvdot_detector_node]: Stage timers: detection=319 lidar_detection=2987 tracking=3117 classification=3118 vis=2983
[lvdot_detector_main-6] [INFO] [1776861291.763577916] [lvdot_detector_node]: Processing phases: detection=run_core lidar_detection=snapshot tracking=waiting_filtered_bboxes classification=idle
[lvdot_detector_main-6] [INFO] [1776861291.763586706] [lvdot_detector_node]: Pipeline stats: depth_samples=152/71300 u_map=4 depth_boxes=0 u_map_merge=0 u_map_db=0 u_map_visual=0 u_map_fused=0 u_map_filtered=0 lidar_samples=2739/149315 uv=0 db=3 lidar=1 fused=1 filtered=1 tracks=0 dynamic=0 dyn_points=0 raw_dyn_points=0 service=0/0 split=1->0 (1 outputs) fusion_components=1 visual_only=0 lidar_only=1 fixed_size=0 size_reject=0
[lvdot_detector_main-6] [INFO] [1776861297.767520864] [lvdot_detector_node]: Input health: depth=143 color=303 lidar=1 pose=4313 odom=4313 yolo=104 depth_pose_sync=0 lidar_pose_sync=0 depth_odom_sync=0 lidar_odom_sync=0
[lvdot_detector_main-6] [INFO] [1776861297.767634749] [lvdot_detector_node]: Stage timers: detection=325 lidar_detection=3164 tracking=3298 classification=3299 vis=3154
[lvdot_detector_main-6] [INFO] [1776861297.767655650] [lvdot_detector_node]: Processing phases: detection=run_core lidar_detection=waiting_new_lidar tracking=waiting_filtered_bboxes classification=idle
[lvdot_detector_main-6] [INFO] [1776861297.767665515] [lvdot_detector_node]: Pipeline stats: depth_samples=114/71300 u_map=0 depth_boxes=0 u_map_merge=0 u_map_db=0 u_map_visual=0 u_map_fused=0 u_map_filtered=0 lidar_samples=2739/149315 uv=0 db=2 lidar=1 fused=1 filtered=1 tracks=0 dynamic=0 dyn_points=0 raw_dyn_points=0 service=0/0 split=1->0 (1 outputs) fusion_components=1 visual_only=0 lidar_only=1 fixed_size=0 size_reject=0
[lvdot_detector_main-6] [INFO] [1776861304.539219371] [lvdot_detector_node]: Input health: depth=152 color=321 lidar=1 pose=4554 odom=4553 yolo=110 depth_pose_sync=0 lidar_pose_sync=0 depth_odom_sync=0 lidar_odom_sync=0
[lvdot_detector_main-6] [INFO] [1776861304.539310849] [lvdot_detector_node]: Stage timers: detection=331 lidar_detection=3345 tracking=3478 classification=3477 vis=3318
[lvdot_detector_main-6] [INFO] [1776861304.539322603] [lvdot_detector_node]: Processing phases: detection=run_core lidar_detection=waiting_new_lidar tracking=waiting_filtered_bboxes classification=snapshot
[lvdot_detector_main-6] [INFO] [1776861304.539331613] [lvdot_detector_node]: Pipeline stats: depth_samples=105/71300 u_map=0 depth_boxes=0 u_map_merge=0 u_map_db=0 u_map_visual=0 u_map_fused=0 u_map_filtered=0 lidar_samples=2739/149315 uv=0 db=1 lidar=1 fused=1 filtered=1 tracks=0 dynamic=0 dyn_points=0 raw_dyn_points=0 service=0/0 split=1->0 (1 outputs) fusion_components=1 visual_only=0 lidar_only=1 fixed_size=0 size_reject=0
[lvdot_detector_main-6] [INFO] [1776861310.532037383] [lvdot_detector_node]: Input health: depth=157 color=343 lidar=1 pose=4794 odom=4793 yolo=116 depth_pose_sync=0 lidar_pose_sync=0 depth_odom_sync=0 lidar_odom_sync=0
[lvdot_detector_main-6] [INFO] [1776861310.532123316] [lvdot_detector_node]: Stage timers: detection=338 lidar_detection=3525 tracking=3656 classification=3656 vis=3490
[lvdot_detector_main-6] [INFO] [1776861310.532135338] [lvdot_detector_node]: Processing phases: detection=run_core lidar_detection=waiting_new_lidar tracking=waiting_filtered_bboxes classification=idle
[lvdot_detector_main-6] [INFO] [1776861310.532144306] [lvdot_detector_node]: Pipeline stats: depth_samples=130/71300 u_map=2 depth_boxes=0 u_map_merge=0 u_map_db=0 u_map_visual=0 u_map_fused=0 u_map_filtered=0 lidar_samples=2739/149315 uv=0 db=1 lidar=1 fused=1 filtered=1 tracks=0 dynamic=0 dyn_points=0 raw_dyn_points=0 service=0/0 split=1->0 (1 outputs) fusion_components=1 visual_only=0 lidar_only=1 fixed_size=0 size_reject=0
[lvdot_detector_main-6] [INFO] [1776861316.534072821] [lvdot_detector_node]: Input health: depth=167 color=351 lidar=1 pose=5030 odom=5029 yolo=122 depth_pose_sync=0 lidar_pose_sync=0 depth_odom_sync=0 lidar_odom_sync=0
[lvdot_detector_main-6] [INFO] [1776861316.534150364] [lvdot_detector_node]: Stage timers: detection=344 lidar_detection=3705 tracking=3835 classification=3835 vis=3659
[lvdot_detector_main-6] [INFO] [1776861316.534169018] [lvdot_detector_node]: Processing phases: detection=run_core lidar_detection=waiting_new_lidar tracking=waiting_filtered_bboxes classification=snapshot
[lvdot_detector_main-6] [INFO] [1776861316.534180737] [lvdot_detector_node]: Pipeline stats: depth_samples=177/71300 u_map=6 depth_boxes=0 u_map_merge=0 u_map_db=0 u_map_visual=0 u_map_fused=0 u_map_filtered=0 lidar_samples=2739/149315 uv=0 db=2 lidar=1 fused=1 filtered=1 tracks=0 dynamic=0 dyn_points=0 raw_dyn_points=0 service=0/0 split=1->0 (1 outputs) fusion_components=1 visual_only=0 lidar_only=1 fixed_size=0 size_reject=0
[lvdot_detector_main-6] [INFO] [1776861322.531970909] [lvdot_detector_node]: Input health: depth=178 color=369 lidar=1 pose=5274 odom=5273 yolo=127 depth_pose_sync=0 lidar_pose_sync=0 depth_odom_sync=0 lidar_odom_sync=0
[lvdot_detector_main-6] [INFO] [1776861322.532029896] [lvdot_detector_node]: Stage timers: detection=351 lidar_detection=3883 tracking=4014 classification=4011 vis=3830
[lvdot_detector_main-6] [INFO] [1776861322.532040542] [lvdot_detector_node]: Processing phases: detection=run_core lidar_detection=waiting_new_lidar tracking=waiting_filtered_bboxes classification=idle
[lvdot_detector_main-6] [INFO] [1776861322.532049331] [lvdot_detector_node]: Pipeline stats: depth_samples=221/71300 u_map=4 depth_boxes=0 u_map_merge=0 u_map_db=0 u_map_visual=0 u_map_fused=0 u_map_filtered=0 lidar_samples=2739/149315 uv=0 db=3 lidar=1 fused=1 filtered=1 tracks=0 dynamic=0 dyn_points=0 raw_dyn_points=0 service=0/0 split=1->0 (1 outputs) fusion_components=1 visual_only=0 lidar_only=1 fixed_size=0 size_reject=0
[lvdot_detector_main-6] [INFO] [1776861328.532339471] [lvdot_detector_node]: Input health: depth=185 color=380 lidar=1 pose=5514 odom=5513 yolo=134 depth_pose_sync=0 lidar_pose_sync=0 depth_odom_sync=0 lidar_odom_sync=0
[lvdot_detector_main-6] [INFO] [1776861328.532405148] [lvdot_detector_node]: Stage timers: detection=358 lidar_detection=4062 tracking=4194 classification=4190 vis=4003
[lvdot_detector_main-6] [INFO] [1776861328.532420297] [lvdot_detector_node]: Processing phases: detection=run_core lidar_detection=waiting_new_lidar tracking=waiting_filtered_bboxes classification=idle
[lvdot_detector_main-6] [INFO] [1776861328.532431927] [lvdot_detector_node]: Pipeline stats: depth_samples=110/71300 u_map=3 depth_boxes=0 u_map_merge=0 u_map_db=0 u_map_visual=0 u_map_fused=0 u_map_filtered=0 lidar_samples=2739/149315 uv=0 db=1 lidar=1 fused=1 filtered=1 tracks=0 dynamic=0 dyn_points=0 raw_dyn_points=0 service=0/0 split=1->0 (1 outputs) fusion_components=1 visual_only=0 lidar_only=1 fixed_size=0 size_reject=0
[lvdot_detector_main-6] [INFO] [1776861335.367129657] [lvdot_detector_node]: Input health: depth=193 color=391 lidar=1 pose=5754 odom=5753 yolo=139 depth_pose_sync=0 lidar_pose_sync=0 depth_odom_sync=0 lidar_odom_sync=0
[lvdot_detector_main-6] [INFO] [1776861335.367235964] [lvdot_detector_node]: Stage timers: detection=364 lidar_detection=4243 tracking=4376 classification=4371 vis=4177
[lvdot_detector_main-6] [INFO] [1776861335.367258744] [lvdot_detector_node]: Processing phases: detection=run_core lidar_detection=waiting_new_lidar tracking=waiting_filtered_bboxes classification=snapshot
[lvdot_detector_main-6] [INFO] [1776861335.367279552] [lvdot_detector_node]: Pipeline stats: depth_samples=97/71300 u_map=4 depth_boxes=0 u_map_merge=0 u_map_db=0 u_map_visual=0 u_map_fused=0 u_map_filtered=0 lidar_samples=2739/149315 uv=0 db=1 lidar=1 fused=1 filtered=1 tracks=0 dynamic=0 dyn_points=0 raw_dyn_points=0 service=0/0 split=1->0 (1 outputs) fusion_components=1 visual_only=0 lidar_only=1 fixed_size=0 size_reject=0
[lvdot_detector_main-6] [INFO] [1776861341.366301487] [lvdot_detector_node]: Input health: depth=199 color=409 lidar=1 pose=5987 odom=5986 yolo=145 depth_pose_sync=0 lidar_pose_sync=0 depth_odom_sync=0 lidar_odom_sync=0
[lvdot_detector_main-6] [INFO] [1776861341.366370250] [lvdot_detector_node]: Stage timers: detection=370 lidar_detection=4423 tracking=4555 classification=4548 vis=4341
[lvdot_detector_main-6] [INFO] [1776861341.366387098] [lvdot_detector_node]: Processing phases: detection=run_core lidar_detection=waiting_new_lidar tracking=waiting_filtered_bboxes classification=idle
[lvdot_detector_main-6] [INFO] [1776861341.366399146] [lvdot_detector_node]: Pipeline stats: depth_samples=114/71300 u_map=2 depth_boxes=0 u_map_merge=0 u_map_db=0 u_map_visual=0 u_map_fused=0 u_map_filtered=0 lidar_samples=2739/149315 uv=0 db=2 lidar=1 fused=1 filtered=1 tracks=0 dynamic=0 dyn_points=0 raw_dyn_points=0 service=0/0 split=1->0 (1 outputs) fusion_components=1 visual_only=0 lidar_only=1 fixed_size=0 size_reject=0
[lvdot_detector_main-6] [INFO] [1776861342.911211406] [lvdot_detector_node]: get_dynamic_obstacles responded with 0 obstacles from 0 tracked dynamic boxes.
