[INFO] [launch]: All log files can be found below /home/skbt2/.ros/log/2026-04-23-22-56-47-176176-DESKTOP-90MQDL6-153190
[INFO] [launch]: Default logging verbosity is set to INFO
[INFO] [gazebo-1]: process started with pid [153234]
[INFO] [parameter_bridge-2]: process started with pid [153235]
[INFO] [pedestrian_state_publisher-3]: process started with pid [153236]
[INFO] [uav_trajectory_controller-4]: process started with pid [153237]
[INFO] [image_pointcloud_relay-5]: process started with pid [153238]
[INFO] [lvdot_yolo_node-6]: process started with pid [153239]
[INFO] [lvdot_detector_main-7]: process started with pid [153240]
[parameter_bridge-2] [INFO] [1776956207.434598191] [ros_gz_bridge]: Creating GZ->ROS Bridge: [/rgbd_camera/image (gz.msgs.Image) -> /rgbd_camera/image (sensor_msgs/msg/Image)] (Lazy 0)
[parameter_bridge-2] [INFO] [1776956207.440248604] [ros_gz_bridge]: Creating GZ->ROS Bridge: [/rgbd_camera/camera_info (gz.msgs.CameraInfo) -> /rgbd_camera/camera_info (sensor_msgs/msg/CameraInfo)] (Lazy 0)
[parameter_bridge-2] [INFO] [1776956207.441570715] [ros_gz_bridge]: Creating GZ->ROS Bridge: [/rgbd_camera/depth_image (gz.msgs.Image) -> /rgbd_camera/depth_image (sensor_msgs/msg/Image)] (Lazy 0)
[parameter_bridge-2] [INFO] [1776956207.442244091] [ros_gz_bridge]: Creating GZ->ROS Bridge: [/rgbd_camera/points (gz.msgs.PointCloudPacked) -> /rgbd_camera/points (sensor_msgs/msg/PointCloud2)] (Lazy 0)
[parameter_bridge-2] [INFO] [1776956207.443350514] [ros_gz_bridge]: Creating GZ->ROS Bridge: [/camera/imu (gz.msgs.IMU) -> /camera/imu (sensor_msgs/msg/Imu)] (Lazy 0)
[parameter_bridge-2] [INFO] [1776956207.444610971] [ros_gz_bridge]: Creating ROS->GZ service bridge [/world/pedestrian_prototype/set_pose (ros_gz_interfaces/srv/SetEntityPose -> /)]
[parameter_bridge-2] [INFO] [1776956207.447281210] [ros_gz_bridge]: Creating ROS->GZ service bridge [/world/pedestrian_prototype/set_pose/blocking (ros_gz_interfaces/srv/SetEntityPose -> /)]
[lvdot_detector_main-7] [INFO] [1776956207.626341318] [lvdot_detector_node]: Config loaded: localization_mode=0 dt=0.033 image=640x480 depth_range=[0.20, 12.00] stage_timers=true
[lvdot_detector_main-7] [INFO] [1776956207.691523645] [lvdot_detector_node]: LV-DOT ROS2 skeleton started. depth=/camera/depth/image_rect_raw color=/camera/color/image_raw lidar=/rgbd_camera/points pose=/mavros/local_position/pose odom=/mavros/local_position/odom yolo=/yolo_detector/detected_bounding_boxes
[uav_trajectory_controller-4] [WARN] [1776956208.636393976] [uav_trajectory_controller]: SetEntityPose service /world/pedestrian_prototype/set_pose/blocking is unavailable; UAV state publication is paused until Gazebo pose control is reachable.
[gazebo-1] [INFO] [1776956208.651220431] [pedestrian_pose_sync_system]: Configured pedestrian pose sync plugin on topic [/pedestrian_sim/agent_states] for 8 models.
[lvdot_detector_main-7] [INFO] [1776956209.691913533] [lvdot_detector_node]: Input health: depth=0 color=0 lidar=0 pose=0 odom=0 yolo=0 depth_pose_sync=0 lidar_pose_sync=0 depth_odom_sync=0 lidar_odom_sync=0
[lvdot_detector_main-7] [INFO] [1776956209.692080331] [lvdot_detector_node]: Stage timers: detection=60 lidar_detection=60 tracking=60 classification=60 vis=60
[lvdot_detector_main-7] [INFO] [1776956209.692100064] [lvdot_detector_node]: Processing phases: detection=waiting_sensor_pose lidar_detection=waiting_new_lidar tracking=waiting_new_filtered_update classification=waiting_new_tracking_update
[lvdot_detector_main-7] [INFO] [1776956209.692107525] [lvdot_detector_node]: Pipeline stats: depth_samples=0/0 u_map=0 depth_boxes=0 u_map_merge=0 u_map_db=0 u_map_visual=0 u_map_fused=0 u_map_filtered=0 lidar_samples=0/0 uv=0 db=0 lidar=0 fused=0 filtered=0 tracks=0 dynamic=0 dyn_points=0 raw_dyn_points=0 service=0/0 split=0->0 (0 outputs) fusion_components=0 visual_only=0 lidar_only=0 yolo_in=0 yolo_match3d=0 yolo_match_det=0 yolo_human=0 fixed_size=0 size_reject=0
[lvdot_detector_main-7] [INFO] [1776956215.701128846] [lvdot_detector_node]: Input health: depth=13 color=10 lidar=13 pose=31 odom=31 yolo=11 depth_pose_sync=0 lidar_pose_sync=0 depth_odom_sync=0 lidar_odom_sync=0
[lvdot_detector_main-7] [INFO] [1776956215.701210508] [lvdot_detector_node]: Stage timers: detection=132 lidar_detection=128 tracking=242 classification=242 vis=237
[lvdot_detector_main-7] [INFO] [1776956215.701224659] [lvdot_detector_node]: Processing phases: detection=run_core lidar_detection=run_lidar_detector/downsample tracking=waiting_new_filtered_update classification=waiting_new_tracking_update
[lvdot_detector_main-7] [INFO] [1776956215.701235174] [lvdot_detector_node]: Pipeline stats: depth_samples=1562/71300 u_map=2 depth_boxes=0 u_map_merge=0 u_map_db=0 u_map_visual=0 u_map_fused=0 u_map_filtered=0 lidar_samples=3471/180790 uv=2 db=11 lidar=5 fused=2 filtered=2 tracks=2 dynamic=0 dyn_points=0 raw_dyn_points=0 service=0/0 split=2->0 (2 outputs) fusion_components=2 visual_only=2 lidar_only=0 yolo_in=0 yolo_match3d=0 yolo_match_det=0 yolo_human=0 fixed_size=0 size_reject=0
[lvdot_detector_main-7] [INFO] [1776956221.697642751] [lvdot_detector_node]: Input health: depth=32 color=30 lidar=27 pose=80 odom=80 yolo=29 depth_pose_sync=0 lidar_pose_sync=0 depth_odom_sync=0 lidar_odom_sync=0
[lvdot_detector_main-7] [INFO] [1776956221.697731191] [lvdot_detector_node]: Stage timers: detection=139 lidar_detection=130 tracking=417 classification=420 vis=389
[lvdot_detector_main-7] [INFO] [1776956221.697758987] [lvdot_detector_node]: Processing phases: detection=run_core lidar_detection=run_lidar_detector/project tracking=idle classification=waiting_new_tracking_update
[lvdot_detector_main-7] [INFO] [1776956221.697770844] [lvdot_detector_node]: Pipeline stats: depth_samples=1282/71300 u_map=5 depth_boxes=0 u_map_merge=0 u_map_db=0 u_map_visual=0 u_map_fused=0 u_map_filtered=0 lidar_samples=3356/146065 uv=2 db=9 lidar=58 fused=60 filtered=60 tracks=60 dynamic=1 dyn_points=0 raw_dyn_points=0 service=0/0 split=60->0 (60 outputs) fusion_components=60 visual_only=2 lidar_only=58 yolo_in=1 yolo_match3d=1 yolo_match_det=1 yolo_human=1 fixed_size=0 size_reject=0
[lvdot_detector_main-7] [INFO] [1776956228.243579146] [lvdot_detector_node]: Input health: depth=63 color=64 lidar=55 pose=128 odom=128 yolo=54 depth_pose_sync=0 lidar_pose_sync=0 depth_odom_sync=0 lidar_odom_sync=0
[lvdot_detector_main-7] [INFO] [1776956228.243686890] [lvdot_detector_node]: Stage timers: detection=146 lidar_detection=132 tracking=597 classification=600 vis=550
[lvdot_detector_main-7] [INFO] [1776956228.243701841] [lvdot_detector_node]: Processing phases: detection=run_core lidar_detection=run_lidar_detector/dbscan tracking=waiting_new_filtered_update classification=waiting_new_tracking_update
[lvdot_detector_main-7] [INFO] [1776956228.243713802] [lvdot_detector_node]: Pipeline stats: depth_samples=1536/71300 u_map=0 depth_boxes=0 u_map_merge=0 u_map_db=0 u_map_visual=0 u_map_fused=0 u_map_filtered=0 lidar_samples=3045/119936 uv=0 db=9 lidar=12 fused=12 filtered=12 tracks=12 dynamic=0 dyn_points=0 raw_dyn_points=0 service=0/0 split=12->0 (12 outputs) fusion_components=12 visual_only=0 lidar_only=12 yolo_in=0 yolo_match3d=0 yolo_match_det=0 yolo_human=0 fixed_size=0 size_reject=0
[uav_trajectory_controller-4] [WARN] [1776956232.863966904] [uav_trajectory_controller]: SetEntityPose request timed out after 0.62s on /world/pedestrian_prototype/set_pose/blocking; dropping the pending request and retrying.
[uav_trajectory_controller-4] [WARN] [1776956232.865603804] [uav_trajectory_controller]: Falling back from /world/pedestrian_prototype/set_pose/blocking to /world/pedestrian_prototype/set_pose.
[lvdot_detector_main-7] [INFO] [1776956234.227190013] [lvdot_detector_node]: Input health: depth=89 color=85 lidar=80 pose=165 odom=165 yolo=73 depth_pose_sync=0 lidar_pose_sync=0 depth_odom_sync=0 lidar_odom_sync=0
[lvdot_detector_main-7] [INFO] [1776956234.227255813] [lvdot_detector_node]: Stage timers: detection=153 lidar_detection=135 tracking=778 classification=781 vis=728
[lvdot_detector_main-7] [INFO] [1776956234.227266713] [lvdot_detector_node]: Processing phases: detection=run_core lidar_detection=run_lidar_detector/dbscan tracking=waiting_new_filtered_update classification=waiting_new_tracking_update
[lvdot_detector_main-7] [INFO] [1776956234.227275613] [lvdot_detector_node]: Pipeline stats: depth_samples=1722/71300 u_map=2 depth_boxes=0 u_map_merge=0 u_map_db=0 u_map_visual=0 u_map_fused=0 u_map_filtered=0 lidar_samples=3401/117773 uv=2 db=12 lidar=18 fused=11 filtered=11 tracks=11 dynamic=0 dyn_points=0 raw_dyn_points=0 service=0/0 split=11->0 (11 outputs) fusion_components=11 visual_only=2 lidar_only=9 yolo_in=3 yolo_match3d=1 yolo_match_det=1 yolo_human=1 fixed_size=0 size_reject=1
[lvdot_detector_main-7] [INFO] [1776956240.228878967] [lvdot_detector_node]: Input health: depth=111 color=106 lidar=99 pose=213 odom=213 yolo=93 depth_pose_sync=0 lidar_pose_sync=0 depth_odom_sync=0 lidar_odom_sync=0
[lvdot_detector_main-7] [INFO] [1776956240.228970167] [lvdot_detector_node]: Stage timers: detection=160 lidar_detection=137 tracking=960 classification=963 vis=893
[lvdot_detector_main-7] [INFO] [1776956240.228991967] [lvdot_detector_node]: Processing phases: detection=run_core lidar_detection=run_lidar_detector/dbscan tracking=waiting_new_filtered_update classification=waiting_new_tracking_update
[lvdot_detector_main-7] [INFO] [1776956240.229004467] [lvdot_detector_node]: Pipeline stats: depth_samples=1384/71300 u_map=3 depth_boxes=0 u_map_merge=0 u_map_db=0 u_map_visual=0 u_map_fused=0 u_map_filtered=0 lidar_samples=3268/160410 uv=1 db=10 lidar=14 fused=15 filtered=15 tracks=15 dynamic=0 dyn_points=0 raw_dyn_points=0 service=0/0 split=15->0 (15 outputs) fusion_components=15 visual_only=1 lidar_only=14 yolo_in=4 yolo_match3d=2 yolo_match_det=2 yolo_human=2 fixed_size=0 size_reject=2
[lvdot_detector_main-7] [INFO] [1776956246.227847560] [lvdot_detector_node]: Input health: depth=150 color=141 lidar=134 pose=261 odom=261 yolo=121 depth_pose_sync=0 lidar_pose_sync=0 depth_odom_sync=0 lidar_odom_sync=0
[lvdot_detector_main-7] [INFO] [1776956246.227912794] [lvdot_detector_node]: Stage timers: detection=168 lidar_detection=140 tracking=1142 classification=1145 vis=1066
[lvdot_detector_main-7] [INFO] [1776956246.227923375] [lvdot_detector_node]: Processing phases: detection=run_core lidar_detection=run_lidar_detector/dbscan tracking=snapshot classification=waiting_new_tracking_update
[lvdot_detector_main-7] [INFO] [1776956246.227932597] [lvdot_detector_node]: Pipeline stats: depth_samples=1581/71300 u_map=0 depth_boxes=0 u_map_merge=0 u_map_db=0 u_map_visual=0 u_map_fused=0 u_map_filtered=0 lidar_samples=3449/121520 uv=0 db=9 lidar=67 fused=19 filtered=19 tracks=19 dynamic=0 dyn_points=0 raw_dyn_points=0 service=0/0 split=19->0 (19 outputs) fusion_components=19 visual_only=0 lidar_only=19 yolo_in=0 yolo_match3d=0 yolo_match_det=0 yolo_human=0 fixed_size=0 size_reject=0
[lvdot_detector_main-7] [INFO] [1776956252.229418047] [lvdot_detector_node]: Input health: depth=176 color=166 lidar=158 pose=309 odom=309 yolo=142 depth_pose_sync=0 lidar_pose_sync=0 depth_odom_sync=0 lidar_odom_sync=0
[lvdot_detector_main-7] [INFO] [1776956252.229502539] [lvdot_detector_node]: Stage timers: detection=175 lidar_detection=142 tracking=1324 classification=1326 vis=1246
[lvdot_detector_main-7] [INFO] [1776956252.229513113] [lvdot_detector_node]: Processing phases: detection=run_core lidar_detection=run_lidar_detector/dbscan tracking=waiting_new_filtered_update classification=waiting_new_tracking_update
[lvdot_detector_main-7] [INFO] [1776956252.229519673] [lvdot_detector_node]: Pipeline stats: depth_samples=1769/71300 u_map=3 depth_boxes=0 u_map_merge=0 u_map_db=0 u_map_visual=0 u_map_fused=0 u_map_filtered=0 lidar_samples=3257/122542 uv=0 db=13 lidar=16 fused=16 filtered=16 tracks=16 dynamic=0 dyn_points=0 raw_dyn_points=0 service=0/0 split=16->0 (16 outputs) fusion_components=16 visual_only=0 lidar_only=16 yolo_in=3 yolo_match3d=0 yolo_match_det=0 yolo_human=0 fixed_size=0 size_reject=0
[lvdot_detector_main-7] [INFO] [1776956258.246316421] [lvdot_detector_node]: Input health: depth=198 color=187 lidar=181 pose=357 odom=357 yolo=162 depth_pose_sync=0 lidar_pose_sync=0 depth_odom_sync=0 lidar_odom_sync=0
[lvdot_detector_main-7] [INFO] [1776956258.246392621] [lvdot_detector_node]: Stage timers: detection=183 lidar_detection=145 tracking=1501 classification=1503 vis=1402
[lvdot_detector_main-7] [INFO] [1776956258.246409321] [lvdot_detector_node]: Processing phases: detection=run_core lidar_detection=run_lidar_detector/project tracking=waiting_new_filtered_update classification=waiting_new_tracking_update
[lvdot_detector_main-7] [INFO] [1776956258.246421521] [lvdot_detector_node]: Pipeline stats: depth_samples=1178/71300 u_map=4 depth_boxes=0 u_map_merge=0 u_map_db=0 u_map_visual=0 u_map_fused=0 u_map_filtered=0 lidar_samples=3044/190902 uv=1 db=11 lidar=20 fused=70 filtered=70 tracks=70 dynamic=1 dyn_points=92 raw_dyn_points=0 service=0/0 split=70->0 (70 outputs) fusion_components=70 visual_only=1 lidar_only=69 yolo_in=2 yolo_match3d=2 yolo_match_det=2 yolo_human=2 fixed_size=0 size_reject=1
[lvdot_detector_main-7] [INFO] [1776956264.841168318] [lvdot_detector_node]: Input health: depth=239 color=222 lidar=213 pose=406 odom=406 yolo=186 depth_pose_sync=0 lidar_pose_sync=0 depth_odom_sync=0 lidar_odom_sync=0
[lvdot_detector_main-7] [INFO] [1776956264.841275634] [lvdot_detector_node]: Stage timers: detection=190 lidar_detection=147 tracking=1681 classification=1683 vis=1560
[lvdot_detector_main-7] [INFO] [1776956264.841293193] [lvdot_detector_node]: Processing phases: detection=run_core lidar_detection=run_lidar_detector/dbscan tracking=waiting_new_filtered_update classification=waiting_new_tracking_update
[lvdot_detector_main-7] [INFO] [1776956264.841300354] [lvdot_detector_node]: Pipeline stats: depth_samples=1581/71300 u_map=0 depth_boxes=0 u_map_merge=0 u_map_db=0 u_map_visual=0 u_map_fused=0 u_map_filtered=0 lidar_samples=3205/135683 uv=0 db=9 lidar=75 fused=8 filtered=8 tracks=8 dynamic=0 dyn_points=0 raw_dyn_points=0 service=0/0 split=8->0 (8 outputs) fusion_components=8 visual_only=0 lidar_only=8 yolo_in=0 yolo_match3d=0 yolo_match_det=0 yolo_human=0 fixed_size=0 size_reject=0
[lvdot_detector_main-7] [INFO] [1776956270.840927433] [lvdot_detector_node]: Input health: depth=260 color=245 lidar=235 pose=454 odom=454 yolo=208 depth_pose_sync=0 lidar_pose_sync=0 depth_odom_sync=0 lidar_odom_sync=0
[lvdot_detector_main-7] [INFO] [1776956270.841013317] [lvdot_detector_node]: Stage timers: detection=197 lidar_detection=150 tracking=1863 classification=1865 vis=1738
[lvdot_detector_main-7] [INFO] [1776956270.841027919] [lvdot_detector_node]: Processing phases: detection=run_core lidar_detection=run_lidar_detector/project tracking=waiting_new_filtered_update classification=waiting_new_tracking_update
[lvdot_detector_main-7] [INFO] [1776956270.841040696] [lvdot_detector_node]: Pipeline stats: depth_samples=1692/71300 u_map=4 depth_boxes=0 u_map_merge=0 u_map_db=0 u_map_visual=0 u_map_fused=0 u_map_filtered=0 lidar_samples=3191/128666 uv=2 db=12 lidar=16 fused=18 filtered=19 tracks=19 dynamic=3 dyn_points=96 raw_dyn_points=3051 service=0/0 split=18->1 (19 outputs) fusion_components=18 visual_only=2 lidar_only=16 yolo_in=7 yolo_match3d=2 yolo_match_det=6 yolo_human=3 fixed_size=0 size_reject=0
[lvdot_detector_main-7] [INFO] [1776956276.861373911] [lvdot_detector_node]: Input health: depth=282 color=268 lidar=259 pose=502 odom=502 yolo=229 depth_pose_sync=0 lidar_pose_sync=0 depth_odom_sync=0 lidar_odom_sync=0
[lvdot_detector_main-7] [INFO] [1776956276.862301886] [lvdot_detector_node]: Stage timers: detection=206 lidar_detection=152 tracking=2043 classification=2043 vis=1903
[lvdot_detector_main-7] [INFO] [1776956276.862577184] [lvdot_detector_node]: Processing phases: detection=run_core lidar_detection=run_lidar_detector/dbscan tracking=waiting_new_filtered_update classification=idle
[lvdot_detector_main-7] [INFO] [1776956276.862589968] [lvdot_detector_node]: Pipeline stats: depth_samples=1158/71300 u_map=3 depth_boxes=0 u_map_merge=0 u_map_db=0 u_map_visual=0 u_map_fused=0 u_map_filtered=0 lidar_samples=3024/137318 uv=1 db=9 lidar=8 fused=9 filtered=9 tracks=9 dynamic=0 dyn_points=0 raw_dyn_points=0 service=0/0 split=9->0 (9 outputs) fusion_components=9 visual_only=1 lidar_only=8 yolo_in=2 yolo_match3d=1 yolo_match_det=1 yolo_human=1 fixed_size=0 size_reject=1
[lvdot_detector_main-7] [INFO] [1776956282.851317644] [lvdot_detector_node]: Input health: depth=311 color=303 lidar=287 pose=550 odom=550 yolo=248 depth_pose_sync=0 lidar_pose_sync=0 depth_odom_sync=0 lidar_odom_sync=0
[lvdot_detector_main-7] [INFO] [1776956282.851414644] [lvdot_detector_node]: Stage timers: detection=213 lidar_detection=155 tracking=2222 classification=2224 vis=2056
[lvdot_detector_main-7] [INFO] [1776956282.851427244] [lvdot_detector_node]: Processing phases: detection=build_input lidar_detection=run_lidar_detector/project tracking=idle classification=waiting_new_tracking_update
[lvdot_detector_main-7] [INFO] [1776956282.851437044] [lvdot_detector_node]: Pipeline stats: depth_samples=1536/71300 u_map=0 depth_boxes=0 u_map_merge=0 u_map_db=0 u_map_visual=0 u_map_fused=0 u_map_filtered=0 lidar_samples=3308/115189 uv=0 db=9 lidar=8 fused=61 filtered=61 tracks=61 dynamic=1 dyn_points=98 raw_dyn_points=9831 service=0/0 split=61->0 (61 outputs) fusion_components=61 visual_only=0 lidar_only=61 yolo_in=0 yolo_match3d=0 yolo_match_det=0 yolo_human=0 fixed_size=0 size_reject=0
[lvdot_detector_main-7] [INFO] [1776956288.847016948] [lvdot_detector_node]: Input health: depth=327 color=316 lidar=301 pose=598 odom=598 yolo=261 depth_pose_sync=0 lidar_pose_sync=0 depth_odom_sync=0 lidar_odom_sync=0
[lvdot_detector_main-7] [INFO] [1776956288.847124848] [lvdot_detector_node]: Stage timers: detection=220 lidar_detection=157 tracking=2405 classification=2406 vis=2235
[lvdot_detector_main-7] [INFO] [1776956288.847141448] [lvdot_detector_node]: Processing phases: detection=run_core lidar_detection=run_lidar_detector/dbscan tracking=waiting_new_filtered_update classification=waiting_new_tracking_update
[lvdot_detector_main-7] [INFO] [1776956288.847148148] [lvdot_detector_node]: Pipeline stats: depth_samples=1582/71300 u_map=3 depth_boxes=0 u_map_merge=0 u_map_db=0 u_map_visual=0 u_map_fused=0 u_map_filtered=0 lidar_samples=3220/125694 uv=2 db=8 lidar=18 fused=20 filtered=20 tracks=20 dynamic=0 dyn_points=0 raw_dyn_points=0 service=0/0 split=20->0 (20 outputs) fusion_components=20 visual_only=2 lidar_only=18 yolo_in=5 yolo_match3d=1 yolo_match_det=1 yolo_human=1 fixed_size=0 size_reject=1
[lvdot_detector_main-7] [INFO] [1776956295.432988116] [lvdot_detector_node]: Input health: depth=343 color=327 lidar=311 pose=647 odom=647 yolo=275 depth_pose_sync=0 lidar_pose_sync=0 depth_odom_sync=0 lidar_odom_sync=0
[lvdot_detector_main-7] [INFO] [1776956295.433054847] [lvdot_detector_node]: Stage timers: detection=226 lidar_detection=160 tracking=2586 classification=2586 vis=2383
[lvdot_detector_main-7] [INFO] [1776956295.433065904] [lvdot_detector_node]: Processing phases: detection=build_filter_input lidar_detection=run_lidar_detector/project tracking=waiting_new_filtered_update classification=waiting_new_tracking_update
[lvdot_detector_main-7] [INFO] [1776956295.433076275] [lvdot_detector_node]: Pipeline stats: depth_samples=1360/71300 u_map=3 depth_boxes=0 u_map_merge=0 u_map_db=0 u_map_visual=0 u_map_fused=0 u_map_filtered=0 lidar_samples=2611/105428 uv=2 db=8 lidar=1 fused=3 filtered=3 tracks=3 dynamic=0 dyn_points=0 raw_dyn_points=0 service=0/0 split=3->0 (3 outputs) fusion_components=3 visual_only=2 lidar_only=1 yolo_in=0 yolo_match3d=0 yolo_match_det=0 yolo_human=0 fixed_size=0 size_reject=0
[lvdot_detector_main-7] [INFO] [1776956301.416491604] [lvdot_detector_node]: Input health: depth=365 color=350 lidar=330 pose=695 odom=695 yolo=291 depth_pose_sync=0 lidar_pose_sync=0 depth_odom_sync=0 lidar_odom_sync=0
[lvdot_detector_main-7] [INFO] [1776956301.416570301] [lvdot_detector_node]: Stage timers: detection=234 lidar_detection=162 tracking=2766 classification=2767 vis=2556
[lvdot_detector_main-7] [INFO] [1776956301.416580574] [lvdot_detector_node]: Processing phases: detection=run_core lidar_detection=run_lidar_detector/project tracking=waiting_new_filtered_update classification=waiting_new_tracking_update
[lvdot_detector_main-7] [INFO] [1776956301.416587737] [lvdot_detector_node]: Pipeline stats: depth_samples=1536/71300 u_map=0 depth_boxes=0 u_map_merge=0 u_map_db=0 u_map_visual=0 u_map_fused=0 u_map_filtered=0 lidar_samples=3499/135984 uv=0 db=9 lidar=63 fused=66 filtered=66 tracks=66 dynamic=0 dyn_points=0 raw_dyn_points=0 service=0/0 split=66->0 (66 outputs) fusion_components=66 visual_only=0 lidar_only=66 yolo_in=0 yolo_match3d=0 yolo_match_det=0 yolo_human=0 fixed_size=0 size_reject=0
[lvdot_detector_main-7] [INFO] [1776956306.452516527] [lvdot_detector_node]: get_dynamic_obstacles responded with 1 obstacles from 1 tracked dynamic boxes.
[lvdot_detector_main-7] [INFO] [1776956307.416537460] [lvdot_detector_node]: Input health: depth=381 color=363 lidar=341 pose=743 odom=743 yolo=303 depth_pose_sync=0 lidar_pose_sync=0 depth_odom_sync=0 lidar_odom_sync=0
[lvdot_detector_main-7] [INFO] [1776956307.416639851] [lvdot_detector_node]: Stage timers: detection=241 lidar_detection=164 tracking=2946 classification=2949 vis=2721
[lvdot_detector_main-7] [INFO] [1776956307.416658049] [lvdot_detector_node]: Processing phases: detection=run_core lidar_detection=run_lidar_detector/project tracking=waiting_new_filtered_update classification=waiting_new_tracking_update
[lvdot_detector_main-7] [INFO] [1776956307.416670048] [lvdot_detector_node]: Pipeline stats: depth_samples=1419/71300 u_map=2 depth_boxes=0 u_map_merge=0 u_map_db=0 u_map_visual=0 u_map_fused=0 u_map_filtered=0 lidar_samples=3419/157603 uv=1 db=6 lidar=61 fused=6 filtered=6 tracks=6 dynamic=0 dyn_points=0 raw_dyn_points=0 service=1/1 split=6->0 (6 outputs) fusion_components=6 visual_only=1 lidar_only=5 yolo_in=1 yolo_match3d=1 yolo_match_det=1 yolo_human=1 fixed_size=0 size_reject=1
[lvdot_detector_main-7] [INFO] [1776956313.438896887] [lvdot_detector_node]: Input health: depth=394 color=380 lidar=349 pose=791 odom=791 yolo=314 depth_pose_sync=0 lidar_pose_sync=0 depth_odom_sync=0 lidar_odom_sync=0
[lvdot_detector_main-7] [INFO] [1776956313.439019774] [lvdot_detector_node]: Stage timers: detection=247 lidar_detection=166 tracking=3127 classification=3128 vis=2866
[lvdot_detector_main-7] [INFO] [1776956313.439040567] [lvdot_detector_node]: Processing phases: detection=idle lidar_detection=run_lidar_detector/dbscan tracking=waiting_new_filtered_update classification=waiting_new_tracking_update
[lvdot_detector_main-7] [INFO] [1776956313.439051998] [lvdot_detector_node]: Pipeline stats: depth_samples=1569/71300 u_map=3 depth_boxes=0 u_map_merge=0 u_map_db=0 u_map_visual=0 u_map_fused=0 u_map_filtered=0 lidar_samples=3315/117652 uv=0 db=17 lidar=13 fused=13 filtered=13 tracks=59 dynamic=0 dyn_points=0 raw_dyn_points=0 service=1/1 split=13->0 (13 outputs) fusion_components=13 visual_only=0 lidar_only=13 yolo_in=1 yolo_match3d=0 yolo_match_det=0 yolo_human=0 fixed_size=0 size_reject=0
[lvdot_detector_main-7] [INFO] [1776956319.419928750] [lvdot_detector_node]: Input health: depth=422 color=404 lidar=368 pose=837 odom=837 yolo=331 depth_pose_sync=0 lidar_pose_sync=0 depth_odom_sync=0 lidar_odom_sync=0
[lvdot_detector_main-7] [INFO] [1776956319.420009851] [lvdot_detector_node]: Stage timers: detection=255 lidar_detection=168 tracking=3309 classification=3309 vis=3044
[lvdot_detector_main-7] [INFO] [1776956319.420020369] [lvdot_detector_node]: Processing phases: detection=run_core lidar_detection=run_lidar_detector/dbscan tracking=waiting_new_filtered_update classification=waiting_new_tracking_update
[lvdot_detector_main-7] [INFO] [1776956319.420027250] [lvdot_detector_node]: Pipeline stats: depth_samples=1536/71300 u_map=0 depth_boxes=0 u_map_merge=0 u_map_db=0 u_map_visual=0 u_map_fused=0 u_map_filtered=0 lidar_samples=3426/120575 uv=0 db=9 lidar=60 fused=60 filtered=60 tracks=60 dynamic=0 dyn_points=0 raw_dyn_points=0 service=1/1 split=60->0 (60 outputs) fusion_components=60 visual_only=0 lidar_only=60 yolo_in=0 yolo_match3d=0 yolo_match_det=0 yolo_human=0 fixed_size=0 size_reject=0
[lvdot_detector_main-7] [INFO] [1776956326.169046307] [lvdot_detector_node]: Input health: depth=435 color=413 lidar=380 pose=886 odom=886 yolo=341 depth_pose_sync=0 lidar_pose_sync=0 depth_odom_sync=0 lidar_odom_sync=0
[lvdot_detector_main-7] [INFO] [1776956326.169149735] [lvdot_detector_node]: Stage timers: detection=261 lidar_detection=171 tracking=3490 classification=3491 vis=3224
[lvdot_detector_main-7] [INFO] [1776956326.169174950] [lvdot_detector_node]: Processing phases: detection=run_core lidar_detection=run_lidar_detector/project tracking=waiting_new_filtered_update classification=waiting_new_tracking_update
[lvdot_detector_main-7] [INFO] [1776956326.169193045] [lvdot_detector_node]: Pipeline stats: depth_samples=1583/71300 u_map=3 depth_boxes=0 u_map_merge=0 u_map_db=0 u_map_visual=0 u_map_fused=0 u_map_filtered=0 lidar_samples=3266/122707 uv=1 db=9 lidar=11 fused=12 filtered=12 tracks=12 dynamic=0 dyn_points=0 raw_dyn_points=0 service=1/1 split=12->0 (12 outputs) fusion_components=12 visual_only=1 lidar_only=11 yolo_in=3 yolo_match3d=0 yolo_match_det=0 yolo_human=0 fixed_size=0 size_reject=0
