[INFO] [launch]: All log files can be found below /home/skbt2/.ros/log/2026-04-23-17-27-09-484907-DESKTOP-90MQDL6-33481
[INFO] [launch]: Default logging verbosity is set to INFO
[INFO] [gazebo-1]: process started with pid [33531]
[INFO] [parameter_bridge-2]: process started with pid [33532]
[INFO] [pedestrian_state_publisher-3]: process started with pid [33533]
[INFO] [uav_trajectory_controller-4]: process started with pid [33534]
[INFO] [image_pointcloud_relay-5]: process started with pid [33535]
[INFO] [lvdot_yolo_node-6]: process started with pid [33536]
[INFO] [lvdot_detector_main-7]: process started with pid [33537]
[lvdot_detector_main-7] [INFO] [1776936430.584219050] [lvdot_detector_node]: Config loaded: localization_mode=0 dt=0.033 image=640x480 depth_range=[0.20, 12.00] stage_timers=true
[lvdot_detector_main-7] [INFO] [1776936430.616102777] [lvdot_detector_node]: LV-DOT ROS2 skeleton started. depth=/camera/depth/image_rect_raw color=/camera/color/image_raw lidar=/rgbd_camera/points pose=/mavros/local_position/pose odom=/mavros/local_position/odom yolo=/yolo_detector/detected_bounding_boxes
[parameter_bridge-2] [INFO] [1776936431.599667257] [ros_gz_bridge]: Creating GZ->ROS Bridge: [/rgbd_camera/image (gz.msgs.Image) -> /rgbd_camera/image (sensor_msgs/msg/Image)] (Lazy 0)
[parameter_bridge-2] [INFO] [1776936431.716724986] [ros_gz_bridge]: Creating GZ->ROS Bridge: [/rgbd_camera/camera_info (gz.msgs.CameraInfo) -> /rgbd_camera/camera_info (sensor_msgs/msg/CameraInfo)] (Lazy 0)
[parameter_bridge-2] [INFO] [1776936431.718707049] [ros_gz_bridge]: Creating GZ->ROS Bridge: [/rgbd_camera/depth_image (gz.msgs.Image) -> /rgbd_camera/depth_image (sensor_msgs/msg/Image)] (Lazy 0)
[parameter_bridge-2] [INFO] [1776936431.720145623] [ros_gz_bridge]: Creating GZ->ROS Bridge: [/rgbd_camera/points (gz.msgs.PointCloudPacked) -> /rgbd_camera/points (sensor_msgs/msg/PointCloud2)] (Lazy 0)
[parameter_bridge-2] [INFO] [1776936431.743147896] [ros_gz_bridge]: Creating GZ->ROS Bridge: [/camera/imu (gz.msgs.IMU) -> /camera/imu (sensor_msgs/msg/Imu)] (Lazy 0)
[parameter_bridge-2] [INFO] [1776936431.745086560] [ros_gz_bridge]: Creating ROS->GZ service bridge [/world/pedestrian_prototype/set_pose (ros_gz_interfaces/srv/SetEntityPose -> /)]
[parameter_bridge-2] [INFO] [1776936431.759516893] [ros_gz_bridge]: Creating ROS->GZ service bridge [/world/pedestrian_prototype/set_pose/blocking (ros_gz_interfaces/srv/SetEntityPose -> /)]
[uav_trajectory_controller-4] [WARN] [1776936432.520651095] [uav_trajectory_controller]: SetEntityPose request timed out after 0.62s on /world/pedestrian_prototype/set_pose/blocking; dropping the pending request and retrying.
[uav_trajectory_controller-4] [WARN] [1776936432.521521778] [uav_trajectory_controller]: Falling back from /world/pedestrian_prototype/set_pose/blocking to /world/pedestrian_prototype/set_pose.
[lvdot_detector_main-7] [INFO] [1776936432.616706061] [lvdot_detector_node]: Input health: depth=0 color=0 lidar=0 pose=0 odom=0 yolo=0 depth_pose_sync=0 lidar_pose_sync=0 depth_odom_sync=0 lidar_odom_sync=0
[lvdot_detector_main-7] [INFO] [1776936432.616842558] [lvdot_detector_node]: Stage timers: detection=60 lidar_detection=60 tracking=60 classification=60 vis=57
[lvdot_detector_main-7] [INFO] [1776936432.616862158] [lvdot_detector_node]: Processing phases: detection=waiting_sensor_pose lidar_detection=waiting_new_lidar tracking=waiting_filtered_bboxes classification=idle
[lvdot_detector_main-7] [INFO] [1776936432.616869558] [lvdot_detector_node]: Pipeline stats: depth_samples=0/0 u_map=0 depth_boxes=0 u_map_merge=0 u_map_db=0 u_map_visual=0 u_map_fused=0 u_map_filtered=0 lidar_samples=0/0 uv=0 db=0 lidar=0 fused=0 filtered=0 tracks=0 dynamic=0 dyn_points=0 raw_dyn_points=0 service=0/0 split=0->0 (0 outputs) fusion_components=0 visual_only=0 lidar_only=0 fixed_size=0 size_reject=0
[uav_trajectory_controller-4] [WARN] [1776936433.219969523] [uav_trajectory_controller]: SetEntityPose request timed out after 0.62s on /world/pedestrian_prototype/set_pose; dropping the pending request and retrying.
[uav_trajectory_controller-4] [WARN] [1776936433.969685623] [uav_trajectory_controller]: SetEntityPose request timed out after 0.62s on /world/pedestrian_prototype/set_pose; dropping the pending request and retrying.
[gazebo-1] [INFO] [1776936434.354486353] [pedestrian_pose_sync_system]: Configured pedestrian pose sync plugin on topic [/pedestrian_sim/agent_states] for 8 models.
[lvdot_detector_main-7] [INFO] [1776936438.616514458] [lvdot_detector_node]: Input health: depth=0 color=0 lidar=0 pose=34 odom=34 yolo=0 depth_pose_sync=0 lidar_pose_sync=0 depth_odom_sync=0 lidar_odom_sync=0
[lvdot_detector_main-7] [INFO] [1776936438.616597456] [lvdot_detector_node]: Stage timers: detection=242 lidar_detection=242 tracking=242 classification=242 vis=239
[lvdot_detector_main-7] [INFO] [1776936438.616608056] [lvdot_detector_node]: Processing phases: detection=waiting_depth lidar_detection=waiting_new_lidar tracking=waiting_filtered_bboxes classification=idle
[lvdot_detector_main-7] [INFO] [1776936438.616615156] [lvdot_detector_node]: Pipeline stats: depth_samples=0/0 u_map=0 depth_boxes=0 u_map_merge=0 u_map_db=0 u_map_visual=0 u_map_fused=0 u_map_filtered=0 lidar_samples=0/0 uv=0 db=0 lidar=0 fused=0 filtered=0 tracks=0 dynamic=0 dyn_points=0 raw_dyn_points=0 service=0/0 split=0->0 (0 outputs) fusion_components=0 visual_only=0 lidar_only=0 fixed_size=0 size_reject=0
[lvdot_detector_main-7] [INFO] [1776936444.616536507] [lvdot_detector_node]: Input health: depth=0 color=0 lidar=0 pose=82 odom=82 yolo=0 depth_pose_sync=0 lidar_pose_sync=0 depth_odom_sync=0 lidar_odom_sync=0
[lvdot_detector_main-7] [INFO] [1776936444.616680205] [lvdot_detector_node]: Stage timers: detection=424 lidar_detection=424 tracking=424 classification=424 vis=421
[lvdot_detector_main-7] [INFO] [1776936444.616691805] [lvdot_detector_node]: Processing phases: detection=waiting_depth lidar_detection=waiting_new_lidar tracking=waiting_filtered_bboxes classification=idle
[lvdot_detector_main-7] [INFO] [1776936444.616700205] [lvdot_detector_node]: Pipeline stats: depth_samples=0/0 u_map=0 depth_boxes=0 u_map_merge=0 u_map_db=0 u_map_visual=0 u_map_fused=0 u_map_filtered=0 lidar_samples=0/0 uv=0 db=0 lidar=0 fused=0 filtered=0 tracks=0 dynamic=0 dyn_points=0 raw_dyn_points=0 service=0/0 split=0->0 (0 outputs) fusion_components=0 visual_only=0 lidar_only=0 fixed_size=0 size_reject=0
[lvdot_detector_main-7] [INFO] [1776936450.619571119] [lvdot_detector_node]: Input health: depth=16 color=4 lidar=18 pose=130 odom=130 yolo=0 depth_pose_sync=0 lidar_pose_sync=0 depth_odom_sync=0 lidar_odom_sync=0
[lvdot_detector_main-7] [INFO] [1776936450.619672321] [lvdot_detector_node]: Stage timers: detection=571 lidar_detection=571 tracking=606 classification=606 vis=602
[lvdot_detector_main-7] [INFO] [1776936450.619695821] [lvdot_detector_node]: Processing phases: detection=run_core lidar_detection=run_lidar_detector/project tracking=waiting_filtered_bboxes classification=idle
[lvdot_detector_main-7] [INFO] [1776936450.619712621] [lvdot_detector_node]: Pipeline stats: depth_samples=0/71300 u_map=0 depth_boxes=0 u_map_merge=0 u_map_db=0 u_map_visual=0 u_map_fused=0 u_map_filtered=0 lidar_samples=0/0 uv=0 db=0 lidar=0 fused=0 filtered=0 tracks=0 dynamic=0 dyn_points=0 raw_dyn_points=0 service=0/0 split=0->0 (0 outputs) fusion_components=0 visual_only=0 lidar_only=0 fixed_size=0 size_reject=0
[lvdot_yolo_node-6] WARNING ⚠️ user config directory '/home/skbt2/.config/Ultralytics' is not writable, using '/tmp/Ultralytics'. Set YOLO_CONFIG_DIR to override.
[lvdot_yolo_node-6] Creating new Ultralytics Settings v0.0.6 file ✅ 
[lvdot_yolo_node-6] View Ultralytics Settings with 'yolo settings' or at '/tmp/Ultralytics/settings.json'
[lvdot_yolo_node-6] Update Settings with 'yolo settings key=value', i.e. 'yolo settings runs_dir=path/to/dir'. For help see https://docs.ultralytics.com/quickstart/#ultralytics-settings.
[lvdot_detector_main-7] [INFO] [1776936456.616370121] [lvdot_detector_node]: Input health: depth=50 color=36 lidar=51 pose=178 odom=178 yolo=0 depth_pose_sync=0 lidar_pose_sync=0 depth_odom_sync=0 lidar_odom_sync=0
[lvdot_detector_main-7] [INFO] [1776936456.616452020] [lvdot_detector_node]: Stage timers: detection=586 lidar_detection=580 tracking=787 classification=725 vis=783
[lvdot_detector_main-7] [INFO] [1776936456.616461820] [lvdot_detector_node]: Processing phases: detection=run_core lidar_detection=run_lidar_detector/project tracking=idle classification=run_core
[lvdot_detector_main-7] [INFO] [1776936456.616468320] [lvdot_detector_node]: Pipeline stats: depth_samples=0/71300 u_map=2 depth_boxes=0 u_map_merge=0 u_map_db=0 u_map_visual=0 u_map_fused=0 u_map_filtered=0 lidar_samples=1215/18712 uv=0 db=0 lidar=11 fused=11 filtered=11 tracks=11 dynamic=0 dyn_points=0 raw_dyn_points=0 service=0/0 split=11->0 (11 outputs) fusion_components=11 visual_only=0 lidar_only=11 fixed_size=0 size_reject=0
[lvdot_detector_main-7] [INFO] [1776936462.627620771] [lvdot_detector_node]: Input health: depth=80 color=63 lidar=80 pose=225 odom=225 yolo=2 depth_pose_sync=0 lidar_pose_sync=0 depth_odom_sync=0 lidar_odom_sync=0
[lvdot_detector_main-7] [INFO] [1776936462.627716670] [lvdot_detector_node]: Stage timers: detection=599 lidar_detection=586 tracking=967 classification=792 vis=964
[lvdot_detector_main-7] [INFO] [1776936462.627746469] [lvdot_detector_node]: Processing phases: detection=run_core lidar_detection=run_lidar_detector/project tracking=idle classification=run_core
[lvdot_detector_main-7] [INFO] [1776936462.627761969] [lvdot_detector_node]: Pipeline stats: depth_samples=0/71300 u_map=3 depth_boxes=0 u_map_merge=0 u_map_db=0 u_map_visual=0 u_map_fused=0 u_map_filtered=0 lidar_samples=931/59917 uv=0 db=0 lidar=8 fused=6 filtered=6 tracks=6 dynamic=0 dyn_points=0 raw_dyn_points=0 service=0/0 split=6->0 (6 outputs) fusion_components=6 visual_only=0 lidar_only=6 fixed_size=0 size_reject=0
[lvdot_detector_main-7] [INFO] [1776936468.616294279] [lvdot_detector_node]: Input health: depth=146 color=111 lidar=141 pose=274 odom=274 yolo=15 depth_pose_sync=0 lidar_pose_sync=0 depth_odom_sync=0 lidar_odom_sync=0
[lvdot_detector_main-7] [INFO] [1776936468.616371781] [lvdot_detector_node]: Stage timers: detection=613 lidar_detection=596 tracking=1149 classification=934 vis=1146
[lvdot_detector_main-7] [INFO] [1776936468.616391781] [lvdot_detector_node]: Processing phases: detection=run_core lidar_detection=run_lidar_detector/project tracking=waiting_filtered_bboxes classification=idle
[lvdot_detector_main-7] [INFO] [1776936468.616406181] [lvdot_detector_node]: Pipeline stats: depth_samples=0/71300 u_map=0 depth_boxes=0 u_map_merge=0 u_map_db=0 u_map_visual=0 u_map_fused=0 u_map_filtered=0 lidar_samples=0/0 uv=0 db=0 lidar=0 fused=0 filtered=0 tracks=0 dynamic=0 dyn_points=0 raw_dyn_points=0 service=0/0 split=0->0 (0 outputs) fusion_components=0 visual_only=0 lidar_only=0 fixed_size=0 size_reject=0
[lvdot_detector_main-7] [INFO] [1776936474.621154527] [lvdot_detector_node]: Input health: depth=173 color=133 lidar=165 pose=322 odom=322 yolo=26 depth_pose_sync=0 lidar_pose_sync=0 depth_odom_sync=0 lidar_odom_sync=0
[lvdot_detector_main-7] [INFO] [1776936474.621237029] [lvdot_detector_node]: Stage timers: detection=627 lidar_detection=605 tracking=1331 classification=1029 vis=1328
[lvdot_detector_main-7] [INFO] [1776936474.621246429] [lvdot_detector_node]: Processing phases: detection=run_core lidar_detection=run_lidar_detector/project tracking=idle classification=run_core
[lvdot_detector_main-7] [INFO] [1776936474.621253229] [lvdot_detector_node]: Pipeline stats: depth_samples=0/71300 u_map=3 depth_boxes=0 u_map_merge=0 u_map_db=0 u_map_visual=0 u_map_fused=0 u_map_filtered=0 lidar_samples=1372/19012 uv=0 db=0 lidar=12 fused=11 filtered=11 tracks=11 dynamic=0 dyn_points=0 raw_dyn_points=0 service=0/0 split=11->0 (11 outputs) fusion_components=11 visual_only=0 lidar_only=11 fixed_size=0 size_reject=0
[lvdot_detector_main-7] [INFO] [1776936480.623381086] [lvdot_detector_node]: Input health: depth=194 color=156 lidar=184 pose=369 odom=369 yolo=36 depth_pose_sync=0 lidar_pose_sync=0 depth_odom_sync=0 lidar_odom_sync=0
[lvdot_detector_main-7] [INFO] [1776936480.623474785] [lvdot_detector_node]: Stage timers: detection=640 lidar_detection=610 tracking=1504 classification=1069 vis=1504
[lvdot_detector_main-7] [INFO] [1776936480.623490285] [lvdot_detector_node]: Processing phases: detection=run_core lidar_detection=run_lidar_detector/project tracking=idle classification=run_core
[lvdot_detector_main-7] [INFO] [1776936480.623500884] [lvdot_detector_node]: Pipeline stats: depth_samples=0/71300 u_map=3 depth_boxes=0 u_map_merge=0 u_map_db=0 u_map_visual=0 u_map_fused=0 u_map_filtered=0 lidar_samples=883/49208 uv=0 db=0 lidar=4 fused=4 filtered=4 tracks=4 dynamic=0 dyn_points=0 raw_dyn_points=0 service=0/0 split=4->0 (4 outputs) fusion_components=4 visual_only=0 lidar_only=4 fixed_size=0 size_reject=0
[lvdot_detector_main-7] [INFO] [1776936486.616460711] [lvdot_detector_node]: Input health: depth=256 color=204 lidar=244 pose=418 odom=418 yolo=49 depth_pose_sync=0 lidar_pose_sync=0 depth_odom_sync=0 lidar_odom_sync=0
[lvdot_detector_main-7] [INFO] [1776936486.616533210] [lvdot_detector_node]: Stage timers: detection=654 lidar_detection=620 tracking=1684 classification=1224 vis=1682
[lvdot_detector_main-7] [INFO] [1776936486.616546010] [lvdot_detector_node]: Processing phases: detection=run_core lidar_detection=run_lidar_detector/project tracking=waiting_filtered_bboxes classification=idle
[lvdot_detector_main-7] [INFO] [1776936486.616556710] [lvdot_detector_node]: Pipeline stats: depth_samples=0/71300 u_map=0 depth_boxes=0 u_map_merge=0 u_map_db=0 u_map_visual=0 u_map_fused=0 u_map_filtered=0 lidar_samples=0/0 uv=0 db=0 lidar=0 fused=0 filtered=0 tracks=0 dynamic=0 dyn_points=0 raw_dyn_points=0 service=0/0 split=0->0 (0 outputs) fusion_components=0 visual_only=0 lidar_only=0 fixed_size=0 size_reject=0
[lvdot_detector_main-7] [INFO] [1776936492.621473089] [lvdot_detector_node]: Input health: depth=279 color=226 lidar=265 pose=466 odom=466 yolo=59 depth_pose_sync=0 lidar_pose_sync=0 depth_odom_sync=0 lidar_odom_sync=0
[lvdot_detector_main-7] [INFO] [1776936492.622506406] [lvdot_detector_node]: Stage timers: detection=668 lidar_detection=628 tracking=1866 classification=1326 vis=1864
[lvdot_detector_main-7] [INFO] [1776936492.623106216] [lvdot_detector_node]: Processing phases: detection=run_core lidar_detection=run_lidar_detector/dbscan tracking=idle classification=build_input
[lvdot_detector_main-7] [INFO] [1776936492.623653226] [lvdot_detector_node]: Pipeline stats: depth_samples=0/71300 u_map=4 depth_boxes=0 u_map_merge=0 u_map_db=0 u_map_visual=0 u_map_fused=0 u_map_filtered=0 lidar_samples=1127/25128 uv=0 db=0 lidar=12 fused=12 filtered=12 tracks=12 dynamic=0 dyn_points=0 raw_dyn_points=0 service=0/0 split=12->0 (12 outputs) fusion_components=12 visual_only=0 lidar_only=12 fixed_size=2 size_reject=0
[lvdot_detector_main-7] [INFO] [1776936498.697642755] [lvdot_detector_node]: Input health: depth=310 color=258 lidar=290 pose=513 odom=514 yolo=70 depth_pose_sync=0 lidar_pose_sync=0 depth_odom_sync=0 lidar_odom_sync=0
[lvdot_detector_main-7] [INFO] [1776936498.697736157] [lvdot_detector_node]: Stage timers: detection=680 lidar_detection=634 tracking=2041 classification=1392 vis=2040
[lvdot_detector_main-7] [INFO] [1776936498.697745857] [lvdot_detector_node]: Processing phases: detection=idle lidar_detection=run_lidar_detector/project tracking=idle classification=run_core
[lvdot_detector_main-7] [INFO] [1776936498.697752357] [lvdot_detector_node]: Pipeline stats: depth_samples=0/71300 u_map=2 depth_boxes=0 u_map_merge=0 u_map_db=0 u_map_visual=0 u_map_fused=0 u_map_filtered=0 lidar_samples=491/190938 uv=0 db=0 lidar=5 fused=5 filtered=5 tracks=3 dynamic=0 dyn_points=0 raw_dyn_points=0 service=0/0 split=5->0 (5 outputs) fusion_components=5 visual_only=0 lidar_only=5 fixed_size=0 size_reject=0
[lvdot_detector_main-7] [INFO] [1776936504.616333006] [lvdot_detector_node]: Input health: depth=373 color=301 lidar=346 pose=562 odom=562 yolo=82 depth_pose_sync=0 lidar_pose_sync=0 depth_odom_sync=0 lidar_odom_sync=0
[lvdot_detector_main-7] [INFO] [1776936504.616410005] [lvdot_detector_node]: Stage timers: detection=694 lidar_detection=644 tracking=2221 classification=1557 vis=2220
[lvdot_detector_main-7] [INFO] [1776936504.616420504] [lvdot_detector_node]: Processing phases: detection=run_core lidar_detection=run_lidar_detector/project tracking=waiting_filtered_bboxes classification=idle
[lvdot_detector_main-7] [INFO] [1776936504.616427804] [lvdot_detector_node]: Pipeline stats: depth_samples=0/71300 u_map=0 depth_boxes=0 u_map_merge=0 u_map_db=0 u_map_visual=0 u_map_fused=0 u_map_filtered=0 lidar_samples=0/0 uv=0 db=0 lidar=0 fused=0 filtered=0 tracks=0 dynamic=0 dyn_points=0 raw_dyn_points=0 service=0/0 split=0->0 (0 outputs) fusion_components=0 visual_only=0 lidar_only=0 fixed_size=0 size_reject=0
[lvdot_detector_main-7] [INFO] [1776936510.625535279] [lvdot_detector_node]: Input health: depth=395 color=321 lidar=367 pose=610 odom=610 yolo=91 depth_pose_sync=0 lidar_pose_sync=0 depth_odom_sync=0 lidar_odom_sync=0
[lvdot_detector_main-7] [INFO] [1776936510.625632978] [lvdot_detector_node]: Stage timers: detection=708 lidar_detection=652 tracking=2400 classification=1648 vis=2400
[lvdot_detector_main-7] [INFO] [1776936510.625647077] [lvdot_detector_node]: Processing phases: detection=run_core lidar_detection=run_lidar_detector/project tracking=idle classification=run_core
[lvdot_detector_main-7] [INFO] [1776936510.625658177] [lvdot_detector_node]: Pipeline stats: depth_samples=0/71300 u_map=2 depth_boxes=0 u_map_merge=0 u_map_db=0 u_map_visual=0 u_map_fused=0 u_map_filtered=0 lidar_samples=1346/34712 uv=0 db=0 lidar=11 fused=10 filtered=10 tracks=10 dynamic=0 dyn_points=0 raw_dyn_points=0 service=0/0 split=10->0 (10 outputs) fusion_components=10 visual_only=0 lidar_only=10 fixed_size=0 size_reject=0
[lvdot_detector_main-7] [INFO] [1776936516.655239035] [lvdot_detector_node]: Input health: depth=416 color=339 lidar=380 pose=658 odom=658 yolo=99 depth_pose_sync=0 lidar_pose_sync=0 depth_odom_sync=0 lidar_odom_sync=0
[lvdot_detector_main-7] [INFO] [1776936516.655297635] [lvdot_detector_node]: Stage timers: detection=720 lidar_detection=657 tracking=2574 classification=1693 vis=2570
[lvdot_detector_main-7] [INFO] [1776936516.655308536] [lvdot_detector_node]: Processing phases: detection=run_core lidar_detection=run_lidar_detector/dbscan tracking=idle classification=run_core
[lvdot_detector_main-7] [INFO] [1776936516.655317336] [lvdot_detector_node]: Pipeline stats: depth_samples=0/71300 u_map=2 depth_boxes=0 u_map_merge=0 u_map_db=0 u_map_visual=0 u_map_fused=0 u_map_filtered=0 lidar_samples=545/152390 uv=0 db=0 lidar=2 fused=2 filtered=2 tracks=2 dynamic=0 dyn_points=0 raw_dyn_points=0 service=0/0 split=2->0 (2 outputs) fusion_components=2 visual_only=0 lidar_only=2 fixed_size=0 size_reject=0
[lvdot_detector_main-7] [INFO] [1776936522.616426637] [lvdot_detector_node]: Input health: depth=452 color=372 lidar=412 pose=706 odom=706 yolo=108 depth_pose_sync=0 lidar_pose_sync=0 depth_odom_sync=0 lidar_odom_sync=0
[lvdot_detector_main-7] [INFO] [1776936522.616500638] [lvdot_detector_node]: Stage timers: detection=733 lidar_detection=667 tracking=2755 classification=1844 vis=2751
[lvdot_detector_main-7] [INFO] [1776936522.616510638] [lvdot_detector_node]: Processing phases: detection=run_core lidar_detection=run_lidar_detector/project tracking=waiting_filtered_bboxes classification=idle
[lvdot_detector_main-7] [INFO] [1776936522.616517938] [lvdot_detector_node]: Pipeline stats: depth_samples=0/71300 u_map=0 depth_boxes=0 u_map_merge=0 u_map_db=0 u_map_visual=0 u_map_fused=0 u_map_filtered=0 lidar_samples=0/0 uv=0 db=0 lidar=0 fused=0 filtered=0 tracks=0 dynamic=0 dyn_points=0 raw_dyn_points=0 service=0/0 split=0->0 (0 outputs) fusion_components=0 visual_only=0 lidar_only=0 fixed_size=0 size_reject=0
[lvdot_detector_main-7] [INFO] [1776936528.633477591] [lvdot_detector_node]: Input health: depth=466 color=391 lidar=422 pose=753 odom=753 yolo=115 depth_pose_sync=0 lidar_pose_sync=0 depth_odom_sync=0 lidar_odom_sync=0
[lvdot_detector_main-7] [INFO] [1776936528.633539190] [lvdot_detector_node]: Stage timers: detection=745 lidar_detection=679 tracking=2934 classification=1912 vis=2933
[lvdot_detector_main-7] [INFO] [1776936528.633550390] [lvdot_detector_node]: Processing phases: detection=run_core lidar_detection=run_lidar_detector/project tracking=idle classification=run_core
[lvdot_detector_main-7] [INFO] [1776936528.633559290] [lvdot_detector_node]: Pipeline stats: depth_samples=0/71300 u_map=2 depth_boxes=0 u_map_merge=0 u_map_db=0 u_map_visual=0 u_map_fused=0 u_map_filtered=0 lidar_samples=1148/49960 uv=0 db=0 lidar=7 fused=10 filtered=10 tracks=10 dynamic=0 dyn_points=0 raw_dyn_points=0 service=0/0 split=10->0 (10 outputs) fusion_components=10 visual_only=0 lidar_only=10 fixed_size=4 size_reject=0
[lvdot_detector_main-7] [INFO] [1776936534.632814877] [lvdot_detector_node]: Input health: depth=484 color=410 lidar=437 pose=802 odom=802 yolo=122 depth_pose_sync=0 lidar_pose_sync=0 depth_odom_sync=0 lidar_odom_sync=0
[lvdot_detector_main-7] [INFO] [1776936534.632931576] [lvdot_detector_node]: Stage timers: detection=756 lidar_detection=685 tracking=3096 classification=1948 vis=3092
[lvdot_detector_main-7] [INFO] [1776936534.633613568] [lvdot_detector_node]: Processing phases: detection=run_core lidar_detection=run_lidar_detector/project tracking=idle classification=idle
[lvdot_detector_main-7] [INFO] [1776936534.633626767] [lvdot_detector_node]: Pipeline stats: depth_samples=0/71300 u_map=3 depth_boxes=0 u_map_merge=0 u_map_db=0 u_map_visual=0 u_map_fused=0 u_map_filtered=0 lidar_samples=533/14859 uv=0 db=0 lidar=4 fused=4 filtered=4 tracks=4 dynamic=0 dyn_points=0 raw_dyn_points=0 service=0/0 split=4->0 (4 outputs) fusion_components=4 visual_only=0 lidar_only=4 fixed_size=0 size_reject=0
[lvdot_detector_main-7] [INFO] [1776936540.616393709] [lvdot_detector_node]: Input health: depth=522 color=442 lidar=477 pose=850 odom=850 yolo=133 depth_pose_sync=0 lidar_pose_sync=0 depth_odom_sync=0 lidar_odom_sync=0
[lvdot_detector_main-7] [INFO] [1776936540.616528911] [lvdot_detector_node]: Stage timers: detection=770 lidar_detection=695 tracking=3278 classification=2100 vis=3274
[lvdot_detector_main-7] [INFO] [1776936540.616547311] [lvdot_detector_node]: Processing phases: detection=run_core lidar_detection=run_lidar_detector/project tracking=waiting_filtered_bboxes classification=idle
[lvdot_detector_main-7] [INFO] [1776936540.616555012] [lvdot_detector_node]: Pipeline stats: depth_samples=0/71300 u_map=0 depth_boxes=0 u_map_merge=0 u_map_db=0 u_map_visual=0 u_map_fused=0 u_map_filtered=0 lidar_samples=0/0 uv=0 db=0 lidar=0 fused=0 filtered=0 tracks=0 dynamic=0 dyn_points=0 raw_dyn_points=0 service=0/0 split=0->0 (0 outputs) fusion_components=0 visual_only=0 lidar_only=0 fixed_size=0 size_reject=0
[lvdot_detector_main-7] [INFO] [1776936546.628499302] [lvdot_detector_node]: Input health: depth=535 color=456 lidar=489 pose=898 odom=898 yolo=140 depth_pose_sync=0 lidar_pose_sync=0 depth_odom_sync=0 lidar_odom_sync=0
[lvdot_detector_main-7] [INFO] [1776936546.628588704] [lvdot_detector_node]: Stage timers: detection=783 lidar_detection=702 tracking=3457 classification=2173 vis=3453
[lvdot_detector_main-7] [INFO] [1776936546.628598904] [lvdot_detector_node]: Processing phases: detection=run_core lidar_detection=run_lidar_detector/project tracking=idle classification=run_core
[lvdot_detector_main-7] [INFO] [1776936546.628606004] [lvdot_detector_node]: Pipeline stats: depth_samples=0/71300 u_map=2 depth_boxes=0 u_map_merge=0 u_map_db=0 u_map_visual=0 u_map_fused=0 u_map_filtered=0 lidar_samples=1379/50197 uv=0 db=0 lidar=8 fused=8 filtered=8 tracks=8 dynamic=0 dyn_points=0 raw_dyn_points=0 service=0/0 split=8->0 (8 outputs) fusion_components=8 visual_only=0 lidar_only=8 fixed_size=0 size_reject=0
[lvdot_detector_main-7] [INFO] [1776936548.819700288] [lvdot_detector_node]: get_dynamic_obstacles responded with 0 obstacles from 0 tracked dynamic boxes.
