[INFO] [launch]: All log files can be found below /home/skbt2/.ros/log/2026-04-24-06-28-46-528623-DESKTOP-90MQDL6-303499
[INFO] [launch]: Default logging verbosity is set to INFO
[INFO] [gazebo-1]: process started with pid [303551]
[INFO] [parameter_bridge-2]: process started with pid [303552]
[INFO] [pedestrian_state_publisher-3]: process started with pid [303553]
[INFO] [uav_trajectory_controller-4]: process started with pid [303554]
[INFO] [image_pointcloud_relay-5]: process started with pid [303555]
[INFO] [image_pointcloud_relay-6]: process started with pid [303556]
[INFO] [lvdot_yolo_node-7]: process started with pid [303557]
[INFO] [lvdot_detector_main-8]: process started with pid [303558]
[parameter_bridge-2] [INFO] [1776983326.932732366] [ros_gz_bridge]: Creating GZ->ROS Bridge: [/rgbd_camera/image (gz.msgs.Image) -> /rgbd_camera/image (sensor_msgs/msg/Image)] (Lazy 0)
[parameter_bridge-2] [INFO] [1776983326.939377073] [ros_gz_bridge]: Creating GZ->ROS Bridge: [/rgbd_camera/camera_info (gz.msgs.CameraInfo) -> /rgbd_camera/camera_info (sensor_msgs/msg/CameraInfo)] (Lazy 0)
[parameter_bridge-2] [INFO] [1776983326.941514168] [ros_gz_bridge]: Creating GZ->ROS Bridge: [/rgbd_camera/depth_image (gz.msgs.Image) -> /rgbd_camera/depth_image (sensor_msgs/msg/Image)] (Lazy 0)
[parameter_bridge-2] [INFO] [1776983326.942395323] [ros_gz_bridge]: Creating GZ->ROS Bridge: [/rgbd_camera/points (gz.msgs.PointCloudPacked) -> /rgbd_camera/points (sensor_msgs/msg/PointCloud2)] (Lazy 0)
[parameter_bridge-2] [INFO] [1776983326.943874120] [ros_gz_bridge]: Creating GZ->ROS Bridge: [/camera/imu (gz.msgs.IMU) -> /camera/imu (sensor_msgs/msg/Imu)] (Lazy 0)
[parameter_bridge-2] [INFO] [1776983326.945309481] [ros_gz_bridge]: Creating ROS->GZ service bridge [/world/pedestrian_prototype/set_pose (ros_gz_interfaces/srv/SetEntityPose -> /)]
[parameter_bridge-2] [INFO] [1776983326.947512122] [ros_gz_bridge]: Creating ROS->GZ service bridge [/world/pedestrian_prototype/set_pose/blocking (ros_gz_interfaces/srv/SetEntityPose -> /)]
[lvdot_detector_main-8] [INFO] [1776983327.162254029] [lvdot_detector_node]: Config loaded: localization_mode=0 dt=0.033 image=640x480 depth_range=[0.50, 5.00] stage_timers=true
[lvdot_detector_main-8] [INFO] [1776983327.220654102] [lvdot_detector_node]: LV-DOT ROS2 skeleton started. depth=/camera/depth/image_rect_raw color=/camera/color/image_raw lidar=/pointcloud pose=/mavros/local_position/pose odom=/mavros/local_position/odom yolo=/yolo_detector/detected_bounding_boxes
[gazebo-1] [INFO] [1776983328.161962266] [pedestrian_pose_sync_system]: Configured pedestrian pose sync plugin on topic [/pedestrian_sim/agent_states] for 8 models.
[uav_trajectory_controller-4] [WARN] [1776983328.265609486] [uav_trajectory_controller]: SetEntityPose service /world/pedestrian_prototype/set_pose/blocking is unavailable; UAV state publication is paused until Gazebo pose control is reachable.
[lvdot_detector_main-8] [INFO] [1776983329.220945563] [lvdot_detector_node]: Input health: depth=0 color=0 lidar=0 pose=0 odom=0 yolo=0 depth_pose_sync=0 lidar_pose_sync=0 depth_odom_sync=0 lidar_odom_sync=0
[lvdot_detector_main-8] [INFO] [1776983329.221118317] [lvdot_detector_node]: Stage timers: detection=60 lidar_detection=60 tracking=60 classification=60 vis=60
[lvdot_detector_main-8] [INFO] [1776983329.221141305] [lvdot_detector_node]: Processing phases: detection=waiting_sensor_pose lidar_detection=waiting_new_lidar tracking=waiting_new_filtered_update classification=waiting_new_tracking_update
[lvdot_detector_main-8] [INFO] [1776983329.221150598] [lvdot_detector_node]: Pipeline stats: depth_samples=0/0 u_map=0 depth_boxes=0 u_map_merge=0 u_map_db=0 u_map_visual=0 u_map_fused=0 u_map_filtered=0 lidar_samples=0/0 uv=0 db=0 lidar=0 fused=0 filtered=0 tracks=0 dynamic=0 dyn_points=0 raw_dyn_points=0 service=0/0 split=0->0 (0 outputs) fusion_components=0 visual_only=0 lidar_only=0 yolo_in=0 yolo_match3d=0 yolo_match_det=0 yolo_human=0 fixed_size=0 size_reject=0
[lvdot_detector_main-8] [INFO] [1776983335.930615100] [lvdot_detector_node]: Input health: depth=22 color=21 lidar=6 pose=33 odom=33 yolo=17 depth_pose_sync=0 lidar_pose_sync=0 depth_odom_sync=0 lidar_odom_sync=0
[lvdot_detector_main-8] [INFO] [1776983335.930703825] [lvdot_detector_node]: Stage timers: detection=131 lidar_detection=143 tracking=242 classification=242 vis=242
[lvdot_detector_main-8] [INFO] [1776983335.930717129] [lvdot_detector_node]: Processing phases: detection=run_core lidar_detection=run_lidar_detector/dbscan tracking=waiting_new_filtered_update classification=waiting_new_tracking_update
[lvdot_detector_main-8] [INFO] [1776983335.930728085] [lvdot_detector_node]: Pipeline stats: depth_samples=1388/71300 u_map=3 depth_boxes=0 u_map_merge=0 u_map_db=0 u_map_visual=0 u_map_fused=0 u_map_filtered=0 lidar_samples=3223/119369 uv=1 db=10 lidar=11 fused=12 filtered=12 tracks=12 dynamic=0 dyn_points=0 raw_dyn_points=0 service=0/0 split=12->0 (12 outputs) fusion_components=12 visual_only=1 lidar_only=11 yolo_in=0 yolo_match3d=0 yolo_match_det=0 yolo_human=0 fixed_size=0 size_reject=0
[lvdot_detector_main-8] [INFO] [1776983341.937004235] [lvdot_detector_node]: Input health: depth=49 color=47 lidar=20 pose=81 odom=81 yolo=33 depth_pose_sync=0 lidar_pose_sync=0 depth_odom_sync=0 lidar_odom_sync=0
[lvdot_detector_main-8] [INFO] [1776983341.937078177] [lvdot_detector_node]: Stage timers: detection=138 lidar_detection=145 tracking=423 classification=424 vis=416
[lvdot_detector_main-8] [INFO] [1776983341.937089914] [lvdot_detector_node]: Processing phases: detection=run_core lidar_detection=run_lidar_detector/dbscan tracking=waiting_new_filtered_update classification=waiting_new_tracking_update
[lvdot_detector_main-8] [INFO] [1776983341.937102238] [lvdot_detector_node]: Pipeline stats: depth_samples=1392/67390 u_map=4 depth_boxes=0 u_map_merge=0 u_map_db=0 u_map_visual=0 u_map_fused=0 u_map_filtered=0 lidar_samples=3200/165602 uv=0 db=17 lidar=20 fused=20 filtered=20 tracks=20 dynamic=0 dyn_points=0 raw_dyn_points=0 service=0/0 split=20->0 (20 outputs) fusion_components=20 visual_only=0 lidar_only=20 yolo_in=1 yolo_match3d=0 yolo_match_det=0 yolo_human=0 fixed_size=0 size_reject=0
[lvdot_detector_main-8] [INFO] [1776983347.945789947] [lvdot_detector_node]: Input health: depth=96 color=97 lidar=36 pose=129 odom=129 yolo=52 depth_pose_sync=0 lidar_pose_sync=0 depth_odom_sync=0 lidar_odom_sync=0
[lvdot_detector_main-8] [INFO] [1776983347.945849696] [lvdot_detector_node]: Stage timers: detection=145 lidar_detection=148 tracking=604 classification=605 vis=578
[lvdot_detector_main-8] [INFO] [1776983347.945860649] [lvdot_detector_node]: Processing phases: detection=run_core lidar_detection=run_lidar_detector/project tracking=waiting_new_filtered_update classification=waiting_new_tracking_update
[lvdot_detector_main-8] [INFO] [1776983347.945871112] [lvdot_detector_node]: Pipeline stats: depth_samples=1322/71300 u_map=0 depth_boxes=0 u_map_merge=0 u_map_db=0 u_map_visual=0 u_map_fused=0 u_map_filtered=0 lidar_samples=3396/108043 uv=0 db=14 lidar=6 fused=6 filtered=6 tracks=6 dynamic=0 dyn_points=0 raw_dyn_points=0 service=0/0 split=6->0 (6 outputs) fusion_components=6 visual_only=0 lidar_only=6 yolo_in=0 yolo_match3d=0 yolo_match_det=0 yolo_human=0 fixed_size=0 size_reject=0
[lvdot_detector_main-8] [INFO] [1776983353.930657866] [lvdot_detector_node]: Input health: depth=122 color=127 lidar=56 pose=168 odom=168 yolo=70 depth_pose_sync=0 lidar_pose_sync=0 depth_odom_sync=0 lidar_odom_sync=0
[lvdot_detector_main-8] [INFO] [1776983353.930733153] [lvdot_detector_node]: Stage timers: detection=153 lidar_detection=150 tracking=785 classification=786 vis=758
[lvdot_detector_main-8] [INFO] [1776983353.930746059] [lvdot_detector_node]: Processing phases: detection=run_core lidar_detection=run_lidar_detector/dbscan tracking=waiting_new_filtered_update classification=waiting_new_tracking_update
[lvdot_detector_main-8] [INFO] [1776983353.930773632] [lvdot_detector_node]: Pipeline stats: depth_samples=1411/71300 u_map=2 depth_boxes=0 u_map_merge=0 u_map_db=0 u_map_visual=0 u_map_fused=0 u_map_filtered=0 lidar_samples=3459/116592 uv=1 db=9 lidar=19 fused=20 filtered=20 tracks=20 dynamic=3 dyn_points=112 raw_dyn_points=1117 service=0/0 split=20->0 (20 outputs) fusion_components=20 visual_only=1 lidar_only=19 yolo_in=3 yolo_match3d=3 yolo_match_det=3 yolo_human=3 fixed_size=0 size_reject=0
[lvdot_detector_main-8] [INFO] [1776983359.942353066] [lvdot_detector_node]: Input health: depth=148 color=144 lidar=70 pose=214 odom=214 yolo=83 depth_pose_sync=0 lidar_pose_sync=0 depth_odom_sync=0 lidar_odom_sync=0
[lvdot_detector_main-8] [INFO] [1776983359.942449766] [lvdot_detector_node]: Stage timers: detection=161 lidar_detection=152 tracking=966 classification=967 vis=922
[lvdot_detector_main-8] [INFO] [1776983359.942466290] [lvdot_detector_node]: Processing phases: detection=build_input lidar_detection=run_lidar_detector/dbscan tracking=run_core classification=waiting_new_tracking_update
[lvdot_detector_main-8] [INFO] [1776983359.942475579] [lvdot_detector_node]: Pipeline stats: depth_samples=1351/71300 u_map=3 depth_boxes=0 u_map_merge=0 u_map_db=0 u_map_visual=0 u_map_fused=0 u_map_filtered=0 lidar_samples=3438/152486 uv=2 db=11 lidar=14 fused=16 filtered=16 tracks=15 dynamic=2 dyn_points=306 raw_dyn_points=637 service=0/0 split=16->0 (16 outputs) fusion_components=16 visual_only=2 lidar_only=14 yolo_in=1 yolo_match3d=0 yolo_match_det=0 yolo_human=0 fixed_size=0 size_reject=0
[uav_trajectory_controller-4] [WARN] [1776983365.117039309] [uav_trajectory_controller]: SetEntityPose request timed out after 0.62s on /world/pedestrian_prototype/set_pose/blocking; dropping the pending request and retrying.
[uav_trajectory_controller-4] [WARN] [1776983365.118685680] [uav_trajectory_controller]: Falling back from /world/pedestrian_prototype/set_pose/blocking to /world/pedestrian_prototype/set_pose.
[lvdot_detector_main-8] [INFO] [1776983366.647957902] [lvdot_detector_node]: Input health: depth=175 color=186 lidar=77 pose=257 odom=257 yolo=98 depth_pose_sync=0 lidar_pose_sync=0 depth_odom_sync=0 lidar_odom_sync=0
[lvdot_detector_main-8] [INFO] [1776983366.648038656] [lvdot_detector_node]: Stage timers: detection=167 lidar_detection=155 tracking=1142 classification=1133 vis=1079
[lvdot_detector_main-8] [INFO] [1776983366.648048237] [lvdot_detector_node]: Processing phases: detection=run_core lidar_detection=run_lidar_detector/project tracking=waiting_new_filtered_update classification=waiting_new_tracking_update
[lvdot_detector_main-8] [INFO] [1776983366.648055667] [lvdot_detector_node]: Pipeline stats: depth_samples=1322/71300 u_map=0 depth_boxes=0 u_map_merge=0 u_map_db=0 u_map_visual=0 u_map_fused=0 u_map_filtered=0 lidar_samples=3050/115976 uv=1 db=14 lidar=10 fused=11 filtered=11 tracks=11 dynamic=0 dyn_points=0 raw_dyn_points=0 service=0/0 split=11->0 (11 outputs) fusion_components=11 visual_only=1 lidar_only=10 yolo_in=0 yolo_match3d=0 yolo_match_det=0 yolo_human=0 fixed_size=0 size_reject=0
[lvdot_detector_main-8] [INFO] [1776983372.648072464] [lvdot_detector_node]: Input health: depth=200 color=209 lidar=101 pose=305 odom=305 yolo=113 depth_pose_sync=0 lidar_pose_sync=0 depth_odom_sync=0 lidar_odom_sync=0
[lvdot_detector_main-8] [INFO] [1776983372.648143441] [lvdot_detector_node]: Stage timers: detection=175 lidar_detection=157 tracking=1324 classification=1315 vis=1256
[lvdot_detector_main-8] [INFO] [1776983372.648161136] [lvdot_detector_node]: Processing phases: detection=run_core lidar_detection=run_lidar_detector/dbscan tracking=waiting_new_filtered_update classification=waiting_new_tracking_update
[lvdot_detector_main-8] [INFO] [1776983372.648175018] [lvdot_detector_node]: Pipeline stats: depth_samples=1467/71300 u_map=2 depth_boxes=0 u_map_merge=0 u_map_db=0 u_map_visual=0 u_map_fused=0 u_map_filtered=0 lidar_samples=3430/107929 uv=1 db=10 lidar=9 fused=10 filtered=10 tracks=10 dynamic=0 dyn_points=0 raw_dyn_points=0 service=0/0 split=10->0 (10 outputs) fusion_components=10 visual_only=1 lidar_only=9 yolo_in=4 yolo_match3d=0 yolo_match_det=0 yolo_human=0 fixed_size=0 size_reject=0
[lvdot_detector_main-8] [INFO] [1776983377.414598865] [lvdot_detector_node]: get_dynamic_obstacles responded with 1 obstacles from 1 tracked dynamic boxes.
[lvdot_detector_main-8] [INFO] [1776983378.656652511] [lvdot_detector_node]: Input health: depth=219 color=228 lidar=114 pose=353 odom=353 yolo=127 depth_pose_sync=0 lidar_pose_sync=0 depth_odom_sync=0 lidar_odom_sync=0
[lvdot_detector_main-8] [INFO] [1776983378.656764924] [lvdot_detector_node]: Stage timers: detection=182 lidar_detection=159 tracking=1504 classification=1493 vis=1412
[lvdot_detector_main-8] [INFO] [1776983378.656787211] [lvdot_detector_node]: Processing phases: detection=run_core lidar_detection=run_lidar_detector/dbscan tracking=waiting_new_filtered_update classification=waiting_new_tracking_update
[lvdot_detector_main-8] [INFO] [1776983378.656797182] [lvdot_detector_node]: Pipeline stats: depth_samples=1297/71300 u_map=2 depth_boxes=0 u_map_merge=0 u_map_db=0 u_map_visual=0 u_map_fused=0 u_map_filtered=0 lidar_samples=3348/140283 uv=1 db=10 lidar=59 fused=60 filtered=60 tracks=60 dynamic=1 dyn_points=191 raw_dyn_points=9592 service=1/1 split=60->0 (60 outputs) fusion_components=60 visual_only=1 lidar_only=59 yolo_in=1 yolo_match3d=1 yolo_match_det=1 yolo_human=1 fixed_size=0 size_reject=0
[lvdot_detector_main-8] [INFO] [1776983383.483924043] [lvdot_detector_node]: get_dynamic_obstacles responded with 0 obstacles from 0 tracked dynamic boxes.
[lvdot_detector_main-8] [INFO] [1776983384.648141407] [lvdot_detector_node]: Input health: depth=248 color=253 lidar=127 pose=401 odom=401 yolo=137 depth_pose_sync=0 lidar_pose_sync=0 depth_odom_sync=0 lidar_odom_sync=0
[lvdot_detector_main-8] [INFO] [1776983384.648273175] [lvdot_detector_node]: Stage timers: detection=189 lidar_detection=161 tracking=1684 classification=1673 vis=1568
[lvdot_detector_main-8] [INFO] [1776983384.648294778] [lvdot_detector_node]: Processing phases: detection=run_core lidar_detection=run_lidar_detector/dbscan tracking=waiting_new_filtered_update classification=waiting_new_tracking_update
[lvdot_detector_main-8] [INFO] [1776983384.648305922] [lvdot_detector_node]: Pipeline stats: depth_samples=1111/71300 u_map=1 depth_boxes=0 u_map_merge=0 u_map_db=0 u_map_visual=0 u_map_fused=0 u_map_filtered=0 lidar_samples=3476/159256 uv=0 db=12 lidar=6 fused=6 filtered=6 tracks=6 dynamic=0 dyn_points=0 raw_dyn_points=0 service=3/0 split=6->0 (6 outputs) fusion_components=6 visual_only=0 lidar_only=6 yolo_in=0 yolo_match3d=0 yolo_match_det=0 yolo_human=0 fixed_size=0 size_reject=0
[lvdot_detector_main-8] [INFO] [1776983389.515657525] [lvdot_detector_node]: get_dynamic_obstacles responded with 1 obstacles from 1 tracked dynamic boxes.
[lvdot_detector_main-8] [INFO] [1776983390.648076695] [lvdot_detector_node]: Input health: depth=273 color=277 lidar=141 pose=447 odom=447 yolo=150 depth_pose_sync=0 lidar_pose_sync=0 depth_odom_sync=0 lidar_odom_sync=0
[lvdot_detector_main-8] [INFO] [1776983390.648158315] [lvdot_detector_node]: Stage timers: detection=196 lidar_detection=164 tracking=1865 classification=1853 vis=1739
[lvdot_detector_main-8] [INFO] [1776983390.648167992] [lvdot_detector_node]: Processing phases: detection=run_core lidar_detection=run_lidar_detector/project tracking=waiting_new_filtered_update classification=waiting_new_tracking_update
[lvdot_detector_main-8] [INFO] [1776983390.648174835] [lvdot_detector_node]: Pipeline stats: depth_samples=1516/71300 u_map=3 depth_boxes=0 u_map_merge=0 u_map_db=0 u_map_visual=0 u_map_fused=0 u_map_filtered=0 lidar_samples=3247/129830 uv=0 db=13 lidar=21 fused=21 filtered=21 tracks=21 dynamic=2 dyn_points=131 raw_dyn_points=3885 service=4/1 split=21->0 (21 outputs) fusion_components=21 visual_only=0 lidar_only=21 yolo_in=4 yolo_match3d=2 yolo_match_det=2 yolo_human=2 fixed_size=0 size_reject=0
[lvdot_detector_main-8] [INFO] [1776983396.343493728] [lvdot_detector_node]: get_dynamic_obstacles responded with 1 obstacles from 1 tracked dynamic boxes.
[lvdot_detector_main-8] [INFO] [1776983396.648225019] [lvdot_detector_node]: Input health: depth=288 color=298 lidar=155 pose=495 odom=495 yolo=159 depth_pose_sync=0 lidar_pose_sync=0 depth_odom_sync=0 lidar_odom_sync=0
[lvdot_detector_main-8] [INFO] [1776983396.648303706] [lvdot_detector_node]: Stage timers: detection=203 lidar_detection=166 tracking=2044 classification=2035 vis=1890
[lvdot_detector_main-8] [INFO] [1776983396.648321887] [lvdot_detector_node]: Processing phases: detection=run_core lidar_detection=run_lidar_detector/project tracking=waiting_new_filtered_update classification=waiting_new_tracking_update
[lvdot_detector_main-8] [INFO] [1776983396.648331466] [lvdot_detector_node]: Pipeline stats: depth_samples=1370/71300 u_map=2 depth_boxes=0 u_map_merge=0 u_map_db=0 u_map_visual=0 u_map_fused=0 u_map_filtered=0 lidar_samples=3425/152602 uv=2 db=9 lidar=31 fused=27 filtered=27 tracks=27 dynamic=1 dyn_points=98 raw_dyn_points=0 service=6/1 split=27->0 (27 outputs) fusion_components=27 visual_only=2 lidar_only=25 yolo_in=1 yolo_match3d=1 yolo_match_det=1 yolo_human=1 fixed_size=0 size_reject=0
[lvdot_detector_main-8] [INFO] [1776983402.401270511] [lvdot_detector_node]: get_dynamic_obstacles responded with 1 obstacles from 1 tracked dynamic boxes.
[lvdot_detector_main-8] [INFO] [1776983403.409041801] [lvdot_detector_node]: Input health: depth=320 color=331 lidar=173 pose=543 odom=543 yolo=175 depth_pose_sync=0 lidar_pose_sync=0 depth_odom_sync=0 lidar_odom_sync=0
[lvdot_detector_main-8] [INFO] [1776983403.409529884] [lvdot_detector_node]: Stage timers: detection=210 lidar_detection=168 tracking=2220 classification=2214 vis=2034
[lvdot_detector_main-8] [INFO] [1776983403.409543667] [lvdot_detector_node]: Processing phases: detection=run_core lidar_detection=run_lidar_detector/dbscan tracking=waiting_new_filtered_update classification=waiting_new_tracking_update
[lvdot_detector_main-8] [INFO] [1776983403.409561458] [lvdot_detector_node]: Pipeline stats: depth_samples=1322/71300 u_map=0 depth_boxes=0 u_map_merge=0 u_map_db=0 u_map_visual=0 u_map_fused=0 u_map_filtered=0 lidar_samples=3458/116934 uv=0 db=14 lidar=56 fused=56 filtered=56 tracks=56 dynamic=0 dyn_points=0 raw_dyn_points=0 service=7/1 split=56->0 (56 outputs) fusion_components=56 visual_only=0 lidar_only=56 yolo_in=0 yolo_match3d=0 yolo_match_det=0 yolo_human=0 fixed_size=0 size_reject=0
[lvdot_detector_main-8] [INFO] [1776983408.703744270] [lvdot_detector_node]: get_dynamic_obstacles responded with 1 obstacles from 1 tracked dynamic boxes.
[lvdot_detector_main-8] [INFO] [1776983409.414143435] [lvdot_detector_node]: Input health: depth=343 color=358 lidar=195 pose=589 odom=589 yolo=190 depth_pose_sync=0 lidar_pose_sync=0 depth_odom_sync=0 lidar_odom_sync=0
[lvdot_detector_main-8] [INFO] [1776983409.414217336] [lvdot_detector_node]: Stage timers: detection=218 lidar_detection=171 tracking=2401 classification=2395 vis=2203
[lvdot_detector_main-8] [INFO] [1776983409.414227600] [lvdot_detector_node]: Processing phases: detection=build_input lidar_detection=run_lidar_detector/project tracking=build_input classification=waiting_new_tracking_update
[lvdot_detector_main-8] [INFO] [1776983409.414234541] [lvdot_detector_node]: Pipeline stats: depth_samples=1538/71300 u_map=2 depth_boxes=0 u_map_merge=0 u_map_db=0 u_map_visual=0 u_map_fused=0 u_map_filtered=0 lidar_samples=3179/132716 uv=1 db=14 lidar=22 fused=4 filtered=4 tracks=22 dynamic=2 dyn_points=50 raw_dyn_points=5506 service=8/1 split=4->1 (4 outputs) fusion_components=4 visual_only=1 lidar_only=3 yolo_in=5 yolo_match3d=1 yolo_match_det=2 yolo_human=1 fixed_size=0 size_reject=0
[lvdot_detector_main-8] [INFO] [1776983414.104458487] [lvdot_detector_node]: get_dynamic_obstacles responded with 2 obstacles from 2 tracked dynamic boxes.
[lvdot_detector_main-8] [INFO] [1776983415.431974620] [lvdot_detector_node]: Input health: depth=358 color=389 lidar=216 pose=637 odom=637 yolo=204 depth_pose_sync=0 lidar_pose_sync=0 depth_odom_sync=0 lidar_odom_sync=0
[lvdot_detector_main-8] [INFO] [1776983415.432037469] [lvdot_detector_node]: Stage timers: detection=225 lidar_detection=173 tracking=2580 classification=2575 vis=2356
[lvdot_detector_main-8] [INFO] [1776983415.432048123] [lvdot_detector_node]: Processing phases: detection=run_core lidar_detection=run_lidar_detector/project tracking=waiting_new_filtered_update classification=waiting_new_tracking_update
[lvdot_detector_main-8] [INFO] [1776983415.432056822] [lvdot_detector_node]: Pipeline stats: depth_samples=1001/71300 u_map=1 depth_boxes=0 u_map_merge=0 u_map_db=0 u_map_visual=0 u_map_fused=0 u_map_filtered=0 lidar_samples=3164/190597 uv=0 db=8 lidar=18 fused=24 filtered=24 tracks=24 dynamic=0 dyn_points=0 raw_dyn_points=0 service=9/2 split=24->0 (24 outputs) fusion_components=24 visual_only=0 lidar_only=24 yolo_in=1 yolo_match3d=0 yolo_match_det=0 yolo_human=0 fixed_size=0 size_reject=0
[lvdot_detector_main-8] [INFO] [1776983417.380660389] [lvdot_detector_node]: get_dynamic_obstacles responded with 0 obstacles from 0 tracked dynamic boxes.
[lvdot_detector_main-8] [INFO] [1776983421.207438531] [lvdot_detector_node]: get_dynamic_obstacles responded with 0 obstacles from 0 tracked dynamic boxes.
[lvdot_detector_main-8] [INFO] [1776983421.409894158] [lvdot_detector_node]: Input health: depth=389 color=411 lidar=225 pose=685 odom=685 yolo=214 depth_pose_sync=0 lidar_pose_sync=0 depth_odom_sync=0 lidar_odom_sync=0
[lvdot_detector_main-8] [INFO] [1776983421.409968541] [lvdot_detector_node]: Stage timers: detection=232 lidar_detection=175 tracking=2758 classification=2753 vis=2496
[lvdot_detector_main-8] [INFO] [1776983421.409982713] [lvdot_detector_node]: Processing phases: detection=run_core lidar_detection=run_lidar_detector/dbscan tracking=waiting_new_filtered_update classification=waiting_new_tracking_update
[lvdot_detector_main-8] [INFO] [1776983421.409994051] [lvdot_detector_node]: Pipeline stats: depth_samples=1322/71300 u_map=0 depth_boxes=0 u_map_merge=0 u_map_db=0 u_map_visual=0 u_map_fused=0 u_map_filtered=0 lidar_samples=3276/123505 uv=0 db=14 lidar=18 fused=18 filtered=18 tracks=18 dynamic=0 dyn_points=0 raw_dyn_points=0 service=11/0 split=18->0 (18 outputs) fusion_components=18 visual_only=0 lidar_only=18 yolo_in=1 yolo_match3d=0 yolo_match_det=0 yolo_human=0 fixed_size=0 size_reject=0
[lvdot_detector_main-8] [INFO] [1776983426.290408857] [lvdot_detector_node]: get_dynamic_obstacles responded with 0 obstacles from 0 tracked dynamic boxes.
[lvdot_detector_main-8] [INFO] [1776983427.409726475] [lvdot_detector_node]: Input health: depth=409 color=441 lidar=240 pose=733 odom=733 yolo=230 depth_pose_sync=0 lidar_pose_sync=0 depth_odom_sync=0 lidar_odom_sync=0
[lvdot_detector_main-8] [INFO] [1776983427.409793526] [lvdot_detector_node]: Stage timers: detection=239 lidar_detection=178 tracking=2939 classification=2934 vis=2668
[lvdot_detector_main-8] [INFO] [1776983427.409804865] [lvdot_detector_node]: Processing phases: detection=run_core lidar_detection=run_lidar_detector/project tracking=waiting_new_filtered_update classification=waiting_new_tracking_update
[lvdot_detector_main-8] [INFO] [1776983427.409813564] [lvdot_detector_node]: Pipeline stats: depth_samples=1541/71300 u_map=5 depth_boxes=0 u_map_merge=0 u_map_db=0 u_map_visual=0 u_map_fused=0 u_map_filtered=0 lidar_samples=3212/129328 uv=1 db=15 lidar=17 fused=18 filtered=18 tracks=18 dynamic=2 dyn_points=154 raw_dyn_points=21108 service=12/0 split=18->0 (18 outputs) fusion_components=18 visual_only=1 lidar_only=17 yolo_in=3 yolo_match3d=2 yolo_match_det=2 yolo_human=2 fixed_size=0 size_reject=0
[lvdot_detector_main-8] [INFO] [1776983432.866906789] [lvdot_detector_node]: get_dynamic_obstacles responded with 0 obstacles from 0 tracked dynamic boxes.
[lvdot_detector_main-8] [INFO] [1776983434.157040807] [lvdot_detector_node]: Input health: depth=422 color=456 lidar=247 pose=782 odom=782 yolo=242 depth_pose_sync=0 lidar_pose_sync=0 depth_odom_sync=0 lidar_odom_sync=0
[lvdot_detector_main-8] [INFO] [1776983434.157126528] [lvdot_detector_node]: Stage timers: detection=248 lidar_detection=180 tracking=3117 classification=3113 vis=2812
[lvdot_detector_main-8] [INFO] [1776983434.157164746] [lvdot_detector_node]: Processing phases: detection=build_input lidar_detection=run_lidar_detector/project tracking=idle classification=waiting_new_tracking_update
[lvdot_detector_main-8] [INFO] [1776983434.157183806] [lvdot_detector_node]: Pipeline stats: depth_samples=1369/69230 u_map=4 depth_boxes=0 u_map_merge=0 u_map_db=0 u_map_visual=0 u_map_fused=0 u_map_filtered=0 lidar_samples=3373/150105 uv=2 db=13 lidar=78 fused=25 filtered=25 tracks=25 dynamic=1 dyn_points=113 raw_dyn_points=5707 service=14/0 split=25->0 (25 outputs) fusion_components=25 visual_only=2 lidar_only=23 yolo_in=0 yolo_match3d=0 yolo_match_det=0 yolo_human=0 fixed_size=0 size_reject=0
[uav_trajectory_controller-4] [WARN] [1776983435.243918424] [uav_trajectory_controller]: SetEntityPose request timed out after 0.61s on /world/pedestrian_prototype/set_pose; dropping the pending request and retrying.
[lvdot_detector_main-8] [INFO] [1776983435.897275087] [lvdot_detector_node]: get_dynamic_obstacles responded with 0 obstacles from 0 tracked dynamic boxes.
[lvdot_detector_main-8] [INFO] [1776983439.063588060] [lvdot_detector_node]: get_dynamic_obstacles responded with 0 obstacles from 0 tracked dynamic boxes.
[lvdot_detector_main-8] [INFO] [1776983440.149709350] [lvdot_detector_node]: Input health: depth=461 color=488 lidar=262 pose=820 odom=820 yolo=254 depth_pose_sync=0 lidar_pose_sync=0 depth_odom_sync=0 lidar_odom_sync=0
[lvdot_detector_main-8] [INFO] [1776983440.149801920] [lvdot_detector_node]: Stage timers: detection=254 lidar_detection=182 tracking=3291 classification=3292 vis=2965
[lvdot_detector_main-8] [INFO] [1776983440.149818440] [lvdot_detector_node]: Processing phases: detection=run_core lidar_detection=run_lidar_detector/dbscan tracking=waiting_new_filtered_update classification=waiting_new_tracking_update
[lvdot_detector_main-8] [INFO] [1776983440.149831831] [lvdot_detector_node]: Pipeline stats: depth_samples=1322/71300 u_map=0 depth_boxes=0 u_map_merge=0 u_map_db=0 u_map_visual=0 u_map_fused=0 u_map_filtered=0 lidar_samples=3010/116181 uv=0 db=14 lidar=11 fused=11 filtered=11 tracks=11 dynamic=0 dyn_points=0 raw_dyn_points=0 service=16/0 split=11->0 (11 outputs) fusion_components=11 visual_only=0 lidar_only=11 yolo_in=0 yolo_match3d=0 yolo_match_det=0 yolo_human=0 fixed_size=0 size_reject=0
[lvdot_detector_main-8] [INFO] [1776983444.815357291] [lvdot_detector_node]: get_dynamic_obstacles responded with 0 obstacles from 0 tracked dynamic boxes.
[lvdot_detector_main-8] [INFO] [1776983446.168595975] [lvdot_detector_node]: Input health: depth=485 color=510 lidar=283 pose=868 odom=868 yolo=269 depth_pose_sync=0 lidar_pose_sync=0 depth_odom_sync=0 lidar_odom_sync=0
[lvdot_detector_main-8] [INFO] [1776983446.168670160] [lvdot_detector_node]: Stage timers: detection=262 lidar_detection=184 tracking=3473 classification=3474 vis=3144
[lvdot_detector_main-8] [INFO] [1776983446.168683941] [lvdot_detector_node]: Processing phases: detection=run_core lidar_detection=run_lidar_detector/cluster_convert tracking=waiting_new_filtered_update classification=waiting_new_tracking_update
[lvdot_detector_main-8] [INFO] [1776983446.168696159] [lvdot_detector_node]: Pipeline stats: depth_samples=1420/71300 u_map=2 depth_boxes=0 u_map_merge=0 u_map_db=0 u_map_visual=0 u_map_fused=0 u_map_filtered=0 lidar_samples=3383/107948 uv=1 db=9 lidar=8 fused=9 filtered=9 tracks=9 dynamic=0 dyn_points=0 raw_dyn_points=0 service=17/0 split=9->0 (9 outputs) fusion_components=9 visual_only=1 lidar_only=8 yolo_in=2 yolo_match3d=0 yolo_match_det=0 yolo_human=0 fixed_size=0 size_reject=0
[lvdot_detector_main-8] [INFO] [1776983451.420783285] [lvdot_detector_node]: get_dynamic_obstacles responded with 0 obstacles from 0 tracked dynamic boxes.
[lvdot_detector_main-8] [INFO] [1776983452.146822955] [lvdot_detector_node]: Input health: depth=502 color=527 lidar=292 pose=916 odom=916 yolo=281 depth_pose_sync=0 lidar_pose_sync=0 depth_odom_sync=0 lidar_odom_sync=0
[lvdot_detector_main-8] [INFO] [1776983452.146934575] [lvdot_detector_node]: Stage timers: detection=268 lidar_detection=187 tracking=3654 classification=3655 vis=3315
[lvdot_detector_main-8] [INFO] [1776983452.146974649] [lvdot_detector_node]: Processing phases: detection=run_core lidar_detection=run_lidar_detector/project tracking=waiting_new_filtered_update classification=waiting_new_tracking_update
[lvdot_detector_main-8] [INFO] [1776983452.146988626] [lvdot_detector_node]: Pipeline stats: depth_samples=1514/71300 u_map=3 depth_boxes=0 u_map_merge=0 u_map_db=0 u_map_visual=0 u_map_fused=0 u_map_filtered=0 lidar_samples=3412/159950 uv=1 db=10 lidar=26 fused=26 filtered=26 tracks=26 dynamic=1 dyn_points=73 raw_dyn_points=3176 service=19/0 split=26->1 (26 outputs) fusion_components=26 visual_only=0 lidar_only=25 yolo_in=3 yolo_match3d=2 yolo_match_det=3 yolo_human=1 fixed_size=0 size_reject=0
[lvdot_detector_main-8] [INFO] [1776983457.290921116] [lvdot_detector_node]: get_dynamic_obstacles responded with 0 obstacles from 0 tracked dynamic boxes.
[lvdot_detector_main-8] [INFO] [1776983458.146859607] [lvdot_detector_node]: Input health: depth=535 color=561 lidar=305 pose=964 odom=964 yolo=295 depth_pose_sync=0 lidar_pose_sync=0 depth_odom_sync=0 lidar_odom_sync=0
[lvdot_detector_main-8] [INFO] [1776983458.146928319] [lvdot_detector_node]: Stage timers: detection=275 lidar_detection=189 tracking=3832 classification=3834 vis=3461
[lvdot_detector_main-8] [INFO] [1776983458.146941025] [lvdot_detector_node]: Processing phases: detection=run_core lidar_detection=run_lidar_detector/project tracking=waiting_new_filtered_update classification=waiting_new_tracking_update
[lvdot_detector_main-8] [INFO] [1776983458.146951093] [lvdot_detector_node]: Pipeline stats: depth_samples=1322/71300 u_map=0 depth_boxes=0 u_map_merge=0 u_map_db=0 u_map_visual=0 u_map_fused=0 u_map_filtered=0 lidar_samples=3320/127634 uv=1 db=14 lidar=72 fused=72 filtered=72 tracks=72 dynamic=0 dyn_points=0 raw_dyn_points=0 service=20/0 split=72->0 (72 outputs) fusion_components=72 visual_only=0 lidar_only=71 yolo_in=0 yolo_match3d=0 yolo_match_det=0 yolo_human=0 fixed_size=0 size_reject=0
[lvdot_detector_main-8] [INFO] [1776983462.852900625] [lvdot_detector_node]: get_dynamic_obstacles responded with 0 obstacles from 0 tracked dynamic boxes.
[lvdot_detector_main-8] [INFO] [1776983464.906870513] [lvdot_detector_node]: Input health: depth=560 color=586 lidar=325 pose=1012 odom=1012 yolo=310 depth_pose_sync=0 lidar_pose_sync=0 depth_odom_sync=0 lidar_odom_sync=0
[lvdot_detector_main-8] [INFO] [1776983464.906928670] [lvdot_detector_node]: Stage timers: detection=283 lidar_detection=191 tracking=4012 classification=4015 vis=3633
[lvdot_detector_main-8] [INFO] [1776983464.906939421] [lvdot_detector_node]: Processing phases: detection=run_core lidar_detection=run_lidar_detector/dbscan tracking=waiting_new_filtered_update classification=waiting_new_tracking_update
[lvdot_detector_main-8] [INFO] [1776983464.906948707] [lvdot_detector_node]: Pipeline stats: depth_samples=759/35333 u_map=3 depth_boxes=0 u_map_merge=0 u_map_db=0 u_map_visual=0 u_map_fused=0 u_map_filtered=0 lidar_samples=3450/107944 uv=0 db=3 lidar=3 fused=3 filtered=3 tracks=3 dynamic=0 dyn_points=0 raw_dyn_points=0 service=21/0 split=3->0 (3 outputs) fusion_components=3 visual_only=0 lidar_only=3 yolo_in=2 yolo_match3d=0 yolo_match_det=0 yolo_human=0 fixed_size=0 size_reject=0
[lvdot_detector_main-8] [INFO] [1776983466.720343139] [lvdot_detector_node]: get_dynamic_obstacles responded with 2 obstacles from 2 tracked dynamic boxes.
[lvdot_detector_main-8] [INFO] [1776983470.047828393] [lvdot_detector_node]: get_dynamic_obstacles responded with 0 obstacles from 0 tracked dynamic boxes.
[lvdot_detector_main-8] [INFO] [1776983470.912515520] [lvdot_detector_node]: Input health: depth=584 color=613 lidar=337 pose=1058 odom=1058 yolo=323 depth_pose_sync=0 lidar_pose_sync=0 depth_odom_sync=0 lidar_odom_sync=0
[lvdot_detector_main-8] [INFO] [1776983470.912585216] [lvdot_detector_node]: Stage timers: detection=290 lidar_detection=193 tracking=4194 classification=4197 vis=3797
[lvdot_detector_main-8] [INFO] [1776983470.912596164] [lvdot_detector_node]: Processing phases: detection=run_core lidar_detection=run_lidar_detector/dbscan tracking=waiting_new_filtered_update classification=waiting_new_tracking_update
[lvdot_detector_main-8] [INFO] [1776983470.912605157] [lvdot_detector_node]: Pipeline stats: depth_samples=1174/71300 u_map=2 depth_boxes=0 u_map_merge=0 u_map_db=0 u_map_visual=0 u_map_fused=0 u_map_filtered=0 lidar_samples=3017/137555 uv=0 db=12 lidar=20 fused=20 filtered=20 tracks=20 dynamic=0 dyn_points=0 raw_dyn_points=0 service=23/0 split=20->0 (20 outputs) fusion_components=20 visual_only=0 lidar_only=20 yolo_in=0 yolo_match3d=0 yolo_match_det=0 yolo_human=0 fixed_size=0 size_reject=0
[lvdot_detector_main-8] [INFO] [1776983475.574173718] [lvdot_detector_node]: get_dynamic_obstacles responded with 0 obstacles from 0 tracked dynamic boxes.
[lvdot_detector_main-8] [INFO] [1776983476.912986319] [lvdot_detector_node]: Input health: depth=613 color=649 lidar=354 pose=1106 odom=1106 yolo=334 depth_pose_sync=0 lidar_pose_sync=0 depth_odom_sync=0 lidar_odom_sync=0
[lvdot_detector_main-8] [INFO] [1776983476.913053759] [lvdot_detector_node]: Stage timers: detection=297 lidar_detection=195 tracking=4374 classification=4377 vis=3966
[lvdot_detector_main-8] [INFO] [1776983476.913067247] [lvdot_detector_node]: Processing phases: detection=run_core lidar_detection=run_lidar_detector/dbscan tracking=waiting_new_filtered_update classification=waiting_new_tracking_update
[lvdot_detector_main-8] [INFO] [1776983476.913077705] [lvdot_detector_node]: Pipeline stats: depth_samples=1322/71300 u_map=0 depth_boxes=0 u_map_merge=0 u_map_db=0 u_map_visual=0 u_map_fused=0 u_map_filtered=0 lidar_samples=3378/135058 uv=0 db=14 lidar=2 fused=2 filtered=2 tracks=2 dynamic=0 dyn_points=0 raw_dyn_points=0 service=25/0 split=2->0 (2 outputs) fusion_components=2 visual_only=0 lidar_only=2 yolo_in=0 yolo_match3d=0 yolo_match_det=0 yolo_human=0 fixed_size=0 size_reject=0
[lvdot_detector_main-8] [INFO] [1776983481.498584105] [lvdot_detector_node]: get_dynamic_obstacles responded with 1 obstacles from 1 tracked dynamic boxes.
[lvdot_detector_main-8] [INFO] [1776983482.903163887] [lvdot_detector_node]: Input health: depth=630 color=674 lidar=369 pose=1154 odom=1154 yolo=348 depth_pose_sync=0 lidar_pose_sync=0 depth_odom_sync=0 lidar_odom_sync=0
[lvdot_detector_main-8] [INFO] [1776983482.903236898] [lvdot_detector_node]: Stage timers: detection=304 lidar_detection=198 tracking=4553 classification=4557 vis=4137
[lvdot_detector_main-8] [INFO] [1776983482.903247161] [lvdot_detector_node]: Processing phases: detection=run_core lidar_detection=run_lidar_detector/project tracking=waiting_new_filtered_update classification=waiting_new_tracking_update
[lvdot_detector_main-8] [INFO] [1776983482.903253710] [lvdot_detector_node]: Pipeline stats: depth_samples=1464/71300 u_map=2 depth_boxes=0 u_map_merge=0 u_map_db=0 u_map_visual=0 u_map_fused=0 u_map_filtered=0 lidar_samples=3092/137669 uv=1 db=11 lidar=15 fused=16 filtered=16 tracks=16 dynamic=2 dyn_points=153 raw_dyn_points=36618 service=27/1 split=16->0 (16 outputs) fusion_components=16 visual_only=1 lidar_only=15 yolo_in=2 yolo_match3d=2 yolo_match_det=2 yolo_human=2 fixed_size=0 size_reject=0
[lvdot_detector_main-8] [INFO] [1776983484.548605070] [lvdot_detector_node]: get_dynamic_obstacles responded with 1 obstacles from 1 tracked dynamic boxes.
[lvdot_detector_main-8] [INFO] [1776983487.667421505] [lvdot_detector_node]: get_dynamic_obstacles responded with 1 obstacles from 1 tracked dynamic boxes.
[lvdot_detector_main-8] [INFO] [1776983488.906530496] [lvdot_detector_node]: Input health: depth=644 color=696 lidar=384 pose=1202 odom=1202 yolo=359 depth_pose_sync=0 lidar_pose_sync=0 depth_odom_sync=0 lidar_odom_sync=0
[lvdot_detector_main-8] [INFO] [1776983488.906660197] [lvdot_detector_node]: Stage timers: detection=311 lidar_detection=200 tracking=4733 classification=4739 vis=4304
[lvdot_detector_main-8] [INFO] [1776983488.906673197] [lvdot_detector_node]: Processing phases: detection=run_core lidar_detection=run_lidar_detector/project tracking=waiting_new_filtered_update classification=waiting_new_tracking_update
[lvdot_detector_main-8] [INFO] [1776983488.906682482] [lvdot_detector_node]: Pipeline stats: depth_samples=1565/71300 u_map=2 depth_boxes=0 u_map_merge=0 u_map_db=0 u_map_visual=0 u_map_fused=0 u_map_filtered=0 lidar_samples=3279/157500 uv=2 db=12 lidar=22 fused=26 filtered=26 tracks=26 dynamic=1 dyn_points=168 raw_dyn_points=0 service=29/1 split=26->0 (26 outputs) fusion_components=26 visual_only=2 lidar_only=24 yolo_in=3 yolo_match3d=1 yolo_match_det=1 yolo_human=1 fixed_size=0 size_reject=0
[lvdot_detector_main-8] [INFO] [1776983490.976684800] [lvdot_detector_node]: get_dynamic_obstacles responded with 1 obstacles from 1 tracked dynamic boxes.
[lvdot_detector_main-8] [INFO] [1776983494.912757292] [lvdot_detector_node]: Input health: depth=681 color=726 lidar=402 pose=1250 odom=1250 yolo=375 depth_pose_sync=0 lidar_pose_sync=0 depth_odom_sync=0 lidar_odom_sync=0
[lvdot_detector_main-8] [INFO] [1776983494.912831282] [lvdot_detector_node]: Stage timers: detection=319 lidar_detection=202 tracking=4912 classification=4919 vis=4456
[lvdot_detector_main-8] [INFO] [1776983494.912844672] [lvdot_detector_node]: Processing phases: detection=run_core lidar_detection=run_lidar_detector/dbscan tracking=idle classification=run_core
[lvdot_detector_main-8] [INFO] [1776983494.912854837] [lvdot_detector_node]: Pipeline stats: depth_samples=1322/71300 u_map=0 depth_boxes=0 u_map_merge=0 u_map_db=0 u_map_visual=0 u_map_fused=0 u_map_filtered=0 lidar_samples=3114/129075 uv=0 db=14 lidar=13 fused=13 filtered=13 tracks=13 dynamic=0 dyn_points=0 raw_dyn_points=0 service=30/1 split=13->0 (13 outputs) fusion_components=13 visual_only=0 lidar_only=13 yolo_in=0 yolo_match3d=0 yolo_match_det=0 yolo_human=0 fixed_size=0 size_reject=0
[uav_trajectory_controller-4] [WARN] [1776983497.253327362] [uav_trajectory_controller]: SetEntityPose request timed out after 0.76s on /world/pedestrian_prototype/set_pose; dropping the pending request and retrying.
[lvdot_detector_main-8] [INFO] [1776983501.659696436] [lvdot_detector_node]: Input health: depth=715 color=763 lidar=442 pose=1297 odom=1297 yolo=397 depth_pose_sync=0 lidar_pose_sync=0 depth_odom_sync=0 lidar_odom_sync=0
[lvdot_detector_main-8] [INFO] [1776983501.659780011] [lvdot_detector_node]: Stage timers: detection=326 lidar_detection=205 tracking=5093 classification=5095 vis=4637
[lvdot_detector_main-8] [INFO] [1776983501.659790763] [lvdot_detector_node]: Processing phases: detection=run_core lidar_detection=run_lidar_detector/project tracking=waiting_new_filtered_update classification=waiting_new_tracking_update
[lvdot_detector_main-8] [INFO] [1776983501.659797801] [lvdot_detector_node]: Pipeline stats: depth_samples=1558/71300 u_map=3 depth_boxes=0 u_map_merge=0 u_map_db=0 u_map_visual=0 u_map_fused=0 u_map_filtered=0 lidar_samples=3348/118864 uv=0 db=10 lidar=23 fused=23 filtered=23 tracks=23 dynamic=2 dyn_points=167 raw_dyn_points=1880 service=30/1 split=23->0 (23 outputs) fusion_components=23 visual_only=0 lidar_only=23 yolo_in=2 yolo_match3d=2 yolo_match_det=2 yolo_human=2 fixed_size=0 size_reject=0
[lvdot_detector_main-8] [INFO] [1776983507.658129106] [lvdot_detector_node]: Input health: depth=747 color=798 lidar=466 pose=1345 odom=1345 yolo=414 depth_pose_sync=0 lidar_pose_sync=0 depth_odom_sync=0 lidar_odom_sync=0
[lvdot_detector_main-8] [INFO] [1776983507.659059282] [lvdot_detector_node]: Stage timers: detection=334 lidar_detection=207 tracking=5272 classification=5277 vis=4804
[lvdot_detector_main-8] [INFO] [1776983507.659089975] [lvdot_detector_node]: Processing phases: detection=run_core lidar_detection=run_lidar_detector/dbscan tracking=idle classification=waiting_new_tracking_update
[lvdot_detector_main-8] [INFO] [1776983507.659104149] [lvdot_detector_node]: Pipeline stats: depth_samples=1397/71300 u_map=3 depth_boxes=0 u_map_merge=0 u_map_db=0 u_map_visual=0 u_map_fused=0 u_map_filtered=0 lidar_samples=3065/148247 uv=1 db=12 lidar=57 fused=58 filtered=58 tracks=58 dynamic=0 dyn_points=0 raw_dyn_points=0 service=30/1 split=58->0 (58 outputs) fusion_components=58 visual_only=1 lidar_only=57 yolo_in=1 yolo_match3d=1 yolo_match_det=1 yolo_human=1 fixed_size=0 size_reject=0
[lvdot_detector_main-8] [INFO] [1776983513.664913967] [lvdot_detector_node]: Input health: depth=799 color=838 lidar=500 pose=1393 odom=1393 yolo=433 depth_pose_sync=0 lidar_pose_sync=0 depth_odom_sync=0 lidar_odom_sync=0
[lvdot_detector_main-8] [INFO] [1776983513.665988017] [lvdot_detector_node]: Stage timers: detection=341 lidar_detection=209 tracking=5448 classification=5450 vis=4967
[lvdot_detector_main-8] [INFO] [1776983513.666672382] [lvdot_detector_node]: Processing phases: detection=run_core lidar_detection=run_lidar_detector/dbscan tracking=waiting_new_filtered_update classification=waiting_new_tracking_update
[lvdot_detector_main-8] [INFO] [1776983513.666741875] [lvdot_detector_node]: Pipeline stats: depth_samples=1322/71300 u_map=0 depth_boxes=0 u_map_merge=0 u_map_db=0 u_map_visual=0 u_map_fused=0 u_map_filtered=0 lidar_samples=3446/116010 uv=0 db=14 lidar=63 fused=63 filtered=63 tracks=63 dynamic=0 dyn_points=0 raw_dyn_points=0 service=30/1 split=63->0 (63 outputs) fusion_components=63 visual_only=0 lidar_only=63 yolo_in=0 yolo_match3d=0 yolo_match_det=0 yolo_human=0 fixed_size=0 size_reject=0
[lvdot_detector_main-8] [INFO] [1776983519.655857631] [lvdot_detector_node]: Input health: depth=829 color=867 lidar=524 pose=1441 odom=1441 yolo=452 depth_pose_sync=0 lidar_pose_sync=0 depth_odom_sync=0 lidar_odom_sync=0
[lvdot_detector_main-8] [INFO] [1776983519.655926928] [lvdot_detector_node]: Stage timers: detection=349 lidar_detection=212 tracking=5629 classification=5631 vis=5145
[lvdot_detector_main-8] [INFO] [1776983519.655940709] [lvdot_detector_node]: Processing phases: detection=run_core lidar_detection=run_lidar_detector/downsample tracking=waiting_new_filtered_update classification=waiting_new_tracking_update
[lvdot_detector_main-8] [INFO] [1776983519.655950972] [lvdot_detector_node]: Pipeline stats: depth_samples=1460/71300 u_map=3 depth_boxes=0 u_map_merge=0 u_map_db=0 u_map_visual=0 u_map_fused=0 u_map_filtered=0 lidar_samples=3243/119942 uv=2 db=15 lidar=21 fused=8 filtered=8 tracks=8 dynamic=2 dyn_points=217 raw_dyn_points=1353 service=30/1 split=8->0 (8 outputs) fusion_components=8 visual_only=2 lidar_only=6 yolo_in=4 yolo_match3d=2 yolo_match_det=2 yolo_human=2 fixed_size=0 size_reject=0
[lvdot_detector_main-8] [INFO] [1776983525.689437672] [lvdot_detector_node]: Input health: depth=870 color=899 lidar=552 pose=1489 odom=1489 yolo=469 depth_pose_sync=0 lidar_pose_sync=0 depth_odom_sync=0 lidar_odom_sync=0
[lvdot_detector_main-8] [INFO] [1776983525.689539322] [lvdot_detector_node]: Stage timers: detection=356 lidar_detection=215 tracking=5812 classification=5814 vis=5321
[lvdot_detector_main-8] [INFO] [1776983525.689553592] [lvdot_detector_node]: Processing phases: detection=idle lidar_detection=run_lidar_detector/project tracking=build_input classification=waiting_new_tracking_update
[lvdot_detector_main-8] [INFO] [1776983525.689564148] [lvdot_detector_node]: Pipeline stats: depth_samples=1288/71300 u_map=2 depth_boxes=0 u_map_merge=0 u_map_db=0 u_map_visual=0 u_map_fused=0 u_map_filtered=0 lidar_samples=3068/131364 uv=0 db=9 lidar=15 fused=24 filtered=24 tracks=17 dynamic=0 dyn_points=0 raw_dyn_points=0 service=30/1 split=24->0 (24 outputs) fusion_components=24 visual_only=0 lidar_only=24 yolo_in=0 yolo_match3d=0 yolo_match_det=0 yolo_human=0 fixed_size=0 size_reject=1
[lvdot_detector_main-8] [INFO] [1776983532.408868363] [lvdot_detector_node]: Input health: depth=916 color=941 lidar=588 pose=1537 odom=1537 yolo=491 depth_pose_sync=0 lidar_pose_sync=0 depth_odom_sync=0 lidar_odom_sync=0
[lvdot_detector_main-8] [INFO] [1776983532.408943232] [lvdot_detector_node]: Stage timers: detection=364 lidar_detection=217 tracking=5992 classification=5994 vis=5493
[lvdot_detector_main-8] [INFO] [1776983532.408968743] [lvdot_detector_node]: Processing phases: detection=run_core lidar_detection=run_lidar_detector/project tracking=waiting_new_filtered_update classification=waiting_new_tracking_update
[lvdot_detector_main-8] [INFO] [1776983532.408986238] [lvdot_detector_node]: Pipeline stats: depth_samples=1322/71300 u_map=0 depth_boxes=0 u_map_merge=0 u_map_db=0 u_map_visual=0 u_map_fused=0 u_map_filtered=0 lidar_samples=3353/160032 uv=0 db=14 lidar=32 fused=61 filtered=61 tracks=61 dynamic=0 dyn_points=0 raw_dyn_points=0 service=30/1 split=61->0 (61 outputs) fusion_components=61 visual_only=0 lidar_only=61 yolo_in=0 yolo_match3d=0 yolo_match_det=0 yolo_human=0 fixed_size=0 size_reject=0
[lvdot_detector_main-8] [INFO] [1776983538.409969640] [lvdot_detector_node]: Input health: depth=946 color=973 lidar=614 pose=1585 odom=1585 yolo=511 depth_pose_sync=0 lidar_pose_sync=0 depth_odom_sync=0 lidar_odom_sync=0
[lvdot_detector_main-8] [INFO] [1776983538.410053117] [lvdot_detector_node]: Stage timers: detection=372 lidar_detection=219 tracking=6172 classification=6176 vis=5671
[lvdot_detector_main-8] [INFO] [1776983538.410063478] [lvdot_detector_node]: Processing phases: detection=run_core lidar_detection=run_lidar_detector/dbscan tracking=waiting_new_filtered_update classification=waiting_new_tracking_update
[lvdot_detector_main-8] [INFO] [1776983538.410070516] [lvdot_detector_node]: Pipeline stats: depth_samples=1496/71300 u_map=3 depth_boxes=0 u_map_merge=0 u_map_db=0 u_map_visual=0 u_map_fused=0 u_map_filtered=0 lidar_samples=3436/117399 uv=3 db=11 lidar=18 fused=21 filtered=21 tracks=21 dynamic=1 dyn_points=80 raw_dyn_points=0 service=30/1 split=21->0 (21 outputs) fusion_components=21 visual_only=3 lidar_only=18 yolo_in=2 yolo_match3d=2 yolo_match_det=2 yolo_human=2 fixed_size=0 size_reject=1
[lvdot_detector_main-8] [INFO] [1776983544.409884517] [lvdot_detector_node]: Input health: depth=977 color=1009 lidar=641 pose=1633 odom=1633 yolo=530 depth_pose_sync=0 lidar_pose_sync=0 depth_odom_sync=0 lidar_odom_sync=0
[lvdot_detector_main-8] [INFO] [1776983544.409963196] [lvdot_detector_node]: Stage timers: detection=379 lidar_detection=222 tracking=6353 classification=6358 vis=5838
[lvdot_detector_main-8] [INFO] [1776983544.409972970] [lvdot_detector_node]: Processing phases: detection=run_core lidar_detection=run_lidar_detector/project tracking=waiting_new_filtered_update classification=waiting_new_tracking_update
[lvdot_detector_main-8] [INFO] [1776983544.409979616] [lvdot_detector_node]: Pipeline stats: depth_samples=1324/71300 u_map=3 depth_boxes=0 u_map_merge=0 u_map_db=0 u_map_visual=0 u_map_fused=0 u_map_filtered=0 lidar_samples=3055/131208 uv=0 db=11 lidar=18 fused=18 filtered=18 tracks=18 dynamic=0 dyn_points=0 raw_dyn_points=0 service=30/1 split=18->0 (18 outputs) fusion_components=18 visual_only=0 lidar_only=18 yolo_in=2 yolo_match3d=0 yolo_match_det=0 yolo_human=0 fixed_size=0 size_reject=0
[lvdot_detector_main-8] [INFO] [1776983550.412061730] [lvdot_detector_node]: Input health: depth=1019 color=1047 lidar=656 pose=1677 odom=1677 yolo=546 depth_pose_sync=0 lidar_pose_sync=0 depth_odom_sync=0 lidar_odom_sync=0
[lvdot_detector_main-8] [INFO] [1776983550.412117636] [lvdot_detector_node]: Stage timers: detection=386 lidar_detection=224 tracking=6528 classification=6529 vis=5992
[lvdot_detector_main-8] [INFO] [1776983550.412126140] [lvdot_detector_node]: Processing phases: detection=run_core lidar_detection=run_lidar_detector/project tracking=waiting_new_filtered_update classification=waiting_new_tracking_update
[lvdot_detector_main-8] [INFO] [1776983550.412133079] [lvdot_detector_node]: Pipeline stats: depth_samples=1322/71300 u_map=0 depth_boxes=0 u_map_merge=0 u_map_db=0 u_map_visual=0 u_map_fused=0 u_map_filtered=0 lidar_samples=3319/207220 uv=2 db=14 lidar=5 fused=6 filtered=6 tracks=6 dynamic=0 dyn_points=0 raw_dyn_points=0 service=30/1 split=6->0 (6 outputs) fusion_components=6 visual_only=1 lidar_only=4 yolo_in=1 yolo_match3d=1 yolo_match_det=1 yolo_human=1 fixed_size=0 size_reject=0
[lvdot_detector_main-8] [INFO] [1776983556.416691315] [lvdot_detector_node]: Input health: depth=1038 color=1069 lidar=669 pose=1725 odom=1725 yolo=561 depth_pose_sync=0 lidar_pose_sync=0 depth_odom_sync=0 lidar_odom_sync=0
[lvdot_detector_main-8] [INFO] [1776983556.416822481] [lvdot_detector_node]: Stage timers: detection=393 lidar_detection=226 tracking=6709 classification=6709 vis=6153
[lvdot_detector_main-8] [INFO] [1776983556.416839780] [lvdot_detector_node]: Processing phases: detection=idle lidar_detection=run_lidar_detector/dbscan tracking=waiting_new_filtered_update classification=waiting_new_tracking_update
[lvdot_detector_main-8] [INFO] [1776983556.416848675] [lvdot_detector_node]: Pipeline stats: depth_samples=1409/71300 u_map=2 depth_boxes=0 u_map_merge=0 u_map_db=0 u_map_visual=0 u_map_fused=0 u_map_filtered=0 lidar_samples=3476/134997 uv=1 db=10 lidar=78 fused=79 filtered=79 tracks=7 dynamic=0 dyn_points=0 raw_dyn_points=0 service=30/1 split=79->1 (79 outputs) fusion_components=79 visual_only=1 lidar_only=78 yolo_in=4 yolo_match3d=1 yolo_match_det=4 yolo_human=1 fixed_size=0 size_reject=0
[lvdot_detector_main-8] [INFO] [1776983562.410475741] [lvdot_detector_node]: Input health: depth=1057 color=1089 lidar=684 pose=1773 odom=1773 yolo=571 depth_pose_sync=0 lidar_pose_sync=0 depth_odom_sync=0 lidar_odom_sync=0
[lvdot_detector_main-8] [INFO] [1776983562.411517940] [lvdot_detector_node]: Stage timers: detection=401 lidar_detection=228 tracking=6888 classification=6889 vis=6304
[lvdot_detector_main-8] [INFO] [1776983562.412171037] [lvdot_detector_node]: Processing phases: detection=run_core lidar_detection=run_lidar_detector/dbscan tracking=waiting_new_filtered_update classification=waiting_new_tracking_update
[lvdot_detector_main-8] [INFO] [1776983562.412826969] [lvdot_detector_node]: Pipeline stats: depth_samples=1296/71300 u_map=3 depth_boxes=0 u_map_merge=0 u_map_db=0 u_map_visual=0 u_map_fused=0 u_map_filtered=0 lidar_samples=3079/196265 uv=0 db=11 lidar=20 fused=20 filtered=20 tracks=20 dynamic=0 dyn_points=0 raw_dyn_points=0 service=30/1 split=20->0 (20 outputs) fusion_components=20 visual_only=0 lidar_only=20 yolo_in=3 yolo_match3d=0 yolo_match_det=0 yolo_human=0 fixed_size=0 size_reject=0
[lvdot_detector_main-8] [INFO] [1776983569.172803845] [lvdot_detector_node]: Input health: depth=1094 color=1127 lidar=703 pose=1821 odom=1821 yolo=588 depth_pose_sync=0 lidar_pose_sync=0 depth_odom_sync=0 lidar_odom_sync=0
[lvdot_detector_main-8] [INFO] [1776983569.173012047] [lvdot_detector_node]: Stage timers: detection=408 lidar_detection=230 tracking=7069 classification=7070 vis=6459
[lvdot_detector_main-8] [INFO] [1776983569.173040589] [lvdot_detector_node]: Processing phases: detection=run_core lidar_detection=run_lidar_detector/dbscan tracking=waiting_new_filtered_update classification=waiting_new_tracking_update
[lvdot_detector_main-8] [INFO] [1776983569.173054665] [lvdot_detector_node]: Pipeline stats: depth_samples=1316/71300 u_map=0 depth_boxes=0 u_map_merge=0 u_map_db=0 u_map_visual=0 u_map_fused=0 u_map_filtered=0 lidar_samples=3216/134563 uv=0 db=9 lidar=74 fused=74 filtered=74 tracks=74 dynamic=0 dyn_points=0 raw_dyn_points=0 service=30/1 split=74->0 (74 outputs) fusion_components=74 visual_only=0 lidar_only=74 yolo_in=0 yolo_match3d=0 yolo_match_det=0 yolo_human=0 fixed_size=0 size_reject=0
[lvdot_detector_main-8] [INFO] [1776983575.178651123] [lvdot_detector_node]: Input health: depth=1118 color=1154 lidar=723 pose=1869 odom=1869 yolo=602 depth_pose_sync=0 lidar_pose_sync=0 depth_odom_sync=0 lidar_odom_sync=0
[lvdot_detector_main-8] [INFO] [1776983575.178750327] [lvdot_detector_node]: Stage timers: detection=416 lidar_detection=233 tracking=7249 classification=7249 vis=6631
[lvdot_detector_main-8] [INFO] [1776983575.178760589] [lvdot_detector_node]: Processing phases: detection=run_core lidar_detection=run_lidar_detector/project tracking=waiting_new_filtered_update classification=waiting_new_tracking_update
[lvdot_detector_main-8] [INFO] [1776983575.178767724] [lvdot_detector_node]: Pipeline stats: depth_samples=1132/71300 u_map=2 depth_boxes=0 u_map_merge=0 u_map_db=0 u_map_visual=0 u_map_fused=0 u_map_filtered=0 lidar_samples=3048/132247 uv=1 db=10 lidar=10 fused=16 filtered=16 tracks=16 dynamic=0 dyn_points=0 raw_dyn_points=0 service=30/1 split=16->0 (16 outputs) fusion_components=16 visual_only=1 lidar_only=15 yolo_in=1 yolo_match3d=0 yolo_match_det=0 yolo_human=0 fixed_size=0 size_reject=0
[lvdot_detector_main-8] [INFO] [1776983579.969717077] [lvdot_detector_node]: get_dynamic_obstacles responded with 2 obstacles from 2 tracked dynamic boxes.
[lvdot_detector_main-8] [INFO] [1776983581.183219397] [lvdot_detector_node]: Input health: depth=1137 color=1172 lidar=733 pose=1915 odom=1915 yolo=611 depth_pose_sync=0 lidar_pose_sync=0 depth_odom_sync=0 lidar_odom_sync=0
[lvdot_detector_main-8] [INFO] [1776983581.183278138] [lvdot_detector_node]: Stage timers: detection=423 lidar_detection=235 tracking=7431 classification=7431 vis=6795
[lvdot_detector_main-8] [INFO] [1776983581.183289475] [lvdot_detector_node]: Processing phases: detection=run_core lidar_detection=run_lidar_detector/downsample tracking=waiting_new_filtered_update classification=waiting_new_tracking_update
[lvdot_detector_main-8] [INFO] [1776983581.183298369] [lvdot_detector_node]: Pipeline stats: depth_samples=1283/71300 u_map=5 depth_boxes=0 u_map_merge=0 u_map_db=0 u_map_visual=0 u_map_fused=0 u_map_filtered=0 lidar_samples=3263/127694 uv=0 db=12 lidar=20 fused=8 filtered=8 tracks=8 dynamic=0 dyn_points=0 raw_dyn_points=0 service=31/2 split=8->0 (8 outputs) fusion_components=8 visual_only=0 lidar_only=8 yolo_in=3 yolo_match3d=0 yolo_match_det=0 yolo_human=0 fixed_size=0 size_reject=0
[lvdot_detector_main-8] [INFO] [1776983587.174950811] [lvdot_detector_node]: Input health: depth=1163 color=1196 lidar=743 pose=1963 odom=1963 yolo=622 depth_pose_sync=0 lidar_pose_sync=0 depth_odom_sync=0 lidar_odom_sync=0
[lvdot_detector_main-8] [INFO] [1776983587.175039753] [lvdot_detector_node]: Stage timers: detection=430 lidar_detection=237 tracking=7610 classification=7612 vis=6951
[lvdot_detector_main-8] [INFO] [1776983587.175052166] [lvdot_detector_node]: Processing phases: detection=run_core lidar_detection=run_lidar_detector/dbscan tracking=waiting_new_filtered_update classification=waiting_new_tracking_update
[lvdot_detector_main-8] [INFO] [1776983587.175061353] [lvdot_detector_node]: Pipeline stats: depth_samples=1316/71300 u_map=0 depth_boxes=0 u_map_merge=0 u_map_db=0 u_map_visual=0 u_map_fused=0 u_map_filtered=0 lidar_samples=3179/134833 uv=0 db=9 lidar=57 fused=5 filtered=5 tracks=5 dynamic=0 dyn_points=0 raw_dyn_points=0 service=31/2 split=5->0 (5 outputs) fusion_components=5 visual_only=0 lidar_only=5 yolo_in=0 yolo_match3d=0 yolo_match_det=0 yolo_human=0 fixed_size=0 size_reject=0
[lvdot_detector_main-8] [INFO] [1776983593.186487055] [lvdot_detector_node]: Input health: depth=1176 color=1224 lidar=757 pose=2010 odom=2010 yolo=635 depth_pose_sync=0 lidar_pose_sync=0 depth_odom_sync=0 lidar_odom_sync=0
[lvdot_detector_main-8] [INFO] [1776983593.186713615] [lvdot_detector_node]: Stage timers: detection=437 lidar_detection=239 tracking=7791 classification=7794 vis=7130
[lvdot_detector_main-8] [INFO] [1776983593.186740884] [lvdot_detector_node]: Processing phases: detection=idle lidar_detection=run_lidar_detector/cluster_convert tracking=waiting_new_filtered_update classification=waiting_new_tracking_update
[lvdot_detector_main-8] [INFO] [1776983593.186753590] [lvdot_detector_node]: Pipeline stats: depth_samples=1227/71300 u_map=2 depth_boxes=0 u_map_merge=0 u_map_db=0 u_map_visual=0 u_map_fused=0 u_map_filtered=0 lidar_samples=3247/121790 uv=2 db=8 lidar=12 fused=14 filtered=14 tracks=14 dynamic=0 dyn_points=0 raw_dyn_points=0 service=31/2 split=14->0 (14 outputs) fusion_components=14 visual_only=2 lidar_only=12 yolo_in=1 yolo_match3d=0 yolo_match_det=0 yolo_human=0 fixed_size=0 size_reject=0
