[INFO] [launch]: All log files can be found below /home/skbt2/.ros/log/2026-04-23-23-11-37-166611-DESKTOP-90MQDL6-162518
[INFO] [launch]: Default logging verbosity is set to INFO
[INFO] [gazebo-1]: process started with pid [162576]
[INFO] [parameter_bridge-2]: process started with pid [162577]
[INFO] [pedestrian_state_publisher-3]: process started with pid [162578]
[INFO] [uav_trajectory_controller-4]: process started with pid [162579]
[INFO] [image_pointcloud_relay-5]: process started with pid [162580]
[INFO] [lvdot_yolo_node-6]: process started with pid [162581]
[INFO] [lvdot_detector_main-7]: process started with pid [162582]
[parameter_bridge-2] [INFO] [1776957097.440773864] [ros_gz_bridge]: Creating GZ->ROS Bridge: [/rgbd_camera/image (gz.msgs.Image) -> /rgbd_camera/image (sensor_msgs/msg/Image)] (Lazy 0)
[parameter_bridge-2] [INFO] [1776957097.447289106] [ros_gz_bridge]: Creating GZ->ROS Bridge: [/rgbd_camera/camera_info (gz.msgs.CameraInfo) -> /rgbd_camera/camera_info (sensor_msgs/msg/CameraInfo)] (Lazy 0)
[parameter_bridge-2] [INFO] [1776957097.449073532] [ros_gz_bridge]: Creating GZ->ROS Bridge: [/rgbd_camera/depth_image (gz.msgs.Image) -> /rgbd_camera/depth_image (sensor_msgs/msg/Image)] (Lazy 0)
[parameter_bridge-2] [INFO] [1776957097.450002338] [ros_gz_bridge]: Creating GZ->ROS Bridge: [/rgbd_camera/points (gz.msgs.PointCloudPacked) -> /rgbd_camera/points (sensor_msgs/msg/PointCloud2)] (Lazy 0)
[parameter_bridge-2] [INFO] [1776957097.451652625] [ros_gz_bridge]: Creating GZ->ROS Bridge: [/camera/imu (gz.msgs.IMU) -> /camera/imu (sensor_msgs/msg/Imu)] (Lazy 0)
[parameter_bridge-2] [INFO] [1776957097.453435193] [ros_gz_bridge]: Creating ROS->GZ service bridge [/world/pedestrian_prototype/set_pose (ros_gz_interfaces/srv/SetEntityPose -> /)]
[parameter_bridge-2] [INFO] [1776957097.455891201] [ros_gz_bridge]: Creating ROS->GZ service bridge [/world/pedestrian_prototype/set_pose/blocking (ros_gz_interfaces/srv/SetEntityPose -> /)]
[lvdot_detector_main-7] [INFO] [1776957097.648722684] [lvdot_detector_node]: Config loaded: localization_mode=0 dt=0.033 image=640x480 depth_range=[0.20, 12.00] stage_timers=true
[lvdot_detector_main-7] [INFO] [1776957097.682418879] [lvdot_detector_node]: LV-DOT ROS2 skeleton started. depth=/camera/depth/image_rect_raw color=/camera/color/image_raw lidar=/rgbd_camera/points pose=/mavros/local_position/pose odom=/mavros/local_position/odom yolo=/yolo_detector/detected_bounding_boxes
[gazebo-1] [INFO] [1776957098.654233145] [pedestrian_pose_sync_system]: Configured pedestrian pose sync plugin on topic [/pedestrian_sim/agent_states] for 8 models.
[uav_trajectory_controller-4] [WARN] [1776957099.318053384] [uav_trajectory_controller]: SetEntityPose request timed out after 0.62s on /world/pedestrian_prototype/set_pose/blocking; dropping the pending request and retrying.
[uav_trajectory_controller-4] [WARN] [1776957099.318913115] [uav_trajectory_controller]: Falling back from /world/pedestrian_prototype/set_pose/blocking to /world/pedestrian_prototype/set_pose.
[lvdot_detector_main-7] [INFO] [1776957099.682838029] [lvdot_detector_node]: Input health: depth=0 color=0 lidar=0 pose=0 odom=0 yolo=0 depth_pose_sync=0 lidar_pose_sync=0 depth_odom_sync=0 lidar_odom_sync=0
[lvdot_detector_main-7] [INFO] [1776957099.683043789] [lvdot_detector_node]: Stage timers: detection=60 lidar_detection=60 tracking=60 classification=60 vis=60
[lvdot_detector_main-7] [INFO] [1776957099.683075979] [lvdot_detector_node]: Processing phases: detection=waiting_sensor_pose lidar_detection=waiting_new_lidar tracking=waiting_new_filtered_update classification=waiting_new_tracking_update
[lvdot_detector_main-7] [INFO] [1776957099.683091536] [lvdot_detector_node]: Pipeline stats: depth_samples=0/0 u_map=0 depth_boxes=0 u_map_merge=0 u_map_db=0 u_map_visual=0 u_map_fused=0 u_map_filtered=0 lidar_samples=0/0 uv=0 db=0 lidar=0 fused=0 filtered=0 tracks=0 dynamic=0 dyn_points=0 raw_dyn_points=0 service=0/0 split=0->0 (0 outputs) fusion_components=0 visual_only=0 lidar_only=0 yolo_in=0 yolo_match3d=0 yolo_match_det=0 yolo_human=0 fixed_size=0 size_reject=0
[lvdot_detector_main-7] [INFO] [1776957106.503224104] [lvdot_detector_node]: Input health: depth=13 color=15 lidar=13 pose=49 odom=49 yolo=5 depth_pose_sync=0 lidar_pose_sync=0 depth_odom_sync=0 lidar_odom_sync=0
[lvdot_detector_main-7] [INFO] [1776957106.503431066] [lvdot_detector_node]: Stage timers: detection=135 lidar_detection=127 tracking=242 classification=241 vis=241
[lvdot_detector_main-7] [INFO] [1776957106.503444923] [lvdot_detector_node]: Processing phases: detection=run_core lidar_detection=run_lidar_detector/dbscan tracking=waiting_new_filtered_update classification=waiting_new_tracking_update
[lvdot_detector_main-7] [INFO] [1776957106.503452391] [lvdot_detector_node]: Pipeline stats: depth_samples=1290/71300 u_map=2 depth_boxes=0 u_map_merge=0 u_map_db=0 u_map_visual=0 u_map_fused=0 u_map_filtered=0 lidar_samples=3177/120106 uv=2 db=7 lidar=13 fused=15 filtered=15 tracks=15 dynamic=0 dyn_points=0 raw_dyn_points=0 service=0/0 split=15->0 (15 outputs) fusion_components=15 visual_only=2 lidar_only=13 yolo_in=0 yolo_match3d=0 yolo_match_det=0 yolo_human=0 fixed_size=0 size_reject=0
[lvdot_detector_main-7] [INFO] [1776957112.503543100] [lvdot_detector_node]: Input health: depth=28 color=33 lidar=26 pose=97 odom=97 yolo=18 depth_pose_sync=0 lidar_pose_sync=0 depth_odom_sync=0 lidar_odom_sync=0
[lvdot_detector_main-7] [INFO] [1776957112.503631938] [lvdot_detector_node]: Stage timers: detection=141 lidar_detection=129 tracking=415 classification=406 vis=398
[lvdot_detector_main-7] [INFO] [1776957112.503642889] [lvdot_detector_node]: Processing phases: detection=run_core lidar_detection=run_lidar_detector/dbscan tracking=waiting_new_filtered_update classification=waiting_new_tracking_update
[lvdot_detector_main-7] [INFO] [1776957112.503654124] [lvdot_detector_node]: Pipeline stats: depth_samples=1339/71300 u_map=4 depth_boxes=0 u_map_merge=0 u_map_db=0 u_map_visual=0 u_map_fused=0 u_map_filtered=0 lidar_samples=3360/146436 uv=1 db=16 lidar=62 fused=68 filtered=68 tracks=68 dynamic=0 dyn_points=0 raw_dyn_points=0 service=0/0 split=68->0 (68 outputs) fusion_components=68 visual_only=1 lidar_only=67 yolo_in=3 yolo_match3d=0 yolo_match_det=0 yolo_human=0 fixed_size=0 size_reject=0
[lvdot_detector_main-7] [INFO] [1776957118.500759657] [lvdot_detector_node]: Input health: depth=57 color=63 lidar=45 pose=145 odom=145 yolo=37 depth_pose_sync=0 lidar_pose_sync=0 depth_odom_sync=0 lidar_odom_sync=0
[lvdot_detector_main-7] [INFO] [1776957118.500834223] [lvdot_detector_node]: Stage timers: detection=149 lidar_detection=131 tracking=595 classification=584 vis=561
[lvdot_detector_main-7] [INFO] [1776957118.500847923] [lvdot_detector_node]: Processing phases: detection=run_core lidar_detection=run_lidar_detector/dbscan tracking=waiting_new_filtered_update classification=waiting_new_tracking_update
[lvdot_detector_main-7] [INFO] [1776957118.500862308] [lvdot_detector_node]: Pipeline stats: depth_samples=1536/71300 u_map=0 depth_boxes=0 u_map_merge=0 u_map_db=0 u_map_visual=0 u_map_fused=0 u_map_filtered=0 lidar_samples=3354/126801 uv=0 db=9 lidar=67 fused=67 filtered=67 tracks=67 dynamic=0 dyn_points=0 raw_dyn_points=0 service=0/0 split=67->0 (67 outputs) fusion_components=67 visual_only=0 lidar_only=67 yolo_in=0 yolo_match3d=0 yolo_match_det=0 yolo_human=0 fixed_size=0 size_reject=0
[lvdot_detector_main-7] [INFO] [1776957124.501567078] [lvdot_detector_node]: Input health: depth=70 color=83 lidar=59 pose=193 odom=193 yolo=56 depth_pose_sync=0 lidar_pose_sync=0 depth_odom_sync=0 lidar_odom_sync=0
[lvdot_detector_main-7] [INFO] [1776957124.501633211] [lvdot_detector_node]: Stage timers: detection=156 lidar_detection=134 tracking=777 classification=766 vis=738
[lvdot_detector_main-7] [INFO] [1776957124.501644168] [lvdot_detector_node]: Processing phases: detection=run_core lidar_detection=run_lidar_detector/project tracking=waiting_new_filtered_update classification=waiting_new_tracking_update
[lvdot_detector_main-7] [INFO] [1776957124.501652581] [lvdot_detector_node]: Pipeline stats: depth_samples=1398/71300 u_map=2 depth_boxes=0 u_map_merge=0 u_map_db=0 u_map_visual=0 u_map_fused=0 u_map_filtered=0 lidar_samples=3249/128831 uv=0 db=7 lidar=19 fused=19 filtered=19 tracks=19 dynamic=0 dyn_points=0 raw_dyn_points=0 service=0/0 split=19->0 (19 outputs) fusion_components=19 visual_only=0 lidar_only=19 yolo_in=2 yolo_match3d=0 yolo_match_det=0 yolo_human=0 fixed_size=0 size_reject=0
[lvdot_detector_main-7] [INFO] [1776957130.498467697] [lvdot_detector_node]: Input health: depth=94 color=103 lidar=70 pose=241 odom=241 yolo=73 depth_pose_sync=0 lidar_pose_sync=0 depth_odom_sync=0 lidar_odom_sync=0
[lvdot_detector_main-7] [INFO] [1776957130.498546787] [lvdot_detector_node]: Stage timers: detection=163 lidar_detection=136 tracking=957 classification=946 vis=894
[lvdot_detector_main-7] [INFO] [1776957130.498562879] [lvdot_detector_node]: Processing phases: detection=run_core lidar_detection=run_lidar_detector/dbscan tracking=waiting_new_filtered_update classification=waiting_new_tracking_update
[lvdot_detector_main-7] [INFO] [1776957130.498574655] [lvdot_detector_node]: Pipeline stats: depth_samples=1273/71300 u_map=2 depth_boxes=0 u_map_merge=0 u_map_db=0 u_map_visual=0 u_map_fused=0 u_map_filtered=0 lidar_samples=3105/127579 uv=0 db=13 lidar=20 fused=20 filtered=20 tracks=20 dynamic=0 dyn_points=0 raw_dyn_points=0 service=0/0 split=20->0 (20 outputs) fusion_components=20 visual_only=0 lidar_only=20 yolo_in=1 yolo_match3d=0 yolo_match_det=0 yolo_human=0 fixed_size=0 size_reject=0
[lvdot_detector_main-7] [INFO] [1776957137.393566018] [lvdot_detector_node]: Input health: depth=124 color=129 lidar=90 pose=290 odom=290 yolo=91 depth_pose_sync=0 lidar_pose_sync=0 depth_odom_sync=0 lidar_odom_sync=0
[lvdot_detector_main-7] [INFO] [1776957137.393671542] [lvdot_detector_node]: Stage timers: detection=171 lidar_detection=138 tracking=1139 classification=1128 vis=1067
[lvdot_detector_main-7] [INFO] [1776957137.393702022] [lvdot_detector_node]: Processing phases: detection=run_core lidar_detection=run_lidar_detector/dbscan tracking=waiting_new_filtered_update classification=waiting_new_tracking_update
[lvdot_detector_main-7] [INFO] [1776957137.393727875] [lvdot_detector_node]: Pipeline stats: depth_samples=1510/71300 u_map=0 depth_boxes=0 u_map_merge=0 u_map_db=0 u_map_visual=0 u_map_fused=0 u_map_filtered=0 lidar_samples=3341/156456 uv=0 db=7 lidar=23 fused=23 filtered=23 tracks=23 dynamic=0 dyn_points=0 raw_dyn_points=0 service=0/0 split=23->0 (23 outputs) fusion_components=23 visual_only=0 lidar_only=23 yolo_in=0 yolo_match3d=0 yolo_match_det=0 yolo_human=0 fixed_size=0 size_reject=0
[lvdot_detector_main-7] [INFO] [1776957143.394378577] [lvdot_detector_node]: Input health: depth=143 color=146 lidar=108 pose=338 odom=338 yolo=109 depth_pose_sync=0 lidar_pose_sync=0 depth_odom_sync=0 lidar_odom_sync=0
[lvdot_detector_main-7] [INFO] [1776957143.394485044] [lvdot_detector_node]: Stage timers: detection=178 lidar_detection=141 tracking=1321 classification=1310 vis=1243
[lvdot_detector_main-7] [INFO] [1776957143.394508333] [lvdot_detector_node]: Processing phases: detection=run_core lidar_detection=run_lidar_detector/project tracking=waiting_new_filtered_update classification=waiting_new_tracking_update
[lvdot_detector_main-7] [INFO] [1776957143.394519782] [lvdot_detector_node]: Pipeline stats: depth_samples=1393/71300 u_map=6 depth_boxes=0 u_map_merge=0 u_map_db=0 u_map_visual=0 u_map_fused=0 u_map_filtered=0 lidar_samples=3291/130686 uv=1 db=13 lidar=24 fused=17 filtered=17 tracks=17 dynamic=0 dyn_points=0 raw_dyn_points=0 service=0/0 split=17->1 (17 outputs) fusion_components=17 visual_only=1 lidar_only=16 yolo_in=5 yolo_match3d=2 yolo_match_det=3 yolo_human=1 fixed_size=0 size_reject=1
[lvdot_detector_main-7] [INFO] [1776957149.390853136] [lvdot_detector_node]: Input health: depth=161 color=172 lidar=120 pose=386 odom=386 yolo=124 depth_pose_sync=0 lidar_pose_sync=0 depth_odom_sync=0 lidar_odom_sync=0
[lvdot_detector_main-7] [INFO] [1776957149.390927039] [lvdot_detector_node]: Stage timers: detection=186 lidar_detection=143 tracking=1501 classification=1490 vis=1400
[lvdot_detector_main-7] [INFO] [1776957149.390945926] [lvdot_detector_node]: Processing phases: detection=run_core lidar_detection=run_lidar_detector/dbscan tracking=waiting_new_filtered_update classification=waiting_new_tracking_update
[lvdot_detector_main-7] [INFO] [1776957149.390958518] [lvdot_detector_node]: Pipeline stats: depth_samples=1155/71300 u_map=3 depth_boxes=0 u_map_merge=0 u_map_db=0 u_map_visual=0 u_map_fused=0 u_map_filtered=0 lidar_samples=3026/131285 uv=1 db=10 lidar=49 fused=50 filtered=50 tracks=50 dynamic=0 dyn_points=0 raw_dyn_points=0 service=0/0 split=50->0 (50 outputs) fusion_components=50 visual_only=1 lidar_only=49 yolo_in=1 yolo_match3d=1 yolo_match_det=1 yolo_human=1 fixed_size=0 size_reject=1
[lvdot_detector_main-7] [INFO] [1776957155.390701218] [lvdot_detector_node]: Input health: depth=191 color=203 lidar=144 pose=434 odom=434 yolo=142 depth_pose_sync=0 lidar_pose_sync=0 depth_odom_sync=0 lidar_odom_sync=0
[lvdot_detector_main-7] [INFO] [1776957155.390797196] [lvdot_detector_node]: Stage timers: detection=193 lidar_detection=145 tracking=1683 classification=1668 vis=1563
[lvdot_detector_main-7] [INFO] [1776957155.390810131] [lvdot_detector_node]: Processing phases: detection=run_core lidar_detection=run_lidar_detector/dbscan tracking=waiting_new_filtered_update classification=waiting_new_tracking_update
[lvdot_detector_main-7] [INFO] [1776957155.390818379] [lvdot_detector_node]: Pipeline stats: depth_samples=1510/71300 u_map=0 depth_boxes=0 u_map_merge=0 u_map_db=0 u_map_visual=0 u_map_fused=0 u_map_filtered=0 lidar_samples=3167/148096 uv=0 db=7 lidar=54 fused=54 filtered=54 tracks=54 dynamic=0 dyn_points=0 raw_dyn_points=0 service=0/0 split=54->0 (54 outputs) fusion_components=54 visual_only=0 lidar_only=54 yolo_in=0 yolo_match3d=0 yolo_match_det=0 yolo_human=0 fixed_size=0 size_reject=0
[lvdot_detector_main-7] [INFO] [1776957161.391654867] [lvdot_detector_node]: Input health: depth=207 color=225 lidar=161 pose=482 odom=482 yolo=161 depth_pose_sync=0 lidar_pose_sync=0 depth_odom_sync=0 lidar_odom_sync=0
[lvdot_detector_main-7] [INFO] [1776957161.391724256] [lvdot_detector_node]: Stage timers: detection=201 lidar_detection=148 tracking=1864 classification=1850 vis=1735
[lvdot_detector_main-7] [INFO] [1776957161.391734825] [lvdot_detector_node]: Processing phases: detection=run_core lidar_detection=run_lidar_detector/project tracking=waiting_new_filtered_update classification=waiting_new_tracking_update
[lvdot_detector_main-7] [INFO] [1776957161.391744123] [lvdot_detector_node]: Pipeline stats: depth_samples=1425/71300 u_map=4 depth_boxes=0 u_map_merge=0 u_map_db=0 u_map_visual=0 u_map_fused=0 u_map_filtered=0 lidar_samples=3331/130425 uv=0 db=11 lidar=30 fused=30 filtered=30 tracks=30 dynamic=1 dyn_points=107 raw_dyn_points=12644 service=0/0 split=30->0 (30 outputs) fusion_components=30 visual_only=0 lidar_only=30 yolo_in=2 yolo_match3d=1 yolo_match_det=1 yolo_human=1 fixed_size=0 size_reject=0
[lvdot_detector_main-7] [INFO] [1776957167.392311606] [lvdot_detector_node]: Input health: depth=227 color=246 lidar=176 pose=530 odom=530 yolo=176 depth_pose_sync=0 lidar_pose_sync=0 depth_odom_sync=0 lidar_odom_sync=0
[lvdot_detector_main-7] [INFO] [1776957167.392409572] [lvdot_detector_node]: Stage timers: detection=209 lidar_detection=150 tracking=2046 classification=2032 vis=1879
[lvdot_detector_main-7] [INFO] [1776957167.392422687] [lvdot_detector_node]: Processing phases: detection=run_core lidar_detection=run_lidar_detector/dbscan tracking=waiting_new_filtered_update classification=waiting_new_tracking_update
[lvdot_detector_main-7] [INFO] [1776957167.392432180] [lvdot_detector_node]: Pipeline stats: depth_samples=1477/71300 u_map=2 depth_boxes=0 u_map_merge=0 u_map_db=0 u_map_visual=0 u_map_fused=0 u_map_filtered=0 lidar_samples=2168/217358 uv=1 db=13 lidar=1 fused=2 filtered=2 tracks=2 dynamic=1 dyn_points=0 raw_dyn_points=0 service=0/0 split=2->0 (2 outputs) fusion_components=2 visual_only=1 lidar_only=1 yolo_in=1 yolo_match3d=1 yolo_match_det=1 yolo_human=1 fixed_size=0 size_reject=0
[uav_trajectory_controller-4] [WARN] [1776957170.041672180] [uav_trajectory_controller]: SetEntityPose request timed out after 0.87s on /world/pedestrian_prototype/set_pose; dropping the pending request and retrying.
[lvdot_detector_main-7] [INFO] [1776957174.261132248] [lvdot_detector_node]: Input health: depth=248 color=262 lidar=188 pose=578 odom=578 yolo=189 depth_pose_sync=0 lidar_pose_sync=0 depth_odom_sync=0 lidar_odom_sync=0
[lvdot_detector_main-7] [INFO] [1776957174.261216089] [lvdot_detector_node]: Stage timers: detection=215 lidar_detection=152 tracking=2226 classification=2213 vis=2029
[lvdot_detector_main-7] [INFO] [1776957174.261237373] [lvdot_detector_node]: Processing phases: detection=run_core lidar_detection=run_lidar_detector/dbscan tracking=waiting_new_filtered_update classification=waiting_new_tracking_update
[lvdot_detector_main-7] [INFO] [1776957174.261251993] [lvdot_detector_node]: Pipeline stats: depth_samples=1510/71300 u_map=0 depth_boxes=0 u_map_merge=0 u_map_db=0 u_map_visual=0 u_map_fused=0 u_map_filtered=0 lidar_samples=3119/153029 uv=0 db=7 lidar=56 fused=56 filtered=56 tracks=56 dynamic=0 dyn_points=0 raw_dyn_points=0 service=0/0 split=56->0 (56 outputs) fusion_components=56 visual_only=0 lidar_only=56 yolo_in=0 yolo_match3d=0 yolo_match_det=0 yolo_human=0 fixed_size=0 size_reject=0
[lvdot_detector_main-7] [INFO] [1776957180.272228695] [lvdot_detector_node]: Input health: depth=256 color=273 lidar=195 pose=626 odom=626 yolo=201 depth_pose_sync=0 lidar_pose_sync=0 depth_odom_sync=0 lidar_odom_sync=0
[lvdot_detector_main-7] [INFO] [1776957180.272308654] [lvdot_detector_node]: Stage timers: detection=222 lidar_detection=155 tracking=2406 classification=2394 vis=2192
[lvdot_detector_main-7] [INFO] [1776957180.272318295] [lvdot_detector_node]: Processing phases: detection=run_core lidar_detection=run_lidar_detector/project tracking=waiting_new_filtered_update classification=idle
[lvdot_detector_main-7] [INFO] [1776957180.272324821] [lvdot_detector_node]: Pipeline stats: depth_samples=1588/71300 u_map=3 depth_boxes=0 u_map_merge=0 u_map_db=0 u_map_visual=0 u_map_fused=0 u_map_filtered=0 lidar_samples=3161/171120 uv=2 db=11 lidar=66 fused=68 filtered=68 tracks=68 dynamic=3 dyn_points=0 raw_dyn_points=0 service=0/0 split=68->1 (68 outputs) fusion_components=68 visual_only=2 lidar_only=66 yolo_in=5 yolo_match3d=4 yolo_match_det=5 yolo_human=4 fixed_size=0 size_reject=1
[lvdot_detector_main-7] [INFO] [1776957186.275395383] [lvdot_detector_node]: Input health: depth=280 color=295 lidar=207 pose=672 odom=672 yolo=212 depth_pose_sync=0 lidar_pose_sync=0 depth_odom_sync=0 lidar_odom_sync=0
[lvdot_detector_main-7] [INFO] [1776957186.275566575] [lvdot_detector_node]: Stage timers: detection=229 lidar_detection=157 tracking=2576 classification=2563 vis=2335
[lvdot_detector_main-7] [INFO] [1776957186.275585205] [lvdot_detector_node]: Processing phases: detection=run_core lidar_detection=run_lidar_detector/dbscan tracking=waiting_new_filtered_update classification=waiting_new_tracking_update
[lvdot_detector_main-7] [INFO] [1776957186.275619684] [lvdot_detector_node]: Pipeline stats: depth_samples=1488/71300 u_map=3 depth_boxes=0 u_map_merge=0 u_map_db=0 u_map_visual=0 u_map_fused=0 u_map_filtered=0 lidar_samples=2635/105524 uv=1 db=15 lidar=0 fused=73 filtered=73 tracks=73 dynamic=0 dyn_points=0 raw_dyn_points=0 service=0/0 split=73->0 (73 outputs) fusion_components=73 visual_only=1 lidar_only=72 yolo_in=0 yolo_match3d=0 yolo_match_det=0 yolo_human=0 fixed_size=0 size_reject=0
[lvdot_detector_main-7] [INFO] [1776957192.259039663] [lvdot_detector_node]: Input health: depth=292 color=315 lidar=217 pose=720 odom=720 yolo=225 depth_pose_sync=0 lidar_pose_sync=0 depth_odom_sync=0 lidar_odom_sync=0
[lvdot_detector_main-7] [INFO] [1776957192.259131060] [lvdot_detector_node]: Stage timers: detection=237 lidar_detection=159 tracking=2755 classification=2741 vis=2503
[lvdot_detector_main-7] [INFO] [1776957192.259144466] [lvdot_detector_node]: Processing phases: detection=run_core lidar_detection=run_lidar_detector/dbscan tracking=waiting_new_filtered_update classification=waiting_new_tracking_update
[lvdot_detector_main-7] [INFO] [1776957192.259150925] [lvdot_detector_node]: Pipeline stats: depth_samples=1635/71300 u_map=3 depth_boxes=0 u_map_merge=0 u_map_db=0 u_map_visual=0 u_map_fused=0 u_map_filtered=0 lidar_samples=3355/164592 uv=1 db=9 lidar=33 fused=34 filtered=34 tracks=34 dynamic=0 dyn_points=0 raw_dyn_points=0 service=0/0 split=34->0 (34 outputs) fusion_components=34 visual_only=1 lidar_only=33 yolo_in=6 yolo_match3d=1 yolo_match_det=1 yolo_human=1 fixed_size=0 size_reject=1
[lvdot_detector_main-7] [INFO] [1776957198.259045901] [lvdot_detector_node]: Input health: depth=299 color=330 lidar=224 pose=766 odom=766 yolo=236 depth_pose_sync=0 lidar_pose_sync=0 depth_odom_sync=0 lidar_odom_sync=0
[lvdot_detector_main-7] [INFO] [1776957198.259131527] [lvdot_detector_node]: Stage timers: detection=243 lidar_detection=161 tracking=2929 classification=2916 vis=2647
[lvdot_detector_main-7] [INFO] [1776957198.259141802] [lvdot_detector_node]: Processing phases: detection=run_core lidar_detection=run_lidar_detector/dbscan tracking=waiting_new_filtered_update classification=waiting_new_tracking_update
[lvdot_detector_main-7] [INFO] [1776957198.259148065] [lvdot_detector_node]: Pipeline stats: depth_samples=1539/71300 u_map=3 depth_boxes=0 u_map_merge=0 u_map_db=0 u_map_visual=0 u_map_fused=0 u_map_filtered=0 lidar_samples=3356/125555 uv=0 db=14 lidar=16 fused=16 filtered=16 tracks=16 dynamic=0 dyn_points=0 raw_dyn_points=0 service=0/0 split=16->0 (16 outputs) fusion_components=16 visual_only=0 lidar_only=16 yolo_in=1 yolo_match3d=0 yolo_match_det=0 yolo_human=0 fixed_size=0 size_reject=0
[lvdot_detector_main-7] [INFO] [1776957200.336264160] [lvdot_detector_node]: get_dynamic_obstacles responded with 2 obstacles from 2 tracked dynamic boxes.
[lvdot_detector_main-7] [INFO] [1776957205.140187111] [lvdot_detector_node]: Input health: depth=314 color=350 lidar=228 pose=814 odom=814 yolo=246 depth_pose_sync=0 lidar_pose_sync=0 depth_odom_sync=0 lidar_odom_sync=0
[lvdot_detector_main-7] [INFO] [1776957205.141502266] [lvdot_detector_node]: Stage timers: detection=250 lidar_detection=167 tracking=3111 classification=3097 vis=2795
[lvdot_detector_main-7] [INFO] [1776957205.142163709] [lvdot_detector_node]: Processing phases: detection=run_core lidar_detection=waiting_new_lidar tracking=waiting_new_filtered_update classification=waiting_new_tracking_update
[lvdot_detector_main-7] [INFO] [1776957205.142729896] [lvdot_detector_node]: Pipeline stats: depth_samples=1413/71300 u_map=2 depth_boxes=0 u_map_merge=0 u_map_db=0 u_map_visual=0 u_map_fused=0 u_map_filtered=0 lidar_samples=3072/125420 uv=1 db=8 lidar=14 fused=14 filtered=14 tracks=14 dynamic=0 dyn_points=0 raw_dyn_points=0 service=1/2 split=14->0 (14 outputs) fusion_components=14 visual_only=0 lidar_only=13 yolo_in=1 yolo_match3d=0 yolo_match_det=0 yolo_human=0 fixed_size=0 size_reject=0
[lvdot_detector_main-7] [INFO] [1776957211.131041706] [lvdot_detector_node]: Input health: depth=338 color=369 lidar=239 pose=862 odom=862 yolo=258 depth_pose_sync=0 lidar_pose_sync=0 depth_odom_sync=0 lidar_odom_sync=0
[lvdot_detector_main-7] [INFO] [1776957211.131327477] [lvdot_detector_node]: Stage timers: detection=257 lidar_detection=173 tracking=3290 classification=3277 vis=2957
[lvdot_detector_main-7] [INFO] [1776957211.131363174] [lvdot_detector_node]: Processing phases: detection=run_core lidar_detection=run_lidar_detector/project tracking=waiting_new_filtered_update classification=waiting_new_tracking_update
[lvdot_detector_main-7] [INFO] [1776957211.131382245] [lvdot_detector_node]: Pipeline stats: depth_samples=1600/71300 u_map=3 depth_boxes=0 u_map_merge=0 u_map_db=0 u_map_visual=0 u_map_fused=0 u_map_filtered=0 lidar_samples=3414/107920 uv=1 db=8 lidar=4 fused=63 filtered=63 tracks=63 dynamic=0 dyn_points=0 raw_dyn_points=0 service=1/2 split=63->0 (63 outputs) fusion_components=63 visual_only=1 lidar_only=62 yolo_in=0 yolo_match3d=0 yolo_match_det=0 yolo_human=0 fixed_size=0 size_reject=0
