[INFO] [launch]: All log files can be found below /home/skbt2/.ros/log/2026-04-23-18-58-12-630607-DESKTOP-90MQDL6-90204
[INFO] [launch]: Default logging verbosity is set to INFO
[INFO] [gazebo-1]: process started with pid [90248]
[INFO] [parameter_bridge-2]: process started with pid [90249]
[INFO] [pedestrian_state_publisher-3]: process started with pid [90250]
[INFO] [uav_trajectory_controller-4]: process started with pid [90251]
[INFO] [image_pointcloud_relay-5]: process started with pid [90252]
[INFO] [lvdot_yolo_node-6]: process started with pid [90253]
[INFO] [lvdot_detector_main-7]: process started with pid [90254]
[parameter_bridge-2] [INFO] [1776941892.898250619] [ros_gz_bridge]: Creating GZ->ROS Bridge: [/rgbd_camera/image (gz.msgs.Image) -> /rgbd_camera/image (sensor_msgs/msg/Image)] (Lazy 0)
[parameter_bridge-2] [INFO] [1776941892.904763515] [ros_gz_bridge]: Creating GZ->ROS Bridge: [/rgbd_camera/camera_info (gz.msgs.CameraInfo) -> /rgbd_camera/camera_info (sensor_msgs/msg/CameraInfo)] (Lazy 0)
[parameter_bridge-2] [INFO] [1776941892.906490365] [ros_gz_bridge]: Creating GZ->ROS Bridge: [/rgbd_camera/depth_image (gz.msgs.Image) -> /rgbd_camera/depth_image (sensor_msgs/msg/Image)] (Lazy 0)
[parameter_bridge-2] [INFO] [1776941892.907373833] [ros_gz_bridge]: Creating GZ->ROS Bridge: [/rgbd_camera/points (gz.msgs.PointCloudPacked) -> /rgbd_camera/points (sensor_msgs/msg/PointCloud2)] (Lazy 0)
[parameter_bridge-2] [INFO] [1776941892.908721062] [ros_gz_bridge]: Creating GZ->ROS Bridge: [/camera/imu (gz.msgs.IMU) -> /camera/imu (sensor_msgs/msg/Imu)] (Lazy 0)
[parameter_bridge-2] [INFO] [1776941892.910157490] [ros_gz_bridge]: Creating ROS->GZ service bridge [/world/pedestrian_prototype/set_pose (ros_gz_interfaces/srv/SetEntityPose -> /)]
[parameter_bridge-2] [INFO] [1776941892.912481058] [ros_gz_bridge]: Creating ROS->GZ service bridge [/world/pedestrian_prototype/set_pose/blocking (ros_gz_interfaces/srv/SetEntityPose -> /)]
[lvdot_detector_main-7] [INFO] [1776941893.086578582] [lvdot_detector_node]: Config loaded: localization_mode=0 dt=0.033 image=640x480 depth_range=[0.20, 12.00] stage_timers=true
[lvdot_detector_main-7] [INFO] [1776941893.125758551] [lvdot_detector_node]: LV-DOT ROS2 skeleton started. depth=/camera/depth/image_rect_raw color=/camera/color/image_raw lidar=/rgbd_camera/points pose=/mavros/local_position/pose odom=/mavros/local_position/odom yolo=/yolo_detector/detected_bounding_boxes
[gazebo-1] [INFO] [1776941894.096661483] [pedestrian_pose_sync_system]: Configured pedestrian pose sync plugin on topic [/pedestrian_sim/agent_states] for 8 models.
[uav_trajectory_controller-4] [WARN] [1776941894.544554008] [uav_trajectory_controller]: SetEntityPose request timed out after 0.62s on /world/pedestrian_prototype/set_pose/blocking; dropping the pending request and retrying.
[uav_trajectory_controller-4] [WARN] [1776941894.545202174] [uav_trajectory_controller]: Falling back from /world/pedestrian_prototype/set_pose/blocking to /world/pedestrian_prototype/set_pose.
[lvdot_detector_main-7] [INFO] [1776941895.126124867] [lvdot_detector_node]: Input health: depth=0 color=0 lidar=0 pose=0 odom=0 yolo=0 depth_pose_sync=0 lidar_pose_sync=0 depth_odom_sync=0 lidar_odom_sync=0
[lvdot_detector_main-7] [INFO] [1776941895.126230714] [lvdot_detector_node]: Stage timers: detection=60 lidar_detection=60 tracking=60 classification=60 vis=60
[lvdot_detector_main-7] [INFO] [1776941895.126245976] [lvdot_detector_node]: Processing phases: detection=waiting_sensor_pose lidar_detection=waiting_new_lidar tracking=waiting_filtered_bboxes classification=idle
[lvdot_detector_main-7] [INFO] [1776941895.126253509] [lvdot_detector_node]: Pipeline stats: depth_samples=0/0 u_map=0 depth_boxes=0 u_map_merge=0 u_map_db=0 u_map_visual=0 u_map_fused=0 u_map_filtered=0 lidar_samples=0/0 uv=0 db=0 lidar=0 fused=0 filtered=0 tracks=0 dynamic=0 dyn_points=0 raw_dyn_points=0 service=0/0 split=0->0 (0 outputs) fusion_components=0 visual_only=0 lidar_only=0 fixed_size=0 size_reject=0
[lvdot_detector_main-7] [INFO] [1776941901.133907154] [lvdot_detector_node]: Input health: depth=25 color=23 lidar=25 pose=48 odom=48 yolo=5 depth_pose_sync=0 lidar_pose_sync=0 depth_odom_sync=0 lidar_odom_sync=0
[lvdot_detector_main-7] [INFO] [1776941901.133990206] [lvdot_detector_node]: Stage timers: detection=140 lidar_detection=134 tracking=242 classification=241 vis=242
[lvdot_detector_main-7] [INFO] [1776941901.134007847] [lvdot_detector_node]: Processing phases: detection=run_core lidar_detection=run_lidar_detector/dbscan tracking=idle classification=idle
[lvdot_detector_main-7] [INFO] [1776941901.134020236] [lvdot_detector_node]: Pipeline stats: depth_samples=193/71300 u_map=3 depth_boxes=0 u_map_merge=0 u_map_db=0 u_map_visual=0 u_map_fused=0 u_map_filtered=0 lidar_samples=3133/121336 uv=0 db=2 lidar=11 fused=11 filtered=11 tracks=11 dynamic=0 dyn_points=0 raw_dyn_points=0 service=0/0 split=11->0 (11 outputs) fusion_components=11 visual_only=0 lidar_only=11 fixed_size=0 size_reject=0
[lvdot_detector_main-7] [INFO] [1776941907.131989569] [lvdot_detector_node]: Input health: depth=54 color=46 lidar=48 pose=96 odom=96 yolo=15 depth_pose_sync=0 lidar_pose_sync=0 depth_odom_sync=0 lidar_odom_sync=0
[lvdot_detector_main-7] [INFO] [1776941907.132731033] [lvdot_detector_node]: Stage timers: detection=151 lidar_detection=137 tracking=359 classification=323 vis=384
[lvdot_detector_main-7] [INFO] [1776941907.132750566] [lvdot_detector_node]: Processing phases: detection=run_core lidar_detection=run_lidar_detector/project tracking=idle classification=idle
[lvdot_detector_main-7] [INFO] [1776941907.132765043] [lvdot_detector_node]: Pipeline stats: depth_samples=196/71300 u_map=3 depth_boxes=0 u_map_merge=0 u_map_db=0 u_map_visual=0 u_map_fused=0 u_map_filtered=0 lidar_samples=2520/198108 uv=0 db=2 lidar=1 fused=1 filtered=1 tracks=1 dynamic=0 dyn_points=0 raw_dyn_points=0 service=0/0 split=1->0 (1 outputs) fusion_components=1 visual_only=0 lidar_only=1 fixed_size=0 size_reject=0
[lvdot_detector_main-7] [INFO] [1776941913.127527392] [lvdot_detector_node]: Input health: depth=98 color=81 lidar=90 pose=144 odom=144 yolo=25 depth_pose_sync=0 lidar_pose_sync=0 depth_odom_sync=0 lidar_odom_sync=0
[lvdot_detector_main-7] [INFO] [1776941913.127594300] [lvdot_detector_node]: Stage timers: detection=163 lidar_detection=139 tracking=523 classification=477 vis=521
[lvdot_detector_main-7] [INFO] [1776941913.127609565] [lvdot_detector_node]: Processing phases: detection=run_core lidar_detection=run_lidar_detector/dbscan tracking=idle classification=idle
[lvdot_detector_main-7] [INFO] [1776941913.127652188] [lvdot_detector_node]: Pipeline stats: depth_samples=125/71300 u_map=0 depth_boxes=0 u_map_merge=0 u_map_db=0 u_map_visual=0 u_map_fused=0 u_map_filtered=0 lidar_samples=3402/107911 uv=0 db=2 lidar=2 fused=2 filtered=2 tracks=2 dynamic=0 dyn_points=0 raw_dyn_points=0 service=0/0 split=2->0 (2 outputs) fusion_components=2 visual_only=0 lidar_only=2 fixed_size=0 size_reject=0
[lvdot_detector_main-7] [INFO] [1776941919.146526363] [lvdot_detector_node]: Input health: depth=122 color=105 lidar=112 pose=192 odom=192 yolo=37 depth_pose_sync=0 lidar_pose_sync=0 depth_odom_sync=0 lidar_odom_sync=0
[lvdot_detector_main-7] [INFO] [1776941919.146633793] [lvdot_detector_node]: Stage timers: detection=177 lidar_detection=141 tracking=703 classification=649 vis=696
[lvdot_detector_main-7] [INFO] [1776941919.146661543] [lvdot_detector_node]: Processing phases: detection=run_core lidar_detection=run_lidar_detector/dbscan tracking=idle classification=build_input
[lvdot_detector_main-7] [INFO] [1776941919.146674228] [lvdot_detector_node]: Pipeline stats: depth_samples=227/71300 u_map=5 depth_boxes=0 u_map_merge=0 u_map_db=0 u_map_visual=0 u_map_fused=0 u_map_filtered=0 lidar_samples=3432/117900 uv=0 db=2 lidar=15 fused=15 filtered=15 tracks=15 dynamic=0 dyn_points=0 raw_dyn_points=0 service=0/0 split=15->0 (15 outputs) fusion_components=15 visual_only=0 lidar_only=15 fixed_size=15 size_reject=0
[lvdot_detector_main-7] [INFO] [1776941925.130131185] [lvdot_detector_node]: Input health: depth=154 color=131 lidar=142 pose=240 odom=240 yolo=49 depth_pose_sync=0 lidar_pose_sync=0 depth_odom_sync=0 lidar_odom_sync=0
[lvdot_detector_main-7] [INFO] [1776941925.130211354] [lvdot_detector_node]: Stage timers: detection=188 lidar_detection=144 tracking=857 classification=757 vis=830
[lvdot_detector_main-7] [INFO] [1776941925.130224379] [lvdot_detector_node]: Processing phases: detection=run_core lidar_detection=run_lidar_detector/downsample tracking=idle classification=idle
[lvdot_detector_main-7] [INFO] [1776941925.130235385] [lvdot_detector_node]: Pipeline stats: depth_samples=110/71300 u_map=2 depth_boxes=0 u_map_merge=0 u_map_db=0 u_map_visual=0 u_map_fused=0 u_map_filtered=0 lidar_samples=2715/189219 uv=0 db=1 lidar=3 fused=18 filtered=18 tracks=18 dynamic=0 dyn_points=0 raw_dyn_points=0 service=0/0 split=18->0 (18 outputs) fusion_components=18 visual_only=0 lidar_only=18 fixed_size=0 size_reject=0
[lvdot_detector_main-7] [INFO] [1776941931.127201772] [lvdot_detector_node]: Input health: depth=202 color=180 lidar=184 pose=288 odom=288 yolo=60 depth_pose_sync=0 lidar_pose_sync=0 depth_odom_sync=0 lidar_odom_sync=0
[lvdot_detector_main-7] [INFO] [1776941931.127260437] [lvdot_detector_node]: Stage timers: detection=201 lidar_detection=146 tracking=1000 classification=893 vis=981
[lvdot_detector_main-7] [INFO] [1776941931.127271431] [lvdot_detector_node]: Processing phases: detection=run_core lidar_detection=run_lidar_detector/dbscan tracking=idle classification=idle
[lvdot_detector_main-7] [INFO] [1776941931.127280525] [lvdot_detector_node]: Pipeline stats: depth_samples=125/71300 u_map=1 depth_boxes=0 u_map_merge=0 u_map_db=0 u_map_visual=0 u_map_fused=0 u_map_filtered=0 lidar_samples=3388/107848 uv=0 db=2 lidar=8 fused=8 filtered=8 tracks=8 dynamic=0 dyn_points=0 raw_dyn_points=0 service=0/0 split=8->0 (8 outputs) fusion_components=8 visual_only=0 lidar_only=8 fixed_size=8 size_reject=0
[lvdot_detector_main-7] [INFO] [1776941937.128474142] [lvdot_detector_node]: Input health: depth=221 color=199 lidar=205 pose=336 odom=336 yolo=72 depth_pose_sync=0 lidar_pose_sync=0 depth_odom_sync=0 lidar_odom_sync=0
[lvdot_detector_main-7] [INFO] [1776941937.128548680] [lvdot_detector_node]: Stage timers: detection=214 lidar_detection=149 tracking=1176 classification=1046 vis=1149
[lvdot_detector_main-7] [INFO] [1776941937.128564702] [lvdot_detector_node]: Processing phases: detection=run_core lidar_detection=run_lidar_detector/project tracking=idle classification=run_core
[lvdot_detector_main-7] [INFO] [1776941937.128578236] [lvdot_detector_node]: Pipeline stats: depth_samples=232/71300 u_map=5 depth_boxes=0 u_map_merge=0 u_map_db=0 u_map_visual=0 u_map_fused=0 u_map_filtered=0 lidar_samples=3416/126616 uv=0 db=4 lidar=26 fused=15 filtered=15 tracks=15 dynamic=0 dyn_points=0 raw_dyn_points=0 service=0/0 split=15->0 (15 outputs) fusion_components=15 visual_only=0 lidar_only=15 fixed_size=3 size_reject=0
[lvdot_detector_main-7] [INFO] [1776941943.137909004] [lvdot_detector_node]: Input health: depth=264 color=236 lidar=245 pose=384 odom=384 yolo=84 depth_pose_sync=0 lidar_pose_sync=0 depth_odom_sync=0 lidar_odom_sync=0
[lvdot_detector_main-7] [INFO] [1776941943.137987145] [lvdot_detector_node]: Stage timers: detection=226 lidar_detection=152 tracking=1337 classification=1178 vis=1302
[lvdot_detector_main-7] [INFO] [1776941943.137996776] [lvdot_detector_node]: Processing phases: detection=run_core lidar_detection=run_lidar_detector/project tracking=idle classification=idle
[lvdot_detector_main-7] [INFO] [1776941943.138003826] [lvdot_detector_node]: Pipeline stats: depth_samples=110/71300 u_map=2 depth_boxes=0 u_map_merge=0 u_map_db=0 u_map_visual=0 u_map_fused=0 u_map_filtered=0 lidar_samples=3141/178440 uv=0 db=1 lidar=3 fused=3 filtered=3 tracks=3 dynamic=0 dyn_points=0 raw_dyn_points=0 service=0/0 split=3->0 (3 outputs) fusion_components=3 visual_only=0 lidar_only=3 fixed_size=3 size_reject=0
[lvdot_detector_main-7] [INFO] [1776941949.128705293] [lvdot_detector_node]: Input health: depth=323 color=283 lidar=303 pose=432 odom=432 yolo=95 depth_pose_sync=0 lidar_pose_sync=0 depth_odom_sync=0 lidar_odom_sync=0
[lvdot_detector_main-7] [INFO] [1776941949.128810343] [lvdot_detector_node]: Stage timers: detection=240 lidar_detection=154 tracking=1518 classification=1358 vis=1478
[lvdot_detector_main-7] [INFO] [1776941949.128822941] [lvdot_detector_node]: Processing phases: detection=run_core lidar_detection=run_lidar_detector/dbscan tracking=idle classification=idle
[lvdot_detector_main-7] [INFO] [1776941949.128832563] [lvdot_detector_node]: Pipeline stats: depth_samples=125/71300 u_map=2 depth_boxes=0 u_map_merge=0 u_map_db=0 u_map_visual=0 u_map_fused=0 u_map_filtered=0 lidar_samples=3376/107997 uv=0 db=2 lidar=7 fused=7 filtered=7 tracks=7 dynamic=0 dyn_points=0 raw_dyn_points=0 service=0/0 split=7->0 (7 outputs) fusion_components=7 visual_only=0 lidar_only=7 fixed_size=7 size_reject=0
[lvdot_detector_main-7] [INFO] [1776941955.150579510] [lvdot_detector_node]: Input health: depth=344 color=302 lidar=321 pose=480 odom=480 yolo=107 depth_pose_sync=0 lidar_pose_sync=0 depth_odom_sync=0 lidar_odom_sync=0
[lvdot_detector_main-7] [INFO] [1776941955.150703557] [lvdot_detector_node]: Stage timers: detection=253 lidar_detection=157 tracking=1694 classification=1496 vis=1634
[lvdot_detector_main-7] [INFO] [1776941955.150722336] [lvdot_detector_node]: Processing phases: detection=run_core lidar_detection=run_lidar_detector/project tracking=idle classification=build_input
[lvdot_detector_main-7] [INFO] [1776941955.150734721] [lvdot_detector_node]: Pipeline stats: depth_samples=240/71300 u_map=4 depth_boxes=0 u_map_merge=0 u_map_db=0 u_map_visual=0 u_map_fused=0 u_map_filtered=0 lidar_samples=3482/126580 uv=0 db=3 lidar=21 fused=21 filtered=21 tracks=21 dynamic=0 dyn_points=0 raw_dyn_points=0 service=0/0 split=21->0 (21 outputs) fusion_components=21 visual_only=0 lidar_only=21 fixed_size=5 size_reject=0
[lvdot_detector_main-7] [INFO] [1776941961.133873045] [lvdot_detector_node]: Input health: depth=376 color=333 lidar=351 pose=528 odom=528 yolo=119 depth_pose_sync=0 lidar_pose_sync=0 depth_odom_sync=0 lidar_odom_sync=0
[lvdot_detector_main-7] [INFO] [1776941961.133969922] [lvdot_detector_node]: Stage timers: detection=265 lidar_detection=159 tracking=1851 classification=1631 vis=1766
[lvdot_detector_main-7] [INFO] [1776941961.133980541] [lvdot_detector_node]: Processing phases: detection=run_core lidar_detection=run_lidar_detector/dbscan tracking=idle classification=run_core
[lvdot_detector_main-7] [INFO] [1776941961.133987954] [lvdot_detector_node]: Pipeline stats: depth_samples=110/71300 u_map=1 depth_boxes=0 u_map_merge=0 u_map_db=0 u_map_visual=0 u_map_fused=0 u_map_filtered=0 lidar_samples=2221/219427 uv=0 db=1 lidar=1 fused=1 filtered=1 tracks=1 dynamic=0 dyn_points=0 raw_dyn_points=0 service=0/0 split=1->0 (1 outputs) fusion_components=1 visual_only=0 lidar_only=1 fixed_size=1 size_reject=0
[lvdot_detector_main-7] [INFO] [1776941967.157655953] [lvdot_detector_node]: Input health: depth=411 color=364 lidar=383 pose=576 odom=576 yolo=130 depth_pose_sync=0 lidar_pose_sync=0 depth_odom_sync=0 lidar_odom_sync=0
[lvdot_detector_main-7] [INFO] [1776941967.157746406] [lvdot_detector_node]: Stage timers: detection=277 lidar_detection=162 tracking=1986 classification=1767 vis=1924
[lvdot_detector_main-7] [INFO] [1776941967.157764337] [lvdot_detector_node]: Processing phases: detection=run_core lidar_detection=run_lidar_detector/project tracking=idle classification=build_input
[lvdot_detector_main-7] [INFO] [1776941967.157773800] [lvdot_detector_node]: Pipeline stats: depth_samples=125/71300 u_map=3 depth_boxes=0 u_map_merge=0 u_map_db=0 u_map_visual=0 u_map_fused=0 u_map_filtered=0 lidar_samples=3325/143221 uv=0 db=2 lidar=73 fused=75 filtered=75 tracks=75 dynamic=0 dyn_points=0 raw_dyn_points=0 service=0/0 split=75->0 (75 outputs) fusion_components=75 visual_only=0 lidar_only=75 fixed_size=18 size_reject=0
[lvdot_detector_main-7] [INFO] [1776941973.183716263] [lvdot_detector_node]: Input health: depth=427 color=381 lidar=401 pose=624 odom=624 yolo=140 depth_pose_sync=0 lidar_pose_sync=0 depth_odom_sync=0 lidar_odom_sync=0
[lvdot_detector_main-7] [INFO] [1776941973.183783026] [lvdot_detector_node]: Stage timers: detection=289 lidar_detection=164 tracking=2104 classification=1859 vis=2059
[lvdot_detector_main-7] [INFO] [1776941973.183793657] [lvdot_detector_node]: Processing phases: detection=run_core lidar_detection=run_lidar_detector/dbscan tracking=idle classification=run_core
[lvdot_detector_main-7] [INFO] [1776941973.183802598] [lvdot_detector_node]: Pipeline stats: depth_samples=150/71300 u_map=3 depth_boxes=0 u_map_merge=0 u_map_db=0 u_map_visual=0 u_map_fused=0 u_map_filtered=0 lidar_samples=3275/162871 uv=0 db=4 lidar=64 fused=64 filtered=64 tracks=64 dynamic=0 dyn_points=0 raw_dyn_points=0 service=0/0 split=64->0 (64 outputs) fusion_components=64 visual_only=0 lidar_only=64 fixed_size=8 size_reject=0
[lvdot_detector_main-7] [INFO] [1776941979.152190892] [lvdot_detector_node]: Input health: depth=463 color=408 lidar=427 pose=672 odom=672 yolo=151 depth_pose_sync=0 lidar_pose_sync=0 depth_odom_sync=0 lidar_odom_sync=0
[lvdot_detector_main-7] [INFO] [1776941979.152259649] [lvdot_detector_node]: Stage timers: detection=301 lidar_detection=166 tracking=2226 classification=1938 vis=2186
[lvdot_detector_main-7] [INFO] [1776941979.152272944] [lvdot_detector_node]: Processing phases: detection=run_core lidar_detection=run_lidar_detector/dbscan tracking=idle classification=idle
[lvdot_detector_main-7] [INFO] [1776941979.152282568] [lvdot_detector_node]: Pipeline stats: depth_samples=110/71300 u_map=2 depth_boxes=0 u_map_merge=0 u_map_db=0 u_map_visual=0 u_map_fused=0 u_map_filtered=0 lidar_samples=2982/136773 uv=0 db=1 lidar=18 fused=18 filtered=18 tracks=18 dynamic=0 dyn_points=0 raw_dyn_points=0 service=0/0 split=18->0 (18 outputs) fusion_components=18 visual_only=0 lidar_only=18 fixed_size=18 size_reject=0
[lvdot_detector_main-7] [INFO] [1776941985.131508570] [lvdot_detector_node]: Input health: depth=506 color=445 lidar=462 pose=720 odom=720 yolo=162 depth_pose_sync=0 lidar_pose_sync=0 depth_odom_sync=0 lidar_odom_sync=0
[lvdot_detector_main-7] [INFO] [1776941985.131596476] [lvdot_detector_node]: Stage timers: detection=314 lidar_detection=169 tracking=2375 classification=2066 vis=2344
[lvdot_detector_main-7] [INFO] [1776941985.131611384] [lvdot_detector_node]: Processing phases: detection=run_core lidar_detection=run_lidar_detector/dbscan tracking=idle classification=idle
[lvdot_detector_main-7] [INFO] [1776941985.131622899] [lvdot_detector_node]: Pipeline stats: depth_samples=169/71300 u_map=3 depth_boxes=0 u_map_merge=0 u_map_db=0 u_map_visual=0 u_map_fused=0 u_map_filtered=0 lidar_samples=3341/107909 uv=0 db=3 lidar=5 fused=5 filtered=5 tracks=5 dynamic=0 dyn_points=0 raw_dyn_points=0 service=0/0 split=5->0 (5 outputs) fusion_components=5 visual_only=0 lidar_only=5 fixed_size=0 size_reject=0
[lvdot_detector_main-7] [INFO] [1776941991.206601265] [lvdot_detector_node]: Input health: depth=530 color=466 lidar=483 pose=768 odom=768 yolo=172 depth_pose_sync=0 lidar_pose_sync=0 depth_odom_sync=0 lidar_odom_sync=0
[lvdot_detector_main-7] [INFO] [1776941991.207425180] [lvdot_detector_node]: Stage timers: detection=326 lidar_detection=171 tracking=2472 classification=2162 vis=2480
[lvdot_detector_main-7] [INFO] [1776941991.208334036] [lvdot_detector_node]: Processing phases: detection=run_core lidar_detection=run_lidar_detector/dbscan tracking=run_core classification=idle
[lvdot_detector_main-7] [INFO] [1776941991.210682552] [lvdot_detector_node]: Pipeline stats: depth_samples=129/71300 u_map=2 depth_boxes=0 u_map_merge=0 u_map_db=0 u_map_visual=0 u_map_fused=0 u_map_filtered=0 lidar_samples=3256/167617 uv=0 db=1 lidar=80 fused=80 filtered=80 tracks=80 dynamic=0 dyn_points=0 raw_dyn_points=0 service=0/0 split=80->0 (80 outputs) fusion_components=80 visual_only=0 lidar_only=80 fixed_size=0 size_reject=0
[lvdot_detector_main-7] [INFO] [1776941997.132502783] [lvdot_detector_node]: Input health: depth=553 color=491 lidar=501 pose=816 odom=816 yolo=181 depth_pose_sync=0 lidar_pose_sync=0 depth_odom_sync=0 lidar_odom_sync=0
[lvdot_detector_main-7] [INFO] [1776941997.135247167] [lvdot_detector_node]: Stage timers: detection=337 lidar_detection=173 tracking=2609 classification=2267 vis=2599
[lvdot_detector_main-7] [INFO] [1776941997.135294992] [lvdot_detector_node]: Processing phases: detection=run_core lidar_detection=run_lidar_detector/dbscan tracking=idle classification=run_core
[lvdot_detector_main-7] [INFO] [1776941997.135303978] [lvdot_detector_node]: Pipeline stats: depth_samples=181/71300 u_map=1 depth_boxes=0 u_map_merge=0 u_map_db=0 u_map_visual=0 u_map_fused=0 u_map_filtered=0 lidar_samples=2373/203203 uv=1 db=1 lidar=2 fused=3 filtered=3 tracks=3 dynamic=1 dyn_points=101 raw_dyn_points=0 service=0/0 split=3->0 (3 outputs) fusion_components=3 visual_only=1 lidar_only=2 fixed_size=2 size_reject=0
[lvdot_detector_main-7] [INFO] [1776942003.134906002] [lvdot_detector_node]: Input health: depth=590 color=523 lidar=532 pose=864 odom=864 yolo=192 depth_pose_sync=0 lidar_pose_sync=0 depth_odom_sync=0 lidar_odom_sync=0
[lvdot_detector_main-7] [INFO] [1776942003.136038250] [lvdot_detector_node]: Stage timers: detection=350 lidar_detection=176 tracking=2786 classification=2445 vis=2768
[lvdot_detector_main-7] [INFO] [1776942003.136699739] [lvdot_detector_node]: Processing phases: detection=run_core lidar_detection=run_lidar_detector/dbscan tracking=idle classification=idle
[lvdot_detector_main-7] [INFO] [1776942003.137516257] [lvdot_detector_node]: Pipeline stats: depth_samples=125/71300 u_map=2 depth_boxes=0 u_map_merge=0 u_map_db=0 u_map_visual=0 u_map_fused=0 u_map_filtered=0 lidar_samples=3406/108153 uv=0 db=2 lidar=5 fused=5 filtered=5 tracks=5 dynamic=0 dyn_points=0 raw_dyn_points=0 service=0/0 split=5->0 (5 outputs) fusion_components=5 visual_only=0 lidar_only=5 fixed_size=5 size_reject=0
[lvdot_detector_main-7] [INFO] [1776942009.142010091] [lvdot_detector_node]: Input health: depth=606 color=536 lidar=547 pose=912 odom=912 yolo=198 depth_pose_sync=0 lidar_pose_sync=0 depth_odom_sync=0 lidar_odom_sync=0
[lvdot_detector_main-7] [INFO] [1776942009.142077485] [lvdot_detector_node]: Stage timers: detection=363 lidar_detection=179 tracking=2961 classification=2592 vis=2921
[lvdot_detector_main-7] [INFO] [1776942009.142088205] [lvdot_detector_node]: Processing phases: detection=run_core lidar_detection=run_lidar_detector/project tracking=idle classification=run_core
[lvdot_detector_main-7] [INFO] [1776942009.142096939] [lvdot_detector_node]: Pipeline stats: depth_samples=129/71300 u_map=5 depth_boxes=0 u_map_merge=0 u_map_db=0 u_map_visual=0 u_map_fused=0 u_map_filtered=0 lidar_samples=2995/170605 uv=0 db=1 lidar=13 fused=13 filtered=13 tracks=13 dynamic=0 dyn_points=0 raw_dyn_points=0 service=0/0 split=13->0 (13 outputs) fusion_components=13 visual_only=0 lidar_only=13 fixed_size=2 size_reject=0
[lvdot_detector_main-7] [INFO] [1776942015.169837467] [lvdot_detector_node]: Input health: depth=630 color=560 lidar=564 pose=960 odom=960 yolo=205 depth_pose_sync=0 lidar_pose_sync=0 depth_odom_sync=0 lidar_odom_sync=0
[lvdot_detector_main-7] [INFO] [1776942015.170777992] [lvdot_detector_node]: Stage timers: detection=374 lidar_detection=181 tracking=3072 classification=2657 vis=3020
[lvdot_detector_main-7] [INFO] [1776942015.170799309] [lvdot_detector_node]: Processing phases: detection=run_core lidar_detection=run_lidar_detector/project tracking=idle classification=run_core
[lvdot_detector_main-7] [INFO] [1776942015.170808827] [lvdot_detector_node]: Pipeline stats: depth_samples=155/71300 u_map=1 depth_boxes=0 u_map_merge=0 u_map_db=0 u_map_visual=0 u_map_fused=0 u_map_filtered=0 lidar_samples=3042/124651 uv=0 db=1 lidar=14 fused=77 filtered=77 tracks=77 dynamic=0 dyn_points=0 raw_dyn_points=0 service=0/0 split=77->0 (77 outputs) fusion_components=77 visual_only=0 lidar_only=77 fixed_size=0 size_reject=0
[lvdot_detector_main-7] [INFO] [1776942021.181586854] [lvdot_detector_node]: Input health: depth=648 color=577 lidar=578 pose=1008 odom=1008 yolo=211 depth_pose_sync=0 lidar_pose_sync=0 depth_odom_sync=0 lidar_odom_sync=0
[lvdot_detector_main-7] [INFO] [1776942021.181700436] [lvdot_detector_node]: Stage timers: detection=385 lidar_detection=183 tracking=3175 classification=2720 vis=3136
[lvdot_detector_main-7] [INFO] [1776942021.181724327] [lvdot_detector_node]: Processing phases: detection=run_core lidar_detection=run_lidar_detector/project tracking=idle classification=idle
[lvdot_detector_main-7] [INFO] [1776942021.181739006] [lvdot_detector_node]: Pipeline stats: depth_samples=199/71300 u_map=2 depth_boxes=0 u_map_merge=0 u_map_db=0 u_map_visual=0 u_map_fused=0 u_map_filtered=0 lidar_samples=3409/108204 uv=1 db=2 lidar=5 fused=6 filtered=6 tracks=63 dynamic=0 dyn_points=0 raw_dyn_points=0 service=0/0 split=6->0 (6 outputs) fusion_components=6 visual_only=1 lidar_only=5 fixed_size=63 size_reject=0
[lvdot_detector_main-7] [INFO] [1776942027.126897320] [lvdot_detector_node]: Input health: depth=663 color=588 lidar=590 pose=1056 odom=1056 yolo=217 depth_pose_sync=0 lidar_pose_sync=0 depth_odom_sync=0 lidar_odom_sync=0
[lvdot_detector_main-7] [INFO] [1776942027.127001861] [lvdot_detector_node]: Stage timers: detection=396 lidar_detection=185 tracking=3345 classification=2853 vis=3286
[lvdot_detector_main-7] [INFO] [1776942027.127018168] [lvdot_detector_node]: Processing phases: detection=run_core lidar_detection=run_lidar_detector/dbscan tracking=idle classification=run_core
[lvdot_detector_main-7] [INFO] [1776942027.127030073] [lvdot_detector_node]: Pipeline stats: depth_samples=126/71300 u_map=3 depth_boxes=0 u_map_merge=0 u_map_db=0 u_map_visual=0 u_map_fused=0 u_map_filtered=0 lidar_samples=2986/132666 uv=0 db=1 lidar=22 fused=22 filtered=22 tracks=22 dynamic=0 dyn_points=0 raw_dyn_points=0 service=0/0 split=22->0 (22 outputs) fusion_components=22 visual_only=0 lidar_only=22 fixed_size=22 size_reject=0
[lvdot_detector_main-7] [INFO] [1776942031.885818232] [lvdot_detector_node]: get_dynamic_obstacles responded with 0 obstacles from 0 tracked dynamic boxes.
