[INFO] [launch]: All log files can be found below /home/skbt2/.ros/log/2026-04-24-00-01-14-151077-DESKTOP-90MQDL6-222669
[INFO] [launch]: Default logging verbosity is set to INFO
[INFO] [gazebo-1]: process started with pid [222714]
[INFO] [parameter_bridge-2]: process started with pid [222715]
[INFO] [pedestrian_state_publisher-3]: process started with pid [222716]
[INFO] [uav_trajectory_controller-4]: process started with pid [222717]
[INFO] [image_pointcloud_relay-5]: process started with pid [222718]
[INFO] [image_pointcloud_relay-6]: process started with pid [222719]
[INFO] [lvdot_yolo_node-7]: process started with pid [222720]
[INFO] [lvdot_detector_main-8]: process started with pid [222721]
[parameter_bridge-2] [INFO] [1776960074.419086480] [ros_gz_bridge]: Creating GZ->ROS Bridge: [/rgbd_camera/image (gz.msgs.Image) -> /rgbd_camera/image (sensor_msgs/msg/Image)] (Lazy 0)
[parameter_bridge-2] [INFO] [1776960074.424543481] [ros_gz_bridge]: Creating GZ->ROS Bridge: [/rgbd_camera/camera_info (gz.msgs.CameraInfo) -> /rgbd_camera/camera_info (sensor_msgs/msg/CameraInfo)] (Lazy 0)
[parameter_bridge-2] [INFO] [1776960074.428540281] [ros_gz_bridge]: Creating GZ->ROS Bridge: [/rgbd_camera/depth_image (gz.msgs.Image) -> /rgbd_camera/depth_image (sensor_msgs/msg/Image)] (Lazy 0)
[parameter_bridge-2] [INFO] [1776960074.431275781] [ros_gz_bridge]: Creating GZ->ROS Bridge: [/rgbd_camera/points (gz.msgs.PointCloudPacked) -> /rgbd_camera/points (sensor_msgs/msg/PointCloud2)] (Lazy 0)
[parameter_bridge-2] [INFO] [1776960074.437997682] [ros_gz_bridge]: Creating GZ->ROS Bridge: [/camera/imu (gz.msgs.IMU) -> /camera/imu (sensor_msgs/msg/Imu)] (Lazy 0)
[parameter_bridge-2] [INFO] [1776960074.440869682] [ros_gz_bridge]: Creating ROS->GZ service bridge [/world/pedestrian_prototype/set_pose (ros_gz_interfaces/srv/SetEntityPose -> /)]
[parameter_bridge-2] [INFO] [1776960074.443177382] [ros_gz_bridge]: Creating ROS->GZ service bridge [/world/pedestrian_prototype/set_pose/blocking (ros_gz_interfaces/srv/SetEntityPose -> /)]
[lvdot_detector_main-8] [INFO] [1776960074.670957501] [lvdot_detector_node]: Config loaded: localization_mode=0 dt=0.033 image=640x480 depth_range=[0.50, 5.00] stage_timers=true
[lvdot_detector_main-8] [INFO] [1776960074.728533105] [lvdot_detector_node]: LV-DOT ROS2 skeleton started. depth=/camera/depth/image_rect_raw color=/camera/color/image_raw lidar=/pointcloud pose=/mavros/local_position/pose odom=/mavros/local_position/odom yolo=/yolo_detector/detected_bounding_boxes
[gazebo-1] [INFO] [1776960075.752000188] [pedestrian_pose_sync_system]: Configured pedestrian pose sync plugin on topic [/pedestrian_sim/agent_states] for 8 models.
[uav_trajectory_controller-4] [WARN] [1776960076.168546622] [uav_trajectory_controller]: SetEntityPose request timed out after 0.62s on /world/pedestrian_prototype/set_pose/blocking; dropping the pending request and retrying.
[uav_trajectory_controller-4] [WARN] [1776960076.169158822] [uav_trajectory_controller]: Falling back from /world/pedestrian_prototype/set_pose/blocking to /world/pedestrian_prototype/set_pose.
[lvdot_detector_main-8] [INFO] [1776960076.728912667] [lvdot_detector_node]: Input health: depth=0 color=0 lidar=0 pose=1 odom=1 yolo=0 depth_pose_sync=0 lidar_pose_sync=0 depth_odom_sync=0 lidar_odom_sync=0
[lvdot_detector_main-8] [INFO] [1776960076.729082167] [lvdot_detector_node]: Stage timers: detection=60 lidar_detection=60 tracking=60 classification=60 vis=60
[lvdot_detector_main-8] [INFO] [1776960076.729105867] [lvdot_detector_node]: Processing phases: detection=waiting_depth lidar_detection=waiting_new_lidar tracking=waiting_new_filtered_update classification=waiting_new_tracking_update
[lvdot_detector_main-8] [INFO] [1776960076.729113767] [lvdot_detector_node]: Pipeline stats: depth_samples=0/0 u_map=0 depth_boxes=0 u_map_merge=0 u_map_db=0 u_map_visual=0 u_map_fused=0 u_map_filtered=0 lidar_samples=0/0 uv=0 db=0 lidar=0 fused=0 filtered=0 tracks=0 dynamic=0 dyn_points=0 raw_dyn_points=0 service=0/0 split=0->0 (0 outputs) fusion_components=0 visual_only=0 lidar_only=0 yolo_in=0 yolo_match3d=0 yolo_match_det=0 yolo_human=0 fixed_size=0 size_reject=0
[lvdot_detector_main-8] [INFO] [1776960082.730993497] [lvdot_detector_node]: Input health: depth=11 color=23 lidar=7 pose=49 odom=49 yolo=11 depth_pose_sync=0 lidar_pose_sync=0 depth_odom_sync=0 lidar_odom_sync=0
[lvdot_detector_main-8] [INFO] [1776960082.731072397] [lvdot_detector_node]: Stage timers: detection=139 lidar_detection=136 tracking=242 classification=242 vis=241
[lvdot_detector_main-8] [INFO] [1776960082.731086297] [lvdot_detector_node]: Processing phases: detection=run_core lidar_detection=run_lidar_detector/dbscan tracking=waiting_new_filtered_update classification=waiting_new_tracking_update
[lvdot_detector_main-8] [INFO] [1776960082.731097197] [lvdot_detector_node]: Pipeline stats: depth_samples=1112/71300 u_map=3 depth_boxes=0 u_map_merge=0 u_map_db=0 u_map_visual=0 u_map_fused=0 u_map_filtered=0 lidar_samples=3197/124181 uv=1 db=13 lidar=15 fused=16 filtered=16 tracks=16 dynamic=0 dyn_points=0 raw_dyn_points=0 service=0/0 split=16->0 (16 outputs) fusion_components=16 visual_only=1 lidar_only=15 yolo_in=0 yolo_match3d=0 yolo_match_det=0 yolo_human=0 fixed_size=0 size_reject=0
[lvdot_detector_main-8] [INFO] [1776960088.737558250] [lvdot_detector_node]: Input health: depth=34 color=54 lidar=15 pose=97 odom=97 yolo=26 depth_pose_sync=0 lidar_pose_sync=0 depth_odom_sync=0 lidar_odom_sync=0
[lvdot_detector_main-8] [INFO] [1776960088.738182886] [lvdot_detector_node]: Stage timers: detection=147 lidar_detection=138 tracking=423 classification=422 vis=406
[lvdot_detector_main-8] [INFO] [1776960088.738198592] [lvdot_detector_node]: Processing phases: detection=run_core lidar_detection=run_lidar_detector/dbscan tracking=waiting_new_filtered_update classification=waiting_new_tracking_update
[lvdot_detector_main-8] [INFO] [1776960088.738210786] [lvdot_detector_node]: Pipeline stats: depth_samples=1050/68540 u_map=6 depth_boxes=0 u_map_merge=0 u_map_db=0 u_map_visual=0 u_map_fused=0 u_map_filtered=0 lidar_samples=3352/146527 uv=2 db=10 lidar=65 fused=67 filtered=67 tracks=67 dynamic=0 dyn_points=0 raw_dyn_points=0 service=0/0 split=67->1 (67 outputs) fusion_components=67 visual_only=2 lidar_only=65 yolo_in=3 yolo_match3d=1 yolo_match_det=2 yolo_human=0 fixed_size=0 size_reject=0
[lvdot_detector_main-8] [INFO] [1776960094.737664507] [lvdot_detector_node]: Input health: depth=67 color=102 lidar=22 pose=145 odom=145 yolo=45 depth_pose_sync=0 lidar_pose_sync=0 depth_odom_sync=0 lidar_odom_sync=0
[lvdot_detector_main-8] [INFO] [1776960094.737752925] [lvdot_detector_node]: Stage timers: detection=155 lidar_detection=141 tracking=600 classification=602 vis=552
[lvdot_detector_main-8] [INFO] [1776960094.737763229] [lvdot_detector_node]: Processing phases: detection=run_core lidar_detection=run_lidar_detector/project tracking=waiting_new_filtered_update classification=waiting_new_tracking_update
[lvdot_detector_main-8] [INFO] [1776960094.737770884] [lvdot_detector_node]: Pipeline stats: depth_samples=1214/71300 u_map=0 depth_boxes=0 u_map_merge=0 u_map_db=0 u_map_visual=0 u_map_fused=0 u_map_filtered=0 lidar_samples=3381/107919 uv=0 db=13 lidar=3 fused=3 filtered=3 tracks=3 dynamic=0 dyn_points=0 raw_dyn_points=0 service=0/0 split=3->0 (3 outputs) fusion_components=3 visual_only=0 lidar_only=3 yolo_in=0 yolo_match3d=0 yolo_match_det=0 yolo_human=0 fixed_size=0 size_reject=0
[lvdot_detector_main-8] [INFO] [1776960100.729059699] [lvdot_detector_node]: Input health: depth=90 color=136 lidar=35 pose=193 odom=193 yolo=66 depth_pose_sync=0 lidar_pose_sync=0 depth_odom_sync=0 lidar_odom_sync=0
[lvdot_detector_main-8] [INFO] [1776960100.729188199] [lvdot_detector_node]: Stage timers: detection=165 lidar_detection=143 tracking=781 classification=783 vis=730
[lvdot_detector_main-8] [INFO] [1776960100.729217699] [lvdot_detector_node]: Processing phases: detection=run_core lidar_detection=run_lidar_detector/dbscan tracking=waiting_new_filtered_update classification=idle
[lvdot_detector_main-8] [INFO] [1776960100.729236299] [lvdot_detector_node]: Pipeline stats: depth_samples=936/71300 u_map=3 depth_boxes=0 u_map_merge=0 u_map_db=0 u_map_visual=0 u_map_fused=0 u_map_filtered=0 lidar_samples=3422/122305 uv=2 db=8 lidar=19 fused=21 filtered=22 tracks=22 dynamic=2 dyn_points=0 raw_dyn_points=0 service=0/0 split=21->1 (22 outputs) fusion_components=21 visual_only=2 lidar_only=19 yolo_in=2 yolo_match3d=1 yolo_match_det=2 yolo_human=2 fixed_size=0 size_reject=0
[lvdot_detector_main-8] [INFO] [1776960106.728876524] [lvdot_detector_node]: Input health: depth=118 color=169 lidar=46 pose=241 odom=241 yolo=81 depth_pose_sync=0 lidar_pose_sync=0 depth_odom_sync=0 lidar_odom_sync=0
[lvdot_detector_main-8] [INFO] [1776960106.729002303] [lvdot_detector_node]: Stage timers: detection=173 lidar_detection=145 tracking=961 classification=964 vis=893
[lvdot_detector_main-8] [INFO] [1776960106.729018457] [lvdot_detector_node]: Processing phases: detection=run_core lidar_detection=run_lidar_detector/dbscan tracking=waiting_new_filtered_update classification=waiting_new_tracking_update
[lvdot_detector_main-8] [INFO] [1776960106.729030769] [lvdot_detector_node]: Pipeline stats: depth_samples=1255/71300 u_map=1 depth_boxes=0 u_map_merge=0 u_map_db=0 u_map_visual=0 u_map_fused=0 u_map_filtered=0 lidar_samples=3376/121814 uv=1 db=13 lidar=20 fused=21 filtered=21 tracks=21 dynamic=0 dyn_points=0 raw_dyn_points=0 service=0/0 split=21->0 (21 outputs) fusion_components=21 visual_only=1 lidar_only=20 yolo_in=0 yolo_match3d=0 yolo_match_det=0 yolo_human=0 fixed_size=0 size_reject=0
[lvdot_detector_main-8] [INFO] [1776960112.730705530] [lvdot_detector_node]: Input health: depth=149 color=206 lidar=51 pose=289 odom=289 yolo=95 depth_pose_sync=0 lidar_pose_sync=0 depth_odom_sync=0 lidar_odom_sync=0
[lvdot_detector_main-8] [INFO] [1776960112.730795122] [lvdot_detector_node]: Stage timers: detection=181 lidar_detection=147 tracking=1142 classification=1144 vis=1054
[lvdot_detector_main-8] [INFO] [1776960112.730812564] [lvdot_detector_node]: Processing phases: detection=run_core lidar_detection=run_lidar_detector/dbscan tracking=waiting_new_filtered_update classification=waiting_new_tracking_update
[lvdot_detector_main-8] [INFO] [1776960112.730825997] [lvdot_detector_node]: Pipeline stats: depth_samples=1214/71300 u_map=0 depth_boxes=0 u_map_merge=0 u_map_db=0 u_map_visual=0 u_map_fused=0 u_map_filtered=0 lidar_samples=3076/118302 uv=0 db=13 lidar=5 fused=5 filtered=5 tracks=5 dynamic=0 dyn_points=0 raw_dyn_points=0 service=0/0 split=5->0 (5 outputs) fusion_components=5 visual_only=0 lidar_only=5 yolo_in=0 yolo_match3d=0 yolo_match_det=0 yolo_human=0 fixed_size=0 size_reject=0
[lvdot_detector_main-8] [INFO] [1776960118.730633356] [lvdot_detector_node]: Input health: depth=170 color=217 lidar=59 pose=337 odom=337 yolo=103 depth_pose_sync=0 lidar_pose_sync=0 depth_odom_sync=0 lidar_odom_sync=0
[lvdot_detector_main-8] [INFO] [1776960118.730708056] [lvdot_detector_node]: Stage timers: detection=189 lidar_detection=150 tracking=1324 classification=1326 vis=1224
[lvdot_detector_main-8] [INFO] [1776960118.730723156] [lvdot_detector_node]: Processing phases: detection=run_core lidar_detection=run_lidar_detector/project tracking=waiting_new_filtered_update classification=waiting_new_tracking_update
[lvdot_detector_main-8] [INFO] [1776960118.730734956] [lvdot_detector_node]: Pipeline stats: depth_samples=1038/71300 u_map=4 depth_boxes=0 u_map_merge=0 u_map_db=0 u_map_visual=0 u_map_fused=0 u_map_filtered=0 lidar_samples=3411/127403 uv=2 db=9 lidar=17 fused=9 filtered=10 tracks=10 dynamic=1 dyn_points=13 raw_dyn_points=0 service=0/0 split=9->1 (10 outputs) fusion_components=9 visual_only=2 lidar_only=7 yolo_in=5 yolo_match3d=1 yolo_match_det=3 yolo_human=2 fixed_size=0 size_reject=1
[lvdot_detector_main-8] [INFO] [1776960119.918476332] [lvdot_detector_node]: get_dynamic_obstacles responded with 2 obstacles from 2 tracked dynamic boxes.
[lvdot_detector_main-8] [INFO] [1776960123.593453646] [lvdot_detector_node]: get_dynamic_obstacles responded with 1 obstacles from 1 tracked dynamic boxes.
[lvdot_detector_main-8] [INFO] [1776960124.736852827] [lvdot_detector_node]: Input health: depth=204 color=240 lidar=69 pose=385 odom=385 yolo=116 depth_pose_sync=0 lidar_pose_sync=0 depth_odom_sync=0 lidar_odom_sync=0
[lvdot_detector_main-8] [INFO] [1776960124.736943827] [lvdot_detector_node]: Stage timers: detection=198 lidar_detection=152 tracking=1505 classification=1508 vis=1376
[lvdot_detector_main-8] [INFO] [1776960124.736956227] [lvdot_detector_node]: Processing phases: detection=run_core lidar_detection=run_lidar_detector/downsample tracking=waiting_new_filtered_update classification=waiting_new_tracking_update
[lvdot_detector_main-8] [INFO] [1776960124.736965527] [lvdot_detector_node]: Pipeline stats: depth_samples=1200/71300 u_map=2 depth_boxes=0 u_map_merge=0 u_map_db=0 u_map_visual=0 u_map_fused=0 u_map_filtered=0 lidar_samples=3346/99072 uv=1 db=11 lidar=12 fused=13 filtered=13 tracks=13 dynamic=0 dyn_points=0 raw_dyn_points=0 service=2/1 split=13->0 (13 outputs) fusion_components=13 visual_only=1 lidar_only=12 yolo_in=1 yolo_match3d=0 yolo_match_det=0 yolo_human=0 fixed_size=0 size_reject=0
[lvdot_detector_main-8] [INFO] [1776960129.625218679] [lvdot_detector_node]: get_dynamic_obstacles responded with 0 obstacles from 0 tracked dynamic boxes.
[lvdot_detector_main-8] [INFO] [1776960130.728753700] [lvdot_detector_node]: Input health: depth=230 color=271 lidar=78 pose=431 odom=431 yolo=131 depth_pose_sync=0 lidar_pose_sync=0 depth_odom_sync=0 lidar_odom_sync=0
[lvdot_detector_main-8] [INFO] [1776960130.728834300] [lvdot_detector_node]: Stage timers: detection=206 lidar_detection=154 tracking=1686 classification=1687 vis=1542
[lvdot_detector_main-8] [INFO] [1776960130.728850100] [lvdot_detector_node]: Processing phases: detection=run_core lidar_detection=run_lidar_detector/dbscan tracking=waiting_new_filtered_update classification=waiting_new_tracking_update
[lvdot_detector_main-8] [INFO] [1776960130.728862800] [lvdot_detector_node]: Pipeline stats: depth_samples=1173/71300 u_map=0 depth_boxes=0 u_map_merge=0 u_map_db=0 u_map_visual=0 u_map_fused=0 u_map_filtered=0 lidar_samples=3380/108020 uv=0 db=5 lidar=8 fused=8 filtered=8 tracks=8 dynamic=0 dyn_points=0 raw_dyn_points=0 service=3/0 split=8->0 (8 outputs) fusion_components=8 visual_only=0 lidar_only=8 yolo_in=0 yolo_match3d=0 yolo_match_det=0 yolo_human=0 fixed_size=0 size_reject=0
[lvdot_detector_main-8] [INFO] [1776960133.340359231] [lvdot_detector_node]: get_dynamic_obstacles responded with 1 obstacles from 1 tracked dynamic boxes.
[lvdot_detector_main-8] [INFO] [1776960137.340884242] [lvdot_detector_node]: Input health: depth=247 color=296 lidar=87 pose=480 odom=480 yolo=142 depth_pose_sync=0 lidar_pose_sync=0 depth_odom_sync=0 lidar_odom_sync=0
[lvdot_detector_main-8] [INFO] [1776960137.340944042] [lvdot_detector_node]: Stage timers: detection=214 lidar_detection=157 tracking=1867 classification=1868 vis=1713
[lvdot_detector_main-8] [INFO] [1776960137.340955542] [lvdot_detector_node]: Processing phases: detection=run_core lidar_detection=run_lidar_detector/project tracking=waiting_new_filtered_update classification=waiting_new_tracking_update
[lvdot_detector_main-8] [INFO] [1776960137.340965442] [lvdot_detector_node]: Pipeline stats: depth_samples=970/71300 u_map=3 depth_boxes=0 u_map_merge=0 u_map_db=0 u_map_visual=0 u_map_fused=0 u_map_filtered=0 lidar_samples=3407/128813 uv=1 db=12 lidar=17 fused=18 filtered=19 tracks=19 dynamic=2 dyn_points=122 raw_dyn_points=8035 service=5/2 split=18->1 (19 outputs) fusion_components=18 visual_only=1 lidar_only=17 yolo_in=5 yolo_match3d=3 yolo_match_det=4 yolo_human=4 fixed_size=0 size_reject=2
[lvdot_detector_main-8] [INFO] [1776960139.214801906] [lvdot_detector_node]: get_dynamic_obstacles responded with 2 obstacles from 2 tracked dynamic boxes.
[lvdot_detector_main-8] [INFO] [1776960143.348216753] [lvdot_detector_node]: Input health: depth=270 color=318 lidar=94 pose=528 odom=528 yolo=154 depth_pose_sync=0 lidar_pose_sync=0 depth_odom_sync=0 lidar_odom_sync=0
[lvdot_detector_main-8] [INFO] [1776960143.348278753] [lvdot_detector_node]: Stage timers: detection=222 lidar_detection=163 tracking=2046 classification=2046 vis=1859
[lvdot_detector_main-8] [INFO] [1776960143.348287853] [lvdot_detector_node]: Processing phases: detection=run_core lidar_detection=run_lidar_detector/project tracking=waiting_new_filtered_update classification=waiting_new_tracking_update
[lvdot_detector_main-8] [INFO] [1776960143.348294453] [lvdot_detector_node]: Pipeline stats: depth_samples=1203/71300 u_map=2 depth_boxes=0 u_map_merge=0 u_map_db=0 u_map_visual=0 u_map_fused=0 u_map_filtered=0 lidar_samples=3116/133348 uv=2 db=12 lidar=10 fused=12 filtered=12 tracks=12 dynamic=0 dyn_points=0 raw_dyn_points=0 service=6/2 split=12->0 (12 outputs) fusion_components=12 visual_only=2 lidar_only=10 yolo_in=0 yolo_match3d=0 yolo_match_det=0 yolo_human=0 fixed_size=0 size_reject=0
[lvdot_detector_main-8] [INFO] [1776960145.430161635] [lvdot_detector_node]: get_dynamic_obstacles responded with 0 obstacles from 0 tracked dynamic boxes.
[lvdot_detector_main-8] [INFO] [1776960149.340596151] [lvdot_detector_node]: Input health: depth=299 color=344 lidar=100 pose=576 odom=576 yolo=166 depth_pose_sync=0 lidar_pose_sync=0 depth_odom_sync=0 lidar_odom_sync=0
[lvdot_detector_main-8] [INFO] [1776960149.340677551] [lvdot_detector_node]: Stage timers: detection=230 lidar_detection=165 tracking=2227 classification=2228 vis=2031
[lvdot_detector_main-8] [INFO] [1776960149.340688251] [lvdot_detector_node]: Processing phases: detection=run_core lidar_detection=run_lidar_detector/dbscan tracking=waiting_new_filtered_update classification=waiting_new_tracking_update
[lvdot_detector_main-8] [INFO] [1776960149.340695451] [lvdot_detector_node]: Pipeline stats: depth_samples=1173/71300 u_map=0 depth_boxes=0 u_map_merge=0 u_map_db=0 u_map_visual=0 u_map_fused=0 u_map_filtered=0 lidar_samples=3332/115670 uv=0 db=5 lidar=6 fused=6 filtered=6 tracks=6 dynamic=0 dyn_points=0 raw_dyn_points=0 service=7/0 split=6->0 (6 outputs) fusion_components=6 visual_only=0 lidar_only=6 yolo_in=0 yolo_match3d=0 yolo_match_det=0 yolo_human=0 fixed_size=0 size_reject=0
[lvdot_detector_main-8] [INFO] [1776960151.333144403] [lvdot_detector_node]: get_dynamic_obstacles responded with 0 obstacles from 0 tracked dynamic boxes.
[lvdot_detector_main-8] [INFO] [1776960155.344750606] [lvdot_detector_node]: Input health: depth=314 color=365 lidar=108 pose=622 odom=622 yolo=180 depth_pose_sync=0 lidar_pose_sync=0 depth_odom_sync=0 lidar_odom_sync=0
[lvdot_detector_main-8] [INFO] [1776960155.344857906] [lvdot_detector_node]: Stage timers: detection=239 lidar_detection=167 tracking=2404 classification=2406 vis=2184
[lvdot_detector_main-8] [INFO] [1776960155.344875506] [lvdot_detector_node]: Processing phases: detection=run_core lidar_detection=run_lidar_detector/dbscan tracking=waiting_new_filtered_update classification=waiting_new_tracking_update
[lvdot_detector_main-8] [INFO] [1776960155.344890006] [lvdot_detector_node]: Pipeline stats: depth_samples=1187/71300 u_map=3 depth_boxes=0 u_map_merge=0 u_map_db=0 u_map_visual=0 u_map_fused=0 u_map_filtered=0 lidar_samples=3150/147312 uv=0 db=8 lidar=66 fused=66 filtered=66 tracks=66 dynamic=0 dyn_points=0 raw_dyn_points=0 service=8/0 split=66->0 (66 outputs) fusion_components=66 visual_only=0 lidar_only=66 yolo_in=3 yolo_match3d=0 yolo_match_det=0 yolo_human=0 fixed_size=0 size_reject=0
[lvdot_detector_main-8] [INFO] [1776960157.303638006] [lvdot_detector_node]: get_dynamic_obstacles responded with 4 obstacles from 4 tracked dynamic boxes.
[lvdot_detector_main-8] [INFO] [1776960161.350748345] [lvdot_detector_node]: Input health: depth=329 color=391 lidar=114 pose=670 odom=670 yolo=193 depth_pose_sync=0 lidar_pose_sync=0 depth_odom_sync=0 lidar_odom_sync=0
[lvdot_detector_main-8] [INFO] [1776960161.350930101] [lvdot_detector_node]: Stage timers: detection=246 lidar_detection=171 tracking=2580 classification=2582 vis=2314
[lvdot_detector_main-8] [INFO] [1776960161.350943898] [lvdot_detector_node]: Processing phases: detection=run_core lidar_detection=run_lidar_detector/dbscan tracking=waiting_new_filtered_update classification=waiting_new_tracking_update
[lvdot_detector_main-8] [INFO] [1776960161.350952996] [lvdot_detector_node]: Pipeline stats: depth_samples=1194/71300 u_map=2 depth_boxes=0 u_map_merge=0 u_map_db=0 u_map_visual=0 u_map_fused=0 u_map_filtered=0 lidar_samples=3129/131804 uv=1 db=12 lidar=12 fused=13 filtered=13 tracks=13 dynamic=0 dyn_points=0 raw_dyn_points=0 service=9/4 split=13->0 (13 outputs) fusion_components=13 visual_only=1 lidar_only=12 yolo_in=1 yolo_match3d=0 yolo_match_det=0 yolo_human=0 fixed_size=0 size_reject=0
[lvdot_detector_main-8] [INFO] [1776960161.584084490] [lvdot_detector_node]: get_dynamic_obstacles responded with 0 obstacles from 0 tracked dynamic boxes.
[lvdot_detector_main-8] [INFO] [1776960164.686166514] [lvdot_detector_node]: get_dynamic_obstacles responded with 0 obstacles from 0 tracked dynamic boxes.
[lvdot_detector_main-8] [INFO] [1776960167.340618135] [lvdot_detector_node]: Input health: depth=351 color=407 lidar=117 pose=718 odom=718 yolo=204 depth_pose_sync=0 lidar_pose_sync=0 depth_odom_sync=0 lidar_odom_sync=0
[lvdot_detector_main-8] [INFO] [1776960167.340731456] [lvdot_detector_node]: Stage timers: detection=255 lidar_detection=174 tracking=2761 classification=2763 vis=2482
[lvdot_detector_main-8] [INFO] [1776960167.340746938] [lvdot_detector_node]: Processing phases: detection=run_core lidar_detection=run_lidar_detector/dbscan tracking=waiting_new_filtered_update classification=idle
[lvdot_detector_main-8] [INFO] [1776960167.340759764] [lvdot_detector_node]: Pipeline stats: depth_samples=1146/71300 u_map=2 depth_boxes=0 u_map_merge=0 u_map_db=0 u_map_visual=0 u_map_fused=0 u_map_filtered=0 lidar_samples=3079/134319 uv=2 db=5 lidar=4 fused=6 filtered=6 tracks=6 dynamic=1 dyn_points=0 raw_dyn_points=0 service=11/0 split=6->0 (6 outputs) fusion_components=6 visual_only=2 lidar_only=4 yolo_in=2 yolo_match3d=1 yolo_match_det=1 yolo_human=1 fixed_size=0 size_reject=0
[lvdot_detector_main-8] [INFO] [1776960168.673885290] [lvdot_detector_node]: get_dynamic_obstacles responded with 2 obstacles from 2 tracked dynamic boxes.
[lvdot_detector_main-8] [INFO] [1776960172.045774564] [lvdot_detector_node]: get_dynamic_obstacles responded with 3 obstacles from 3 tracked dynamic boxes.
[lvdot_detector_main-8] [INFO] [1776960173.341400727] [lvdot_detector_node]: Input health: depth=375 color=432 lidar=127 pose=766 odom=766 yolo=216 depth_pose_sync=0 lidar_pose_sync=0 depth_odom_sync=0 lidar_odom_sync=0
[lvdot_detector_main-8] [INFO] [1776960173.341472655] [lvdot_detector_node]: Stage timers: detection=264 lidar_detection=177 tracking=2943 classification=2945 vis=2647
[lvdot_detector_main-8] [INFO] [1776960173.341487682] [lvdot_detector_node]: Processing phases: detection=run_core lidar_detection=run_lidar_detector/project tracking=waiting_new_filtered_update classification=waiting_new_tracking_update
[lvdot_detector_main-8] [INFO] [1776960173.341499594] [lvdot_detector_node]: Pipeline stats: depth_samples=1244/71300 u_map=2 depth_boxes=0 u_map_merge=0 u_map_db=0 u_map_visual=0 u_map_fused=0 u_map_filtered=0 lidar_samples=3190/128680 uv=3 db=8 lidar=24 fused=27 filtered=28 tracks=28 dynamic=0 dyn_points=0 raw_dyn_points=0 service=13/3 split=27->1 (28 outputs) fusion_components=27 visual_only=3 lidar_only=24 yolo_in=3 yolo_match3d=2 yolo_match_det=3 yolo_human=3 fixed_size=0 size_reject=2
[lvdot_detector_main-8] [INFO] [1776960175.644977508] [lvdot_detector_node]: get_dynamic_obstacles responded with 2 obstacles from 2 tracked dynamic boxes.
[lvdot_detector_main-8] [INFO] [1776960179.342224108] [lvdot_detector_node]: Input health: depth=389 color=462 lidar=136 pose=814 odom=814 yolo=227 depth_pose_sync=0 lidar_pose_sync=0 depth_odom_sync=0 lidar_odom_sync=0
[lvdot_detector_main-8] [INFO] [1776960179.342319001] [lvdot_detector_node]: Stage timers: detection=272 lidar_detection=179 tracking=3123 classification=3125 vis=2804
[lvdot_detector_main-8] [INFO] [1776960179.342334664] [lvdot_detector_node]: Processing phases: detection=run_core lidar_detection=run_lidar_detector/dbscan tracking=waiting_new_filtered_update classification=waiting_new_tracking_update
[lvdot_detector_main-8] [INFO] [1776960179.342346869] [lvdot_detector_node]: Pipeline stats: depth_samples=1186/71300 u_map=3 depth_boxes=0 u_map_merge=0 u_map_db=0 u_map_visual=0 u_map_fused=0 u_map_filtered=0 lidar_samples=3231/129693 uv=2 db=12 lidar=3 fused=5 filtered=5 tracks=5 dynamic=1 dyn_points=87 raw_dyn_points=0 service=14/2 split=5->0 (5 outputs) fusion_components=5 visual_only=2 lidar_only=3 yolo_in=2 yolo_match3d=1 yolo_match_det=1 yolo_human=1 fixed_size=0 size_reject=0
[lvdot_detector_main-8] [INFO] [1776960181.387280574] [lvdot_detector_node]: get_dynamic_obstacles responded with 0 obstacles from 0 tracked dynamic boxes.
[uav_trajectory_controller-4] [WARN] [1776960183.772425582] [uav_trajectory_controller]: SetEntityPose request timed out after 0.62s on /world/pedestrian_prototype/set_pose; dropping the pending request and retrying.
[uav_trajectory_controller-4] [WARN] [1776960184.401383667] [uav_trajectory_controller]: SetEntityPose request timed out after 0.50s on /world/pedestrian_prototype/set_pose; dropping the pending request and retrying.
[lvdot_detector_main-8] [INFO] [1776960184.567818924] [lvdot_detector_node]: get_dynamic_obstacles responded with 0 obstacles from 0 tracked dynamic boxes.
[uav_trajectory_controller-4] [WARN] [1776960185.149214412] [uav_trajectory_controller]: SetEntityPose request timed out after 0.63s on /world/pedestrian_prototype/set_pose; dropping the pending request and retrying.
[lvdot_detector_main-8] [INFO] [1776960185.345333655] [lvdot_detector_node]: Input health: depth=414 color=486 lidar=148 pose=845 odom=845 yolo=239 depth_pose_sync=0 lidar_pose_sync=0 depth_odom_sync=0 lidar_odom_sync=0
[lvdot_detector_main-8] [INFO] [1776960185.345754080] [lvdot_detector_node]: Stage timers: detection=280 lidar_detection=181 tracking=3301 classification=3304 vis=2974
[lvdot_detector_main-8] [INFO] [1776960185.345779276] [lvdot_detector_node]: Processing phases: detection=run_core lidar_detection=run_lidar_detector/dbscan tracking=waiting_new_filtered_update classification=waiting_new_tracking_update
[lvdot_detector_main-8] [INFO] [1776960185.345789474] [lvdot_detector_node]: Pipeline stats: depth_samples=1203/71300 u_map=1 depth_boxes=0 u_map_merge=0 u_map_db=0 u_map_visual=0 u_map_fused=0 u_map_filtered=0 lidar_samples=3368/107772 uv=1 db=12 lidar=5 fused=6 filtered=6 tracks=6 dynamic=1 dyn_points=43 raw_dyn_points=0 service=16/0 split=6->0 (6 outputs) fusion_components=6 visual_only=1 lidar_only=5 yolo_in=3 yolo_match3d=1 yolo_match_det=1 yolo_human=1 fixed_size=0 size_reject=0
[lvdot_detector_main-8] [INFO] [1776960188.279913759] [lvdot_detector_node]: get_dynamic_obstacles responded with 1 obstacles from 1 tracked dynamic boxes.
[lvdot_detector_main-8] [INFO] [1776960191.345152244] [lvdot_detector_node]: Input health: depth=435 color=503 lidar=152 pose=893 odom=893 yolo=252 depth_pose_sync=0 lidar_pose_sync=0 depth_odom_sync=0 lidar_odom_sync=0
[lvdot_detector_main-8] [INFO] [1776960191.345219235] [lvdot_detector_node]: Stage timers: detection=288 lidar_detection=184 tracking=3483 classification=3486 vis=3145
[lvdot_detector_main-8] [INFO] [1776960191.345231652] [lvdot_detector_node]: Processing phases: detection=run_core lidar_detection=run_lidar_detector/project tracking=waiting_new_filtered_update classification=waiting_new_tracking_update
[lvdot_detector_main-8] [INFO] [1776960191.345241766] [lvdot_detector_node]: Pipeline stats: depth_samples=1034/71300 u_map=2 depth_boxes=0 u_map_merge=0 u_map_db=0 u_map_visual=0 u_map_fused=0 u_map_filtered=0 lidar_samples=3285/124714 uv=1 db=7 lidar=17 fused=18 filtered=18 tracks=18 dynamic=1 dyn_points=15 raw_dyn_points=49 service=17/1 split=18->0 (18 outputs) fusion_components=18 visual_only=1 lidar_only=17 yolo_in=2 yolo_match3d=1 yolo_match_det=1 yolo_human=1 fixed_size=0 size_reject=0
[lvdot_detector_main-8] [INFO] [1776960193.603790063] [lvdot_detector_node]: get_dynamic_obstacles responded with 2 obstacles from 2 tracked dynamic boxes.
[lvdot_detector_main-8] [INFO] [1776960197.353033193] [lvdot_detector_node]: Input health: depth=462 color=523 lidar=157 pose=939 odom=939 yolo=261 depth_pose_sync=0 lidar_pose_sync=0 depth_odom_sync=0 lidar_odom_sync=0
[lvdot_detector_main-8] [INFO] [1776960197.353098887] [lvdot_detector_node]: Stage timers: detection=297 lidar_detection=186 tracking=3657 classification=3656 vis=3287
[lvdot_detector_main-8] [INFO] [1776960197.353110286] [lvdot_detector_node]: Processing phases: detection=run_core lidar_detection=run_lidar_detector/downsample tracking=waiting_new_filtered_update classification=waiting_new_tracking_update
[lvdot_detector_main-8] [INFO] [1776960197.353128585] [lvdot_detector_node]: Pipeline stats: depth_samples=1078/71300 u_map=3 depth_boxes=0 u_map_merge=0 u_map_db=0 u_map_visual=0 u_map_fused=0 u_map_filtered=0 lidar_samples=2741/218740 uv=2 db=10 lidar=4 fused=71 filtered=71 tracks=71 dynamic=0 dyn_points=0 raw_dyn_points=0 service=18/2 split=71->0 (71 outputs) fusion_components=71 visual_only=2 lidar_only=69 yolo_in=1 yolo_match3d=1 yolo_match_det=1 yolo_human=1 fixed_size=0 size_reject=1
[lvdot_detector_main-8] [INFO] [1776960199.004102166] [lvdot_detector_node]: get_dynamic_obstacles responded with 0 obstacles from 0 tracked dynamic boxes.
[lvdot_detector_main-8] [INFO] [1776960202.019177327] [lvdot_detector_node]: get_dynamic_obstacles responded with 0 obstacles from 0 tracked dynamic boxes.
[lvdot_detector_main-8] [INFO] [1776960203.341936939] [lvdot_detector_node]: Input health: depth=497 color=556 lidar=171 pose=987 odom=987 yolo=275 depth_pose_sync=0 lidar_pose_sync=0 depth_odom_sync=0 lidar_odom_sync=0
[lvdot_detector_main-8] [INFO] [1776960203.342015435] [lvdot_detector_node]: Stage timers: detection=305 lidar_detection=188 tracking=3839 classification=3837 vis=3439
[lvdot_detector_main-8] [INFO] [1776960203.342025334] [lvdot_detector_node]: Processing phases: detection=build_filter_input lidar_detection=run_lidar_detector/dbscan tracking=waiting_new_filtered_update classification=waiting_new_tracking_update
[lvdot_detector_main-8] [INFO] [1776960203.342032934] [lvdot_detector_node]: Pipeline stats: depth_samples=1214/71300 u_map=0 depth_boxes=0 u_map_merge=0 u_map_db=0 u_map_visual=0 u_map_fused=0 u_map_filtered=0 lidar_samples=3438/146395 uv=0 db=13 lidar=24 fused=11 filtered=11 tracks=11 dynamic=0 dyn_points=0 raw_dyn_points=0 service=20/0 split=11->0 (11 outputs) fusion_components=11 visual_only=0 lidar_only=11 yolo_in=0 yolo_match3d=0 yolo_match_det=0 yolo_human=0 fixed_size=0 size_reject=0
[lvdot_detector_main-8] [INFO] [1776960208.362237002] [lvdot_detector_node]: get_dynamic_obstacles responded with 1 obstacles from 1 tracked dynamic boxes.
[lvdot_detector_main-8] [INFO] [1776960209.340599542] [lvdot_detector_node]: Input health: depth=510 color=577 lidar=178 pose=1035 odom=1035 yolo=289 depth_pose_sync=0 lidar_pose_sync=0 depth_odom_sync=0 lidar_odom_sync=0
[lvdot_detector_main-8] [INFO] [1776960209.340698948] [lvdot_detector_node]: Stage timers: detection=314 lidar_detection=190 tracking=4020 classification=4019 vis=3606
[lvdot_detector_main-8] [INFO] [1776960209.340712949] [lvdot_detector_node]: Processing phases: detection=run_core lidar_detection=run_lidar_detector/dbscan tracking=waiting_new_filtered_update classification=waiting_new_tracking_update
[lvdot_detector_main-8] [INFO] [1776960209.340744451] [lvdot_detector_node]: Pipeline stats: depth_samples=925/71300 u_map=3 depth_boxes=0 u_map_merge=0 u_map_db=0 u_map_visual=0 u_map_fused=0 u_map_filtered=0 lidar_samples=3435/107954 uv=3 db=6 lidar=0 fused=3 filtered=3 tracks=3 dynamic=1 dyn_points=89 raw_dyn_points=0 service=22/1 split=3->0 (3 outputs) fusion_components=3 visual_only=3 lidar_only=0 yolo_in=2 yolo_match3d=1 yolo_match_det=1 yolo_human=1 fixed_size=0 size_reject=0
[lvdot_detector_main-8] [INFO] [1776960215.346599348] [lvdot_detector_node]: Input health: depth=534 color=603 lidar=191 pose=1082 odom=1082 yolo=300 depth_pose_sync=0 lidar_pose_sync=0 depth_odom_sync=0 lidar_odom_sync=0
[lvdot_detector_main-8] [INFO] [1776960215.346673047] [lvdot_detector_node]: Stage timers: detection=322 lidar_detection=192 tracking=4195 classification=4187 vis=3752
[lvdot_detector_main-8] [INFO] [1776960215.346686746] [lvdot_detector_node]: Processing phases: detection=run_core lidar_detection=run_lidar_detector/dbscan tracking=waiting_new_filtered_update classification=waiting_new_tracking_update
[lvdot_detector_main-8] [INFO] [1776960215.346696746] [lvdot_detector_node]: Pipeline stats: depth_samples=1059/71300 u_map=3 depth_boxes=0 u_map_merge=0 u_map_db=0 u_map_visual=0 u_map_fused=0 u_map_filtered=0 lidar_samples=3098/154554 uv=2 db=11 lidar=48 fused=50 filtered=50 tracks=50 dynamic=1 dyn_points=87 raw_dyn_points=0 service=23/0 split=50->0 (50 outputs) fusion_components=50 visual_only=2 lidar_only=48 yolo_in=1 yolo_match3d=1 yolo_match_det=1 yolo_human=1 fixed_size=0 size_reject=0
[lvdot_detector_main-8] [INFO] [1776960217.319808848] [lvdot_detector_node]: get_dynamic_obstacles responded with 0 obstacles from 0 tracked dynamic boxes.
[lvdot_detector_main-8] [INFO] [1776960221.356947011] [lvdot_detector_node]: Input health: depth=569 color=634 lidar=201 pose=1130 odom=1130 yolo=315 depth_pose_sync=0 lidar_pose_sync=0 depth_odom_sync=0 lidar_odom_sync=0
[lvdot_detector_main-8] [INFO] [1776960221.357052810] [lvdot_detector_node]: Stage timers: detection=331 lidar_detection=195 tracking=4374 classification=4369 vis=3905
[lvdot_detector_main-8] [INFO] [1776960221.357072409] [lvdot_detector_node]: Processing phases: detection=build_input lidar_detection=run_lidar_detector/project tracking=idle classification=waiting_new_tracking_update
[lvdot_detector_main-8] [INFO] [1776960221.357089109] [lvdot_detector_node]: Pipeline stats: depth_samples=1173/71300 u_map=0 depth_boxes=0 u_map_merge=0 u_map_db=0 u_map_visual=0 u_map_fused=0 u_map_filtered=0 lidar_samples=3382/108088 uv=0 db=5 lidar=3 fused=12 filtered=12 tracks=12 dynamic=0 dyn_points=0 raw_dyn_points=0 service=24/0 split=12->0 (12 outputs) fusion_components=12 visual_only=0 lidar_only=12 yolo_in=0 yolo_match3d=0 yolo_match_det=0 yolo_human=0 fixed_size=0 size_reject=0
[lvdot_detector_main-8] [INFO] [1776960223.307882459] [lvdot_detector_node]: get_dynamic_obstacles responded with 1 obstacles from 1 tracked dynamic boxes.
[lvdot_detector_main-8] [INFO] [1776960227.342493578] [lvdot_detector_node]: Input health: depth=596 color=657 lidar=211 pose=1178 odom=1178 yolo=332 depth_pose_sync=0 lidar_pose_sync=0 depth_odom_sync=0 lidar_odom_sync=0
[lvdot_detector_main-8] [INFO] [1776960227.342563778] [lvdot_detector_node]: Stage timers: detection=339 lidar_detection=197 tracking=4555 classification=4550 vis=4081
[lvdot_detector_main-8] [INFO] [1776960227.342576178] [lvdot_detector_node]: Processing phases: detection=run_core lidar_detection=run_lidar_detector/dbscan tracking=waiting_new_filtered_update classification=waiting_new_tracking_update
[lvdot_detector_main-8] [INFO] [1776960227.342586078] [lvdot_detector_node]: Pipeline stats: depth_samples=1046/71300 u_map=2 depth_boxes=0 u_map_merge=0 u_map_db=0 u_map_visual=0 u_map_fused=0 u_map_filtered=0 lidar_samples=3190/129884 uv=1 db=9 lidar=9 fused=10 filtered=10 tracks=10 dynamic=1 dyn_points=51 raw_dyn_points=326 service=25/1 split=10->0 (10 outputs) fusion_components=10 visual_only=1 lidar_only=9 yolo_in=2 yolo_match3d=1 yolo_match_det=1 yolo_human=1 fixed_size=0 size_reject=0
[lvdot_detector_main-8] [INFO] [1776960229.768537914] [lvdot_detector_node]: get_dynamic_obstacles responded with 1 obstacles from 1 tracked dynamic boxes.
[lvdot_detector_main-8] [INFO] [1776960233.929772950] [lvdot_detector_node]: Input health: depth=620 color=678 lidar=221 pose=1227 odom=1227 yolo=344 depth_pose_sync=0 lidar_pose_sync=0 depth_odom_sync=0 lidar_odom_sync=0
[lvdot_detector_main-8] [INFO] [1776960233.929833649] [lvdot_detector_node]: Stage timers: detection=348 lidar_detection=199 tracking=4732 classification=4729 vis=4242
[lvdot_detector_main-8] [INFO] [1776960233.929843449] [lvdot_detector_node]: Processing phases: detection=run_core lidar_detection=run_lidar_detector/dbscan tracking=waiting_new_filtered_update classification=waiting_new_tracking_update
[lvdot_detector_main-8] [INFO] [1776960233.929850448] [lvdot_detector_node]: Pipeline stats: depth_samples=1261/71300 u_map=2 depth_boxes=0 u_map_merge=0 u_map_db=0 u_map_visual=0 u_map_fused=0 u_map_filtered=0 lidar_samples=3290/144733 uv=1 db=13 lidar=42 fused=43 filtered=43 tracks=43 dynamic=0 dyn_points=0 raw_dyn_points=0 service=26/1 split=43->0 (43 outputs) fusion_components=43 visual_only=1 lidar_only=42 yolo_in=2 yolo_match3d=0 yolo_match_det=0 yolo_human=0 fixed_size=0 size_reject=0
[lvdot_detector_main-8] [INFO] [1776960234.087874247] [lvdot_detector_node]: get_dynamic_obstacles responded with 0 obstacles from 0 tracked dynamic boxes.
[lvdot_detector_main-8] [INFO] [1776960238.835515603] [lvdot_detector_node]: get_dynamic_obstacles responded with 0 obstacles from 0 tracked dynamic boxes.
[lvdot_detector_main-8] [INFO] [1776960239.929680456] [lvdot_detector_node]: Input health: depth=656 color=705 lidar=231 pose=1273 odom=1273 yolo=358 depth_pose_sync=0 lidar_pose_sync=0 depth_odom_sync=0 lidar_odom_sync=0
[lvdot_detector_main-8] [INFO] [1776960239.929782602] [lvdot_detector_node]: Stage timers: detection=356 lidar_detection=202 tracking=4911 classification=4911 vis=4403
[lvdot_detector_main-8] [INFO] [1776960239.929799758] [lvdot_detector_node]: Processing phases: detection=run_core lidar_detection=run_lidar_detector/dbscan tracking=waiting_new_filtered_update classification=waiting_new_tracking_update
[lvdot_detector_main-8] [INFO] [1776960239.929812477] [lvdot_detector_node]: Pipeline stats: depth_samples=1173/71300 u_map=0 depth_boxes=0 u_map_merge=0 u_map_db=0 u_map_visual=0 u_map_fused=0 u_map_filtered=0 lidar_samples=3370/107825 uv=0 db=5 lidar=6 fused=6 filtered=6 tracks=6 dynamic=0 dyn_points=0 raw_dyn_points=0 service=28/0 split=6->0 (6 outputs) fusion_components=6 visual_only=0 lidar_only=6 yolo_in=0 yolo_match3d=0 yolo_match_det=0 yolo_human=0 fixed_size=0 size_reject=0
[lvdot_detector_main-8] [INFO] [1776960245.296465451] [lvdot_detector_node]: get_dynamic_obstacles responded with 3 obstacles from 3 tracked dynamic boxes.
[lvdot_detector_main-8] [INFO] [1776960245.929714278] [lvdot_detector_node]: Input health: depth=689 color=726 lidar=244 pose=1321 odom=1321 yolo=371 depth_pose_sync=0 lidar_pose_sync=0 depth_odom_sync=0 lidar_odom_sync=0
[lvdot_detector_main-8] [INFO] [1776960245.929791972] [lvdot_detector_node]: Stage timers: detection=364 lidar_detection=204 tracking=5093 classification=5093 vis=4571
[lvdot_detector_main-8] [INFO] [1776960245.929802226] [lvdot_detector_node]: Processing phases: detection=run_core lidar_detection=run_lidar_detector/dbscan tracking=waiting_new_filtered_update classification=waiting_new_tracking_update
[lvdot_detector_main-8] [INFO] [1776960245.929809424] [lvdot_detector_node]: Pipeline stats: depth_samples=891/71300 u_map=4 depth_boxes=0 u_map_merge=0 u_map_db=0 u_map_visual=0 u_map_fused=0 u_map_filtered=0 lidar_samples=3325/122588 uv=3 db=7 lidar=14 fused=17 filtered=17 tracks=17 dynamic=2 dyn_points=132 raw_dyn_points=0 service=30/3 split=17->0 (17 outputs) fusion_components=17 visual_only=3 lidar_only=14 yolo_in=2 yolo_match3d=2 yolo_match_det=2 yolo_human=2 fixed_size=0 size_reject=0
[lvdot_detector_main-8] [INFO] [1776960251.932062585] [lvdot_detector_node]: Input health: depth=718 color=761 lidar=261 pose=1369 odom=1369 yolo=385 depth_pose_sync=0 lidar_pose_sync=0 depth_odom_sync=0 lidar_odom_sync=0
[lvdot_detector_main-8] [INFO] [1776960251.932167735] [lvdot_detector_node]: Stage timers: detection=373 lidar_detection=207 tracking=5262 classification=5259 vis=4731
[lvdot_detector_main-8] [INFO] [1776960251.932183162] [lvdot_detector_node]: Processing phases: detection=run_core lidar_detection=run_lidar_detector/project tracking=waiting_new_filtered_update classification=waiting_new_tracking_update
[lvdot_detector_main-8] [INFO] [1776960251.932194519] [lvdot_detector_node]: Pipeline stats: depth_samples=1220/71300 u_map=2 depth_boxes=0 u_map_merge=0 u_map_db=0 u_map_visual=0 u_map_fused=0 u_map_filtered=0 lidar_samples=2756/191610 uv=0 db=13 lidar=2 fused=2 filtered=2 tracks=2 dynamic=0 dyn_points=0 raw_dyn_points=0 service=30/3 split=2->0 (2 outputs) fusion_components=2 visual_only=0 lidar_only=2 yolo_in=1 yolo_match3d=0 yolo_match_det=0 yolo_human=0 fixed_size=0 size_reject=0
[lvdot_detector_main-8] [INFO] [1776960257.939952112] [lvdot_detector_node]: Input health: depth=758 color=803 lidar=279 pose=1417 odom=1417 yolo=403 depth_pose_sync=0 lidar_pose_sync=0 depth_odom_sync=0 lidar_odom_sync=0
[lvdot_detector_main-8] [INFO] [1776960257.940046570] [lvdot_detector_node]: Stage timers: detection=382 lidar_detection=209 tracking=5444 classification=5441 vis=4901
[lvdot_detector_main-8] [INFO] [1776960257.940060064] [lvdot_detector_node]: Processing phases: detection=run_core lidar_detection=run_lidar_detector/dbscan tracking=waiting_new_filtered_update classification=waiting_new_tracking_update
[lvdot_detector_main-8] [INFO] [1776960257.940069730] [lvdot_detector_node]: Pipeline stats: depth_samples=1145/71300 u_map=1 depth_boxes=0 u_map_merge=0 u_map_db=0 u_map_visual=0 u_map_fused=0 u_map_filtered=0 lidar_samples=3377/108145 uv=1 db=6 lidar=3 fused=4 filtered=4 tracks=4 dynamic=0 dyn_points=0 raw_dyn_points=0 service=30/3 split=4->0 (4 outputs) fusion_components=4 visual_only=1 lidar_only=3 yolo_in=0 yolo_match3d=0 yolo_match_det=0 yolo_human=0 fixed_size=0 size_reject=0
[lvdot_detector_main-8] [INFO] [1776960264.663512232] [lvdot_detector_node]: Input health: depth=784 color=835 lidar=291 pose=1466 odom=1466 yolo=423 depth_pose_sync=0 lidar_pose_sync=0 depth_odom_sync=0 lidar_odom_sync=0
[lvdot_detector_main-8] [INFO] [1776960264.663570133] [lvdot_detector_node]: Stage timers: detection=391 lidar_detection=212 tracking=5625 classification=5622 vis=5078
[lvdot_detector_main-8] [INFO] [1776960264.663581616] [lvdot_detector_node]: Processing phases: detection=run_core lidar_detection=run_lidar_detector/project tracking=waiting_new_filtered_update classification=waiting_new_tracking_update
[lvdot_detector_main-8] [INFO] [1776960264.663590398] [lvdot_detector_node]: Pipeline stats: depth_samples=1138/71300 u_map=3 depth_boxes=0 u_map_merge=0 u_map_db=0 u_map_visual=0 u_map_fused=0 u_map_filtered=0 lidar_samples=3111/137605 uv=1 db=10 lidar=16 fused=10 filtered=11 tracks=11 dynamic=2 dyn_points=53 raw_dyn_points=0 service=30/3 split=10->1 (11 outputs) fusion_components=10 visual_only=1 lidar_only=9 yolo_in=2 yolo_match3d=1 yolo_match_det=2 yolo_human=2 fixed_size=0 size_reject=0
[lvdot_detector_main-8] [INFO] [1776960270.663656674] [lvdot_detector_node]: Input health: depth=831 color=875 lidar=297 pose=1514 odom=1514 yolo=440 depth_pose_sync=0 lidar_pose_sync=0 depth_odom_sync=0 lidar_odom_sync=0
[lvdot_detector_main-8] [INFO] [1776960270.663754815] [lvdot_detector_node]: Stage timers: detection=400 lidar_detection=214 tracking=5806 classification=5803 vis=5232
[lvdot_detector_main-8] [INFO] [1776960270.663767649] [lvdot_detector_node]: Processing phases: detection=run_core lidar_detection=run_lidar_detector/dbscan tracking=waiting_new_filtered_update classification=waiting_new_tracking_update
[lvdot_detector_main-8] [INFO] [1776960270.663777492] [lvdot_detector_node]: Pipeline stats: depth_samples=1178/71300 u_map=2 depth_boxes=0 u_map_merge=0 u_map_db=0 u_map_visual=0 u_map_fused=0 u_map_filtered=0 lidar_samples=2294/208983 uv=1 db=11 lidar=1 fused=2 filtered=2 tracks=2 dynamic=0 dyn_points=0 raw_dyn_points=0 service=30/3 split=2->0 (2 outputs) fusion_components=2 visual_only=1 lidar_only=1 yolo_in=0 yolo_match3d=0 yolo_match_det=0 yolo_human=0 fixed_size=0 size_reject=0
[lvdot_detector_main-8] [INFO] [1776960276.663629538] [lvdot_detector_node]: Input health: depth=877 color=922 lidar=316 pose=1562 odom=1562 yolo=465 depth_pose_sync=0 lidar_pose_sync=0 depth_odom_sync=0 lidar_odom_sync=0
[lvdot_detector_main-8] [INFO] [1776960276.663776338] [lvdot_detector_node]: Stage timers: detection=409 lidar_detection=217 tracking=5988 classification=5985 vis=5410
[lvdot_detector_main-8] [INFO] [1776960276.663793838] [lvdot_detector_node]: Processing phases: detection=run_core lidar_detection=run_lidar_detector/dbscan tracking=waiting_new_filtered_update classification=waiting_new_tracking_update
[lvdot_detector_main-8] [INFO] [1776960276.663805938] [lvdot_detector_node]: Pipeline stats: depth_samples=1132/71300 u_map=1 depth_boxes=0 u_map_merge=0 u_map_db=0 u_map_visual=0 u_map_fused=0 u_map_filtered=0 lidar_samples=3367/107973 uv=1 db=6 lidar=3 fused=21 filtered=21 tracks=21 dynamic=0 dyn_points=0 raw_dyn_points=0 service=30/3 split=21->0 (21 outputs) fusion_components=21 visual_only=1 lidar_only=20 yolo_in=2 yolo_match3d=0 yolo_match_det=0 yolo_human=0 fixed_size=0 size_reject=0
[lvdot_detector_main-8] [INFO] [1776960282.663529063] [lvdot_detector_node]: Input health: depth=903 color=958 lidar=329 pose=1610 odom=1610 yolo=485 depth_pose_sync=0 lidar_pose_sync=0 depth_odom_sync=0 lidar_odom_sync=0
[lvdot_detector_main-8] [INFO] [1776960282.663590704] [lvdot_detector_node]: Stage timers: detection=418 lidar_detection=219 tracking=6170 classification=6167 vis=5587
[lvdot_detector_main-8] [INFO] [1776960282.663602478] [lvdot_detector_node]: Processing phases: detection=run_core lidar_detection=run_lidar_detector/dbscan tracking=waiting_new_filtered_update classification=waiting_new_tracking_update
[lvdot_detector_main-8] [INFO] [1776960282.663611977] [lvdot_detector_node]: Pipeline stats: depth_samples=1073/70997 u_map=1 depth_boxes=0 u_map_merge=0 u_map_db=0 u_map_visual=0 u_map_fused=0 u_map_filtered=0 lidar_samples=3127/129768 uv=0 db=7 lidar=18 fused=18 filtered=18 tracks=18 dynamic=2 dyn_points=63 raw_dyn_points=529 service=30/3 split=18->0 (18 outputs) fusion_components=18 visual_only=0 lidar_only=18 yolo_in=5 yolo_match3d=2 yolo_match_det=2 yolo_human=2 fixed_size=0 size_reject=0
[lvdot_detector_main-8] [INFO] [1776960288.707742666] [lvdot_detector_node]: Input health: depth=926 color=985 lidar=336 pose=1658 odom=1658 yolo=499 depth_pose_sync=0 lidar_pose_sync=0 depth_odom_sync=0 lidar_odom_sync=0
[lvdot_detector_main-8] [INFO] [1776960288.707809968] [lvdot_detector_node]: Stage timers: detection=426 lidar_detection=222 tracking=6345 classification=6335 vis=5742
[lvdot_detector_main-8] [INFO] [1776960288.707821268] [lvdot_detector_node]: Processing phases: detection=idle lidar_detection=run_lidar_detector/project tracking=build_input classification=waiting_new_tracking_update
[lvdot_detector_main-8] [INFO] [1776960288.707830468] [lvdot_detector_node]: Pipeline stats: depth_samples=1107/71300 u_map=1 depth_boxes=0 u_map_merge=0 u_map_db=0 u_map_visual=0 u_map_fused=0 u_map_filtered=0 lidar_samples=3199/149290 uv=1 db=8 lidar=72 fused=63 filtered=63 tracks=73 dynamic=1 dyn_points=55 raw_dyn_points=1246 service=30/3 split=63->0 (63 outputs) fusion_components=63 visual_only=1 lidar_only=62 yolo_in=1 yolo_match3d=0 yolo_match_det=0 yolo_human=0 fixed_size=0 size_reject=1
[lvdot_detector_main-8] [INFO] [1776960294.676766200] [lvdot_detector_node]: Input health: depth=966 color=1025 lidar=342 pose=1706 odom=1706 yolo=517 depth_pose_sync=0 lidar_pose_sync=0 depth_odom_sync=0 lidar_odom_sync=0
[lvdot_detector_main-8] [INFO] [1776960294.676841702] [lvdot_detector_node]: Stage timers: detection=435 lidar_detection=224 tracking=6522 classification=6508 vis=5904
[lvdot_detector_main-8] [INFO] [1776960294.676857702] [lvdot_detector_node]: Processing phases: detection=run_core lidar_detection=run_lidar_detector/dbscan tracking=waiting_new_filtered_update classification=waiting_new_tracking_update
[lvdot_detector_main-8] [INFO] [1776960294.676868202] [lvdot_detector_node]: Pipeline stats: depth_samples=1284/71300 u_map=4 depth_boxes=0 u_map_merge=0 u_map_db=0 u_map_visual=0 u_map_fused=0 u_map_filtered=0 lidar_samples=3430/108033 uv=3 db=10 lidar=11 fused=77 filtered=77 tracks=77 dynamic=2 dyn_points=121 raw_dyn_points=0 service=30/3 split=77->0 (77 outputs) fusion_components=77 visual_only=3 lidar_only=74 yolo_in=2 yolo_match3d=2 yolo_match_det=2 yolo_human=2 fixed_size=0 size_reject=0
[lvdot_detector_main-8] [INFO] [1776960301.428433045] [lvdot_detector_node]: Input health: depth=995 color=1052 lidar=350 pose=1754 odom=1754 yolo=532 depth_pose_sync=0 lidar_pose_sync=0 depth_odom_sync=0 lidar_odom_sync=0
[lvdot_detector_main-8] [INFO] [1776960301.428514452] [lvdot_detector_node]: Stage timers: detection=444 lidar_detection=226 tracking=6701 classification=6685 vis=6074
[lvdot_detector_main-8] [INFO] [1776960301.428525145] [lvdot_detector_node]: Processing phases: detection=run_core lidar_detection=run_lidar_detector/dbscan tracking=waiting_new_filtered_update classification=waiting_new_tracking_update
[lvdot_detector_main-8] [INFO] [1776960301.428557223] [lvdot_detector_node]: Pipeline stats: depth_samples=1220/71300 u_map=3 depth_boxes=0 u_map_merge=0 u_map_db=0 u_map_visual=0 u_map_fused=0 u_map_filtered=0 lidar_samples=3403/164307 uv=2 db=10 lidar=28 fused=30 filtered=30 tracks=30 dynamic=1 dyn_points=45 raw_dyn_points=0 service=30/3 split=30->0 (30 outputs) fusion_components=30 visual_only=2 lidar_only=28 yolo_in=2 yolo_match3d=2 yolo_match_det=2 yolo_human=2 fixed_size=0 size_reject=1
[lvdot_detector_main-8] [INFO] [1776960307.428399196] [lvdot_detector_node]: Input health: depth=1030 color=1089 lidar=363 pose=1802 odom=1802 yolo=551 depth_pose_sync=0 lidar_pose_sync=0 depth_odom_sync=0 lidar_odom_sync=0
[lvdot_detector_main-8] [INFO] [1776960307.428492422] [lvdot_detector_node]: Stage timers: detection=453 lidar_detection=229 tracking=6880 classification=6858 vis=6225
[lvdot_detector_main-8] [INFO] [1776960307.428508372] [lvdot_detector_node]: Processing phases: detection=run_core lidar_detection=run_lidar_detector/project tracking=waiting_new_filtered_update classification=waiting_new_tracking_update
[lvdot_detector_main-8] [INFO] [1776960307.428516897] [lvdot_detector_node]: Pipeline stats: depth_samples=1029/71300 u_map=1 depth_boxes=0 u_map_merge=0 u_map_db=0 u_map_visual=0 u_map_fused=0 u_map_filtered=0 lidar_samples=3113/132336 uv=1 db=7 lidar=18 fused=20 filtered=20 tracks=20 dynamic=0 dyn_points=0 raw_dyn_points=0 service=30/3 split=20->0 (20 outputs) fusion_components=20 visual_only=1 lidar_only=19 yolo_in=0 yolo_match3d=0 yolo_match_det=0 yolo_human=0 fixed_size=0 size_reject=0
[lvdot_detector_main-8] [INFO] [1776960313.432086711] [lvdot_detector_node]: Input health: depth=1057 color=1119 lidar=378 pose=1850 odom=1850 yolo=567 depth_pose_sync=0 lidar_pose_sync=0 depth_odom_sync=0 lidar_odom_sync=0
[lvdot_detector_main-8] [INFO] [1776960313.432164218] [lvdot_detector_node]: Stage timers: detection=461 lidar_detection=231 tracking=7061 classification=7040 vis=6395
[lvdot_detector_main-8] [INFO] [1776960313.432181999] [lvdot_detector_node]: Processing phases: detection=run_core lidar_detection=run_lidar_detector/dbscan tracking=waiting_new_filtered_update classification=waiting_new_tracking_update
[lvdot_detector_main-8] [INFO] [1776960313.432193886] [lvdot_detector_node]: Pipeline stats: depth_samples=1288/71300 u_map=1 depth_boxes=0 u_map_merge=0 u_map_db=0 u_map_visual=0 u_map_fused=0 u_map_filtered=0 lidar_samples=3380/107763 uv=0 db=6 lidar=3 fused=22 filtered=22 tracks=22 dynamic=0 dyn_points=0 raw_dyn_points=0 service=30/3 split=22->0 (22 outputs) fusion_components=22 visual_only=0 lidar_only=22 yolo_in=3 yolo_match3d=0 yolo_match_det=0 yolo_human=0 fixed_size=0 size_reject=0
[lvdot_detector_main-8] [INFO] [1776960319.428240795] [lvdot_detector_node]: Input health: depth=1076 color=1138 lidar=384 pose=1898 odom=1898 yolo=577 depth_pose_sync=0 lidar_pose_sync=0 depth_odom_sync=0 lidar_odom_sync=0
[lvdot_detector_main-8] [INFO] [1776960319.428432453] [lvdot_detector_node]: Stage timers: detection=469 lidar_detection=233 tracking=7241 classification=7222 vis=6564
[lvdot_detector_main-8] [INFO] [1776960319.428451019] [lvdot_detector_node]: Processing phases: detection=run_core lidar_detection=run_lidar_detector/dbscan tracking=waiting_new_filtered_update classification=waiting_new_tracking_update
[lvdot_detector_main-8] [INFO] [1776960319.428458584] [lvdot_detector_node]: Pipeline stats: depth_samples=1332/71300 u_map=3 depth_boxes=0 u_map_merge=0 u_map_db=0 u_map_visual=0 u_map_fused=0 u_map_filtered=0 lidar_samples=3151/128507 uv=2 db=10 lidar=14 fused=16 filtered=16 tracks=16 dynamic=1 dyn_points=64 raw_dyn_points=0 service=30/3 split=16->1 (16 outputs) fusion_components=16 visual_only=2 lidar_only=14 yolo_in=3 yolo_match3d=1 yolo_match_det=3 yolo_human=1 fixed_size=0 size_reject=0
[lvdot_detector_main-8] [INFO] [1776960325.449950260] [lvdot_detector_node]: Input health: depth=1100 color=1168 lidar=393 pose=1946 odom=1946 yolo=589 depth_pose_sync=0 lidar_pose_sync=0 depth_odom_sync=0 lidar_odom_sync=0
[lvdot_detector_main-8] [INFO] [1776960325.450034996] [lvdot_detector_node]: Stage timers: detection=477 lidar_detection=235 tracking=7419 classification=7400 vis=6717
[lvdot_detector_main-8] [INFO] [1776960325.450048063] [lvdot_detector_node]: Processing phases: detection=run_core lidar_detection=run_lidar_detector/dbscan tracking=waiting_new_filtered_update classification=waiting_new_tracking_update
[lvdot_detector_main-8] [INFO] [1776960325.450058358] [lvdot_detector_node]: Pipeline stats: depth_samples=1039/71300 u_map=2 depth_boxes=0 u_map_merge=0 u_map_db=0 u_map_visual=0 u_map_fused=0 u_map_filtered=0 lidar_samples=3402/135403 uv=2 db=9 lidar=71 fused=73 filtered=73 tracks=73 dynamic=0 dyn_points=0 raw_dyn_points=0 service=30/3 split=73->0 (73 outputs) fusion_components=73 visual_only=2 lidar_only=71 yolo_in=1 yolo_match3d=0 yolo_match_det=0 yolo_human=0 fixed_size=0 size_reject=0
[lvdot_detector_main-8] [INFO] [1776960330.745361510] [lvdot_detector_node]: get_dynamic_obstacles responded with 0 obstacles from 0 tracked dynamic boxes.
[lvdot_detector_main-8] [INFO] [1776960332.113592895] [lvdot_detector_node]: Input health: depth=1127 color=1190 lidar=404 pose=1994 odom=1994 yolo=602 depth_pose_sync=0 lidar_pose_sync=0 depth_odom_sync=0 lidar_odom_sync=0
[lvdot_detector_main-8] [INFO] [1776960332.113693954] [lvdot_detector_node]: Stage timers: detection=486 lidar_detection=238 tracking=7598 classification=7577 vis=6882
[lvdot_detector_main-8] [INFO] [1776960332.113707209] [lvdot_detector_node]: Processing phases: detection=build_input lidar_detection=run_lidar_detector/project tracking=idle classification=waiting_new_tracking_update
[lvdot_detector_main-8] [INFO] [1776960332.113716777] [lvdot_detector_node]: Pipeline stats: depth_samples=1126/71300 u_map=3 depth_boxes=0 u_map_merge=0 u_map_db=0 u_map_visual=0 u_map_fused=0 u_map_filtered=0 lidar_samples=3446/107843 uv=2 db=9 lidar=7 fused=4 filtered=4 tracks=4 dynamic=0 dyn_points=0 raw_dyn_points=0 service=31/0 split=4->1 (4 outputs) fusion_components=4 visual_only=2 lidar_only=2 yolo_in=3 yolo_match3d=2 yolo_match_det=3 yolo_human=2 fixed_size=0 size_reject=0
[lvdot_detector_main-8] [INFO] [1776960338.108282428] [lvdot_detector_node]: Input health: depth=1142 color=1217 lidar=413 pose=2042 odom=2042 yolo=616 depth_pose_sync=0 lidar_pose_sync=0 depth_odom_sync=0 lidar_odom_sync=0
[lvdot_detector_main-8] [INFO] [1776960338.108351545] [lvdot_detector_node]: Stage timers: detection=494 lidar_detection=240 tracking=7777 classification=7754 vis=7047
[lvdot_detector_main-8] [INFO] [1776960338.108363920] [lvdot_detector_node]: Processing phases: detection=run_core lidar_detection=run_lidar_detector/project tracking=waiting_new_filtered_update classification=waiting_new_tracking_update
[lvdot_detector_main-8] [INFO] [1776960338.108373361] [lvdot_detector_node]: Pipeline stats: depth_samples=1179/71300 u_map=2 depth_boxes=0 u_map_merge=0 u_map_db=0 u_map_visual=0 u_map_fused=0 u_map_filtered=0 lidar_samples=3119/167465 uv=2 db=7 lidar=15 fused=61 filtered=61 tracks=61 dynamic=0 dyn_points=0 raw_dyn_points=0 service=31/0 split=61->0 (61 outputs) fusion_components=61 visual_only=0 lidar_only=59 yolo_in=1 yolo_match3d=0 yolo_match_det=0 yolo_human=0 fixed_size=0 size_reject=0
[lvdot_detector_main-8] [INFO] [1776960344.109140110] [lvdot_detector_node]: Input health: depth=1173 color=1237 lidar=424 pose=2090 odom=2090 yolo=630 depth_pose_sync=0 lidar_pose_sync=0 depth_odom_sync=0 lidar_odom_sync=0
[lvdot_detector_main-8] [INFO] [1776960344.109205510] [lvdot_detector_node]: Stage timers: detection=503 lidar_detection=242 tracking=7959 classification=7936 vis=7220
[lvdot_detector_main-8] [INFO] [1776960344.109218310] [lvdot_detector_node]: Processing phases: detection=run_core lidar_detection=run_lidar_detector/dbscan tracking=waiting_new_filtered_update classification=waiting_new_tracking_update
[lvdot_detector_main-8] [INFO] [1776960344.109227910] [lvdot_detector_node]: Pipeline stats: depth_samples=993/71300 u_map=3 depth_boxes=0 u_map_merge=0 u_map_db=0 u_map_visual=0 u_map_fused=0 u_map_filtered=0 lidar_samples=3028/129923 uv=1 db=8 lidar=16 fused=17 filtered=17 tracks=17 dynamic=1 dyn_points=45 raw_dyn_points=0 service=31/0 split=17->0 (17 outputs) fusion_components=17 visual_only=1 lidar_only=16 yolo_in=2 yolo_match3d=1 yolo_match_det=1 yolo_human=1 fixed_size=0 size_reject=0
