[INFO] [launch]: All log files can be found below /home/skbt2/.ros/log/2026-04-28-08-45-39-165292-DESKTOP-90MQDL6-34265
[INFO] [launch]: Default logging verbosity is set to INFO
[INFO] [gazebo-1]: process started with pid [34322]
[INFO] [parameter_bridge-2]: process started with pid [34323]
[INFO] [pedestrian_state_publisher-3]: process started with pid [34324]
[INFO] [uav_trajectory_controller-4]: process started with pid [34325]
[INFO] [image_pointcloud_relay-5]: process started with pid [34326]
[INFO] [image_pointcloud_relay-6]: process started with pid [34327]
[INFO] [lvdot_yolo_node-7]: process started with pid [34328]
[INFO] [lvdot_detector_main-8]: process started with pid [34329]
[lvdot_detector_main-8] [INFO] [1777337139.638388614] [lvdot_detector_node]: Config loaded: localization_mode=0 dt=0.033 image=640x480 depth_range=[0.50, 5.00] stage_timers=true vis_stage=false executor_threads=1
[lvdot_detector_main-8] [INFO] [1777337139.739391770] [lvdot_detector_node]: LV-DOT ROS2 skeleton started. depth=/camera/depth/image_rect_raw color=/camera/color/image_raw lidar=/pointcloud pose=/mavros/local_position/pose odom=/mavros/local_position/odom yolo=/yolo_detector/detected_bounding_boxes
[lvdot_detector_main-8] [INFO] [1777337139.739486475] [lvdot_detector_node]: Starting executor with executor_threads=1
[lvdot_detector_main-8] [WARN] [1777337139.739644145] [rclcpp]: MultiThreadedExecutor is used with a single thread.
[lvdot_detector_main-8] Use the SingleThreadedExecutor instead.
[parameter_bridge-2] [INFO] [1777337140.605566500] [ros_gz_bridge]: Creating GZ->ROS Bridge: [/rgbd_camera/image (gz.msgs.Image) -> /rgbd_camera/image (sensor_msgs/msg/Image)] (Lazy 0)
[parameter_bridge-2] [INFO] [1777337140.700834433] [ros_gz_bridge]: Creating GZ->ROS Bridge: [/rgbd_camera/camera_info (gz.msgs.CameraInfo) -> /rgbd_camera/camera_info (sensor_msgs/msg/CameraInfo)] (Lazy 0)
[parameter_bridge-2] [INFO] [1777337140.703051806] [ros_gz_bridge]: Creating GZ->ROS Bridge: [/rgbd_camera/depth_image (gz.msgs.Image) -> /rgbd_camera/depth_image (sensor_msgs/msg/Image)] (Lazy 0)
[parameter_bridge-2] [INFO] [1777337140.704834842] [ros_gz_bridge]: Creating GZ->ROS Bridge: [/rgbd_camera/points (gz.msgs.PointCloudPacked) -> /rgbd_camera/points (sensor_msgs/msg/PointCloud2)] (Lazy 0)
[parameter_bridge-2] [INFO] [1777337140.760889002] [ros_gz_bridge]: Creating GZ->ROS Bridge: [/camera/imu (gz.msgs.IMU) -> /camera/imu (sensor_msgs/msg/Imu)] (Lazy 0)
[parameter_bridge-2] [INFO] [1777337140.763306751] [ros_gz_bridge]: Creating ROS->GZ service bridge [/world/pedestrian_prototype/set_pose (ros_gz_interfaces/srv/SetEntityPose -> /)]
[parameter_bridge-2] [INFO] [1777337140.793088169] [ros_gz_bridge]: Creating ROS->GZ service bridge [/world/pedestrian_prototype/set_pose/blocking (ros_gz_interfaces/srv/SetEntityPose -> /)]
[uav_trajectory_controller-4] [WARN] [1777337141.668454489] [uav_trajectory_controller]: SetEntityPose request timed out after 0.62s on /world/pedestrian_prototype/set_pose/blocking; dropping the pending request and retrying.
[uav_trajectory_controller-4] [WARN] [1777337141.669228340] [uav_trajectory_controller]: Falling back from /world/pedestrian_prototype/set_pose/blocking to /world/pedestrian_prototype/set_pose.
[lvdot_detector_main-8] [INFO] [1777337141.739794550] [lvdot_detector_node]: Input health: depth=0 color=0 lidar=0 pose=0 odom=0 yolo=0 depth_pose_sync=0 lidar_pose_sync=0 depth_odom_sync=0 lidar_odom_sync=0
[lvdot_detector_main-8] [INFO] [1777337141.739923880] [lvdot_detector_node]: Stage timers: detection=60 lidar_detection=60 tracking=60 classification=60 vis=0
[lvdot_detector_main-8] [INFO] [1777337141.739965705] [lvdot_detector_node]: Processing phases: detection=waiting_sensor_pose lidar_detection=waiting_new_lidar tracking=waiting_new_filtered_update classification=waiting_new_tracking_update
[lvdot_detector_main-8] [INFO] [1777337141.739974130] [lvdot_detector_node]: Pipeline stats: depth_samples=0/0 u_map=0 depth_boxes=0 u_map_merge=0 u_map_db=0 u_map_visual=0 u_map_fused=0 u_map_filtered=0 lidar_samples=0/0 uv=0 db=0 lidar=0 fused=0 filtered=0 tracks=0 dynamic=0 dyn_points=0 raw_dyn_points=0 service=0/0 split=0->0 (0 outputs) fusion_components=0 visual_only=0 lidar_only=0 yolo_in=0 yolo_match3d=0 yolo_match_det=0 yolo_human=0 fixed_size=0 size_reject=0
[uav_trajectory_controller-4] [WARN] [1777337142.390717619] [uav_trajectory_controller]: SetEntityPose request timed out after 0.62s on /world/pedestrian_prototype/set_pose; dropping the pending request and retrying.
[gazebo-1] [INFO] [1777337142.589650948] [pedestrian_pose_sync_system]: Configured pedestrian pose sync plugin on topic [/pedestrian_sim/agent_states] for 8 models.
[lvdot_detector_main-8] [INFO] [1777337147.739371467] [lvdot_detector_node]: Input health: depth=0 color=0 lidar=0 pose=41 odom=41 yolo=0 depth_pose_sync=0 lidar_pose_sync=0 depth_odom_sync=0 lidar_odom_sync=0
[lvdot_detector_main-8] [INFO] [1777337147.739448470] [lvdot_detector_node]: Stage timers: detection=242 lidar_detection=242 tracking=242 classification=242 vis=0
[lvdot_detector_main-8] [INFO] [1777337147.739458345] [lvdot_detector_node]: Processing phases: detection=waiting_depth lidar_detection=waiting_new_lidar tracking=waiting_new_filtered_update classification=waiting_new_tracking_update
[lvdot_detector_main-8] [INFO] [1777337147.739466026] [lvdot_detector_node]: Pipeline stats: depth_samples=0/0 u_map=0 depth_boxes=0 u_map_merge=0 u_map_db=0 u_map_visual=0 u_map_fused=0 u_map_filtered=0 lidar_samples=0/0 uv=0 db=0 lidar=0 fused=0 filtered=0 tracks=0 dynamic=0 dyn_points=0 raw_dyn_points=0 service=0/0 split=0->0 (0 outputs) fusion_components=0 visual_only=0 lidar_only=0 yolo_in=0 yolo_match3d=0 yolo_match_det=0 yolo_human=0 fixed_size=0 size_reject=0
[lvdot_detector_main-8] [INFO] [1777337153.739357832] [lvdot_detector_node]: Input health: depth=0 color=0 lidar=0 pose=89 odom=89 yolo=0 depth_pose_sync=0 lidar_pose_sync=0 depth_odom_sync=0 lidar_odom_sync=0
[lvdot_detector_main-8] [INFO] [1777337153.739444252] [lvdot_detector_node]: Stage timers: detection=424 lidar_detection=424 tracking=424 classification=424 vis=0
[lvdot_detector_main-8] [INFO] [1777337153.739454634] [lvdot_detector_node]: Processing phases: detection=waiting_depth lidar_detection=waiting_new_lidar tracking=waiting_new_filtered_update classification=waiting_new_tracking_update
[lvdot_detector_main-8] [INFO] [1777337153.739463434] [lvdot_detector_node]: Pipeline stats: depth_samples=0/0 u_map=0 depth_boxes=0 u_map_merge=0 u_map_db=0 u_map_visual=0 u_map_fused=0 u_map_filtered=0 lidar_samples=0/0 uv=0 db=0 lidar=0 fused=0 filtered=0 tracks=0 dynamic=0 dyn_points=0 raw_dyn_points=0 service=0/0 split=0->0 (0 outputs) fusion_components=0 visual_only=0 lidar_only=0 yolo_in=0 yolo_match3d=0 yolo_match_det=0 yolo_human=0 fixed_size=0 size_reject=0
[lvdot_yolo_node-7] WARNING ⚠️ user config directory '/home/skbt2/.config/Ultralytics' is not writable, using '/tmp/Ultralytics'. Set YOLO_CONFIG_DIR to override.
[lvdot_yolo_node-7] Creating new Ultralytics Settings v0.0.6 file ✅ 
[lvdot_yolo_node-7] View Ultralytics Settings with 'yolo settings' or at '/tmp/Ultralytics/settings.json'
[lvdot_yolo_node-7] Update Settings with 'yolo settings key=value', i.e. 'yolo settings runs_dir=path/to/dir'. For help see https://docs.ultralytics.com/quickstart/#ultralytics-settings.
[lvdot_detector_main-8] [INFO] [1777337161.783527251] [lvdot_detector_node]: Input health: depth=3 color=2 lidar=2 pose=101 odom=101 yolo=0 depth_pose_sync=0 lidar_pose_sync=0 depth_odom_sync=0 lidar_odom_sync=0
[lvdot_detector_main-8] [INFO] [1777337161.783653813] [lvdot_detector_node]: Stage timers: detection=465 lidar_detection=465 tracking=465 classification=464 vis=0
[lvdot_detector_main-8] [INFO] [1777337161.783678316] [lvdot_detector_node]: Processing phases: detection=idle lidar_detection=idle tracking=idle classification=idle
[lvdot_detector_main-8] [INFO] [1777337161.783695704] [lvdot_detector_node]: Pipeline stats: depth_samples=1322/71300 u_map=0 depth_boxes=0 u_map_merge=0 u_map_db=0 u_map_visual=0 u_map_fused=0 u_map_filtered=0 lidar_samples=3396/108012 uv=0 db=14 lidar=9 fused=9 filtered=9 tracks=72 dynamic=0 dyn_points=0 raw_dyn_points=0 service=0/0 split=9->0 (9 outputs) fusion_components=9 visual_only=0 lidar_only=9 yolo_in=0 yolo_match3d=0 yolo_match_det=0 yolo_human=0 fixed_size=0 size_reject=0
[lvdot_detector_main-8] [INFO] [1777337167.168916118] [lvdot_detector_node]: Input health: depth=5 color=4 lidar=4 pose=103 odom=103 yolo=0 depth_pose_sync=0 lidar_pose_sync=0 depth_odom_sync=0 lidar_odom_sync=0
[lvdot_detector_main-8] [INFO] [1777337167.169047284] [lvdot_detector_node]: Stage timers: detection=467 lidar_detection=467 tracking=467 classification=466 vis=0
[lvdot_detector_main-8] [INFO] [1777337167.169062392] [lvdot_detector_node]: Processing phases: detection=idle lidar_detection=idle tracking=idle classification=idle
[lvdot_detector_main-8] [INFO] [1777337167.169073297] [lvdot_detector_node]: Pipeline stats: depth_samples=1435/71300 u_map=2 depth_boxes=0 u_map_merge=0 u_map_db=0 u_map_visual=0 u_map_fused=0 u_map_filtered=0 lidar_samples=3345/126865 uv=0 db=10 lidar=17 fused=17 filtered=17 tracks=20 dynamic=0 dyn_points=0 raw_dyn_points=0 service=0/0 split=17->0 (17 outputs) fusion_components=17 visual_only=0 lidar_only=17 yolo_in=0 yolo_match3d=0 yolo_match_det=0 yolo_human=0 fixed_size=0 size_reject=0
[lvdot_detector_main-8] [INFO] [1777337173.174395945] [lvdot_detector_node]: Input health: depth=7 color=6 lidar=6 pose=105 odom=105 yolo=2 depth_pose_sync=0 lidar_pose_sync=0 depth_odom_sync=0 lidar_odom_sync=0
[lvdot_detector_main-8] [INFO] [1777337173.174465772] [lvdot_detector_node]: Stage timers: detection=469 lidar_detection=469 tracking=469 classification=468 vis=0
[lvdot_detector_main-8] [INFO] [1777337173.174479355] [lvdot_detector_node]: Processing phases: detection=idle lidar_detection=idle tracking=idle classification=idle
[lvdot_detector_main-8] [INFO] [1777337173.174490121] [lvdot_detector_node]: Pipeline stats: depth_samples=1270/71300 u_map=3 depth_boxes=0 u_map_merge=0 u_map_db=0 u_map_visual=0 u_map_fused=0 u_map_filtered=0 lidar_samples=2891/181541 uv=2 db=12 lidar=2 fused=4 filtered=4 tracks=26 dynamic=0 dyn_points=0 raw_dyn_points=0 service=0/0 split=4->0 (4 outputs) fusion_components=4 visual_only=2 lidar_only=2 yolo_in=1 yolo_match3d=0 yolo_match_det=0 yolo_human=0 fixed_size=0 size_reject=0
[lvdot_detector_main-8] [INFO] [1777337179.013121178] [lvdot_detector_node]: Input health: depth=9 color=8 lidar=8 pose=107 odom=107 yolo=4 depth_pose_sync=0 lidar_pose_sync=0 depth_odom_sync=0 lidar_odom_sync=0
[lvdot_detector_main-8] [INFO] [1777337179.013203410] [lvdot_detector_node]: Stage timers: detection=471 lidar_detection=471 tracking=471 classification=470 vis=0
[lvdot_detector_main-8] [INFO] [1777337179.013213218] [lvdot_detector_node]: Processing phases: detection=idle lidar_detection=idle tracking=idle classification=idle
[lvdot_detector_main-8] [INFO] [1777337179.013220847] [lvdot_detector_node]: Pipeline stats: depth_samples=1322/71300 u_map=0 depth_boxes=0 u_map_merge=0 u_map_db=0 u_map_visual=0 u_map_fused=0 u_map_filtered=0 lidar_samples=3339/156722 uv=0 db=14 lidar=25 fused=25 filtered=25 tracks=60 dynamic=1 dyn_points=0 raw_dyn_points=0 service=0/0 split=25->0 (25 outputs) fusion_components=25 visual_only=0 lidar_only=25 yolo_in=0 yolo_match3d=0 yolo_match_det=0 yolo_human=0 fixed_size=0 size_reject=0
[lvdot_detector_main-8] [INFO] [1777337184.566152744] [lvdot_detector_node]: Input health: depth=11 color=10 lidar=10 pose=109 odom=109 yolo=6 depth_pose_sync=0 lidar_pose_sync=0 depth_odom_sync=0 lidar_odom_sync=0
[lvdot_detector_main-8] [INFO] [1777337184.566234620] [lvdot_detector_node]: Stage timers: detection=473 lidar_detection=473 tracking=473 classification=472 vis=0
[lvdot_detector_main-8] [INFO] [1777337184.566244654] [lvdot_detector_node]: Processing phases: detection=idle lidar_detection=idle tracking=idle classification=idle
[lvdot_detector_main-8] [INFO] [1777337184.566252480] [lvdot_detector_node]: Pipeline stats: depth_samples=1484/71300 u_map=3 depth_boxes=0 u_map_merge=0 u_map_db=0 u_map_visual=0 u_map_fused=0 u_map_filtered=0 lidar_samples=3304/130482 uv=2 db=9 lidar=25 fused=25 filtered=26 tracks=8 dynamic=1 dyn_points=0 raw_dyn_points=0 service=0/0 split=25->1 (26 outputs) fusion_components=25 visual_only=1 lidar_only=23 yolo_in=6 yolo_match3d=5 yolo_match_det=6 yolo_human=6 fixed_size=0 size_reject=0
[lvdot_detector_main-8] [INFO] [1777337190.206498344] [lvdot_detector_node]: Input health: depth=13 color=12 lidar=12 pose=111 odom=111 yolo=8 depth_pose_sync=0 lidar_pose_sync=0 depth_odom_sync=0 lidar_odom_sync=0
[lvdot_detector_main-8] [INFO] [1777337190.206621128] [lvdot_detector_node]: Stage timers: detection=475 lidar_detection=475 tracking=475 classification=474 vis=0
[lvdot_detector_main-8] [INFO] [1777337190.206635449] [lvdot_detector_node]: Processing phases: detection=idle lidar_detection=idle tracking=idle classification=idle
[lvdot_detector_main-8] [INFO] [1777337190.206642960] [lvdot_detector_node]: Pipeline stats: depth_samples=1311/60260 u_map=2 depth_boxes=0 u_map_merge=0 u_map_db=0 u_map_visual=0 u_map_fused=0 u_map_filtered=0 lidar_samples=2183/224669 uv=1 db=11 lidar=4 fused=5 filtered=5 tracks=24 dynamic=4 dyn_points=0 raw_dyn_points=0 service=0/0 split=5->0 (5 outputs) fusion_components=5 visual_only=1 lidar_only=4 yolo_in=0 yolo_match3d=0 yolo_match_det=0 yolo_human=0 fixed_size=0 size_reject=2
[lvdot_detector_main-8] [WARN] [1777337190.309022849] [lvdot_detector_node.rclcpp]: failed to send response to /lvdot_detector_node/get_parameters (timeout): client will not receive response, at ./src/rmw_response.cpp:153, at ./src/rcl/service.c:400
