[INFO] [launch]: All log files can be found below /home/skbt2/.ros/log/2026-04-24-06-39-22-068434-DESKTOP-90MQDL6-322394
[INFO] [launch]: Default logging verbosity is set to INFO
[INFO] [gazebo-1]: process started with pid [322445]
[INFO] [parameter_bridge-2]: process started with pid [322446]
[INFO] [pedestrian_state_publisher-3]: process started with pid [322447]
[INFO] [uav_trajectory_controller-4]: process started with pid [322448]
[INFO] [image_pointcloud_relay-5]: process started with pid [322449]
[INFO] [image_pointcloud_relay-6]: process started with pid [322450]
[INFO] [lvdot_yolo_node-7]: process started with pid [322451]
[INFO] [lvdot_detector_main-8]: process started with pid [322452]
[parameter_bridge-2] [INFO] [1776983963.198338257] [ros_gz_bridge]: Creating GZ->ROS Bridge: [/rgbd_camera/image (gz.msgs.Image) -> /rgbd_camera/image (sensor_msgs/msg/Image)] (Lazy 0)
[parameter_bridge-2] [INFO] [1776983963.203900330] [ros_gz_bridge]: Creating GZ->ROS Bridge: [/rgbd_camera/camera_info (gz.msgs.CameraInfo) -> /rgbd_camera/camera_info (sensor_msgs/msg/CameraInfo)] (Lazy 0)
[parameter_bridge-2] [INFO] [1776983963.206334659] [ros_gz_bridge]: Creating GZ->ROS Bridge: [/rgbd_camera/depth_image (gz.msgs.Image) -> /rgbd_camera/depth_image (sensor_msgs/msg/Image)] (Lazy 0)
[parameter_bridge-2] [INFO] [1776983963.208634215] [ros_gz_bridge]: Creating GZ->ROS Bridge: [/rgbd_camera/points (gz.msgs.PointCloudPacked) -> /rgbd_camera/points (sensor_msgs/msg/PointCloud2)] (Lazy 0)
[parameter_bridge-2] [INFO] [1776983963.210955956] [ros_gz_bridge]: Creating GZ->ROS Bridge: [/camera/imu (gz.msgs.IMU) -> /camera/imu (sensor_msgs/msg/Imu)] (Lazy 0)
[parameter_bridge-2] [INFO] [1776983963.214211437] [ros_gz_bridge]: Creating ROS->GZ service bridge [/world/pedestrian_prototype/set_pose (ros_gz_interfaces/srv/SetEntityPose -> /)]
[parameter_bridge-2] [INFO] [1776983963.215966914] [ros_gz_bridge]: Creating ROS->GZ service bridge [/world/pedestrian_prototype/set_pose/blocking (ros_gz_interfaces/srv/SetEntityPose -> /)]
[lvdot_detector_main-8] [INFO] [1776983963.510794914] [lvdot_detector_node]: Config loaded: localization_mode=0 dt=0.033 image=640x480 depth_range=[0.50, 5.00] stage_timers=true
[lvdot_detector_main-8] [INFO] [1776983963.609028531] [lvdot_detector_node]: LV-DOT ROS2 skeleton started. depth=/camera/depth/image_rect_raw color=/camera/color/image_raw lidar=/pointcloud pose=/mavros/local_position/pose odom=/mavros/local_position/odom yolo=/yolo_detector/detected_bounding_boxes
[lvdot_detector_main-8] [INFO] [1776983965.609830735] [lvdot_detector_node]: Input health: depth=1 color=2 lidar=0 pose=10 odom=10 yolo=1 depth_pose_sync=0 lidar_pose_sync=0 depth_odom_sync=0 lidar_odom_sync=0
[lvdot_detector_main-8] [INFO] [1776983965.610012225] [lvdot_detector_node]: Stage timers: detection=60 lidar_detection=60 tracking=60 classification=60 vis=60
[lvdot_detector_main-8] [INFO] [1776983965.610034215] [lvdot_detector_node]: Processing phases: detection=run_core lidar_detection=waiting_new_lidar tracking=waiting_new_filtered_update classification=waiting_new_tracking_update
[lvdot_detector_main-8] [INFO] [1776983965.610043890] [lvdot_detector_node]: Pipeline stats: depth_samples=0/0 u_map=0 depth_boxes=0 u_map_merge=0 u_map_db=0 u_map_visual=0 u_map_fused=0 u_map_filtered=0 lidar_samples=0/0 uv=0 db=0 lidar=0 fused=0 filtered=0 tracks=0 dynamic=0 dyn_points=0 raw_dyn_points=0 service=0/0 split=0->0 (0 outputs) fusion_components=0 visual_only=0 lidar_only=0 yolo_in=0 yolo_match3d=0 yolo_match_det=0 yolo_human=0 fixed_size=0 size_reject=0
[gazebo-1] [INFO] [1776983965.962719368] [pedestrian_pose_sync_system]: Configured pedestrian pose sync plugin on topic [/pedestrian_sim/agent_states] for 8 models.
[lvdot_detector_main-8] [INFO] [1776983971.609656194] [lvdot_detector_node]: Input health: depth=31 color=53 lidar=0 pose=115 odom=115 yolo=4 depth_pose_sync=0 lidar_pose_sync=0 depth_odom_sync=0 lidar_odom_sync=0
[lvdot_detector_main-8] [INFO] [1776983971.609786661] [lvdot_detector_node]: Stage timers: detection=64 lidar_detection=241 tracking=241 classification=241 vis=216
[lvdot_detector_main-8] [INFO] [1776983971.609803177] [lvdot_detector_node]: Processing phases: detection=run_core lidar_detection=waiting_new_lidar tracking=waiting_new_filtered_update classification=waiting_new_tracking_update
[lvdot_detector_main-8] [INFO] [1776983971.609814806] [lvdot_detector_node]: Pipeline stats: depth_samples=1547/71300 u_map=4 depth_boxes=0 u_map_merge=0 u_map_db=0 u_map_visual=0 u_map_fused=0 u_map_filtered=0 lidar_samples=0/0 uv=2 db=12 lidar=0 fused=2 filtered=2 tracks=2 dynamic=0 dyn_points=0 raw_dyn_points=0 service=0/0 split=2->0 (2 outputs) fusion_components=2 visual_only=2 lidar_only=0 yolo_in=3 yolo_match3d=0 yolo_match_det=0 yolo_human=0 fixed_size=0 size_reject=0
[lvdot_detector_main-8] [INFO] [1776983977.612995420] [lvdot_detector_node]: Input health: depth=50 color=86 lidar=0 pose=218 odom=218 yolo=6 depth_pose_sync=0 lidar_pose_sync=0 depth_odom_sync=0 lidar_odom_sync=0
[lvdot_detector_main-8] [INFO] [1776983977.613059717] [lvdot_detector_node]: Stage timers: detection=68 lidar_detection=423 tracking=423 classification=423 vis=394
[lvdot_detector_main-8] [INFO] [1776983977.613069781] [lvdot_detector_node]: Processing phases: detection=run_core lidar_detection=waiting_new_lidar tracking=waiting_new_filtered_update classification=snapshot
[lvdot_detector_main-8] [INFO] [1776983977.613079553] [lvdot_detector_node]: Pipeline stats: depth_samples=1553/71300 u_map=2 depth_boxes=0 u_map_merge=0 u_map_db=0 u_map_visual=0 u_map_fused=0 u_map_filtered=0 lidar_samples=0/0 uv=0 db=11 lidar=0 fused=0 filtered=0 tracks=0 dynamic=0 dyn_points=0 raw_dyn_points=0 service=0/0 split=0->0 (0 outputs) fusion_components=0 visual_only=0 lidar_only=0 yolo_in=5 yolo_match3d=0 yolo_match_det=0 yolo_human=0 fixed_size=0 size_reject=0
[lvdot_detector_main-8] [INFO] [1776983983.617138894] [lvdot_detector_node]: Input health: depth=61 color=115 lidar=0 pose=324 odom=324 yolo=10 depth_pose_sync=0 lidar_pose_sync=0 depth_odom_sync=0 lidar_odom_sync=0
[lvdot_detector_main-8] [INFO] [1776983983.617226443] [lvdot_detector_node]: Stage timers: detection=72 lidar_detection=603 tracking=603 classification=603 vis=563
[lvdot_detector_main-8] [INFO] [1776983983.617238755] [lvdot_detector_node]: Processing phases: detection=run_core lidar_detection=waiting_new_lidar tracking=waiting_new_filtered_update classification=snapshot
[lvdot_detector_main-8] [INFO] [1776983983.617249308] [lvdot_detector_node]: Pipeline stats: depth_samples=1377/71300 u_map=1 depth_boxes=0 u_map_merge=0 u_map_db=0 u_map_visual=0 u_map_fused=0 u_map_filtered=0 lidar_samples=0/0 uv=1 db=10 lidar=0 fused=1 filtered=1 tracks=1 dynamic=1 dyn_points=125 raw_dyn_points=0 service=0/0 split=1->0 (1 outputs) fusion_components=1 visual_only=1 lidar_only=0 yolo_in=3 yolo_match3d=1 yolo_match_det=1 yolo_human=1 fixed_size=0 size_reject=0
[lvdot_detector_main-8] [INFO] [1776983989.636853347] [lvdot_detector_node]: Input health: depth=79 color=144 lidar=0 pose=409 odom=408 yolo=14 depth_pose_sync=0 lidar_pose_sync=0 depth_odom_sync=0 lidar_odom_sync=0
[lvdot_detector_main-8] [INFO] [1776983989.636930539] [lvdot_detector_node]: Stage timers: detection=76 lidar_detection=784 tracking=784 classification=783 vis=738
[lvdot_detector_main-8] [INFO] [1776983989.636945489] [lvdot_detector_node]: Processing phases: detection=run_core lidar_detection=waiting_new_lidar tracking=waiting_new_filtered_update classification=snapshot
[lvdot_detector_main-8] [INFO] [1776983989.636957409] [lvdot_detector_node]: Pipeline stats: depth_samples=1352/71300 u_map=1 depth_boxes=0 u_map_merge=0 u_map_db=0 u_map_visual=0 u_map_fused=0 u_map_filtered=0 lidar_samples=0/0 uv=1 db=13 lidar=0 fused=1 filtered=1 tracks=1 dynamic=0 dyn_points=0 raw_dyn_points=0 service=0/0 split=1->0 (1 outputs) fusion_components=1 visual_only=1 lidar_only=0 yolo_in=2 yolo_match3d=0 yolo_match_det=0 yolo_human=0 fixed_size=0 size_reject=0
[lvdot_detector_main-8] [INFO] [1776983996.355189122] [lvdot_detector_node]: Input health: depth=92 color=177 lidar=1 pose=508 odom=508 yolo=17 depth_pose_sync=0 lidar_pose_sync=0 depth_odom_sync=0 lidar_odom_sync=0
[lvdot_detector_main-8] [INFO] [1776983996.355278623] [lvdot_detector_node]: Stage timers: detection=80 lidar_detection=916 tracking=965 classification=963 vis=916
[lvdot_detector_main-8] [INFO] [1776983996.355290837] [lvdot_detector_node]: Processing phases: detection=run_core lidar_detection=run_lidar_detector/dbscan tracking=waiting_new_filtered_update classification=waiting_new_tracking_update
[lvdot_detector_main-8] [INFO] [1776983996.355300217] [lvdot_detector_node]: Pipeline stats: depth_samples=1439/71300 u_map=2 depth_boxes=0 u_map_merge=0 u_map_db=0 u_map_visual=0 u_map_fused=0 u_map_filtered=0 lidar_samples=0/0 uv=0 db=11 lidar=0 fused=0 filtered=0 tracks=0 dynamic=0 dyn_points=0 raw_dyn_points=0 service=0/0 split=0->0 (0 outputs) fusion_components=0 visual_only=0 lidar_only=0 yolo_in=2 yolo_match3d=0 yolo_match_det=0 yolo_human=0 fixed_size=0 size_reject=0
[uav_trajectory_controller-4] [WARN] [1776983996.365589226] [uav_trajectory_controller]: SetEntityPose request timed out after 1.00s on /world/pedestrian_prototype/set_pose/blocking; dropping the pending request and retrying.
[uav_trajectory_controller-4] [WARN] [1776983996.368031550] [uav_trajectory_controller]: Falling back from /world/pedestrian_prototype/set_pose/blocking to /world/pedestrian_prototype/set_pose.
[lvdot_detector_main-8] [INFO] [1776984002.354371008] [lvdot_detector_node]: Input health: depth=107 color=214 lidar=2 pose=653 odom=653 yolo=20 depth_pose_sync=0 lidar_pose_sync=0 depth_odom_sync=0 lidar_odom_sync=0
[lvdot_detector_main-8] [INFO] [1776984002.354437843] [lvdot_detector_node]: Stage timers: detection=84 lidar_detection=954 tracking=1125 classification=1129 vis=1035
[lvdot_detector_main-8] [INFO] [1776984002.354448298] [lvdot_detector_node]: Processing phases: detection=run_core lidar_detection=run_lidar_detector/project tracking=waiting_new_filtered_update classification=waiting_new_tracking_update
[lvdot_detector_main-8] [INFO] [1776984002.354459828] [lvdot_detector_node]: Pipeline stats: depth_samples=1348/71300 u_map=1 depth_boxes=0 u_map_merge=0 u_map_db=0 u_map_visual=0 u_map_fused=0 u_map_filtered=0 lidar_samples=3405/120637 uv=1 db=13 lidar=30 fused=31 filtered=31 tracks=31 dynamic=0 dyn_points=0 raw_dyn_points=0 service=0/0 split=31->0 (31 outputs) fusion_components=31 visual_only=1 lidar_only=30 yolo_in=4 yolo_match3d=0 yolo_match_det=0 yolo_human=0 fixed_size=0 size_reject=0
[lvdot_detector_main-8] [INFO] [1776984008.394093216] [lvdot_detector_node]: Input health: depth=116 color=255 lidar=2 pose=796 odom=796 yolo=25 depth_pose_sync=0 lidar_pose_sync=0 depth_odom_sync=0 lidar_odom_sync=0
[lvdot_detector_main-8] [INFO] [1776984008.394186815] [lvdot_detector_node]: Stage timers: detection=87 lidar_detection=1006 tracking=1273 classification=1281 vis=1101
[lvdot_detector_main-8] [INFO] [1776984008.394212217] [lvdot_detector_node]: Processing phases: detection=run_core lidar_detection=waiting_new_lidar tracking=waiting_new_filtered_update classification=waiting_new_tracking_update
[lvdot_detector_main-8] [INFO] [1776984008.394251005] [lvdot_detector_node]: Pipeline stats: depth_samples=1349/71300 u_map=0 depth_boxes=0 u_map_merge=0 u_map_db=0 u_map_visual=0 u_map_fused=0 u_map_filtered=0 lidar_samples=3177/122126 uv=0 db=9 lidar=19 fused=30 filtered=31 tracks=31 dynamic=0 dyn_points=0 raw_dyn_points=0 service=0/0 split=30->1 (31 outputs) fusion_components=30 visual_only=0 lidar_only=30 yolo_in=6 yolo_match3d=1 yolo_match_det=3 yolo_human=2 fixed_size=0 size_reject=2
[lvdot_detector_main-8] [INFO] [1776984014.367486362] [lvdot_detector_node]: Input health: depth=138 color=287 lidar=2 pose=941 odom=941 yolo=28 depth_pose_sync=0 lidar_pose_sync=0 depth_odom_sync=0 lidar_odom_sync=0
[lvdot_detector_main-8] [INFO] [1776984014.367585920] [lvdot_detector_node]: Stage timers: detection=91 lidar_detection=1157 tracking=1420 classification=1421 vis=1162
[lvdot_detector_main-8] [INFO] [1776984014.367597449] [lvdot_detector_node]: Processing phases: detection=run_core lidar_detection=waiting_new_lidar tracking=snapshot classification=waiting_new_tracking_update
[lvdot_detector_main-8] [INFO] [1776984014.367606340] [lvdot_detector_node]: Pipeline stats: depth_samples=1435/71300 u_map=4 depth_boxes=0 u_map_merge=0 u_map_db=0 u_map_visual=0 u_map_fused=0 u_map_filtered=0 lidar_samples=3177/122126 uv=3 db=11 lidar=19 fused=22 filtered=22 tracks=22 dynamic=1 dyn_points=108 raw_dyn_points=0 service=0/0 split=22->1 (22 outputs) fusion_components=22 visual_only=3 lidar_only=19 yolo_in=3 yolo_match3d=2 yolo_match_det=3 yolo_human=2 fixed_size=0 size_reject=1
[lvdot_detector_main-8] [INFO] [1776984020.364095755] [lvdot_detector_node]: Input health: depth=148 color=320 lidar=2 pose=1084 odom=1084 yolo=32 depth_pose_sync=0 lidar_pose_sync=0 depth_odom_sync=0 lidar_odom_sync=0
[lvdot_detector_main-8] [INFO] [1776984020.364170789] [lvdot_detector_node]: Stage timers: detection=95 lidar_detection=1302 tracking=1572 classification=1559 vis=1232
[lvdot_detector_main-8] [INFO] [1776984020.364189059] [lvdot_detector_node]: Processing phases: detection=run_core lidar_detection=waiting_new_lidar tracking=waiting_new_filtered_update classification=waiting_new_tracking_update
[lvdot_detector_main-8] [INFO] [1776984020.364201760] [lvdot_detector_node]: Pipeline stats: depth_samples=1526/71300 u_map=5 depth_boxes=0 u_map_merge=0 u_map_db=0 u_map_visual=0 u_map_fused=0 u_map_filtered=0 lidar_samples=3177/122126 uv=2 db=11 lidar=19 fused=21 filtered=22 tracks=22 dynamic=1 dyn_points=16 raw_dyn_points=0 service=0/0 split=21->1 (22 outputs) fusion_components=21 visual_only=2 lidar_only=19 yolo_in=2 yolo_match3d=1 yolo_match_det=2 yolo_human=2 fixed_size=0 size_reject=1
[lvdot_detector_main-8] [INFO] [1776984026.357254891] [lvdot_detector_node]: Input health: depth=183 color=341 lidar=2 pose=1228 odom=1226 yolo=35 depth_pose_sync=0 lidar_pose_sync=0 depth_odom_sync=0 lidar_odom_sync=0
[lvdot_detector_main-8] [INFO] [1776984026.357343995] [lvdot_detector_node]: Stage timers: detection=99 lidar_detection=1439 tracking=1707 classification=1695 vis=1288
[lvdot_detector_main-8] [INFO] [1776984026.357400272] [lvdot_detector_node]: Processing phases: detection=run_core lidar_detection=waiting_new_lidar tracking=snapshot classification=snapshot
[lvdot_detector_main-8] [INFO] [1776984026.357418151] [lvdot_detector_node]: Pipeline stats: depth_samples=1527/71300 u_map=2 depth_boxes=0 u_map_merge=0 u_map_db=0 u_map_visual=0 u_map_fused=0 u_map_filtered=0 lidar_samples=3177/122126 uv=1 db=12 lidar=19 fused=20 filtered=20 tracks=20 dynamic=1 dyn_points=62 raw_dyn_points=2266 service=0/0 split=20->0 (20 outputs) fusion_components=20 visual_only=1 lidar_only=19 yolo_in=5 yolo_match3d=0 yolo_match_det=0 yolo_human=0 fixed_size=0 size_reject=2
[lvdot_detector_main-8] [INFO] [1776984033.131982273] [lvdot_detector_node]: Input health: depth=192 color=377 lidar=2 pose=1373 odom=1369 yolo=39 depth_pose_sync=0 lidar_pose_sync=0 depth_odom_sync=0 lidar_odom_sync=0
[lvdot_detector_main-8] [INFO] [1776984033.132054377] [lvdot_detector_node]: Stage timers: detection=102 lidar_detection=1586 tracking=1833 classification=1819 vis=1339
[lvdot_detector_main-8] [INFO] [1776984033.132068153] [lvdot_detector_node]: Processing phases: detection=run_core lidar_detection=snapshot tracking=waiting_new_filtered_update classification=waiting_new_tracking_update
[lvdot_detector_main-8] [INFO] [1776984033.132076555] [lvdot_detector_node]: Pipeline stats: depth_samples=1414/71300 u_map=2 depth_boxes=0 u_map_merge=0 u_map_db=0 u_map_visual=0 u_map_fused=0 u_map_filtered=0 lidar_samples=3177/122126 uv=2 db=12 lidar=19 fused=21 filtered=21 tracks=21 dynamic=1 dyn_points=42 raw_dyn_points=0 service=0/0 split=21->0 (21 outputs) fusion_components=21 visual_only=2 lidar_only=19 yolo_in=3 yolo_match3d=1 yolo_match_det=1 yolo_human=1 fixed_size=0 size_reject=0
[lvdot_detector_main-8] [INFO] [1776984038.187848837] [lvdot_detector_node]: get_dynamic_obstacles responded with 0 obstacles from 0 tracked dynamic boxes.
[lvdot_detector_main-8] [INFO] [1776984039.138944917] [lvdot_detector_node]: Input health: depth=213 color=417 lidar=2 pose=1516 odom=1516 yolo=42 depth_pose_sync=0 lidar_pose_sync=0 depth_odom_sync=0 lidar_odom_sync=0
[lvdot_detector_main-8] [INFO] [1776984039.140153162] [lvdot_detector_node]: Stage timers: detection=106 lidar_detection=1724 tracking=1975 classification=1956 vis=1402
[lvdot_detector_main-8] [INFO] [1776984039.140422345] [lvdot_detector_node]: Processing phases: detection=idle lidar_detection=waiting_new_lidar tracking=waiting_new_filtered_update classification=waiting_new_tracking_update
[lvdot_detector_main-8] [INFO] [1776984039.140435242] [lvdot_detector_node]: Pipeline stats: depth_samples=1455/71300 u_map=3 depth_boxes=0 u_map_merge=0 u_map_db=0 u_map_visual=0 u_map_fused=0 u_map_filtered=0 lidar_samples=3177/122126 uv=2 db=10 lidar=19 fused=21 filtered=21 tracks=20 dynamic=0 dyn_points=0 raw_dyn_points=0 service=1/0 split=21->1 (21 outputs) fusion_components=21 visual_only=2 lidar_only=19 yolo_in=5 yolo_match3d=1 yolo_match_det=2 yolo_human=0 fixed_size=0 size_reject=0
[lvdot_detector_main-8] [INFO] [1776984042.946011094] [lvdot_detector_node]: get_dynamic_obstacles responded with 0 obstacles from 0 tracked dynamic boxes.
[lvdot_detector_main-8] [INFO] [1776984045.135006131] [lvdot_detector_node]: Input health: depth=238 color=463 lidar=2 pose=1659 odom=1657 yolo=46 depth_pose_sync=0 lidar_pose_sync=0 depth_odom_sync=0 lidar_odom_sync=0
[lvdot_detector_main-8] [INFO] [1776984045.135080968] [lvdot_detector_node]: Stage timers: detection=110 lidar_detection=1858 tracking=2102 classification=2093 vis=1457
[lvdot_detector_main-8] [INFO] [1776984045.135094157] [lvdot_detector_node]: Processing phases: detection=run_core lidar_detection=waiting_new_lidar tracking=snapshot classification=waiting_new_tracking_update
[lvdot_detector_main-8] [INFO] [1776984045.135104904] [lvdot_detector_node]: Pipeline stats: depth_samples=1383/71300 u_map=2 depth_boxes=0 u_map_merge=0 u_map_db=0 u_map_visual=0 u_map_fused=0 u_map_filtered=0 lidar_samples=3177/122126 uv=1 db=11 lidar=19 fused=20 filtered=20 tracks=20 dynamic=0 dyn_points=0 raw_dyn_points=0 service=2/0 split=20->1 (20 outputs) fusion_components=20 visual_only=1 lidar_only=19 yolo_in=4 yolo_match3d=1 yolo_match_det=2 yolo_human=1 fixed_size=0 size_reject=1
[lvdot_detector_main-8] [INFO] [1776984047.826292242] [lvdot_detector_node]: get_dynamic_obstacles responded with 1 obstacles from 1 tracked dynamic boxes.
[lvdot_detector_main-8] [INFO] [1776984051.140767803] [lvdot_detector_node]: Input health: depth=259 color=505 lidar=2 pose=1803 odom=1801 yolo=49 depth_pose_sync=0 lidar_pose_sync=0 depth_odom_sync=0 lidar_odom_sync=0
[lvdot_detector_main-8] [INFO] [1776984051.140835214] [lvdot_detector_node]: Stage timers: detection=113 lidar_detection=1983 tracking=2222 classification=2216 vis=1508
[lvdot_detector_main-8] [INFO] [1776984051.140847817] [lvdot_detector_node]: Processing phases: detection=run_core lidar_detection=waiting_new_lidar tracking=waiting_new_filtered_update classification=snapshot
[lvdot_detector_main-8] [INFO] [1776984051.140857880] [lvdot_detector_node]: Pipeline stats: depth_samples=1424/71300 u_map=2 depth_boxes=0 u_map_merge=0 u_map_db=0 u_map_visual=0 u_map_fused=0 u_map_filtered=0 lidar_samples=3177/122126 uv=1 db=12 lidar=19 fused=20 filtered=20 tracks=20 dynamic=0 dyn_points=0 raw_dyn_points=0 service=3/1 split=20->0 (20 outputs) fusion_components=20 visual_only=1 lidar_only=19 yolo_in=2 yolo_match3d=0 yolo_match_det=0 yolo_human=0 fixed_size=0 size_reject=0
[lvdot_detector_main-8] [INFO] [1776984052.073869100] [lvdot_detector_node]: get_dynamic_obstacles responded with 0 obstacles from 0 tracked dynamic boxes.
[lvdot_detector_main-8] [INFO] [1776984057.167252277] [lvdot_detector_node]: Input health: depth=273 color=550 lidar=2 pose=1947 odom=1944 yolo=52 depth_pose_sync=0 lidar_pose_sync=0 depth_odom_sync=0 lidar_odom_sync=0
[lvdot_detector_main-8] [INFO] [1776984057.168114363] [lvdot_detector_node]: Stage timers: detection=117 lidar_detection=2120 tracking=2352 classification=2345 vis=1572
[lvdot_detector_main-8] [INFO] [1776984057.168129897] [lvdot_detector_node]: Processing phases: detection=run_core lidar_detection=waiting_new_lidar tracking=waiting_new_filtered_update classification=run_core
[lvdot_detector_main-8] [INFO] [1776984057.168138690] [lvdot_detector_node]: Pipeline stats: depth_samples=1383/71300 u_map=2 depth_boxes=0 u_map_merge=0 u_map_db=0 u_map_visual=0 u_map_fused=0 u_map_filtered=0 lidar_samples=3177/122126 uv=0 db=12 lidar=19 fused=19 filtered=19 tracks=19 dynamic=0 dyn_points=0 raw_dyn_points=0 service=4/0 split=19->0 (19 outputs) fusion_components=19 visual_only=0 lidar_only=19 yolo_in=2 yolo_match3d=0 yolo_match_det=0 yolo_human=0 fixed_size=0 size_reject=2
[lvdot_detector_main-8] [INFO] [1776984058.993021202] [lvdot_detector_node]: get_dynamic_obstacles responded with 0 obstacles from 0 tracked dynamic boxes.
[lvdot_detector_main-8] [INFO] [1776984063.912603165] [lvdot_detector_node]: Input health: depth=292 color=591 lidar=2 pose=2083 odom=2076 yolo=57 depth_pose_sync=0 lidar_pose_sync=0 depth_odom_sync=0 lidar_odom_sync=0
[lvdot_detector_main-8] [INFO] [1776984063.912668820] [lvdot_detector_node]: Stage timers: detection=120 lidar_detection=2252 tracking=2477 classification=2463 vis=1628
[lvdot_detector_main-8] [INFO] [1776984063.912680837] [lvdot_detector_node]: Processing phases: detection=run_core lidar_detection=waiting_new_lidar tracking=waiting_new_filtered_update classification=snapshot
[lvdot_detector_main-8] [INFO] [1776984063.912690998] [lvdot_detector_node]: Pipeline stats: depth_samples=1264/71300 u_map=2 depth_boxes=0 u_map_merge=0 u_map_db=0 u_map_visual=0 u_map_fused=0 u_map_filtered=0 lidar_samples=3177/122126 uv=0 db=6 lidar=19 fused=19 filtered=19 tracks=19 dynamic=0 dyn_points=0 raw_dyn_points=0 service=5/0 split=19->0 (19 outputs) fusion_components=19 visual_only=0 lidar_only=19 yolo_in=3 yolo_match3d=0 yolo_match_det=0 yolo_human=0 fixed_size=0 size_reject=0
[lvdot_detector_main-8] [INFO] [1776984065.763012538] [lvdot_detector_node]: get_dynamic_obstacles responded with 0 obstacles from 0 tracked dynamic boxes.
[lvdot_detector_main-8] [INFO] [1776984069.931466038] [lvdot_detector_node]: Input health: depth=313 color=631 lidar=3 pose=2231 odom=2218 yolo=60 depth_pose_sync=0 lidar_pose_sync=0 depth_odom_sync=0 lidar_odom_sync=0
[lvdot_detector_main-8] [INFO] [1776984069.935292569] [lvdot_detector_node]: Stage timers: detection=124 lidar_detection=2314 tracking=2608 classification=2576 vis=1682
[lvdot_detector_main-8] [INFO] [1776984069.935316996] [lvdot_detector_node]: Processing phases: detection=run_core lidar_detection=run_lidar_detector/dbscan tracking=waiting_new_filtered_update classification=waiting_new_tracking_update
[lvdot_detector_main-8] [INFO] [1776984069.935331652] [lvdot_detector_node]: Pipeline stats: depth_samples=1516/71300 u_map=2 depth_boxes=0 u_map_merge=0 u_map_db=0 u_map_visual=0 u_map_fused=0 u_map_filtered=0 lidar_samples=3177/122126 uv=2 db=13 lidar=19 fused=21 filtered=21 tracks=21 dynamic=0 dyn_points=0 raw_dyn_points=0 service=6/0 split=21->0 (21 outputs) fusion_components=21 visual_only=2 lidar_only=19 yolo_in=2 yolo_match3d=0 yolo_match_det=0 yolo_human=0 fixed_size=0 size_reject=0
[lvdot_detector_main-8] [INFO] [1776984071.541674330] [lvdot_detector_node]: get_dynamic_obstacles responded with 2 obstacles from 2 tracked dynamic boxes.
[lvdot_detector_main-8] [INFO] [1776984075.891505277] [lvdot_detector_node]: Input health: depth=327 color=673 lidar=3 pose=2371 odom=2345 yolo=64 depth_pose_sync=0 lidar_pose_sync=0 depth_odom_sync=0 lidar_odom_sync=0
[lvdot_detector_main-8] [INFO] [1776984075.891580796] [lvdot_detector_node]: Stage timers: detection=127 lidar_detection=2369 tracking=2727 classification=2695 vis=1732
[lvdot_detector_main-8] [INFO] [1776984075.891591543] [lvdot_detector_node]: Processing phases: detection=run_core lidar_detection=snapshot tracking=snapshot classification=waiting_new_tracking_update
[lvdot_detector_main-8] [INFO] [1776984075.891600043] [lvdot_detector_node]: Pipeline stats: depth_samples=1383/71300 u_map=1 depth_boxes=0 u_map_merge=0 u_map_db=0 u_map_visual=0 u_map_fused=0 u_map_filtered=0 lidar_samples=3281/139331 uv=1 db=10 lidar=53 fused=20 filtered=20 tracks=20 dynamic=0 dyn_points=0 raw_dyn_points=0 service=7/2 split=20->0 (20 outputs) fusion_components=20 visual_only=1 lidar_only=19 yolo_in=0 yolo_match3d=0 yolo_match_det=0 yolo_human=0 fixed_size=0 size_reject=0
[lvdot_detector_main-8] [INFO] [1776984077.602370469] [lvdot_detector_node]: get_dynamic_obstacles responded with 2 obstacles from 2 tracked dynamic boxes.
[lvdot_detector_main-8] [INFO] [1776984081.911773262] [lvdot_detector_node]: Input health: depth=360 color=721 lidar=3 pose=2519 odom=2496 yolo=67 depth_pose_sync=0 lidar_pose_sync=0 depth_odom_sync=0 lidar_odom_sync=0
[lvdot_detector_main-8] [INFO] [1776984081.912872346] [lvdot_detector_node]: Stage timers: detection=131 lidar_detection=2484 tracking=2836 classification=2810 vis=1780
[lvdot_detector_main-8] [INFO] [1776984081.912893449] [lvdot_detector_node]: Processing phases: detection=run_core lidar_detection=waiting_new_lidar tracking=waiting_new_filtered_update classification=run_core
[lvdot_detector_main-8] [INFO] [1776984081.912902437] [lvdot_detector_node]: Pipeline stats: depth_samples=1384/71300 u_map=2 depth_boxes=0 u_map_merge=0 u_map_db=0 u_map_visual=0 u_map_fused=0 u_map_filtered=0 lidar_samples=3281/139331 uv=1 db=14 lidar=53 fused=54 filtered=54 tracks=54 dynamic=0 dyn_points=0 raw_dyn_points=0 service=8/2 split=54->0 (54 outputs) fusion_components=54 visual_only=1 lidar_only=53 yolo_in=3 yolo_match3d=3 yolo_match_det=3 yolo_human=3 fixed_size=0 size_reject=0
[lvdot_detector_main-8] [INFO] [1776984084.042982462] [lvdot_detector_node]: get_dynamic_obstacles responded with 1 obstacles from 1 tracked dynamic boxes.
[lvdot_detector_main-8] [INFO] [1776984087.897421658] [lvdot_detector_node]: Input health: depth=385 color=762 lidar=3 pose=2661 odom=2630 yolo=70 depth_pose_sync=0 lidar_pose_sync=0 depth_odom_sync=0 lidar_odom_sync=0
[lvdot_detector_main-8] [INFO] [1776984087.897481058] [lvdot_detector_node]: Stage timers: detection=134 lidar_detection=2594 tracking=2951 classification=2904 vis=1820
[lvdot_detector_main-8] [INFO] [1776984087.897551888] [lvdot_detector_node]: Processing phases: detection=run_core lidar_detection=waiting_new_lidar tracking=snapshot classification=snapshot
[lvdot_detector_main-8] [INFO] [1776984087.897565272] [lvdot_detector_node]: Pipeline stats: depth_samples=1377/71300 u_map=1 depth_boxes=0 u_map_merge=0 u_map_db=0 u_map_visual=0 u_map_fused=0 u_map_filtered=0 lidar_samples=3281/139331 uv=1 db=10 lidar=53 fused=54 filtered=54 tracks=54 dynamic=1 dyn_points=125 raw_dyn_points=0 service=9/1 split=54->0 (54 outputs) fusion_components=54 visual_only=1 lidar_only=53 yolo_in=4 yolo_match3d=1 yolo_match_det=1 yolo_human=1 fixed_size=0 size_reject=0
[lvdot_detector_main-8] [INFO] [1776984089.740439764] [lvdot_detector_node]: get_dynamic_obstacles responded with 1 obstacles from 1 tracked dynamic boxes.
[lvdot_detector_main-8] [INFO] [1776984093.918529920] [lvdot_detector_node]: Input health: depth=400 color=792 lidar=3 pose=2796 odom=2763 yolo=73 depth_pose_sync=0 lidar_pose_sync=0 depth_odom_sync=0 lidar_odom_sync=0
[lvdot_detector_main-8] [INFO] [1776984093.918603292] [lvdot_detector_node]: Stage timers: detection=138 lidar_detection=2705 tracking=3047 classification=3004 vis=1859
[lvdot_detector_main-8] [INFO] [1776984093.918617946] [lvdot_detector_node]: Processing phases: detection=run_core lidar_detection=waiting_new_lidar tracking=idle classification=waiting_new_tracking_update
[lvdot_detector_main-8] [INFO] [1776984093.918629084] [lvdot_detector_node]: Pipeline stats: depth_samples=1353/71300 u_map=2 depth_boxes=0 u_map_merge=0 u_map_db=0 u_map_visual=0 u_map_fused=0 u_map_filtered=0 lidar_samples=3281/139331 uv=2 db=13 lidar=53 fused=55 filtered=55 tracks=55 dynamic=0 dyn_points=0 raw_dyn_points=0 service=10/1 split=55->0 (55 outputs) fusion_components=55 visual_only=2 lidar_only=53 yolo_in=1 yolo_match3d=1 yolo_match_det=1 yolo_human=1 fixed_size=53 size_reject=0
[lvdot_detector_main-8] [INFO] [1776984094.844824768] [lvdot_detector_node]: get_dynamic_obstacles responded with 0 obstacles from 0 tracked dynamic boxes.
[lvdot_detector_main-8] [INFO] [1776984100.682319834] [lvdot_detector_node]: Input health: depth=421 color=828 lidar=4 pose=2940 odom=2895 yolo=77 depth_pose_sync=0 lidar_pose_sync=0 depth_odom_sync=0 lidar_odom_sync=0
[lvdot_detector_main-8] [INFO] [1776984100.682386957] [lvdot_detector_node]: Stage timers: detection=141 lidar_detection=2805 tracking=3143 classification=3087 vis=1904
[lvdot_detector_main-8] [INFO] [1776984100.682397900] [lvdot_detector_node]: Processing phases: detection=run_core lidar_detection=run_lidar_detector/project tracking=waiting_new_filtered_update classification=snapshot
[lvdot_detector_main-8] [INFO] [1776984100.682406498] [lvdot_detector_node]: Pipeline stats: depth_samples=1409/71300 u_map=1 depth_boxes=0 u_map_merge=0 u_map_db=0 u_map_visual=0 u_map_fused=0 u_map_filtered=0 lidar_samples=3281/139331 uv=0 db=12 lidar=53 fused=53 filtered=53 tracks=53 dynamic=0 dyn_points=0 raw_dyn_points=0 service=11/0 split=53->0 (53 outputs) fusion_components=53 visual_only=0 lidar_only=53 yolo_in=0 yolo_match3d=0 yolo_match_det=0 yolo_human=0 fixed_size=0 size_reject=0
[lvdot_detector_main-8] [INFO] [1776984106.690620387] [lvdot_detector_node]: Input health: depth=448 color=859 lidar=4 pose=3084 odom=3038 yolo=81 depth_pose_sync=0 lidar_pose_sync=0 depth_odom_sync=0 lidar_odom_sync=0
[lvdot_detector_main-8] [INFO] [1776984106.690683016] [lvdot_detector_node]: Stage timers: detection=144 lidar_detection=2847 tracking=3274 classification=3212 vis=1955
[lvdot_detector_main-8] [INFO] [1776984106.690699235] [lvdot_detector_node]: Processing phases: detection=run_core lidar_detection=waiting_new_lidar tracking=waiting_new_filtered_update classification=snapshot
[lvdot_detector_main-8] [INFO] [1776984106.690708028] [lvdot_detector_node]: Pipeline stats: depth_samples=1484/71300 u_map=2 depth_boxes=0 u_map_merge=0 u_map_db=0 u_map_visual=0 u_map_fused=0 u_map_filtered=0 lidar_samples=3234/121629 uv=2 db=11 lidar=20 fused=55 filtered=55 tracks=55 dynamic=1 dyn_points=24 raw_dyn_points=0 service=11/0 split=55->0 (55 outputs) fusion_components=55 visual_only=2 lidar_only=53 yolo_in=3 yolo_match3d=2 yolo_match_det=2 yolo_human=2 fixed_size=0 size_reject=1
[lvdot_detector_main-8] [INFO] [1776984108.738733239] [lvdot_detector_node]: get_dynamic_obstacles responded with 3 obstacles from 3 tracked dynamic boxes.
[lvdot_detector_main-8] [INFO] [1776984112.687164110] [lvdot_detector_node]: Input health: depth=470 color=894 lidar=4 pose=3227 odom=3180 yolo=84 depth_pose_sync=0 lidar_pose_sync=0 depth_odom_sync=0 lidar_odom_sync=0
[lvdot_detector_main-8] [INFO] [1776984112.687234158] [lvdot_detector_node]: Stage timers: detection=147 lidar_detection=2997 tracking=3419 classification=3353 vis=2008
[lvdot_detector_main-8] [INFO] [1776984112.687246077] [lvdot_detector_node]: Processing phases: detection=run_core lidar_detection=waiting_new_lidar tracking=snapshot classification=snapshot
[lvdot_detector_main-8] [INFO] [1776984112.687255260] [lvdot_detector_node]: Pipeline stats: depth_samples=1425/71300 u_map=2 depth_boxes=0 u_map_merge=0 u_map_db=0 u_map_visual=0 u_map_fused=0 u_map_filtered=0 lidar_samples=3234/121629 uv=2 db=15 lidar=20 fused=22 filtered=23 tracks=23 dynamic=2 dyn_points=25 raw_dyn_points=0 service=12/3 split=22->1 (23 outputs) fusion_components=22 visual_only=2 lidar_only=20 yolo_in=3 yolo_match3d=1 yolo_match_det=2 yolo_human=2 fixed_size=0 size_reject=0
[lvdot_detector_main-8] [INFO] [1776984113.617376561] [lvdot_detector_node]: get_dynamic_obstacles responded with 0 obstacles from 0 tracked dynamic boxes.
[lvdot_detector_main-8] [INFO] [1776984118.711989240] [lvdot_detector_node]: Input health: depth=483 color=932 lidar=4 pose=3372 odom=3326 yolo=88 depth_pose_sync=0 lidar_pose_sync=0 depth_odom_sync=0 lidar_odom_sync=0
[lvdot_detector_main-8] [INFO] [1776984118.712091137] [lvdot_detector_node]: Stage timers: detection=151 lidar_detection=3139 tracking=3551 classification=3482 vis=2064
[lvdot_detector_main-8] [INFO] [1776984118.712122790] [lvdot_detector_node]: Processing phases: detection=run_core lidar_detection=waiting_new_lidar tracking=waiting_new_filtered_update classification=waiting_new_tracking_update
[lvdot_detector_main-8] [INFO] [1776984118.712135002] [lvdot_detector_node]: Pipeline stats: depth_samples=1485/71300 u_map=3 depth_boxes=0 u_map_merge=0 u_map_db=0 u_map_visual=0 u_map_fused=0 u_map_filtered=0 lidar_samples=3234/121629 uv=2 db=11 lidar=20 fused=22 filtered=23 tracks=23 dynamic=2 dyn_points=80 raw_dyn_points=2203 service=13/0 split=22->1 (23 outputs) fusion_components=22 visual_only=2 lidar_only=20 yolo_in=3 yolo_match3d=2 yolo_match_det=3 yolo_human=3 fixed_size=0 size_reject=1
[lvdot_detector_main-8] [INFO] [1776984120.420320502] [lvdot_detector_node]: get_dynamic_obstacles responded with 2 obstacles from 2 tracked dynamic boxes.
[lvdot_detector_main-8] [INFO] [1776984124.688704070] [lvdot_detector_node]: Input health: depth=508 color=961 lidar=4 pose=3514 odom=3468 yolo=91 depth_pose_sync=0 lidar_pose_sync=0 depth_odom_sync=0 lidar_odom_sync=0
[lvdot_detector_main-8] [INFO] [1776984124.688767280] [lvdot_detector_node]: Stage timers: detection=154 lidar_detection=3276 tracking=3683 classification=3620 vis=2118
[lvdot_detector_main-8] [INFO] [1776984124.688778711] [lvdot_detector_node]: Processing phases: detection=run_core lidar_detection=waiting_new_lidar tracking=snapshot classification=waiting_new_tracking_update
[lvdot_detector_main-8] [INFO] [1776984124.688788188] [lvdot_detector_node]: Pipeline stats: depth_samples=1530/71300 u_map=3 depth_boxes=0 u_map_merge=0 u_map_db=0 u_map_visual=0 u_map_fused=0 u_map_filtered=0 lidar_samples=3234/121629 uv=3 db=12 lidar=20 fused=23 filtered=23 tracks=23 dynamic=2 dyn_points=240 raw_dyn_points=10676 service=14/2 split=23->0 (23 outputs) fusion_components=23 visual_only=3 lidar_only=20 yolo_in=2 yolo_match3d=2 yolo_match_det=2 yolo_human=2 fixed_size=0 size_reject=0
[lvdot_detector_main-8] [INFO] [1776984126.547762671] [lvdot_detector_node]: get_dynamic_obstacles responded with 0 obstacles from 0 tracked dynamic boxes.
[lvdot_detector_main-8] [INFO] [1776984131.444720376] [lvdot_detector_node]: Input health: depth=541 color=1004 lidar=4 pose=3662 odom=3616 yolo=94 depth_pose_sync=0 lidar_pose_sync=0 depth_odom_sync=0 lidar_odom_sync=0
[lvdot_detector_main-8] [INFO] [1776984131.445684751] [lvdot_detector_node]: Stage timers: detection=158 lidar_detection=3420 tracking=3816 classification=3743 vis=2176
[lvdot_detector_main-8] [INFO] [1776984131.446272013] [lvdot_detector_node]: Processing phases: detection=run_core lidar_detection=snapshot tracking=waiting_new_filtered_update classification=waiting_new_tracking_update
[lvdot_detector_main-8] [INFO] [1776984131.447089842] [lvdot_detector_node]: Pipeline stats: depth_samples=1384/71300 u_map=2 depth_boxes=0 u_map_merge=0 u_map_db=0 u_map_visual=0 u_map_fused=0 u_map_filtered=0 lidar_samples=3234/121629 uv=2 db=9 lidar=20 fused=22 filtered=22 tracks=22 dynamic=1 dyn_points=50 raw_dyn_points=0 service=15/0 split=22->0 (22 outputs) fusion_components=22 visual_only=2 lidar_only=20 yolo_in=1 yolo_match3d=1 yolo_match_det=1 yolo_human=1 fixed_size=0 size_reject=0
[lvdot_detector_main-8] [INFO] [1776984133.165471950] [lvdot_detector_node]: get_dynamic_obstacles responded with 0 obstacles from 0 tracked dynamic boxes.
[lvdot_detector_main-8] [INFO] [1776984137.454291662] [lvdot_detector_node]: Input health: depth=565 color=1053 lidar=4 pose=3806 odom=3760 yolo=98 depth_pose_sync=0 lidar_pose_sync=0 depth_odom_sync=0 lidar_odom_sync=0
[lvdot_detector_main-8] [INFO] [1776984137.454370607] [lvdot_detector_node]: Stage timers: detection=162 lidar_detection=3558 tracking=3946 classification=3875 vis=2233
[lvdot_detector_main-8] [INFO] [1776984137.454388584] [lvdot_detector_node]: Processing phases: detection=run_core lidar_detection=snapshot tracking=waiting_new_filtered_update classification=waiting_new_tracking_update
[lvdot_detector_main-8] [INFO] [1776984137.454398452] [lvdot_detector_node]: Pipeline stats: depth_samples=1553/71300 u_map=3 depth_boxes=0 u_map_merge=0 u_map_db=0 u_map_visual=0 u_map_fused=0 u_map_filtered=0 lidar_samples=3234/121629 uv=2 db=11 lidar=20 fused=22 filtered=22 tracks=22 dynamic=1 dyn_points=42 raw_dyn_points=0 service=16/0 split=22->0 (22 outputs) fusion_components=22 visual_only=2 lidar_only=20 yolo_in=1 yolo_match3d=1 yolo_match_det=1 yolo_human=1 fixed_size=0 size_reject=0
[lvdot_detector_main-8] [INFO] [1776984139.207199542] [lvdot_detector_node]: get_dynamic_obstacles responded with 0 obstacles from 0 tracked dynamic boxes.
[lvdot_detector_main-8] [INFO] [1776984143.459897648] [lvdot_detector_node]: Input health: depth=584 color=1087 lidar=4 pose=3946 odom=3899 yolo=101 depth_pose_sync=0 lidar_pose_sync=0 depth_odom_sync=0 lidar_odom_sync=0
[lvdot_detector_main-8] [INFO] [1776984143.459957437] [lvdot_detector_node]: Stage timers: detection=166 lidar_detection=3691 tracking=4082 classification=4008 vis=2290
[lvdot_detector_main-8] [INFO] [1776984143.459968379] [lvdot_detector_node]: Processing phases: detection=run_core lidar_detection=waiting_new_lidar tracking=waiting_new_filtered_update classification=idle
[lvdot_detector_main-8] [INFO] [1776984143.459977464] [lvdot_detector_node]: Pipeline stats: depth_samples=1515/71300 u_map=2 depth_boxes=0 u_map_merge=0 u_map_db=0 u_map_visual=0 u_map_fused=0 u_map_filtered=0 lidar_samples=3234/121629 uv=2 db=13 lidar=20 fused=22 filtered=22 tracks=22 dynamic=1 dyn_points=91 raw_dyn_points=10676 service=17/0 split=22->0 (22 outputs) fusion_components=22 visual_only=2 lidar_only=20 yolo_in=5 yolo_match3d=1 yolo_match_det=1 yolo_human=1 fixed_size=0 size_reject=0
[lvdot_detector_main-8] [INFO] [1776984143.654994907] [lvdot_detector_node]: get_dynamic_obstacles responded with 1 obstacles from 1 tracked dynamic boxes.
[lvdot_detector_main-8] [INFO] [1776984149.441505366] [lvdot_detector_node]: Input health: depth=618 color=1119 lidar=4 pose=4092 odom=4046 yolo=104 depth_pose_sync=0 lidar_pose_sync=0 depth_odom_sync=0 lidar_odom_sync=0
[lvdot_detector_main-8] [INFO] [1776984149.441590849] [lvdot_detector_node]: Stage timers: detection=169 lidar_detection=3820 tracking=4198 classification=4132 vis=2336
[lvdot_detector_main-8] [INFO] [1776984149.441603061] [lvdot_detector_node]: Processing phases: detection=run_core lidar_detection=waiting_new_lidar tracking=waiting_new_filtered_update classification=snapshot
[lvdot_detector_main-8] [INFO] [1776984149.441613319] [lvdot_detector_node]: Pipeline stats: depth_samples=1335/71300 u_map=1 depth_boxes=0 u_map_merge=0 u_map_db=0 u_map_visual=0 u_map_fused=0 u_map_filtered=0 lidar_samples=3234/121629 uv=1 db=10 lidar=20 fused=21 filtered=21 tracks=21 dynamic=0 dyn_points=0 raw_dyn_points=0 service=18/1 split=21->0 (21 outputs) fusion_components=21 visual_only=1 lidar_only=20 yolo_in=3 yolo_match3d=0 yolo_match_det=0 yolo_human=0 fixed_size=0 size_reject=0
[lvdot_detector_main-8] [INFO] [1776984155.448922291] [lvdot_detector_node]: Input health: depth=636 color=1156 lidar=4 pose=4235 odom=4180 yolo=107 depth_pose_sync=0 lidar_pose_sync=0 depth_odom_sync=0 lidar_odom_sync=0
[lvdot_detector_main-8] [INFO] [1776984155.449001717] [lvdot_detector_node]: Stage timers: detection=172 lidar_detection=3947 tracking=4323 classification=4247 vis=2391
[lvdot_detector_main-8] [INFO] [1776984155.449017641] [lvdot_detector_node]: Processing phases: detection=run_core lidar_detection=waiting_new_lidar tracking=waiting_new_filtered_update classification=snapshot
[lvdot_detector_main-8] [INFO] [1776984155.449030244] [lvdot_detector_node]: Pipeline stats: depth_samples=1417/71300 u_map=1 depth_boxes=0 u_map_merge=0 u_map_db=0 u_map_visual=0 u_map_fused=0 u_map_filtered=0 lidar_samples=3234/121629 uv=1 db=13 lidar=20 fused=21 filtered=21 tracks=21 dynamic=0 dyn_points=0 raw_dyn_points=0 service=18/1 split=21->0 (21 outputs) fusion_components=21 visual_only=1 lidar_only=20 yolo_in=3 yolo_match3d=0 yolo_match_det=0 yolo_human=0 fixed_size=0 size_reject=0
[lvdot_detector_main-8] [INFO] [1776984157.476407287] [lvdot_detector_node]: get_dynamic_obstacles responded with 0 obstacles from 0 tracked dynamic boxes.
[lvdot_detector_main-8] [INFO] [1776984161.423805853] [lvdot_detector_node]: Input health: depth=651 color=1188 lidar=4 pose=4380 odom=4324 yolo=112 depth_pose_sync=0 lidar_pose_sync=0 depth_odom_sync=0 lidar_odom_sync=0
[lvdot_detector_main-8] [INFO] [1776984161.433156653] [lvdot_detector_node]: Stage timers: detection=176 lidar_detection=4079 tracking=4438 classification=4354 vis=2442
[lvdot_detector_main-8] [INFO] [1776984161.433743716] [lvdot_detector_node]: Processing phases: detection=run_core lidar_detection=waiting_new_lidar tracking=waiting_new_filtered_update classification=snapshot
[lvdot_detector_main-8] [INFO] [1776984161.433755928] [lvdot_detector_node]: Pipeline stats: depth_samples=1401/71300 u_map=2 depth_boxes=0 u_map_merge=0 u_map_db=0 u_map_visual=0 u_map_fused=0 u_map_filtered=0 lidar_samples=3234/121629 uv=0 db=13 lidar=20 fused=20 filtered=20 tracks=20 dynamic=0 dyn_points=0 raw_dyn_points=0 service=19/0 split=20->0 (20 outputs) fusion_components=20 visual_only=0 lidar_only=20 yolo_in=2 yolo_match3d=0 yolo_match_det=0 yolo_human=0 fixed_size=0 size_reject=0
[lvdot_detector_main-8] [INFO] [1776984164.329286389] [lvdot_detector_node]: get_dynamic_obstacles responded with 2 obstacles from 2 tracked dynamic boxes.
[lvdot_detector_main-8] [INFO] [1776984168.207487998] [lvdot_detector_node]: Input health: depth=667 color=1229 lidar=4 pose=4521 odom=4462 yolo=115 depth_pose_sync=0 lidar_pose_sync=0 depth_odom_sync=0 lidar_odom_sync=0
[lvdot_detector_main-8] [INFO] [1776984168.207549942] [lvdot_detector_node]: Stage timers: detection=180 lidar_detection=4212 tracking=4542 classification=4455 vis=2488
[lvdot_detector_main-8] [INFO] [1776984168.207560298] [lvdot_detector_node]: Processing phases: detection=run_core lidar_detection=waiting_new_lidar tracking=waiting_new_filtered_update classification=run_core
[lvdot_detector_main-8] [INFO] [1776984168.207569091] [lvdot_detector_node]: Pipeline stats: depth_samples=1555/71300 u_map=3 depth_boxes=0 u_map_merge=0 u_map_db=0 u_map_visual=0 u_map_fused=0 u_map_filtered=0 lidar_samples=3234/121629 uv=2 db=12 lidar=20 fused=22 filtered=22 tracks=22 dynamic=1 dyn_points=49 raw_dyn_points=918 service=20/2 split=22->0 (22 outputs) fusion_components=22 visual_only=2 lidar_only=20 yolo_in=2 yolo_match3d=2 yolo_match_det=2 yolo_human=2 fixed_size=0 size_reject=0
[lvdot_detector_main-8] [INFO] [1776984170.756397505] [lvdot_detector_node]: get_dynamic_obstacles responded with 2 obstacles from 2 tracked dynamic boxes.
[lvdot_detector_main-8] [INFO] [1776984174.229830708] [lvdot_detector_node]: Input health: depth=683 color=1277 lidar=4 pose=4665 odom=4600 yolo=118 depth_pose_sync=0 lidar_pose_sync=0 depth_odom_sync=0 lidar_odom_sync=0
[lvdot_detector_main-8] [INFO] [1776984174.229927621] [lvdot_detector_node]: Stage timers: detection=183 lidar_detection=4339 tracking=4646 classification=4556 vis=2532
[lvdot_detector_main-8] [INFO] [1776984174.229946476] [lvdot_detector_node]: Processing phases: detection=run_core lidar_detection=waiting_new_lidar tracking=waiting_new_filtered_update classification=waiting_new_tracking_update
[lvdot_detector_main-8] [INFO] [1776984174.229957808] [lvdot_detector_node]: Pipeline stats: depth_samples=1383/71300 u_map=1 depth_boxes=0 u_map_merge=0 u_map_db=0 u_map_visual=0 u_map_fused=0 u_map_filtered=0 lidar_samples=3234/121629 uv=1 db=10 lidar=20 fused=21 filtered=21 tracks=21 dynamic=1 dyn_points=30 raw_dyn_points=311 service=21/2 split=21->0 (21 outputs) fusion_components=21 visual_only=1 lidar_only=20 yolo_in=2 yolo_match3d=1 yolo_match_det=1 yolo_human=1 fixed_size=0 size_reject=0
[lvdot_detector_main-8] [INFO] [1776984175.931241892] [lvdot_detector_node]: get_dynamic_obstacles responded with 0 obstacles from 0 tracked dynamic boxes.
[lvdot_detector_main-8] [INFO] [1776984180.226631845] [lvdot_detector_node]: Input health: depth=704 color=1317 lidar=4 pose=4810 odom=4735 yolo=122 depth_pose_sync=0 lidar_pose_sync=0 depth_odom_sync=0 lidar_odom_sync=0
[lvdot_detector_main-8] [INFO] [1776984180.227656855] [lvdot_detector_node]: Stage timers: detection=187 lidar_detection=4447 tracking=4752 classification=4650 vis=2578
[lvdot_detector_main-8] [INFO] [1776984180.228162718] [lvdot_detector_node]: Processing phases: detection=run_core lidar_detection=waiting_new_lidar tracking=waiting_new_filtered_update classification=waiting_new_tracking_update
[lvdot_detector_main-8] [INFO] [1776984180.228921901] [lvdot_detector_node]: Pipeline stats: depth_samples=1426/71300 u_map=2 depth_boxes=0 u_map_merge=0 u_map_db=0 u_map_visual=0 u_map_fused=0 u_map_filtered=0 lidar_samples=3234/121629 uv=1 db=10 lidar=20 fused=21 filtered=21 tracks=21 dynamic=1 dyn_points=91 raw_dyn_points=10672 service=22/0 split=21->0 (21 outputs) fusion_components=21 visual_only=1 lidar_only=20 yolo_in=1 yolo_match3d=1 yolo_match_det=1 yolo_human=1 fixed_size=0 size_reject=0
[lvdot_detector_main-8] [INFO] [1776984181.934067696] [lvdot_detector_node]: get_dynamic_obstacles responded with 1 obstacles from 1 tracked dynamic boxes.
[lvdot_detector_main-8] [INFO] [1776984186.227089437] [lvdot_detector_node]: Input health: depth=724 color=1336 lidar=4 pose=4954 odom=4880 yolo=126 depth_pose_sync=0 lidar_pose_sync=0 depth_odom_sync=0 lidar_odom_sync=0
[lvdot_detector_main-8] [INFO] [1776984186.227153525] [lvdot_detector_node]: Stage timers: detection=191 lidar_detection=4566 tracking=4862 classification=4757 vis=2626
[lvdot_detector_main-8] [INFO] [1776984186.227166323] [lvdot_detector_node]: Processing phases: detection=run_core lidar_detection=waiting_new_lidar tracking=idle classification=waiting_new_tracking_update
[lvdot_detector_main-8] [INFO] [1776984186.227177655] [lvdot_detector_node]: Pipeline stats: depth_samples=1397/71300 u_map=3 depth_boxes=0 u_map_merge=0 u_map_db=0 u_map_visual=0 u_map_fused=0 u_map_filtered=0 lidar_samples=3234/121629 uv=1 db=9 lidar=20 fused=21 filtered=21 tracks=21 dynamic=0 dyn_points=0 raw_dyn_points=0 service=23/1 split=21->0 (21 outputs) fusion_components=21 visual_only=1 lidar_only=20 yolo_in=3 yolo_match3d=0 yolo_match_det=0 yolo_human=0 fixed_size=20 size_reject=0
[lvdot_detector_main-8] [INFO] [1776984188.180640259] [lvdot_detector_node]: get_dynamic_obstacles responded with 0 obstacles from 0 tracked dynamic boxes.
[lvdot_detector_main-8] [INFO] [1776984192.184445298] [lvdot_detector_node]: Input health: depth=747 color=1362 lidar=5 pose=5100 odom=5023 yolo=129 depth_pose_sync=0 lidar_pose_sync=0 depth_odom_sync=0 lidar_odom_sync=0
[lvdot_detector_main-8] [INFO] [1776984192.184519157] [lvdot_detector_node]: Stage timers: detection=194 lidar_detection=4623 tracking=4974 classification=4868 vis=2674
[lvdot_detector_main-8] [INFO] [1776984192.184563805] [lvdot_detector_node]: Processing phases: detection=run_core lidar_detection=run_lidar_detector/dbscan tracking=waiting_new_filtered_update classification=waiting_new_tracking_update
[lvdot_detector_main-8] [INFO] [1776984192.184576603] [lvdot_detector_node]: Pipeline stats: depth_samples=1208/71300 u_map=2 depth_boxes=0 u_map_merge=0 u_map_db=0 u_map_visual=0 u_map_fused=0 u_map_filtered=0 lidar_samples=3234/121629 uv=2 db=13 lidar=20 fused=22 filtered=22 tracks=22 dynamic=0 dyn_points=0 raw_dyn_points=0 service=24/0 split=22->1 (22 outputs) fusion_components=22 visual_only=2 lidar_only=20 yolo_in=2 yolo_match3d=1 yolo_match_det=2 yolo_human=0 fixed_size=0 size_reject=0
[lvdot_detector_main-8] [INFO] [1776984194.091273169] [lvdot_detector_node]: get_dynamic_obstacles responded with 0 obstacles from 0 tracked dynamic boxes.
[lvdot_detector_main-8] [INFO] [1776984198.995534276] [lvdot_detector_node]: Input health: depth=765 color=1400 lidar=5 pose=5238 odom=5154 yolo=133 depth_pose_sync=0 lidar_pose_sync=0 depth_odom_sync=0 lidar_odom_sync=0
[lvdot_detector_main-8] [INFO] [1776984198.995585963] [lvdot_detector_node]: Stage timers: detection=197 lidar_detection=4683 tracking=5104 classification=4977 vis=2726
[lvdot_detector_main-8] [INFO] [1776984198.995594073] [lvdot_detector_node]: Processing phases: detection=run_core lidar_detection=waiting_new_lidar tracking=snapshot classification=waiting_new_tracking_update
[lvdot_detector_main-8] [INFO] [1776984198.995600521] [lvdot_detector_node]: Pipeline stats: depth_samples=1444/71300 u_map=1 depth_boxes=0 u_map_merge=0 u_map_db=0 u_map_visual=0 u_map_fused=0 u_map_filtered=0 lidar_samples=3234/144186 uv=1 db=10 lidar=79 fused=21 filtered=21 tracks=21 dynamic=1 dyn_points=58 raw_dyn_points=0 service=25/0 split=21->0 (21 outputs) fusion_components=21 visual_only=1 lidar_only=20 yolo_in=1 yolo_match3d=1 yolo_match_det=1 yolo_human=1 fixed_size=0 size_reject=0
[lvdot_detector_main-8] [INFO] [1776984200.746091834] [lvdot_detector_node]: get_dynamic_obstacles responded with 0 obstacles from 0 tracked dynamic boxes.
[lvdot_detector_main-8] [INFO] [1776984204.974785930] [lvdot_detector_node]: Input health: depth=789 color=1438 lidar=5 pose=5383 odom=5292 yolo=136 depth_pose_sync=0 lidar_pose_sync=0 depth_odom_sync=0 lidar_odom_sync=0
[lvdot_detector_main-8] [INFO] [1776984204.974899075] [lvdot_detector_node]: Stage timers: detection=201 lidar_detection=4791 tracking=5203 classification=5078 vis=2768
[lvdot_detector_main-8] [INFO] [1776984204.974913145] [lvdot_detector_node]: Processing phases: detection=run_core lidar_detection=waiting_new_lidar tracking=waiting_new_filtered_update classification=waiting_new_tracking_update
[lvdot_detector_main-8] [INFO] [1776984204.974923306] [lvdot_detector_node]: Pipeline stats: depth_samples=1410/71300 u_map=1 depth_boxes=0 u_map_merge=0 u_map_db=0 u_map_visual=0 u_map_fused=0 u_map_filtered=0 lidar_samples=3234/144186 uv=1 db=10 lidar=79 fused=80 filtered=80 tracks=80 dynamic=0 dyn_points=0 raw_dyn_points=0 service=26/0 split=80->1 (80 outputs) fusion_components=80 visual_only=1 lidar_only=79 yolo_in=2 yolo_match3d=1 yolo_match_det=2 yolo_human=0 fixed_size=0 size_reject=0
[lvdot_detector_main-8] [INFO] [1776984206.861617168] [lvdot_detector_node]: get_dynamic_obstacles responded with 1 obstacles from 1 tracked dynamic boxes.
[lvdot_detector_main-8] [INFO] [1776984210.997041621] [lvdot_detector_node]: Input health: depth=799 color=1466 lidar=6 pose=5527 odom=5436 yolo=140 depth_pose_sync=0 lidar_pose_sync=0 depth_odom_sync=0 lidar_odom_sync=0
[lvdot_detector_main-8] [INFO] [1776984210.997119678] [lvdot_detector_node]: Stage timers: detection=205 lidar_detection=4806 tracking=5309 classification=5192 vis=2812
[lvdot_detector_main-8] [INFO] [1776984210.997137947] [lvdot_detector_node]: Processing phases: detection=run_core lidar_detection=waiting_new_lidar tracking=build_input classification=waiting_new_tracking_update
[lvdot_detector_main-8] [INFO] [1776984210.997151037] [lvdot_detector_node]: Pipeline stats: depth_samples=1348/71300 u_map=1 depth_boxes=0 u_map_merge=0 u_map_db=0 u_map_visual=0 u_map_fused=0 u_map_filtered=0 lidar_samples=3220/122001 uv=1 db=13 lidar=16 fused=17 filtered=17 tracks=80 dynamic=0 dyn_points=0 raw_dyn_points=0 service=27/1 split=17->0 (17 outputs) fusion_components=17 visual_only=1 lidar_only=16 yolo_in=4 yolo_match3d=1 yolo_match_det=1 yolo_human=1 fixed_size=0 size_reject=0
[lvdot_detector_main-8] [INFO] [1776984211.836683725] [lvdot_detector_node]: get_dynamic_obstacles responded with 1 obstacles from 1 tracked dynamic boxes.
[lvdot_detector_main-8] [INFO] [1776984216.988357891] [lvdot_detector_node]: Input health: depth=820 color=1502 lidar=6 pose=5671 odom=5580 yolo=144 depth_pose_sync=0 lidar_pose_sync=0 depth_odom_sync=0 lidar_odom_sync=0
[lvdot_detector_main-8] [INFO] [1776984216.988420804] [lvdot_detector_node]: Stage timers: detection=208 lidar_detection=4958 tracking=5451 classification=5341 vis=2874
[lvdot_detector_main-8] [INFO] [1776984216.988433895] [lvdot_detector_node]: Processing phases: detection=run_core lidar_detection=snapshot tracking=waiting_new_filtered_update classification=waiting_new_tracking_update
[lvdot_detector_main-8] [INFO] [1776984216.988443762] [lvdot_detector_node]: Pipeline stats: depth_samples=1499/71300 u_map=3 depth_boxes=0 u_map_merge=0 u_map_db=0 u_map_visual=0 u_map_fused=0 u_map_filtered=0 lidar_samples=3220/122001 uv=2 db=10 lidar=16 fused=18 filtered=18 tracks=18 dynamic=0 dyn_points=0 raw_dyn_points=0 service=28/1 split=18->0 (18 outputs) fusion_components=18 visual_only=2 lidar_only=16 yolo_in=2 yolo_match3d=0 yolo_match_det=0 yolo_human=0 fixed_size=0 size_reject=0
[lvdot_detector_main-8] [INFO] [1776984222.981436368] [lvdot_detector_node]: Input health: depth=842 color=1536 lidar=6 pose=5813 odom=5722 yolo=147 depth_pose_sync=0 lidar_pose_sync=0 depth_odom_sync=0 lidar_odom_sync=0
[lvdot_detector_main-8] [INFO] [1776984222.981559664] [lvdot_detector_node]: Stage timers: detection=211 lidar_detection=5111 tracking=5601 classification=5482 vis=2935
[lvdot_detector_main-8] [INFO] [1776984222.981585066] [lvdot_detector_node]: Processing phases: detection=run_core lidar_detection=snapshot tracking=waiting_new_filtered_update classification=waiting_new_tracking_update
[lvdot_detector_main-8] [INFO] [1776984222.981598646] [lvdot_detector_node]: Pipeline stats: depth_samples=1871/71300 u_map=4 depth_boxes=0 u_map_merge=0 u_map_db=0 u_map_visual=0 u_map_fused=0 u_map_filtered=0 lidar_samples=3220/122001 uv=2 db=19 lidar=16 fused=18 filtered=18 tracks=18 dynamic=1 dyn_points=84 raw_dyn_points=1627 service=28/1 split=18->0 (18 outputs) fusion_components=18 visual_only=2 lidar_only=16 yolo_in=1 yolo_match3d=1 yolo_match_det=1 yolo_human=1 fixed_size=0 size_reject=0
[lvdot_detector_main-8] [INFO] [1776984229.729712123] [lvdot_detector_node]: Input health: depth=862 color=1560 lidar=6 pose=5960 odom=5869 yolo=151 depth_pose_sync=0 lidar_pose_sync=0 depth_odom_sync=0 lidar_odom_sync=0
[lvdot_detector_main-8] [INFO] [1776984229.729784127] [lvdot_detector_node]: Stage timers: detection=215 lidar_detection=5266 tracking=5737 classification=5619 vis=2992
[lvdot_detector_main-8] [INFO] [1776984229.729799563] [lvdot_detector_node]: Processing phases: detection=run_core lidar_detection=waiting_new_lidar tracking=snapshot classification=waiting_new_tracking_update
[lvdot_detector_main-8] [INFO] [1776984229.729812459] [lvdot_detector_node]: Pipeline stats: depth_samples=1388/71300 u_map=0 depth_boxes=0 u_map_merge=0 u_map_db=0 u_map_visual=0 u_map_fused=0 u_map_filtered=0 lidar_samples=3220/122001 uv=0 db=11 lidar=16 fused=16 filtered=16 tracks=16 dynamic=0 dyn_points=0 raw_dyn_points=0 service=28/1 split=16->0 (16 outputs) fusion_components=16 visual_only=0 lidar_only=16 yolo_in=2 yolo_match3d=0 yolo_match_det=0 yolo_human=0 fixed_size=0 size_reject=0
[lvdot_detector_main-8] [INFO] [1776984235.739985029] [lvdot_detector_node]: Input health: depth=872 color=1610 lidar=6 pose=6104 odom=6013 yolo=154 depth_pose_sync=0 lidar_pose_sync=0 depth_odom_sync=0 lidar_odom_sync=0
[lvdot_detector_main-8] [INFO] [1776984235.740047179] [lvdot_detector_node]: Stage timers: detection=219 lidar_detection=5404 tracking=5869 classification=5762 vis=3052
[lvdot_detector_main-8] [INFO] [1776984235.740057440] [lvdot_detector_node]: Processing phases: detection=run_core lidar_detection=snapshot tracking=waiting_new_filtered_update classification=waiting_new_tracking_update
[lvdot_detector_main-8] [INFO] [1776984235.740066430] [lvdot_detector_node]: Pipeline stats: depth_samples=1400/71300 u_map=1 depth_boxes=0 u_map_merge=0 u_map_db=0 u_map_visual=0 u_map_fused=0 u_map_filtered=0 lidar_samples=3220/122001 uv=1 db=10 lidar=16 fused=17 filtered=17 tracks=17 dynamic=0 dyn_points=84 raw_dyn_points=1627 service=28/1 split=17->0 (17 outputs) fusion_components=17 visual_only=1 lidar_only=16 yolo_in=3 yolo_match3d=0 yolo_match_det=0 yolo_human=0 fixed_size=0 size_reject=0
[lvdot_detector_main-8] [INFO] [1776984241.756359643] [lvdot_detector_node]: Input health: depth=885 color=1647 lidar=6 pose=6247 odom=6156 yolo=158 depth_pose_sync=0 lidar_pose_sync=0 depth_odom_sync=0 lidar_odom_sync=0
[lvdot_detector_main-8] [INFO] [1776984241.756437891] [lvdot_detector_node]: Stage timers: detection=222 lidar_detection=5542 tracking=6007 classification=5892 vis=3108
[lvdot_detector_main-8] [INFO] [1776984241.756455377] [lvdot_detector_node]: Processing phases: detection=idle lidar_detection=waiting_new_lidar tracking=waiting_new_filtered_update classification=waiting_new_tracking_update
[lvdot_detector_main-8] [INFO] [1776984241.756467392] [lvdot_detector_node]: Pipeline stats: depth_samples=1533/71300 u_map=2 depth_boxes=0 u_map_merge=0 u_map_db=0 u_map_visual=0 u_map_fused=0 u_map_filtered=0 lidar_samples=3220/122001 uv=1 db=11 lidar=16 fused=17 filtered=17 tracks=17 dynamic=0 dyn_points=0 raw_dyn_points=0 service=28/1 split=17->0 (17 outputs) fusion_components=17 visual_only=1 lidar_only=16 yolo_in=1 yolo_match3d=1 yolo_match_det=1 yolo_human=1 fixed_size=0 size_reject=0
[lvdot_detector_main-8] [INFO] [1776984247.742100272] [lvdot_detector_node]: Input health: depth=899 color=1701 lidar=6 pose=6392 odom=6301 yolo=162 depth_pose_sync=0 lidar_pose_sync=0 depth_odom_sync=0 lidar_odom_sync=0
[lvdot_detector_main-8] [INFO] [1776984247.742184374] [lvdot_detector_node]: Stage timers: detection=226 lidar_detection=5684 tracking=6142 classification=6022 vis=3165
[lvdot_detector_main-8] [INFO] [1776984247.742201469] [lvdot_detector_node]: Processing phases: detection=run_core lidar_detection=waiting_new_lidar tracking=snapshot classification=waiting_new_tracking_update
[lvdot_detector_main-8] [INFO] [1776984247.742210944] [lvdot_detector_node]: Pipeline stats: depth_samples=1417/71300 u_map=1 depth_boxes=0 u_map_merge=0 u_map_db=0 u_map_visual=0 u_map_fused=0 u_map_filtered=0 lidar_samples=3220/122001 uv=1 db=14 lidar=16 fused=17 filtered=17 tracks=17 dynamic=2 dyn_points=149 raw_dyn_points=2300 service=28/1 split=17->0 (17 outputs) fusion_components=17 visual_only=1 lidar_only=16 yolo_in=3 yolo_match3d=2 yolo_match_det=2 yolo_human=2 fixed_size=0 size_reject=0
[lvdot_detector_main-8] [INFO] [1776984253.721148608] [lvdot_detector_node]: Input health: depth=914 color=1739 lidar=6 pose=6536 odom=6445 yolo=165 depth_pose_sync=0 lidar_pose_sync=0 depth_odom_sync=0 lidar_odom_sync=0
[lvdot_detector_main-8] [INFO] [1776984253.721219133] [lvdot_detector_node]: Stage timers: detection=230 lidar_detection=5826 tracking=6278 classification=6149 vis=3223
[lvdot_detector_main-8] [INFO] [1776984253.721231148] [lvdot_detector_node]: Processing phases: detection=run_core lidar_detection=waiting_new_lidar tracking=snapshot classification=waiting_new_tracking_update
[lvdot_detector_main-8] [INFO] [1776984253.721241600] [lvdot_detector_node]: Pipeline stats: depth_samples=1348/71300 u_map=1 depth_boxes=0 u_map_merge=0 u_map_db=0 u_map_visual=0 u_map_fused=0 u_map_filtered=0 lidar_samples=3220/122001 uv=1 db=13 lidar=16 fused=17 filtered=17 tracks=17 dynamic=0 dyn_points=0 raw_dyn_points=0 service=28/1 split=17->1 (17 outputs) fusion_components=17 visual_only=1 lidar_only=16 yolo_in=4 yolo_match3d=1 yolo_match_det=2 yolo_human=1 fixed_size=0 size_reject=1
[lvdot_detector_main-8] [INFO] [1776984259.738506406] [lvdot_detector_node]: Input health: depth=936 color=1776 lidar=6 pose=6680 odom=6589 yolo=169 depth_pose_sync=0 lidar_pose_sync=0 depth_odom_sync=0 lidar_odom_sync=0
[lvdot_detector_main-8] [INFO] [1776984259.743587714] [lvdot_detector_node]: Stage timers: detection=234 lidar_detection=5966 tracking=6425 classification=6284 vis=3287
[lvdot_detector_main-8] [INFO] [1776984259.743605496] [lvdot_detector_node]: Processing phases: detection=run_core lidar_detection=waiting_new_lidar tracking=waiting_new_filtered_update classification=run_core
[lvdot_detector_main-8] [INFO] [1776984259.743614582] [lvdot_detector_node]: Pipeline stats: depth_samples=1380/71300 u_map=2 depth_boxes=0 u_map_merge=0 u_map_db=0 u_map_visual=0 u_map_fused=0 u_map_filtered=0 lidar_samples=3220/122001 uv=0 db=12 lidar=16 fused=16 filtered=16 tracks=16 dynamic=0 dyn_points=0 raw_dyn_points=0 service=28/1 split=16->0 (16 outputs) fusion_components=16 visual_only=0 lidar_only=16 yolo_in=3 yolo_match3d=3 yolo_match_det=3 yolo_human=3 fixed_size=0 size_reject=0
[lvdot_detector_main-8] [INFO] [1776984266.513519443] [lvdot_detector_node]: Input health: depth=959 color=1819 lidar=6 pose=6825 odom=6730 yolo=172 depth_pose_sync=0 lidar_pose_sync=0 depth_odom_sync=0 lidar_odom_sync=0
[lvdot_detector_main-8] [INFO] [1776984266.513579168] [lvdot_detector_node]: Stage timers: detection=237 lidar_detection=6098 tracking=6547 classification=6405 vis=3339
[lvdot_detector_main-8] [INFO] [1776984266.513589823] [lvdot_detector_node]: Processing phases: detection=run_core lidar_detection=waiting_new_lidar tracking=waiting_new_filtered_update classification=waiting_new_tracking_update
[lvdot_detector_main-8] [INFO] [1776984266.513608494] [lvdot_detector_node]: Pipeline stats: depth_samples=1385/71300 u_map=1 depth_boxes=0 u_map_merge=0 u_map_db=0 u_map_visual=0 u_map_fused=0 u_map_filtered=0 lidar_samples=3220/122001 uv=0 db=11 lidar=16 fused=16 filtered=16 tracks=16 dynamic=0 dyn_points=0 raw_dyn_points=0 service=28/1 split=16->0 (16 outputs) fusion_components=16 visual_only=0 lidar_only=16 yolo_in=5 yolo_match3d=0 yolo_match_det=0 yolo_human=0 fixed_size=0 size_reject=0
[lvdot_detector_main-8] [INFO] [1776984272.481329940] [lvdot_detector_node]: Input health: depth=982 color=1865 lidar=6 pose=6970 odom=6874 yolo=177 depth_pose_sync=0 lidar_pose_sync=0 depth_odom_sync=0 lidar_odom_sync=0
[lvdot_detector_main-8] [INFO] [1776984272.481486281] [lvdot_detector_node]: Stage timers: detection=241 lidar_detection=6231 tracking=6676 classification=6521 vis=3394
[lvdot_detector_main-8] [INFO] [1776984272.481513119] [lvdot_detector_node]: Processing phases: detection=run_core lidar_detection=snapshot tracking=waiting_new_filtered_update classification=waiting_new_tracking_update
[lvdot_detector_main-8] [INFO] [1776984272.481525708] [lvdot_detector_node]: Pipeline stats: depth_samples=1153/71300 u_map=2 depth_boxes=0 u_map_merge=0 u_map_db=0 u_map_visual=0 u_map_fused=0 u_map_filtered=0 lidar_samples=3220/122001 uv=1 db=7 lidar=16 fused=17 filtered=17 tracks=17 dynamic=0 dyn_points=0 raw_dyn_points=0 service=28/1 split=17->0 (17 outputs) fusion_components=17 visual_only=1 lidar_only=16 yolo_in=2 yolo_match3d=0 yolo_match_det=0 yolo_human=0 fixed_size=0 size_reject=0
[lvdot_detector_main-8] [INFO] [1776984278.491013802] [lvdot_detector_node]: Input health: depth=1011 color=1899 lidar=6 pose=7112 odom=7019 yolo=180 depth_pose_sync=0 lidar_pose_sync=0 depth_odom_sync=0 lidar_odom_sync=0
[lvdot_detector_main-8] [INFO] [1776984278.491103977] [lvdot_detector_node]: Stage timers: detection=245 lidar_detection=6365 tracking=6796 classification=6644 vis=3446
[lvdot_detector_main-8] [INFO] [1776984278.491133742] [lvdot_detector_node]: Processing phases: detection=run_core lidar_detection=waiting_new_lidar tracking=snapshot classification=idle
[lvdot_detector_main-8] [INFO] [1776984278.491154822] [lvdot_detector_node]: Pipeline stats: depth_samples=1410/71300 u_map=1 depth_boxes=0 u_map_merge=0 u_map_db=0 u_map_visual=0 u_map_fused=0 u_map_filtered=0 lidar_samples=3220/122001 uv=1 db=10 lidar=16 fused=17 filtered=17 tracks=17 dynamic=1 dyn_points=65 raw_dyn_points=673 service=28/1 split=17->0 (17 outputs) fusion_components=17 visual_only=1 lidar_only=16 yolo_in=2 yolo_match3d=1 yolo_match_det=1 yolo_human=1 fixed_size=0 size_reject=0
[lvdot_detector_main-8] [INFO] [1776984284.495469868] [lvdot_detector_node]: Input health: depth=1037 color=1931 lidar=6 pose=7254 odom=7153 yolo=183 depth_pose_sync=0 lidar_pose_sync=0 depth_odom_sync=0 lidar_odom_sync=0
[lvdot_detector_main-8] [INFO] [1776984284.496384505] [lvdot_detector_node]: Stage timers: detection=248 lidar_detection=6480 tracking=6892 classification=6760 vis=3493
[lvdot_detector_main-8] [INFO] [1776984284.497036270] [lvdot_detector_node]: Processing phases: detection=run_core lidar_detection=waiting_new_lidar tracking=snapshot classification=waiting_new_tracking_update
[lvdot_detector_main-8] [INFO] [1776984284.497730105] [lvdot_detector_node]: Pipeline stats: depth_samples=1322/71300 u_map=0 depth_boxes=0 u_map_merge=0 u_map_db=0 u_map_visual=0 u_map_fused=0 u_map_filtered=0 lidar_samples=3220/122001 uv=0 db=14 lidar=16 fused=16 filtered=16 tracks=16 dynamic=3 dyn_points=207 raw_dyn_points=12364 service=28/1 split=16->0 (16 outputs) fusion_components=16 visual_only=0 lidar_only=16 yolo_in=4 yolo_match3d=3 yolo_match_det=3 yolo_human=3 fixed_size=0 size_reject=0
[lvdot_detector_main-8] [INFO] [1776984290.484442341] [lvdot_detector_node]: Input health: depth=1055 color=1961 lidar=6 pose=7397 odom=7291 yolo=186 depth_pose_sync=0 lidar_pose_sync=0 depth_odom_sync=0 lidar_odom_sync=0
[lvdot_detector_main-8] [INFO] [1776984290.484509313] [lvdot_detector_node]: Stage timers: detection=252 lidar_detection=6600 tracking=7013 classification=6874 vis=3545
[lvdot_detector_main-8] [INFO] [1776984290.484521534] [lvdot_detector_node]: Processing phases: detection=run_core lidar_detection=waiting_new_lidar tracking=waiting_new_filtered_update classification=waiting_new_tracking_update
[lvdot_detector_main-8] [INFO] [1776984290.484531897] [lvdot_detector_node]: Pipeline stats: depth_samples=1085/71300 u_map=2 depth_boxes=0 u_map_merge=0 u_map_db=0 u_map_visual=0 u_map_fused=0 u_map_filtered=0 lidar_samples=3220/122001 uv=0 db=11 lidar=16 fused=16 filtered=16 tracks=16 dynamic=3 dyn_points=130 raw_dyn_points=2990 service=28/1 split=16->1 (16 outputs) fusion_components=16 visual_only=0 lidar_only=16 yolo_in=5 yolo_match3d=3 yolo_match_det=4 yolo_human=3 fixed_size=0 size_reject=0
[lvdot_detector_main-8] [INFO] [1776984297.268558313] [lvdot_detector_node]: Input health: depth=1089 color=1991 lidar=6 pose=7539 odom=7429 yolo=191 depth_pose_sync=0 lidar_pose_sync=0 depth_odom_sync=0 lidar_odom_sync=0
[lvdot_detector_main-8] [INFO] [1776984297.269504202] [lvdot_detector_node]: Stage timers: detection=255 lidar_detection=6726 tracking=7133 classification=6981 vis=3594
[lvdot_detector_main-8] [INFO] [1776984297.270211151] [lvdot_detector_node]: Processing phases: detection=run_core lidar_detection=waiting_new_lidar tracking=waiting_new_filtered_update classification=snapshot
[lvdot_detector_main-8] [INFO] [1776984297.270958672] [lvdot_detector_node]: Pipeline stats: depth_samples=1410/71300 u_map=1 depth_boxes=0 u_map_merge=0 u_map_db=0 u_map_visual=0 u_map_fused=0 u_map_filtered=0 lidar_samples=3220/122001 uv=1 db=10 lidar=16 fused=17 filtered=17 tracks=17 dynamic=1 dyn_points=84 raw_dyn_points=1627 service=28/1 split=17->0 (17 outputs) fusion_components=17 visual_only=1 lidar_only=16 yolo_in=2 yolo_match3d=1 yolo_match_det=1 yolo_human=1 fixed_size=0 size_reject=0
[lvdot_detector_main-8] [INFO] [1776984303.286706359] [lvdot_detector_node]: Input health: depth=1109 color=2043 lidar=6 pose=7675 odom=7549 yolo=195 depth_pose_sync=0 lidar_pose_sync=0 depth_odom_sync=0 lidar_odom_sync=0
[lvdot_detector_main-8] [INFO] [1776984303.291592133] [lvdot_detector_node]: Stage timers: detection=259 lidar_detection=6834 tracking=7240 classification=7073 vis=3636
[lvdot_detector_main-8] [INFO] [1776984303.291618824] [lvdot_detector_node]: Processing phases: detection=run_core lidar_detection=waiting_new_lidar tracking=waiting_new_filtered_update classification=build_input
[lvdot_detector_main-8] [INFO] [1776984303.291628014] [lvdot_detector_node]: Pipeline stats: depth_samples=1275/71300 u_map=2 depth_boxes=0 u_map_merge=0 u_map_db=0 u_map_visual=0 u_map_fused=0 u_map_filtered=0 lidar_samples=3220/122001 uv=2 db=9 lidar=16 fused=18 filtered=18 tracks=18 dynamic=2 dyn_points=188 raw_dyn_points=12048 service=28/1 split=18->0 (18 outputs) fusion_components=18 visual_only=2 lidar_only=16 yolo_in=2 yolo_match3d=2 yolo_match_det=2 yolo_human=2 fixed_size=0 size_reject=0
[lvdot_detector_main-8] [INFO] [1776984309.286526394] [lvdot_detector_node]: Input health: depth=1123 color=2103 lidar=7 pose=7821 odom=7698 yolo=198 depth_pose_sync=0 lidar_pose_sync=0 depth_odom_sync=0 lidar_odom_sync=0
[lvdot_detector_main-8] [INFO] [1776984309.289461166] [lvdot_detector_node]: Stage timers: detection=262 lidar_detection=6920 tracking=7354 classification=7178 vis=3687
[lvdot_detector_main-8] [INFO] [1776984309.290104857] [lvdot_detector_node]: Processing phases: detection=run_core lidar_detection=run_lidar_detector/downsample tracking=waiting_new_filtered_update classification=waiting_new_tracking_update
[lvdot_detector_main-8] [INFO] [1776984309.290375593] [lvdot_detector_node]: Pipeline stats: depth_samples=1348/71300 u_map=1 depth_boxes=0 u_map_merge=0 u_map_db=0 u_map_visual=0 u_map_fused=0 u_map_filtered=0 lidar_samples=3220/122001 uv=1 db=13 lidar=16 fused=17 filtered=17 tracks=17 dynamic=1 dyn_points=65 raw_dyn_points=673 service=28/1 split=17->0 (17 outputs) fusion_components=17 visual_only=1 lidar_only=16 yolo_in=1 yolo_match3d=1 yolo_match_det=1 yolo_human=1 fixed_size=0 size_reject=0
[lvdot_detector_main-8] [INFO] [1776984315.277053261] [lvdot_detector_node]: Input health: depth=1149 color=2147 lidar=7 pose=7965 odom=7842 yolo=201 depth_pose_sync=0 lidar_pose_sync=0 depth_odom_sync=0 lidar_odom_sync=0
[lvdot_detector_main-8] [INFO] [1776984315.277134014] [lvdot_detector_node]: Stage timers: detection=265 lidar_detection=6980 tracking=7479 classification=7317 vis=3743
[lvdot_detector_main-8] [INFO] [1776984315.277148350] [lvdot_detector_node]: Processing phases: detection=run_core lidar_detection=waiting_new_lidar tracking=snapshot classification=waiting_new_tracking_update
[lvdot_detector_main-8] [INFO] [1776984315.277160054] [lvdot_detector_node]: Pipeline stats: depth_samples=1295/71300 u_map=2 depth_boxes=0 u_map_merge=0 u_map_db=0 u_map_visual=0 u_map_fused=0 u_map_filtered=0 lidar_samples=3263/120939 uv=2 db=11 lidar=24 fused=18 filtered=18 tracks=18 dynamic=1 dyn_points=84 raw_dyn_points=829 service=28/1 split=18->0 (18 outputs) fusion_components=18 visual_only=2 lidar_only=16 yolo_in=1 yolo_match3d=1 yolo_match_det=1 yolo_human=1 fixed_size=0 size_reject=0
[lvdot_detector_main-8] [INFO] [1776984316.838662533] [lvdot_detector_node]: get_dynamic_obstacles responded with 1 obstacles from 1 tracked dynamic boxes.
[lvdot_detector_main-8] [INFO] [1776984321.283194267] [lvdot_detector_node]: Input health: depth=1170 color=2195 lidar=7 pose=8107 odom=7979 yolo=204 depth_pose_sync=0 lidar_pose_sync=0 depth_odom_sync=0 lidar_odom_sync=0
[lvdot_detector_main-8] [INFO] [1776984321.284291769] [lvdot_detector_node]: Stage timers: detection=269 lidar_detection=7103 tracking=7607 classification=7439 vis=3794
[lvdot_detector_main-8] [INFO] [1776984321.284969359] [lvdot_detector_node]: Processing phases: detection=run_core lidar_detection=waiting_new_lidar tracking=waiting_new_filtered_update classification=snapshot
[lvdot_detector_main-8] [INFO] [1776984321.284991460] [lvdot_detector_node]: Pipeline stats: depth_samples=1470/71300 u_map=4 depth_boxes=0 u_map_merge=0 u_map_db=0 u_map_visual=0 u_map_fused=0 u_map_filtered=0 lidar_samples=3263/120939 uv=2 db=11 lidar=24 fused=26 filtered=26 tracks=26 dynamic=1 dyn_points=0 raw_dyn_points=0 service=29/1 split=26->0 (26 outputs) fusion_components=26 visual_only=2 lidar_only=24 yolo_in=1 yolo_match3d=1 yolo_match_det=1 yolo_human=1 fixed_size=0 size_reject=0
[lvdot_detector_main-8] [INFO] [1776984327.271311927] [lvdot_detector_node]: Input health: depth=1197 color=2243 lidar=7 pose=8251 odom=8123 yolo=207 depth_pose_sync=0 lidar_pose_sync=0 depth_odom_sync=0 lidar_odom_sync=0
[lvdot_detector_main-8] [INFO] [1776984327.272301273] [lvdot_detector_node]: Stage timers: detection=272 lidar_detection=7238 tracking=7747 classification=7566 vis=3851
[lvdot_detector_main-8] [INFO] [1776984327.272863862] [lvdot_detector_node]: Processing phases: detection=run_core lidar_detection=waiting_new_lidar tracking=snapshot classification=waiting_new_tracking_update
[lvdot_detector_main-8] [INFO] [1776984327.273470358] [lvdot_detector_node]: Pipeline stats: depth_samples=1348/71300 u_map=1 depth_boxes=0 u_map_merge=0 u_map_db=0 u_map_visual=0 u_map_fused=0 u_map_filtered=0 lidar_samples=3263/120939 uv=1 db=13 lidar=24 fused=25 filtered=25 tracks=25 dynamic=0 dyn_points=0 raw_dyn_points=0 service=29/1 split=25->0 (25 outputs) fusion_components=25 visual_only=1 lidar_only=24 yolo_in=0 yolo_match3d=0 yolo_match_det=0 yolo_human=0 fixed_size=0 size_reject=0
[lvdot_detector_main-8] [INFO] [1776984334.059653827] [lvdot_detector_node]: Input health: depth=1208 color=2288 lidar=8 pose=8397 odom=8267 yolo=211 depth_pose_sync=0 lidar_pose_sync=0 depth_odom_sync=0 lidar_odom_sync=0
[lvdot_detector_main-8] [INFO] [1776984334.062560265] [lvdot_detector_node]: Stage timers: detection=276 lidar_detection=7307 tracking=7888 classification=7700 vis=3907
[lvdot_detector_main-8] [INFO] [1776984334.062976365] [lvdot_detector_node]: Processing phases: detection=run_core lidar_detection=run_lidar_detector/dbscan tracking=waiting_new_filtered_update classification=waiting_new_tracking_update
[lvdot_detector_main-8] [INFO] [1776984334.063003857] [lvdot_detector_node]: Pipeline stats: depth_samples=1391/71300 u_map=2 depth_boxes=0 u_map_merge=0 u_map_db=0 u_map_visual=0 u_map_fused=0 u_map_filtered=0 lidar_samples=3263/120939 uv=2 db=14 lidar=24 fused=26 filtered=26 tracks=26 dynamic=0 dyn_points=78 raw_dyn_points=702 service=29/1 split=26->0 (26 outputs) fusion_components=26 visual_only=2 lidar_only=24 yolo_in=0 yolo_match3d=0 yolo_match_det=0 yolo_human=0 fixed_size=0 size_reject=0
[lvdot_detector_main-8] [INFO] [1776984340.056621885] [lvdot_detector_node]: Input health: depth=1231 color=2322 lidar=8 pose=8536 odom=8406 yolo=214 depth_pose_sync=0 lidar_pose_sync=0 depth_odom_sync=0 lidar_odom_sync=0
[lvdot_detector_main-8] [INFO] [1776984340.056677955] [lvdot_detector_node]: Stage timers: detection=279 lidar_detection=7366 tracking=8030 classification=7859 vis=3967
[lvdot_detector_main-8] [INFO] [1776984340.056688566] [lvdot_detector_node]: Processing phases: detection=run_core lidar_detection=waiting_new_lidar tracking=waiting_new_filtered_update classification=waiting_new_tracking_update
[lvdot_detector_main-8] [INFO] [1776984340.056697132] [lvdot_detector_node]: Pipeline stats: depth_samples=1388/71300 u_map=0 depth_boxes=0 u_map_merge=0 u_map_db=0 u_map_visual=0 u_map_fused=0 u_map_filtered=0 lidar_samples=3494/118011 uv=0 db=11 lidar=74 fused=24 filtered=24 tracks=24 dynamic=0 dyn_points=0 raw_dyn_points=0 service=29/1 split=24->0 (24 outputs) fusion_components=24 visual_only=0 lidar_only=24 yolo_in=4 yolo_match3d=0 yolo_match_det=0 yolo_human=0 fixed_size=0 size_reject=0
