[INFO] [launch]: All log files can be found below /home/skbt2/.ros/log/2026-04-24-10-48-52-979644-DESKTOP-90MQDL6-18081
[INFO] [launch]: Default logging verbosity is set to INFO
[INFO] [gazebo-1]: process started with pid [18134]
[INFO] [parameter_bridge-2]: process started with pid [18135]
[INFO] [pedestrian_state_publisher-3]: process started with pid [18136]
[INFO] [uav_trajectory_controller-4]: process started with pid [18137]
[INFO] [image_pointcloud_relay-5]: process started with pid [18138]
[INFO] [image_pointcloud_relay-6]: process started with pid [18139]
[INFO] [lvdot_yolo_node-7]: process started with pid [18140]
[INFO] [lvdot_detector_main-8]: process started with pid [18141]
[parameter_bridge-2] [INFO] [1776998933.254669836] [ros_gz_bridge]: Creating GZ->ROS Bridge: [/rgbd_camera/image (gz.msgs.Image) -> /rgbd_camera/image (sensor_msgs/msg/Image)] (Lazy 0)
[parameter_bridge-2] [INFO] [1776998933.262253845] [ros_gz_bridge]: Creating GZ->ROS Bridge: [/rgbd_camera/camera_info (gz.msgs.CameraInfo) -> /rgbd_camera/camera_info (sensor_msgs/msg/CameraInfo)] (Lazy 0)
[parameter_bridge-2] [INFO] [1776998933.265637286] [ros_gz_bridge]: Creating GZ->ROS Bridge: [/rgbd_camera/depth_image (gz.msgs.Image) -> /rgbd_camera/depth_image (sensor_msgs/msg/Image)] (Lazy 0)
[parameter_bridge-2] [INFO] [1776998933.266596496] [ros_gz_bridge]: Creating GZ->ROS Bridge: [/rgbd_camera/points (gz.msgs.PointCloudPacked) -> /rgbd_camera/points (sensor_msgs/msg/PointCloud2)] (Lazy 0)
[parameter_bridge-2] [INFO] [1776998933.268370256] [ros_gz_bridge]: Creating GZ->ROS Bridge: [/camera/imu (gz.msgs.IMU) -> /camera/imu (sensor_msgs/msg/Imu)] (Lazy 0)
[parameter_bridge-2] [INFO] [1776998933.270236558] [ros_gz_bridge]: Creating ROS->GZ service bridge [/world/pedestrian_prototype/set_pose (ros_gz_interfaces/srv/SetEntityPose -> /)]
[parameter_bridge-2] [INFO] [1776998933.273180968] [ros_gz_bridge]: Creating ROS->GZ service bridge [/world/pedestrian_prototype/set_pose/blocking (ros_gz_interfaces/srv/SetEntityPose -> /)]
[lvdot_detector_main-8] [INFO] [1776998933.777930579] [lvdot_detector_node]: Config loaded: localization_mode=0 dt=0.033 image=640x480 depth_range=[0.50, 5.00] stage_timers=true vis_stage=false executor_threads=1
[lvdot_detector_main-8] [INFO] [1776998933.852682850] [lvdot_detector_node]: LV-DOT ROS2 skeleton started. depth=/camera/depth/image_rect_raw color=/camera/color/image_raw lidar=/pointcloud pose=/mavros/local_position/pose odom=/mavros/local_position/odom yolo=/yolo_detector/detected_bounding_boxes
[lvdot_detector_main-8] [INFO] [1776998933.852764890] [lvdot_detector_node]: Starting executor with executor_threads=1
[lvdot_detector_main-8] [WARN] [1776998933.852870511] [rclcpp]: MultiThreadedExecutor is used with a single thread.
[lvdot_detector_main-8] Use the SingleThreadedExecutor instead.
[gazebo-1] [INFO] [1776998934.884719366] [pedestrian_pose_sync_system]: Configured pedestrian pose sync plugin on topic [/pedestrian_sim/agent_states] for 8 models.
[uav_trajectory_controller-4] [WARN] [1776998936.058225570] [uav_trajectory_controller]: SetEntityPose request timed out after 0.50s on /world/pedestrian_prototype/set_pose/blocking; dropping the pending request and retrying.
[uav_trajectory_controller-4] [WARN] [1776998936.064901624] [uav_trajectory_controller]: Falling back from /world/pedestrian_prototype/set_pose/blocking to /world/pedestrian_prototype/set_pose.
[uav_trajectory_controller-4] [WARN] [1776998936.643379276] [uav_trajectory_controller]: SetEntityPose request timed out after 0.50s on /world/pedestrian_prototype/set_pose; dropping the pending request and retrying.
[uav_trajectory_controller-4] [WARN] [1776998937.391200988] [uav_trajectory_controller]: SetEntityPose request timed out after 0.62s on /world/pedestrian_prototype/set_pose; dropping the pending request and retrying.
[lvdot_detector_main-8] [INFO] [1776998937.743803437] [lvdot_detector_node]: Input health: depth=1 color=0 lidar=0 pose=3 odom=3 yolo=0 depth_pose_sync=0 lidar_pose_sync=0 depth_odom_sync=0 lidar_odom_sync=0
[lvdot_detector_main-8] [INFO] [1776998937.744038377] [lvdot_detector_node]: Stage timers: detection=45 lidar_detection=45 tracking=45 classification=45 vis=0
[lvdot_detector_main-8] [INFO] [1776998937.744070260] [lvdot_detector_node]: Processing phases: detection=idle lidar_detection=waiting_new_lidar tracking=idle classification=waiting_new_tracking_update
[lvdot_detector_main-8] [INFO] [1776998937.744084906] [lvdot_detector_node]: Pipeline stats: depth_samples=1420/71300 u_map=2 depth_boxes=0 u_map_merge=0 u_map_db=0 u_map_visual=0 u_map_fused=0 u_map_filtered=0 lidar_samples=0/0 uv=2 db=10 lidar=0 fused=2 filtered=2 tracks=2 dynamic=0 dyn_points=0 raw_dyn_points=0 service=0/0 split=2->0 (2 outputs) fusion_components=2 visual_only=2 lidar_only=0 yolo_in=0 yolo_match3d=0 yolo_match_det=0 yolo_human=0 fixed_size=0 size_reject=0
[uav_trajectory_controller-4] [WARN] [1776998938.140729575] [uav_trajectory_controller]: SetEntityPose request timed out after 0.62s on /world/pedestrian_prototype/set_pose; dropping the pending request and retrying.
[lvdot_detector_main-8] [INFO] [1776998943.147859698] [lvdot_detector_node]: Input health: depth=3 color=2 lidar=1 pose=5 odom=5 yolo=2 depth_pose_sync=0 lidar_pose_sync=0 depth_odom_sync=0 lidar_odom_sync=0
[lvdot_detector_main-8] [INFO] [1776998943.147950668] [lvdot_detector_node]: Stage timers: detection=47 lidar_detection=47 tracking=47 classification=47 vis=0
[lvdot_detector_main-8] [INFO] [1776998943.147968282] [lvdot_detector_node]: Processing phases: detection=idle lidar_detection=idle tracking=idle classification=idle
[lvdot_detector_main-8] [INFO] [1776998943.147977989] [lvdot_detector_node]: Pipeline stats: depth_samples=1393/71300 u_map=1 depth_boxes=0 u_map_merge=0 u_map_db=0 u_map_visual=0 u_map_fused=0 u_map_filtered=0 lidar_samples=3340/169721 uv=1 db=9 lidar=14 fused=15 filtered=15 tracks=1 dynamic=0 dyn_points=0 raw_dyn_points=0 service=0/0 split=15->1 (15 outputs) fusion_components=15 visual_only=1 lidar_only=14 yolo_in=3 yolo_match3d=2 yolo_match_det=3 yolo_human=2 fixed_size=0 size_reject=0
[lvdot_detector_main-8] [INFO] [1776998952.613001762] [lvdot_detector_node]: Input health: depth=5 color=4 lidar=3 pose=7 odom=7 yolo=4 depth_pose_sync=0 lidar_pose_sync=0 depth_odom_sync=0 lidar_odom_sync=0
[lvdot_detector_main-8] [INFO] [1776998952.613142531] [lvdot_detector_node]: Stage timers: detection=49 lidar_detection=49 tracking=49 classification=49 vis=0
[lvdot_detector_main-8] [INFO] [1776998952.613169923] [lvdot_detector_node]: Processing phases: detection=idle lidar_detection=idle tracking=idle classification=idle
[lvdot_detector_main-8] [INFO] [1776998952.613187782] [lvdot_detector_node]: Pipeline stats: depth_samples=1375/71300 u_map=4 depth_boxes=0 u_map_merge=0 u_map_db=0 u_map_visual=0 u_map_fused=0 u_map_filtered=0 lidar_samples=3287/168426 uv=2 db=11 lidar=22 fused=24 filtered=24 tracks=19 dynamic=1 dyn_points=0 raw_dyn_points=0 service=0/0 split=24->1 (24 outputs) fusion_components=24 visual_only=2 lidar_only=22 yolo_in=3 yolo_match3d=2 yolo_match_det=3 yolo_human=2 fixed_size=0 size_reject=1
[lvdot_detector_main-8] [INFO] [1776998960.561530065] [lvdot_detector_node]: Input health: depth=7 color=6 lidar=5 pose=9 odom=9 yolo=6 depth_pose_sync=0 lidar_pose_sync=0 depth_odom_sync=0 lidar_odom_sync=0
[lvdot_detector_main-8] [INFO] [1776998960.561627648] [lvdot_detector_node]: Stage timers: detection=51 lidar_detection=51 tracking=51 classification=51 vis=0
[lvdot_detector_main-8] [INFO] [1776998960.561646923] [lvdot_detector_node]: Processing phases: detection=idle lidar_detection=idle tracking=idle classification=idle
[lvdot_detector_main-8] [INFO] [1776998960.561660476] [lvdot_detector_node]: Pipeline stats: depth_samples=1349/71300 u_map=0 depth_boxes=0 u_map_merge=0 u_map_db=0 u_map_visual=0 u_map_fused=0 u_map_filtered=0 lidar_samples=2453/201266 uv=0 db=9 lidar=2 fused=2 filtered=2 tracks=45 dynamic=0 dyn_points=0 raw_dyn_points=0 service=0/0 split=2->0 (2 outputs) fusion_components=2 visual_only=0 lidar_only=2 yolo_in=1 yolo_match3d=0 yolo_match_det=0 yolo_human=0 fixed_size=0 size_reject=2
[lvdot_detector_main-8] [INFO] [1776998969.142037305] [lvdot_detector_node]: Input health: depth=9 color=8 lidar=7 pose=11 odom=11 yolo=8 depth_pose_sync=0 lidar_pose_sync=0 depth_odom_sync=0 lidar_odom_sync=0
[lvdot_detector_main-8] [INFO] [1776998969.142147071] [lvdot_detector_node]: Stage timers: detection=53 lidar_detection=53 tracking=53 classification=53 vis=0
[lvdot_detector_main-8] [INFO] [1776998969.142159212] [lvdot_detector_node]: Processing phases: detection=idle lidar_detection=idle tracking=idle classification=idle
[lvdot_detector_main-8] [INFO] [1776998969.142168666] [lvdot_detector_node]: Pipeline stats: depth_samples=1591/71300 u_map=3 depth_boxes=0 u_map_merge=0 u_map_db=0 u_map_visual=0 u_map_fused=0 u_map_filtered=0 lidar_samples=3470/124645 uv=1 db=13 lidar=16 fused=17 filtered=17 tracks=83 dynamic=0 dyn_points=0 raw_dyn_points=0 service=0/0 split=17->0 (17 outputs) fusion_components=17 visual_only=1 lidar_only=16 yolo_in=3 yolo_match3d=3 yolo_match_det=3 yolo_human=3 fixed_size=0 size_reject=0
[lvdot_detector_main-8] [INFO] [1776998975.290276582] [lvdot_detector_node]: Input health: depth=15 color=14 lidar=7 pose=17 odom=17 yolo=14 depth_pose_sync=0 lidar_pose_sync=0 depth_odom_sync=0 lidar_odom_sync=0
[lvdot_detector_main-8] [INFO] [1776998975.290758524] [lvdot_detector_node]: Stage timers: detection=59 lidar_detection=59 tracking=59 classification=59 vis=0
[lvdot_detector_main-8] [INFO] [1776998975.290775729] [lvdot_detector_node]: Processing phases: detection=idle lidar_detection=waiting_new_lidar tracking=idle classification=idle
[lvdot_detector_main-8] [INFO] [1776998975.290783832] [lvdot_detector_node]: Pipeline stats: depth_samples=1349/71300 u_map=0 depth_boxes=0 u_map_merge=0 u_map_db=0 u_map_visual=0 u_map_fused=0 u_map_filtered=0 lidar_samples=3470/124645 uv=0 db=9 lidar=16 fused=16 filtered=16 tracks=17 dynamic=0 dyn_points=0 raw_dyn_points=0 service=0/0 split=16->0 (16 outputs) fusion_components=16 visual_only=0 lidar_only=16 yolo_in=5 yolo_match3d=2 yolo_match_det=2 yolo_human=2 fixed_size=0 size_reject=0
[lvdot_detector_main-8] [INFO] [1776998987.372468051] [lvdot_detector_node]: Input health: depth=22 color=21 lidar=8 pose=24 odom=24 yolo=21 depth_pose_sync=0 lidar_pose_sync=0 depth_odom_sync=0 lidar_odom_sync=0
[lvdot_detector_main-8] [INFO] [1776998987.373506734] [lvdot_detector_node]: Stage timers: detection=66 lidar_detection=66 tracking=66 classification=66 vis=0
[lvdot_detector_main-8] [INFO] [1776998987.373908235] [lvdot_detector_node]: Processing phases: detection=idle lidar_detection=waiting_new_lidar tracking=idle classification=idle
[lvdot_detector_main-8] [INFO] [1776998987.373930618] [lvdot_detector_node]: Pipeline stats: depth_samples=1220/71300 u_map=1 depth_boxes=0 u_map_merge=0 u_map_db=0 u_map_visual=0 u_map_fused=0 u_map_filtered=0 lidar_samples=3343/124684 uv=1 db=13 lidar=21 fused=22 filtered=22 tracks=23 dynamic=1 dyn_points=0 raw_dyn_points=0 service=0/0 split=22->1 (22 outputs) fusion_components=22 visual_only=1 lidar_only=21 yolo_in=4 yolo_match3d=1 yolo_match_det=4 yolo_human=0 fixed_size=0 size_reject=0
[lvdot_detector_main-8] [INFO] [1776998987.374818236] [lvdot_detector_node]: get_dynamic_obstacles responded with 1 obstacles from 1 tracked dynamic boxes.
[lvdot_detector_main-8] [WARN] [1776998987.475883308] [lvdot_detector_node.rclcpp]: failed to send response to /onboard_detector/get_dynamic_obstacles (timeout): client will not receive response, at ./src/rmw_response.cpp:153, at ./src/rcl/service.c:400
[lvdot_detector_main-8] [INFO] [1776998993.308018708] [lvdot_detector_node]: Input health: depth=28 color=27 lidar=8 pose=30 odom=30 yolo=27 depth_pose_sync=0 lidar_pose_sync=0 depth_odom_sync=0 lidar_odom_sync=0
[lvdot_detector_main-8] [INFO] [1776998993.308097533] [lvdot_detector_node]: Stage timers: detection=72 lidar_detection=72 tracking=72 classification=72 vis=0
[lvdot_detector_main-8] [INFO] [1776998993.308109382] [lvdot_detector_node]: Processing phases: detection=idle lidar_detection=waiting_new_lidar tracking=idle classification=idle
[lvdot_detector_main-8] [INFO] [1776998993.308119022] [lvdot_detector_node]: Pipeline stats: depth_samples=1507/71300 u_map=1 depth_boxes=0 u_map_merge=0 u_map_db=0 u_map_visual=0 u_map_fused=0 u_map_filtered=0 lidar_samples=3343/124684 uv=1 db=10 lidar=21 fused=22 filtered=22 tracks=21 dynamic=0 dyn_points=0 raw_dyn_points=0 service=2/0 split=22->0 (22 outputs) fusion_components=22 visual_only=1 lidar_only=21 yolo_in=5 yolo_match3d=3 yolo_match_det=3 yolo_human=3 fixed_size=1 size_reject=0
[lvdot_detector_main-8] [INFO] [1776999001.895773307] [lvdot_detector_node]: Input health: depth=30 color=29 lidar=10 pose=32 odom=32 yolo=29 depth_pose_sync=0 lidar_pose_sync=0 depth_odom_sync=0 lidar_odom_sync=0
[lvdot_detector_main-8] [INFO] [1776999001.895851219] [lvdot_detector_node]: Stage timers: detection=74 lidar_detection=74 tracking=74 classification=74 vis=0
[lvdot_detector_main-8] [INFO] [1776999001.895917971] [lvdot_detector_node]: Processing phases: detection=idle lidar_detection=idle tracking=idle classification=idle
[lvdot_detector_main-8] [INFO] [1776999001.895935307] [lvdot_detector_node]: Pipeline stats: depth_samples=1808/71300 u_map=4 depth_boxes=0 u_map_merge=0 u_map_db=0 u_map_visual=0 u_map_fused=0 u_map_filtered=0 lidar_samples=3220/130385 uv=1 db=16 lidar=13 fused=13 filtered=13 tracks=20 dynamic=3 dyn_points=0 raw_dyn_points=0 service=2/0 split=13->1 (13 outputs) fusion_components=13 visual_only=0 lidar_only=12 yolo_in=4 yolo_match3d=3 yolo_match_det=4 yolo_human=3 fixed_size=0 size_reject=0
[lvdot_detector_main-8] [INFO] [1776999001.899680624] [lvdot_detector_node]: get_dynamic_obstacles responded with 3 obstacles from 3 tracked dynamic boxes.
[lvdot_detector_main-8] [WARN] [1776999002.005665176] [lvdot_detector_node.rclcpp]: failed to send response to /onboard_detector/get_dynamic_obstacles (timeout): client will not receive response, at ./src/rmw_response.cpp:153, at ./src/rcl/service.c:400
[lvdot_detector_main-8] [INFO] [1776999006.699300760] [lvdot_detector_node]: get_dynamic_obstacles responded with 0 obstacles from 0 tracked dynamic boxes.
[lvdot_detector_main-8] [WARN] [1776999006.802663022] [lvdot_detector_node.rclcpp]: failed to send response to /onboard_detector/get_dynamic_obstacles (timeout): client will not receive response, at ./src/rmw_response.cpp:153, at ./src/rcl/service.c:400
[lvdot_detector_main-8] [INFO] [1776999007.757137335] [lvdot_detector_node]: Input health: depth=32 color=31 lidar=11 pose=34 odom=34 yolo=31 depth_pose_sync=0 lidar_pose_sync=0 depth_odom_sync=0 lidar_odom_sync=0
[lvdot_detector_main-8] [INFO] [1776999007.758741961] [lvdot_detector_node]: Stage timers: detection=76 lidar_detection=76 tracking=76 classification=76 vis=0
[lvdot_detector_main-8] [INFO] [1776999007.759162935] [lvdot_detector_node]: Processing phases: detection=idle lidar_detection=waiting_new_lidar tracking=idle classification=idle
[lvdot_detector_main-8] [INFO] [1776999007.759177548] [lvdot_detector_node]: Pipeline stats: depth_samples=1322/71300 u_map=0 depth_boxes=0 u_map_merge=0 u_map_db=0 u_map_visual=0 u_map_fused=0 u_map_filtered=0 lidar_samples=3262/156975 uv=0 db=14 lidar=93 fused=93 filtered=93 tracks=94 dynamic=2 dyn_points=0 raw_dyn_points=0 service=4/0 split=93->0 (93 outputs) fusion_components=93 visual_only=0 lidar_only=93 yolo_in=0 yolo_match3d=0 yolo_match_det=0 yolo_human=0 fixed_size=0 size_reject=1
[lvdot_detector_main-8] [INFO] [1776999010.760790107] [lvdot_detector_node]: get_dynamic_obstacles responded with 0 obstacles from 0 tracked dynamic boxes.
[lvdot_detector_main-8] [WARN] [1776999010.861542505] [lvdot_detector_node.rclcpp]: failed to send response to /onboard_detector/get_dynamic_obstacles (timeout): client will not receive response, at ./src/rmw_response.cpp:153, at ./src/rcl/service.c:400
[lvdot_detector_main-8] [INFO] [1776999014.051768006] [lvdot_detector_node]: Input health: depth=38 color=37 lidar=11 pose=40 odom=40 yolo=37 depth_pose_sync=0 lidar_pose_sync=0 depth_odom_sync=0 lidar_odom_sync=0
[lvdot_detector_main-8] [INFO] [1776999014.051847450] [lvdot_detector_node]: Stage timers: detection=82 lidar_detection=82 tracking=82 classification=82 vis=0
[lvdot_detector_main-8] [INFO] [1776999014.051862697] [lvdot_detector_node]: Processing phases: detection=idle lidar_detection=waiting_new_lidar tracking=idle classification=idle
[lvdot_detector_main-8] [INFO] [1776999014.051874734] [lvdot_detector_node]: Pipeline stats: depth_samples=1507/71300 u_map=2 depth_boxes=0 u_map_merge=0 u_map_db=0 u_map_visual=0 u_map_fused=0 u_map_filtered=0 lidar_samples=3262/156975 uv=1 db=11 lidar=93 fused=94 filtered=94 tracks=94 dynamic=0 dyn_points=0 raw_dyn_points=0 service=5/0 split=94->0 (94 outputs) fusion_components=94 visual_only=1 lidar_only=93 yolo_in=1 yolo_match3d=0 yolo_match_det=0 yolo_human=0 fixed_size=0 size_reject=0
[lvdot_detector_main-8] [INFO] [1776999016.726229373] [lvdot_detector_node]: get_dynamic_obstacles responded with 0 obstacles from 0 tracked dynamic boxes.
[lvdot_detector_main-8] [INFO] [1776999024.552134836] [lvdot_detector_node]: Input health: depth=43 color=42 lidar=12 pose=45 odom=45 yolo=42 depth_pose_sync=0 lidar_pose_sync=0 depth_odom_sync=0 lidar_odom_sync=0
[lvdot_detector_main-8] [INFO] [1776999024.552203209] [lvdot_detector_node]: Stage timers: detection=87 lidar_detection=87 tracking=87 classification=87 vis=0
[lvdot_detector_main-8] [INFO] [1776999024.552214253] [lvdot_detector_node]: Processing phases: detection=idle lidar_detection=waiting_new_lidar tracking=idle classification=idle
[lvdot_detector_main-8] [INFO] [1776999024.552223892] [lvdot_detector_node]: Pipeline stats: depth_samples=1405/71300 u_map=2 depth_boxes=0 u_map_merge=0 u_map_db=0 u_map_visual=0 u_map_fused=0 u_map_filtered=0 lidar_samples=3219/158867 uv=2 db=10 lidar=57 fused=59 filtered=59 tracks=59 dynamic=0 dyn_points=0 raw_dyn_points=0 service=6/0 split=59->0 (59 outputs) fusion_components=59 visual_only=2 lidar_only=57 yolo_in=4 yolo_match3d=0 yolo_match_det=0 yolo_human=0 fixed_size=2 size_reject=0
[lvdot_detector_main-8] [INFO] [1776999024.552861941] [lvdot_detector_node]: get_dynamic_obstacles responded with 0 obstacles from 0 tracked dynamic boxes.
[lvdot_detector_main-8] [WARN] [1776999024.657669045] [lvdot_detector_node.rclcpp]: failed to send response to /onboard_detector/get_dynamic_obstacles (timeout): client will not receive response, at ./src/rmw_response.cpp:153, at ./src/rcl/service.c:400
[lvdot_detector_main-8] [INFO] [1776999028.392349077] [lvdot_detector_node]: get_dynamic_obstacles responded with 1 obstacles from 1 tracked dynamic boxes.
[lvdot_detector_main-8] [INFO] [1776999029.580087732] [lvdot_detector_node]: Input health: depth=47 color=46 lidar=12 pose=49 odom=49 yolo=46 depth_pose_sync=0 lidar_pose_sync=0 depth_odom_sync=0 lidar_odom_sync=0
[lvdot_detector_main-8] [INFO] [1776999029.580153418] [lvdot_detector_node]: Stage timers: detection=91 lidar_detection=91 tracking=91 classification=91 vis=0
[lvdot_detector_main-8] [INFO] [1776999029.580164398] [lvdot_detector_node]: Processing phases: detection=idle lidar_detection=waiting_new_lidar tracking=idle classification=idle
[lvdot_detector_main-8] [INFO] [1776999029.580173994] [lvdot_detector_node]: Pipeline stats: depth_samples=1452/71300 u_map=2 depth_boxes=0 u_map_merge=0 u_map_db=0 u_map_visual=0 u_map_fused=0 u_map_filtered=0 lidar_samples=3219/158867 uv=2 db=9 lidar=57 fused=59 filtered=59 tracks=57 dynamic=1 dyn_points=0 raw_dyn_points=0 service=8/1 split=59->0 (59 outputs) fusion_components=59 visual_only=2 lidar_only=57 yolo_in=3 yolo_match3d=2 yolo_match_det=2 yolo_human=2 fixed_size=5 size_reject=0
[lvdot_detector_main-8] [INFO] [1776999035.719237667] [lvdot_detector_node]: get_dynamic_obstacles responded with 0 obstacles from 0 tracked dynamic boxes.
[lvdot_detector_main-8] [WARN] [1776999035.821741589] [lvdot_detector_node.rclcpp]: failed to send response to /onboard_detector/get_dynamic_obstacles (timeout): client will not receive response, at ./src/rmw_response.cpp:153, at ./src/rcl/service.c:400
[lvdot_detector_main-8] [INFO] [1776999038.580259947] [lvdot_detector_node]: Input health: depth=54 color=53 lidar=12 pose=56 odom=56 yolo=53 depth_pose_sync=0 lidar_pose_sync=0 depth_odom_sync=0 lidar_odom_sync=0
[lvdot_detector_main-8] [INFO] [1776999038.581177331] [lvdot_detector_node]: Stage timers: detection=98 lidar_detection=98 tracking=98 classification=98 vis=0
[lvdot_detector_main-8] [INFO] [1776999038.581761294] [lvdot_detector_node]: Processing phases: detection=idle lidar_detection=waiting_new_lidar tracking=idle classification=idle
[lvdot_detector_main-8] [INFO] [1776999038.582084118] [lvdot_detector_node]: Pipeline stats: depth_samples=1558/71300 u_map=1 depth_boxes=0 u_map_merge=0 u_map_db=0 u_map_visual=0 u_map_fused=0 u_map_filtered=0 lidar_samples=3219/158867 uv=1 db=12 lidar=57 fused=58 filtered=58 tracks=58 dynamic=1 dyn_points=0 raw_dyn_points=0 service=9/0 split=58->0 (58 outputs) fusion_components=58 visual_only=1 lidar_only=57 yolo_in=2 yolo_match3d=1 yolo_match_det=1 yolo_human=1 fixed_size=56 size_reject=0
[lvdot_detector_main-8] [INFO] [1776999040.985401738] [lvdot_detector_node]: get_dynamic_obstacles responded with 1 obstacles from 1 tracked dynamic boxes.
[lvdot_detector_main-8] [INFO] [1776999045.590909674] [lvdot_detector_node]: Input health: depth=60 color=59 lidar=12 pose=62 odom=62 yolo=59 depth_pose_sync=0 lidar_pose_sync=0 depth_odom_sync=0 lidar_odom_sync=0
[lvdot_detector_main-8] [INFO] [1776999045.591029285] [lvdot_detector_node]: Stage timers: detection=104 lidar_detection=104 tracking=104 classification=104 vis=0
[lvdot_detector_main-8] [INFO] [1776999045.591044424] [lvdot_detector_node]: Processing phases: detection=idle lidar_detection=waiting_new_lidar tracking=idle classification=idle
[lvdot_detector_main-8] [INFO] [1776999045.591053949] [lvdot_detector_node]: Pipeline stats: depth_samples=1385/71300 u_map=2 depth_boxes=0 u_map_merge=0 u_map_db=0 u_map_visual=0 u_map_fused=0 u_map_filtered=0 lidar_samples=3219/158867 uv=1 db=9 lidar=57 fused=58 filtered=58 tracks=57 dynamic=0 dyn_points=0 raw_dyn_points=0 service=10/1 split=58->0 (58 outputs) fusion_components=58 visual_only=1 lidar_only=57 yolo_in=0 yolo_match3d=0 yolo_match_det=0 yolo_human=0 fixed_size=57 size_reject=0
[lvdot_detector_main-8] [INFO] [1776999048.039197720] [lvdot_detector_node]: get_dynamic_obstacles responded with 0 obstacles from 0 tracked dynamic boxes.
[lvdot_detector_main-8] [WARN] [1776999048.139550180] [lvdot_detector_node.rclcpp]: failed to send response to /onboard_detector/get_dynamic_obstacles (timeout): client will not receive response, at ./src/rmw_response.cpp:153, at ./src/rcl/service.c:400
[lvdot_detector_main-8] [INFO] [1776999052.107101677] [lvdot_detector_node]: Input health: depth=65 color=64 lidar=12 pose=67 odom=67 yolo=64 depth_pose_sync=0 lidar_pose_sync=0 depth_odom_sync=0 lidar_odom_sync=0
[lvdot_detector_main-8] [INFO] [1776999052.108059003] [lvdot_detector_node]: Stage timers: detection=109 lidar_detection=109 tracking=109 classification=109 vis=0
[lvdot_detector_main-8] [INFO] [1776999052.108365063] [lvdot_detector_node]: Processing phases: detection=idle lidar_detection=waiting_new_lidar tracking=idle classification=idle
[lvdot_detector_main-8] [INFO] [1776999052.108377510] [lvdot_detector_node]: Pipeline stats: depth_samples=1178/71300 u_map=2 depth_boxes=0 u_map_merge=0 u_map_db=0 u_map_visual=0 u_map_fused=0 u_map_filtered=0 lidar_samples=3219/158867 uv=1 db=10 lidar=57 fused=58 filtered=58 tracks=59 dynamic=1 dyn_points=0 raw_dyn_points=0 service=11/0 split=58->0 (58 outputs) fusion_components=58 visual_only=1 lidar_only=57 yolo_in=4 yolo_match3d=0 yolo_match_det=0 yolo_human=0 fixed_size=57 size_reject=0
[lvdot_detector_main-8] [INFO] [1776999053.371251754] [lvdot_detector_node]: get_dynamic_obstacles responded with 0 obstacles from 0 tracked dynamic boxes.
[uav_trajectory_controller-4] [WARN] [1776999055.766212339] [uav_trajectory_controller]: SetEntityPose request timed out after 0.62s on /world/pedestrian_prototype/set_pose; dropping the pending request and retrying.
[uav_trajectory_controller-4] [WARN] [1776999056.518340699] [uav_trajectory_controller]: SetEntityPose request timed out after 0.62s on /world/pedestrian_prototype/set_pose; dropping the pending request and retrying.
[lvdot_detector_main-8] [INFO] [1776999058.837895367] [lvdot_detector_node]: get_dynamic_obstacles responded with 1 obstacles from 1 tracked dynamic boxes.
[lvdot_detector_main-8] [INFO] [1776999060.130356515] [lvdot_detector_node]: Input health: depth=71 color=70 lidar=12 pose=73 odom=73 yolo=70 depth_pose_sync=0 lidar_pose_sync=0 depth_odom_sync=0 lidar_odom_sync=0
[lvdot_detector_main-8] [INFO] [1776999060.130423592] [lvdot_detector_node]: Stage timers: detection=115 lidar_detection=115 tracking=115 classification=115 vis=0
[lvdot_detector_main-8] [INFO] [1776999060.130434624] [lvdot_detector_node]: Processing phases: detection=idle lidar_detection=waiting_new_lidar tracking=idle classification=idle
[lvdot_detector_main-8] [INFO] [1776999060.130444080] [lvdot_detector_node]: Pipeline stats: depth_samples=1322/71300 u_map=0 depth_boxes=0 u_map_merge=0 u_map_db=0 u_map_visual=0 u_map_fused=0 u_map_filtered=0 lidar_samples=3219/158867 uv=0 db=14 lidar=57 fused=57 filtered=57 tracks=57 dynamic=0 dyn_points=0 raw_dyn_points=0 service=13/1 split=57->0 (57 outputs) fusion_components=57 visual_only=0 lidar_only=57 yolo_in=3 yolo_match3d=0 yolo_match_det=0 yolo_human=0 fixed_size=57 size_reject=0
[lvdot_detector_main-8] [INFO] [1776999066.772957019] [lvdot_detector_node]: Input health: depth=74 color=73 lidar=13 pose=76 odom=76 yolo=73 depth_pose_sync=0 lidar_pose_sync=0 depth_odom_sync=0 lidar_odom_sync=0
[lvdot_detector_main-8] [INFO] [1776999066.773845614] [lvdot_detector_node]: Stage timers: detection=118 lidar_detection=118 tracking=118 classification=118 vis=0
[lvdot_detector_main-8] [INFO] [1776999066.774368317] [lvdot_detector_node]: Processing phases: detection=idle lidar_detection=idle tracking=idle classification=idle
[lvdot_detector_main-8] [INFO] [1776999066.774920291] [lvdot_detector_node]: Pipeline stats: depth_samples=1415/71300 u_map=2 depth_boxes=0 u_map_merge=0 u_map_db=0 u_map_visual=0 u_map_fused=0 u_map_filtered=0 lidar_samples=3226/124855 uv=1 db=9 lidar=16 fused=16 filtered=16 tracks=57 dynamic=0 dyn_points=0 raw_dyn_points=0 service=13/1 split=16->0 (16 outputs) fusion_components=16 visual_only=0 lidar_only=15 yolo_in=0 yolo_match3d=0 yolo_match_det=0 yolo_human=0 fixed_size=57 size_reject=0
[lvdot_detector_main-8] [INFO] [1776999067.990588030] [lvdot_detector_node]: get_dynamic_obstacles responded with 0 obstacles from 0 tracked dynamic boxes.
[lvdot_detector_main-8] [INFO] [1776999072.594179547] [lvdot_detector_node]: get_dynamic_obstacles responded with 0 obstacles from 0 tracked dynamic boxes.
[lvdot_detector_main-8] [INFO] [1776999073.935647304] [lvdot_detector_node]: Input health: depth=80 color=79 lidar=14 pose=82 odom=82 yolo=79 depth_pose_sync=0 lidar_pose_sync=0 depth_odom_sync=0 lidar_odom_sync=0
[lvdot_detector_main-8] [INFO] [1776999073.935725381] [lvdot_detector_node]: Stage timers: detection=124 lidar_detection=124 tracking=124 classification=124 vis=0
[lvdot_detector_main-8] [INFO] [1776999073.935741497] [lvdot_detector_node]: Processing phases: detection=idle lidar_detection=waiting_new_lidar tracking=idle classification=idle
[lvdot_detector_main-8] [INFO] [1776999073.935752507] [lvdot_detector_node]: Pipeline stats: depth_samples=1660/71300 u_map=4 depth_boxes=0 u_map_merge=0 u_map_db=0 u_map_visual=0 u_map_fused=0 u_map_filtered=0 lidar_samples=156/11811 uv=2 db=17 lidar=1 fused=3 filtered=3 tracks=1 dynamic=0 dyn_points=0 raw_dyn_points=0 service=15/0 split=3->0 (3 outputs) fusion_components=3 visual_only=2 lidar_only=1 yolo_in=3 yolo_match3d=1 yolo_match_det=1 yolo_human=1 fixed_size=0 size_reject=0
[lvdot_detector_main-8] [INFO] [1776999077.310951254] [lvdot_detector_node]: get_dynamic_obstacles responded with 1 obstacles from 1 tracked dynamic boxes.
[lvdot_detector_main-8] [INFO] [1776999082.586893527] [lvdot_detector_node]: Input health: depth=85 color=84 lidar=15 pose=87 odom=87 yolo=84 depth_pose_sync=0 lidar_pose_sync=0 depth_odom_sync=0 lidar_odom_sync=0
[lvdot_detector_main-8] [INFO] [1776999082.586958757] [lvdot_detector_node]: Stage timers: detection=129 lidar_detection=129 tracking=129 classification=129 vis=0
[lvdot_detector_main-8] [INFO] [1776999082.586970198] [lvdot_detector_node]: Processing phases: detection=idle lidar_detection=waiting_new_lidar tracking=idle classification=idle
[lvdot_detector_main-8] [INFO] [1776999082.586979832] [lvdot_detector_node]: Pipeline stats: depth_samples=1462/71300 u_map=3 depth_boxes=0 u_map_merge=0 u_map_db=0 u_map_visual=0 u_map_fused=0 u_map_filtered=0 lidar_samples=3394/107940 uv=1 db=10 lidar=7 fused=8 filtered=8 tracks=7 dynamic=0 dyn_points=0 raw_dyn_points=0 service=16/1 split=8->0 (8 outputs) fusion_components=8 visual_only=1 lidar_only=7 yolo_in=1 yolo_match3d=0 yolo_match_det=0 yolo_human=0 fixed_size=0 size_reject=0
[lvdot_detector_main-8] [INFO] [1776999082.587577738] [lvdot_detector_node]: get_dynamic_obstacles responded with 0 obstacles from 0 tracked dynamic boxes.
[lvdot_detector_main-8] [INFO] [1776999089.549705509] [lvdot_detector_node]: Input health: depth=92 color=91 lidar=15 pose=94 odom=94 yolo=91 depth_pose_sync=0 lidar_pose_sync=0 depth_odom_sync=0 lidar_odom_sync=0
[lvdot_detector_main-8] [INFO] [1776999089.550662073] [lvdot_detector_node]: Stage timers: detection=136 lidar_detection=136 tracking=136 classification=136 vis=0
[lvdot_detector_main-8] [INFO] [1776999089.551245328] [lvdot_detector_node]: Processing phases: detection=idle lidar_detection=waiting_new_lidar tracking=idle classification=idle
[lvdot_detector_main-8] [INFO] [1776999089.551706490] [lvdot_detector_node]: Pipeline stats: depth_samples=1510/71300 u_map=3 depth_boxes=0 u_map_merge=0 u_map_db=0 u_map_visual=0 u_map_fused=0 u_map_filtered=0 lidar_samples=3394/107940 uv=1 db=13 lidar=7 fused=8 filtered=8 tracks=8 dynamic=1 dyn_points=0 raw_dyn_points=0 service=17/0 split=8->0 (8 outputs) fusion_components=8 visual_only=1 lidar_only=7 yolo_in=1 yolo_match3d=1 yolo_match_det=1 yolo_human=1 fixed_size=0 size_reject=0
[lvdot_detector_main-8] [INFO] [1776999089.552290148] [lvdot_detector_node]: get_dynamic_obstacles responded with 1 obstacles from 1 tracked dynamic boxes.
[lvdot_detector_main-8] [WARN] [1776999089.658704207] [lvdot_detector_node.rclcpp]: failed to send response to /onboard_detector/get_dynamic_obstacles (timeout): client will not receive response, at ./src/rmw_response.cpp:153, at ./src/rcl/service.c:400
[lvdot_detector_main-8] [INFO] [1776999095.082979020] [lvdot_detector_node]: Input health: depth=97 color=96 lidar=15 pose=99 odom=99 yolo=96 depth_pose_sync=0 lidar_pose_sync=0 depth_odom_sync=0 lidar_odom_sync=0
[lvdot_detector_main-8] [INFO] [1776999095.084099616] [lvdot_detector_node]: Stage timers: detection=141 lidar_detection=141 tracking=141 classification=141 vis=0
[lvdot_detector_main-8] [INFO] [1776999095.084767283] [lvdot_detector_node]: Processing phases: detection=idle lidar_detection=waiting_new_lidar tracking=idle classification=idle
[lvdot_detector_main-8] [INFO] [1776999095.085047333] [lvdot_detector_node]: Pipeline stats: depth_samples=1321/71300 u_map=2 depth_boxes=0 u_map_merge=0 u_map_db=0 u_map_visual=0 u_map_fused=0 u_map_filtered=0 lidar_samples=3394/107940 uv=1 db=12 lidar=7 fused=8 filtered=8 tracks=8 dynamic=0 dyn_points=0 raw_dyn_points=0 service=18/1 split=8->1 (8 outputs) fusion_components=8 visual_only=1 lidar_only=7 yolo_in=4 yolo_match3d=1 yolo_match_det=2 yolo_human=1 fixed_size=7 size_reject=0
[lvdot_detector_main-8] [INFO] [1776999096.032122653] [lvdot_detector_node]: get_dynamic_obstacles responded with 0 obstacles from 0 tracked dynamic boxes.
[lvdot_detector_main-8] [INFO] [1776999100.487818963] [lvdot_detector_node]: get_dynamic_obstacles responded with 0 obstacles from 0 tracked dynamic boxes.
[lvdot_detector_main-8] [INFO] [1776999101.092241123] [lvdot_detector_node]: Input health: depth=104 color=103 lidar=15 pose=106 odom=106 yolo=103 depth_pose_sync=0 lidar_pose_sync=0 depth_odom_sync=0 lidar_odom_sync=0
[lvdot_detector_main-8] [INFO] [1776999101.092315351] [lvdot_detector_node]: Stage timers: detection=148 lidar_detection=148 tracking=148 classification=148 vis=0
[lvdot_detector_main-8] [INFO] [1776999101.092329019] [lvdot_detector_node]: Processing phases: detection=idle lidar_detection=waiting_new_lidar tracking=idle classification=idle
[lvdot_detector_main-8] [INFO] [1776999101.092340193] [lvdot_detector_node]: Pipeline stats: depth_samples=1007/43447 u_map=0 depth_boxes=0 u_map_merge=0 u_map_db=0 u_map_visual=0 u_map_fused=0 u_map_filtered=0 lidar_samples=3394/107940 uv=0 db=6 lidar=7 fused=7 filtered=7 tracks=8 dynamic=0 dyn_points=0 raw_dyn_points=0 service=20/0 split=7->0 (7 outputs) fusion_components=7 visual_only=0 lidar_only=7 yolo_in=1 yolo_match3d=0 yolo_match_det=0 yolo_human=0 fixed_size=7 size_reject=0
[lvdot_detector_main-8] [INFO] [1776999107.055986083] [lvdot_detector_node]: Input health: depth=107 color=106 lidar=16 pose=109 odom=109 yolo=105 depth_pose_sync=0 lidar_pose_sync=0 depth_odom_sync=0 lidar_odom_sync=0
[lvdot_detector_main-8] [INFO] [1776999107.056088135] [lvdot_detector_node]: Stage timers: detection=151 lidar_detection=151 tracking=151 classification=151 vis=0
[lvdot_detector_main-8] [INFO] [1776999107.056101956] [lvdot_detector_node]: Processing phases: detection=idle lidar_detection=idle tracking=idle classification=idle
[lvdot_detector_main-8] [INFO] [1776999107.056111970] [lvdot_detector_node]: Pipeline stats: depth_samples=1220/71300 u_map=4 depth_boxes=0 u_map_merge=0 u_map_db=0 u_map_visual=0 u_map_fused=0 u_map_filtered=0 lidar_samples=3115/172812 uv=2 db=8 lidar=13 fused=15 filtered=16 tracks=8 dynamic=0 dyn_points=0 raw_dyn_points=0 service=20/0 split=15->1 (16 outputs) fusion_components=15 visual_only=2 lidar_only=13 yolo_in=4 yolo_match3d=3 yolo_match_det=4 yolo_human=4 fixed_size=7 size_reject=0
[lvdot_detector_main-8] [INFO] [1776999108.178057546] [lvdot_detector_node]: get_dynamic_obstacles responded with 1 obstacles from 1 tracked dynamic boxes.
[lvdot_detector_main-8] [WARN] [1776999108.279088112] [lvdot_detector_node.rclcpp]: failed to send response to /onboard_detector/get_dynamic_obstacles (timeout): client will not receive response, at ./src/rmw_response.cpp:153, at ./src/rcl/service.c:400
[lvdot_detector_main-8] [INFO] [1776999112.582091565] [lvdot_detector_node]: get_dynamic_obstacles responded with 1 obstacles from 1 tracked dynamic boxes.
[lvdot_detector_main-8] [INFO] [1776999113.508933453] [lvdot_detector_node]: Input health: depth=113 color=112 lidar=16 pose=115 odom=115 yolo=111 depth_pose_sync=0 lidar_pose_sync=0 depth_odom_sync=0 lidar_odom_sync=0
[lvdot_detector_main-8] [INFO] [1776999113.509059682] [lvdot_detector_node]: Stage timers: detection=157 lidar_detection=157 tracking=157 classification=157 vis=0
[lvdot_detector_main-8] [INFO] [1776999113.509081657] [lvdot_detector_node]: Processing phases: detection=idle lidar_detection=waiting_new_lidar tracking=idle classification=idle
[lvdot_detector_main-8] [INFO] [1776999113.509098213] [lvdot_detector_node]: Pipeline stats: depth_samples=1238/71300 u_map=1 depth_boxes=0 u_map_merge=0 u_map_db=0 u_map_visual=0 u_map_fused=0 u_map_filtered=0 lidar_samples=3115/172812 uv=1 db=11 lidar=13 fused=14 filtered=14 tracks=13 dynamic=1 dyn_points=0 raw_dyn_points=0 service=22/1 split=14->1 (14 outputs) fusion_components=14 visual_only=1 lidar_only=13 yolo_in=2 yolo_match3d=1 yolo_match_det=2 yolo_human=0 fixed_size=0 size_reject=0
[lvdot_detector_main-8] [INFO] [1776999118.546203457] [lvdot_detector_node]: get_dynamic_obstacles responded with 0 obstacles from 0 tracked dynamic boxes.
[lvdot_detector_main-8] [INFO] [1776999122.647218523] [lvdot_detector_node]: Input health: depth=119 color=118 lidar=17 pose=121 odom=121 yolo=117 depth_pose_sync=0 lidar_pose_sync=0 depth_odom_sync=0 lidar_odom_sync=0
[lvdot_detector_main-8] [INFO] [1776999122.648154320] [lvdot_detector_node]: Stage timers: detection=163 lidar_detection=163 tracking=163 classification=163 vis=0
[lvdot_detector_main-8] [INFO] [1776999122.648174504] [lvdot_detector_node]: Processing phases: detection=idle lidar_detection=idle tracking=idle classification=idle
[lvdot_detector_main-8] [INFO] [1776999122.648184345] [lvdot_detector_node]: Pipeline stats: depth_samples=1381/71300 u_map=2 depth_boxes=0 u_map_merge=0 u_map_db=0 u_map_visual=0 u_map_fused=0 u_map_filtered=0 lidar_samples=3280/129737 uv=1 db=11 lidar=17 fused=18 filtered=18 tracks=13 dynamic=0 dyn_points=0 raw_dyn_points=0 service=23/0 split=18->0 (18 outputs) fusion_components=18 visual_only=1 lidar_only=17 yolo_in=0 yolo_match3d=0 yolo_match_det=0 yolo_human=0 fixed_size=13 size_reject=0
[lvdot_detector_main-8] [INFO] [1776999129.565936565] [lvdot_detector_node]: Input health: depth=122 color=121 lidar=18 pose=124 odom=124 yolo=120 depth_pose_sync=0 lidar_pose_sync=0 depth_odom_sync=0 lidar_odom_sync=0
[lvdot_detector_main-8] [INFO] [1776999129.566026085] [lvdot_detector_node]: Stage timers: detection=166 lidar_detection=166 tracking=166 classification=166 vis=0
[lvdot_detector_main-8] [INFO] [1776999129.566045459] [lvdot_detector_node]: Processing phases: detection=idle lidar_detection=idle tracking=idle classification=idle
[lvdot_detector_main-8] [INFO] [1776999129.566057978] [lvdot_detector_node]: Pipeline stats: depth_samples=1299/71300 u_map=3 depth_boxes=0 u_map_merge=0 u_map_db=0 u_map_visual=0 u_map_fused=0 u_map_filtered=0 lidar_samples=3454/142590 uv=1 db=9 lidar=65 fused=65 filtered=65 tracks=18 dynamic=0 dyn_points=0 raw_dyn_points=0 service=23/0 split=65->0 (65 outputs) fusion_components=65 visual_only=0 lidar_only=64 yolo_in=4 yolo_match3d=3 yolo_match_det=3 yolo_human=3 fixed_size=1 size_reject=0
[lvdot_detector_main-8] [INFO] [1776999129.566759532] [lvdot_detector_node]: get_dynamic_obstacles responded with 0 obstacles from 0 tracked dynamic boxes.
[lvdot_detector_main-8] [WARN] [1776999129.667349177] [lvdot_detector_node.rclcpp]: failed to send response to /onboard_detector/get_dynamic_obstacles (timeout): client will not receive response, at ./src/rmw_response.cpp:153, at ./src/rcl/service.c:400
[lvdot_detector_main-8] [INFO] [1776999137.896898316] [lvdot_detector_node]: Input health: depth=129 color=128 lidar=18 pose=131 odom=131 yolo=127 depth_pose_sync=0 lidar_pose_sync=0 depth_odom_sync=0 lidar_odom_sync=0
[lvdot_detector_main-8] [INFO] [1776999137.898014155] [lvdot_detector_node]: Stage timers: detection=173 lidar_detection=173 tracking=173 classification=173 vis=0
[lvdot_detector_main-8] [INFO] [1776999137.898752976] [lvdot_detector_node]: Processing phases: detection=idle lidar_detection=waiting_new_lidar tracking=idle classification=idle
[lvdot_detector_main-8] [INFO] [1776999137.899512415] [lvdot_detector_node]: Pipeline stats: depth_samples=1393/71300 u_map=1 depth_boxes=0 u_map_merge=0 u_map_db=0 u_map_visual=0 u_map_fused=0 u_map_filtered=0 lidar_samples=3454/142590 uv=1 db=9 lidar=65 fused=66 filtered=66 tracks=66 dynamic=1 dyn_points=0 raw_dyn_points=0 service=25/1 split=66->0 (66 outputs) fusion_components=66 visual_only=1 lidar_only=65 yolo_in=2 yolo_match3d=0 yolo_match_det=0 yolo_human=0 fixed_size=0 size_reject=0
[lvdot_detector_main-8] [INFO] [1776999137.900352022] [lvdot_detector_node]: get_dynamic_obstacles responded with 1 obstacles from 1 tracked dynamic boxes.
[lvdot_detector_main-8] [WARN] [1776999138.007020022] [lvdot_detector_node.rclcpp]: failed to send response to /onboard_detector/get_dynamic_obstacles (timeout): client will not receive response, at ./src/rmw_response.cpp:153, at ./src/rcl/service.c:400
[lvdot_detector_main-8] [INFO] [1776999143.445964741] [lvdot_detector_node]: get_dynamic_obstacles responded with 0 obstacles from 0 tracked dynamic boxes.
[lvdot_detector_main-8] [INFO] [1776999145.930192890] [lvdot_detector_node]: Input health: depth=135 color=134 lidar=18 pose=137 odom=137 yolo=133 depth_pose_sync=0 lidar_pose_sync=0 depth_odom_sync=0 lidar_odom_sync=0
[lvdot_detector_main-8] [INFO] [1776999145.930781056] [lvdot_detector_node]: Stage timers: detection=179 lidar_detection=179 tracking=179 classification=179 vis=0
[lvdot_detector_main-8] [INFO] [1776999145.930804338] [lvdot_detector_node]: Processing phases: detection=idle lidar_detection=waiting_new_lidar tracking=idle classification=idle
[lvdot_detector_main-8] [INFO] [1776999145.930815979] [lvdot_detector_node]: Pipeline stats: depth_samples=1382/71300 u_map=1 depth_boxes=0 u_map_merge=0 u_map_db=0 u_map_visual=0 u_map_fused=0 u_map_filtered=0 lidar_samples=3454/142590 uv=1 db=12 lidar=65 fused=66 filtered=66 tracks=65 dynamic=2 dyn_points=0 raw_dyn_points=0 service=27/0 split=66->0 (66 outputs) fusion_components=66 visual_only=1 lidar_only=65 yolo_in=3 yolo_match3d=0 yolo_match_det=0 yolo_human=0 fixed_size=64 size_reject=0
[lvdot_detector_main-8] [INFO] [1776999149.645427420] [lvdot_detector_node]: get_dynamic_obstacles responded with 0 obstacles from 0 tracked dynamic boxes.
[lvdot_detector_main-8] [INFO] [1776999152.170400531] [lvdot_detector_node]: Input health: depth=140 color=139 lidar=18 pose=142 odom=142 yolo=138 depth_pose_sync=0 lidar_pose_sync=0 depth_odom_sync=0 lidar_odom_sync=0
[lvdot_detector_main-8] [INFO] [1776999152.170485678] [lvdot_detector_node]: Stage timers: detection=184 lidar_detection=184 tracking=184 classification=184 vis=0
[lvdot_detector_main-8] [INFO] [1776999152.170508572] [lvdot_detector_node]: Processing phases: detection=idle lidar_detection=waiting_new_lidar tracking=idle classification=idle
[lvdot_detector_main-8] [INFO] [1776999152.170526043] [lvdot_detector_node]: Pipeline stats: depth_samples=1360/71300 u_map=1 depth_boxes=0 u_map_merge=0 u_map_db=0 u_map_visual=0 u_map_fused=0 u_map_filtered=0 lidar_samples=3454/142590 uv=1 db=9 lidar=65 fused=66 filtered=66 tracks=66 dynamic=0 dyn_points=0 raw_dyn_points=0 service=28/0 split=66->0 (66 outputs) fusion_components=66 visual_only=1 lidar_only=65 yolo_in=2 yolo_match3d=0 yolo_match_det=0 yolo_human=0 fixed_size=64 size_reject=0
[lvdot_detector_main-8] [INFO] [1776999158.346104869] [lvdot_detector_node]: Input health: depth=142 color=141 lidar=19 pose=144 odom=144 yolo=140 depth_pose_sync=0 lidar_pose_sync=0 depth_odom_sync=0 lidar_odom_sync=0
[lvdot_detector_main-8] [INFO] [1776999158.348620952] [lvdot_detector_node]: Stage timers: detection=186 lidar_detection=186 tracking=186 classification=186 vis=0
[lvdot_detector_main-8] [INFO] [1776999158.348639279] [lvdot_detector_node]: Processing phases: detection=idle lidar_detection=waiting_new_lidar tracking=idle classification=idle
[lvdot_detector_main-8] [INFO] [1776999158.348648936] [lvdot_detector_node]: Pipeline stats: depth_samples=1464/71300 u_map=3 depth_boxes=0 u_map_merge=0 u_map_db=0 u_map_visual=0 u_map_fused=0 u_map_filtered=0 lidar_samples=3483/144314 uv=0 db=13 lidar=71 fused=71 filtered=71 tracks=71 dynamic=0 dyn_points=0 raw_dyn_points=0 service=28/0 split=71->0 (71 outputs) fusion_components=71 visual_only=0 lidar_only=71 yolo_in=2 yolo_match3d=2 yolo_match_det=2 yolo_human=2 fixed_size=0 size_reject=0
[lvdot_detector_main-8] [INFO] [1776999158.349453964] [lvdot_detector_node]: get_dynamic_obstacles responded with 0 obstacles from 0 tracked dynamic boxes.
[lvdot_detector_main-8] [WARN] [1776999158.450667416] [lvdot_detector_node.rclcpp]: failed to send response to /onboard_detector/get_dynamic_obstacles (timeout): client will not receive response, at ./src/rmw_response.cpp:153, at ./src/rcl/service.c:400
[lvdot_detector_main-8] [INFO] [1776999163.576613249] [lvdot_detector_node]: Input health: depth=146 color=145 lidar=19 pose=148 odom=148 yolo=144 depth_pose_sync=0 lidar_pose_sync=0 depth_odom_sync=0 lidar_odom_sync=0
[lvdot_detector_main-8] [INFO] [1776999163.576707533] [lvdot_detector_node]: Stage timers: detection=190 lidar_detection=190 tracking=190 classification=190 vis=0
[lvdot_detector_main-8] [INFO] [1776999163.576719766] [lvdot_detector_node]: Processing phases: detection=idle lidar_detection=waiting_new_lidar tracking=idle classification=idle
[lvdot_detector_main-8] [INFO] [1776999163.576729214] [lvdot_detector_node]: Pipeline stats: depth_samples=1371/71300 u_map=4 depth_boxes=0 u_map_merge=0 u_map_db=0 u_map_visual=0 u_map_fused=0 u_map_filtered=0 lidar_samples=3483/144314 uv=1 db=12 lidar=71 fused=72 filtered=72 tracks=72 dynamic=0 dyn_points=0 raw_dyn_points=0 service=29/0 split=72->0 (72 outputs) fusion_components=72 visual_only=1 lidar_only=71 yolo_in=2 yolo_match3d=2 yolo_match_det=2 yolo_human=2 fixed_size=0 size_reject=0
[lvdot_detector_main-8] [INFO] [1776999164.827003099] [lvdot_detector_node]: get_dynamic_obstacles responded with 1 obstacles from 1 tracked dynamic boxes.
[lvdot_detector_main-8] [WARN] [1776999164.930012386] [lvdot_detector_node.rclcpp]: failed to send response to /onboard_detector/get_dynamic_obstacles (timeout): client will not receive response, at ./src/rmw_response.cpp:153, at ./src/rcl/service.c:400
[lvdot_detector_main-8] [INFO] [1776999169.417509997] [lvdot_detector_node]: Input health: depth=151 color=150 lidar=19 pose=153 odom=153 yolo=149 depth_pose_sync=0 lidar_pose_sync=0 depth_odom_sync=0 lidar_odom_sync=0
[lvdot_detector_main-8] [INFO] [1776999169.417584903] [lvdot_detector_node]: Stage timers: detection=195 lidar_detection=195 tracking=195 classification=195 vis=0
[lvdot_detector_main-8] [INFO] [1776999169.417596004] [lvdot_detector_node]: Processing phases: detection=idle lidar_detection=waiting_new_lidar tracking=idle classification=idle
[lvdot_detector_main-8] [INFO] [1776999169.417605005] [lvdot_detector_node]: Pipeline stats: depth_samples=1316/71300 u_map=0 depth_boxes=0 u_map_merge=0 u_map_db=0 u_map_visual=0 u_map_fused=0 u_map_filtered=0 lidar_samples=3483/144314 uv=0 db=9 lidar=71 fused=71 filtered=71 tracks=71 dynamic=0 dyn_points=0 raw_dyn_points=0 service=30/1 split=71->0 (71 outputs) fusion_components=71 visual_only=0 lidar_only=71 yolo_in=1 yolo_match3d=0 yolo_match_det=0 yolo_human=0 fixed_size=71 size_reject=0
[lvdot_detector_main-8] [INFO] [1776999177.636215968] [lvdot_detector_node]: Input health: depth=158 color=157 lidar=19 pose=160 odom=160 yolo=156 depth_pose_sync=0 lidar_pose_sync=0 depth_odom_sync=0 lidar_odom_sync=0
[lvdot_detector_main-8] [INFO] [1776999177.636339063] [lvdot_detector_node]: Stage timers: detection=202 lidar_detection=202 tracking=202 classification=202 vis=0
[lvdot_detector_main-8] [INFO] [1776999177.636358325] [lvdot_detector_node]: Processing phases: detection=idle lidar_detection=waiting_new_lidar tracking=idle classification=idle
[lvdot_detector_main-8] [INFO] [1776999177.636369761] [lvdot_detector_node]: Pipeline stats: depth_samples=1523/71300 u_map=3 depth_boxes=0 u_map_merge=0 u_map_db=0 u_map_visual=0 u_map_fused=0 u_map_filtered=0 lidar_samples=3483/144314 uv=2 db=11 lidar=71 fused=73 filtered=73 tracks=71 dynamic=1 dyn_points=0 raw_dyn_points=0 service=30/1 split=73->0 (73 outputs) fusion_components=73 visual_only=2 lidar_only=71 yolo_in=2 yolo_match3d=2 yolo_match_det=2 yolo_human=2 fixed_size=71 size_reject=1
[lvdot_detector_main-8] [INFO] [1776999187.525872923] [lvdot_detector_node]: Input health: depth=163 color=162 lidar=20 pose=165 odom=165 yolo=161 depth_pose_sync=0 lidar_pose_sync=0 depth_odom_sync=0 lidar_odom_sync=0
[lvdot_detector_main-8] [INFO] [1776999187.525983088] [lvdot_detector_node]: Stage timers: detection=207 lidar_detection=207 tracking=207 classification=207 vis=0
[lvdot_detector_main-8] [INFO] [1776999187.525995842] [lvdot_detector_node]: Processing phases: detection=idle lidar_detection=idle tracking=idle classification=idle
[lvdot_detector_main-8] [INFO] [1776999187.526005181] [lvdot_detector_node]: Pipeline stats: depth_samples=1322/71300 u_map=0 depth_boxes=0 u_map_merge=0 u_map_db=0 u_map_visual=0 u_map_fused=0 u_map_filtered=0 lidar_samples=3349/142451 uv=0 db=14 lidar=66 fused=66 filtered=66 tracks=73 dynamic=1 dyn_points=0 raw_dyn_points=0 service=30/1 split=66->0 (66 outputs) fusion_components=66 visual_only=0 lidar_only=66 yolo_in=1 yolo_match3d=1 yolo_match_det=1 yolo_human=1 fixed_size=71 size_reject=0
[lvdot_detector_main-8] [INFO] [1776999193.262326446] [lvdot_detector_node]: Input health: depth=165 color=164 lidar=21 pose=167 odom=167 yolo=163 depth_pose_sync=0 lidar_pose_sync=0 depth_odom_sync=0 lidar_odom_sync=0
[lvdot_detector_main-8] [INFO] [1776999193.263336830] [lvdot_detector_node]: Stage timers: detection=209 lidar_detection=209 tracking=209 classification=209 vis=0
[lvdot_detector_main-8] [INFO] [1776999193.263932311] [lvdot_detector_node]: Processing phases: detection=idle lidar_detection=waiting_new_lidar tracking=idle classification=idle
[lvdot_detector_main-8] [INFO] [1776999193.264506472] [lvdot_detector_node]: Pipeline stats: depth_samples=1476/71300 u_map=2 depth_boxes=0 u_map_merge=0 u_map_db=0 u_map_visual=0 u_map_fused=0 u_map_filtered=0 lidar_samples=3466/143981 uv=2 db=14 lidar=58 fused=60 filtered=60 tracks=59 dynamic=1 dyn_points=0 raw_dyn_points=0 service=30/1 split=60->0 (60 outputs) fusion_components=60 visual_only=2 lidar_only=58 yolo_in=3 yolo_match3d=2 yolo_match_det=2 yolo_human=2 fixed_size=0 size_reject=0
[lvdot_detector_main-8] [INFO] [1776999199.101289542] [lvdot_detector_node]: Input health: depth=167 color=166 lidar=22 pose=169 odom=169 yolo=165 depth_pose_sync=0 lidar_pose_sync=0 depth_odom_sync=0 lidar_odom_sync=0
[lvdot_detector_main-8] [INFO] [1776999199.101744850] [lvdot_detector_node]: Stage timers: detection=211 lidar_detection=211 tracking=211 classification=211 vis=0
[lvdot_detector_main-8] [INFO] [1776999199.101759131] [lvdot_detector_node]: Processing phases: detection=idle lidar_detection=waiting_new_lidar tracking=idle classification=idle
[lvdot_detector_main-8] [INFO] [1776999199.101768719] [lvdot_detector_node]: Pipeline stats: depth_samples=1224/71300 u_map=1 depth_boxes=0 u_map_merge=0 u_map_db=0 u_map_visual=0 u_map_fused=0 u_map_filtered=0 lidar_samples=3218/174752 uv=1 db=11 lidar=24 fused=25 filtered=26 tracks=26 dynamic=2 dyn_points=0 raw_dyn_points=0 service=30/1 split=25->1 (26 outputs) fusion_components=25 visual_only=1 lidar_only=24 yolo_in=3 yolo_match3d=1 yolo_match_det=3 yolo_human=2 fixed_size=0 size_reject=0
[lvdot_detector_main-8] [INFO] [1776999207.986679808] [lvdot_detector_node]: Input health: depth=173 color=172 lidar=23 pose=175 odom=175 yolo=171 depth_pose_sync=0 lidar_pose_sync=0 depth_odom_sync=0 lidar_odom_sync=0
[lvdot_detector_main-8] [INFO] [1776999207.986748800] [lvdot_detector_node]: Stage timers: detection=217 lidar_detection=217 tracking=217 classification=217 vis=0
[lvdot_detector_main-8] [INFO] [1776999207.986763140] [lvdot_detector_node]: Processing phases: detection=idle lidar_detection=waiting_new_lidar tracking=idle classification=idle
[lvdot_detector_main-8] [INFO] [1776999207.986773769] [lvdot_detector_node]: Pipeline stats: depth_samples=1464/71300 u_map=2 depth_boxes=0 u_map_merge=0 u_map_db=0 u_map_visual=0 u_map_fused=0 u_map_filtered=0 lidar_samples=3403/107892 uv=1 db=10 lidar=3 fused=4 filtered=4 tracks=3 dynamic=0 dyn_points=0 raw_dyn_points=0 service=30/1 split=4->0 (4 outputs) fusion_components=4 visual_only=1 lidar_only=3 yolo_in=0 yolo_match3d=0 yolo_match_det=0 yolo_human=0 fixed_size=0 size_reject=0
[lvdot_detector_main-8] [INFO] [1776999216.330948836] [lvdot_detector_node]: Input health: depth=178 color=177 lidar=24 pose=180 odom=180 yolo=176 depth_pose_sync=0 lidar_pose_sync=0 depth_odom_sync=0 lidar_odom_sync=0
[lvdot_detector_main-8] [INFO] [1776999216.331012455] [lvdot_detector_node]: Stage timers: detection=222 lidar_detection=222 tracking=222 classification=222 vis=0
[lvdot_detector_main-8] [INFO] [1776999216.331027631] [lvdot_detector_node]: Processing phases: detection=idle lidar_detection=waiting_new_lidar tracking=idle classification=idle
[lvdot_detector_main-8] [INFO] [1776999216.331036978] [lvdot_detector_node]: Pipeline stats: depth_samples=1461/71300 u_map=2 depth_boxes=0 u_map_merge=0 u_map_db=0 u_map_visual=0 u_map_fused=0 u_map_filtered=0 lidar_samples=3295/120433 uv=1 db=12 lidar=16 fused=17 filtered=17 tracks=16 dynamic=1 dyn_points=0 raw_dyn_points=0 service=30/1 split=17->0 (17 outputs) fusion_components=17 visual_only=1 lidar_only=16 yolo_in=1 yolo_match3d=0 yolo_match_det=0 yolo_human=0 fixed_size=0 size_reject=0
[lvdot_detector_main-8] [INFO] [1776999224.755896514] [lvdot_detector_node]: Input health: depth=183 color=182 lidar=25 pose=185 odom=185 yolo=181 depth_pose_sync=0 lidar_pose_sync=0 depth_odom_sync=0 lidar_odom_sync=0
[lvdot_detector_main-8] [INFO] [1776999224.756008541] [lvdot_detector_node]: Stage timers: detection=227 lidar_detection=227 tracking=227 classification=227 vis=0
[lvdot_detector_main-8] [INFO] [1776999224.756026469] [lvdot_detector_node]: Processing phases: detection=idle lidar_detection=waiting_new_lidar tracking=idle classification=idle
[lvdot_detector_main-8] [INFO] [1776999224.756037860] [lvdot_detector_node]: Pipeline stats: depth_samples=1529/71300 u_map=2 depth_boxes=0 u_map_merge=0 u_map_db=0 u_map_visual=0 u_map_fused=0 u_map_filtered=0 lidar_samples=3249/124913 uv=2 db=10 lidar=19 fused=21 filtered=21 tracks=19 dynamic=0 dyn_points=0 raw_dyn_points=0 service=30/1 split=21->0 (21 outputs) fusion_components=21 visual_only=2 lidar_only=19 yolo_in=0 yolo_match3d=0 yolo_match_det=0 yolo_human=0 fixed_size=0 size_reject=0
[lvdot_detector_main-8] [INFO] [1776999231.688086538] [lvdot_detector_node]: Input health: depth=189 color=188 lidar=25 pose=191 odom=191 yolo=187 depth_pose_sync=0 lidar_pose_sync=0 depth_odom_sync=0 lidar_odom_sync=0
[lvdot_detector_main-8] [INFO] [1776999231.688151770] [lvdot_detector_node]: Stage timers: detection=233 lidar_detection=233 tracking=233 classification=233 vis=0
[lvdot_detector_main-8] [INFO] [1776999231.688163159] [lvdot_detector_node]: Processing phases: detection=idle lidar_detection=waiting_new_lidar tracking=idle classification=idle
[lvdot_detector_main-8] [INFO] [1776999231.688172449] [lvdot_detector_node]: Pipeline stats: depth_samples=1550/71300 u_map=3 depth_boxes=0 u_map_merge=0 u_map_db=0 u_map_visual=0 u_map_fused=0 u_map_filtered=0 lidar_samples=3249/124913 uv=1 db=12 lidar=19 fused=20 filtered=20 tracks=21 dynamic=0 dyn_points=0 raw_dyn_points=0 service=30/1 split=20->0 (20 outputs) fusion_components=20 visual_only=1 lidar_only=19 yolo_in=1 yolo_match3d=0 yolo_match_det=0 yolo_human=0 fixed_size=0 size_reject=0
[lvdot_detector_main-8] [INFO] [1776999239.446508518] [lvdot_detector_node]: Input health: depth=193 color=192 lidar=26 pose=195 odom=195 yolo=191 depth_pose_sync=0 lidar_pose_sync=0 depth_odom_sync=0 lidar_odom_sync=0
[lvdot_detector_main-8] [INFO] [1776999239.446915353] [lvdot_detector_node]: Stage timers: detection=237 lidar_detection=237 tracking=237 classification=237 vis=0
[lvdot_detector_main-8] [INFO] [1776999239.446948737] [lvdot_detector_node]: Processing phases: detection=idle lidar_detection=waiting_new_lidar tracking=idle classification=idle
[lvdot_detector_main-8] [INFO] [1776999239.446965881] [lvdot_detector_node]: Pipeline stats: depth_samples=1415/71300 u_map=2 depth_boxes=0 u_map_merge=0 u_map_db=0 u_map_visual=0 u_map_fused=0 u_map_filtered=0 lidar_samples=3283/128815 uv=1 db=9 lidar=71 fused=72 filtered=72 tracks=71 dynamic=1 dyn_points=0 raw_dyn_points=0 service=30/1 split=72->0 (72 outputs) fusion_components=72 visual_only=1 lidar_only=71 yolo_in=3 yolo_match3d=0 yolo_match_det=0 yolo_human=0 fixed_size=0 size_reject=0
[lvdot_detector_main-8] [INFO] [1776999248.028967536] [lvdot_detector_node]: Input health: depth=198 color=197 lidar=27 pose=200 odom=200 yolo=196 depth_pose_sync=0 lidar_pose_sync=0 depth_odom_sync=0 lidar_odom_sync=0
[lvdot_detector_main-8] [INFO] [1776999248.029282467] [lvdot_detector_node]: Stage timers: detection=242 lidar_detection=242 tracking=242 classification=242 vis=0
[lvdot_detector_main-8] [INFO] [1776999248.029310577] [lvdot_detector_node]: Processing phases: detection=idle lidar_detection=idle tracking=idle classification=idle
[lvdot_detector_main-8] [INFO] [1776999248.029324230] [lvdot_detector_node]: Pipeline stats: depth_samples=1170/71300 u_map=3 depth_boxes=0 u_map_merge=0 u_map_db=0 u_map_visual=0 u_map_fused=0 u_map_filtered=0 lidar_samples=3228/126480 uv=2 db=10 lidar=16 fused=18 filtered=18 tracks=72 dynamic=0 dyn_points=0 raw_dyn_points=0 service=30/1 split=18->0 (18 outputs) fusion_components=18 visual_only=2 lidar_only=16 yolo_in=4 yolo_match3d=3 yolo_match_det=3 yolo_human=3 fixed_size=1 size_reject=0
[lvdot_detector_main-8] [INFO] [1776999253.627503980] [lvdot_detector_node]: Input health: depth=203 color=202 lidar=27 pose=205 odom=205 yolo=201 depth_pose_sync=0 lidar_pose_sync=0 depth_odom_sync=0 lidar_odom_sync=0
[lvdot_detector_main-8] [INFO] [1776999253.627573470] [lvdot_detector_node]: Stage timers: detection=247 lidar_detection=247 tracking=247 classification=247 vis=0
[lvdot_detector_main-8] [INFO] [1776999253.627588132] [lvdot_detector_node]: Processing phases: detection=idle lidar_detection=waiting_new_lidar tracking=idle classification=idle
[lvdot_detector_main-8] [INFO] [1776999253.627623078] [lvdot_detector_node]: Pipeline stats: depth_samples=1364/71300 u_map=1 depth_boxes=0 u_map_merge=0 u_map_db=0 u_map_visual=0 u_map_fused=0 u_map_filtered=0 lidar_samples=3228/126480 uv=1 db=12 lidar=16 fused=17 filtered=17 tracks=17 dynamic=0 dyn_points=0 raw_dyn_points=0 service=30/1 split=17->0 (17 outputs) fusion_components=17 visual_only=1 lidar_only=16 yolo_in=5 yolo_match3d=0 yolo_match_det=0 yolo_human=0 fixed_size=0 size_reject=0
[lvdot_detector_main-8] [INFO] [1776999259.986189602] [lvdot_detector_node]: Input health: depth=209 color=208 lidar=27 pose=211 odom=211 yolo=207 depth_pose_sync=0 lidar_pose_sync=0 depth_odom_sync=0 lidar_odom_sync=0
[lvdot_detector_main-8] [INFO] [1776999259.986296623] [lvdot_detector_node]: Stage timers: detection=253 lidar_detection=253 tracking=253 classification=253 vis=0
[lvdot_detector_main-8] [INFO] [1776999259.986319876] [lvdot_detector_node]: Processing phases: detection=idle lidar_detection=waiting_new_lidar tracking=idle classification=idle
[lvdot_detector_main-8] [INFO] [1776999259.986334284] [lvdot_detector_node]: Pipeline stats: depth_samples=1304/71300 u_map=2 depth_boxes=0 u_map_merge=0 u_map_db=0 u_map_visual=0 u_map_fused=0 u_map_filtered=0 lidar_samples=3228/126480 uv=2 db=8 lidar=16 fused=18 filtered=18 tracks=18 dynamic=0 dyn_points=0 raw_dyn_points=0 service=30/1 split=18->0 (18 outputs) fusion_components=18 visual_only=2 lidar_only=16 yolo_in=0 yolo_match3d=0 yolo_match_det=0 yolo_human=0 fixed_size=15 size_reject=0
[lvdot_detector_main-8] [INFO] [1776999263.223093168] [lvdot_detector_node]: get_dynamic_obstacles responded with 0 obstacles from 0 tracked dynamic boxes.
[lvdot_detector_main-8] [INFO] [1776999265.469486423] [lvdot_detector_node]: Input health: depth=214 color=213 lidar=27 pose=216 odom=216 yolo=212 depth_pose_sync=0 lidar_pose_sync=0 depth_odom_sync=0 lidar_odom_sync=0
[lvdot_detector_main-8] [INFO] [1776999265.469584087] [lvdot_detector_node]: Stage timers: detection=258 lidar_detection=258 tracking=258 classification=258 vis=0
[lvdot_detector_main-8] [INFO] [1776999265.469597182] [lvdot_detector_node]: Processing phases: detection=idle lidar_detection=waiting_new_lidar tracking=idle classification=idle
[lvdot_detector_main-8] [INFO] [1776999265.469606378] [lvdot_detector_node]: Pipeline stats: depth_samples=1249/71300 u_map=2 depth_boxes=0 u_map_merge=0 u_map_db=0 u_map_visual=0 u_map_fused=0 u_map_filtered=0 lidar_samples=3228/126480 uv=0 db=9 lidar=16 fused=16 filtered=16 tracks=17 dynamic=0 dyn_points=0 raw_dyn_points=0 service=31/0 split=16->0 (16 outputs) fusion_components=16 visual_only=0 lidar_only=16 yolo_in=1 yolo_match3d=1 yolo_match_det=1 yolo_human=1 fixed_size=15 size_reject=0
[lvdot_detector_main-8] [INFO] [1776999271.473637752] [lvdot_detector_node]: Input health: depth=219 color=218 lidar=27 pose=221 odom=221 yolo=217 depth_pose_sync=0 lidar_pose_sync=0 depth_odom_sync=0 lidar_odom_sync=0
[lvdot_detector_main-8] [INFO] [1776999271.473766946] [lvdot_detector_node]: Stage timers: detection=263 lidar_detection=263 tracking=263 classification=263 vis=0
[lvdot_detector_main-8] [INFO] [1776999271.473787593] [lvdot_detector_node]: Processing phases: detection=idle lidar_detection=waiting_new_lidar tracking=idle classification=idle
[lvdot_detector_main-8] [INFO] [1776999271.473802426] [lvdot_detector_node]: Pipeline stats: depth_samples=1356/71300 u_map=1 depth_boxes=0 u_map_merge=0 u_map_db=0 u_map_visual=0 u_map_fused=0 u_map_filtered=0 lidar_samples=3228/126480 uv=1 db=10 lidar=16 fused=17 filtered=17 tracks=17 dynamic=1 dyn_points=0 raw_dyn_points=0 service=31/0 split=17->0 (17 outputs) fusion_components=17 visual_only=1 lidar_only=16 yolo_in=0 yolo_match3d=0 yolo_match_det=0 yolo_human=0 fixed_size=16 size_reject=0
[lvdot_detector_main-8] [INFO] [1776999278.389763620] [lvdot_detector_node]: Input health: depth=223 color=222 lidar=28 pose=225 odom=225 yolo=221 depth_pose_sync=0 lidar_pose_sync=0 depth_odom_sync=0 lidar_odom_sync=0
[lvdot_detector_main-8] [INFO] [1776999278.390021843] [lvdot_detector_node]: Stage timers: detection=267 lidar_detection=267 tracking=267 classification=267 vis=0
[lvdot_detector_main-8] [INFO] [1776999278.390052565] [lvdot_detector_node]: Processing phases: detection=idle lidar_detection=idle tracking=idle classification=idle
[lvdot_detector_main-8] [INFO] [1776999278.390062906] [lvdot_detector_node]: Pipeline stats: depth_samples=1316/71300 u_map=0 depth_boxes=0 u_map_merge=0 u_map_db=0 u_map_visual=0 u_map_fused=0 u_map_filtered=0 lidar_samples=3276/125743 uv=0 db=9 lidar=15 fused=15 filtered=15 tracks=16 dynamic=0 dyn_points=0 raw_dyn_points=0 service=31/0 split=15->0 (15 outputs) fusion_components=15 visual_only=0 lidar_only=15 yolo_in=0 yolo_match3d=0 yolo_match_det=0 yolo_human=0 fixed_size=16 size_reject=0
[lvdot_detector_main-8] [INFO] [1776999284.748659324] [lvdot_detector_node]: Input health: depth=226 color=225 lidar=29 pose=228 odom=228 yolo=224 depth_pose_sync=0 lidar_pose_sync=0 depth_odom_sync=0 lidar_odom_sync=0
[lvdot_detector_main-8] [INFO] [1776999284.749470605] [lvdot_detector_node]: Stage timers: detection=270 lidar_detection=270 tracking=270 classification=270 vis=0
[lvdot_detector_main-8] [INFO] [1776999284.749663586] [lvdot_detector_node]: Processing phases: detection=idle lidar_detection=idle tracking=idle classification=idle
[lvdot_detector_main-8] [INFO] [1776999284.749674128] [lvdot_detector_node]: Pipeline stats: depth_samples=1186/65780 u_map=6 depth_boxes=0 u_map_merge=0 u_map_db=0 u_map_visual=0 u_map_fused=0 u_map_filtered=0 lidar_samples=3229/121001 uv=3 db=11 lidar=16 fused=19 filtered=19 tracks=17 dynamic=0 dyn_points=0 raw_dyn_points=0 service=31/0 split=19->0 (19 outputs) fusion_components=19 visual_only=3 lidar_only=16 yolo_in=0 yolo_match3d=0 yolo_match_det=0 yolo_human=0 fixed_size=0 size_reject=0
