[INFO] [launch]: All log files can be found below /home/skbt2/.ros/log/2026-04-22-15-19-07-878797-DESKTOP-90MQDL6-544640
[INFO] [launch]: Default logging verbosity is set to INFO
[INFO] [lvdot_detector_main-1]: process started with pid [544644]
[lvdot_detector_main-1] [INFO] [1776842348.245530484] [lvdot_detector_node]: Config loaded: localization_mode=0 dt=0.033 image=640x480 depth_range=[0.20, 12.00] stage_timers=false
[lvdot_detector_main-1] [INFO] [1776842348.297682437] [lvdot_detector_node]: LV-DOT ROS2 skeleton started. depth=/camera/depth/image_rect_raw color=/camera/color/image_raw lidar=/pointcloud pose=/mavros/local_position/pose odom=/mavros/local_position/odom yolo=/yolo_detector/detected_bounding_boxes
[lvdot_detector_main-1] [INFO] [1776842350.295248440] [lvdot_detector_node]: Input health: depth=5 color=8 lidar=2 pose=11 odom=11 yolo=0 depth_pose_sync=0 lidar_pose_sync=0 depth_odom_sync=0 lidar_odom_sync=0
[lvdot_detector_main-1] [INFO] [1776842350.295344328] [lvdot_detector_node]: Stage timers: detection=0 lidar_detection=0 tracking=0 classification=0 vis=0
[lvdot_detector_main-1] [INFO] [1776842350.295357652] [lvdot_detector_node]: Pipeline stats: depth_samples=0/0 u_map=0 depth_boxes=0 u_map_merge=0 u_map_db=0 u_map_visual=0 u_map_fused=0 u_map_filtered=0 lidar_samples=0/0 uv=0 db=0 lidar=0 fused=0 filtered=0 tracks=0 dynamic=0 dyn_points=0 raw_dyn_points=0 service=0/0 split=0->0 (0 outputs) fusion_components=0 visual_only=0 lidar_only=0 fixed_size=0 size_reject=0
[lvdot_detector_main-1] [INFO] [1776842356.295210089] [lvdot_detector_node]: Input health: depth=51 color=65 lidar=22 pose=59 odom=59 yolo=0 depth_pose_sync=0 lidar_pose_sync=0 depth_odom_sync=0 lidar_odom_sync=0
[lvdot_detector_main-1] [INFO] [1776842356.295318132] [lvdot_detector_node]: Stage timers: detection=0 lidar_detection=0 tracking=0 classification=0 vis=0
[lvdot_detector_main-1] [INFO] [1776842356.295333110] [lvdot_detector_node]: Pipeline stats: depth_samples=0/0 u_map=0 depth_boxes=0 u_map_merge=0 u_map_db=0 u_map_visual=0 u_map_fused=0 u_map_filtered=0 lidar_samples=0/0 uv=0 db=0 lidar=0 fused=0 filtered=0 tracks=0 dynamic=0 dyn_points=0 raw_dyn_points=0 service=0/0 split=0->0 (0 outputs) fusion_components=0 visual_only=0 lidar_only=0 fixed_size=0 size_reject=0
[lvdot_detector_main-1] [INFO] [1776842362.295135191] [lvdot_detector_node]: Input health: depth=87 color=112 lidar=37 pose=107 odom=107 yolo=0 depth_pose_sync=0 lidar_pose_sync=0 depth_odom_sync=0 lidar_odom_sync=0
[lvdot_detector_main-1] [INFO] [1776842362.295224584] [lvdot_detector_node]: Stage timers: detection=0 lidar_detection=0 tracking=0 classification=0 vis=0
[lvdot_detector_main-1] [INFO] [1776842362.295240656] [lvdot_detector_node]: Pipeline stats: depth_samples=0/0 u_map=0 depth_boxes=0 u_map_merge=0 u_map_db=0 u_map_visual=0 u_map_fused=0 u_map_filtered=0 lidar_samples=0/0 uv=0 db=0 lidar=0 fused=0 filtered=0 tracks=0 dynamic=0 dyn_points=0 raw_dyn_points=0 service=0/0 split=0->0 (0 outputs) fusion_components=0 visual_only=0 lidar_only=0 fixed_size=0 size_reject=0
[lvdot_detector_main-1] [INFO] [1776842368.295112407] [lvdot_detector_node]: Input health: depth=121 color=150 lidar=52 pose=153 odom=153 yolo=0 depth_pose_sync=0 lidar_pose_sync=0 depth_odom_sync=0 lidar_odom_sync=0
[lvdot_detector_main-1] [INFO] [1776842368.295229804] [lvdot_detector_node]: Stage timers: detection=0 lidar_detection=0 tracking=0 classification=0 vis=0
[lvdot_detector_main-1] [INFO] [1776842368.295247865] [lvdot_detector_node]: Pipeline stats: depth_samples=0/0 u_map=0 depth_boxes=0 u_map_merge=0 u_map_db=0 u_map_visual=0 u_map_fused=0 u_map_filtered=0 lidar_samples=0/0 uv=0 db=0 lidar=0 fused=0 filtered=0 tracks=0 dynamic=0 dyn_points=0 raw_dyn_points=0 service=0/0 split=0->0 (0 outputs) fusion_components=0 visual_only=0 lidar_only=0 fixed_size=0 size_reject=0
[lvdot_detector_main-1] [INFO] [1776842374.295307612] [lvdot_detector_node]: Input health: depth=157 color=210 lidar=69 pose=204 odom=204 yolo=0 depth_pose_sync=0 lidar_pose_sync=0 depth_odom_sync=0 lidar_odom_sync=0
[lvdot_detector_main-1] [INFO] [1776842374.295411928] [lvdot_detector_node]: Stage timers: detection=0 lidar_detection=0 tracking=0 classification=0 vis=0
[lvdot_detector_main-1] [INFO] [1776842374.295471466] [lvdot_detector_node]: Pipeline stats: depth_samples=0/0 u_map=0 depth_boxes=0 u_map_merge=0 u_map_db=0 u_map_visual=0 u_map_fused=0 u_map_filtered=0 lidar_samples=0/0 uv=0 db=0 lidar=0 fused=0 filtered=0 tracks=0 dynamic=0 dyn_points=0 raw_dyn_points=0 service=0/0 split=0->0 (0 outputs) fusion_components=0 visual_only=0 lidar_only=0 fixed_size=0 size_reject=0
[lvdot_detector_main-1] [WARN] [1776842378.027393820] []: Messages of type 1 arrived out of order (will print only once)
[lvdot_detector_main-1] [WARN] [1776842378.027488247] []: Messages of type 1 arrived out of order (will print only once)
[lvdot_detector_main-1] [INFO] [1776842380.297749350] [lvdot_detector_node]: Input health: depth=192 color=264 lidar=73 pose=277 odom=277 yolo=0 depth_pose_sync=0 lidar_pose_sync=0 depth_odom_sync=0 lidar_odom_sync=0
[lvdot_detector_main-1] [INFO] [1776842380.297870688] [lvdot_detector_node]: Stage timers: detection=0 lidar_detection=0 tracking=0 classification=0 vis=0
[lvdot_detector_main-1] [INFO] [1776842380.297888630] [lvdot_detector_node]: Pipeline stats: depth_samples=0/0 u_map=0 depth_boxes=0 u_map_merge=0 u_map_db=0 u_map_visual=0 u_map_fused=0 u_map_filtered=0 lidar_samples=0/0 uv=0 db=0 lidar=0 fused=0 filtered=0 tracks=0 dynamic=0 dyn_points=0 raw_dyn_points=0 service=0/0 split=0->0 (0 outputs) fusion_components=0 visual_only=0 lidar_only=0 fixed_size=0 size_reject=0
