[INFO] [launch]: All log files can be found below /home/skbt2/.ros/log/2026-04-24-00-08-09-179047-DESKTOP-90MQDL6-232489
[INFO] [launch]: Default logging verbosity is set to INFO
[INFO] [gazebo-1]: process started with pid [232542]
[INFO] [parameter_bridge-2]: process started with pid [232543]
[INFO] [pedestrian_state_publisher-3]: process started with pid [232544]
[INFO] [uav_trajectory_controller-4]: process started with pid [232545]
[INFO] [image_pointcloud_relay-5]: process started with pid [232546]
[INFO] [image_pointcloud_relay-6]: process started with pid [232547]
[INFO] [lvdot_yolo_node-7]: process started with pid [232548]
[INFO] [lvdot_detector_main-8]: process started with pid [232549]
[parameter_bridge-2] [INFO] [1776960489.451709946] [ros_gz_bridge]: Creating GZ->ROS Bridge: [/rgbd_camera/image (gz.msgs.Image) -> /rgbd_camera/image (sensor_msgs/msg/Image)] (Lazy 0)
[parameter_bridge-2] [INFO] [1776960489.457790521] [ros_gz_bridge]: Creating GZ->ROS Bridge: [/rgbd_camera/camera_info (gz.msgs.CameraInfo) -> /rgbd_camera/camera_info (sensor_msgs/msg/CameraInfo)] (Lazy 0)
[parameter_bridge-2] [INFO] [1776960489.459089866] [ros_gz_bridge]: Creating GZ->ROS Bridge: [/rgbd_camera/depth_image (gz.msgs.Image) -> /rgbd_camera/depth_image (sensor_msgs/msg/Image)] (Lazy 0)
[parameter_bridge-2] [INFO] [1776960489.459971103] [ros_gz_bridge]: Creating GZ->ROS Bridge: [/rgbd_camera/points (gz.msgs.PointCloudPacked) -> /rgbd_camera/points (sensor_msgs/msg/PointCloud2)] (Lazy 0)
[parameter_bridge-2] [INFO] [1776960489.461013045] [ros_gz_bridge]: Creating GZ->ROS Bridge: [/camera/imu (gz.msgs.IMU) -> /camera/imu (sensor_msgs/msg/Imu)] (Lazy 0)
[parameter_bridge-2] [INFO] [1776960489.462270795] [ros_gz_bridge]: Creating ROS->GZ service bridge [/world/pedestrian_prototype/set_pose (ros_gz_interfaces/srv/SetEntityPose -> /)]
[parameter_bridge-2] [INFO] [1776960489.464579981] [ros_gz_bridge]: Creating ROS->GZ service bridge [/world/pedestrian_prototype/set_pose/blocking (ros_gz_interfaces/srv/SetEntityPose -> /)]
[lvdot_detector_main-8] [INFO] [1776960489.675758303] [lvdot_detector_node]: Config loaded: localization_mode=0 dt=0.033 image=640x480 depth_range=[0.50, 5.00] stage_timers=true
[lvdot_detector_main-8] [INFO] [1776960489.733011113] [lvdot_detector_node]: LV-DOT ROS2 skeleton started. depth=/camera/depth/image_rect_raw color=/camera/color/image_raw lidar=/pointcloud pose=/mavros/local_position/pose odom=/mavros/local_position/odom yolo=/yolo_detector/detected_bounding_boxes
[gazebo-1] [INFO] [1776960490.706244276] [pedestrian_pose_sync_system]: Configured pedestrian pose sync plugin on topic [/pedestrian_sim/agent_states] for 8 models.
[uav_trajectory_controller-4] [WARN] [1776960490.766381268] [uav_trajectory_controller]: SetEntityPose service /world/pedestrian_prototype/set_pose/blocking is unavailable; UAV state publication is paused until Gazebo pose control is reachable.
[lvdot_detector_main-8] [INFO] [1776960491.733363517] [lvdot_detector_node]: Input health: depth=0 color=0 lidar=0 pose=0 odom=0 yolo=0 depth_pose_sync=0 lidar_pose_sync=0 depth_odom_sync=0 lidar_odom_sync=0
[lvdot_detector_main-8] [INFO] [1776960491.733526118] [lvdot_detector_node]: Stage timers: detection=60 lidar_detection=60 tracking=60 classification=60 vis=60
[lvdot_detector_main-8] [INFO] [1776960491.733547118] [lvdot_detector_node]: Processing phases: detection=waiting_sensor_pose lidar_detection=waiting_new_lidar tracking=waiting_new_filtered_update classification=waiting_new_tracking_update
[lvdot_detector_main-8] [INFO] [1776960491.733555118] [lvdot_detector_node]: Pipeline stats: depth_samples=0/0 u_map=0 depth_boxes=0 u_map_merge=0 u_map_db=0 u_map_visual=0 u_map_fused=0 u_map_filtered=0 lidar_samples=0/0 uv=0 db=0 lidar=0 fused=0 filtered=0 tracks=0 dynamic=0 dyn_points=0 raw_dyn_points=0 service=0/0 split=0->0 (0 outputs) fusion_components=0 visual_only=0 lidar_only=0 yolo_in=0 yolo_match3d=0 yolo_match_det=0 yolo_human=0 fixed_size=0 size_reject=0
[uav_trajectory_controller-4] [WARN] [1776960495.871507012] [uav_trajectory_controller]: SetEntityPose request timed out after 0.63s on /world/pedestrian_prototype/set_pose/blocking; dropping the pending request and retrying.
[uav_trajectory_controller-4] [WARN] [1776960495.872428958] [uav_trajectory_controller]: Falling back from /world/pedestrian_prototype/set_pose/blocking to /world/pedestrian_prototype/set_pose.
[lvdot_detector_main-8] [INFO] [1776960498.539262878] [lvdot_detector_node]: Input health: depth=14 color=8 lidar=12 pose=28 odom=28 yolo=10 depth_pose_sync=0 lidar_pose_sync=0 depth_odom_sync=0 lidar_odom_sync=0
[lvdot_detector_main-8] [INFO] [1776960498.539413472] [lvdot_detector_node]: Stage timers: detection=135 lidar_detection=135 tracking=242 classification=241 vis=241
[lvdot_detector_main-8] [INFO] [1776960498.539438833] [lvdot_detector_node]: Processing phases: detection=run_core lidar_detection=run_lidar_detector/dbscan tracking=waiting_new_filtered_update classification=waiting_new_tracking_update
[lvdot_detector_main-8] [INFO] [1776960498.539449941] [lvdot_detector_node]: Pipeline stats: depth_samples=1203/71300 u_map=2 depth_boxes=0 u_map_merge=0 u_map_db=0 u_map_visual=0 u_map_fused=0 u_map_filtered=0 lidar_samples=890/23030 uv=2 db=10 lidar=7 fused=7 filtered=7 tracks=7 dynamic=0 dyn_points=0 raw_dyn_points=0 service=0/0 split=7->0 (7 outputs) fusion_components=7 visual_only=2 lidar_only=5 yolo_in=0 yolo_match3d=0 yolo_match_det=0 yolo_human=0 fixed_size=0 size_reject=0
[lvdot_detector_main-8] [INFO] [1776960504.539774995] [lvdot_detector_node]: Input health: depth=46 color=38 lidar=23 pose=76 odom=76 yolo=30 depth_pose_sync=0 lidar_pose_sync=0 depth_odom_sync=0 lidar_odom_sync=0
[lvdot_detector_main-8] [INFO] [1776960504.539846008] [lvdot_detector_node]: Stage timers: detection=144 lidar_detection=142 tracking=424 classification=396 vis=423
[lvdot_detector_main-8] [INFO] [1776960504.539855315] [lvdot_detector_node]: Processing phases: detection=run_core lidar_detection=run_lidar_detector/project tracking=waiting_new_filtered_update classification=waiting_new_tracking_update
[lvdot_detector_main-8] [INFO] [1776960504.539865088] [lvdot_detector_node]: Pipeline stats: depth_samples=852/47840 u_map=0 depth_boxes=0 u_map_merge=0 u_map_db=0 u_map_visual=0 u_map_fused=0 u_map_filtered=0 lidar_samples=984/50765 uv=2 db=10 lidar=6 fused=8 filtered=8 tracks=8 dynamic=0 dyn_points=0 raw_dyn_points=0 service=0/0 split=8->0 (8 outputs) fusion_components=8 visual_only=2 lidar_only=6 yolo_in=0 yolo_match3d=0 yolo_match_det=0 yolo_human=0 fixed_size=0 size_reject=0
[lvdot_detector_main-8] [INFO] [1776960510.546449552] [lvdot_detector_node]: Input health: depth=100 color=99 lidar=38 pose=124 odom=124 yolo=56 depth_pose_sync=0 lidar_pose_sync=0 depth_odom_sync=0 lidar_odom_sync=0
[lvdot_detector_main-8] [INFO] [1776960510.546517548] [lvdot_detector_node]: Stage timers: detection=154 lidar_detection=175 tracking=606 classification=576 vis=605
[lvdot_detector_main-8] [INFO] [1776960510.546528031] [lvdot_detector_node]: Processing phases: detection=run_core lidar_detection=run_lidar_detector/project tracking=waiting_new_filtered_update classification=waiting_new_tracking_update
[lvdot_detector_main-8] [INFO] [1776960510.546537585] [lvdot_detector_node]: Pipeline stats: depth_samples=1218/71300 u_map=0 depth_boxes=0 u_map_merge=0 u_map_db=0 u_map_visual=0 u_map_fused=0 u_map_filtered=0 lidar_samples=0/0 uv=0 db=9 lidar=0 fused=0 filtered=0 tracks=0 dynamic=0 dyn_points=0 raw_dyn_points=0 service=0/0 split=0->0 (0 outputs) fusion_components=0 visual_only=0 lidar_only=0 yolo_in=0 yolo_match3d=0 yolo_match_det=0 yolo_human=0 fixed_size=0 size_reject=0
[lvdot_detector_main-8] [INFO] [1776960516.539272218] [lvdot_detector_node]: Input health: depth=141 color=131 lidar=58 pose=172 odom=172 yolo=77 depth_pose_sync=0 lidar_pose_sync=0 depth_odom_sync=0 lidar_odom_sync=0
[lvdot_detector_main-8] [INFO] [1776960516.539358418] [lvdot_detector_node]: Stage timers: detection=164 lidar_detection=186 tracking=787 classification=756 vis=786
[lvdot_detector_main-8] [INFO] [1776960516.539368618] [lvdot_detector_node]: Processing phases: detection=run_core lidar_detection=run_lidar_detector/dbscan tracking=waiting_new_filtered_update classification=run_core
[lvdot_detector_main-8] [INFO] [1776960516.539375918] [lvdot_detector_node]: Pipeline stats: depth_samples=1133/71300 u_map=2 depth_boxes=0 u_map_merge=0 u_map_db=0 u_map_visual=0 u_map_fused=0 u_map_filtered=0 lidar_samples=1159/14512 uv=2 db=12 lidar=11 fused=13 filtered=14 tracks=14 dynamic=2 dyn_points=121 raw_dyn_points=1642 service=0/0 split=13->1 (14 outputs) fusion_components=13 visual_only=2 lidar_only=11 yolo_in=2 yolo_match3d=1 yolo_match_det=2 yolo_human=2 fixed_size=0 size_reject=0
[lvdot_detector_main-8] [INFO] [1776960522.539519958] [lvdot_detector_node]: Input health: depth=174 color=163 lidar=66 pose=220 odom=220 yolo=98 depth_pose_sync=0 lidar_pose_sync=0 depth_odom_sync=0 lidar_odom_sync=0
[lvdot_detector_main-8] [INFO] [1776960522.539583758] [lvdot_detector_node]: Stage timers: detection=173 lidar_detection=216 tracking=969 classification=925 vis=968
[lvdot_detector_main-8] [INFO] [1776960522.539594458] [lvdot_detector_node]: Processing phases: detection=run_core lidar_detection=waiting_new_lidar tracking=waiting_new_filtered_update classification=waiting_new_tracking_update
[lvdot_detector_main-8] [INFO] [1776960522.539603258] [lvdot_detector_node]: Pipeline stats: depth_samples=874/53360 u_map=1 depth_boxes=0 u_map_merge=0 u_map_db=0 u_map_visual=0 u_map_fused=0 u_map_filtered=0 lidar_samples=709/80997 uv=3 db=8 lidar=6 fused=9 filtered=9 tracks=9 dynamic=2 dyn_points=117 raw_dyn_points=0 service=0/0 split=9->0 (9 outputs) fusion_components=9 visual_only=3 lidar_only=6 yolo_in=2 yolo_match3d=2 yolo_match_det=2 yolo_human=2 fixed_size=0 size_reject=0
[lvdot_detector_main-8] [INFO] [1776960529.291416648] [lvdot_detector_node]: Input health: depth=214 color=194 lidar=80 pose=268 odom=268 yolo=121 depth_pose_sync=0 lidar_pose_sync=0 depth_odom_sync=0 lidar_odom_sync=0
[lvdot_detector_main-8] [INFO] [1776960529.291535644] [lvdot_detector_node]: Stage timers: detection=182 lidar_detection=246 tracking=1151 classification=1107 vis=1150
[lvdot_detector_main-8] [INFO] [1776960529.291581888] [lvdot_detector_node]: Processing phases: detection=run_core lidar_detection=waiting_new_lidar tracking=waiting_new_filtered_update classification=waiting_new_tracking_update
[lvdot_detector_main-8] [INFO] [1776960529.291598480] [lvdot_detector_node]: Pipeline stats: depth_samples=1218/71300 u_map=0 depth_boxes=0 u_map_merge=0 u_map_db=0 u_map_visual=0 u_map_fused=0 u_map_filtered=0 lidar_samples=0/0 uv=0 db=9 lidar=0 fused=0 filtered=0 tracks=0 dynamic=0 dyn_points=0 raw_dyn_points=0 service=0/0 split=0->0 (0 outputs) fusion_components=0 visual_only=0 lidar_only=0 yolo_in=0 yolo_match3d=0 yolo_match_det=0 yolo_human=0 fixed_size=0 size_reject=0
[lvdot_detector_main-8] [INFO] [1776960535.292819056] [lvdot_detector_node]: Input health: depth=236 color=216 lidar=89 pose=316 odom=316 yolo=134 depth_pose_sync=0 lidar_pose_sync=0 depth_odom_sync=0 lidar_odom_sync=0
[lvdot_detector_main-8] [INFO] [1776960535.292952798] [lvdot_detector_node]: Stage timers: detection=191 lidar_detection=259 tracking=1333 classification=1289 vis=1332
[lvdot_detector_main-8] [INFO] [1776960535.298033621] [lvdot_detector_node]: Processing phases: detection=run_core lidar_detection=run_lidar_detector/project tracking=waiting_new_filtered_update classification=waiting_new_tracking_update
[lvdot_detector_main-8] [INFO] [1776960535.298056905] [lvdot_detector_node]: Pipeline stats: depth_samples=1194/71300 u_map=4 depth_boxes=0 u_map_merge=0 u_map_db=0 u_map_visual=0 u_map_fused=0 u_map_filtered=0 lidar_samples=1431/23539 uv=1 db=8 lidar=13 fused=14 filtered=15 tracks=15 dynamic=2 dyn_points=2 raw_dyn_points=0 service=0/0 split=14->1 (15 outputs) fusion_components=14 visual_only=1 lidar_only=13 yolo_in=4 yolo_match3d=3 yolo_match_det=4 yolo_human=4 fixed_size=0 size_reject=1
[lvdot_detector_main-8] [INFO] [1776960536.235411487] [lvdot_detector_node]: get_dynamic_obstacles responded with 4 obstacles from 4 tracked dynamic boxes.
[lvdot_detector_main-8] [INFO] [1776960540.026607230] [lvdot_detector_node]: get_dynamic_obstacles responded with 2 obstacles from 2 tracked dynamic boxes.
[lvdot_detector_main-8] [INFO] [1776960541.311392679] [lvdot_detector_node]: Input health: depth=252 color=242 lidar=99 pose=364 odom=364 yolo=148 depth_pose_sync=0 lidar_pose_sync=0 depth_odom_sync=0 lidar_odom_sync=0
[lvdot_detector_main-8] [INFO] [1776960541.311454179] [lvdot_detector_node]: Stage timers: detection=200 lidar_detection=273 tracking=1513 classification=1460 vis=1493
[lvdot_detector_main-8] [INFO] [1776960541.311464879] [lvdot_detector_node]: Processing phases: detection=run_core lidar_detection=run_lidar_detector/project tracking=waiting_new_filtered_update classification=waiting_new_tracking_update
[lvdot_detector_main-8] [INFO] [1776960541.311473779] [lvdot_detector_node]: Pipeline stats: depth_samples=1021/71300 u_map=3 depth_boxes=0 u_map_merge=0 u_map_db=0 u_map_visual=0 u_map_fused=0 u_map_filtered=0 lidar_samples=583/218083 uv=1 db=7 lidar=6 fused=11 filtered=11 tracks=11 dynamic=0 dyn_points=0 raw_dyn_points=0 service=2/2 split=11->0 (11 outputs) fusion_components=11 visual_only=1 lidar_only=10 yolo_in=1 yolo_match3d=0 yolo_match_det=0 yolo_human=0 fixed_size=0 size_reject=0
[lvdot_detector_main-8] [INFO] [1776960543.700647730] [lvdot_detector_node]: get_dynamic_obstacles responded with 1 obstacles from 1 tracked dynamic boxes.
[lvdot_detector_main-8] [INFO] [1776960547.291375289] [lvdot_detector_node]: Input health: depth=297 color=281 lidar=110 pose=412 odom=412 yolo=168 depth_pose_sync=0 lidar_pose_sync=0 depth_odom_sync=0 lidar_odom_sync=0
[lvdot_detector_main-8] [INFO] [1776960547.291477189] [lvdot_detector_node]: Stage timers: detection=209 lidar_detection=308 tracking=1693 classification=1641 vis=1669
[lvdot_detector_main-8] [INFO] [1776960547.291501989] [lvdot_detector_node]: Processing phases: detection=run_core lidar_detection=run_lidar_detector/project tracking=waiting_new_filtered_update classification=waiting_new_tracking_update
[lvdot_detector_main-8] [INFO] [1776960547.291510589] [lvdot_detector_node]: Pipeline stats: depth_samples=1198/71300 u_map=0 depth_boxes=0 u_map_merge=0 u_map_db=0 u_map_visual=0 u_map_fused=0 u_map_filtered=0 lidar_samples=0/0 uv=0 db=9 lidar=0 fused=0 filtered=0 tracks=0 dynamic=0 dyn_points=0 raw_dyn_points=0 service=4/0 split=0->0 (0 outputs) fusion_components=0 visual_only=0 lidar_only=0 yolo_in=0 yolo_match3d=0 yolo_match_det=0 yolo_human=0 fixed_size=0 size_reject=0
[lvdot_detector_main-8] [INFO] [1776960549.381095493] [lvdot_detector_node]: get_dynamic_obstacles responded with 1 obstacles from 1 tracked dynamic boxes.
[lvdot_detector_main-8] [INFO] [1776960553.291160938] [lvdot_detector_node]: Input health: depth=319 color=310 lidar=115 pose=460 odom=460 yolo=184 depth_pose_sync=0 lidar_pose_sync=0 depth_odom_sync=0 lidar_odom_sync=0
[lvdot_detector_main-8] [INFO] [1776960553.291280983] [lvdot_detector_node]: Stage timers: detection=218 lidar_detection=382 tracking=1875 classification=1821 vis=1851
[lvdot_detector_main-8] [INFO] [1776960553.291296048] [lvdot_detector_node]: Processing phases: detection=run_core lidar_detection=run_lidar_detector/project tracking=waiting_new_filtered_update classification=waiting_new_tracking_update
[lvdot_detector_main-8] [INFO] [1776960553.291306508] [lvdot_detector_node]: Pipeline stats: depth_samples=1117/71300 u_map=3 depth_boxes=0 u_map_merge=0 u_map_db=0 u_map_visual=0 u_map_fused=0 u_map_filtered=0 lidar_samples=1266/40172 uv=3 db=5 lidar=11 fused=15 filtered=15 tracks=15 dynamic=2 dyn_points=221 raw_dyn_points=2185 service=6/4 split=15->1 (15 outputs) fusion_components=15 visual_only=3 lidar_only=12 yolo_in=4 yolo_match3d=3 yolo_match_det=4 yolo_human=2 fixed_size=0 size_reject=0
[lvdot_detector_main-8] [INFO] [1776960555.702600856] [lvdot_detector_node]: get_dynamic_obstacles responded with 3 obstacles from 3 tracked dynamic boxes.
[lvdot_detector_main-8] [INFO] [1776960559.296427741] [lvdot_detector_node]: Input health: depth=352 color=331 lidar=121 pose=507 odom=507 yolo=198 depth_pose_sync=0 lidar_pose_sync=0 depth_odom_sync=0 lidar_odom_sync=0
[lvdot_detector_main-8] [INFO] [1776960559.296491909] [lvdot_detector_node]: Stage timers: detection=227 lidar_detection=435 tracking=2057 classification=1990 vis=2024
[lvdot_detector_main-8] [INFO] [1776960559.296502800] [lvdot_detector_node]: Processing phases: detection=run_core lidar_detection=waiting_new_lidar tracking=waiting_new_filtered_update classification=waiting_new_tracking_update
[lvdot_detector_main-8] [INFO] [1776960559.296535374] [lvdot_detector_node]: Pipeline stats: depth_samples=479/71300 u_map=1 depth_boxes=0 u_map_merge=0 u_map_db=0 u_map_visual=0 u_map_fused=0 u_map_filtered=0 lidar_samples=616/183136 uv=1 db=5 lidar=4 fused=5 filtered=5 tracks=5 dynamic=0 dyn_points=0 raw_dyn_points=0 service=7/3 split=5->1 (5 outputs) fusion_components=5 visual_only=1 lidar_only=4 yolo_in=3 yolo_match3d=1 yolo_match_det=3 yolo_human=1 fixed_size=0 size_reject=1
[lvdot_detector_main-8] [INFO] [1776960559.549499865] [lvdot_detector_node]: get_dynamic_obstacles responded with 0 obstacles from 0 tracked dynamic boxes.
[lvdot_detector_main-8] [INFO] [1776960565.291438306] [lvdot_detector_node]: Input health: depth=393 color=358 lidar=132 pose=555 odom=555 yolo=215 depth_pose_sync=0 lidar_pose_sync=0 depth_odom_sync=0 lidar_odom_sync=0
[lvdot_detector_main-8] [INFO] [1776960565.291557306] [lvdot_detector_node]: Stage timers: detection=235 lidar_detection=457 tracking=2239 classification=2172 vis=2202
[lvdot_detector_main-8] [INFO] [1776960565.291584106] [lvdot_detector_node]: Processing phases: detection=run_core lidar_detection=snapshot tracking=waiting_new_filtered_update classification=waiting_new_tracking_update
[lvdot_detector_main-8] [INFO] [1776960565.291598006] [lvdot_detector_node]: Pipeline stats: depth_samples=1198/71300 u_map=0 depth_boxes=0 u_map_merge=0 u_map_db=0 u_map_visual=0 u_map_fused=0 u_map_filtered=0 lidar_samples=0/0 uv=0 db=9 lidar=0 fused=0 filtered=0 tracks=0 dynamic=0 dyn_points=0 raw_dyn_points=0 service=9/0 split=0->0 (0 outputs) fusion_components=0 visual_only=0 lidar_only=0 yolo_in=0 yolo_match3d=0 yolo_match_det=0 yolo_human=0 fixed_size=0 size_reject=0
[lvdot_detector_main-8] [INFO] [1776960567.685716773] [lvdot_detector_node]: get_dynamic_obstacles responded with 1 obstacles from 1 tracked dynamic boxes.
[lvdot_detector_main-8] [INFO] [1776960570.737218178] [lvdot_detector_node]: get_dynamic_obstacles responded with 5 obstacles from 5 tracked dynamic boxes.
[lvdot_detector_main-8] [INFO] [1776960571.294387640] [lvdot_detector_node]: Input health: depth=420 color=384 lidar=141 pose=601 odom=601 yolo=232 depth_pose_sync=0 lidar_pose_sync=0 depth_odom_sync=0 lidar_odom_sync=0
[lvdot_detector_main-8] [INFO] [1776960571.294466956] [lvdot_detector_node]: Stage timers: detection=244 lidar_detection=481 tracking=2421 classification=2353 vis=2382
[lvdot_detector_main-8] [INFO] [1776960571.294476772] [lvdot_detector_node]: Processing phases: detection=run_core lidar_detection=run_lidar_detector/dbscan tracking=waiting_new_filtered_update classification=waiting_new_tracking_update
[lvdot_detector_main-8] [INFO] [1776960571.294483447] [lvdot_detector_node]: Pipeline stats: depth_samples=1146/71300 u_map=3 depth_boxes=0 u_map_merge=0 u_map_db=0 u_map_visual=0 u_map_fused=0 u_map_filtered=0 lidar_samples=1275/94765 uv=1 db=5 lidar=13 fused=10 filtered=10 tracks=10 dynamic=2 dyn_points=213 raw_dyn_points=0 service=11/5 split=10->0 (10 outputs) fusion_components=10 visual_only=1 lidar_only=9 yolo_in=6 yolo_match3d=2 yolo_match_det=2 yolo_human=2 fixed_size=0 size_reject=0
[lvdot_detector_main-8] [INFO] [1776960577.394186921] [lvdot_detector_node]: get_dynamic_obstacles responded with 0 obstacles from 0 tracked dynamic boxes.
[lvdot_detector_main-8] [INFO] [1776960578.285898760] [lvdot_detector_node]: Input health: depth=451 color=410 lidar=147 pose=648 odom=648 yolo=244 depth_pose_sync=0 lidar_pose_sync=0 depth_odom_sync=0 lidar_odom_sync=0
[lvdot_detector_main-8] [INFO] [1776960578.285967098] [lvdot_detector_node]: Stage timers: detection=254 lidar_detection=517 tracking=2601 classification=2524 vis=2557
[lvdot_detector_main-8] [INFO] [1776960578.285978405] [lvdot_detector_node]: Processing phases: detection=run_core lidar_detection=idle tracking=waiting_new_filtered_update classification=waiting_new_tracking_update
[lvdot_detector_main-8] [INFO] [1776960578.285987331] [lvdot_detector_node]: Pipeline stats: depth_samples=1032/71300 u_map=2 depth_boxes=0 u_map_merge=0 u_map_db=0 u_map_visual=0 u_map_fused=0 u_map_filtered=0 lidar_samples=583/12435 uv=1 db=14 lidar=5 fused=6 filtered=6 tracks=5 dynamic=0 dyn_points=0 raw_dyn_points=0 service=13/0 split=6->0 (6 outputs) fusion_components=6 visual_only=1 lidar_only=5 yolo_in=0 yolo_match3d=0 yolo_match_det=0 yolo_human=0 fixed_size=0 size_reject=0
[lvdot_detector_main-8] [INFO] [1776960583.387104950] [lvdot_detector_node]: get_dynamic_obstacles responded with 0 obstacles from 0 tracked dynamic boxes.
[lvdot_detector_main-8] [INFO] [1776960584.278690827] [lvdot_detector_node]: Input health: depth=480 color=444 lidar=156 pose=696 odom=696 yolo=262 depth_pose_sync=0 lidar_pose_sync=0 depth_odom_sync=0 lidar_odom_sync=0
[lvdot_detector_main-8] [INFO] [1776960584.278757652] [lvdot_detector_node]: Stage timers: detection=262 lidar_detection=558 tracking=2782 classification=2705 vis=2736
[lvdot_detector_main-8] [INFO] [1776960584.278772777] [lvdot_detector_node]: Processing phases: detection=run_core lidar_detection=run_lidar_detector/project tracking=waiting_new_filtered_update classification=waiting_new_tracking_update
[lvdot_detector_main-8] [INFO] [1776960584.278784052] [lvdot_detector_node]: Pipeline stats: depth_samples=1198/71300 u_map=0 depth_boxes=0 u_map_merge=0 u_map_db=0 u_map_visual=0 u_map_fused=0 u_map_filtered=0 lidar_samples=0/0 uv=0 db=9 lidar=0 fused=0 filtered=0 tracks=0 dynamic=0 dyn_points=0 raw_dyn_points=0 service=15/0 split=0->0 (0 outputs) fusion_components=0 visual_only=0 lidar_only=0 yolo_in=0 yolo_match3d=0 yolo_match_det=0 yolo_human=0 fixed_size=0 size_reject=0
[lvdot_detector_main-8] [INFO] [1776960589.802226509] [lvdot_detector_node]: get_dynamic_obstacles responded with 3 obstacles from 3 tracked dynamic boxes.
[lvdot_detector_main-8] [INFO] [1776960590.281127230] [lvdot_detector_node]: Input health: depth=503 color=462 lidar=169 pose=744 odom=744 yolo=275 depth_pose_sync=0 lidar_pose_sync=0 depth_odom_sync=0 lidar_odom_sync=0
[lvdot_detector_main-8] [INFO] [1776960590.281196031] [lvdot_detector_node]: Stage timers: detection=272 lidar_detection=586 tracking=2963 classification=2887 vis=2915
[lvdot_detector_main-8] [INFO] [1776960590.281211031] [lvdot_detector_node]: Processing phases: detection=run_core lidar_detection=run_lidar_detector/project tracking=waiting_new_filtered_update classification=waiting_new_tracking_update
[lvdot_detector_main-8] [INFO] [1776960590.281222531] [lvdot_detector_node]: Pipeline stats: depth_samples=1028/71300 u_map=2 depth_boxes=0 u_map_merge=0 u_map_db=0 u_map_visual=0 u_map_fused=0 u_map_filtered=0 lidar_samples=1273/68904 uv=1 db=5 lidar=9 fused=11 filtered=11 tracks=11 dynamic=1 dyn_points=102 raw_dyn_points=0 service=17/3 split=11->0 (11 outputs) fusion_components=11 visual_only=1 lidar_only=10 yolo_in=1 yolo_match3d=1 yolo_match_det=1 yolo_human=1 fixed_size=0 size_reject=0
[lvdot_detector_main-8] [INFO] [1776960595.244453688] [lvdot_detector_node]: get_dynamic_obstacles responded with 0 obstacles from 0 tracked dynamic boxes.
[lvdot_detector_main-8] [INFO] [1776960596.280133303] [lvdot_detector_node]: Input health: depth=537 color=493 lidar=180 pose=790 odom=790 yolo=293 depth_pose_sync=0 lidar_pose_sync=0 depth_odom_sync=0 lidar_odom_sync=0
[lvdot_detector_main-8] [INFO] [1776960596.280208603] [lvdot_detector_node]: Stage timers: detection=281 lidar_detection=633 tracking=3141 classification=3040 vis=3095
[lvdot_detector_main-8] [INFO] [1776960596.280224703] [lvdot_detector_node]: Processing phases: detection=run_core lidar_detection=run_lidar_detector/dbscan tracking=waiting_new_filtered_update classification=waiting_new_tracking_update
[lvdot_detector_main-8] [INFO] [1776960596.280235503] [lvdot_detector_node]: Pipeline stats: depth_samples=1065/71300 u_map=3 depth_boxes=0 u_map_merge=0 u_map_db=0 u_map_visual=0 u_map_fused=0 u_map_filtered=0 lidar_samples=687/29808 uv=2 db=11 lidar=3 fused=5 filtered=5 tracks=5 dynamic=1 dyn_points=23 raw_dyn_points=0 service=18/0 split=5->1 (5 outputs) fusion_components=5 visual_only=2 lidar_only=3 yolo_in=2 yolo_match3d=1 yolo_match_det=2 yolo_human=1 fixed_size=0 size_reject=0
[lvdot_detector_main-8] [INFO] [1776960598.304252590] [lvdot_detector_node]: get_dynamic_obstacles responded with 0 obstacles from 0 tracked dynamic boxes.
[lvdot_detector_main-8] [INFO] [1776960602.278618459] [lvdot_detector_node]: Input health: depth=565 color=524 lidar=188 pose=838 odom=838 yolo=313 depth_pose_sync=0 lidar_pose_sync=0 depth_odom_sync=0 lidar_odom_sync=0
[lvdot_detector_main-8] [INFO] [1776960602.278690961] [lvdot_detector_node]: Stage timers: detection=290 lidar_detection=683 tracking=3323 classification=3222 vis=3277
[lvdot_detector_main-8] [INFO] [1776960602.278700874] [lvdot_detector_node]: Processing phases: detection=run_core lidar_detection=run_lidar_detector/project tracking=waiting_new_filtered_update classification=waiting_new_tracking_update
[lvdot_detector_main-8] [INFO] [1776960602.278707775] [lvdot_detector_node]: Pipeline stats: depth_samples=1198/71300 u_map=0 depth_boxes=0 u_map_merge=0 u_map_db=0 u_map_visual=0 u_map_fused=0 u_map_filtered=0 lidar_samples=0/0 uv=0 db=9 lidar=0 fused=0 filtered=0 tracks=0 dynamic=0 dyn_points=0 raw_dyn_points=0 service=20/0 split=0->0 (0 outputs) fusion_components=0 visual_only=0 lidar_only=0 yolo_in=0 yolo_match3d=0 yolo_match_det=0 yolo_human=0 fixed_size=0 size_reject=0
[lvdot_detector_main-8] [INFO] [1776960604.233127380] [lvdot_detector_node]: get_dynamic_obstacles responded with 3 obstacles from 3 tracked dynamic boxes.
[lvdot_detector_main-8] [INFO] [1776960607.765153216] [lvdot_detector_node]: get_dynamic_obstacles responded with 2 obstacles from 2 tracked dynamic boxes.
[lvdot_detector_main-8] [INFO] [1776960608.294327463] [lvdot_detector_node]: Input health: depth=581 color=541 lidar=199 pose=884 odom=884 yolo=326 depth_pose_sync=0 lidar_pose_sync=0 depth_odom_sync=0 lidar_odom_sync=0
[lvdot_detector_main-8] [INFO] [1776960608.294393729] [lvdot_detector_node]: Stage timers: detection=299 lidar_detection=717 tracking=3505 classification=3399 vis=3459
[lvdot_detector_main-8] [INFO] [1776960608.294404347] [lvdot_detector_node]: Processing phases: detection=run_core lidar_detection=run_lidar_detector/project tracking=waiting_new_filtered_update classification=run_core
[lvdot_detector_main-8] [INFO] [1776960608.294413294] [lvdot_detector_node]: Pipeline stats: depth_samples=983/71300 u_map=2 depth_boxes=0 u_map_merge=0 u_map_db=0 u_map_visual=0 u_map_fused=0 u_map_filtered=0 lidar_samples=1333/38247 uv=2 db=6 lidar=10 fused=11 filtered=12 tracks=12 dynamic=2 dyn_points=0 raw_dyn_points=1210 service=22/2 split=11->1 (12 outputs) fusion_components=11 visual_only=2 lidar_only=9 yolo_in=4 yolo_match3d=2 yolo_match_det=4 yolo_human=3 fixed_size=0 size_reject=0
[lvdot_detector_main-8] [INFO] [1776960614.210287855] [lvdot_detector_node]: get_dynamic_obstacles responded with 0 obstacles from 0 tracked dynamic boxes.
[lvdot_detector_main-8] [INFO] [1776960615.077911831] [lvdot_detector_node]: Input health: depth=597 color=560 lidar=207 pose=932 odom=932 yolo=340 depth_pose_sync=0 lidar_pose_sync=0 depth_odom_sync=0 lidar_odom_sync=0
[lvdot_detector_main-8] [INFO] [1776960615.078026031] [lvdot_detector_node]: Stage timers: detection=308 lidar_detection=731 tracking=3682 classification=3537 vis=3636
[lvdot_detector_main-8] [INFO] [1776960615.078046232] [lvdot_detector_node]: Processing phases: detection=run_core lidar_detection=run_lidar_detector/project tracking=waiting_new_filtered_update classification=idle
[lvdot_detector_main-8] [INFO] [1776960615.078059032] [lvdot_detector_node]: Pipeline stats: depth_samples=1063/71300 u_map=2 depth_boxes=0 u_map_merge=0 u_map_db=0 u_map_visual=0 u_map_fused=0 u_map_filtered=0 lidar_samples=623/31865 uv=2 db=13 lidar=2 fused=7 filtered=7 tracks=7 dynamic=0 dyn_points=0 raw_dyn_points=0 service=23/0 split=7->0 (7 outputs) fusion_components=7 visual_only=2 lidar_only=5 yolo_in=0 yolo_match3d=0 yolo_match_det=0 yolo_human=0 fixed_size=0 size_reject=0
[lvdot_detector_main-8] [INFO] [1776960620.143280761] [lvdot_detector_node]: get_dynamic_obstacles responded with 0 obstacles from 0 tracked dynamic boxes.
[lvdot_detector_main-8] [INFO] [1776960621.077676035] [lvdot_detector_node]: Input health: depth=643 color=597 lidar=237 pose=979 odom=979 yolo=361 depth_pose_sync=0 lidar_pose_sync=0 depth_odom_sync=0 lidar_odom_sync=0
[lvdot_detector_main-8] [INFO] [1776960621.077795435] [lvdot_detector_node]: Stage timers: detection=316 lidar_detection=743 tracking=3864 classification=3719 vis=3818
[lvdot_detector_main-8] [INFO] [1776960621.077814936] [lvdot_detector_node]: Processing phases: detection=run_core lidar_detection=run_lidar_detector/project tracking=waiting_new_filtered_update classification=waiting_new_tracking_update
[lvdot_detector_main-8] [INFO] [1776960621.077825336] [lvdot_detector_node]: Pipeline stats: depth_samples=1198/71300 u_map=0 depth_boxes=0 u_map_merge=0 u_map_db=0 u_map_visual=0 u_map_fused=0 u_map_filtered=0 lidar_samples=0/0 uv=0 db=9 lidar=0 fused=0 filtered=0 tracks=0 dynamic=0 dyn_points=0 raw_dyn_points=0 service=25/0 split=0->0 (0 outputs) fusion_components=0 visual_only=0 lidar_only=0 yolo_in=0 yolo_match3d=0 yolo_match_det=0 yolo_human=0 fixed_size=0 size_reject=0
[lvdot_detector_main-8] [INFO] [1776960623.448992276] [lvdot_detector_node]: get_dynamic_obstacles responded with 1 obstacles from 1 tracked dynamic boxes.
[lvdot_detector_main-8] [INFO] [1776960627.078532443] [lvdot_detector_node]: Input health: depth=652 color=626 lidar=261 pose=1027 odom=1027 yolo=377 depth_pose_sync=0 lidar_pose_sync=0 depth_odom_sync=0 lidar_odom_sync=0
[lvdot_detector_main-8] [INFO] [1776960627.078631943] [lvdot_detector_node]: Stage timers: detection=327 lidar_detection=750 tracking=4046 classification=3901 vis=3997
[lvdot_detector_main-8] [INFO] [1776960627.078646843] [lvdot_detector_node]: Processing phases: detection=run_core lidar_detection=run_lidar_detector/project tracking=waiting_new_filtered_update classification=waiting_new_tracking_update
[lvdot_detector_main-8] [INFO] [1776960627.078658643] [lvdot_detector_node]: Pipeline stats: depth_samples=501/64249 u_map=1 depth_boxes=0 u_map_merge=0 u_map_db=0 u_map_visual=0 u_map_fused=0 u_map_filtered=0 lidar_samples=537/52297 uv=1 db=2 lidar=6 fused=4 filtered=4 tracks=4 dynamic=0 dyn_points=0 raw_dyn_points=0 service=27/0 split=4->0 (4 outputs) fusion_components=4 visual_only=1 lidar_only=3 yolo_in=2 yolo_match3d=0 yolo_match_det=0 yolo_human=0 fixed_size=0 size_reject=0
[uav_trajectory_controller-4] [WARN] [1776960628.246480910] [uav_trajectory_controller]: SetEntityPose request timed out after 0.62s on /world/pedestrian_prototype/set_pose; dropping the pending request and retrying.
[lvdot_detector_main-8] [INFO] [1776960628.953231109] [lvdot_detector_node]: get_dynamic_obstacles responded with 3 obstacles from 3 tracked dynamic boxes.
[lvdot_detector_main-8] [INFO] [1776960633.077629364] [lvdot_detector_node]: Input health: depth=682 color=650 lidar=278 pose=1066 odom=1066 yolo=389 depth_pose_sync=0 lidar_pose_sync=0 depth_odom_sync=0 lidar_odom_sync=0
[lvdot_detector_main-8] [INFO] [1776960633.077690458] [lvdot_detector_node]: Stage timers: detection=336 lidar_detection=756 tracking=4227 classification=4082 vis=4171
[lvdot_detector_main-8] [INFO] [1776960633.077701133] [lvdot_detector_node]: Processing phases: detection=run_core lidar_detection=run_lidar_detector/project tracking=waiting_new_filtered_update classification=waiting_new_tracking_update
[lvdot_detector_main-8] [INFO] [1776960633.077709901] [lvdot_detector_node]: Pipeline stats: depth_samples=1081/71300 u_map=4 depth_boxes=0 u_map_merge=0 u_map_db=0 u_map_visual=0 u_map_fused=0 u_map_filtered=0 lidar_samples=862/35986 uv=3 db=10 lidar=6 fused=7 filtered=7 tracks=7 dynamic=2 dyn_points=130 raw_dyn_points=0 service=29/1 split=7->0 (7 outputs) fusion_components=7 visual_only=3 lidar_only=4 yolo_in=2 yolo_match3d=2 yolo_match_det=2 yolo_human=2 fixed_size=0 size_reject=0
[lvdot_detector_main-8] [INFO] [1776960635.451422774] [lvdot_detector_node]: get_dynamic_obstacles responded with 1 obstacles from 1 tracked dynamic boxes.
[lvdot_detector_main-8] [INFO] [1776960639.077713141] [lvdot_detector_node]: Input health: depth=742 color=692 lidar=303 pose=1114 odom=1114 yolo=409 depth_pose_sync=0 lidar_pose_sync=0 depth_odom_sync=0 lidar_odom_sync=0
[lvdot_detector_main-8] [INFO] [1776960639.077815641] [lvdot_detector_node]: Stage timers: detection=345 lidar_detection=765 tracking=4409 classification=4264 vis=4353
[lvdot_detector_main-8] [INFO] [1776960639.077832341] [lvdot_detector_node]: Processing phases: detection=run_core lidar_detection=run_lidar_detector/project tracking=waiting_new_filtered_update classification=waiting_new_tracking_update
[lvdot_detector_main-8] [INFO] [1776960639.077844041] [lvdot_detector_node]: Pipeline stats: depth_samples=1198/71300 u_map=0 depth_boxes=0 u_map_merge=0 u_map_db=0 u_map_visual=0 u_map_fused=0 u_map_filtered=0 lidar_samples=0/0 uv=0 db=9 lidar=0 fused=0 filtered=0 tracks=0 dynamic=0 dyn_points=0 raw_dyn_points=0 service=30/1 split=0->0 (0 outputs) fusion_components=0 visual_only=0 lidar_only=0 yolo_in=0 yolo_match3d=0 yolo_match_det=0 yolo_human=0 fixed_size=0 size_reject=0
[lvdot_detector_main-8] [INFO] [1776960645.837781137] [lvdot_detector_node]: Input health: depth=770 color=735 lidar=324 pose=1162 odom=1162 yolo=433 depth_pose_sync=0 lidar_pose_sync=0 depth_odom_sync=0 lidar_odom_sync=0
[lvdot_detector_main-8] [INFO] [1776960645.837920137] [lvdot_detector_node]: Stage timers: detection=354 lidar_detection=774 tracking=4591 classification=4442 vis=4535
[lvdot_detector_main-8] [INFO] [1776960645.837939537] [lvdot_detector_node]: Processing phases: detection=run_core lidar_detection=run_lidar_detector/dbscan tracking=waiting_new_filtered_update classification=waiting_new_tracking_update
[lvdot_detector_main-8] [INFO] [1776960645.837951637] [lvdot_detector_node]: Pipeline stats: depth_samples=1135/71300 u_map=2 depth_boxes=0 u_map_merge=0 u_map_db=0 u_map_visual=0 u_map_fused=0 u_map_filtered=0 lidar_samples=974/19708 uv=1 db=8 lidar=8 fused=9 filtered=9 tracks=9 dynamic=1 dyn_points=48 raw_dyn_points=0 service=30/1 split=9->0 (9 outputs) fusion_components=9 visual_only=1 lidar_only=8 yolo_in=1 yolo_match3d=1 yolo_match_det=1 yolo_human=1 fixed_size=0 size_reject=0
[lvdot_detector_main-8] [INFO] [1776960651.832046724] [lvdot_detector_node]: Input health: depth=804 color=771 lidar=336 pose=1210 odom=1210 yolo=451 depth_pose_sync=0 lidar_pose_sync=0 depth_odom_sync=0 lidar_odom_sync=0
[lvdot_detector_main-8] [INFO] [1776960651.832106491] [lvdot_detector_node]: Stage timers: detection=364 lidar_detection=780 tracking=4771 classification=4594 vis=4715
[lvdot_detector_main-8] [INFO] [1776960651.832116849] [lvdot_detector_node]: Processing phases: detection=run_core lidar_detection=run_lidar_detector/downsample tracking=waiting_new_filtered_update classification=waiting_new_tracking_update
[lvdot_detector_main-8] [INFO] [1776960651.832125099] [lvdot_detector_node]: Pipeline stats: depth_samples=1068/71300 u_map=4 depth_boxes=0 u_map_merge=0 u_map_db=0 u_map_visual=0 u_map_fused=0 u_map_filtered=0 lidar_samples=889/138498 uv=3 db=10 lidar=9 fused=11 filtered=11 tracks=11 dynamic=1 dyn_points=76 raw_dyn_points=0 service=30/1 split=11->0 (11 outputs) fusion_components=11 visual_only=2 lidar_only=8 yolo_in=2 yolo_match3d=1 yolo_match_det=1 yolo_human=1 fixed_size=0 size_reject=0
[lvdot_detector_main-8] [INFO] [1776960657.832032178] [lvdot_detector_node]: Input health: depth=855 color=823 lidar=354 pose=1258 odom=1258 yolo=476 depth_pose_sync=0 lidar_pose_sync=0 depth_odom_sync=0 lidar_odom_sync=0
[lvdot_detector_main-8] [INFO] [1776960657.832104320] [lvdot_detector_node]: Stage timers: detection=373 lidar_detection=819 tracking=4953 classification=4776 vis=4897
[lvdot_detector_main-8] [INFO] [1776960657.832113762] [lvdot_detector_node]: Processing phases: detection=run_core lidar_detection=run_lidar_detector/decode tracking=waiting_filtered_bboxes classification=waiting_new_tracking_update
[lvdot_detector_main-8] [INFO] [1776960657.832120087] [lvdot_detector_node]: Pipeline stats: depth_samples=1198/71300 u_map=0 depth_boxes=0 u_map_merge=0 u_map_db=0 u_map_visual=0 u_map_fused=0 u_map_filtered=0 lidar_samples=0/0 uv=0 db=9 lidar=0 fused=0 filtered=0 tracks=0 dynamic=0 dyn_points=0 raw_dyn_points=0 service=30/1 split=0->0 (0 outputs) fusion_components=0 visual_only=0 lidar_only=0 yolo_in=0 yolo_match3d=0 yolo_match_det=0 yolo_human=0 fixed_size=0 size_reject=0
[lvdot_detector_main-8] [INFO] [1776960663.832893702] [lvdot_detector_node]: Input health: depth=877 color=851 lidar=368 pose=1306 odom=1306 yolo=494 depth_pose_sync=0 lidar_pose_sync=0 depth_odom_sync=0 lidar_odom_sync=0
[lvdot_detector_main-8] [INFO] [1776960663.832994302] [lvdot_detector_node]: Stage timers: detection=382 lidar_detection=827 tracking=5135 classification=4957 vis=5079
[lvdot_detector_main-8] [INFO] [1776960663.833009102] [lvdot_detector_node]: Processing phases: detection=run_core lidar_detection=run_lidar_detector/project tracking=waiting_new_filtered_update classification=waiting_new_tracking_update
[lvdot_detector_main-8] [INFO] [1776960663.833021102] [lvdot_detector_node]: Pipeline stats: depth_samples=1077/71300 u_map=4 depth_boxes=0 u_map_merge=0 u_map_db=0 u_map_visual=0 u_map_fused=0 u_map_filtered=0 lidar_samples=1252/60868 uv=1 db=8 lidar=9 fused=10 filtered=10 tracks=10 dynamic=3 dyn_points=266 raw_dyn_points=9063 service=30/1 split=10->0 (10 outputs) fusion_components=10 visual_only=1 lidar_only=9 yolo_in=3 yolo_match3d=3 yolo_match_det=3 yolo_human=3 fixed_size=0 size_reject=0
[lvdot_detector_main-8] [INFO] [1776960669.832119705] [lvdot_detector_node]: Input health: depth=909 color=889 lidar=382 pose=1354 odom=1354 yolo=513 depth_pose_sync=0 lidar_pose_sync=0 depth_odom_sync=0 lidar_odom_sync=0
[lvdot_detector_main-8] [INFO] [1776960669.832278905] [lvdot_detector_node]: Stage timers: detection=391 lidar_detection=839 tracking=5317 classification=5135 vis=5255
[lvdot_detector_main-8] [INFO] [1776960669.832307105] [lvdot_detector_node]: Processing phases: detection=run_core lidar_detection=run_lidar_detector/dbscan tracking=waiting_new_filtered_update classification=waiting_new_tracking_update
[lvdot_detector_main-8] [INFO] [1776960669.832321305] [lvdot_detector_node]: Pipeline stats: depth_samples=1027/71300 u_map=2 depth_boxes=0 u_map_merge=0 u_map_db=0 u_map_visual=0 u_map_fused=0 u_map_filtered=0 lidar_samples=587/27021 uv=1 db=8 lidar=2 fused=5 filtered=5 tracks=5 dynamic=0 dyn_points=0 raw_dyn_points=0 service=30/1 split=5->0 (5 outputs) fusion_components=5 visual_only=0 lidar_only=4 yolo_in=0 yolo_match3d=0 yolo_match_det=0 yolo_human=0 fixed_size=0 size_reject=0
[lvdot_detector_main-8] [INFO] [1776960676.623905055] [lvdot_detector_node]: Input health: depth=971 color=945 lidar=416 pose=1402 odom=1402 yolo=537 depth_pose_sync=0 lidar_pose_sync=0 depth_odom_sync=0 lidar_odom_sync=0
[lvdot_detector_main-8] [INFO] [1776960676.624008048] [lvdot_detector_node]: Stage timers: detection=401 lidar_detection=849 tracking=5499 classification=5312 vis=5437
[lvdot_detector_main-8] [INFO] [1776960676.624032184] [lvdot_detector_node]: Processing phases: detection=run_core lidar_detection=run_lidar_detector/project tracking=waiting_filtered_bboxes classification=waiting_new_tracking_update
[lvdot_detector_main-8] [INFO] [1776960676.624043715] [lvdot_detector_node]: Pipeline stats: depth_samples=1198/71300 u_map=0 depth_boxes=0 u_map_merge=0 u_map_db=0 u_map_visual=0 u_map_fused=0 u_map_filtered=0 lidar_samples=0/0 uv=0 db=9 lidar=0 fused=0 filtered=0 tracks=0 dynamic=0 dyn_points=0 raw_dyn_points=0 service=30/1 split=0->0 (0 outputs) fusion_components=0 visual_only=0 lidar_only=0 yolo_in=0 yolo_match3d=0 yolo_match_det=0 yolo_human=0 fixed_size=0 size_reject=0
[lvdot_detector_main-8] [INFO] [1776960682.622883964] [lvdot_detector_node]: Input health: depth=992 color=981 lidar=428 pose=1450 odom=1450 yolo=557 depth_pose_sync=0 lidar_pose_sync=0 depth_odom_sync=0 lidar_odom_sync=0
[lvdot_detector_main-8] [INFO] [1776960682.622975539] [lvdot_detector_node]: Stage timers: detection=410 lidar_detection=865 tracking=5680 classification=5489 vis=5618
[lvdot_detector_main-8] [INFO] [1776960682.622993414] [lvdot_detector_node]: Processing phases: detection=run_core lidar_detection=run_lidar_detector/project tracking=waiting_new_filtered_update classification=waiting_new_tracking_update
[lvdot_detector_main-8] [INFO] [1776960682.623002489] [lvdot_detector_node]: Pipeline stats: depth_samples=930/71300 u_map=2 depth_boxes=0 u_map_merge=0 u_map_db=0 u_map_visual=0 u_map_fused=0 u_map_filtered=0 lidar_samples=1204/55246 uv=2 db=4 lidar=9 fused=12 filtered=13 tracks=13 dynamic=2 dyn_points=40 raw_dyn_points=0 service=30/1 split=12->1 (13 outputs) fusion_components=12 visual_only=2 lidar_only=10 yolo_in=3 yolo_match3d=2 yolo_match_det=3 yolo_human=3 fixed_size=0 size_reject=1
[lvdot_detector_main-8] [INFO] [1776960688.621496589] [lvdot_detector_node]: Input health: depth=1028 color=1020 lidar=445 pose=1498 odom=1498 yolo=578 depth_pose_sync=0 lidar_pose_sync=0 depth_odom_sync=0 lidar_odom_sync=0
[lvdot_detector_main-8] [INFO] [1776960688.621612289] [lvdot_detector_node]: Stage timers: detection=419 lidar_detection=871 tracking=5862 classification=5668 vis=5798
[lvdot_detector_main-8] [INFO] [1776960688.621628089] [lvdot_detector_node]: Processing phases: detection=run_core lidar_detection=run_lidar_detector/project tracking=waiting_new_filtered_update classification=waiting_new_tracking_update
[lvdot_detector_main-8] [INFO] [1776960688.621640389] [lvdot_detector_node]: Pipeline stats: depth_samples=1051/71300 u_map=2 depth_boxes=0 u_map_merge=0 u_map_db=0 u_map_visual=0 u_map_fused=0 u_map_filtered=0 lidar_samples=697/142369 uv=1 db=12 lidar=5 fused=6 filtered=6 tracks=6 dynamic=0 dyn_points=0 raw_dyn_points=0 service=30/1 split=6->0 (6 outputs) fusion_components=6 visual_only=1 lidar_only=5 yolo_in=0 yolo_match3d=0 yolo_match_det=0 yolo_human=0 fixed_size=0 size_reject=0
[lvdot_detector_main-8] [INFO] [1776960694.621452054] [lvdot_detector_node]: Input health: depth=1080 color=1083 lidar=459 pose=1546 odom=1546 yolo=603 depth_pose_sync=0 lidar_pose_sync=0 depth_odom_sync=0 lidar_odom_sync=0
[lvdot_detector_main-8] [INFO] [1776960694.621979155] [lvdot_detector_node]: Stage timers: detection=429 lidar_detection=892 tracking=6044 classification=5850 vis=5979
[lvdot_detector_main-8] [INFO] [1776960694.621992855] [lvdot_detector_node]: Processing phases: detection=run_core lidar_detection=run_lidar_detector/project tracking=waiting_new_filtered_update classification=waiting_new_tracking_update
[lvdot_detector_main-8] [INFO] [1776960694.622001855] [lvdot_detector_node]: Pipeline stats: depth_samples=1145/71300 u_map=1 depth_boxes=0 u_map_merge=0 u_map_db=0 u_map_visual=0 u_map_fused=0 u_map_filtered=0 lidar_samples=0/0 uv=1 db=7 lidar=0 fused=1 filtered=1 tracks=1 dynamic=0 dyn_points=0 raw_dyn_points=0 service=30/1 split=1->0 (1 outputs) fusion_components=1 visual_only=1 lidar_only=0 yolo_in=0 yolo_match3d=0 yolo_match_det=0 yolo_human=0 fixed_size=0 size_reject=0
[lvdot_detector_main-8] [INFO] [1776960700.626327281] [lvdot_detector_node]: Input health: depth=1113 color=1110 lidar=479 pose=1594 odom=1594 yolo=617 depth_pose_sync=0 lidar_pose_sync=0 depth_odom_sync=0 lidar_odom_sync=0
[lvdot_detector_main-8] [INFO] [1776960700.626401483] [lvdot_detector_node]: Stage timers: detection=438 lidar_detection=899 tracking=6225 classification=6028 vis=6155
[lvdot_detector_main-8] [INFO] [1776960700.626415390] [lvdot_detector_node]: Processing phases: detection=run_core lidar_detection=run_lidar_detector/project tracking=waiting_new_filtered_update classification=waiting_new_tracking_update
[lvdot_detector_main-8] [INFO] [1776960700.626425504] [lvdot_detector_node]: Pipeline stats: depth_samples=915/71300 u_map=4 depth_boxes=0 u_map_merge=0 u_map_db=0 u_map_visual=0 u_map_fused=0 u_map_filtered=0 lidar_samples=607/147007 uv=3 db=2 lidar=7 fused=10 filtered=10 tracks=10 dynamic=3 dyn_points=0 raw_dyn_points=0 service=30/1 split=10->0 (10 outputs) fusion_components=10 visual_only=3 lidar_only=7 yolo_in=3 yolo_match3d=3 yolo_match_det=3 yolo_human=3 fixed_size=0 size_reject=0
[lvdot_detector_main-8] [INFO] [1776960706.628121330] [lvdot_detector_node]: Input health: depth=1136 color=1146 lidar=487 pose=1642 odom=1642 yolo=634 depth_pose_sync=0 lidar_pose_sync=0 depth_odom_sync=0 lidar_odom_sync=0
[lvdot_detector_main-8] [INFO] [1776960706.629027797] [lvdot_detector_node]: Stage timers: detection=447 lidar_detection=908 tracking=6406 classification=6206 vis=6320
[lvdot_detector_main-8] [INFO] [1776960706.629082579] [lvdot_detector_node]: Processing phases: detection=run_core lidar_detection=waiting_new_lidar tracking=run_core classification=waiting_new_tracking_update
[lvdot_detector_main-8] [INFO] [1776960706.629094008] [lvdot_detector_node]: Pipeline stats: depth_samples=1225/71300 u_map=2 depth_boxes=0 u_map_merge=0 u_map_db=0 u_map_visual=0 u_map_fused=0 u_map_filtered=0 lidar_samples=503/20576 uv=3 db=15 lidar=4 fused=7 filtered=7 tracks=9 dynamic=1 dyn_points=102 raw_dyn_points=0 service=30/1 split=7->0 (7 outputs) fusion_components=7 visual_only=3 lidar_only=4 yolo_in=1 yolo_match3d=1 yolo_match_det=1 yolo_human=1 fixed_size=0 size_reject=0
[lvdot_detector_main-8] [INFO] [1776960713.440738461] [lvdot_detector_node]: Input health: depth=1182 color=1179 lidar=501 pose=1687 odom=1687 yolo=654 depth_pose_sync=0 lidar_pose_sync=0 depth_odom_sync=0 lidar_odom_sync=0
[lvdot_detector_main-8] [INFO] [1776960713.440967344] [lvdot_detector_node]: Stage timers: detection=455 lidar_detection=948 tracking=6588 classification=6388 vis=6503
[lvdot_detector_main-8] [INFO] [1776960713.440997396] [lvdot_detector_node]: Processing phases: detection=idle lidar_detection=run_lidar_detector/project tracking=waiting_filtered_bboxes classification=waiting_new_tracking_update
[lvdot_detector_main-8] [INFO] [1776960713.441010500] [lvdot_detector_node]: Pipeline stats: depth_samples=1174/71300 u_map=0 depth_boxes=0 u_map_merge=0 u_map_db=0 u_map_visual=0 u_map_fused=0 u_map_filtered=0 lidar_samples=0/0 uv=0 db=7 lidar=0 fused=0 filtered=0 tracks=0 dynamic=0 dyn_points=0 raw_dyn_points=0 service=30/1 split=0->0 (0 outputs) fusion_components=0 visual_only=0 lidar_only=0 yolo_in=0 yolo_match3d=0 yolo_match_det=0 yolo_human=0 fixed_size=0 size_reject=0
[lvdot_detector_main-8] [INFO] [1776960719.438224500] [lvdot_detector_node]: Input health: depth=1206 color=1202 lidar=514 pose=1735 odom=1735 yolo=670 depth_pose_sync=0 lidar_pose_sync=0 depth_odom_sync=0 lidar_odom_sync=0
[lvdot_detector_main-8] [INFO] [1776960719.438327101] [lvdot_detector_node]: Stage timers: detection=465 lidar_detection=972 tracking=6769 classification=6567 vis=6683
[lvdot_detector_main-8] [INFO] [1776960719.438343101] [lvdot_detector_node]: Processing phases: detection=run_core lidar_detection=run_lidar_detector/project tracking=waiting_new_filtered_update classification=waiting_new_tracking_update
[lvdot_detector_main-8] [INFO] [1776960719.438354501] [lvdot_detector_node]: Pipeline stats: depth_samples=1036/71300 u_map=2 depth_boxes=0 u_map_merge=0 u_map_db=0 u_map_visual=0 u_map_fused=0 u_map_filtered=0 lidar_samples=1249/57234 uv=0 db=8 lidar=8 fused=8 filtered=8 tracks=8 dynamic=1 dyn_points=255 raw_dyn_points=552 service=30/1 split=8->0 (8 outputs) fusion_components=8 visual_only=0 lidar_only=8 yolo_in=1 yolo_match3d=1 yolo_match_det=1 yolo_human=1 fixed_size=0 size_reject=0
[lvdot_detector_main-8] [INFO] [1776960724.499160634] [lvdot_detector_node]: get_dynamic_obstacles responded with 1 obstacles from 1 tracked dynamic boxes.
[lvdot_detector_main-8] [INFO] [1776960725.436262766] [lvdot_detector_node]: Input health: depth=1241 color=1233 lidar=528 pose=1783 odom=1783 yolo=682 depth_pose_sync=0 lidar_pose_sync=0 depth_odom_sync=0 lidar_odom_sync=0
[lvdot_detector_main-8] [INFO] [1776960725.436357000] [lvdot_detector_node]: Stage timers: detection=473 lidar_detection=978 tracking=6951 classification=6743 vis=6861
[lvdot_detector_main-8] [INFO] [1776960725.436374233] [lvdot_detector_node]: Processing phases: detection=run_core lidar_detection=run_lidar_detector/project tracking=waiting_new_filtered_update classification=waiting_new_tracking_update
[lvdot_detector_main-8] [INFO] [1776960725.436383767] [lvdot_detector_node]: Pipeline stats: depth_samples=995/71300 u_map=1 depth_boxes=0 u_map_merge=0 u_map_db=0 u_map_visual=0 u_map_fused=0 u_map_filtered=0 lidar_samples=557/47253 uv=1 db=13 lidar=4 fused=5 filtered=5 tracks=5 dynamic=1 dyn_points=129 raw_dyn_points=32986 service=31/1 split=5->0 (5 outputs) fusion_components=5 visual_only=1 lidar_only=4 yolo_in=1 yolo_match3d=1 yolo_match_det=1 yolo_human=1 fixed_size=0 size_reject=0
[lvdot_detector_main-8] [INFO] [1776960731.438655250] [lvdot_detector_node]: Input health: depth=1283 color=1271 lidar=534 pose=1831 odom=1831 yolo=698 depth_pose_sync=0 lidar_pose_sync=0 depth_odom_sync=0 lidar_odom_sync=0
[lvdot_detector_main-8] [INFO] [1776960731.438801309] [lvdot_detector_node]: Stage timers: detection=482 lidar_detection=1033 tracking=7133 classification=6923 vis=7041
[lvdot_detector_main-8] [INFO] [1776960731.438822655] [lvdot_detector_node]: Processing phases: detection=run_core lidar_detection=run_lidar_detector/project tracking=waiting_new_filtered_update classification=waiting_new_tracking_update
[lvdot_detector_main-8] [INFO] [1776960731.438833905] [lvdot_detector_node]: Pipeline stats: depth_samples=1130/71300 u_map=1 depth_boxes=0 u_map_merge=0 u_map_db=0 u_map_visual=0 u_map_fused=0 u_map_filtered=0 lidar_samples=1039/21772 uv=1 db=5 lidar=11 fused=1 filtered=1 tracks=1 dynamic=0 dyn_points=0 raw_dyn_points=0 service=31/1 split=1->1 (1 outputs) fusion_components=1 visual_only=1 lidar_only=0 yolo_in=4 yolo_match3d=1 yolo_match_det=3 yolo_human=0 fixed_size=0 size_reject=0
