[INFO] [launch]: All log files can be found below /home/skbt2/.ros/log/2026-04-24-09-52-03-816882-DESKTOP-90MQDL6-76109
[INFO] [launch]: Default logging verbosity is set to INFO
[INFO] [gazebo-1]: process started with pid [76148]
[INFO] [parameter_bridge-2]: process started with pid [76149]
[INFO] [pedestrian_state_publisher-3]: process started with pid [76150]
[INFO] [uav_trajectory_controller-4]: process started with pid [76151]
[INFO] [image_pointcloud_relay-5]: process started with pid [76152]
[INFO] [image_pointcloud_relay-6]: process started with pid [76153]
[INFO] [lvdot_yolo_node-7]: process started with pid [76154]
[INFO] [lvdot_detector_main-8]: process started with pid [76155]
[parameter_bridge-2] [INFO] [1776995524.202707230] [ros_gz_bridge]: Creating GZ->ROS Bridge: [/rgbd_camera/image (gz.msgs.Image) -> /rgbd_camera/image (sensor_msgs/msg/Image)] (Lazy 0)
[parameter_bridge-2] [INFO] [1776995524.211513183] [ros_gz_bridge]: Creating GZ->ROS Bridge: [/rgbd_camera/camera_info (gz.msgs.CameraInfo) -> /rgbd_camera/camera_info (sensor_msgs/msg/CameraInfo)] (Lazy 0)
[parameter_bridge-2] [INFO] [1776995524.214158748] [ros_gz_bridge]: Creating GZ->ROS Bridge: [/rgbd_camera/depth_image (gz.msgs.Image) -> /rgbd_camera/depth_image (sensor_msgs/msg/Image)] (Lazy 0)
[parameter_bridge-2] [INFO] [1776995524.217898173] [ros_gz_bridge]: Creating GZ->ROS Bridge: [/rgbd_camera/points (gz.msgs.PointCloudPacked) -> /rgbd_camera/points (sensor_msgs/msg/PointCloud2)] (Lazy 0)
[parameter_bridge-2] [INFO] [1776995524.218858626] [ros_gz_bridge]: Creating GZ->ROS Bridge: [/camera/imu (gz.msgs.IMU) -> /camera/imu (sensor_msgs/msg/Imu)] (Lazy 0)
[parameter_bridge-2] [INFO] [1776995524.219574451] [ros_gz_bridge]: Creating ROS->GZ service bridge [/world/pedestrian_prototype/set_pose (ros_gz_interfaces/srv/SetEntityPose -> /)]
[parameter_bridge-2] [INFO] [1776995524.221095724] [ros_gz_bridge]: Creating ROS->GZ service bridge [/world/pedestrian_prototype/set_pose/blocking (ros_gz_interfaces/srv/SetEntityPose -> /)]
[lvdot_detector_main-8] [INFO] [1776995524.453423169] [lvdot_detector_node]: Config loaded: localization_mode=0 dt=0.033 image=640x480 depth_range=[0.50, 5.00] stage_timers=true vis_stage=false executor_threads=1
[lvdot_detector_main-8] [INFO] [1776995524.515736487] [lvdot_detector_node]: LV-DOT ROS2 skeleton started. depth=/camera/depth/image_rect_raw color=/camera/color/image_raw lidar=/pointcloud pose=/mavros/local_position/pose odom=/mavros/local_position/odom yolo=/yolo_detector/detected_bounding_boxes
[lvdot_detector_main-8] [INFO] [1776995524.515793423] [lvdot_detector_node]: Starting executor with executor_threads=1
[lvdot_detector_main-8] [WARN] [1776995524.515984944] [rclcpp]: MultiThreadedExecutor is used with a single thread.
[lvdot_detector_main-8] Use the SingleThreadedExecutor instead.
[gazebo-1] [INFO] [1776995526.299621434] [pedestrian_pose_sync_system]: Configured pedestrian pose sync plugin on topic [/pedestrian_sim/agent_states] for 8 models.
[lvdot_detector_main-8] [INFO] [1776995526.516096593] [lvdot_detector_node]: Input health: depth=0 color=0 lidar=0 pose=10 odom=10 yolo=1 depth_pose_sync=0 lidar_pose_sync=0 depth_odom_sync=0 lidar_odom_sync=0
[lvdot_detector_main-8] [INFO] [1776995526.516189949] [lvdot_detector_node]: Stage timers: detection=60 lidar_detection=60 tracking=60 classification=60 vis=0
[lvdot_detector_main-8] [INFO] [1776995526.516214196] [lvdot_detector_node]: Processing phases: detection=waiting_depth lidar_detection=waiting_new_lidar tracking=waiting_new_filtered_update classification=waiting_new_tracking_update
[lvdot_detector_main-8] [INFO] [1776995526.516229215] [lvdot_detector_node]: Pipeline stats: depth_samples=0/0 u_map=0 depth_boxes=0 u_map_merge=0 u_map_db=0 u_map_visual=0 u_map_fused=0 u_map_filtered=0 lidar_samples=0/0 uv=0 db=0 lidar=0 fused=0 filtered=0 tracks=0 dynamic=0 dyn_points=0 raw_dyn_points=0 service=0/0 split=0->0 (0 outputs) fusion_components=0 visual_only=0 lidar_only=0 yolo_in=0 yolo_match3d=0 yolo_match_det=0 yolo_human=0 fixed_size=0 size_reject=0
[lvdot_detector_main-8] [INFO] [1776995531.635882299] [lvdot_detector_node]: Input health: depth=3 color=3 lidar=0 pose=15 odom=15 yolo=3 depth_pose_sync=0 lidar_pose_sync=0 depth_odom_sync=0 lidar_odom_sync=0
[lvdot_detector_main-8] [INFO] [1776995531.635981626] [lvdot_detector_node]: Stage timers: detection=68 lidar_detection=68 tracking=68 classification=68 vis=0
[lvdot_detector_main-8] [INFO] [1776995531.635996958] [lvdot_detector_node]: Processing phases: detection=idle lidar_detection=waiting_new_lidar tracking=idle classification=idle
[lvdot_detector_main-8] [INFO] [1776995531.636010597] [lvdot_detector_node]: Pipeline stats: depth_samples=1002/50864 u_map=3 depth_boxes=0 u_map_merge=0 u_map_db=0 u_map_visual=0 u_map_fused=0 u_map_filtered=0 lidar_samples=0/0 uv=2 db=4 lidar=0 fused=2 filtered=2 tracks=3 dynamic=0 dyn_points=0 raw_dyn_points=0 service=0/0 split=2->0 (2 outputs) fusion_components=2 visual_only=2 lidar_only=0 yolo_in=4 yolo_match3d=1 yolo_match_det=1 yolo_human=1 fixed_size=0 size_reject=0
[lvdot_detector_main-8] [INFO] [1776995539.177383181] [lvdot_detector_node]: Input health: depth=9 color=9 lidar=0 pose=21 odom=21 yolo=7 depth_pose_sync=0 lidar_pose_sync=0 depth_odom_sync=0 lidar_odom_sync=0
[lvdot_detector_main-8] [INFO] [1776995539.186235104] [lvdot_detector_node]: Stage timers: detection=74 lidar_detection=74 tracking=74 classification=74 vis=0
[lvdot_detector_main-8] [INFO] [1776995539.186251001] [lvdot_detector_node]: Processing phases: detection=idle lidar_detection=waiting_new_lidar tracking=idle classification=idle
[lvdot_detector_main-8] [INFO] [1776995539.186262412] [lvdot_detector_node]: Pipeline stats: depth_samples=1590/71300 u_map=4 depth_boxes=0 u_map_merge=0 u_map_db=0 u_map_visual=0 u_map_fused=0 u_map_filtered=0 lidar_samples=0/0 uv=3 db=16 lidar=0 fused=3 filtered=3 tracks=1 dynamic=0 dyn_points=0 raw_dyn_points=0 service=0/0 split=3->0 (3 outputs) fusion_components=3 visual_only=3 lidar_only=0 yolo_in=2 yolo_match3d=1 yolo_match_det=1 yolo_human=1 fixed_size=0 size_reject=0
[lvdot_detector_main-8] [INFO] [1776995546.086629942] [lvdot_detector_node]: Input health: depth=15 color=15 lidar=0 pose=27 odom=27 yolo=13 depth_pose_sync=0 lidar_pose_sync=0 depth_odom_sync=0 lidar_odom_sync=0
[lvdot_detector_main-8] [INFO] [1776995546.087539181] [lvdot_detector_node]: Stage timers: detection=80 lidar_detection=80 tracking=80 classification=80 vis=0
[lvdot_detector_main-8] [INFO] [1776995546.088166683] [lvdot_detector_node]: Processing phases: detection=idle lidar_detection=waiting_new_lidar tracking=waiting_filtered_bboxes classification=idle
[lvdot_detector_main-8] [INFO] [1776995546.088745014] [lvdot_detector_node]: Pipeline stats: depth_samples=1475/71300 u_map=1 depth_boxes=0 u_map_merge=0 u_map_db=0 u_map_visual=0 u_map_fused=0 u_map_filtered=0 lidar_samples=0/0 uv=1 db=13 lidar=0 fused=1 filtered=1 tracks=0 dynamic=0 dyn_points=0 raw_dyn_points=0 service=0/0 split=1->0 (1 outputs) fusion_components=1 visual_only=1 lidar_only=0 yolo_in=0 yolo_match3d=0 yolo_match_det=0 yolo_human=0 fixed_size=0 size_reject=0
[lvdot_detector_main-8] [INFO] [1776995552.134117260] [lvdot_detector_node]: Input health: depth=20 color=20 lidar=0 pose=32 odom=32 yolo=18 depth_pose_sync=0 lidar_pose_sync=0 depth_odom_sync=0 lidar_odom_sync=0
[lvdot_detector_main-8] [INFO] [1776995552.135126993] [lvdot_detector_node]: Stage timers: detection=85 lidar_detection=85 tracking=85 classification=85 vis=0
[lvdot_detector_main-8] [INFO] [1776995552.135145469] [lvdot_detector_node]: Processing phases: detection=idle lidar_detection=waiting_new_lidar tracking=waiting_filtered_bboxes classification=waiting_new_tracking_update
[lvdot_detector_main-8] [INFO] [1776995552.135154951] [lvdot_detector_node]: Pipeline stats: depth_samples=1343/71300 u_map=0 depth_boxes=0 u_map_merge=0 u_map_db=0 u_map_visual=0 u_map_fused=0 u_map_filtered=0 lidar_samples=0/0 uv=0 db=11 lidar=0 fused=0 filtered=0 tracks=0 dynamic=0 dyn_points=0 raw_dyn_points=0 service=0/0 split=0->0 (0 outputs) fusion_components=0 visual_only=0 lidar_only=0 yolo_in=3 yolo_match3d=0 yolo_match_det=0 yolo_human=0 fixed_size=0 size_reject=0
[lvdot_detector_main-8] [INFO] [1776995558.449992794] [lvdot_detector_node]: Input health: depth=25 color=25 lidar=0 pose=37 odom=37 yolo=23 depth_pose_sync=0 lidar_pose_sync=0 depth_odom_sync=0 lidar_odom_sync=0
[lvdot_detector_main-8] [INFO] [1776995558.450873661] [lvdot_detector_node]: Stage timers: detection=90 lidar_detection=90 tracking=90 classification=90 vis=0
[lvdot_detector_main-8] [INFO] [1776995558.451389159] [lvdot_detector_node]: Processing phases: detection=idle lidar_detection=waiting_new_lidar tracking=idle classification=idle
[lvdot_detector_main-8] [INFO] [1776995558.451925740] [lvdot_detector_node]: Pipeline stats: depth_samples=1475/71300 u_map=2 depth_boxes=0 u_map_merge=0 u_map_db=0 u_map_visual=0 u_map_fused=0 u_map_filtered=0 lidar_samples=0/0 uv=1 db=14 lidar=0 fused=1 filtered=1 tracks=1 dynamic=1 dyn_points=0 raw_dyn_points=0 service=0/0 split=1->0 (1 outputs) fusion_components=1 visual_only=1 lidar_only=0 yolo_in=2 yolo_match3d=1 yolo_match_det=1 yolo_human=1 fixed_size=0 size_reject=0
[lvdot_detector_main-8] [INFO] [1776995564.507249268] [lvdot_detector_node]: Input health: depth=30 color=30 lidar=0 pose=42 odom=42 yolo=28 depth_pose_sync=0 lidar_pose_sync=0 depth_odom_sync=0 lidar_odom_sync=0
[lvdot_detector_main-8] [INFO] [1776995564.507321532] [lvdot_detector_node]: Stage timers: detection=95 lidar_detection=95 tracking=95 classification=95 vis=0
[lvdot_detector_main-8] [INFO] [1776995564.507336720] [lvdot_detector_node]: Processing phases: detection=idle lidar_detection=waiting_new_lidar tracking=idle classification=idle
[lvdot_detector_main-8] [INFO] [1776995564.507349029] [lvdot_detector_node]: Pipeline stats: depth_samples=1382/71300 u_map=1 depth_boxes=0 u_map_merge=0 u_map_db=0 u_map_visual=0 u_map_fused=0 u_map_filtered=0 lidar_samples=0/0 uv=1 db=10 lidar=0 fused=1 filtered=1 tracks=2 dynamic=0 dyn_points=0 raw_dyn_points=0 service=0/0 split=1->0 (1 outputs) fusion_components=1 visual_only=1 lidar_only=0 yolo_in=0 yolo_match3d=0 yolo_match_det=0 yolo_human=0 fixed_size=0 size_reject=0
[lvdot_detector_main-8] [INFO] [1776995571.642611628] [lvdot_detector_node]: Input health: depth=35 color=35 lidar=0 pose=47 odom=47 yolo=33 depth_pose_sync=0 lidar_pose_sync=0 depth_odom_sync=0 lidar_odom_sync=0
[lvdot_detector_main-8] [INFO] [1776995571.642681514] [lvdot_detector_node]: Stage timers: detection=100 lidar_detection=100 tracking=100 classification=100 vis=0
[lvdot_detector_main-8] [INFO] [1776995571.642693107] [lvdot_detector_node]: Processing phases: detection=idle lidar_detection=waiting_new_lidar tracking=idle classification=idle
[lvdot_detector_main-8] [INFO] [1776995571.642703076] [lvdot_detector_node]: Pipeline stats: depth_samples=1299/71300 u_map=2 depth_boxes=0 u_map_merge=0 u_map_db=0 u_map_visual=0 u_map_fused=0 u_map_filtered=0 lidar_samples=0/0 uv=1 db=11 lidar=0 fused=1 filtered=1 tracks=2 dynamic=0 dyn_points=0 raw_dyn_points=0 service=0/0 split=1->0 (1 outputs) fusion_components=1 visual_only=1 lidar_only=0 yolo_in=1 yolo_match3d=1 yolo_match_det=1 yolo_human=1 fixed_size=0 size_reject=0
[lvdot_detector_main-8] [INFO] [1776995579.814081862] [lvdot_detector_node]: Input health: depth=38 color=38 lidar=1 pose=50 odom=50 yolo=35 depth_pose_sync=0 lidar_pose_sync=0 depth_odom_sync=0 lidar_odom_sync=0
[lvdot_detector_main-8] [INFO] [1776995579.815046074] [lvdot_detector_node]: Stage timers: detection=103 lidar_detection=103 tracking=103 classification=103 vis=0
[lvdot_detector_main-8] [INFO] [1776995579.816114453] [lvdot_detector_node]: Processing phases: detection=idle lidar_detection=idle tracking=idle classification=idle
[lvdot_detector_main-8] [INFO] [1776995579.817066006] [lvdot_detector_node]: Pipeline stats: depth_samples=1318/69460 u_map=1 depth_boxes=0 u_map_merge=0 u_map_db=0 u_map_visual=0 u_map_fused=0 u_map_filtered=0 lidar_samples=3088/151144 uv=0 db=11 lidar=45 fused=45 filtered=45 tracks=1 dynamic=0 dyn_points=0 raw_dyn_points=0 service=0/0 split=45->0 (45 outputs) fusion_components=45 visual_only=0 lidar_only=45 yolo_in=4 yolo_match3d=1 yolo_match_det=1 yolo_human=1 fixed_size=0 size_reject=0
[lvdot_detector_main-8] [INFO] [1776995591.686440095] [lvdot_detector_node]: Input health: depth=44 color=44 lidar=2 pose=56 odom=56 yolo=41 depth_pose_sync=0 lidar_pose_sync=0 depth_odom_sync=0 lidar_odom_sync=0
[lvdot_detector_main-8] [INFO] [1776995591.686536543] [lvdot_detector_node]: Stage timers: detection=109 lidar_detection=109 tracking=109 classification=109 vis=0
[lvdot_detector_main-8] [INFO] [1776995591.686548370] [lvdot_detector_node]: Processing phases: detection=idle lidar_detection=waiting_new_lidar tracking=idle classification=idle
[lvdot_detector_main-8] [INFO] [1776995591.686556988] [lvdot_detector_node]: Pipeline stats: depth_samples=1349/71300 u_map=0 depth_boxes=0 u_map_merge=0 u_map_db=0 u_map_visual=0 u_map_fused=0 u_map_filtered=0 lidar_samples=3498/128747 uv=0 db=9 lidar=72 fused=72 filtered=73 tracks=73 dynamic=0 dyn_points=0 raw_dyn_points=0 service=0/0 split=72->1 (73 outputs) fusion_components=72 visual_only=0 lidar_only=72 yolo_in=4 yolo_match3d=2 yolo_match_det=3 yolo_human=3 fixed_size=0 size_reject=0
[lvdot_detector_main-8] [INFO] [1776995598.237616896] [lvdot_detector_node]: Input health: depth=49 color=49 lidar=2 pose=61 odom=61 yolo=46 depth_pose_sync=0 lidar_pose_sync=0 depth_odom_sync=0 lidar_odom_sync=0
[lvdot_detector_main-8] [INFO] [1776995598.237694408] [lvdot_detector_node]: Stage timers: detection=114 lidar_detection=114 tracking=114 classification=114 vis=0
[lvdot_detector_main-8] [INFO] [1776995598.237711511] [lvdot_detector_node]: Processing phases: detection=idle lidar_detection=waiting_new_lidar tracking=idle classification=idle
[lvdot_detector_main-8] [INFO] [1776995598.237724613] [lvdot_detector_node]: Pipeline stats: depth_samples=1388/71300 u_map=0 depth_boxes=0 u_map_merge=0 u_map_db=0 u_map_visual=0 u_map_fused=0 u_map_filtered=0 lidar_samples=3498/128747 uv=0 db=11 lidar=72 fused=72 filtered=72 tracks=73 dynamic=0 dyn_points=0 raw_dyn_points=0 service=0/0 split=72->0 (72 outputs) fusion_components=72 visual_only=0 lidar_only=72 yolo_in=0 yolo_match3d=0 yolo_match_det=0 yolo_human=0 fixed_size=0 size_reject=0
[uav_trajectory_controller-4] [WARN] [1776995603.525874359] [uav_trajectory_controller]: SetEntityPose request timed out after 1.07s on /world/pedestrian_prototype/set_pose/blocking; dropping the pending request and retrying.
[uav_trajectory_controller-4] [WARN] [1776995603.526759781] [uav_trajectory_controller]: Falling back from /world/pedestrian_prototype/set_pose/blocking to /world/pedestrian_prototype/set_pose.
[lvdot_detector_main-8] [INFO] [1776995606.615882464] [lvdot_detector_node]: Input health: depth=54 color=54 lidar=2 pose=66 odom=66 yolo=51 depth_pose_sync=0 lidar_pose_sync=0 depth_odom_sync=0 lidar_odom_sync=0
[lvdot_detector_main-8] [INFO] [1776995606.615949619] [lvdot_detector_node]: Stage timers: detection=119 lidar_detection=119 tracking=119 classification=119 vis=0
[lvdot_detector_main-8] [INFO] [1776995606.615960630] [lvdot_detector_node]: Processing phases: detection=idle lidar_detection=waiting_new_lidar tracking=idle classification=idle
[lvdot_detector_main-8] [INFO] [1776995606.615969855] [lvdot_detector_node]: Pipeline stats: depth_samples=1399/71300 u_map=2 depth_boxes=0 u_map_merge=0 u_map_db=0 u_map_visual=0 u_map_fused=0 u_map_filtered=0 lidar_samples=3498/128747 uv=1 db=13 lidar=72 fused=73 filtered=74 tracks=73 dynamic=0 dyn_points=0 raw_dyn_points=0 service=0/0 split=73->1 (74 outputs) fusion_components=73 visual_only=1 lidar_only=72 yolo_in=3 yolo_match3d=1 yolo_match_det=3 yolo_human=2 fixed_size=71 size_reject=0
[lvdot_detector_main-8] [INFO] [1776995613.666135702] [lvdot_detector_node]: Input health: depth=59 color=59 lidar=2 pose=71 odom=71 yolo=56 depth_pose_sync=0 lidar_pose_sync=0 depth_odom_sync=0 lidar_odom_sync=0
[lvdot_detector_main-8] [INFO] [1776995613.667065073] [lvdot_detector_node]: Stage timers: detection=124 lidar_detection=124 tracking=124 classification=124 vis=0
[lvdot_detector_main-8] [INFO] [1776995613.667291892] [lvdot_detector_node]: Processing phases: detection=idle lidar_detection=waiting_new_lidar tracking=idle classification=idle
[lvdot_detector_main-8] [INFO] [1776995613.667302710] [lvdot_detector_node]: Pipeline stats: depth_samples=1279/71300 u_map=4 depth_boxes=0 u_map_merge=0 u_map_db=0 u_map_visual=0 u_map_fused=0 u_map_filtered=0 lidar_samples=3498/128747 uv=3 db=11 lidar=72 fused=75 filtered=75 tracks=73 dynamic=0 dyn_points=0 raw_dyn_points=0 service=0/0 split=75->0 (75 outputs) fusion_components=75 visual_only=3 lidar_only=72 yolo_in=0 yolo_match3d=0 yolo_match_det=0 yolo_human=0 fixed_size=71 size_reject=0
[lvdot_detector_main-8] [WARN] [1776995613.771863668] [lvdot_detector_node.rclcpp]: failed to send response to /lvdot_detector_node/get_parameters (timeout): client will not receive response, at ./src/rmw_response.cpp:153, at ./src/rcl/service.c:400
[lvdot_detector_main-8] [INFO] [1776995623.313565751] [lvdot_detector_node]: Input health: depth=63 color=63 lidar=3 pose=75 odom=75 yolo=60 depth_pose_sync=0 lidar_pose_sync=0 depth_odom_sync=0 lidar_odom_sync=0
[lvdot_detector_main-8] [INFO] [1776995623.315494877] [lvdot_detector_node]: Stage timers: detection=128 lidar_detection=128 tracking=128 classification=128 vis=0
[lvdot_detector_main-8] [INFO] [1776995623.316040606] [lvdot_detector_node]: Processing phases: detection=idle lidar_detection=waiting_new_lidar tracking=idle classification=idle
[lvdot_detector_main-8] [INFO] [1776995623.316577382] [lvdot_detector_node]: Pipeline stats: depth_samples=1336/71300 u_map=1 depth_boxes=0 u_map_merge=0 u_map_db=0 u_map_visual=0 u_map_fused=0 u_map_filtered=0 lidar_samples=3244/120311 uv=1 db=9 lidar=14 fused=15 filtered=15 tracks=15 dynamic=0 dyn_points=0 raw_dyn_points=0 service=0/0 split=15->0 (15 outputs) fusion_components=15 visual_only=1 lidar_only=14 yolo_in=3 yolo_match3d=0 yolo_match_det=0 yolo_human=0 fixed_size=0 size_reject=2
[lvdot_detector_main-8] [INFO] [1776995623.318500378] [lvdot_detector_node]: get_dynamic_obstacles responded with 0 obstacles from 0 tracked dynamic boxes.
[lvdot_detector_main-8] [WARN] [1776995623.419525692] [lvdot_detector_node.rclcpp]: failed to send response to /onboard_detector/get_dynamic_obstacles (timeout): client will not receive response, at ./src/rmw_response.cpp:153, at ./src/rcl/service.c:400
[lvdot_detector_main-8] [INFO] [1776995627.702555463] [lvdot_detector_node]: get_dynamic_obstacles responded with 1 obstacles from 1 tracked dynamic boxes.
[lvdot_detector_main-8] [WARN] [1776995627.807904107] [lvdot_detector_node.rclcpp]: failed to send response to /onboard_detector/get_dynamic_obstacles (timeout): client will not receive response, at ./src/rmw_response.cpp:153, at ./src/rcl/service.c:400
[lvdot_detector_main-8] [INFO] [1776995630.783786760] [lvdot_detector_node]: Input health: depth=68 color=68 lidar=3 pose=80 odom=80 yolo=65 depth_pose_sync=0 lidar_pose_sync=0 depth_odom_sync=0 lidar_odom_sync=0
[lvdot_detector_main-8] [INFO] [1776995630.783849056] [lvdot_detector_node]: Stage timers: detection=133 lidar_detection=133 tracking=133 classification=133 vis=0
[lvdot_detector_main-8] [INFO] [1776995630.783859894] [lvdot_detector_node]: Processing phases: detection=idle lidar_detection=waiting_new_lidar tracking=idle classification=idle
[lvdot_detector_main-8] [INFO] [1776995630.783868682] [lvdot_detector_node]: Pipeline stats: depth_samples=1461/71300 u_map=3 depth_boxes=0 u_map_merge=0 u_map_db=0 u_map_visual=0 u_map_fused=0 u_map_filtered=0 lidar_samples=3244/120311 uv=1 db=14 lidar=14 fused=15 filtered=15 tracks=16 dynamic=0 dyn_points=0 raw_dyn_points=0 service=2/1 split=15->0 (15 outputs) fusion_components=15 visual_only=1 lidar_only=14 yolo_in=0 yolo_match3d=0 yolo_match_det=0 yolo_human=0 fixed_size=0 size_reject=0
[lvdot_detector_main-8] [INFO] [1776995638.443719831] [lvdot_detector_node]: Input health: depth=70 color=70 lidar=4 pose=82 odom=82 yolo=67 depth_pose_sync=0 lidar_pose_sync=0 depth_odom_sync=0 lidar_odom_sync=0
[lvdot_detector_main-8] [INFO] [1776995638.443789989] [lvdot_detector_node]: Stage timers: detection=135 lidar_detection=135 tracking=135 classification=135 vis=0
[lvdot_detector_main-8] [INFO] [1776995638.443800914] [lvdot_detector_node]: Processing phases: detection=idle lidar_detection=waiting_new_lidar tracking=idle classification=idle
[lvdot_detector_main-8] [INFO] [1776995638.443809834] [lvdot_detector_node]: Pipeline stats: depth_samples=1309/71300 u_map=2 depth_boxes=0 u_map_merge=0 u_map_db=0 u_map_visual=0 u_map_fused=0 u_map_filtered=0 lidar_samples=3251/128693 uv=1 db=9 lidar=21 fused=22 filtered=22 tracks=22 dynamic=0 dyn_points=0 raw_dyn_points=0 service=2/1 split=22->0 (22 outputs) fusion_components=22 visual_only=1 lidar_only=21 yolo_in=0 yolo_match3d=0 yolo_match_det=0 yolo_human=0 fixed_size=0 size_reject=0
[lvdot_detector_main-8] [INFO] [1776995638.444505208] [lvdot_detector_node]: get_dynamic_obstacles responded with 0 obstacles from 0 tracked dynamic boxes.
[lvdot_detector_main-8] [WARN] [1776995638.544945241] [lvdot_detector_node.rclcpp]: failed to send response to /onboard_detector/get_dynamic_obstacles (timeout): client will not receive response, at ./src/rmw_response.cpp:153, at ./src/rcl/service.c:400
[lvdot_detector_main-8] [INFO] [1776995643.780088483] [lvdot_detector_node]: Input health: depth=74 color=74 lidar=4 pose=86 odom=86 yolo=71 depth_pose_sync=0 lidar_pose_sync=0 depth_odom_sync=0 lidar_odom_sync=0
[lvdot_detector_main-8] [INFO] [1776995643.780151703] [lvdot_detector_node]: Stage timers: detection=139 lidar_detection=139 tracking=139 classification=139 vis=0
[lvdot_detector_main-8] [INFO] [1776995643.780162129] [lvdot_detector_node]: Processing phases: detection=idle lidar_detection=waiting_new_lidar tracking=idle classification=idle
[lvdot_detector_main-8] [INFO] [1776995643.780170659] [lvdot_detector_node]: Pipeline stats: depth_samples=1475/71300 u_map=3 depth_boxes=0 u_map_merge=0 u_map_db=0 u_map_visual=0 u_map_fused=0 u_map_filtered=0 lidar_samples=3251/128693 uv=3 db=10 lidar=21 fused=24 filtered=24 tracks=22 dynamic=0 dyn_points=0 raw_dyn_points=0 service=4/0 split=24->0 (24 outputs) fusion_components=24 visual_only=3 lidar_only=21 yolo_in=1 yolo_match3d=0 yolo_match_det=0 yolo_human=0 fixed_size=0 size_reject=0
[lvdot_detector_main-8] [INFO] [1776995647.331753283] [lvdot_detector_node]: get_dynamic_obstacles responded with 0 obstacles from 0 tracked dynamic boxes.
[lvdot_detector_main-8] [INFO] [1776995651.439049879] [lvdot_detector_node]: Input health: depth=80 color=80 lidar=4 pose=92 odom=92 yolo=77 depth_pose_sync=0 lidar_pose_sync=0 depth_odom_sync=0 lidar_odom_sync=0
[lvdot_detector_main-8] [INFO] [1776995651.439387332] [lvdot_detector_node]: Stage timers: detection=145 lidar_detection=145 tracking=145 classification=145 vis=0
[lvdot_detector_main-8] [INFO] [1776995651.439411836] [lvdot_detector_node]: Processing phases: detection=idle lidar_detection=waiting_new_lidar tracking=idle classification=idle
[lvdot_detector_main-8] [INFO] [1776995651.439423638] [lvdot_detector_node]: Pipeline stats: depth_samples=1498/71300 u_map=3 depth_boxes=0 u_map_merge=0 u_map_db=0 u_map_visual=0 u_map_fused=0 u_map_filtered=0 lidar_samples=3251/128693 uv=2 db=13 lidar=21 fused=23 filtered=23 tracks=22 dynamic=0 dyn_points=0 raw_dyn_points=0 service=5/0 split=23->0 (23 outputs) fusion_components=23 visual_only=2 lidar_only=21 yolo_in=0 yolo_match3d=0 yolo_match_det=0 yolo_human=0 fixed_size=21 size_reject=0
[lvdot_detector_main-8] [INFO] [1776995658.120000470] [lvdot_detector_node]: Input health: depth=82 color=82 lidar=5 pose=94 odom=94 yolo=79 depth_pose_sync=0 lidar_pose_sync=0 depth_odom_sync=0 lidar_odom_sync=0
[lvdot_detector_main-8] [INFO] [1776995658.120075198] [lvdot_detector_node]: Stage timers: detection=147 lidar_detection=147 tracking=147 classification=147 vis=0
[lvdot_detector_main-8] [INFO] [1776995658.120091503] [lvdot_detector_node]: Processing phases: detection=idle lidar_detection=waiting_new_lidar tracking=idle classification=idle
[lvdot_detector_main-8] [INFO] [1776995658.120102372] [lvdot_detector_node]: Pipeline stats: depth_samples=1348/71300 u_map=1 depth_boxes=0 u_map_merge=0 u_map_db=0 u_map_visual=0 u_map_fused=0 u_map_filtered=0 lidar_samples=3174/121083 uv=1 db=13 lidar=15 fused=16 filtered=16 tracks=16 dynamic=0 dyn_points=0 raw_dyn_points=0 service=5/0 split=16->0 (16 outputs) fusion_components=16 visual_only=1 lidar_only=15 yolo_in=1 yolo_match3d=0 yolo_match_det=0 yolo_human=0 fixed_size=0 size_reject=0
[lvdot_detector_main-8] [INFO] [1776995658.120788902] [lvdot_detector_node]: get_dynamic_obstacles responded with 0 obstacles from 0 tracked dynamic boxes.
[lvdot_detector_main-8] [WARN] [1776995658.222542634] [lvdot_detector_node.rclcpp]: failed to send response to /onboard_detector/get_dynamic_obstacles (timeout): client will not receive response, at ./src/rmw_response.cpp:153, at ./src/rcl/service.c:400
[lvdot_detector_main-8] [INFO] [1776995665.246860180] [lvdot_detector_node]: Input health: depth=84 color=84 lidar=6 pose=96 odom=96 yolo=81 depth_pose_sync=0 lidar_pose_sync=0 depth_odom_sync=0 lidar_odom_sync=0
[lvdot_detector_main-8] [INFO] [1776995665.250642202] [lvdot_detector_node]: Stage timers: detection=149 lidar_detection=149 tracking=149 classification=149 vis=0
[lvdot_detector_main-8] [INFO] [1776995665.250676597] [lvdot_detector_node]: Processing phases: detection=idle lidar_detection=idle tracking=idle classification=idle
[lvdot_detector_main-8] [INFO] [1776995665.250692133] [lvdot_detector_node]: Pipeline stats: depth_samples=1258/71300 u_map=1 depth_boxes=0 u_map_merge=0 u_map_db=0 u_map_visual=0 u_map_fused=0 u_map_filtered=0 lidar_samples=3438/135070 uv=1 db=9 lidar=66 fused=67 filtered=68 tracks=18 dynamic=0 dyn_points=0 raw_dyn_points=0 service=6/0 split=67->1 (68 outputs) fusion_components=67 visual_only=1 lidar_only=66 yolo_in=3 yolo_match3d=2 yolo_match_det=3 yolo_human=3 fixed_size=0 size_reject=0
[lvdot_detector_main-8] [INFO] [1776995666.648473522] [lvdot_detector_node]: get_dynamic_obstacles responded with 0 obstacles from 0 tracked dynamic boxes.
[lvdot_detector_main-8] [WARN] [1776995666.750372756] [lvdot_detector_node.rclcpp]: failed to send response to /onboard_detector/get_dynamic_obstacles (timeout): client will not receive response, at ./src/rmw_response.cpp:153, at ./src/rcl/service.c:400
[uav_trajectory_controller-4] [WARN] [1776995669.456906779] [uav_trajectory_controller]: SetEntityPose request timed out after 0.72s on /world/pedestrian_prototype/set_pose; dropping the pending request and retrying.
[lvdot_detector_main-8] [INFO] [1776995673.340555723] [lvdot_detector_node]: get_dynamic_obstacles responded with 2 obstacles from 2 tracked dynamic boxes.
[lvdot_detector_main-8] [WARN] [1776995673.440797068] [lvdot_detector_node.rclcpp]: failed to send response to /onboard_detector/get_dynamic_obstacles (timeout): client will not receive response, at ./src/rmw_response.cpp:153, at ./src/rcl/service.c:400
[lvdot_detector_main-8] [INFO] [1776995674.901930624] [lvdot_detector_node]: Input health: depth=87 color=87 lidar=7 pose=99 odom=99 yolo=84 depth_pose_sync=0 lidar_pose_sync=0 depth_odom_sync=0 lidar_odom_sync=0
[lvdot_detector_main-8] [INFO] [1776995674.901991258] [lvdot_detector_node]: Stage timers: detection=152 lidar_detection=152 tracking=152 classification=152 vis=0
[lvdot_detector_main-8] [INFO] [1776995674.902006267] [lvdot_detector_node]: Processing phases: detection=idle lidar_detection=waiting_new_lidar tracking=idle classification=idle
[lvdot_detector_main-8] [INFO] [1776995674.902015312] [lvdot_detector_node]: Pipeline stats: depth_samples=1475/71300 u_map=2 depth_boxes=0 u_map_merge=0 u_map_db=0 u_map_visual=0 u_map_fused=0 u_map_filtered=0 lidar_samples=3444/137831 uv=2 db=13 lidar=66 fused=68 filtered=68 tracks=66 dynamic=1 dyn_points=0 raw_dyn_points=0 service=8/2 split=68->0 (68 outputs) fusion_components=68 visual_only=2 lidar_only=66 yolo_in=2 yolo_match3d=1 yolo_match_det=1 yolo_human=1 fixed_size=0 size_reject=0
[lvdot_detector_main-8] [INFO] [1776995684.023275981] [lvdot_detector_node]: Input health: depth=91 color=91 lidar=8 pose=103 odom=103 yolo=88 depth_pose_sync=0 lidar_pose_sync=0 depth_odom_sync=0 lidar_odom_sync=0
[lvdot_detector_main-8] [INFO] [1776995684.023347093] [lvdot_detector_node]: Stage timers: detection=156 lidar_detection=156 tracking=156 classification=156 vis=0
[lvdot_detector_main-8] [INFO] [1776995684.023363395] [lvdot_detector_node]: Processing phases: detection=idle lidar_detection=waiting_new_lidar tracking=idle classification=idle
[lvdot_detector_main-8] [INFO] [1776995684.023380398] [lvdot_detector_node]: Pipeline stats: depth_samples=1381/71300 u_map=3 depth_boxes=0 u_map_merge=0 u_map_db=0 u_map_visual=0 u_map_fused=0 u_map_filtered=0 lidar_samples=3282/121030 uv=2 db=14 lidar=16 fused=18 filtered=18 tracks=17 dynamic=0 dyn_points=0 raw_dyn_points=0 service=9/1 split=18->0 (18 outputs) fusion_components=18 visual_only=2 lidar_only=16 yolo_in=1 yolo_match3d=0 yolo_match_det=0 yolo_human=0 fixed_size=0 size_reject=0
[lvdot_detector_main-8] [INFO] [1776995684.024246834] [lvdot_detector_node]: get_dynamic_obstacles responded with 0 obstacles from 0 tracked dynamic boxes.
[lvdot_detector_main-8] [WARN] [1776995684.129115690] [lvdot_detector_node.rclcpp]: failed to send response to /onboard_detector/get_dynamic_obstacles (timeout): client will not receive response, at ./src/rmw_response.cpp:153, at ./src/rcl/service.c:400
[lvdot_detector_main-8] [INFO] [1776995692.003662593] [lvdot_detector_node]: Input health: depth=94 color=94 lidar=9 pose=106 odom=106 yolo=91 depth_pose_sync=0 lidar_pose_sync=0 depth_odom_sync=0 lidar_odom_sync=0
[lvdot_detector_main-8] [INFO] [1776995692.004728361] [lvdot_detector_node]: Stage timers: detection=159 lidar_detection=159 tracking=159 classification=159 vis=0
[lvdot_detector_main-8] [INFO] [1776995692.005450574] [lvdot_detector_node]: Processing phases: detection=idle lidar_detection=waiting_new_lidar tracking=idle classification=idle
[lvdot_detector_main-8] [INFO] [1776995692.006120179] [lvdot_detector_node]: Pipeline stats: depth_samples=1356/71300 u_map=3 depth_boxes=0 u_map_merge=0 u_map_db=0 u_map_visual=0 u_map_fused=0 u_map_filtered=0 lidar_samples=3333/120896 uv=3 db=9 lidar=16 fused=19 filtered=19 tracks=16 dynamic=0 dyn_points=0 raw_dyn_points=0 service=10/0 split=19->1 (19 outputs) fusion_components=19 visual_only=3 lidar_only=16 yolo_in=3 yolo_match3d=2 yolo_match_det=3 yolo_human=1 fixed_size=0 size_reject=0
[lvdot_detector_main-8] [INFO] [1776995692.007725631] [lvdot_detector_node]: get_dynamic_obstacles responded with 0 obstacles from 0 tracked dynamic boxes.
[lvdot_detector_main-8] [WARN] [1776995692.109436592] [lvdot_detector_node.rclcpp]: failed to send response to /onboard_detector/get_dynamic_obstacles (timeout): client will not receive response, at ./src/rmw_response.cpp:153, at ./src/rcl/service.c:400
[lvdot_detector_main-8] [INFO] [1776995695.965875527] [lvdot_detector_node]: get_dynamic_obstacles responded with 0 obstacles from 0 tracked dynamic boxes.
[lvdot_detector_main-8] [WARN] [1776995696.083759437] [lvdot_detector_node.rclcpp]: failed to send response to /onboard_detector/get_dynamic_obstacles (timeout): client will not receive response, at ./src/rmw_response.cpp:153, at ./src/rcl/service.c:400
[lvdot_detector_main-8] [INFO] [1776995700.301825870] [lvdot_detector_node]: Input health: depth=100 color=100 lidar=9 pose=112 odom=112 yolo=97 depth_pose_sync=0 lidar_pose_sync=0 depth_odom_sync=0 lidar_odom_sync=0
[lvdot_detector_main-8] [INFO] [1776995700.301907844] [lvdot_detector_node]: Stage timers: detection=165 lidar_detection=165 tracking=165 classification=165 vis=0
[lvdot_detector_main-8] [INFO] [1776995700.301919819] [lvdot_detector_node]: Processing phases: detection=idle lidar_detection=waiting_new_lidar tracking=idle classification=idle
[lvdot_detector_main-8] [INFO] [1776995700.301928971] [lvdot_detector_node]: Pipeline stats: depth_samples=1423/71300 u_map=2 depth_boxes=0 u_map_merge=0 u_map_db=0 u_map_visual=0 u_map_fused=0 u_map_filtered=0 lidar_samples=3333/120896 uv=2 db=11 lidar=16 fused=18 filtered=18 tracks=16 dynamic=0 dyn_points=0 raw_dyn_points=0 service=12/0 split=18->0 (18 outputs) fusion_components=18 visual_only=2 lidar_only=16 yolo_in=3 yolo_match3d=0 yolo_match_det=0 yolo_human=0 fixed_size=0 size_reject=0
[lvdot_detector_main-8] [INFO] [1776995702.533829498] [lvdot_detector_node]: get_dynamic_obstacles responded with 0 obstacles from 0 tracked dynamic boxes.
[lvdot_detector_main-8] [INFO] [1776995707.966359295] [lvdot_detector_node]: get_dynamic_obstacles responded with 0 obstacles from 0 tracked dynamic boxes.
[lvdot_detector_main-8] [INFO] [1776995709.418182950] [lvdot_detector_node]: Input health: depth=106 color=106 lidar=9 pose=118 odom=118 yolo=103 depth_pose_sync=0 lidar_pose_sync=0 depth_odom_sync=0 lidar_odom_sync=0
[lvdot_detector_main-8] [INFO] [1776995709.418295575] [lvdot_detector_node]: Stage timers: detection=171 lidar_detection=171 tracking=171 classification=171 vis=0
[lvdot_detector_main-8] [INFO] [1776995709.418307540] [lvdot_detector_node]: Processing phases: detection=idle lidar_detection=waiting_new_lidar tracking=idle classification=idle
[lvdot_detector_main-8] [INFO] [1776995709.418316751] [lvdot_detector_node]: Pipeline stats: depth_samples=1182/71300 u_map=3 depth_boxes=0 u_map_merge=0 u_map_db=0 u_map_visual=0 u_map_fused=0 u_map_filtered=0 lidar_samples=3333/120896 uv=2 db=9 lidar=16 fused=18 filtered=18 tracks=18 dynamic=0 dyn_points=0 raw_dyn_points=0 service=14/0 split=18->0 (18 outputs) fusion_components=18 visual_only=2 lidar_only=16 yolo_in=2 yolo_match3d=2 yolo_match_det=2 yolo_human=2 fixed_size=16 size_reject=2
[lvdot_detector_main-8] [INFO] [1776995715.835204589] [lvdot_detector_node]: get_dynamic_obstacles responded with 0 obstacles from 0 tracked dynamic boxes.
[lvdot_detector_main-8] [WARN] [1776995715.935879587] [lvdot_detector_node.rclcpp]: failed to send response to /onboard_detector/get_dynamic_obstacles (timeout): client will not receive response, at ./src/rmw_response.cpp:153, at ./src/rcl/service.c:400
[lvdot_detector_main-8] [INFO] [1776995717.280214280] [lvdot_detector_node]: Input health: depth=112 color=112 lidar=9 pose=124 odom=124 yolo=109 depth_pose_sync=0 lidar_pose_sync=0 depth_odom_sync=0 lidar_odom_sync=0
[lvdot_detector_main-8] [INFO] [1776995717.281565725] [lvdot_detector_node]: Stage timers: detection=177 lidar_detection=177 tracking=177 classification=177 vis=0
[lvdot_detector_main-8] [INFO] [1776995717.287410264] [lvdot_detector_node]: Processing phases: detection=idle lidar_detection=waiting_new_lidar tracking=idle classification=idle
[lvdot_detector_main-8] [INFO] [1776995717.287432718] [lvdot_detector_node]: Pipeline stats: depth_samples=1322/71300 u_map=0 depth_boxes=0 u_map_merge=0 u_map_db=0 u_map_visual=0 u_map_fused=0 u_map_filtered=0 lidar_samples=3333/120896 uv=0 db=14 lidar=16 fused=16 filtered=16 tracks=17 dynamic=0 dyn_points=0 raw_dyn_points=0 service=15/0 split=16->0 (16 outputs) fusion_components=16 visual_only=0 lidar_only=16 yolo_in=1 yolo_match3d=0 yolo_match_det=0 yolo_human=0 fixed_size=16 size_reject=0
[lvdot_detector_main-8] [INFO] [1776995720.077667605] [lvdot_detector_node]: get_dynamic_obstacles responded with 0 obstacles from 0 tracked dynamic boxes.
[lvdot_detector_main-8] [INFO] [1776995722.438464083] [lvdot_detector_node]: Input health: depth=116 color=116 lidar=9 pose=128 odom=128 yolo=113 depth_pose_sync=0 lidar_pose_sync=0 depth_odom_sync=0 lidar_odom_sync=0
[lvdot_detector_main-8] [INFO] [1776995722.441071292] [lvdot_detector_node]: Stage timers: detection=181 lidar_detection=181 tracking=181 classification=181 vis=0
[lvdot_detector_main-8] [INFO] [1776995722.441842413] [lvdot_detector_node]: Processing phases: detection=idle lidar_detection=waiting_new_lidar tracking=idle classification=idle
[lvdot_detector_main-8] [INFO] [1776995722.442398500] [lvdot_detector_node]: Pipeline stats: depth_samples=824/47196 u_map=3 depth_boxes=0 u_map_merge=0 u_map_db=0 u_map_visual=0 u_map_fused=0 u_map_filtered=0 lidar_samples=3333/120896 uv=1 db=6 lidar=16 fused=17 filtered=17 tracks=20 dynamic=0 dyn_points=0 raw_dyn_points=0 service=16/0 split=17->0 (17 outputs) fusion_components=17 visual_only=1 lidar_only=16 yolo_in=1 yolo_match3d=1 yolo_match_det=1 yolo_human=1 fixed_size=16 size_reject=0
[lvdot_detector_main-8] [INFO] [1776995726.778649065] [lvdot_detector_node]: get_dynamic_obstacles responded with 1 obstacles from 1 tracked dynamic boxes.
[lvdot_detector_main-8] [INFO] [1776995728.075272158] [lvdot_detector_node]: Input health: depth=120 color=120 lidar=9 pose=132 odom=132 yolo=117 depth_pose_sync=0 lidar_pose_sync=0 depth_odom_sync=0 lidar_odom_sync=0
[lvdot_detector_main-8] [INFO] [1776995728.075356857] [lvdot_detector_node]: Stage timers: detection=185 lidar_detection=185 tracking=185 classification=185 vis=0
[lvdot_detector_main-8] [INFO] [1776995728.075385351] [lvdot_detector_node]: Processing phases: detection=idle lidar_detection=waiting_new_lidar tracking=idle classification=idle
[lvdot_detector_main-8] [INFO] [1776995728.075395045] [lvdot_detector_node]: Pipeline stats: depth_samples=1349/71300 u_map=0 depth_boxes=0 u_map_merge=0 u_map_db=0 u_map_visual=0 u_map_fused=0 u_map_filtered=0 lidar_samples=3333/120896 uv=0 db=9 lidar=16 fused=16 filtered=16 tracks=16 dynamic=0 dyn_points=0 raw_dyn_points=0 service=17/1 split=16->0 (16 outputs) fusion_components=16 visual_only=0 lidar_only=16 yolo_in=0 yolo_match3d=0 yolo_match_det=0 yolo_human=0 fixed_size=16 size_reject=0
[lvdot_detector_main-8] [INFO] [1776995731.937184600] [lvdot_detector_node]: get_dynamic_obstacles responded with 0 obstacles from 0 tracked dynamic boxes.
[lvdot_detector_main-8] [INFO] [1776995733.301583794] [lvdot_detector_node]: Input health: depth=124 color=124 lidar=9 pose=136 odom=136 yolo=121 depth_pose_sync=0 lidar_pose_sync=0 depth_odom_sync=0 lidar_odom_sync=0
[lvdot_detector_main-8] [INFO] [1776995733.301651980] [lvdot_detector_node]: Stage timers: detection=189 lidar_detection=189 tracking=189 classification=189 vis=0
[lvdot_detector_main-8] [INFO] [1776995733.301662701] [lvdot_detector_node]: Processing phases: detection=idle lidar_detection=waiting_new_lidar tracking=idle classification=idle
[lvdot_detector_main-8] [INFO] [1776995733.301671297] [lvdot_detector_node]: Pipeline stats: depth_samples=1398/71300 u_map=2 depth_boxes=0 u_map_merge=0 u_map_db=0 u_map_visual=0 u_map_fused=0 u_map_filtered=0 lidar_samples=3333/120896 uv=1 db=16 lidar=16 fused=17 filtered=17 tracks=18 dynamic=0 dyn_points=0 raw_dyn_points=0 service=18/0 split=17->0 (17 outputs) fusion_components=17 visual_only=1 lidar_only=16 yolo_in=3 yolo_match3d=1 yolo_match_det=1 yolo_human=1 fixed_size=16 size_reject=0
[lvdot_detector_main-8] [INFO] [1776995739.798516405] [lvdot_detector_node]: get_dynamic_obstacles responded with 2 obstacles from 2 tracked dynamic boxes.
[lvdot_detector_main-8] [WARN] [1776995739.900526913] [lvdot_detector_node.rclcpp]: failed to send response to /onboard_detector/get_dynamic_obstacles (timeout): client will not receive response, at ./src/rmw_response.cpp:153, at ./src/rcl/service.c:400
[lvdot_detector_main-8] [INFO] [1776995741.367427403] [lvdot_detector_node]: Input health: depth=129 color=129 lidar=9 pose=141 odom=141 yolo=126 depth_pose_sync=0 lidar_pose_sync=0 depth_odom_sync=0 lidar_odom_sync=0
[lvdot_detector_main-8] [INFO] [1776995741.367999693] [lvdot_detector_node]: Stage timers: detection=194 lidar_detection=194 tracking=194 classification=194 vis=0
[lvdot_detector_main-8] [INFO] [1776995741.368019696] [lvdot_detector_node]: Processing phases: detection=idle lidar_detection=waiting_new_lidar tracking=idle classification=idle
[lvdot_detector_main-8] [INFO] [1776995741.368032898] [lvdot_detector_node]: Pipeline stats: depth_samples=1400/71300 u_map=1 depth_boxes=0 u_map_merge=0 u_map_db=0 u_map_visual=0 u_map_fused=0 u_map_filtered=0 lidar_samples=3333/120896 uv=1 db=10 lidar=16 fused=17 filtered=17 tracks=17 dynamic=0 dyn_points=0 raw_dyn_points=0 service=19/2 split=17->0 (17 outputs) fusion_components=17 visual_only=1 lidar_only=16 yolo_in=4 yolo_match3d=1 yolo_match_det=1 yolo_human=1 fixed_size=16 size_reject=0
[lvdot_detector_main-8] [INFO] [1776995745.614780115] [lvdot_detector_node]: get_dynamic_obstacles responded with 0 obstacles from 0 tracked dynamic boxes.
[lvdot_detector_main-8] [INFO] [1776995747.109242030] [lvdot_detector_node]: Input health: depth=133 color=133 lidar=9 pose=145 odom=145 yolo=130 depth_pose_sync=0 lidar_pose_sync=0 depth_odom_sync=0 lidar_odom_sync=0
[lvdot_detector_main-8] [INFO] [1776995747.109311041] [lvdot_detector_node]: Stage timers: detection=198 lidar_detection=198 tracking=198 classification=198 vis=0
[lvdot_detector_main-8] [INFO] [1776995747.109322142] [lvdot_detector_node]: Processing phases: detection=idle lidar_detection=waiting_new_lidar tracking=idle classification=idle
[lvdot_detector_main-8] [INFO] [1776995747.109331244] [lvdot_detector_node]: Pipeline stats: depth_samples=1415/71300 u_map=2 depth_boxes=0 u_map_merge=0 u_map_db=0 u_map_visual=0 u_map_fused=0 u_map_filtered=0 lidar_samples=3333/120896 uv=1 db=13 lidar=16 fused=17 filtered=17 tracks=16 dynamic=0 dyn_points=0 raw_dyn_points=0 service=20/0 split=17->0 (17 outputs) fusion_components=17 visual_only=1 lidar_only=16 yolo_in=2 yolo_match3d=0 yolo_match_det=0 yolo_human=0 fixed_size=16 size_reject=0
[lvdot_detector_main-8] [INFO] [1776995753.687879150] [lvdot_detector_node]: Input health: depth=135 color=135 lidar=10 pose=147 odom=147 yolo=132 depth_pose_sync=0 lidar_pose_sync=0 depth_odom_sync=0 lidar_odom_sync=0
[lvdot_detector_main-8] [INFO] [1776995753.688437390] [lvdot_detector_node]: Stage timers: detection=200 lidar_detection=200 tracking=200 classification=200 vis=0
[lvdot_detector_main-8] [INFO] [1776995753.688451042] [lvdot_detector_node]: Processing phases: detection=idle lidar_detection=idle tracking=idle classification=idle
[lvdot_detector_main-8] [INFO] [1776995753.688459826] [lvdot_detector_node]: Pipeline stats: depth_samples=1389/71300 u_map=2 depth_boxes=0 u_map_merge=0 u_map_db=0 u_map_visual=0 u_map_fused=0 u_map_filtered=0 lidar_samples=3115/137207 uv=1 db=11 lidar=13 fused=14 filtered=14 tracks=18 dynamic=0 dyn_points=0 raw_dyn_points=0 service=20/0 split=14->1 (14 outputs) fusion_components=14 visual_only=1 lidar_only=13 yolo_in=3 yolo_match3d=1 yolo_match_det=3 yolo_human=0 fixed_size=16 size_reject=0
[lvdot_detector_main-8] [INFO] [1776995755.132886716] [lvdot_detector_node]: get_dynamic_obstacles responded with 0 obstacles from 0 tracked dynamic boxes.
[lvdot_detector_main-8] [WARN] [1776995755.237680260] [lvdot_detector_node.rclcpp]: failed to send response to /onboard_detector/get_dynamic_obstacles (timeout): client will not receive response, at ./src/rmw_response.cpp:153, at ./src/rcl/service.c:400
[lvdot_detector_main-8] [INFO] [1776995760.804771864] [lvdot_detector_node]: Input health: depth=140 color=140 lidar=10 pose=152 odom=152 yolo=137 depth_pose_sync=0 lidar_pose_sync=0 depth_odom_sync=0 lidar_odom_sync=0
[lvdot_detector_main-8] [INFO] [1776995760.805788812] [lvdot_detector_node]: Stage timers: detection=205 lidar_detection=205 tracking=205 classification=205 vis=0
[lvdot_detector_main-8] [INFO] [1776995760.805814766] [lvdot_detector_node]: Processing phases: detection=idle lidar_detection=waiting_new_lidar tracking=idle classification=idle
[lvdot_detector_main-8] [INFO] [1776995760.806057095] [lvdot_detector_node]: Pipeline stats: depth_samples=1304/70170 u_map=3 depth_boxes=0 u_map_merge=0 u_map_db=0 u_map_visual=0 u_map_fused=0 u_map_filtered=0 lidar_samples=3115/137207 uv=2 db=11 lidar=13 fused=15 filtered=15 tracks=17 dynamic=1 dyn_points=0 raw_dyn_points=0 service=21/0 split=15->0 (15 outputs) fusion_components=15 visual_only=2 lidar_only=13 yolo_in=2 yolo_match3d=2 yolo_match_det=2 yolo_human=2 fixed_size=0 size_reject=0
[lvdot_detector_main-8] [INFO] [1776995760.811399914] [lvdot_detector_node]: get_dynamic_obstacles responded with 1 obstacles from 1 tracked dynamic boxes.
[lvdot_detector_main-8] [WARN] [1776995760.912818602] [lvdot_detector_node.rclcpp]: failed to send response to /onboard_detector/get_dynamic_obstacles (timeout): client will not receive response, at ./src/rmw_response.cpp:153, at ./src/rcl/service.c:400
[lvdot_detector_main-8] [INFO] [1776995765.330957511] [lvdot_detector_node]: get_dynamic_obstacles responded with 0 obstacles from 0 tracked dynamic boxes.
[lvdot_detector_main-8] [INFO] [1776995768.703278539] [lvdot_detector_node]: Input health: depth=145 color=145 lidar=10 pose=157 odom=157 yolo=142 depth_pose_sync=0 lidar_pose_sync=0 depth_odom_sync=0 lidar_odom_sync=0
[lvdot_detector_main-8] [INFO] [1776995768.703340318] [lvdot_detector_node]: Stage timers: detection=210 lidar_detection=210 tracking=210 classification=210 vis=0
[lvdot_detector_main-8] [INFO] [1776995768.703351515] [lvdot_detector_node]: Processing phases: detection=idle lidar_detection=waiting_new_lidar tracking=idle classification=idle
[lvdot_detector_main-8] [INFO] [1776995768.703360257] [lvdot_detector_node]: Pipeline stats: depth_samples=1369/71300 u_map=0 depth_boxes=0 u_map_merge=0 u_map_db=0 u_map_visual=0 u_map_fused=0 u_map_filtered=0 lidar_samples=3115/137207 uv=0 db=10 lidar=13 fused=13 filtered=13 tracks=14 dynamic=1 dyn_points=0 raw_dyn_points=0 service=23/0 split=13->0 (13 outputs) fusion_components=13 visual_only=0 lidar_only=13 yolo_in=4 yolo_match3d=0 yolo_match_det=0 yolo_human=0 fixed_size=11 size_reject=0
[lvdot_detector_main-8] [INFO] [1776995772.852059031] [lvdot_detector_node]: get_dynamic_obstacles responded with 0 obstacles from 0 tracked dynamic boxes.
[lvdot_detector_main-8] [INFO] [1776995774.177825675] [lvdot_detector_node]: Input health: depth=150 color=150 lidar=10 pose=162 odom=162 yolo=147 depth_pose_sync=0 lidar_pose_sync=0 depth_odom_sync=0 lidar_odom_sync=0
[lvdot_detector_main-8] [INFO] [1776995774.177900987] [lvdot_detector_node]: Stage timers: detection=215 lidar_detection=215 tracking=215 classification=215 vis=0
[lvdot_detector_main-8] [INFO] [1776995774.177914089] [lvdot_detector_node]: Processing phases: detection=idle lidar_detection=waiting_new_lidar tracking=idle classification=idle
[lvdot_detector_main-8] [INFO] [1776995774.177924490] [lvdot_detector_node]: Pipeline stats: depth_samples=1383/71300 u_map=1 depth_boxes=0 u_map_merge=0 u_map_db=0 u_map_visual=0 u_map_fused=0 u_map_filtered=0 lidar_samples=3115/137207 uv=1 db=10 lidar=13 fused=14 filtered=14 tracks=13 dynamic=1 dyn_points=0 raw_dyn_points=0 service=24/0 split=14->0 (14 outputs) fusion_components=14 visual_only=1 lidar_only=13 yolo_in=5 yolo_match3d=1 yolo_match_det=1 yolo_human=1 fixed_size=12 size_reject=0
[lvdot_detector_main-8] [INFO] [1776995779.485456636] [lvdot_detector_node]: Input health: depth=154 color=154 lidar=10 pose=166 odom=166 yolo=151 depth_pose_sync=0 lidar_pose_sync=0 depth_odom_sync=0 lidar_odom_sync=0
[lvdot_detector_main-8] [INFO] [1776995779.486359077] [lvdot_detector_node]: Stage timers: detection=219 lidar_detection=219 tracking=219 classification=219 vis=0
[lvdot_detector_main-8] [INFO] [1776995779.486914364] [lvdot_detector_node]: Processing phases: detection=idle lidar_detection=waiting_new_lidar tracking=idle classification=idle
[lvdot_detector_main-8] [INFO] [1776995779.487599272] [lvdot_detector_node]: Pipeline stats: depth_samples=1180/71300 u_map=2 depth_boxes=0 u_map_merge=0 u_map_db=0 u_map_visual=0 u_map_fused=0 u_map_filtered=0 lidar_samples=3115/137207 uv=1 db=10 lidar=13 fused=14 filtered=14 tracks=14 dynamic=0 dyn_points=0 raw_dyn_points=0 service=24/0 split=14->0 (14 outputs) fusion_components=14 visual_only=1 lidar_only=13 yolo_in=0 yolo_match3d=0 yolo_match_det=0 yolo_human=0 fixed_size=12 size_reject=0
[lvdot_detector_main-8] [INFO] [1776995779.488688443] [lvdot_detector_node]: get_dynamic_obstacles responded with 0 obstacles from 0 tracked dynamic boxes.
[lvdot_detector_main-8] [INFO] [1776995785.841513859] [lvdot_detector_node]: Input health: depth=158 color=158 lidar=10 pose=170 odom=170 yolo=155 depth_pose_sync=0 lidar_pose_sync=0 depth_odom_sync=0 lidar_odom_sync=0
[lvdot_detector_main-8] [INFO] [1776995785.841574563] [lvdot_detector_node]: Stage timers: detection=223 lidar_detection=223 tracking=223 classification=223 vis=0
[lvdot_detector_main-8] [INFO] [1776995785.841584805] [lvdot_detector_node]: Processing phases: detection=idle lidar_detection=waiting_new_lidar tracking=idle classification=idle
[lvdot_detector_main-8] [INFO] [1776995785.841593451] [lvdot_detector_node]: Pipeline stats: depth_samples=1509/71300 u_map=2 depth_boxes=0 u_map_merge=0 u_map_db=0 u_map_visual=0 u_map_fused=0 u_map_filtered=0 lidar_samples=3115/137207 uv=1 db=14 lidar=13 fused=14 filtered=14 tracks=14 dynamic=0 dyn_points=0 raw_dyn_points=0 service=25/0 split=14->0 (14 outputs) fusion_components=14 visual_only=1 lidar_only=13 yolo_in=2 yolo_match3d=2 yolo_match_det=2 yolo_human=2 fixed_size=13 size_reject=0
[lvdot_detector_main-8] [INFO] [1776995788.791666223] [lvdot_detector_node]: get_dynamic_obstacles responded with 2 obstacles from 2 tracked dynamic boxes.
[lvdot_detector_main-8] [WARN] [1776995788.893181453] [lvdot_detector_node.rclcpp]: failed to send response to /onboard_detector/get_dynamic_obstacles (timeout): client will not receive response, at ./src/rmw_response.cpp:153, at ./src/rcl/service.c:400
[lvdot_detector_main-8] [INFO] [1776995791.634122753] [lvdot_detector_node]: Input health: depth=162 color=162 lidar=10 pose=174 odom=174 yolo=159 depth_pose_sync=0 lidar_pose_sync=0 depth_odom_sync=0 lidar_odom_sync=0
[lvdot_detector_main-8] [INFO] [1776995791.634969389] [lvdot_detector_node]: Stage timers: detection=227 lidar_detection=227 tracking=227 classification=227 vis=0
[lvdot_detector_main-8] [INFO] [1776995791.635421282] [lvdot_detector_node]: Processing phases: detection=idle lidar_detection=waiting_new_lidar tracking=idle classification=idle
[lvdot_detector_main-8] [INFO] [1776995791.635434196] [lvdot_detector_node]: Pipeline stats: depth_samples=1450/71300 u_map=1 depth_boxes=0 u_map_merge=0 u_map_db=0 u_map_visual=0 u_map_fused=0 u_map_filtered=0 lidar_samples=3115/137207 uv=1 db=13 lidar=13 fused=14 filtered=14 tracks=13 dynamic=1 dyn_points=0 raw_dyn_points=0 service=26/2 split=14->0 (14 outputs) fusion_components=14 visual_only=1 lidar_only=13 yolo_in=3 yolo_match3d=0 yolo_match_det=0 yolo_human=0 fixed_size=13 size_reject=0
[lvdot_detector_main-8] [INFO] [1776995794.332243932] [lvdot_detector_node]: get_dynamic_obstacles responded with 0 obstacles from 0 tracked dynamic boxes.
[lvdot_detector_main-8] [WARN] [1776995794.432456794] [lvdot_detector_node.rclcpp]: failed to send response to /onboard_detector/get_dynamic_obstacles (timeout): client will not receive response, at ./src/rmw_response.cpp:153, at ./src/rcl/service.c:400
[lvdot_detector_main-8] [INFO] [1776995798.635828888] [lvdot_detector_node]: Input health: depth=167 color=167 lidar=10 pose=179 odom=179 yolo=164 depth_pose_sync=0 lidar_pose_sync=0 depth_odom_sync=0 lidar_odom_sync=0
[lvdot_detector_main-8] [INFO] [1776995798.636695324] [lvdot_detector_node]: Stage timers: detection=232 lidar_detection=232 tracking=232 classification=232 vis=0
[lvdot_detector_main-8] [INFO] [1776995798.637248011] [lvdot_detector_node]: Processing phases: detection=idle lidar_detection=waiting_new_lidar tracking=idle classification=idle
[lvdot_detector_main-8] [INFO] [1776995798.637785295] [lvdot_detector_node]: Pipeline stats: depth_samples=1385/71300 u_map=1 depth_boxes=0 u_map_merge=0 u_map_db=0 u_map_visual=0 u_map_fused=0 u_map_filtered=0 lidar_samples=3115/137207 uv=0 db=11 lidar=13 fused=13 filtered=13 tracks=14 dynamic=1 dyn_points=0 raw_dyn_points=0 service=27/0 split=13->0 (13 outputs) fusion_components=13 visual_only=0 lidar_only=13 yolo_in=0 yolo_match3d=0 yolo_match_det=0 yolo_human=0 fixed_size=13 size_reject=0
[lvdot_detector_main-8] [INFO] [1776995800.118687203] [lvdot_detector_node]: get_dynamic_obstacles responded with 0 obstacles from 0 tracked dynamic boxes.
[lvdot_detector_main-8] [INFO] [1776995806.744271027] [lvdot_detector_node]: Input health: depth=172 color=172 lidar=10 pose=184 odom=184 yolo=169 depth_pose_sync=0 lidar_pose_sync=0 depth_odom_sync=0 lidar_odom_sync=0
[lvdot_detector_main-8] [INFO] [1776995806.744339438] [lvdot_detector_node]: Stage timers: detection=237 lidar_detection=237 tracking=237 classification=237 vis=0
[lvdot_detector_main-8] [INFO] [1776995806.744354740] [lvdot_detector_node]: Processing phases: detection=idle lidar_detection=waiting_new_lidar tracking=idle classification=idle
[lvdot_detector_main-8] [INFO] [1776995806.744366142] [lvdot_detector_node]: Pipeline stats: depth_samples=1322/71300 u_map=0 depth_boxes=0 u_map_merge=0 u_map_db=0 u_map_visual=0 u_map_fused=0 u_map_filtered=0 lidar_samples=3115/137207 uv=0 db=14 lidar=13 fused=13 filtered=13 tracks=14 dynamic=1 dyn_points=0 raw_dyn_points=0 service=28/0 split=13->0 (13 outputs) fusion_components=13 visual_only=0 lidar_only=13 yolo_in=3 yolo_match3d=0 yolo_match_det=0 yolo_human=0 fixed_size=13 size_reject=0
[lvdot_detector_main-8] [INFO] [1776995807.960221713] [lvdot_detector_node]: get_dynamic_obstacles responded with 1 obstacles from 1 tracked dynamic boxes.
[lvdot_detector_main-8] [WARN] [1776995808.061760405] [lvdot_detector_node.rclcpp]: failed to send response to /onboard_detector/get_dynamic_obstacles (timeout): client will not receive response, at ./src/rmw_response.cpp:153, at ./src/rcl/service.c:400
[lvdot_detector_main-8] [INFO] [1776995813.528857074] [lvdot_detector_node]: Input health: depth=177 color=177 lidar=10 pose=189 odom=189 yolo=174 depth_pose_sync=0 lidar_pose_sync=0 depth_odom_sync=0 lidar_odom_sync=0
[lvdot_detector_main-8] [INFO] [1776995813.528922384] [lvdot_detector_node]: Stage timers: detection=242 lidar_detection=242 tracking=242 classification=242 vis=0
[lvdot_detector_main-8] [INFO] [1776995813.528933586] [lvdot_detector_node]: Processing phases: detection=idle lidar_detection=waiting_new_lidar tracking=idle classification=idle
[lvdot_detector_main-8] [INFO] [1776995813.528942788] [lvdot_detector_node]: Pipeline stats: depth_samples=1479/71300 u_map=2 depth_boxes=0 u_map_merge=0 u_map_db=0 u_map_visual=0 u_map_fused=0 u_map_filtered=0 lidar_samples=3115/137207 uv=1 db=10 lidar=13 fused=14 filtered=14 tracks=14 dynamic=1 dyn_points=0 raw_dyn_points=0 service=29/1 split=14->0 (14 outputs) fusion_components=14 visual_only=1 lidar_only=13 yolo_in=1 yolo_match3d=0 yolo_match_det=0 yolo_human=0 fixed_size=12 size_reject=1
[lvdot_detector_main-8] [INFO] [1776995816.122134388] [lvdot_detector_node]: get_dynamic_obstacles responded with 0 obstacles from 0 tracked dynamic boxes.
[lvdot_detector_main-8] [WARN] [1776995816.224568049] [lvdot_detector_node.rclcpp]: failed to send response to /onboard_detector/get_dynamic_obstacles (timeout): client will not receive response, at ./src/rmw_response.cpp:153, at ./src/rcl/service.c:400
[lvdot_detector_main-8] [INFO] [1776995822.148264354] [lvdot_detector_node]: Input health: depth=183 color=183 lidar=10 pose=195 odom=195 yolo=180 depth_pose_sync=0 lidar_pose_sync=0 depth_odom_sync=0 lidar_odom_sync=0
[lvdot_detector_main-8] [INFO] [1776995822.148326563] [lvdot_detector_node]: Stage timers: detection=248 lidar_detection=248 tracking=248 classification=248 vis=0
[lvdot_detector_main-8] [INFO] [1776995822.148337265] [lvdot_detector_node]: Processing phases: detection=idle lidar_detection=waiting_new_lidar tracking=idle classification=idle
[lvdot_detector_main-8] [INFO] [1776995822.148346166] [lvdot_detector_node]: Pipeline stats: depth_samples=1447/71300 u_map=2 depth_boxes=0 u_map_merge=0 u_map_db=0 u_map_visual=0 u_map_fused=0 u_map_filtered=0 lidar_samples=3115/137207 uv=1 db=10 lidar=13 fused=14 filtered=14 tracks=14 dynamic=1 dyn_points=0 raw_dyn_points=0 service=30/0 split=14->0 (14 outputs) fusion_components=14 visual_only=1 lidar_only=13 yolo_in=4 yolo_match3d=0 yolo_match_det=0 yolo_human=0 fixed_size=12 size_reject=0
[lvdot_detector_main-8] [INFO] [1776995831.487358502] [lvdot_detector_node]: Input health: depth=187 color=187 lidar=11 pose=199 odom=199 yolo=184 depth_pose_sync=0 lidar_pose_sync=0 depth_odom_sync=0 lidar_odom_sync=0
[lvdot_detector_main-8] [INFO] [1776995831.492039237] [lvdot_detector_node]: Stage timers: detection=252 lidar_detection=252 tracking=252 classification=252 vis=0
[lvdot_detector_main-8] [INFO] [1776995831.492059140] [lvdot_detector_node]: Processing phases: detection=idle lidar_detection=idle tracking=idle classification=idle
[lvdot_detector_main-8] [INFO] [1776995831.492069042] [lvdot_detector_node]: Pipeline stats: depth_samples=1563/71300 u_map=4 depth_boxes=0 u_map_merge=0 u_map_db=0 u_map_visual=0 u_map_fused=0 u_map_filtered=0 lidar_samples=3334/122744 uv=1 db=15 lidar=21 fused=22 filtered=22 tracks=14 dynamic=0 dyn_points=0 raw_dyn_points=0 service=30/0 split=22->0 (22 outputs) fusion_components=22 visual_only=1 lidar_only=21 yolo_in=5 yolo_match3d=3 yolo_match_det=3 yolo_human=3 fixed_size=13 size_reject=0
[lvdot_detector_main-8] [INFO] [1776995846.723311097] [lvdot_detector_node]: Input health: depth=192 color=192 lidar=13 pose=204 odom=204 yolo=189 depth_pose_sync=0 lidar_pose_sync=0 depth_odom_sync=0 lidar_odom_sync=0
[lvdot_detector_main-8] [INFO] [1776995846.723403611] [lvdot_detector_node]: Stage timers: detection=257 lidar_detection=257 tracking=257 classification=257 vis=0
[lvdot_detector_main-8] [INFO] [1776995846.723421714] [lvdot_detector_node]: Processing phases: detection=idle lidar_detection=idle tracking=idle classification=idle
[lvdot_detector_main-8] [INFO] [1776995846.723434016] [lvdot_detector_node]: Pipeline stats: depth_samples=1462/71300 u_map=1 depth_boxes=0 u_map_merge=0 u_map_db=0 u_map_visual=0 u_map_fused=0 u_map_filtered=0 lidar_samples=3472/158212 uv=1 db=16 lidar=33 fused=34 filtered=35 tracks=12 dynamic=1 dyn_points=0 raw_dyn_points=0 service=30/0 split=34->1 (35 outputs) fusion_components=34 visual_only=1 lidar_only=33 yolo_in=4 yolo_match3d=3 yolo_match_det=4 yolo_human=4 fixed_size=0 size_reject=2
[lvdot_detector_main-8] [INFO] [1776995854.783627127] [lvdot_detector_node]: Input health: depth=198 color=198 lidar=13 pose=210 odom=210 yolo=195 depth_pose_sync=0 lidar_pose_sync=0 depth_odom_sync=0 lidar_odom_sync=0
[lvdot_detector_main-8] [INFO] [1776995854.784638686] [lvdot_detector_node]: Stage timers: detection=263 lidar_detection=263 tracking=263 classification=263 vis=0
[lvdot_detector_main-8] [INFO] [1776995854.784905828] [lvdot_detector_node]: Processing phases: detection=idle lidar_detection=waiting_new_lidar tracking=idle classification=idle
[lvdot_detector_main-8] [INFO] [1776995854.784946234] [lvdot_detector_node]: Pipeline stats: depth_samples=1405/71300 u_map=3 depth_boxes=0 u_map_merge=0 u_map_db=0 u_map_visual=0 u_map_fused=0 u_map_filtered=0 lidar_samples=3472/158212 uv=1 db=12 lidar=33 fused=34 filtered=34 tracks=34 dynamic=0 dyn_points=0 raw_dyn_points=0 service=30/0 split=34->1 (34 outputs) fusion_components=34 visual_only=1 lidar_only=33 yolo_in=4 yolo_match3d=1 yolo_match_det=2 yolo_human=1 fixed_size=0 size_reject=0
[lvdot_detector_main-8] [INFO] [1776995861.912382278] [lvdot_detector_node]: Input health: depth=203 color=203 lidar=13 pose=215 odom=215 yolo=200 depth_pose_sync=0 lidar_pose_sync=0 depth_odom_sync=0 lidar_odom_sync=0
[lvdot_detector_main-8] [INFO] [1776995861.912446288] [lvdot_detector_node]: Stage timers: detection=268 lidar_detection=268 tracking=268 classification=268 vis=0
[lvdot_detector_main-8] [INFO] [1776995861.912457590] [lvdot_detector_node]: Processing phases: detection=idle lidar_detection=waiting_new_lidar tracking=idle classification=idle
[lvdot_detector_main-8] [INFO] [1776995861.912466692] [lvdot_detector_node]: Pipeline stats: depth_samples=1388/71300 u_map=0 depth_boxes=0 u_map_merge=0 u_map_db=0 u_map_visual=0 u_map_fused=0 u_map_filtered=0 lidar_samples=3472/158212 uv=0 db=11 lidar=33 fused=33 filtered=33 tracks=33 dynamic=0 dyn_points=0 raw_dyn_points=0 service=30/0 split=33->0 (33 outputs) fusion_components=33 visual_only=0 lidar_only=33 yolo_in=2 yolo_match3d=0 yolo_match_det=0 yolo_human=0 fixed_size=32 size_reject=0
[lvdot_detector_main-8] [INFO] [1776995870.554286007] [lvdot_detector_node]: Input health: depth=206 color=206 lidar=14 pose=218 odom=218 yolo=203 depth_pose_sync=0 lidar_pose_sync=0 depth_odom_sync=0 lidar_odom_sync=0
[lvdot_detector_main-8] [INFO] [1776995870.554972239] [lvdot_detector_node]: Stage timers: detection=271 lidar_detection=271 tracking=271 classification=271 vis=0
[lvdot_detector_main-8] [INFO] [1776995870.554991843] [lvdot_detector_node]: Processing phases: detection=idle lidar_detection=idle tracking=idle classification=idle
[lvdot_detector_main-8] [INFO] [1776995870.555003245] [lvdot_detector_node]: Pipeline stats: depth_samples=1396/71300 u_map=2 depth_boxes=0 u_map_merge=0 u_map_db=0 u_map_visual=0 u_map_fused=0 u_map_filtered=0 lidar_samples=3216/120308 uv=0 db=13 lidar=10 fused=10 filtered=10 tracks=34 dynamic=0 dyn_points=0 raw_dyn_points=0 service=30/0 split=10->0 (10 outputs) fusion_components=10 visual_only=0 lidar_only=10 yolo_in=2 yolo_match3d=2 yolo_match_det=2 yolo_human=2 fixed_size=33 size_reject=0
[lvdot_detector_main-8] [INFO] [1776995876.871040000] [lvdot_detector_node]: Input health: depth=211 color=211 lidar=14 pose=223 odom=223 yolo=208 depth_pose_sync=0 lidar_pose_sync=0 depth_odom_sync=0 lidar_odom_sync=0
[lvdot_detector_main-8] [INFO] [1776995876.871112711] [lvdot_detector_node]: Stage timers: detection=276 lidar_detection=276 tracking=276 classification=276 vis=0
[lvdot_detector_main-8] [INFO] [1776995876.871124813] [lvdot_detector_node]: Processing phases: detection=idle lidar_detection=waiting_new_lidar tracking=idle classification=idle
[lvdot_detector_main-8] [INFO] [1776995876.871134115] [lvdot_detector_node]: Pipeline stats: depth_samples=1299/71300 u_map=1 depth_boxes=0 u_map_merge=0 u_map_db=0 u_map_visual=0 u_map_fused=0 u_map_filtered=0 lidar_samples=3216/120308 uv=1 db=11 lidar=10 fused=11 filtered=11 tracks=11 dynamic=2 dyn_points=0 raw_dyn_points=0 service=30/0 split=11->1 (11 outputs) fusion_components=11 visual_only=1 lidar_only=10 yolo_in=2 yolo_match3d=1 yolo_match_det=2 yolo_human=1 fixed_size=0 size_reject=0
[lvdot_detector_main-8] [INFO] [1776995884.446894531] [lvdot_detector_node]: Input health: depth=214 color=214 lidar=15 pose=226 odom=226 yolo=211 depth_pose_sync=0 lidar_pose_sync=0 depth_odom_sync=0 lidar_odom_sync=0
[lvdot_detector_main-8] [INFO] [1776995884.447775269] [lvdot_detector_node]: Stage timers: detection=279 lidar_detection=279 tracking=279 classification=279 vis=0
[lvdot_detector_main-8] [INFO] [1776995884.448015307] [lvdot_detector_node]: Processing phases: detection=idle lidar_detection=waiting_new_lidar tracking=idle classification=idle
[lvdot_detector_main-8] [INFO] [1776995884.448027109] [lvdot_detector_node]: Pipeline stats: depth_samples=1515/71300 u_map=4 depth_boxes=0 u_map_merge=0 u_map_db=0 u_map_visual=0 u_map_fused=0 u_map_filtered=0 lidar_samples=3256/122054 uv=2 db=14 lidar=18 fused=20 filtered=20 tracks=18 dynamic=0 dyn_points=0 raw_dyn_points=0 service=30/0 split=20->0 (20 outputs) fusion_components=20 visual_only=2 lidar_only=18 yolo_in=2 yolo_match3d=0 yolo_match_det=0 yolo_human=0 fixed_size=0 size_reject=0
[lvdot_detector_main-8] [INFO] [1776995889.942411085] [lvdot_detector_node]: Input health: depth=218 color=218 lidar=15 pose=230 odom=230 yolo=215 depth_pose_sync=0 lidar_pose_sync=0 depth_odom_sync=0 lidar_odom_sync=0
[lvdot_detector_main-8] [INFO] [1776995889.943006437] [lvdot_detector_node]: Stage timers: detection=283 lidar_detection=283 tracking=283 classification=283 vis=0
[lvdot_detector_main-8] [INFO] [1776995889.943072932] [lvdot_detector_node]: Processing phases: detection=idle lidar_detection=waiting_new_lidar tracking=idle classification=idle
[lvdot_detector_main-8] [INFO] [1776995889.943096163] [lvdot_detector_node]: Pipeline stats: depth_samples=1492/71300 u_map=4 depth_boxes=0 u_map_merge=0 u_map_db=0 u_map_visual=0 u_map_fused=0 u_map_filtered=0 lidar_samples=3256/122054 uv=1 db=13 lidar=18 fused=19 filtered=19 tracks=20 dynamic=0 dyn_points=0 raw_dyn_points=0 service=30/0 split=19->0 (19 outputs) fusion_components=19 visual_only=1 lidar_only=18 yolo_in=1 yolo_match3d=0 yolo_match_det=0 yolo_human=0 fixed_size=0 size_reject=0
[lvdot_detector_main-8] [INFO] [1776995896.997431668] [lvdot_detector_node]: Input health: depth=224 color=224 lidar=15 pose=236 odom=236 yolo=221 depth_pose_sync=0 lidar_pose_sync=0 depth_odom_sync=0 lidar_odom_sync=0
[lvdot_detector_main-8] [INFO] [1776995896.997591293] [lvdot_detector_node]: Stage timers: detection=289 lidar_detection=289 tracking=289 classification=289 vis=0
[lvdot_detector_main-8] [INFO] [1776995896.997607196] [lvdot_detector_node]: Processing phases: detection=idle lidar_detection=waiting_new_lidar tracking=idle classification=idle
[lvdot_detector_main-8] [INFO] [1776995896.997614597] [lvdot_detector_node]: Pipeline stats: depth_samples=1512/71300 u_map=2 depth_boxes=0 u_map_merge=0 u_map_db=0 u_map_visual=0 u_map_fused=0 u_map_filtered=0 lidar_samples=3256/122054 uv=2 db=17 lidar=18 fused=20 filtered=20 tracks=20 dynamic=3 dyn_points=0 raw_dyn_points=0 service=30/0 split=20->1 (20 outputs) fusion_components=20 visual_only=2 lidar_only=18 yolo_in=4 yolo_match3d=1 yolo_match_det=3 yolo_human=1 fixed_size=16 size_reject=0
[lvdot_detector_main-8] [INFO] [1776995904.642546424] [lvdot_detector_node]: Input health: depth=226 color=226 lidar=16 pose=238 odom=238 yolo=223 depth_pose_sync=0 lidar_pose_sync=0 depth_odom_sync=0 lidar_odom_sync=0
[lvdot_detector_main-8] [INFO] [1776995904.642612634] [lvdot_detector_node]: Stage timers: detection=291 lidar_detection=291 tracking=291 classification=291 vis=0
[lvdot_detector_main-8] [INFO] [1776995904.642623536] [lvdot_detector_node]: Processing phases: detection=idle lidar_detection=waiting_new_lidar tracking=idle classification=idle
[lvdot_detector_main-8] [INFO] [1776995904.642632537] [lvdot_detector_node]: Pipeline stats: depth_samples=1191/71300 u_map=1 depth_boxes=0 u_map_merge=0 u_map_db=0 u_map_visual=0 u_map_fused=0 u_map_filtered=0 lidar_samples=3411/119795 uv=1 db=15 lidar=20 fused=21 filtered=21 tracks=20 dynamic=1 dyn_points=0 raw_dyn_points=0 service=30/0 split=21->0 (21 outputs) fusion_components=21 visual_only=1 lidar_only=20 yolo_in=2 yolo_match3d=1 yolo_match_det=1 yolo_human=1 fixed_size=0 size_reject=0
[lvdot_detector_main-8] [INFO] [1776995910.555801898] [lvdot_detector_node]: Input health: depth=228 color=228 lidar=17 pose=240 odom=240 yolo=225 depth_pose_sync=0 lidar_pose_sync=0 depth_odom_sync=0 lidar_odom_sync=0
[lvdot_detector_main-8] [INFO] [1776995910.557818914] [lvdot_detector_node]: Stage timers: detection=293 lidar_detection=293 tracking=293 classification=293 vis=0
[lvdot_detector_main-8] [INFO] [1776995910.557844918] [lvdot_detector_node]: Processing phases: detection=idle lidar_detection=waiting_new_lidar tracking=idle classification=idle
[lvdot_detector_main-8] [INFO] [1776995910.557856420] [lvdot_detector_node]: Pipeline stats: depth_samples=1425/71300 u_map=2 depth_boxes=0 u_map_merge=0 u_map_db=0 u_map_visual=0 u_map_fused=0 u_map_filtered=0 lidar_samples=2402/207256 uv=1 db=11 lidar=1 fused=2 filtered=2 tracks=2 dynamic=1 dyn_points=0 raw_dyn_points=0 service=30/0 split=2->0 (2 outputs) fusion_components=2 visual_only=1 lidar_only=1 yolo_in=4 yolo_match3d=1 yolo_match_det=1 yolo_human=1 fixed_size=0 size_reject=0
[lvdot_detector_main-8] [INFO] [1776995917.825768355] [lvdot_detector_node]: Input health: depth=233 color=233 lidar=17 pose=245 odom=245 yolo=230 depth_pose_sync=0 lidar_pose_sync=0 depth_odom_sync=0 lidar_odom_sync=0
[lvdot_detector_main-8] [INFO] [1776995917.825833965] [lvdot_detector_node]: Stage timers: detection=298 lidar_detection=298 tracking=298 classification=298 vis=0
[lvdot_detector_main-8] [INFO] [1776995917.825844867] [lvdot_detector_node]: Processing phases: detection=idle lidar_detection=waiting_new_lidar tracking=idle classification=idle
[lvdot_detector_main-8] [INFO] [1776995917.825853968] [lvdot_detector_node]: Pipeline stats: depth_samples=1723/71300 u_map=1 depth_boxes=0 u_map_merge=0 u_map_db=0 u_map_visual=0 u_map_fused=0 u_map_filtered=0 lidar_samples=2402/207256 uv=1 db=14 lidar=1 fused=2 filtered=2 tracks=2 dynamic=0 dyn_points=0 raw_dyn_points=0 service=30/0 split=2->0 (2 outputs) fusion_components=2 visual_only=1 lidar_only=1 yolo_in=0 yolo_match3d=0 yolo_match_det=0 yolo_human=0 fixed_size=0 size_reject=0
[lvdot_detector_main-8] [INFO] [1776995917.826427258] [lvdot_detector_node]: get_dynamic_obstacles responded with 0 obstacles from 0 tracked dynamic boxes.
[lvdot_detector_main-8] [INFO] [1776995925.701504814] [lvdot_detector_node]: Input health: depth=239 color=239 lidar=17 pose=251 odom=251 yolo=236 depth_pose_sync=0 lidar_pose_sync=0 depth_odom_sync=0 lidar_odom_sync=0
[lvdot_detector_main-8] [INFO] [1776995925.702312741] [lvdot_detector_node]: Stage timers: detection=304 lidar_detection=304 tracking=304 classification=304 vis=0
[lvdot_detector_main-8] [INFO] [1776995925.702344446] [lvdot_detector_node]: Processing phases: detection=idle lidar_detection=waiting_new_lidar tracking=idle classification=idle
[lvdot_detector_main-8] [INFO] [1776995925.702354248] [lvdot_detector_node]: Pipeline stats: depth_samples=1492/71300 u_map=2 depth_boxes=0 u_map_merge=0 u_map_db=0 u_map_visual=0 u_map_fused=0 u_map_filtered=0 lidar_samples=2402/207256 uv=0 db=12 lidar=1 fused=1 filtered=1 tracks=3 dynamic=1 dyn_points=0 raw_dyn_points=0 service=31/0 split=1->0 (1 outputs) fusion_components=1 visual_only=0 lidar_only=1 yolo_in=3 yolo_match3d=0 yolo_match_det=0 yolo_human=0 fixed_size=1 size_reject=0
[lvdot_detector_main-8] [INFO] [1776995932.713163273] [lvdot_detector_node]: Input health: depth=245 color=245 lidar=17 pose=257 odom=257 yolo=242 depth_pose_sync=0 lidar_pose_sync=0 depth_odom_sync=0 lidar_odom_sync=0
[lvdot_detector_main-8] [INFO] [1776995932.713234416] [lvdot_detector_node]: Stage timers: detection=310 lidar_detection=310 tracking=310 classification=310 vis=0
[lvdot_detector_main-8] [INFO] [1776995932.713246738] [lvdot_detector_node]: Processing phases: detection=idle lidar_detection=waiting_new_lidar tracking=idle classification=idle
[lvdot_detector_main-8] [INFO] [1776995932.713256365] [lvdot_detector_node]: Pipeline stats: depth_samples=931/67816 u_map=0 depth_boxes=0 u_map_merge=0 u_map_db=0 u_map_visual=0 u_map_fused=0 u_map_filtered=0 lidar_samples=2402/207256 uv=0 db=8 lidar=1 fused=1 filtered=1 tracks=1 dynamic=1 dyn_points=0 raw_dyn_points=0 service=31/0 split=1->0 (1 outputs) fusion_components=1 visual_only=0 lidar_only=1 yolo_in=5 yolo_match3d=0 yolo_match_det=0 yolo_human=0 fixed_size=1 size_reject=0
[lvdot_detector_main-8] [INFO] [1776995938.493062393] [lvdot_detector_node]: Input health: depth=249 color=249 lidar=17 pose=261 odom=261 yolo=246 depth_pose_sync=0 lidar_pose_sync=0 depth_odom_sync=0 lidar_odom_sync=0
[lvdot_detector_main-8] [INFO] [1776995938.495528853] [lvdot_detector_node]: Stage timers: detection=314 lidar_detection=314 tracking=314 classification=314 vis=0
[lvdot_detector_main-8] [INFO] [1776995938.495547463] [lvdot_detector_node]: Processing phases: detection=idle lidar_detection=waiting_new_lidar tracking=idle classification=idle
[lvdot_detector_main-8] [INFO] [1776995938.495557468] [lvdot_detector_node]: Pipeline stats: depth_samples=1503/71300 u_map=3 depth_boxes=0 u_map_merge=0 u_map_db=0 u_map_visual=0 u_map_fused=0 u_map_filtered=0 lidar_samples=2402/207256 uv=1 db=10 lidar=1 fused=2 filtered=2 tracks=3 dynamic=0 dyn_points=0 raw_dyn_points=0 service=31/0 split=2->0 (2 outputs) fusion_components=2 visual_only=1 lidar_only=1 yolo_in=3 yolo_match3d=2 yolo_match_det=2 yolo_human=2 fixed_size=0 size_reject=0
