[INFO] [launch]: All log files can be found below /home/skbt2/.ros/log/2026-04-24-06-21-24-631534-DESKTOP-90MQDL6-293298
[INFO] [launch]: Default logging verbosity is set to INFO
[INFO] [gazebo-1]: process started with pid [293337]
[INFO] [parameter_bridge-2]: process started with pid [293338]
[INFO] [pedestrian_state_publisher-3]: process started with pid [293339]
[INFO] [uav_trajectory_controller-4]: process started with pid [293340]
[INFO] [image_pointcloud_relay-5]: process started with pid [293341]
[INFO] [image_pointcloud_relay-6]: process started with pid [293342]
[INFO] [lvdot_yolo_node-7]: process started with pid [293343]
[INFO] [lvdot_detector_main-8]: process started with pid [293344]
[lvdot_detector_main-8] [INFO] [1776982885.332709861] [lvdot_detector_node]: Config loaded: localization_mode=0 dt=0.033 image=640x480 depth_range=[0.50, 5.00] stage_timers=true
[lvdot_detector_main-8] [INFO] [1776982885.360544527] [lvdot_detector_node]: LV-DOT ROS2 skeleton started. depth=/camera/depth/image_rect_raw color=/camera/color/image_raw lidar=/pointcloud pose=/mavros/local_position/pose odom=/mavros/local_position/odom yolo=/yolo_detector/detected_bounding_boxes
[parameter_bridge-2] [INFO] [1776982886.292270474] [ros_gz_bridge]: Creating GZ->ROS Bridge: [/rgbd_camera/image (gz.msgs.Image) -> /rgbd_camera/image (sensor_msgs/msg/Image)] (Lazy 0)
[parameter_bridge-2] [INFO] [1776982886.460831643] [ros_gz_bridge]: Creating GZ->ROS Bridge: [/rgbd_camera/camera_info (gz.msgs.CameraInfo) -> /rgbd_camera/camera_info (sensor_msgs/msg/CameraInfo)] (Lazy 0)
[parameter_bridge-2] [INFO] [1776982886.462866448] [ros_gz_bridge]: Creating GZ->ROS Bridge: [/rgbd_camera/depth_image (gz.msgs.Image) -> /rgbd_camera/depth_image (sensor_msgs/msg/Image)] (Lazy 0)
[parameter_bridge-2] [INFO] [1776982886.465725720] [ros_gz_bridge]: Creating GZ->ROS Bridge: [/rgbd_camera/points (gz.msgs.PointCloudPacked) -> /rgbd_camera/points (sensor_msgs/msg/PointCloud2)] (Lazy 0)
[parameter_bridge-2] [INFO] [1776982886.482314132] [ros_gz_bridge]: Creating GZ->ROS Bridge: [/camera/imu (gz.msgs.IMU) -> /camera/imu (sensor_msgs/msg/Imu)] (Lazy 0)
[parameter_bridge-2] [INFO] [1776982886.485817112] [ros_gz_bridge]: Creating ROS->GZ service bridge [/world/pedestrian_prototype/set_pose (ros_gz_interfaces/srv/SetEntityPose -> /)]
[parameter_bridge-2] [INFO] [1776982886.504396216] [ros_gz_bridge]: Creating ROS->GZ service bridge [/world/pedestrian_prototype/set_pose/blocking (ros_gz_interfaces/srv/SetEntityPose -> /)]
[uav_trajectory_controller-4] [WARN] [1776982887.218092815] [uav_trajectory_controller]: SetEntityPose request timed out after 0.62s on /world/pedestrian_prototype/set_pose/blocking; dropping the pending request and retrying.
[uav_trajectory_controller-4] [WARN] [1776982887.219759746] [uav_trajectory_controller]: Falling back from /world/pedestrian_prototype/set_pose/blocking to /world/pedestrian_prototype/set_pose.
[lvdot_detector_main-8] [INFO] [1776982887.361253592] [lvdot_detector_node]: Input health: depth=0 color=0 lidar=0 pose=0 odom=0 yolo=0 depth_pose_sync=0 lidar_pose_sync=0 depth_odom_sync=0 lidar_odom_sync=0
[lvdot_detector_main-8] [INFO] [1776982887.361442861] [lvdot_detector_node]: Stage timers: detection=60 lidar_detection=60 tracking=60 classification=60 vis=59
[lvdot_detector_main-8] [INFO] [1776982887.361474845] [lvdot_detector_node]: Processing phases: detection=waiting_sensor_pose lidar_detection=waiting_new_lidar tracking=waiting_new_filtered_update classification=waiting_new_tracking_update
[lvdot_detector_main-8] [INFO] [1776982887.361495875] [lvdot_detector_node]: Pipeline stats: depth_samples=0/0 u_map=0 depth_boxes=0 u_map_merge=0 u_map_db=0 u_map_visual=0 u_map_fused=0 u_map_filtered=0 lidar_samples=0/0 uv=0 db=0 lidar=0 fused=0 filtered=0 tracks=0 dynamic=0 dyn_points=0 raw_dyn_points=0 service=0/0 split=0->0 (0 outputs) fusion_components=0 visual_only=0 lidar_only=0 yolo_in=0 yolo_match3d=0 yolo_match_det=0 yolo_human=0 fixed_size=0 size_reject=0
[uav_trajectory_controller-4] [WARN] [1776982887.917396319] [uav_trajectory_controller]: SetEntityPose request timed out after 0.62s on /world/pedestrian_prototype/set_pose; dropping the pending request and retrying.
[uav_trajectory_controller-4] [WARN] [1776982888.918370595] [uav_trajectory_controller]: SetEntityPose request timed out after 0.62s on /world/pedestrian_prototype/set_pose; dropping the pending request and retrying.
[gazebo-1] [INFO] [1776982889.294998557] [pedestrian_pose_sync_system]: Configured pedestrian pose sync plugin on topic [/pedestrian_sim/agent_states] for 8 models.
[lvdot_detector_main-8] [INFO] [1776982893.360983073] [lvdot_detector_node]: Input health: depth=0 color=0 lidar=0 pose=34 odom=34 yolo=0 depth_pose_sync=0 lidar_pose_sync=0 depth_odom_sync=0 lidar_odom_sync=0
[lvdot_detector_main-8] [INFO] [1776982893.361198856] [lvdot_detector_node]: Stage timers: detection=242 lidar_detection=242 tracking=242 classification=242 vis=241
[lvdot_detector_main-8] [INFO] [1776982893.361243167] [lvdot_detector_node]: Processing phases: detection=waiting_depth lidar_detection=waiting_new_lidar tracking=waiting_new_filtered_update classification=waiting_new_tracking_update
[lvdot_detector_main-8] [INFO] [1776982893.361264491] [lvdot_detector_node]: Pipeline stats: depth_samples=0/0 u_map=0 depth_boxes=0 u_map_merge=0 u_map_db=0 u_map_visual=0 u_map_fused=0 u_map_filtered=0 lidar_samples=0/0 uv=0 db=0 lidar=0 fused=0 filtered=0 tracks=0 dynamic=0 dyn_points=0 raw_dyn_points=0 service=0/0 split=0->0 (0 outputs) fusion_components=0 visual_only=0 lidar_only=0 yolo_in=0 yolo_match3d=0 yolo_match_det=0 yolo_human=0 fixed_size=0 size_reject=0
[lvdot_detector_main-8] [INFO] [1776982900.084373222] [lvdot_detector_node]: Input health: depth=0 color=0 lidar=0 pose=83 odom=83 yolo=0 depth_pose_sync=0 lidar_pose_sync=0 depth_odom_sync=0 lidar_odom_sync=0
[lvdot_detector_main-8] [INFO] [1776982900.084477592] [lvdot_detector_node]: Stage timers: detection=424 lidar_detection=424 tracking=424 classification=424 vis=423
[lvdot_detector_main-8] [INFO] [1776982900.084491971] [lvdot_detector_node]: Processing phases: detection=waiting_depth lidar_detection=waiting_new_lidar tracking=waiting_new_filtered_update classification=waiting_new_tracking_update
[lvdot_detector_main-8] [INFO] [1776982900.084504198] [lvdot_detector_node]: Pipeline stats: depth_samples=0/0 u_map=0 depth_boxes=0 u_map_merge=0 u_map_db=0 u_map_visual=0 u_map_fused=0 u_map_filtered=0 lidar_samples=0/0 uv=0 db=0 lidar=0 fused=0 filtered=0 tracks=0 dynamic=0 dyn_points=0 raw_dyn_points=0 service=0/0 split=0->0 (0 outputs) fusion_components=0 visual_only=0 lidar_only=0 yolo_in=0 yolo_match3d=0 yolo_match_det=0 yolo_human=0 fixed_size=0 size_reject=0
[lvdot_detector_main-8] [INFO] [1776982906.096938167] [lvdot_detector_node]: Input health: depth=66 color=76 lidar=25 pose=131 odom=131 yolo=0 depth_pose_sync=0 lidar_pose_sync=0 depth_odom_sync=0 lidar_odom_sync=0
[lvdot_detector_main-8] [INFO] [1776982906.097066908] [lvdot_detector_node]: Stage timers: detection=480 lidar_detection=488 tracking=605 classification=606 vis=604
[lvdot_detector_main-8] [INFO] [1776982906.097087550] [lvdot_detector_node]: Processing phases: detection=run_core lidar_detection=run_lidar_detector/dbscan tracking=waiting_new_filtered_update classification=waiting_new_tracking_update
[lvdot_detector_main-8] [INFO] [1776982906.097100757] [lvdot_detector_node]: Pipeline stats: depth_samples=1322/71300 u_map=0 depth_boxes=0 u_map_merge=0 u_map_db=0 u_map_visual=0 u_map_fused=0 u_map_filtered=0 lidar_samples=3054/119919 uv=0 db=14 lidar=6 fused=6 filtered=6 tracks=6 dynamic=0 dyn_points=0 raw_dyn_points=0 service=0/0 split=6->0 (6 outputs) fusion_components=6 visual_only=0 lidar_only=6 yolo_in=0 yolo_match3d=0 yolo_match_det=0 yolo_human=0 fixed_size=0 size_reject=0
[lvdot_detector_main-8] [INFO] [1776982912.090747562] [lvdot_detector_node]: Input health: depth=112 color=129 lidar=44 pose=179 odom=179 yolo=0 depth_pose_sync=0 lidar_pose_sync=0 depth_odom_sync=0 lidar_odom_sync=0
[lvdot_detector_main-8] [INFO] [1776982912.090850949] [lvdot_detector_node]: Stage timers: detection=489 lidar_detection=491 tracking=786 classification=787 vis=785
[lvdot_detector_main-8] [INFO] [1776982912.090880194] [lvdot_detector_node]: Processing phases: detection=run_core lidar_detection=run_lidar_detector/dbscan tracking=idle classification=waiting_new_tracking_update
[lvdot_detector_main-8] [INFO] [1776982912.090903180] [lvdot_detector_node]: Pipeline stats: depth_samples=1435/71300 u_map=2 depth_boxes=0 u_map_merge=0 u_map_db=0 u_map_visual=0 u_map_fused=0 u_map_filtered=0 lidar_samples=3455/116257 uv=0 db=10 lidar=14 fused=14 filtered=14 tracks=14 dynamic=0 dyn_points=0 raw_dyn_points=0 service=0/0 split=14->0 (14 outputs) fusion_components=14 visual_only=0 lidar_only=14 yolo_in=0 yolo_match3d=0 yolo_match_det=0 yolo_human=0 fixed_size=0 size_reject=0
[lvdot_detector_main-8] [INFO] [1776982918.084929004] [lvdot_detector_node]: Input health: depth=136 color=162 lidar=51 pose=227 odom=227 yolo=8 depth_pose_sync=0 lidar_pose_sync=0 depth_odom_sync=0 lidar_odom_sync=0
[lvdot_detector_main-8] [INFO] [1776982918.085030533] [lvdot_detector_node]: Stage timers: detection=496 lidar_detection=493 tracking=968 classification=968 vis=954
[lvdot_detector_main-8] [INFO] [1776982918.085046965] [lvdot_detector_node]: Processing phases: detection=run_core lidar_detection=run_lidar_detector/dbscan tracking=waiting_new_filtered_update classification=waiting_new_tracking_update
[lvdot_detector_main-8] [INFO] [1776982918.085058409] [lvdot_detector_node]: Pipeline stats: depth_samples=1168/71300 u_map=2 depth_boxes=0 u_map_merge=0 u_map_db=0 u_map_visual=0 u_map_fused=0 u_map_filtered=0 lidar_samples=3183/174170 uv=0 db=12 lidar=24 fused=24 filtered=24 tracks=24 dynamic=0 dyn_points=0 raw_dyn_points=0 service=0/0 split=24->0 (24 outputs) fusion_components=24 visual_only=0 lidar_only=24 yolo_in=1 yolo_match3d=0 yolo_match_det=0 yolo_human=0 fixed_size=0 size_reject=0
[lvdot_detector_main-8] [INFO] [1776982924.089282112] [lvdot_detector_node]: Input health: depth=165 color=206 lidar=62 pose=275 odom=275 yolo=25 depth_pose_sync=0 lidar_pose_sync=0 depth_odom_sync=0 lidar_odom_sync=0
[lvdot_detector_main-8] [INFO] [1776982924.089344418] [lvdot_detector_node]: Stage timers: detection=504 lidar_detection=496 tracking=1150 classification=1150 vis=1132
[lvdot_detector_main-8] [INFO] [1776982924.089355471] [lvdot_detector_node]: Processing phases: detection=run_core lidar_detection=run_lidar_detector/dbscan tracking=waiting_new_filtered_update classification=waiting_new_tracking_update
[lvdot_detector_main-8] [INFO] [1776982924.089364470] [lvdot_detector_node]: Pipeline stats: depth_samples=1322/71300 u_map=0 depth_boxes=0 u_map_merge=0 u_map_db=0 u_map_visual=0 u_map_fused=0 u_map_filtered=0 lidar_samples=3333/126905 uv=0 db=14 lidar=69 fused=12 filtered=12 tracks=12 dynamic=0 dyn_points=0 raw_dyn_points=0 service=0/0 split=12->0 (12 outputs) fusion_components=12 visual_only=0 lidar_only=12 yolo_in=0 yolo_match3d=0 yolo_match_det=0 yolo_human=0 fixed_size=0 size_reject=0
[lvdot_detector_main-8] [INFO] [1776982930.104448882] [lvdot_detector_node]: Input health: depth=188 color=230 lidar=75 pose=322 odom=322 yolo=41 depth_pose_sync=0 lidar_pose_sync=0 depth_odom_sync=0 lidar_odom_sync=0
[lvdot_detector_main-8] [INFO] [1776982930.104550806] [lvdot_detector_node]: Stage timers: detection=511 lidar_detection=498 tracking=1332 classification=1332 vis=1310
[lvdot_detector_main-8] [INFO] [1776982930.104563425] [lvdot_detector_node]: Processing phases: detection=run_core lidar_detection=run_lidar_detector/dbscan tracking=waiting_new_filtered_update classification=waiting_new_tracking_update
[lvdot_detector_main-8] [INFO] [1776982930.104572815] [lvdot_detector_node]: Pipeline stats: depth_samples=1507/71300 u_map=1 depth_boxes=0 u_map_merge=0 u_map_db=0 u_map_visual=0 u_map_fused=0 u_map_filtered=0 lidar_samples=3184/124785 uv=1 db=10 lidar=16 fused=17 filtered=17 tracks=17 dynamic=1 dyn_points=46 raw_dyn_points=0 service=0/0 split=17->0 (17 outputs) fusion_components=17 visual_only=1 lidar_only=16 yolo_in=3 yolo_match3d=2 yolo_match_det=2 yolo_human=2 fixed_size=0 size_reject=1
[lvdot_detector_main-8] [INFO] [1776982936.825745068] [lvdot_detector_node]: Input health: depth=211 color=247 lidar=80 pose=370 odom=370 yolo=50 depth_pose_sync=0 lidar_pose_sync=0 depth_odom_sync=0 lidar_odom_sync=0
[lvdot_detector_main-8] [INFO] [1776982936.825835167] [lvdot_detector_node]: Stage timers: detection=518 lidar_detection=500 tracking=1508 classification=1509 vis=1450
[lvdot_detector_main-8] [INFO] [1776982936.825860993] [lvdot_detector_node]: Processing phases: detection=run_core lidar_detection=run_lidar_detector/dbscan tracking=waiting_new_filtered_update classification=waiting_new_tracking_update
[lvdot_detector_main-8] [INFO] [1776982936.825872048] [lvdot_detector_node]: Pipeline stats: depth_samples=1356/71300 u_map=2 depth_boxes=0 u_map_merge=0 u_map_db=0 u_map_visual=0 u_map_fused=0 u_map_filtered=0 lidar_samples=3391/144525 uv=2 db=9 lidar=54 fused=56 filtered=56 tracks=56 dynamic=1 dyn_points=125 raw_dyn_points=0 service=0/0 split=56->0 (56 outputs) fusion_components=56 visual_only=2 lidar_only=54 yolo_in=1 yolo_match3d=1 yolo_match_det=1 yolo_human=1 fixed_size=0 size_reject=0
[lvdot_detector_main-8] [INFO] [1776982942.818754412] [lvdot_detector_node]: Input health: depth=234 color=267 lidar=84 pose=418 odom=418 yolo=60 depth_pose_sync=0 lidar_pose_sync=0 depth_odom_sync=0 lidar_odom_sync=0
[lvdot_detector_main-8] [INFO] [1776982942.818836280] [lvdot_detector_node]: Stage timers: detection=525 lidar_detection=503 tracking=1676 classification=1658 vis=1594
[lvdot_detector_main-8] [INFO] [1776982942.818846256] [lvdot_detector_node]: Processing phases: detection=run_core lidar_detection=run_lidar_detector/project tracking=waiting_new_filtered_update classification=waiting_new_tracking_update
[lvdot_detector_main-8] [INFO] [1776982942.818853788] [lvdot_detector_node]: Pipeline stats: depth_samples=1322/71300 u_map=0 depth_boxes=0 u_map_merge=0 u_map_db=0 u_map_visual=0 u_map_fused=0 u_map_filtered=0 lidar_samples=3072/116255 uv=1 db=14 lidar=8 fused=9 filtered=9 tracks=9 dynamic=0 dyn_points=0 raw_dyn_points=0 service=0/0 split=9->0 (9 outputs) fusion_components=9 visual_only=1 lidar_only=8 yolo_in=0 yolo_match3d=0 yolo_match_det=0 yolo_human=0 fixed_size=0 size_reject=0
[lvdot_detector_main-8] [INFO] [1776982947.853596175] [lvdot_detector_node]: get_dynamic_obstacles responded with 1 obstacles from 1 tracked dynamic boxes.
[lvdot_detector_main-8] [INFO] [1776982948.816902921] [lvdot_detector_node]: Input health: depth=250 color=293 lidar=89 pose=466 odom=466 yolo=72 depth_pose_sync=0 lidar_pose_sync=0 depth_odom_sync=0 lidar_odom_sync=0
[lvdot_detector_main-8] [INFO] [1776982948.816979311] [lvdot_detector_node]: Stage timers: detection=533 lidar_detection=505 tracking=1858 classification=1840 vis=1775
[lvdot_detector_main-8] [INFO] [1776982948.816989190] [lvdot_detector_node]: Processing phases: detection=run_core lidar_detection=run_lidar_detector/dbscan tracking=waiting_new_filtered_update classification=waiting_new_tracking_update
[lvdot_detector_main-8] [INFO] [1776982948.816996330] [lvdot_detector_node]: Pipeline stats: depth_samples=1507/71300 u_map=4 depth_boxes=0 u_map_merge=0 u_map_db=0 u_map_visual=0 u_map_fused=0 u_map_filtered=0 lidar_samples=3443/122683 uv=2 db=13 lidar=15 fused=17 filtered=17 tracks=17 dynamic=0 dyn_points=0 raw_dyn_points=0 service=1/1 split=17->0 (17 outputs) fusion_components=17 visual_only=2 lidar_only=15 yolo_in=4 yolo_match3d=1 yolo_match_det=1 yolo_human=1 fixed_size=0 size_reject=1
[lvdot_detector_main-8] [INFO] [1776982951.031793709] [lvdot_detector_node]: get_dynamic_obstacles responded with 2 obstacles from 2 tracked dynamic boxes.
[lvdot_detector_main-8] [INFO] [1776982954.817084912] [lvdot_detector_node]: Input health: depth=266 color=311 lidar=97 pose=514 odom=514 yolo=82 depth_pose_sync=0 lidar_pose_sync=0 depth_odom_sync=0 lidar_odom_sync=0
[lvdot_detector_main-8] [INFO] [1776982954.817576415] [lvdot_detector_node]: Stage timers: detection=540 lidar_detection=507 tracking=2038 classification=2018 vis=1924
[lvdot_detector_main-8] [INFO] [1776982954.817590403] [lvdot_detector_node]: Processing phases: detection=run_core lidar_detection=run_lidar_detector/dbscan tracking=waiting_new_filtered_update classification=waiting_new_tracking_update
[lvdot_detector_main-8] [INFO] [1776982954.817599401] [lvdot_detector_node]: Pipeline stats: depth_samples=775/63480 u_map=2 depth_boxes=0 u_map_merge=0 u_map_db=0 u_map_visual=0 u_map_fused=0 u_map_filtered=0 lidar_samples=3240/154920 uv=0 db=7 lidar=66 fused=66 filtered=66 tracks=66 dynamic=0 dyn_points=0 raw_dyn_points=0 service=3/0 split=66->0 (66 outputs) fusion_components=66 visual_only=0 lidar_only=66 yolo_in=1 yolo_match3d=0 yolo_match_det=0 yolo_human=0 fixed_size=0 size_reject=0
[lvdot_detector_main-8] [INFO] [1776982960.241263866] [lvdot_detector_node]: get_dynamic_obstacles responded with 0 obstacles from 0 tracked dynamic boxes.
[lvdot_detector_main-8] [INFO] [1776982960.821766252] [lvdot_detector_node]: Input health: depth=293 color=336 lidar=101 pose=560 odom=560 yolo=94 depth_pose_sync=0 lidar_pose_sync=0 depth_odom_sync=0 lidar_odom_sync=0
[lvdot_detector_main-8] [INFO] [1776982960.821830712] [lvdot_detector_node]: Stage timers: detection=548 lidar_detection=510 tracking=2212 classification=2187 vis=2064
[lvdot_detector_main-8] [INFO] [1776982960.821841667] [lvdot_detector_node]: Processing phases: detection=run_core lidar_detection=run_lidar_detector/project tracking=waiting_new_filtered_update classification=waiting_new_tracking_update
[lvdot_detector_main-8] [INFO] [1776982960.821855361] [lvdot_detector_node]: Pipeline stats: depth_samples=1322/71300 u_map=0 depth_boxes=0 u_map_merge=0 u_map_db=0 u_map_visual=0 u_map_fused=0 u_map_filtered=0 lidar_samples=3297/113857 uv=0 db=14 lidar=9 fused=53 filtered=53 tracks=53 dynamic=0 dyn_points=0 raw_dyn_points=0 service=4/0 split=53->0 (53 outputs) fusion_components=53 visual_only=0 lidar_only=53 yolo_in=0 yolo_match3d=0 yolo_match_det=0 yolo_human=0 fixed_size=0 size_reject=0
[lvdot_detector_main-8] [INFO] [1776982966.296377288] [lvdot_detector_node]: get_dynamic_obstacles responded with 2 obstacles from 2 tracked dynamic boxes.
[lvdot_detector_main-8] [INFO] [1776982967.545133656] [lvdot_detector_node]: Input health: depth=317 color=352 lidar=112 pose=608 odom=608 yolo=110 depth_pose_sync=0 lidar_pose_sync=0 depth_odom_sync=0 lidar_odom_sync=0
[lvdot_detector_main-8] [INFO] [1776982967.545225907] [lvdot_detector_node]: Stage timers: detection=555 lidar_detection=512 tracking=2394 classification=2369 vis=2241
[lvdot_detector_main-8] [INFO] [1776982967.545236961] [lvdot_detector_node]: Processing phases: detection=run_core lidar_detection=run_lidar_detector/dbscan tracking=waiting_new_filtered_update classification=waiting_new_tracking_update
[lvdot_detector_main-8] [INFO] [1776982967.545244005] [lvdot_detector_node]: Pipeline stats: depth_samples=1420/71300 u_map=2 depth_boxes=0 u_map_merge=0 u_map_db=0 u_map_visual=0 u_map_fused=0 u_map_filtered=0 lidar_samples=3061/126137 uv=2 db=10 lidar=12 fused=14 filtered=14 tracks=14 dynamic=1 dyn_points=79 raw_dyn_points=0 service=5/2 split=14->1 (14 outputs) fusion_components=14 visual_only=2 lidar_only=12 yolo_in=5 yolo_match3d=3 yolo_match_det=5 yolo_human=2 fixed_size=0 size_reject=1
[lvdot_detector_main-8] [INFO] [1776982973.005163334] [lvdot_detector_node]: get_dynamic_obstacles responded with 0 obstacles from 0 tracked dynamic boxes.
[lvdot_detector_main-8] [INFO] [1776982973.557544566] [lvdot_detector_node]: Input health: depth=331 color=366 lidar=117 pose=656 odom=656 yolo=119 depth_pose_sync=0 lidar_pose_sync=0 depth_odom_sync=0 lidar_odom_sync=0
[lvdot_detector_main-8] [INFO] [1776982973.557603360] [lvdot_detector_node]: Stage timers: detection=562 lidar_detection=514 tracking=2575 classification=2551 vis=2385
[lvdot_detector_main-8] [INFO] [1776982973.557614414] [lvdot_detector_node]: Processing phases: detection=run_core lidar_detection=run_lidar_detector/dbscan tracking=waiting_new_filtered_update classification=waiting_new_tracking_update
[lvdot_detector_main-8] [INFO] [1776982973.557624001] [lvdot_detector_node]: Pipeline stats: depth_samples=1282/67390 u_map=2 depth_boxes=0 u_map_merge=0 u_map_db=0 u_map_visual=0 u_map_fused=0 u_map_filtered=0 lidar_samples=3202/176383 uv=0 db=11 lidar=20 fused=20 filtered=20 tracks=20 dynamic=0 dyn_points=0 raw_dyn_points=0 service=7/0 split=20->0 (20 outputs) fusion_components=20 visual_only=0 lidar_only=20 yolo_in=0 yolo_match3d=0 yolo_match_det=0 yolo_human=0 fixed_size=0 size_reject=0
[lvdot_detector_main-8] [INFO] [1776982978.316054043] [lvdot_detector_node]: get_dynamic_obstacles responded with 0 obstacles from 0 tracked dynamic boxes.
[lvdot_detector_main-8] [INFO] [1776982979.540576978] [lvdot_detector_node]: Input health: depth=359 color=390 lidar=121 pose=704 odom=704 yolo=131 depth_pose_sync=0 lidar_pose_sync=0 depth_odom_sync=0 lidar_odom_sync=0
[lvdot_detector_main-8] [INFO] [1776982979.540647107] [lvdot_detector_node]: Stage timers: detection=569 lidar_detection=517 tracking=2751 classification=2722 vis=2540
[lvdot_detector_main-8] [INFO] [1776982979.540661974] [lvdot_detector_node]: Processing phases: detection=run_core lidar_detection=run_lidar_detector/project tracking=waiting_new_filtered_update classification=waiting_new_tracking_update
[lvdot_detector_main-8] [INFO] [1776982979.540674396] [lvdot_detector_node]: Pipeline stats: depth_samples=1322/71300 u_map=0 depth_boxes=0 u_map_merge=0 u_map_db=0 u_map_visual=0 u_map_fused=0 u_map_filtered=0 lidar_samples=3280/133571 uv=1 db=14 lidar=74 fused=75 filtered=75 tracks=75 dynamic=1 dyn_points=84 raw_dyn_points=0 service=8/0 split=75->0 (75 outputs) fusion_components=75 visual_only=1 lidar_only=74 yolo_in=1 yolo_match3d=1 yolo_match_det=1 yolo_human=1 fixed_size=0 size_reject=0
[lvdot_detector_main-8] [INFO] [1776982981.871616577] [lvdot_detector_node]: get_dynamic_obstacles responded with 0 obstacles from 0 tracked dynamic boxes.
[lvdot_detector_main-8] [INFO] [1776982985.542276765] [lvdot_detector_node]: Input health: depth=369 color=411 lidar=131 pose=750 odom=750 yolo=144 depth_pose_sync=0 lidar_pose_sync=0 depth_odom_sync=0 lidar_odom_sync=0
[lvdot_detector_main-8] [INFO] [1776982985.542360099] [lvdot_detector_node]: Stage timers: detection=577 lidar_detection=519 tracking=2933 classification=2904 vis=2705
[lvdot_detector_main-8] [INFO] [1776982985.542533029] [lvdot_detector_node]: Processing phases: detection=run_core lidar_detection=run_lidar_detector/project tracking=waiting_new_filtered_update classification=waiting_new_tracking_update
[lvdot_detector_main-8] [INFO] [1776982985.542607170] [lvdot_detector_node]: Pipeline stats: depth_samples=1341/71300 u_map=3 depth_boxes=0 u_map_merge=0 u_map_db=0 u_map_visual=0 u_map_fused=0 u_map_filtered=0 lidar_samples=3436/141957 uv=2 db=10 lidar=75 fused=9 filtered=9 tracks=9 dynamic=2 dyn_points=322 raw_dyn_points=3560 service=9/0 split=9->0 (9 outputs) fusion_components=9 visual_only=2 lidar_only=7 yolo_in=4 yolo_match3d=2 yolo_match_det=2 yolo_human=2 fixed_size=0 size_reject=0
[lvdot_detector_main-8] [INFO] [1776982987.324414907] [lvdot_detector_node]: get_dynamic_obstacles responded with 1 obstacles from 1 tracked dynamic boxes.
[lvdot_detector_main-8] [INFO] [1776982991.540762593] [lvdot_detector_node]: Input health: depth=393 color=435 lidar=138 pose=796 odom=796 yolo=157 depth_pose_sync=0 lidar_pose_sync=0 depth_odom_sync=0 lidar_odom_sync=0
[lvdot_detector_main-8] [INFO] [1776982991.541034908] [lvdot_detector_node]: Stage timers: detection=584 lidar_detection=521 tracking=3109 classification=3078 vis=2852
[lvdot_detector_main-8] [INFO] [1776982991.541052710] [lvdot_detector_node]: Processing phases: detection=run_core lidar_detection=run_lidar_detector/dbscan tracking=waiting_new_filtered_update classification=waiting_new_tracking_update
[lvdot_detector_main-8] [INFO] [1776982991.541063079] [lvdot_detector_node]: Pipeline stats: depth_samples=1420/71300 u_map=2 depth_boxes=0 u_map_merge=0 u_map_db=0 u_map_visual=0 u_map_fused=0 u_map_filtered=0 lidar_samples=3120/133166 uv=1 db=13 lidar=18 fused=19 filtered=19 tracks=19 dynamic=0 dyn_points=0 raw_dyn_points=0 service=11/1 split=19->0 (19 outputs) fusion_components=19 visual_only=1 lidar_only=18 yolo_in=1 yolo_match3d=0 yolo_match_det=0 yolo_human=0 fixed_size=0 size_reject=0
[lvdot_detector_main-8] [INFO] [1776982994.322093334] [lvdot_detector_node]: get_dynamic_obstacles responded with 0 obstacles from 0 tracked dynamic boxes.
[lvdot_detector_main-8] [INFO] [1776982997.545155990] [lvdot_detector_node]: Input health: depth=418 color=460 lidar=139 pose=844 odom=844 yolo=172 depth_pose_sync=0 lidar_pose_sync=0 depth_odom_sync=0 lidar_odom_sync=0
[lvdot_detector_main-8] [INFO] [1776982997.545233263] [lvdot_detector_node]: Stage timers: detection=591 lidar_detection=584 tracking=3290 classification=3258 vis=3016
[lvdot_detector_main-8] [INFO] [1776982997.545243142] [lvdot_detector_node]: Processing phases: detection=run_core lidar_detection=run_lidar_detector/project tracking=waiting_new_filtered_update classification=waiting_new_tracking_update
[lvdot_detector_main-8] [INFO] [1776982997.545250087] [lvdot_detector_node]: Pipeline stats: depth_samples=1322/71300 u_map=0 depth_boxes=0 u_map_merge=0 u_map_db=0 u_map_visual=0 u_map_fused=0 u_map_filtered=0 lidar_samples=3369/120105 uv=0 db=14 lidar=72 fused=72 filtered=72 tracks=72 dynamic=0 dyn_points=0 raw_dyn_points=0 service=12/0 split=72->0 (72 outputs) fusion_components=72 visual_only=0 lidar_only=72 yolo_in=0 yolo_match3d=0 yolo_match_det=0 yolo_human=0 fixed_size=0 size_reject=0
[lvdot_detector_main-8] [INFO] [1776983000.500633345] [lvdot_detector_node]: get_dynamic_obstacles responded with 0 obstacles from 0 tracked dynamic boxes.
[lvdot_detector_main-8] [INFO] [1776983004.290012932] [lvdot_detector_node]: Input health: depth=434 color=483 lidar=144 pose=892 odom=892 yolo=186 depth_pose_sync=0 lidar_pose_sync=0 depth_odom_sync=0 lidar_odom_sync=0
[lvdot_detector_main-8] [INFO] [1776983004.290105481] [lvdot_detector_node]: Stage timers: detection=599 lidar_detection=598 tracking=3471 classification=3436 vis=3193
[lvdot_detector_main-8] [INFO] [1776983004.290118493] [lvdot_detector_node]: Processing phases: detection=run_core lidar_detection=run_lidar_detector/dbscan tracking=waiting_new_filtered_update classification=waiting_new_tracking_update
[lvdot_detector_main-8] [INFO] [1776983004.290128081] [lvdot_detector_node]: Pipeline stats: depth_samples=1491/71300 u_map=2 depth_boxes=0 u_map_merge=0 u_map_db=0 u_map_visual=0 u_map_fused=0 u_map_filtered=0 lidar_samples=3248/124099 uv=1 db=13 lidar=15 fused=16 filtered=16 tracks=16 dynamic=0 dyn_points=0 raw_dyn_points=0 service=14/0 split=16->0 (16 outputs) fusion_components=16 visual_only=1 lidar_only=15 yolo_in=2 yolo_match3d=1 yolo_match_det=1 yolo_human=1 fixed_size=0 size_reject=1
[lvdot_detector_main-8] [INFO] [1776983006.275995172] [lvdot_detector_node]: get_dynamic_obstacles responded with 1 obstacles from 1 tracked dynamic boxes.
[lvdot_detector_main-8] [INFO] [1776983010.282993801] [lvdot_detector_node]: Input health: depth=452 color=505 lidar=156 pose=940 odom=940 yolo=196 depth_pose_sync=0 lidar_pose_sync=0 depth_odom_sync=0 lidar_odom_sync=0
[lvdot_detector_main-8] [INFO] [1776983010.283100901] [lvdot_detector_node]: Stage timers: detection=605 lidar_detection=600 tracking=3650 classification=3615 vis=3347
[lvdot_detector_main-8] [INFO] [1776983010.283119485] [lvdot_detector_node]: Processing phases: detection=run_core lidar_detection=run_lidar_detector/dbscan tracking=waiting_new_filtered_update classification=waiting_new_tracking_update
[lvdot_detector_main-8] [INFO] [1776983010.283132102] [lvdot_detector_node]: Pipeline stats: depth_samples=1397/71300 u_map=5 depth_boxes=0 u_map_merge=0 u_map_db=0 u_map_visual=0 u_map_fused=0 u_map_filtered=0 lidar_samples=3385/145763 uv=2 db=10 lidar=58 fused=18 filtered=18 tracks=18 dynamic=2 dyn_points=311 raw_dyn_points=0 service=15/1 split=18->0 (18 outputs) fusion_components=18 visual_only=2 lidar_only=16 yolo_in=3 yolo_match3d=2 yolo_match_det=2 yolo_human=2 fixed_size=0 size_reject=0
[lvdot_detector_main-8] [INFO] [1776983010.571716153] [lvdot_detector_node]: get_dynamic_obstacles responded with 0 obstacles from 0 tracked dynamic boxes.
[lvdot_detector_main-8] [INFO] [1776983015.652756286] [lvdot_detector_node]: get_dynamic_obstacles responded with 0 obstacles from 0 tracked dynamic boxes.
[lvdot_detector_main-8] [INFO] [1776983016.282871419] [lvdot_detector_node]: Input health: depth=492 color=530 lidar=168 pose=988 odom=988 yolo=212 depth_pose_sync=0 lidar_pose_sync=0 depth_odom_sync=0 lidar_odom_sync=0
[lvdot_detector_main-8] [INFO] [1776983016.282999450] [lvdot_detector_node]: Stage timers: detection=613 lidar_detection=603 tracking=3827 classification=3793 vis=3502
[lvdot_detector_main-8] [INFO] [1776983016.283011187] [lvdot_detector_node]: Processing phases: detection=run_core lidar_detection=run_lidar_detector/project tracking=waiting_new_filtered_update classification=waiting_new_tracking_update
[lvdot_detector_main-8] [INFO] [1776983016.283018816] [lvdot_detector_node]: Pipeline stats: depth_samples=1316/71300 u_map=0 depth_boxes=0 u_map_merge=0 u_map_db=0 u_map_visual=0 u_map_fused=0 u_map_filtered=0 lidar_samples=3366/108099 uv=0 db=9 lidar=5 fused=5 filtered=5 tracks=5 dynamic=0 dyn_points=0 raw_dyn_points=0 service=17/0 split=5->0 (5 outputs) fusion_components=5 visual_only=0 lidar_only=5 yolo_in=0 yolo_match3d=0 yolo_match_det=0 yolo_human=0 fixed_size=0 size_reject=0
[lvdot_detector_main-8] [INFO] [1776983018.760008379] [lvdot_detector_node]: get_dynamic_obstacles responded with 0 obstacles from 0 tracked dynamic boxes.
[lvdot_detector_main-8] [INFO] [1776983022.282945475] [lvdot_detector_node]: Input health: depth=512 color=548 lidar=174 pose=1036 odom=1036 yolo=224 depth_pose_sync=0 lidar_pose_sync=0 depth_odom_sync=0 lidar_odom_sync=0
[lvdot_detector_main-8] [INFO] [1776983022.283014919] [lvdot_detector_node]: Stage timers: detection=621 lidar_detection=605 tracking=4009 classification=3974 vis=3678
[lvdot_detector_main-8] [INFO] [1776983022.283026167] [lvdot_detector_node]: Processing phases: detection=run_core lidar_detection=run_lidar_detector/dbscan tracking=waiting_new_filtered_update classification=waiting_new_tracking_update
[lvdot_detector_main-8] [INFO] [1776983022.283035360] [lvdot_detector_node]: Pipeline stats: depth_samples=758/71299 u_map=2 depth_boxes=0 u_map_merge=0 u_map_db=0 u_map_visual=0 u_map_fused=0 u_map_filtered=0 lidar_samples=3179/129141 uv=1 db=4 lidar=11 fused=12 filtered=12 tracks=12 dynamic=0 dyn_points=0 raw_dyn_points=0 service=18/0 split=12->0 (12 outputs) fusion_components=12 visual_only=1 lidar_only=11 yolo_in=3 yolo_match3d=0 yolo_match_det=0 yolo_human=0 fixed_size=0 size_reject=0
[lvdot_detector_main-8] [INFO] [1776983022.379812918] [lvdot_detector_node]: get_dynamic_obstacles responded with 0 obstacles from 0 tracked dynamic boxes.
[lvdot_detector_main-8] [INFO] [1776983027.359674061] [lvdot_detector_node]: get_dynamic_obstacles responded with 0 obstacles from 0 tracked dynamic boxes.
[lvdot_detector_main-8] [INFO] [1776983028.287662037] [lvdot_detector_node]: Input health: depth=532 color=567 lidar=184 pose=1084 odom=1084 yolo=236 depth_pose_sync=0 lidar_pose_sync=0 depth_odom_sync=0 lidar_odom_sync=0
[lvdot_detector_main-8] [INFO] [1776983028.287724641] [lvdot_detector_node]: Stage timers: detection=628 lidar_detection=607 tracking=4186 classification=4152 vis=3840
[lvdot_detector_main-8] [INFO] [1776983028.287735303] [lvdot_detector_node]: Processing phases: detection=run_core lidar_detection=run_lidar_detector/dbscan tracking=waiting_new_filtered_update classification=waiting_new_tracking_update
[lvdot_detector_main-8] [INFO] [1776983028.287746552] [lvdot_detector_node]: Pipeline stats: depth_samples=1350/71300 u_map=3 depth_boxes=0 u_map_merge=0 u_map_db=0 u_map_visual=0 u_map_fused=0 u_map_filtered=0 lidar_samples=3074/128307 uv=3 db=9 lidar=15 fused=18 filtered=18 tracks=18 dynamic=1 dyn_points=118 raw_dyn_points=0 service=20/0 split=18->0 (18 outputs) fusion_components=18 visual_only=3 lidar_only=15 yolo_in=2 yolo_match3d=2 yolo_match_det=2 yolo_human=2 fixed_size=0 size_reject=1
[lvdot_detector_main-8] [INFO] [1776983030.763178631] [lvdot_detector_node]: get_dynamic_obstacles responded with 0 obstacles from 0 tracked dynamic boxes.
[lvdot_detector_main-8] [INFO] [1776983035.002502666] [lvdot_detector_node]: Input health: depth=560 color=583 lidar=189 pose=1133 odom=1133 yolo=247 depth_pose_sync=0 lidar_pose_sync=0 depth_odom_sync=0 lidar_odom_sync=0
[lvdot_detector_main-8] [INFO] [1776983035.002680849] [lvdot_detector_node]: Stage timers: detection=635 lidar_detection=610 tracking=4368 classification=4334 vis=4002
[lvdot_detector_main-8] [INFO] [1776983035.002709030] [lvdot_detector_node]: Processing phases: detection=run_core lidar_detection=run_lidar_detector/project tracking=waiting_new_filtered_update classification=waiting_new_tracking_update
[lvdot_detector_main-8] [INFO] [1776983035.002910305] [lvdot_detector_node]: Pipeline stats: depth_samples=1316/71300 u_map=0 depth_boxes=0 u_map_merge=0 u_map_db=0 u_map_visual=0 u_map_fused=0 u_map_filtered=0 lidar_samples=3388/107938 uv=0 db=9 lidar=5 fused=5 filtered=5 tracks=5 dynamic=0 dyn_points=0 raw_dyn_points=0 service=21/0 split=5->0 (5 outputs) fusion_components=5 visual_only=0 lidar_only=5 yolo_in=0 yolo_match3d=0 yolo_match_det=0 yolo_human=0 fixed_size=0 size_reject=0
[lvdot_detector_main-8] [INFO] [1776983037.463010225] [lvdot_detector_node]: get_dynamic_obstacles responded with 0 obstacles from 0 tracked dynamic boxes.
[lvdot_detector_main-8] [INFO] [1776983040.989454806] [lvdot_detector_node]: Input health: depth=577 color=610 lidar=194 pose=1181 odom=1181 yolo=262 depth_pose_sync=0 lidar_pose_sync=0 depth_odom_sync=0 lidar_odom_sync=0
[lvdot_detector_main-8] [INFO] [1776983040.989528551] [lvdot_detector_node]: Stage timers: detection=643 lidar_detection=612 tracking=4549 classification=4515 vis=4174
[lvdot_detector_main-8] [INFO] [1776983040.989544103] [lvdot_detector_node]: Processing phases: detection=run_core lidar_detection=run_lidar_detector/dbscan tracking=waiting_new_filtered_update classification=waiting_new_tracking_update
[lvdot_detector_main-8] [INFO] [1776983040.989554763] [lvdot_detector_node]: Pipeline stats: depth_samples=1323/71300 u_map=2 depth_boxes=0 u_map_merge=0 u_map_db=0 u_map_visual=0 u_map_fused=0 u_map_filtered=0 lidar_samples=3020/161852 uv=2 db=7 lidar=57 fused=59 filtered=59 tracks=59 dynamic=0 dyn_points=0 raw_dyn_points=0 service=22/0 split=59->1 (59 outputs) fusion_components=59 visual_only=2 lidar_only=57 yolo_in=2 yolo_match3d=1 yolo_match_det=2 yolo_human=0 fixed_size=0 size_reject=0
[lvdot_detector_main-8] [INFO] [1776983043.362490720] [lvdot_detector_node]: get_dynamic_obstacles responded with 0 obstacles from 0 tracked dynamic boxes.
[lvdot_detector_main-8] [INFO] [1776983046.997529692] [lvdot_detector_node]: Input health: depth=594 color=632 lidar=201 pose=1229 odom=1229 yolo=274 depth_pose_sync=0 lidar_pose_sync=0 depth_odom_sync=0 lidar_odom_sync=0
[lvdot_detector_main-8] [INFO] [1776983046.997624564] [lvdot_detector_node]: Stage timers: detection=650 lidar_detection=614 tracking=4726 classification=4693 vis=4336
[lvdot_detector_main-8] [INFO] [1776983046.997638159] [lvdot_detector_node]: Processing phases: detection=run_core lidar_detection=run_lidar_detector/dbscan tracking=waiting_new_filtered_update classification=idle
[lvdot_detector_main-8] [INFO] [1776983046.997648624] [lvdot_detector_node]: Pipeline stats: depth_samples=1533/71300 u_map=2 depth_boxes=0 u_map_merge=0 u_map_db=0 u_map_visual=0 u_map_fused=0 u_map_filtered=0 lidar_samples=3291/145484 uv=0 db=16 lidar=53 fused=53 filtered=53 tracks=53 dynamic=0 dyn_points=0 raw_dyn_points=0 service=23/0 split=53->0 (53 outputs) fusion_components=53 visual_only=0 lidar_only=53 yolo_in=2 yolo_match3d=0 yolo_match_det=0 yolo_human=0 fixed_size=0 size_reject=0
[lvdot_detector_main-8] [INFO] [1776983049.889938019] [lvdot_detector_node]: get_dynamic_obstacles responded with 1 obstacles from 1 tracked dynamic boxes.
[lvdot_detector_main-8] [INFO] [1776983052.991278788] [lvdot_detector_node]: Input health: depth=628 color=663 lidar=209 pose=1277 odom=1277 yolo=288 depth_pose_sync=0 lidar_pose_sync=0 depth_odom_sync=0 lidar_odom_sync=0
[lvdot_detector_main-8] [INFO] [1776983052.991388326] [lvdot_detector_node]: Stage timers: detection=658 lidar_detection=617 tracking=4908 classification=4874 vis=4505
[lvdot_detector_main-8] [INFO] [1776983052.991412777] [lvdot_detector_node]: Processing phases: detection=run_core lidar_detection=run_lidar_detector/dbscan tracking=waiting_new_filtered_update classification=idle
[lvdot_detector_main-8] [INFO] [1776983052.991425393] [lvdot_detector_node]: Pipeline stats: depth_samples=1351/71300 u_map=1 depth_boxes=0 u_map_merge=0 u_map_db=0 u_map_visual=0 u_map_fused=0 u_map_filtered=0 lidar_samples=3390/108319 uv=1 db=9 lidar=5 fused=6 filtered=6 tracks=6 dynamic=0 dyn_points=0 raw_dyn_points=0 service=24/1 split=6->0 (6 outputs) fusion_components=6 visual_only=1 lidar_only=5 yolo_in=0 yolo_match3d=0 yolo_match_det=0 yolo_human=0 fixed_size=0 size_reject=0
[lvdot_detector_main-8] free(): invalid next size (normal)
[lvdot_detector_main-8] 
[lvdot_detector_main-8] === FATAL SIGNAL 6 received, backtrace (depth=31) ===
[lvdot_detector_main-8] /home/skbt2/lvdot_ros2_ws/install/lvdot_ros2/lib/lvdot_ros2/lvdot_detector_main(+0xa0efc1)[0x611dfaa0dfc1]
[lvdot_detector_main-8] /lib/x86_64-linux-gnu/libc.so.6(+0x45330)[0x7b161ea45330]
[lvdot_detector_main-8] /lib/x86_64-linux-gnu/libc.so.6(pthread_kill+0x11c)[0x7b161ea9eb2c]
[lvdot_detector_main-8] /lib/x86_64-linux-gnu/libc.so.6(gsignal+0x1e)[0x7b161ea4527e]
[lvdot_detector_main-8] /lib/x86_64-linux-gnu/libc.so.6(abort+0xdf)[0x7b161ea288ff]
[lvdot_detector_main-8] /lib/x86_64-linux-gnu/libc.so.6(+0x297b6)[0x7b161ea297b6]
[lvdot_detector_main-8] /lib/x86_64-linux-gnu/libc.so.6(+0xa8ff5)[0x7b161eaa8ff5]
[lvdot_detector_main-8] /lib/x86_64-linux-gnu/libc.so.6(+0xab0d4)[0x7b161eaab0d4]
[lvdot_detector_main-8] /lib/x86_64-linux-gnu/libc.so.6(+0xab43a)[0x7b161eaab43a]
[lvdot_detector_main-8] /lib/x86_64-linux-gnu/libc.so.6(__libc_free+0x7e)[0x7b161eaaddce]
[lvdot_detector_main-8] /home/skbt2/lvdot_ros2_ws/install/lvdot_ros2/lib/lvdot_ros2/lvdot_detector_main(_ZNSt15__new_allocatorIN10lvdot_ros217LVdotRuntimeState11DepthSampleEE10deallocateEPS2_m+0x3c)[0x611dfaa637b2]
[lvdot_detector_main-8] /home/skbt2/lvdot_ros2_ws/install/lvdot_ros2/lib/lvdot_ros2/lvdot_detector_main(_ZNSt12_Vector_baseIN10lvdot_ros217LVdotRuntimeState11DepthSampleESaIS2_EE13_M_deallocateEPS2_m+0x4e)[0x611dfaa4359a]
[lvdot_detector_main-8] /home/skbt2/lvdot_ros2_ws/install/lvdot_ros2/lib/lvdot_ros2/lvdot_detector_main(_ZNSt12_Vector_baseIN10lvdot_ros217LVdotRuntimeState11DepthSampleESaIS2_EED1Ev+0x4d)[0x611dfaa35f59]
[lvdot_detector_main-8] /home/skbt2/lvdot_ros2_ws/install/lvdot_ros2/lib/lvdot_ros2/lvdot_detector_main(_ZNSt6vectorIN10lvdot_ros217LVdotRuntimeState11DepthSampleESaIS2_EED1Ev+0x57)[0x611dfaa35fbf]
[lvdot_detector_main-8] /home/skbt2/lvdot_ros2_ws/install/lvdot_ros2/lib/lvdot_ros2/lvdot_detector_main(_ZSt8_DestroyISt6vectorIN10lvdot_ros217LVdotRuntimeState11DepthSampleESaIS3_EEEvPT_+0x1c)[0x611dfaa7adef]
[lvdot_detector_main-8] /home/skbt2/lvdot_ros2_ws/install/lvdot_ros2/lib/lvdot_ros2/lvdot_detector_main(_ZNSt12_Destroy_auxILb0EE9__destroyIPSt6vectorIN10lvdot_ros217LVdotRuntimeState11DepthSampleESaIS5_EEEEvT_S9_+0x2a)[0x611dfaa639b7]
[lvdot_detector_main-8] /home/skbt2/lvdot_ros2_ws/install/lvdot_ros2/lib/lvdot_ros2/lvdot_detector_main(_ZSt8_DestroyIPSt6vectorIN10lvdot_ros217LVdotRuntimeState11DepthSampleESaIS3_EEEvT_S7_+0x27)[0x611dfaa520c9]
[lvdot_detector_main-8] /home/skbt2/lvdot_ros2_ws/install/lvdot_ros2/lib/lvdot_ros2/lvdot_detector_main(_ZNSt6vectorIS_IN10lvdot_ros217LVdotRuntimeState11DepthSampleESaIS2_EESaIS4_EED1Ev+0x4a)[0x611dfaa365f8]
[lvdot_detector_main-8] /home/skbt2/lvdot_ros2_ws/install/lvdot_ros2/lib/lvdot_ros2/lvdot_detector_main(_ZN10lvdot_ros217LVdotRuntimeStateD1Ev+0x10c)[0x611dfaa2ce4e]
[lvdot_detector_main-8] /home/skbt2/lvdot_ros2_ws/install/lvdot_ros2/lib/lvdot_ros2/lvdot_detector_main(_ZN10lvdot_ros217LVdotDetectorNode23on_classification_timerEv+0x34c)[0x611dfaa1f292]
[lvdot_detector_main-8] /home/skbt2/lvdot_ros2_ws/install/lvdot_ros2/lib/lvdot_ros2/lvdot_detector_main(_ZSt13__invoke_implIvRMN10lvdot_ros217LVdotDetectorNodeEFvvERPS1_JEET_St21__invoke_memfun_derefOT0_OT1_DpOT2_+0x6a)[0x611dfac2d7fe]
[lvdot_detector_main-8] /home/skbt2/lvdot_ros2_ws/install/lvdot_ros2/lib/lvdot_ros2/lvdot_detector_main(_ZSt8__invokeIRMN10lvdot_ros217LVdotDetectorNodeEFvvEJRPS1_EENSt15__invoke_resultIT_JDpT0_EE4typeEOS8_DpOS9_+0x3b)[0x611dfac20cb5]
[lvdot_detector_main-8] /home/skbt2/lvdot_ros2_ws/install/lvdot_ros2/lib/lvdot_ros2/lvdot_detector_main(_ZNSt5_BindIFMN10lvdot_ros217LVdotDetectorNodeEFvvEPS1_EE6__callIvJEJLm0EEEET_OSt5tupleIJDpT0_EESt12_Index_tupleIJXspT1_EEE+0x5b)[0x611dfac0dcf3]
[lvdot_detector_main-8] /home/skbt2/lvdot_ros2_ws/install/lvdot_ros2/lib/lvdot_ros2/lvdot_detector_main(_ZNSt5_BindIFMN10lvdot_ros217LVdotDetectorNodeEFvvEPS1_EEclIJEvEET0_DpOT_+0x37)[0x611dfabe70d1]
[lvdot_detector_main-8] /home/skbt2/lvdot_ros2_ws/install/lvdot_ros2/lib/lvdot_ros2/lvdot_detector_main(_ZN6rclcpp12GenericTimerISt5_BindIFMN10lvdot_ros217LVdotDetectorNodeEFvvEPS3_EELPv0EE25execute_callback_delegateIS8_LS9_0EEEvRK21rcl_timer_call_info_s+0x24)[0x611dfabd981e]
[lvdot_detector_main-8] /home/skbt2/lvdot_ros2_ws/install/lvdot_ros2/lib/lvdot_ros2/lvdot_detector_main(_ZN6rclcpp12GenericTimerISt5_BindIFMN10lvdot_ros217LVdotDetectorNodeEFvvEPS3_EELPv0EE16execute_callbackERKSt10shared_ptrIvE+0x47)[0x611dfabc04f3]
[lvdot_detector_main-8] /opt/ros/jazzy/lib/librclcpp.so(_ZN6rclcpp8Executor22execute_any_executableERNS_13AnyExecutableE+0x81)[0x7b161fd09291]
[lvdot_detector_main-8] /opt/ros/jazzy/lib/librclcpp.so(_ZN6rclcpp9executors21MultiThreadedExecutor3runEm+0x1b7)[0x7b161fd1bd57]
[lvdot_detector_main-8] /lib/x86_64-linux-gnu/libstdc++.so.6(+0xecdb4)[0x7b161eeecdb4]
[lvdot_detector_main-8] /lib/x86_64-linux-gnu/libc.so.6(+0x9caa4)[0x7b161ea9caa4]
[lvdot_detector_main-8] /lib/x86_64-linux-gnu/libc.so.6(+0x129c6c)[0x7b161eb29c6c]
[lvdot_detector_main-8] === end backtrace ===
[ERROR] [lvdot_detector_main-8]: process has died [pid 293344, exit code -6, cmd '/home/skbt2/lvdot_ros2_ws/install/lvdot_ros2/lib/lvdot_ros2/lvdot_detector_main --ros-args -r __node:=lvdot_detector_node --params-file /home/skbt2/lvdot_ros2_ws/install/lvdot_bringup/share/lvdot_bringup/config/detector_param.yaml --params-file /tmp/launch_params_6x2yesnc'].
[uav_trajectory_controller-4] [WARN] [1776983122.542505324] [uav_trajectory_controller]: SetEntityPose request timed out after 0.62s on /world/pedestrian_prototype/set_pose; dropping the pending request and retrying.
[uav_trajectory_controller-4] [WARN] [1776983172.917976373] [uav_trajectory_controller]: SetEntityPose request timed out after 0.62s on /world/pedestrian_prototype/set_pose; dropping the pending request and retrying.
[uav_trajectory_controller-4] [WARN] [1776983173.667273209] [uav_trajectory_controller]: SetEntityPose request timed out after 0.62s on /world/pedestrian_prototype/set_pose; dropping the pending request and retrying.
[uav_trajectory_controller-4] [WARN] [1776983174.417881717] [uav_trajectory_controller]: SetEntityPose request timed out after 0.62s on /world/pedestrian_prototype/set_pose; dropping the pending request and retrying.
[uav_trajectory_controller-4] [WARN] [1776983175.167484778] [uav_trajectory_controller]: SetEntityPose request timed out after 0.62s on /world/pedestrian_prototype/set_pose; dropping the pending request and retrying.
[uav_trajectory_controller-4] [WARN] [1776983177.297146847] [uav_trajectory_controller]: SetEntityPose request timed out after 0.50s on /world/pedestrian_prototype/set_pose; dropping the pending request and retrying.
[uav_trajectory_controller-4] [WARN] [1776983178.042656201] [uav_trajectory_controller]: SetEntityPose request timed out after 0.62s on /world/pedestrian_prototype/set_pose; dropping the pending request and retrying.
