[INFO] [launch]: All log files can be found below /home/skbt2/.ros/log/2026-04-23-23-47-36-093825-DESKTOP-90MQDL6-202623
[INFO] [launch]: Default logging verbosity is set to INFO
[INFO] [gazebo-1]: process started with pid [202662]
[INFO] [parameter_bridge-2]: process started with pid [202663]
[INFO] [pedestrian_state_publisher-3]: process started with pid [202664]
[INFO] [uav_trajectory_controller-4]: process started with pid [202665]
[INFO] [image_pointcloud_relay-5]: process started with pid [202666]
[INFO] [image_pointcloud_relay-6]: process started with pid [202667]
[INFO] [lvdot_yolo_node-7]: process started with pid [202668]
[INFO] [lvdot_detector_main-8]: process started with pid [202669]
[parameter_bridge-2] [INFO] [1776959256.329836943] [ros_gz_bridge]: Creating GZ->ROS Bridge: [/rgbd_camera/image (gz.msgs.Image) -> /rgbd_camera/image (sensor_msgs/msg/Image)] (Lazy 0)
[parameter_bridge-2] [INFO] [1776959256.336502936] [ros_gz_bridge]: Creating GZ->ROS Bridge: [/rgbd_camera/camera_info (gz.msgs.CameraInfo) -> /rgbd_camera/camera_info (sensor_msgs/msg/CameraInfo)] (Lazy 0)
[parameter_bridge-2] [INFO] [1776959256.337633695] [ros_gz_bridge]: Creating GZ->ROS Bridge: [/rgbd_camera/depth_image (gz.msgs.Image) -> /rgbd_camera/depth_image (sensor_msgs/msg/Image)] (Lazy 0)
[parameter_bridge-2] [INFO] [1776959256.338351956] [ros_gz_bridge]: Creating GZ->ROS Bridge: [/rgbd_camera/points (gz.msgs.PointCloudPacked) -> /rgbd_camera/points (sensor_msgs/msg/PointCloud2)] (Lazy 0)
[parameter_bridge-2] [INFO] [1776959256.339457704] [ros_gz_bridge]: Creating GZ->ROS Bridge: [/camera/imu (gz.msgs.IMU) -> /camera/imu (sensor_msgs/msg/Imu)] (Lazy 0)
[parameter_bridge-2] [INFO] [1776959256.340851958] [ros_gz_bridge]: Creating ROS->GZ service bridge [/world/pedestrian_prototype/set_pose (ros_gz_interfaces/srv/SetEntityPose -> /)]
[parameter_bridge-2] [INFO] [1776959256.342691866] [ros_gz_bridge]: Creating ROS->GZ service bridge [/world/pedestrian_prototype/set_pose/blocking (ros_gz_interfaces/srv/SetEntityPose -> /)]
[lvdot_detector_main-8] [INFO] [1776959256.513611799] [lvdot_detector_node]: Config loaded: localization_mode=0 dt=0.033 image=640x480 depth_range=[0.20, 12.00] stage_timers=true
[lvdot_detector_main-8] [INFO] [1776959256.569738333] [lvdot_detector_node]: LV-DOT ROS2 skeleton started. depth=/camera/depth/image_rect_raw color=/camera/color/image_raw lidar=/pointcloud pose=/mavros/local_position/pose odom=/mavros/local_position/odom yolo=/yolo_detector/detected_bounding_boxes
[gazebo-1] [INFO] [1776959257.551164233] [pedestrian_pose_sync_system]: Configured pedestrian pose sync plugin on topic [/pedestrian_sim/agent_states] for 8 models.
[uav_trajectory_controller-4] [WARN] [1776959257.826556866] [uav_trajectory_controller]: SetEntityPose request timed out after 0.50s on /world/pedestrian_prototype/set_pose/blocking; dropping the pending request and retrying.
[uav_trajectory_controller-4] [WARN] [1776959257.827143670] [uav_trajectory_controller]: Falling back from /world/pedestrian_prototype/set_pose/blocking to /world/pedestrian_prototype/set_pose.
[uav_trajectory_controller-4] [WARN] [1776959258.536561556] [uav_trajectory_controller]: SetEntityPose request timed out after 0.62s on /world/pedestrian_prototype/set_pose; dropping the pending request and retrying.
[lvdot_detector_main-8] [INFO] [1776959258.570178186] [lvdot_detector_node]: Input health: depth=0 color=0 lidar=0 pose=0 odom=0 yolo=0 depth_pose_sync=0 lidar_pose_sync=0 depth_odom_sync=0 lidar_odom_sync=0
[lvdot_detector_main-8] [INFO] [1776959258.570367324] [lvdot_detector_node]: Stage timers: detection=60 lidar_detection=60 tracking=60 classification=60 vis=60
[lvdot_detector_main-8] [INFO] [1776959258.570390300] [lvdot_detector_node]: Processing phases: detection=waiting_sensor_pose lidar_detection=waiting_new_lidar tracking=waiting_new_filtered_update classification=waiting_new_tracking_update
[lvdot_detector_main-8] [INFO] [1776959258.570401933] [lvdot_detector_node]: Pipeline stats: depth_samples=0/0 u_map=0 depth_boxes=0 u_map_merge=0 u_map_db=0 u_map_visual=0 u_map_fused=0 u_map_filtered=0 lidar_samples=0/0 uv=0 db=0 lidar=0 fused=0 filtered=0 tracks=0 dynamic=0 dyn_points=0 raw_dyn_points=0 service=0/0 split=0->0 (0 outputs) fusion_components=0 visual_only=0 lidar_only=0 yolo_in=0 yolo_match3d=0 yolo_match_det=0 yolo_human=0 fixed_size=0 size_reject=0
[lvdot_detector_main-8] [INFO] [1776959264.572372498] [lvdot_detector_node]: Input health: depth=29 color=37 lidar=10 pose=46 odom=46 yolo=1 depth_pose_sync=0 lidar_pose_sync=0 depth_odom_sync=0 lidar_odom_sync=0
[lvdot_detector_main-8] [INFO] [1776959264.572448381] [lvdot_detector_node]: Stage timers: detection=143 lidar_detection=137 tracking=242 classification=242 vis=242
[lvdot_detector_main-8] [INFO] [1776959264.572457649] [lvdot_detector_node]: Processing phases: detection=run_core lidar_detection=run_lidar_detector/dbscan tracking=waiting_new_filtered_update classification=waiting_new_tracking_update
[lvdot_detector_main-8] [INFO] [1776959264.572463980] [lvdot_detector_node]: Pipeline stats: depth_samples=1420/71300 u_map=3 depth_boxes=0 u_map_merge=0 u_map_db=0 u_map_visual=0 u_map_fused=0 u_map_filtered=0 lidar_samples=3172/125341 uv=1 db=6 lidar=15 fused=16 filtered=16 tracks=16 dynamic=0 dyn_points=0 raw_dyn_points=0 service=0/0 split=16->0 (16 outputs) fusion_components=16 visual_only=1 lidar_only=15 yolo_in=0 yolo_match3d=0 yolo_match_det=0 yolo_human=0 fixed_size=0 size_reject=0
[lvdot_detector_main-8] [INFO] [1776959270.577455410] [lvdot_detector_node]: Input health: depth=55 color=74 lidar=27 pose=94 odom=94 yolo=20 depth_pose_sync=0 lidar_pose_sync=0 depth_odom_sync=0 lidar_odom_sync=0
[lvdot_detector_main-8] [INFO] [1776959270.577522625] [lvdot_detector_node]: Stage timers: detection=150 lidar_detection=139 tracking=421 classification=416 vis=416
[lvdot_detector_main-8] [INFO] [1776959270.577533485] [lvdot_detector_node]: Processing phases: detection=run_core lidar_detection=run_lidar_detector/dbscan tracking=waiting_new_filtered_update classification=waiting_new_tracking_update
[lvdot_detector_main-8] [INFO] [1776959270.577562347] [lvdot_detector_node]: Pipeline stats: depth_samples=1295/71300 u_map=4 depth_boxes=0 u_map_merge=0 u_map_db=0 u_map_visual=0 u_map_fused=0 u_map_filtered=0 lidar_samples=3434/125800 uv=1 db=11 lidar=46 fused=47 filtered=47 tracks=47 dynamic=0 dyn_points=0 raw_dyn_points=0 service=0/0 split=47->0 (47 outputs) fusion_components=47 visual_only=1 lidar_only=46 yolo_in=1 yolo_match3d=1 yolo_match_det=1 yolo_human=1 fixed_size=0 size_reject=1
[lvdot_detector_main-8] [INFO] [1776959276.581481836] [lvdot_detector_node]: Input health: depth=85 color=97 lidar=33 pose=142 odom=142 yolo=37 depth_pose_sync=0 lidar_pose_sync=0 depth_odom_sync=0 lidar_odom_sync=0
[lvdot_detector_main-8] [INFO] [1776959276.581560694] [lvdot_detector_node]: Stage timers: detection=158 lidar_detection=142 tracking=602 classification=591 vis=567
[lvdot_detector_main-8] [INFO] [1776959276.581570282] [lvdot_detector_node]: Processing phases: detection=run_core lidar_detection=run_lidar_detector/downsample tracking=waiting_new_filtered_update classification=waiting_new_tracking_update
[lvdot_detector_main-8] [INFO] [1776959276.581578598] [lvdot_detector_node]: Pipeline stats: depth_samples=1536/71300 u_map=0 depth_boxes=0 u_map_merge=0 u_map_db=0 u_map_visual=0 u_map_fused=0 u_map_filtered=0 lidar_samples=3387/107852 uv=0 db=9 lidar=3 fused=5 filtered=5 tracks=5 dynamic=0 dyn_points=0 raw_dyn_points=0 service=0/0 split=5->0 (5 outputs) fusion_components=5 visual_only=0 lidar_only=5 yolo_in=0 yolo_match3d=0 yolo_match_det=0 yolo_human=0 fixed_size=0 size_reject=0
[lvdot_detector_main-8] [INFO] [1776959283.547678188] [lvdot_detector_node]: Input health: depth=112 color=118 lidar=46 pose=191 odom=191 yolo=54 depth_pose_sync=0 lidar_pose_sync=0 depth_odom_sync=0 lidar_odom_sync=0
[lvdot_detector_main-8] [INFO] [1776959283.547755695] [lvdot_detector_node]: Stage timers: detection=165 lidar_detection=144 tracking=783 classification=772 vis=747
[lvdot_detector_main-8] [INFO] [1776959283.547765322] [lvdot_detector_node]: Processing phases: detection=run_core lidar_detection=run_lidar_detector/dbscan tracking=idle classification=waiting_new_tracking_update
[lvdot_detector_main-8] [INFO] [1776959283.547771971] [lvdot_detector_node]: Pipeline stats: depth_samples=1400/71300 u_map=2 depth_boxes=0 u_map_merge=0 u_map_db=0 u_map_visual=0 u_map_fused=0 u_map_filtered=0 lidar_samples=3442/117955 uv=0 db=7 lidar=17 fused=17 filtered=17 tracks=17 dynamic=0 dyn_points=0 raw_dyn_points=0 service=0/0 split=17->0 (17 outputs) fusion_components=17 visual_only=0 lidar_only=17 yolo_in=3 yolo_match3d=1 yolo_match_det=1 yolo_human=1 fixed_size=0 size_reject=0
[lvdot_detector_main-8] [INFO] [1776959289.551129707] [lvdot_detector_node]: Input health: depth=136 color=146 lidar=57 pose=238 odom=238 yolo=68 depth_pose_sync=0 lidar_pose_sync=0 depth_odom_sync=0 lidar_odom_sync=0
[lvdot_detector_main-8] [INFO] [1776959289.551182186] [lvdot_detector_node]: Stage timers: detection=172 lidar_detection=147 tracking=965 classification=954 vis=910
[lvdot_detector_main-8] [INFO] [1776959289.551190008] [lvdot_detector_node]: Processing phases: detection=run_core lidar_detection=run_lidar_detector/project tracking=waiting_new_filtered_update classification=waiting_new_tracking_update
[lvdot_detector_main-8] [INFO] [1776959289.551196192] [lvdot_detector_node]: Pipeline stats: depth_samples=1561/71300 u_map=2 depth_boxes=0 u_map_merge=0 u_map_db=0 u_map_visual=0 u_map_fused=0 u_map_filtered=0 lidar_samples=2792/185568 uv=1 db=16 lidar=1 fused=17 filtered=17 tracks=17 dynamic=0 dyn_points=0 raw_dyn_points=0 service=0/0 split=17->0 (17 outputs) fusion_components=17 visual_only=1 lidar_only=16 yolo_in=0 yolo_match3d=0 yolo_match_det=0 yolo_human=0 fixed_size=0 size_reject=0
[lvdot_detector_main-8] [INFO] [1776959295.543836778] [lvdot_detector_node]: Input health: depth=169 color=168 lidar=67 pose=284 odom=284 yolo=82 depth_pose_sync=0 lidar_pose_sync=0 depth_odom_sync=0 lidar_odom_sync=0
[lvdot_detector_main-8] [INFO] [1776959295.543903895] [lvdot_detector_node]: Stage timers: detection=179 lidar_detection=149 tracking=1145 classification=1135 vis=1072
[lvdot_detector_main-8] [INFO] [1776959295.543917103] [lvdot_detector_node]: Processing phases: detection=run_core lidar_detection=run_lidar_detector/downsample tracking=waiting_new_filtered_update classification=waiting_new_tracking_update
[lvdot_detector_main-8] [INFO] [1776959295.543927474] [lvdot_detector_node]: Pipeline stats: depth_samples=1536/71300 u_map=0 depth_boxes=0 u_map_merge=0 u_map_db=0 u_map_visual=0 u_map_fused=0 u_map_filtered=0 lidar_samples=3365/139453 uv=0 db=9 lidar=63 fused=62 filtered=62 tracks=62 dynamic=0 dyn_points=0 raw_dyn_points=0 service=0/0 split=62->0 (62 outputs) fusion_components=62 visual_only=0 lidar_only=62 yolo_in=0 yolo_match3d=0 yolo_match_det=0 yolo_human=0 fixed_size=0 size_reject=0
[lvdot_detector_main-8] [INFO] [1776959301.545095788] [lvdot_detector_node]: Input health: depth=183 color=195 lidar=86 pose=330 odom=330 yolo=97 depth_pose_sync=0 lidar_pose_sync=0 depth_odom_sync=0 lidar_odom_sync=0
[lvdot_detector_main-8] [INFO] [1776959301.545190711] [lvdot_detector_node]: Stage timers: detection=186 lidar_detection=151 tracking=1326 classification=1317 vis=1248
[lvdot_detector_main-8] [INFO] [1776959301.545221734] [lvdot_detector_node]: Processing phases: detection=run_core lidar_detection=run_lidar_detector/dbscan tracking=waiting_new_filtered_update classification=waiting_new_tracking_update
[lvdot_detector_main-8] [INFO] [1776959301.545230026] [lvdot_detector_node]: Pipeline stats: depth_samples=1576/71300 u_map=4 depth_boxes=0 u_map_merge=0 u_map_db=0 u_map_visual=0 u_map_fused=0 u_map_filtered=0 lidar_samples=3295/120509 uv=1 db=10 lidar=18 fused=19 filtered=19 tracks=19 dynamic=0 dyn_points=0 raw_dyn_points=0 service=0/0 split=19->0 (19 outputs) fusion_components=19 visual_only=1 lidar_only=18 yolo_in=3 yolo_match3d=0 yolo_match_det=0 yolo_human=0 fixed_size=0 size_reject=0
[lvdot_detector_main-8] [INFO] [1776959306.828523745] [lvdot_detector_node]: get_dynamic_obstacles responded with 2 obstacles from 2 tracked dynamic boxes.
[lvdot_detector_main-8] [INFO] [1776959307.572049715] [lvdot_detector_node]: Input health: depth=193 color=215 lidar=99 pose=376 odom=376 yolo=107 depth_pose_sync=0 lidar_pose_sync=0 depth_odom_sync=0 lidar_odom_sync=0
[lvdot_detector_main-8] [INFO] [1776959307.572137770] [lvdot_detector_node]: Stage timers: detection=193 lidar_detection=153 tracking=1504 classification=1496 vis=1405
[lvdot_detector_main-8] [INFO] [1776959307.572156653] [lvdot_detector_node]: Processing phases: detection=run_core lidar_detection=run_lidar_detector/dbscan tracking=waiting_new_filtered_update classification=waiting_new_tracking_update
[lvdot_detector_main-8] [INFO] [1776959307.572173090] [lvdot_detector_node]: Pipeline stats: depth_samples=1268/71300 u_map=3 depth_boxes=0 u_map_merge=0 u_map_db=0 u_map_visual=0 u_map_fused=0 u_map_filtered=0 lidar_samples=3349/173866 uv=2 db=11 lidar=20 fused=22 filtered=22 tracks=22 dynamic=0 dyn_points=0 raw_dyn_points=0 service=1/2 split=22->0 (22 outputs) fusion_components=22 visual_only=2 lidar_only=20 yolo_in=1 yolo_match3d=0 yolo_match_det=0 yolo_human=0 fixed_size=0 size_reject=0
[lvdot_detector_main-8] [INFO] [1776959312.414077316] [lvdot_detector_node]: get_dynamic_obstacles responded with 0 obstacles from 0 tracked dynamic boxes.
[lvdot_detector_main-8] [INFO] [1776959313.543789641] [lvdot_detector_node]: Input health: depth=217 color=243 lidar=106 pose=423 odom=423 yolo=120 depth_pose_sync=0 lidar_pose_sync=0 depth_odom_sync=0 lidar_odom_sync=0
[lvdot_detector_main-8] [INFO] [1776959313.543877900] [lvdot_detector_node]: Stage timers: detection=200 lidar_detection=156 tracking=1675 classification=1667 vis=1550
[lvdot_detector_main-8] [INFO] [1776959313.543887927] [lvdot_detector_node]: Processing phases: detection=run_core lidar_detection=run_lidar_detector/project tracking=waiting_new_filtered_update classification=waiting_new_tracking_update
[lvdot_detector_main-8] [INFO] [1776959313.543894479] [lvdot_detector_node]: Pipeline stats: depth_samples=1536/71300 u_map=0 depth_boxes=0 u_map_merge=0 u_map_db=0 u_map_visual=0 u_map_fused=0 u_map_filtered=0 lidar_samples=3371/107878 uv=0 db=9 lidar=6 fused=54 filtered=54 tracks=54 dynamic=0 dyn_points=0 raw_dyn_points=0 service=2/0 split=54->0 (54 outputs) fusion_components=54 visual_only=0 lidar_only=54 yolo_in=0 yolo_match3d=0 yolo_match_det=0 yolo_human=0 fixed_size=0 size_reject=0
[lvdot_detector_main-8] [INFO] [1776959316.553825657] [lvdot_detector_node]: get_dynamic_obstacles responded with 0 obstacles from 0 tracked dynamic boxes.
[lvdot_detector_main-8] [INFO] [1776959320.521687093] [lvdot_detector_node]: Input health: depth=226 color=262 lidar=124 pose=471 odom=471 yolo=131 depth_pose_sync=0 lidar_pose_sync=0 depth_odom_sync=0 lidar_odom_sync=0
[lvdot_detector_main-8] [INFO] [1776959320.521759963] [lvdot_detector_node]: Stage timers: detection=206 lidar_detection=158 tracking=1857 classification=1849 vis=1724
[lvdot_detector_main-8] [INFO] [1776959320.521772075] [lvdot_detector_node]: Processing phases: detection=run_core lidar_detection=run_lidar_detector/dbscan tracking=waiting_new_filtered_update classification=waiting_new_tracking_update
[lvdot_detector_main-8] [INFO] [1776959320.521781705] [lvdot_detector_node]: Pipeline stats: depth_samples=1658/71300 u_map=3 depth_boxes=0 u_map_merge=0 u_map_db=0 u_map_visual=0 u_map_fused=0 u_map_filtered=0 lidar_samples=3393/126242 uv=1 db=12 lidar=19 fused=4 filtered=4 tracks=4 dynamic=0 dyn_points=0 raw_dyn_points=0 service=3/0 split=4->0 (4 outputs) fusion_components=4 visual_only=1 lidar_only=3 yolo_in=5 yolo_match3d=1 yolo_match_det=1 yolo_human=1 fixed_size=0 size_reject=1
[lvdot_detector_main-8] [INFO] [1776959322.205469544] [lvdot_detector_node]: get_dynamic_obstacles responded with 1 obstacles from 1 tracked dynamic boxes.
[lvdot_detector_main-8] [INFO] [1776959326.519691827] [lvdot_detector_node]: Input health: depth=247 color=283 lidar=144 pose=519 odom=519 yolo=144 depth_pose_sync=0 lidar_pose_sync=0 depth_odom_sync=0 lidar_odom_sync=0
[lvdot_detector_main-8] [INFO] [1776959326.519754897] [lvdot_detector_node]: Stage timers: detection=214 lidar_detection=160 tracking=2037 classification=2027 vis=1889
[lvdot_detector_main-8] [INFO] [1776959326.519792152] [lvdot_detector_node]: Processing phases: detection=run_core lidar_detection=run_lidar_detector/dbscan tracking=waiting_new_filtered_update classification=waiting_new_tracking_update
[lvdot_detector_main-8] [INFO] [1776959326.519819238] [lvdot_detector_node]: Pipeline stats: depth_samples=1048/71300 u_map=3 depth_boxes=0 u_map_merge=0 u_map_db=0 u_map_visual=0 u_map_fused=0 u_map_filtered=0 lidar_samples=3104/132047 uv=1 db=9 lidar=7 fused=8 filtered=8 tracks=8 dynamic=1 dyn_points=77 raw_dyn_points=0 service=5/0 split=8->0 (8 outputs) fusion_components=8 visual_only=1 lidar_only=7 yolo_in=2 yolo_match3d=1 yolo_match_det=1 yolo_human=1 fixed_size=0 size_reject=0
[lvdot_detector_main-8] [INFO] [1776959328.360768104] [lvdot_detector_node]: get_dynamic_obstacles responded with 0 obstacles from 0 tracked dynamic boxes.
[lvdot_detector_main-8] [INFO] [1776959332.520141920] [lvdot_detector_node]: Input health: depth=263 color=307 lidar=155 pose=567 odom=567 yolo=154 depth_pose_sync=0 lidar_pose_sync=0 depth_odom_sync=0 lidar_odom_sync=0
[lvdot_detector_main-8] [INFO] [1776959332.520231858] [lvdot_detector_node]: Stage timers: detection=221 lidar_detection=163 tracking=2212 classification=2206 vis=2053
[lvdot_detector_main-8] [INFO] [1776959332.520250217] [lvdot_detector_node]: Processing phases: detection=run_core lidar_detection=run_lidar_detector/project tracking=waiting_new_filtered_update classification=waiting_new_tracking_update
[lvdot_detector_main-8] [INFO] [1776959332.520262814] [lvdot_detector_node]: Pipeline stats: depth_samples=1536/71300 u_map=0 depth_boxes=0 u_map_merge=0 u_map_db=0 u_map_visual=0 u_map_fused=0 u_map_filtered=0 lidar_samples=3131/126804 uv=0 db=9 lidar=8 fused=8 filtered=8 tracks=8 dynamic=0 dyn_points=0 raw_dyn_points=0 service=7/0 split=8->0 (8 outputs) fusion_components=8 visual_only=0 lidar_only=8 yolo_in=1 yolo_match3d=0 yolo_match_det=0 yolo_human=0 fixed_size=0 size_reject=0
[lvdot_detector_main-8] [INFO] [1776959334.215923196] [lvdot_detector_node]: get_dynamic_obstacles responded with 1 obstacles from 1 tracked dynamic boxes.
[lvdot_detector_main-8] [INFO] [1776959337.975472701] [lvdot_detector_node]: get_dynamic_obstacles responded with 1 obstacles from 1 tracked dynamic boxes.
[lvdot_detector_main-8] [INFO] [1776959338.529610007] [lvdot_detector_node]: Input health: depth=282 color=327 lidar=173 pose=615 odom=615 yolo=165 depth_pose_sync=0 lidar_pose_sync=0 depth_odom_sync=0 lidar_odom_sync=0
[lvdot_detector_main-8] [INFO] [1776959338.529769058] [lvdot_detector_node]: Stage timers: detection=228 lidar_detection=165 tracking=2392 classification=2388 vis=2219
[lvdot_detector_main-8] [INFO] [1776959338.529844193] [lvdot_detector_node]: Processing phases: detection=run_core lidar_detection=run_lidar_detector/project tracking=waiting_new_filtered_update classification=waiting_new_tracking_update
[lvdot_detector_main-8] [INFO] [1776959338.529997097] [lvdot_detector_node]: Pipeline stats: depth_samples=1361/71300 u_map=3 depth_boxes=0 u_map_merge=0 u_map_db=0 u_map_visual=0 u_map_fused=0 u_map_filtered=0 lidar_samples=3406/138637 uv=1 db=5 lidar=77 fused=16 filtered=16 tracks=16 dynamic=0 dyn_points=0 raw_dyn_points=0 service=9/1 split=16->0 (16 outputs) fusion_components=16 visual_only=1 lidar_only=15 yolo_in=4 yolo_match3d=1 yolo_match_det=1 yolo_human=1 fixed_size=0 size_reject=1
[lvdot_detector_main-8] [INFO] [1776959343.441613265] [lvdot_detector_node]: get_dynamic_obstacles responded with 0 obstacles from 0 tracked dynamic boxes.
[lvdot_detector_main-8] [INFO] [1776959344.531265028] [lvdot_detector_node]: Input health: depth=297 color=349 lidar=183 pose=663 odom=663 yolo=180 depth_pose_sync=0 lidar_pose_sync=0 depth_odom_sync=0 lidar_odom_sync=0
[lvdot_detector_main-8] [INFO] [1776959344.531387293] [lvdot_detector_node]: Stage timers: detection=234 lidar_detection=167 tracking=2566 classification=2562 vis=2361
[lvdot_detector_main-8] [INFO] [1776959344.531399002] [lvdot_detector_node]: Processing phases: detection=build_filter_input lidar_detection=run_lidar_detector/dbscan tracking=waiting_new_filtered_update classification=waiting_new_tracking_update
[lvdot_detector_main-8] [INFO] [1776959344.531408272] [lvdot_detector_node]: Pipeline stats: depth_samples=1282/71300 u_map=2 depth_boxes=0 u_map_merge=0 u_map_db=0 u_map_visual=0 u_map_fused=0 u_map_filtered=0 lidar_samples=3055/131918 uv=1 db=15 lidar=15 fused=16 filtered=16 tracks=16 dynamic=0 dyn_points=0 raw_dyn_points=0 service=10/0 split=16->0 (16 outputs) fusion_components=16 visual_only=1 lidar_only=15 yolo_in=1 yolo_match3d=0 yolo_match_det=0 yolo_human=0 fixed_size=0 size_reject=0
[lvdot_detector_main-8] [INFO] [1776959350.032312625] [lvdot_detector_node]: get_dynamic_obstacles responded with 0 obstacles from 0 tracked dynamic boxes.
[lvdot_detector_main-8] [INFO] [1776959351.205772828] [lvdot_detector_node]: Input health: depth=319 color=364 lidar=196 pose=712 odom=712 yolo=190 depth_pose_sync=0 lidar_pose_sync=0 depth_odom_sync=0 lidar_odom_sync=0
[lvdot_detector_main-8] [INFO] [1776959351.205869012] [lvdot_detector_node]: Stage timers: detection=241 lidar_detection=170 tracking=2746 classification=2739 vis=2529
[lvdot_detector_main-8] [INFO] [1776959351.205884132] [lvdot_detector_node]: Processing phases: detection=run_core lidar_detection=run_lidar_detector/project tracking=idle classification=waiting_new_tracking_update
[lvdot_detector_main-8] [INFO] [1776959351.205897399] [lvdot_detector_node]: Pipeline stats: depth_samples=1536/71300 u_map=0 depth_boxes=0 u_map_merge=0 u_map_db=0 u_map_visual=0 u_map_fused=0 u_map_filtered=0 lidar_samples=3358/107900 uv=0 db=9 lidar=4 fused=4 filtered=4 tracks=4 dynamic=0 dyn_points=0 raw_dyn_points=0 service=12/0 split=4->0 (4 outputs) fusion_components=4 visual_only=0 lidar_only=4 yolo_in=0 yolo_match3d=0 yolo_match_det=0 yolo_human=0 fixed_size=0 size_reject=0
[lvdot_detector_main-8] [INFO] [1776959354.100148964] [lvdot_detector_node]: get_dynamic_obstacles responded with 0 obstacles from 0 tracked dynamic boxes.
[lvdot_detector_main-8] [INFO] [1776959357.215356600] [lvdot_detector_node]: Input health: depth=338 color=395 lidar=213 pose=760 odom=760 yolo=203 depth_pose_sync=0 lidar_pose_sync=0 depth_odom_sync=0 lidar_odom_sync=0
[lvdot_detector_main-8] [INFO] [1776959357.215471432] [lvdot_detector_node]: Stage timers: detection=248 lidar_detection=172 tracking=2926 classification=2920 vis=2690
[lvdot_detector_main-8] [INFO] [1776959357.215486651] [lvdot_detector_node]: Processing phases: detection=run_core lidar_detection=run_lidar_detector/project tracking=waiting_new_filtered_update classification=waiting_new_tracking_update
[lvdot_detector_main-8] [INFO] [1776959357.215497481] [lvdot_detector_node]: Pipeline stats: depth_samples=1364/71300 u_map=2 depth_boxes=0 u_map_merge=0 u_map_db=0 u_map_visual=0 u_map_fused=0 u_map_filtered=0 lidar_samples=3357/124269 uv=0 db=4 lidar=19 fused=19 filtered=21 tracks=21 dynamic=3 dyn_points=111 raw_dyn_points=3691 service=13/0 split=19->1 (21 outputs) fusion_components=19 visual_only=0 lidar_only=19 yolo_in=5 yolo_match3d=2 yolo_match_det=4 yolo_human=4 fixed_size=0 size_reject=1
[lvdot_detector_main-8] [INFO] [1776959357.270315657] [lvdot_detector_node]: get_dynamic_obstacles responded with 3 obstacles from 3 tracked dynamic boxes.
[lvdot_detector_main-8] [INFO] [1776959360.936033814] [lvdot_detector_node]: get_dynamic_obstacles responded with 1 obstacles from 1 tracked dynamic boxes.
[lvdot_detector_main-8] [INFO] [1776959363.216076303] [lvdot_detector_node]: Input health: depth=355 color=421 lidar=222 pose=808 odom=808 yolo=215 depth_pose_sync=0 lidar_pose_sync=0 depth_odom_sync=0 lidar_odom_sync=0
[lvdot_detector_main-8] [INFO] [1776959363.216156844] [lvdot_detector_node]: Stage timers: detection=255 lidar_detection=174 tracking=3106 classification=3101 vis=2845
[lvdot_detector_main-8] [INFO] [1776959363.216172055] [lvdot_detector_node]: Processing phases: detection=run_core lidar_detection=run_lidar_detector/dbscan tracking=waiting_new_filtered_update classification=waiting_new_tracking_update
[lvdot_detector_main-8] [INFO] [1776959363.216184341] [lvdot_detector_node]: Pipeline stats: depth_samples=1540/71300 u_map=4 depth_boxes=0 u_map_merge=0 u_map_db=0 u_map_visual=0 u_map_fused=0 u_map_filtered=0 lidar_samples=3186/123765 uv=1 db=17 lidar=16 fused=19 filtered=19 tracks=19 dynamic=1 dyn_points=68 raw_dyn_points=0 service=15/1 split=19->0 (19 outputs) fusion_components=19 visual_only=1 lidar_only=18 yolo_in=2 yolo_match3d=1 yolo_match_det=1 yolo_human=1 fixed_size=0 size_reject=0
[lvdot_detector_main-8] [INFO] [1776959367.852609363] [lvdot_detector_node]: get_dynamic_obstacles responded with 0 obstacles from 0 tracked dynamic boxes.
[lvdot_detector_main-8] [INFO] [1776959369.211752939] [lvdot_detector_node]: Input health: depth=377 color=446 lidar=234 pose=856 odom=856 yolo=227 depth_pose_sync=0 lidar_pose_sync=0 depth_odom_sync=0 lidar_odom_sync=0
[lvdot_detector_main-8] [INFO] [1776959369.211820316] [lvdot_detector_node]: Stage timers: detection=262 lidar_detection=176 tracking=3286 classification=3282 vis=3007
[lvdot_detector_main-8] [INFO] [1776959369.211887108] [lvdot_detector_node]: Processing phases: detection=run_core lidar_detection=run_lidar_detector/dbscan tracking=waiting_new_filtered_update classification=waiting_new_tracking_update
[lvdot_detector_main-8] [INFO] [1776959369.211906902] [lvdot_detector_node]: Pipeline stats: depth_samples=1664/71300 u_map=3 depth_boxes=0 u_map_merge=0 u_map_db=0 u_map_visual=0 u_map_fused=0 u_map_filtered=0 lidar_samples=3454/147064 uv=1 db=9 lidar=31 fused=32 filtered=32 tracks=32 dynamic=0 dyn_points=0 raw_dyn_points=0 service=17/0 split=32->0 (32 outputs) fusion_components=32 visual_only=1 lidar_only=31 yolo_in=0 yolo_match3d=0 yolo_match_det=0 yolo_human=0 fixed_size=0 size_reject=0
[lvdot_detector_main-8] [INFO] [1776959371.166331434] [lvdot_detector_node]: get_dynamic_obstacles responded with 0 obstacles from 0 tracked dynamic boxes.
[lvdot_detector_main-8] [INFO] [1776959375.208076858] [lvdot_detector_node]: Input health: depth=399 color=470 lidar=248 pose=904 odom=904 yolo=240 depth_pose_sync=0 lidar_pose_sync=0 depth_odom_sync=0 lidar_odom_sync=0
[lvdot_detector_main-8] [INFO] [1776959375.208156431] [lvdot_detector_node]: Stage timers: detection=268 lidar_detection=179 tracking=3468 classification=3464 vis=3176
[lvdot_detector_main-8] [INFO] [1776959375.208166280] [lvdot_detector_node]: Processing phases: detection=run_core lidar_detection=run_lidar_detector/project tracking=waiting_new_filtered_update classification=run_core
[lvdot_detector_main-8] [INFO] [1776959375.208172911] [lvdot_detector_node]: Pipeline stats: depth_samples=1665/71300 u_map=2 depth_boxes=0 u_map_merge=0 u_map_db=0 u_map_visual=0 u_map_fused=0 u_map_filtered=0 lidar_samples=3031/136100 uv=1 db=8 lidar=25 fused=25 filtered=25 tracks=25 dynamic=0 dyn_points=0 raw_dyn_points=0 service=19/0 split=25->1 (25 outputs) fusion_components=25 visual_only=0 lidar_only=24 yolo_in=2 yolo_match3d=1 yolo_match_det=2 yolo_human=1 fixed_size=0 size_reject=2
[lvdot_detector_main-8] [INFO] [1776959376.929278157] [lvdot_detector_node]: get_dynamic_obstacles responded with 1 obstacles from 1 tracked dynamic boxes.
[lvdot_detector_main-8] [INFO] [1776959381.204374044] [lvdot_detector_node]: Input health: depth=420 color=493 lidar=257 pose=952 odom=952 yolo=250 depth_pose_sync=0 lidar_pose_sync=0 depth_odom_sync=0 lidar_odom_sync=0
[lvdot_detector_main-8] [INFO] [1776959381.204466796] [lvdot_detector_node]: Stage timers: detection=275 lidar_detection=181 tracking=3647 classification=3635 vis=3328
[lvdot_detector_main-8] [INFO] [1776959381.204482694] [lvdot_detector_node]: Processing phases: detection=run_core lidar_detection=run_lidar_detector/dbscan tracking=waiting_new_filtered_update classification=waiting_new_tracking_update
[lvdot_detector_main-8] [INFO] [1776959381.204493520] [lvdot_detector_node]: Pipeline stats: depth_samples=1463/71300 u_map=2 depth_boxes=0 u_map_merge=0 u_map_db=0 u_map_visual=0 u_map_fused=0 u_map_filtered=0 lidar_samples=2674/195805 uv=1 db=14 lidar=2 fused=20 filtered=20 tracks=20 dynamic=0 dyn_points=0 raw_dyn_points=0 service=21/0 split=20->0 (20 outputs) fusion_components=20 visual_only=1 lidar_only=19 yolo_in=0 yolo_match3d=0 yolo_match_det=0 yolo_human=0 fixed_size=0 size_reject=0
[lvdot_detector_main-8] [INFO] [1776959383.725259259] [lvdot_detector_node]: get_dynamic_obstacles responded with 0 obstacles from 0 tracked dynamic boxes.
[lvdot_detector_main-8] [INFO] [1776959386.982544898] [lvdot_detector_node]: get_dynamic_obstacles responded with 0 obstacles from 0 tracked dynamic boxes.
[lvdot_detector_main-8] [INFO] [1776959388.050478495] [lvdot_detector_node]: Input health: depth=445 color=524 lidar=274 pose=1001 odom=1001 yolo=265 depth_pose_sync=0 lidar_pose_sync=0 depth_odom_sync=0 lidar_odom_sync=0
[lvdot_detector_main-8] [INFO] [1776959388.050559953] [lvdot_detector_node]: Stage timers: detection=282 lidar_detection=183 tracking=3829 classification=3817 vis=3493
[lvdot_detector_main-8] [INFO] [1776959388.050569318] [lvdot_detector_node]: Processing phases: detection=run_core lidar_detection=run_lidar_detector/dbscan tracking=waiting_new_filtered_update classification=waiting_new_tracking_update
[lvdot_detector_main-8] [INFO] [1776959388.050576147] [lvdot_detector_node]: Pipeline stats: depth_samples=1588/71300 u_map=3 depth_boxes=0 u_map_merge=0 u_map_db=0 u_map_visual=0 u_map_fused=0 u_map_filtered=0 lidar_samples=3217/119795 uv=1 db=9 lidar=3 fused=4 filtered=4 tracks=4 dynamic=0 dyn_points=0 raw_dyn_points=0 service=23/0 split=4->0 (4 outputs) fusion_components=4 visual_only=1 lidar_only=3 yolo_in=1 yolo_match3d=0 yolo_match_det=0 yolo_human=0 fixed_size=0 size_reject=0
[lvdot_detector_main-8] [INFO] [1776959392.689904032] [lvdot_detector_node]: get_dynamic_obstacles responded with 2 obstacles from 2 tracked dynamic boxes.
[lvdot_detector_main-8] [INFO] [1776959394.061622257] [lvdot_detector_node]: Input health: depth=463 color=547 lidar=289 pose=1048 odom=1048 yolo=277 depth_pose_sync=0 lidar_pose_sync=0 depth_odom_sync=0 lidar_odom_sync=0
[lvdot_detector_main-8] [INFO] [1776959394.061711227] [lvdot_detector_node]: Stage timers: detection=289 lidar_detection=186 tracking=4010 classification=3997 vis=3650
[lvdot_detector_main-8] [INFO] [1776959394.061723714] [lvdot_detector_node]: Processing phases: detection=run_core lidar_detection=run_lidar_detector/project tracking=waiting_new_filtered_update classification=waiting_new_tracking_update
[lvdot_detector_main-8] [INFO] [1776959394.061733469] [lvdot_detector_node]: Pipeline stats: depth_samples=1382/71300 u_map=4 depth_boxes=0 u_map_merge=0 u_map_db=0 u_map_visual=0 u_map_fused=0 u_map_filtered=0 lidar_samples=3225/143382 uv=0 db=9 lidar=53 fused=53 filtered=53 tracks=53 dynamic=1 dyn_points=3 raw_dyn_points=63 service=25/2 split=53->1 (53 outputs) fusion_components=53 visual_only=0 lidar_only=53 yolo_in=2 yolo_match3d=1 yolo_match_det=2 yolo_human=1 fixed_size=0 size_reject=0
[lvdot_detector_main-8] [INFO] [1776959398.880659537] [lvdot_detector_node]: get_dynamic_obstacles responded with 1 obstacles from 1 tracked dynamic boxes.
[lvdot_detector_main-8] [INFO] [1776959400.058566708] [lvdot_detector_node]: Input health: depth=489 color=576 lidar=295 pose=1096 odom=1096 yolo=288 depth_pose_sync=0 lidar_pose_sync=0 depth_odom_sync=0 lidar_odom_sync=0
[lvdot_detector_main-8] [INFO] [1776959400.058628710] [lvdot_detector_node]: Stage timers: detection=297 lidar_detection=188 tracking=4188 classification=4177 vis=3795
[lvdot_detector_main-8] [INFO] [1776959400.058639531] [lvdot_detector_node]: Processing phases: detection=run_core lidar_detection=run_lidar_detector/project tracking=idle classification=idle
[lvdot_detector_main-8] [INFO] [1776959400.058648305] [lvdot_detector_node]: Pipeline stats: depth_samples=659/71300 u_map=2 depth_boxes=0 u_map_merge=0 u_map_db=0 u_map_visual=0 u_map_fused=0 u_map_filtered=0 lidar_samples=3338/126002 uv=0 db=4 lidar=19 fused=19 filtered=19 tracks=19 dynamic=0 dyn_points=0 raw_dyn_points=0 service=27/1 split=19->0 (19 outputs) fusion_components=19 visual_only=0 lidar_only=19 yolo_in=1 yolo_match3d=0 yolo_match_det=0 yolo_human=0 fixed_size=0 size_reject=0
[lvdot_detector_main-8] [INFO] [1776959401.980435092] [lvdot_detector_node]: get_dynamic_obstacles responded with 0 obstacles from 0 tracked dynamic boxes.
[lvdot_detector_main-8] [INFO] [1776959406.062472436] [lvdot_detector_node]: Input health: depth=524 color=599 lidar=309 pose=1144 odom=1144 yolo=302 depth_pose_sync=0 lidar_pose_sync=0 depth_odom_sync=0 lidar_odom_sync=0
[lvdot_detector_main-8] [INFO] [1776959406.062538539] [lvdot_detector_node]: Stage timers: detection=303 lidar_detection=190 tracking=4369 classification=4354 vis=3959
[lvdot_detector_main-8] [INFO] [1776959406.062549263] [lvdot_detector_node]: Processing phases: detection=run_core lidar_detection=run_lidar_detector/dbscan tracking=waiting_new_filtered_update classification=waiting_new_tracking_update
[lvdot_detector_main-8] [INFO] [1776959406.062557843] [lvdot_detector_node]: Pipeline stats: depth_samples=1645/71300 u_map=2 depth_boxes=0 u_map_merge=0 u_map_db=0 u_map_visual=0 u_map_fused=0 u_map_filtered=0 lidar_samples=3395/107856 uv=2 db=9 lidar=11 fused=64 filtered=64 tracks=64 dynamic=0 dyn_points=0 raw_dyn_points=0 service=28/0 split=64->0 (64 outputs) fusion_components=64 visual_only=1 lidar_only=62 yolo_in=0 yolo_match3d=0 yolo_match_det=0 yolo_human=0 fixed_size=0 size_reject=0
[lvdot_detector_main-8] [INFO] [1776959407.803306042] [lvdot_detector_node]: get_dynamic_obstacles responded with 0 obstacles from 0 tracked dynamic boxes.
[lvdot_detector_main-8] [INFO] [1776959412.058591897] [lvdot_detector_node]: Input health: depth=547 color=631 lidar=334 pose=1192 odom=1192 yolo=319 depth_pose_sync=0 lidar_pose_sync=0 depth_odom_sync=0 lidar_odom_sync=0
[lvdot_detector_main-8] [INFO] [1776959412.058657236] [lvdot_detector_node]: Stage timers: detection=311 lidar_detection=192 tracking=4547 classification=4535 vis=4128
[lvdot_detector_main-8] [INFO] [1776959412.058667964] [lvdot_detector_node]: Processing phases: detection=run_core lidar_detection=run_lidar_detector/dbscan tracking=waiting_new_filtered_update classification=run_core
[lvdot_detector_main-8] [INFO] [1776959412.058676741] [lvdot_detector_node]: Pipeline stats: depth_samples=1865/71300 u_map=2 depth_boxes=0 u_map_merge=0 u_map_db=0 u_map_visual=0 u_map_fused=0 u_map_filtered=0 lidar_samples=3101/159883 uv=1 db=12 lidar=73 fused=74 filtered=74 tracks=74 dynamic=0 dyn_points=0 raw_dyn_points=0 service=30/0 split=74->1 (74 outputs) fusion_components=74 visual_only=1 lidar_only=73 yolo_in=5 yolo_match3d=4 yolo_match_det=5 yolo_human=3 fixed_size=0 size_reject=2
[lvdot_detector_main-8] [INFO] [1776959418.874858958] [lvdot_detector_node]: Input health: depth=572 color=655 lidar=349 pose=1241 odom=1241 yolo=336 depth_pose_sync=0 lidar_pose_sync=0 depth_odom_sync=0 lidar_odom_sync=0
[lvdot_detector_main-8] [INFO] [1776959418.874922933] [lvdot_detector_node]: Stage timers: detection=318 lidar_detection=195 tracking=4727 classification=4714 vis=4279
[lvdot_detector_main-8] [INFO] [1776959418.874936293] [lvdot_detector_node]: Processing phases: detection=run_core lidar_detection=run_lidar_detector/project tracking=waiting_new_filtered_update classification=waiting_new_tracking_update
[lvdot_detector_main-8] [INFO] [1776959418.874946923] [lvdot_detector_node]: Pipeline stats: depth_samples=1324/71300 u_map=2 depth_boxes=0 u_map_merge=0 u_map_db=0 u_map_visual=0 u_map_fused=0 u_map_filtered=0 lidar_samples=3436/125593 uv=1 db=12 lidar=3 fused=18 filtered=18 tracks=18 dynamic=0 dyn_points=0 raw_dyn_points=0 service=30/0 split=18->0 (18 outputs) fusion_components=18 visual_only=1 lidar_only=17 yolo_in=1 yolo_match3d=0 yolo_match_det=0 yolo_human=0 fixed_size=0 size_reject=0
[lvdot_detector_main-8] [INFO] [1776959424.872551366] [lvdot_detector_node]: Input health: depth=607 color=691 lidar=371 pose=1289 odom=1289 yolo=355 depth_pose_sync=0 lidar_pose_sync=0 depth_odom_sync=0 lidar_odom_sync=0
[lvdot_detector_main-8] [INFO] [1776959424.872628719] [lvdot_detector_node]: Stage timers: detection=325 lidar_detection=197 tracking=4909 classification=4896 vis=4454
[lvdot_detector_main-8] [INFO] [1776959424.872638668] [lvdot_detector_node]: Processing phases: detection=run_core lidar_detection=run_lidar_detector/dbscan tracking=waiting_new_filtered_update classification=waiting_new_tracking_update
[lvdot_detector_main-8] [INFO] [1776959424.872645399] [lvdot_detector_node]: Pipeline stats: depth_samples=1703/71300 u_map=3 depth_boxes=0 u_map_merge=0 u_map_db=0 u_map_visual=0 u_map_fused=0 u_map_filtered=0 lidar_samples=3427/107977 uv=1 db=10 lidar=8 fused=25 filtered=25 tracks=25 dynamic=0 dyn_points=0 raw_dyn_points=0 service=30/0 split=25->0 (25 outputs) fusion_components=25 visual_only=1 lidar_only=24 yolo_in=3 yolo_match3d=0 yolo_match_det=0 yolo_human=0 fixed_size=0 size_reject=0
[lvdot_detector_main-8] [INFO] [1776959430.874543816] [lvdot_detector_node]: Input health: depth=633 color=730 lidar=401 pose=1337 odom=1337 yolo=374 depth_pose_sync=0 lidar_pose_sync=0 depth_odom_sync=0 lidar_odom_sync=0
[lvdot_detector_main-8] [INFO] [1776959430.874609120] [lvdot_detector_node]: Stage timers: detection=332 lidar_detection=199 tracking=5091 classification=5078 vis=4632
[lvdot_detector_main-8] [INFO] [1776959430.874619842] [lvdot_detector_node]: Processing phases: detection=run_core lidar_detection=run_lidar_detector/dbscan tracking=waiting_new_filtered_update classification=waiting_new_tracking_update
[lvdot_detector_main-8] [INFO] [1776959430.874628906] [lvdot_detector_node]: Pipeline stats: depth_samples=1774/71300 u_map=2 depth_boxes=0 u_map_merge=0 u_map_db=0 u_map_visual=0 u_map_fused=0 u_map_filtered=0 lidar_samples=3353/123969 uv=1 db=10 lidar=16 fused=17 filtered=17 tracks=17 dynamic=1 dyn_points=61 raw_dyn_points=387 service=30/0 split=17->0 (17 outputs) fusion_components=17 visual_only=1 lidar_only=16 yolo_in=4 yolo_match3d=2 yolo_match_det=2 yolo_human=2 fixed_size=0 size_reject=1
[lvdot_detector_main-8] [INFO] [1776959436.878944041] [lvdot_detector_node]: Input health: depth=664 color=760 lidar=424 pose=1385 odom=1385 yolo=392 depth_pose_sync=0 lidar_pose_sync=0 depth_odom_sync=0 lidar_odom_sync=0
[lvdot_detector_main-8] [INFO] [1776959436.879020464] [lvdot_detector_node]: Stage timers: detection=340 lidar_detection=202 tracking=5272 classification=5260 vis=4776
[lvdot_detector_main-8] [INFO] [1776959436.879032844] [lvdot_detector_node]: Processing phases: detection=run_core lidar_detection=run_lidar_detector/project tracking=waiting_new_filtered_update classification=waiting_new_tracking_update
[lvdot_detector_main-8] [INFO] [1776959436.879041617] [lvdot_detector_node]: Pipeline stats: depth_samples=1220/71300 u_map=1 depth_boxes=0 u_map_merge=0 u_map_db=0 u_map_visual=0 u_map_fused=0 u_map_filtered=0 lidar_samples=3358/116444 uv=0 db=7 lidar=56 fused=1 filtered=1 tracks=1 dynamic=0 dyn_points=0 raw_dyn_points=0 service=30/0 split=1->0 (1 outputs) fusion_components=1 visual_only=0 lidar_only=1 yolo_in=0 yolo_match3d=0 yolo_match_det=0 yolo_human=0 fixed_size=0 size_reject=0
[lvdot_detector_main-8] [INFO] [1776959442.880336411] [lvdot_detector_node]: Input health: depth=699 color=799 lidar=455 pose=1433 odom=1433 yolo=414 depth_pose_sync=0 lidar_pose_sync=0 depth_odom_sync=0 lidar_odom_sync=0
[lvdot_detector_main-8] [INFO] [1776959442.880425116] [lvdot_detector_node]: Stage timers: detection=347 lidar_detection=204 tracking=5454 classification=5442 vis=4957
[lvdot_detector_main-8] [INFO] [1776959442.880443052] [lvdot_detector_node]: Processing phases: detection=run_core lidar_detection=run_lidar_detector/dbscan tracking=waiting_new_filtered_update classification=waiting_new_tracking_update
[lvdot_detector_main-8] [INFO] [1776959442.880454360] [lvdot_detector_node]: Pipeline stats: depth_samples=1699/71300 u_map=1 depth_boxes=0 u_map_merge=0 u_map_db=0 u_map_visual=0 u_map_fused=0 u_map_filtered=0 lidar_samples=3395/107919 uv=1 db=11 lidar=2 fused=3 filtered=3 tracks=3 dynamic=1 dyn_points=20 raw_dyn_points=0 service=30/0 split=3->1 (3 outputs) fusion_components=3 visual_only=1 lidar_only=2 yolo_in=4 yolo_match3d=1 yolo_match_det=2 yolo_human=1 fixed_size=0 size_reject=0
[lvdot_detector_main-8] [INFO] [1776959449.700853230] [lvdot_detector_node]: Input health: depth=716 color=830 lidar=484 pose=1482 odom=1482 yolo=432 depth_pose_sync=0 lidar_pose_sync=0 depth_odom_sync=0 lidar_odom_sync=0
[lvdot_detector_main-8] [INFO] [1776959449.700983711] [lvdot_detector_node]: Stage timers: detection=354 lidar_detection=207 tracking=5635 classification=5623 vis=5130
[lvdot_detector_main-8] [INFO] [1776959449.701013844] [lvdot_detector_node]: Processing phases: detection=run_core lidar_detection=run_lidar_detector/project tracking=waiting_new_filtered_update classification=waiting_new_tracking_update
[lvdot_detector_main-8] [INFO] [1776959449.701032568] [lvdot_detector_node]: Pipeline stats: depth_samples=1766/71300 u_map=4 depth_boxes=0 u_map_merge=0 u_map_db=0 u_map_visual=0 u_map_fused=0 u_map_filtered=0 lidar_samples=3160/165378 uv=2 db=13 lidar=21 fused=25 filtered=25 tracks=25 dynamic=2 dyn_points=132 raw_dyn_points=0 service=30/0 split=25->1 (25 outputs) fusion_components=25 visual_only=2 lidar_only=23 yolo_in=3 yolo_match3d=2 yolo_match_det=3 yolo_human=2 fixed_size=0 size_reject=0
[lvdot_detector_main-8] [INFO] [1776959455.699440477] [lvdot_detector_node]: Input health: depth=759 color=869 lidar=504 pose=1530 odom=1530 yolo=452 depth_pose_sync=0 lidar_pose_sync=0 depth_odom_sync=0 lidar_odom_sync=0
[lvdot_detector_main-8] [INFO] [1776959455.699522897] [lvdot_detector_node]: Stage timers: detection=361 lidar_detection=209 tracking=5817 classification=5803 vis=5294
[lvdot_detector_main-8] [INFO] [1776959455.699536650] [lvdot_detector_node]: Processing phases: detection=run_core lidar_detection=run_lidar_detector/dbscan tracking=waiting_new_filtered_update classification=waiting_new_tracking_update
[lvdot_detector_main-8] [INFO] [1776959455.699547185] [lvdot_detector_node]: Pipeline stats: depth_samples=1197/71300 u_map=1 depth_boxes=0 u_map_merge=0 u_map_db=0 u_map_visual=0 u_map_fused=0 u_map_filtered=0 lidar_samples=3058/123745 uv=0 db=7 lidar=9 fused=9 filtered=9 tracks=9 dynamic=0 dyn_points=0 raw_dyn_points=0 service=30/0 split=9->0 (9 outputs) fusion_components=9 visual_only=0 lidar_only=9 yolo_in=0 yolo_match3d=0 yolo_match_det=0 yolo_human=0 fixed_size=0 size_reject=0
[lvdot_detector_main-8] [INFO] [1776959461.699290372] [lvdot_detector_node]: Input health: depth=798 color=902 lidar=538 pose=1578 odom=1578 yolo=471 depth_pose_sync=0 lidar_pose_sync=0 depth_odom_sync=0 lidar_odom_sync=0
[lvdot_detector_main-8] [INFO] [1776959461.699376322] [lvdot_detector_node]: Stage timers: detection=369 lidar_detection=212 tracking=5999 classification=5984 vis=5473
[lvdot_detector_main-8] [INFO] [1776959461.699386261] [lvdot_detector_node]: Processing phases: detection=run_core lidar_detection=run_lidar_detector/project tracking=waiting_new_filtered_update classification=idle
[lvdot_detector_main-8] [INFO] [1776959461.699393473] [lvdot_detector_node]: Pipeline stats: depth_samples=1625/71300 u_map=3 depth_boxes=0 u_map_merge=0 u_map_db=0 u_map_visual=0 u_map_fused=0 u_map_filtered=0 lidar_samples=3160/124156 uv=1 db=12 lidar=18 fused=12 filtered=12 tracks=12 dynamic=0 dyn_points=0 raw_dyn_points=556 service=30/0 split=12->0 (12 outputs) fusion_components=12 visual_only=1 lidar_only=11 yolo_in=3 yolo_match3d=0 yolo_match_det=0 yolo_human=0 fixed_size=0 size_reject=0
[lvdot_detector_main-8] [INFO] [1776959467.699276356] [lvdot_detector_node]: Input health: depth=828 color=933 lidar=559 pose=1626 odom=1626 yolo=488 depth_pose_sync=0 lidar_pose_sync=0 depth_odom_sync=0 lidar_odom_sync=0
[lvdot_detector_main-8] [INFO] [1776959467.699360454] [lvdot_detector_node]: Stage timers: detection=376 lidar_detection=214 tracking=6181 classification=6166 vis=5637
[lvdot_detector_main-8] [INFO] [1776959467.699375949] [lvdot_detector_node]: Processing phases: detection=run_core lidar_detection=run_lidar_detector/dbscan tracking=waiting_new_filtered_update classification=waiting_new_tracking_update
[lvdot_detector_main-8] [INFO] [1776959467.699388422] [lvdot_detector_node]: Pipeline stats: depth_samples=1484/71300 u_map=4 depth_boxes=0 u_map_merge=0 u_map_db=0 u_map_visual=0 u_map_fused=0 u_map_filtered=0 lidar_samples=3354/146202 uv=2 db=11 lidar=59 fused=60 filtered=60 tracks=60 dynamic=2 dyn_points=137 raw_dyn_points=3114 service=30/0 split=60->1 (60 outputs) fusion_components=60 visual_only=1 lidar_only=58 yolo_in=4 yolo_match3d=3 yolo_match_det=4 yolo_human=2 fixed_size=0 size_reject=0
[lvdot_detector_main-8] [INFO] [1776959473.705253121] [lvdot_detector_node]: Input health: depth=871 color=954 lidar=575 pose=1674 odom=1674 yolo=503 depth_pose_sync=0 lidar_pose_sync=0 depth_odom_sync=0 lidar_odom_sync=0
[lvdot_detector_main-8] [INFO] [1776959473.705312961] [lvdot_detector_node]: Stage timers: detection=383 lidar_detection=216 tracking=6358 classification=6336 vis=5793
[lvdot_detector_main-8] [INFO] [1776959473.705323682] [lvdot_detector_node]: Processing phases: detection=run_core lidar_detection=run_lidar_detector/dbscan tracking=waiting_new_filtered_update classification=waiting_new_tracking_update
[lvdot_detector_main-8] [INFO] [1776959473.705332356] [lvdot_detector_node]: Pipeline stats: depth_samples=1298/71300 u_map=1 depth_boxes=0 u_map_merge=0 u_map_db=0 u_map_visual=0 u_map_fused=0 u_map_filtered=0 lidar_samples=3272/123012 uv=0 db=7 lidar=21 fused=21 filtered=21 tracks=21 dynamic=0 dyn_points=0 raw_dyn_points=0 service=30/0 split=21->0 (21 outputs) fusion_components=21 visual_only=0 lidar_only=21 yolo_in=0 yolo_match3d=0 yolo_match_det=0 yolo_human=0 fixed_size=0 size_reject=0
[lvdot_detector_main-8] [INFO] [1776959479.711585114] [lvdot_detector_node]: Input health: depth=887 color=972 lidar=585 pose=1722 odom=1722 yolo=514 depth_pose_sync=0 lidar_pose_sync=0 depth_odom_sync=0 lidar_odom_sync=0
[lvdot_detector_main-8] [INFO] [1776959479.711686631] [lvdot_detector_node]: Stage timers: detection=390 lidar_detection=219 tracking=6539 classification=6515 vis=5955
[lvdot_detector_main-8] [INFO] [1776959479.711702819] [lvdot_detector_node]: Processing phases: detection=run_core lidar_detection=run_lidar_detector/project tracking=waiting_new_filtered_update classification=waiting_new_tracking_update
[lvdot_detector_main-8] [INFO] [1776959479.711788050] [lvdot_detector_node]: Pipeline stats: depth_samples=1246/71300 u_map=3 depth_boxes=0 u_map_merge=0 u_map_db=0 u_map_visual=0 u_map_fused=0 u_map_filtered=0 lidar_samples=3186/129048 uv=0 db=6 lidar=19 fused=19 filtered=21 tracks=21 dynamic=2 dyn_points=51 raw_dyn_points=1347 service=30/0 split=19->1 (21 outputs) fusion_components=19 visual_only=0 lidar_only=19 yolo_in=5 yolo_match3d=2 yolo_match_det=4 yolo_human=4 fixed_size=0 size_reject=2
[uav_trajectory_controller-4] [WARN] [1776959481.872484640] [uav_trajectory_controller]: SetEntityPose request timed out after 0.84s on /world/pedestrian_prototype/set_pose; dropping the pending request and retrying.
[lvdot_detector_main-8] [INFO] [1776959486.510764138] [lvdot_detector_node]: Input health: depth=900 color=990 lidar=602 pose=1769 odom=1769 yolo=526 depth_pose_sync=0 lidar_pose_sync=0 depth_odom_sync=0 lidar_odom_sync=0
[lvdot_detector_main-8] [INFO] [1776959486.510928095] [lvdot_detector_node]: Stage timers: detection=397 lidar_detection=221 tracking=6718 classification=6694 vis=6126
[lvdot_detector_main-8] [INFO] [1776959486.510942726] [lvdot_detector_node]: Processing phases: detection=run_core lidar_detection=run_lidar_detector/downsample tracking=waiting_new_filtered_update classification=waiting_new_tracking_update
[lvdot_detector_main-8] [INFO] [1776959486.510951796] [lvdot_detector_node]: Pipeline stats: depth_samples=1443/71300 u_map=3 depth_boxes=0 u_map_merge=0 u_map_db=0 u_map_visual=0 u_map_fused=0 u_map_filtered=0 lidar_samples=3484/174762 uv=1 db=12 lidar=4 fused=14 filtered=14 tracks=14 dynamic=2 dyn_points=164 raw_dyn_points=0 service=30/0 split=14->0 (14 outputs) fusion_components=14 visual_only=1 lidar_only=13 yolo_in=4 yolo_match3d=2 yolo_match_det=2 yolo_human=2 fixed_size=0 size_reject=0
[lvdot_detector_main-8] [INFO] [1776959492.511825384] [lvdot_detector_node]: Input health: depth=922 color=1011 lidar=608 pose=1817 odom=1817 yolo=535 depth_pose_sync=0 lidar_pose_sync=0 depth_odom_sync=0 lidar_odom_sync=0
[lvdot_detector_main-8] [INFO] [1776959492.512008263] [lvdot_detector_node]: Stage timers: detection=404 lidar_detection=223 tracking=6892 classification=6863 vis=6274
[lvdot_detector_main-8] [INFO] [1776959492.512029330] [lvdot_detector_node]: Processing phases: detection=run_core lidar_detection=run_lidar_detector/dbscan tracking=waiting_new_filtered_update classification=waiting_new_tracking_update
[lvdot_detector_main-8] [INFO] [1776959492.512043570] [lvdot_detector_node]: Pipeline stats: depth_samples=1581/71300 u_map=0 depth_boxes=0 u_map_merge=0 u_map_db=0 u_map_visual=0 u_map_fused=0 u_map_filtered=0 lidar_samples=3191/144759 uv=0 db=9 lidar=16 fused=63 filtered=63 tracks=63 dynamic=0 dyn_points=0 raw_dyn_points=0 service=30/0 split=63->0 (63 outputs) fusion_components=63 visual_only=0 lidar_only=63 yolo_in=0 yolo_match3d=0 yolo_match_det=0 yolo_human=0 fixed_size=0 size_reject=0
[lvdot_detector_main-8] [INFO] [1776959497.859620711] [lvdot_detector_node]: get_dynamic_obstacles responded with 1 obstacles from 1 tracked dynamic boxes.
[lvdot_detector_main-8] [INFO] [1776959498.519793845] [lvdot_detector_node]: Input health: depth=942 color=1032 lidar=623 pose=1865 odom=1865 yolo=546 depth_pose_sync=0 lidar_pose_sync=0 depth_odom_sync=0 lidar_odom_sync=0
[lvdot_detector_main-8] [INFO] [1776959498.519865749] [lvdot_detector_node]: Stage timers: detection=411 lidar_detection=225 tracking=7073 classification=7045 vis=6445
[lvdot_detector_main-8] [INFO] [1776959498.519879779] [lvdot_detector_node]: Processing phases: detection=run_core lidar_detection=run_lidar_detector/dbscan tracking=waiting_new_filtered_update classification=waiting_new_tracking_update
[lvdot_detector_main-8] [INFO] [1776959498.519890107] [lvdot_detector_node]: Pipeline stats: depth_samples=1666/71300 u_map=3 depth_boxes=0 u_map_merge=0 u_map_db=0 u_map_visual=0 u_map_fused=0 u_map_filtered=0 lidar_samples=3450/108185 uv=1 db=12 lidar=4 fused=5 filtered=5 tracks=5 dynamic=1 dyn_points=87 raw_dyn_points=0 service=31/1 split=5->0 (5 outputs) fusion_components=5 visual_only=1 lidar_only=4 yolo_in=3 yolo_match3d=1 yolo_match_det=1 yolo_human=1 fixed_size=0 size_reject=0
[lvdot_detector_main-8] [INFO] [1776959504.525179603] [lvdot_detector_node]: Input health: depth=962 color=1053 lidar=643 pose=1911 odom=1911 yolo=559 depth_pose_sync=0 lidar_pose_sync=0 depth_odom_sync=0 lidar_odom_sync=0
[lvdot_detector_main-8] [INFO] [1776959504.525257073] [lvdot_detector_node]: Stage timers: detection=418 lidar_detection=227 tracking=7254 classification=7227 vis=6606
[lvdot_detector_main-8] [INFO] [1776959504.525270034] [lvdot_detector_node]: Processing phases: detection=run_core lidar_detection=run_lidar_detector/dbscan tracking=waiting_new_filtered_update classification=waiting_new_tracking_update
[lvdot_detector_main-8] [INFO] [1776959504.525278707] [lvdot_detector_node]: Pipeline stats: depth_samples=1546/71300 u_map=2 depth_boxes=0 u_map_merge=0 u_map_db=0 u_map_visual=0 u_map_fused=0 u_map_filtered=0 lidar_samples=3243/176718 uv=2 db=11 lidar=7 fused=9 filtered=9 tracks=9 dynamic=1 dyn_points=96 raw_dyn_points=0 service=31/1 split=9->0 (9 outputs) fusion_components=9 visual_only=2 lidar_only=7 yolo_in=2 yolo_match3d=1 yolo_match_det=1 yolo_human=1 fixed_size=0 size_reject=0
[lvdot_detector_main-8] [INFO] [1776959510.511385295] [lvdot_detector_node]: Input health: depth=979 color=1071 lidar=650 pose=1959 odom=1959 yolo=566 depth_pose_sync=0 lidar_pose_sync=0 depth_odom_sync=0 lidar_odom_sync=0
[lvdot_detector_main-8] [INFO] [1776959510.511458051] [lvdot_detector_node]: Stage timers: detection=425 lidar_detection=230 tracking=7421 classification=7370 vis=6750
[lvdot_detector_main-8] [INFO] [1776959510.511471803] [lvdot_detector_node]: Processing phases: detection=run_core lidar_detection=run_lidar_detector/project tracking=waiting_new_filtered_update classification=waiting_new_tracking_update
[lvdot_detector_main-8] [INFO] [1776959510.511481653] [lvdot_detector_node]: Pipeline stats: depth_samples=1489/71300 u_map=1 depth_boxes=0 u_map_merge=0 u_map_db=0 u_map_visual=0 u_map_fused=0 u_map_filtered=0 lidar_samples=3340/155756 uv=1 db=10 lidar=6 fused=7 filtered=7 tracks=7 dynamic=1 dyn_points=58 raw_dyn_points=0 service=31/1 split=7->0 (7 outputs) fusion_components=7 visual_only=1 lidar_only=6 yolo_in=1 yolo_match3d=1 yolo_match_det=1 yolo_human=1 fixed_size=0 size_reject=0
