[INFO] [launch]: All log files can be found below /home/skbt2/.ros/log/2026-04-24-09-59-16-420942-DESKTOP-90MQDL6-87729
[INFO] [launch]: Default logging verbosity is set to INFO
[INFO] [gazebo-1]: process started with pid [87767]
[INFO] [parameter_bridge-2]: process started with pid [87768]
[INFO] [pedestrian_state_publisher-3]: process started with pid [87769]
[INFO] [uav_trajectory_controller-4]: process started with pid [87770]
[INFO] [image_pointcloud_relay-5]: process started with pid [87771]
[INFO] [image_pointcloud_relay-6]: process started with pid [87772]
[INFO] [lvdot_yolo_node-7]: process started with pid [87773]
[INFO] [lvdot_detector_main-8]: process started with pid [87774]
[parameter_bridge-2] [INFO] [1776995957.171424950] [ros_gz_bridge]: Creating GZ->ROS Bridge: [/rgbd_camera/image (gz.msgs.Image) -> /rgbd_camera/image (sensor_msgs/msg/Image)] (Lazy 0)
[parameter_bridge-2] [INFO] [1776995957.191633092] [ros_gz_bridge]: Creating GZ->ROS Bridge: [/rgbd_camera/camera_info (gz.msgs.CameraInfo) -> /rgbd_camera/camera_info (sensor_msgs/msg/CameraInfo)] (Lazy 0)
[parameter_bridge-2] [INFO] [1776995957.196850304] [ros_gz_bridge]: Creating GZ->ROS Bridge: [/rgbd_camera/depth_image (gz.msgs.Image) -> /rgbd_camera/depth_image (sensor_msgs/msg/Image)] (Lazy 0)
[parameter_bridge-2] [INFO] [1776995957.201145654] [ros_gz_bridge]: Creating GZ->ROS Bridge: [/rgbd_camera/points (gz.msgs.PointCloudPacked) -> /rgbd_camera/points (sensor_msgs/msg/PointCloud2)] (Lazy 0)
[parameter_bridge-2] [INFO] [1776995957.211001491] [ros_gz_bridge]: Creating GZ->ROS Bridge: [/camera/imu (gz.msgs.IMU) -> /camera/imu (sensor_msgs/msg/Imu)] (Lazy 0)
[parameter_bridge-2] [INFO] [1776995957.216107649] [ros_gz_bridge]: Creating ROS->GZ service bridge [/world/pedestrian_prototype/set_pose (ros_gz_interfaces/srv/SetEntityPose -> /)]
[parameter_bridge-2] [INFO] [1776995957.222549736] [ros_gz_bridge]: Creating ROS->GZ service bridge [/world/pedestrian_prototype/set_pose/blocking (ros_gz_interfaces/srv/SetEntityPose -> /)]
[lvdot_detector_main-8] [INFO] [1776995957.480727540] [lvdot_detector_node]: Config loaded: localization_mode=0 dt=0.033 image=640x480 depth_range=[0.50, 5.00] stage_timers=true vis_stage=false executor_threads=1
[lvdot_detector_main-8] [INFO] [1776995957.622930170] [lvdot_detector_node]: LV-DOT ROS2 skeleton started. depth=/camera/depth/image_rect_raw color=/camera/color/image_raw lidar=/pointcloud pose=/mavros/local_position/pose odom=/mavros/local_position/odom yolo=/yolo_detector/detected_bounding_boxes
[lvdot_detector_main-8] [INFO] [1776995957.622989986] [lvdot_detector_node]: Starting executor with executor_threads=1
[lvdot_detector_main-8] [WARN] [1776995957.623116210] [rclcpp]: MultiThreadedExecutor is used with a single thread.
[lvdot_detector_main-8] Use the SingleThreadedExecutor instead.
[lvdot_detector_main-8] [INFO] [1776995959.624646552] [lvdot_detector_node]: Input health: depth=0 color=4 lidar=0 pose=29 odom=29 yolo=0 depth_pose_sync=0 lidar_pose_sync=0 depth_odom_sync=0 lidar_odom_sync=0
[lvdot_detector_main-8] [INFO] [1776995959.624828398] [lvdot_detector_node]: Stage timers: detection=60 lidar_detection=60 tracking=60 classification=60 vis=0
[lvdot_detector_main-8] [INFO] [1776995959.624854062] [lvdot_detector_node]: Processing phases: detection=waiting_depth lidar_detection=waiting_new_lidar tracking=waiting_new_filtered_update classification=waiting_new_tracking_update
[lvdot_detector_main-8] [INFO] [1776995959.624868542] [lvdot_detector_node]: Pipeline stats: depth_samples=0/0 u_map=0 depth_boxes=0 u_map_merge=0 u_map_db=0 u_map_visual=0 u_map_fused=0 u_map_filtered=0 lidar_samples=0/0 uv=0 db=0 lidar=0 fused=0 filtered=0 tracks=0 dynamic=0 dyn_points=0 raw_dyn_points=0 service=0/0 split=0->0 (0 outputs) fusion_components=0 visual_only=0 lidar_only=0 yolo_in=0 yolo_match3d=0 yolo_match_det=0 yolo_human=0 fixed_size=0 size_reject=0
[gazebo-1] [INFO] [1776995960.274475170] [pedestrian_pose_sync_system]: Configured pedestrian pose sync plugin on topic [/pedestrian_sim/agent_states] for 8 models.
[uav_trajectory_controller-4] [WARN] [1776995961.052006174] [uav_trajectory_controller]: SetEntityPose request timed out after 0.62s on /world/pedestrian_prototype/set_pose/blocking; dropping the pending request and retrying.
[uav_trajectory_controller-4] [WARN] [1776995961.054131005] [uav_trajectory_controller]: Falling back from /world/pedestrian_prototype/set_pose/blocking to /world/pedestrian_prototype/set_pose.
[lvdot_detector_main-8] [INFO] [1776995964.656308521] [lvdot_detector_node]: Input health: depth=2 color=5 lidar=0 pose=41 odom=41 yolo=1 depth_pose_sync=0 lidar_pose_sync=0 depth_odom_sync=0 lidar_odom_sync=0
[lvdot_detector_main-8] [INFO] [1776995964.656876463] [lvdot_detector_node]: Stage timers: detection=76 lidar_detection=76 tracking=76 classification=76 vis=0
[lvdot_detector_main-8] [INFO] [1776995964.656897856] [lvdot_detector_node]: Processing phases: detection=idle lidar_detection=waiting_new_lidar tracking=idle classification=idle
[lvdot_detector_main-8] [INFO] [1776995964.656916219] [lvdot_detector_node]: Pipeline stats: depth_samples=1496/71300 u_map=2 depth_boxes=0 u_map_merge=0 u_map_db=0 u_map_visual=0 u_map_fused=0 u_map_filtered=0 lidar_samples=0/0 uv=1 db=13 lidar=0 fused=1 filtered=1 tracks=3 dynamic=1 dyn_points=0 raw_dyn_points=0 service=0/0 split=1->0 (1 outputs) fusion_components=1 visual_only=1 lidar_only=0 yolo_in=3 yolo_match3d=0 yolo_match_det=0 yolo_human=0 fixed_size=0 size_reject=1
[lvdot_detector_main-8] [INFO] [1776995969.896306580] [lvdot_detector_node]: Input health: depth=4 color=7 lidar=0 pose=43 odom=43 yolo=1 depth_pose_sync=0 lidar_pose_sync=0 depth_odom_sync=0 lidar_odom_sync=0
[lvdot_detector_main-8] [INFO] [1776995969.896367152] [lvdot_detector_node]: Stage timers: detection=78 lidar_detection=78 tracking=78 classification=78 vis=0
[lvdot_detector_main-8] [INFO] [1776995969.896377996] [lvdot_detector_node]: Processing phases: detection=idle lidar_detection=waiting_new_lidar tracking=idle classification=idle
[lvdot_detector_main-8] [INFO] [1776995969.896387278] [lvdot_detector_node]: Pipeline stats: depth_samples=1375/71300 u_map=2 depth_boxes=0 u_map_merge=0 u_map_db=0 u_map_visual=0 u_map_fused=0 u_map_filtered=0 lidar_samples=0/0 uv=1 db=11 lidar=0 fused=1 filtered=1 tracks=3 dynamic=0 dyn_points=0 raw_dyn_points=0 service=0/0 split=1->0 (1 outputs) fusion_components=1 visual_only=1 lidar_only=0 yolo_in=3 yolo_match3d=0 yolo_match_det=0 yolo_human=0 fixed_size=0 size_reject=0
[lvdot_detector_main-8] [INFO] [1776995978.191625059] [lvdot_detector_node]: Input health: depth=8 color=11 lidar=0 pose=47 odom=47 yolo=5 depth_pose_sync=0 lidar_pose_sync=0 depth_odom_sync=0 lidar_odom_sync=0
[lvdot_detector_main-8] [INFO] [1776995978.191725148] [lvdot_detector_node]: Stage timers: detection=82 lidar_detection=82 tracking=82 classification=82 vis=0
[lvdot_detector_main-8] [INFO] [1776995978.191743701] [lvdot_detector_node]: Processing phases: detection=idle lidar_detection=waiting_new_lidar tracking=idle classification=idle
[lvdot_detector_main-8] [INFO] [1776995978.191757079] [lvdot_detector_node]: Pipeline stats: depth_samples=1348/71300 u_map=1 depth_boxes=0 u_map_merge=0 u_map_db=0 u_map_visual=0 u_map_fused=0 u_map_filtered=0 lidar_samples=0/0 uv=1 db=13 lidar=0 fused=1 filtered=1 tracks=3 dynamic=0 dyn_points=0 raw_dyn_points=0 service=0/0 split=1->0 (1 outputs) fusion_components=1 visual_only=1 lidar_only=0 yolo_in=4 yolo_match3d=1 yolo_match_det=1 yolo_human=1 fixed_size=0 size_reject=0
[lvdot_detector_main-8] [INFO] [1776995993.906349438] [lvdot_detector_node]: Input health: depth=12 color=15 lidar=1 pose=51 odom=51 yolo=9 depth_pose_sync=0 lidar_pose_sync=0 depth_odom_sync=0 lidar_odom_sync=0
[lvdot_detector_main-8] [INFO] [1776995993.908537781] [lvdot_detector_node]: Stage timers: detection=86 lidar_detection=86 tracking=86 classification=86 vis=0
[lvdot_detector_main-8] [INFO] [1776995993.908832825] [lvdot_detector_node]: Processing phases: detection=idle lidar_detection=waiting_new_lidar tracking=idle classification=waiting_new_tracking_update
[lvdot_detector_main-8] [INFO] [1776995993.908846680] [lvdot_detector_node]: Pipeline stats: depth_samples=1487/71300 u_map=2 depth_boxes=0 u_map_merge=0 u_map_db=0 u_map_visual=0 u_map_fused=0 u_map_filtered=0 lidar_samples=3048/120658 uv=1 db=14 lidar=10 fused=11 filtered=11 tracks=12 dynamic=0 dyn_points=0 raw_dyn_points=0 service=0/0 split=11->1 (11 outputs) fusion_components=11 visual_only=1 lidar_only=10 yolo_in=4 yolo_match3d=1 yolo_match_det=3 yolo_human=0 fixed_size=0 size_reject=0
[lvdot_detector_main-8] [INFO] [1776996004.023617457] [lvdot_detector_node]: Input health: depth=16 color=19 lidar=1 pose=55 odom=55 yolo=13 depth_pose_sync=0 lidar_pose_sync=0 depth_odom_sync=0 lidar_odom_sync=0
[lvdot_detector_main-8] [INFO] [1776996004.023701134] [lvdot_detector_node]: Stage timers: detection=90 lidar_detection=90 tracking=90 classification=90 vis=0
[lvdot_detector_main-8] [INFO] [1776996004.023717830] [lvdot_detector_node]: Processing phases: detection=idle lidar_detection=waiting_new_lidar tracking=idle classification=idle
[lvdot_detector_main-8] [INFO] [1776996004.023730230] [lvdot_detector_node]: Pipeline stats: depth_samples=1442/71300 u_map=1 depth_boxes=0 u_map_merge=0 u_map_db=0 u_map_visual=0 u_map_fused=0 u_map_filtered=0 lidar_samples=3048/120658 uv=1 db=10 lidar=10 fused=11 filtered=12 tracks=11 dynamic=0 dyn_points=0 raw_dyn_points=0 service=0/0 split=11->1 (12 outputs) fusion_components=11 visual_only=1 lidar_only=10 yolo_in=3 yolo_match3d=1 yolo_match_det=3 yolo_human=2 fixed_size=0 size_reject=1
[lvdot_detector_main-8] [INFO] [1776996012.335861063] [lvdot_detector_node]: Input health: depth=20 color=23 lidar=1 pose=59 odom=59 yolo=17 depth_pose_sync=0 lidar_pose_sync=0 depth_odom_sync=0 lidar_odom_sync=0
[lvdot_detector_main-8] [INFO] [1776996012.335936052] [lvdot_detector_node]: Stage timers: detection=94 lidar_detection=94 tracking=94 classification=94 vis=0
[lvdot_detector_main-8] [INFO] [1776996012.335956362] [lvdot_detector_node]: Processing phases: detection=idle lidar_detection=waiting_new_lidar tracking=idle classification=idle
[lvdot_detector_main-8] [INFO] [1776996012.335970520] [lvdot_detector_node]: Pipeline stats: depth_samples=1290/71300 u_map=4 depth_boxes=0 u_map_merge=0 u_map_db=0 u_map_visual=0 u_map_fused=0 u_map_filtered=0 lidar_samples=3048/120658 uv=1 db=7 lidar=10 fused=11 filtered=11 tracks=11 dynamic=0 dyn_points=0 raw_dyn_points=0 service=0/0 split=11->0 (11 outputs) fusion_components=11 visual_only=1 lidar_only=10 yolo_in=0 yolo_match3d=0 yolo_match_det=0 yolo_human=0 fixed_size=0 size_reject=0
[lvdot_detector_main-8] [INFO] [1776996021.947115794] [lvdot_detector_node]: Input health: depth=24 color=27 lidar=1 pose=63 odom=63 yolo=21 depth_pose_sync=0 lidar_pose_sync=0 depth_odom_sync=0 lidar_odom_sync=0
[lvdot_detector_main-8] [INFO] [1776996021.947174868] [lvdot_detector_node]: Stage timers: detection=98 lidar_detection=98 tracking=98 classification=98 vis=0
[lvdot_detector_main-8] [INFO] [1776996021.947185218] [lvdot_detector_node]: Processing phases: detection=idle lidar_detection=waiting_new_lidar tracking=idle classification=idle
[lvdot_detector_main-8] [INFO] [1776996021.947193810] [lvdot_detector_node]: Pipeline stats: depth_samples=1400/71300 u_map=1 depth_boxes=0 u_map_merge=0 u_map_db=0 u_map_visual=0 u_map_fused=0 u_map_filtered=0 lidar_samples=3048/120658 uv=1 db=10 lidar=10 fused=11 filtered=11 tracks=11 dynamic=1 dyn_points=0 raw_dyn_points=0 service=0/0 split=11->1 (11 outputs) fusion_components=11 visual_only=1 lidar_only=10 yolo_in=3 yolo_match3d=1 yolo_match_det=2 yolo_human=1 fixed_size=9 size_reject=0
[lvdot_detector_main-8] [INFO] [1776996027.555927597] [lvdot_detector_node]: Input health: depth=26 color=29 lidar=1 pose=65 odom=65 yolo=23 depth_pose_sync=0 lidar_pose_sync=0 depth_odom_sync=0 lidar_odom_sync=0
[lvdot_detector_main-8] [INFO] [1776996027.557855267] [lvdot_detector_node]: Stage timers: detection=100 lidar_detection=100 tracking=100 classification=100 vis=0
[lvdot_detector_main-8] [INFO] [1776996027.557879385] [lvdot_detector_node]: Processing phases: detection=idle lidar_detection=waiting_new_lidar tracking=idle classification=idle
[lvdot_detector_main-8] [INFO] [1776996027.557892665] [lvdot_detector_node]: Pipeline stats: depth_samples=1389/71300 u_map=0 depth_boxes=0 u_map_merge=0 u_map_db=0 u_map_visual=0 u_map_fused=0 u_map_filtered=0 lidar_samples=3048/120658 uv=0 db=10 lidar=10 fused=10 filtered=10 tracks=11 dynamic=1 dyn_points=0 raw_dyn_points=0 service=0/0 split=10->0 (10 outputs) fusion_components=10 visual_only=0 lidar_only=10 yolo_in=3 yolo_match3d=0 yolo_match_det=0 yolo_human=0 fixed_size=9 size_reject=0
[lvdot_detector_main-8] [WARN] [1776996032.012528597] [lvdot_detector_node.rclcpp]: failed to send response to /lvdot_detector_node/get_parameters (timeout): client will not receive response, at ./src/rmw_response.cpp:153, at ./src/rcl/service.c:400
[lvdot_detector_main-8] [INFO] [1776996038.238215889] [lvdot_detector_node]: Input health: depth=30 color=33 lidar=1 pose=69 odom=69 yolo=27 depth_pose_sync=0 lidar_pose_sync=0 depth_odom_sync=0 lidar_odom_sync=0
[lvdot_detector_main-8] [INFO] [1776996038.238302207] [lvdot_detector_node]: Stage timers: detection=104 lidar_detection=104 tracking=104 classification=104 vis=0
[lvdot_detector_main-8] [INFO] [1776996038.238319099] [lvdot_detector_node]: Processing phases: detection=idle lidar_detection=waiting_new_lidar tracking=idle classification=idle
[lvdot_detector_main-8] [INFO] [1776996038.238331500] [lvdot_detector_node]: Pipeline stats: depth_samples=1521/71300 u_map=3 depth_boxes=0 u_map_merge=0 u_map_db=0 u_map_visual=0 u_map_fused=0 u_map_filtered=0 lidar_samples=3048/120658 uv=2 db=13 lidar=10 fused=12 filtered=13 tracks=10 dynamic=0 dyn_points=0 raw_dyn_points=0 service=0/0 split=12->1 (13 outputs) fusion_components=12 visual_only=2 lidar_only=10 yolo_in=3 yolo_match3d=2 yolo_match_det=3 yolo_human=3 fixed_size=9 size_reject=0
[lvdot_detector_main-8] [WARN] [1776996040.621195187] [lvdot_detector_node.rclcpp]: failed to send response to /lvdot_detector_node/get_parameters (timeout): client will not receive response, at ./src/rmw_response.cpp:153, at ./src/rcl/service.c:400
[lvdot_detector_main-8] [INFO] [1776996045.710894703] [lvdot_detector_node]: get_dynamic_obstacles responded with 0 obstacles from 0 tracked dynamic boxes.
[lvdot_detector_main-8] [WARN] [1776996045.812087183] [lvdot_detector_node.rclcpp]: failed to send response to /onboard_detector/get_dynamic_obstacles (timeout): client will not receive response, at ./src/rmw_response.cpp:153, at ./src/rcl/service.c:400
[lvdot_detector_main-8] [INFO] [1776996048.354633855] [lvdot_detector_node]: Input health: depth=34 color=37 lidar=1 pose=73 odom=73 yolo=31 depth_pose_sync=0 lidar_pose_sync=0 depth_odom_sync=0 lidar_odom_sync=0
[lvdot_detector_main-8] [INFO] [1776996048.357497182] [lvdot_detector_node]: Stage timers: detection=108 lidar_detection=108 tracking=108 classification=108 vis=0
[lvdot_detector_main-8] [INFO] [1776996048.358024853] [lvdot_detector_node]: Processing phases: detection=idle lidar_detection=waiting_new_lidar tracking=idle classification=idle
[lvdot_detector_main-8] [INFO] [1776996048.358597830] [lvdot_detector_node]: Pipeline stats: depth_samples=1351/71300 u_map=1 depth_boxes=0 u_map_merge=0 u_map_db=0 u_map_visual=0 u_map_fused=0 u_map_filtered=0 lidar_samples=3048/120658 uv=0 db=11 lidar=10 fused=10 filtered=10 tracks=11 dynamic=0 dyn_points=0 raw_dyn_points=0 service=1/0 split=10->0 (10 outputs) fusion_components=10 visual_only=0 lidar_only=10 yolo_in=1 yolo_match3d=0 yolo_match_det=0 yolo_human=0 fixed_size=9 size_reject=0
[lvdot_detector_main-8] [INFO] [1776996055.470901645] [lvdot_detector_node]: Input health: depth=37 color=40 lidar=1 pose=76 odom=76 yolo=34 depth_pose_sync=0 lidar_pose_sync=0 depth_odom_sync=0 lidar_odom_sync=0
[lvdot_detector_main-8] [INFO] [1776996055.472082561] [lvdot_detector_node]: Stage timers: detection=111 lidar_detection=111 tracking=111 classification=111 vis=0
[lvdot_detector_main-8] [INFO] [1776996055.472819974] [lvdot_detector_node]: Processing phases: detection=idle lidar_detection=waiting_new_lidar tracking=idle classification=idle
[lvdot_detector_main-8] [INFO] [1776996055.473343643] [lvdot_detector_node]: Pipeline stats: depth_samples=1552/71300 u_map=3 depth_boxes=0 u_map_merge=0 u_map_db=0 u_map_visual=0 u_map_fused=0 u_map_filtered=0 lidar_samples=3048/120658 uv=1 db=13 lidar=10 fused=11 filtered=11 tracks=11 dynamic=0 dyn_points=0 raw_dyn_points=0 service=1/0 split=11->0 (11 outputs) fusion_components=11 visual_only=1 lidar_only=10 yolo_in=3 yolo_match3d=2 yolo_match_det=2 yolo_human=2 fixed_size=10 size_reject=0
[lvdot_detector_main-8] [INFO] [1776996055.476724885] [lvdot_detector_node]: get_dynamic_obstacles responded with 0 obstacles from 0 tracked dynamic boxes.
[lvdot_detector_main-8] [WARN] [1776996055.579286350] [lvdot_detector_node.rclcpp]: failed to send response to /onboard_detector/get_dynamic_obstacles (timeout): client will not receive response, at ./src/rmw_response.cpp:153, at ./src/rcl/service.c:400
[lvdot_detector_main-8] [INFO] [1776996069.046436891] [lvdot_detector_node]: Input health: depth=39 color=42 lidar=2 pose=78 odom=78 yolo=36 depth_pose_sync=0 lidar_pose_sync=0 depth_odom_sync=0 lidar_odom_sync=0
[lvdot_detector_main-8] [INFO] [1776996069.050444788] [lvdot_detector_node]: Stage timers: detection=113 lidar_detection=113 tracking=113 classification=113 vis=0
[lvdot_detector_main-8] [INFO] [1776996069.051875168] [lvdot_detector_node]: Processing phases: detection=idle lidar_detection=idle tracking=idle classification=idle
[lvdot_detector_main-8] [INFO] [1776996069.051901823] [lvdot_detector_node]: Pipeline stats: depth_samples=1471/71300 u_map=3 depth_boxes=0 u_map_merge=0 u_map_db=0 u_map_visual=0 u_map_fused=0 u_map_filtered=0 lidar_samples=3196/124695 uv=2 db=13 lidar=13 fused=14 filtered=14 tracks=10 dynamic=2 dyn_points=0 raw_dyn_points=0 service=2/0 split=14->1 (14 outputs) fusion_components=14 visual_only=1 lidar_only=12 yolo_in=2 yolo_match3d=1 yolo_match_det=2 yolo_human=0 fixed_size=10 size_reject=0
[lvdot_detector_main-8] [INFO] [1776996069.053092115] [lvdot_detector_node]: get_dynamic_obstacles responded with 2 obstacles from 2 tracked dynamic boxes.
[lvdot_detector_main-8] [WARN] [1776996069.158969470] [lvdot_detector_node.rclcpp]: failed to send response to /onboard_detector/get_dynamic_obstacles (timeout): client will not receive response, at ./src/rmw_response.cpp:153, at ./src/rcl/service.c:400
[lvdot_detector_main-8] [INFO] [1776996092.706193765] [lvdot_detector_node]: Input health: depth=42 color=45 lidar=4 pose=81 odom=81 yolo=39 depth_pose_sync=0 lidar_pose_sync=0 depth_odom_sync=0 lidar_odom_sync=0
[lvdot_detector_main-8] [INFO] [1776996092.706292775] [lvdot_detector_node]: Stage timers: detection=116 lidar_detection=116 tracking=116 classification=116 vis=0
[lvdot_detector_main-8] [INFO] [1776996092.706304590] [lvdot_detector_node]: Processing phases: detection=idle lidar_detection=idle tracking=idle classification=idle
[lvdot_detector_main-8] [INFO] [1776996092.706313670] [lvdot_detector_node]: Pipeline stats: depth_samples=1332/71300 u_map=1 depth_boxes=0 u_map_merge=0 u_map_db=0 u_map_visual=0 u_map_fused=0 u_map_filtered=0 lidar_samples=3023/133090 uv=0 db=11 lidar=20 fused=20 filtered=20 tracks=27 dynamic=0 dyn_points=0 raw_dyn_points=0 service=3/2 split=20->0 (20 outputs) fusion_components=20 visual_only=0 lidar_only=20 yolo_in=0 yolo_match3d=0 yolo_match_det=0 yolo_human=0 fixed_size=0 size_reject=0
[lvdot_detector_main-8] [INFO] [1776996094.725629721] [lvdot_detector_node]: get_dynamic_obstacles responded with 1 obstacles from 1 tracked dynamic boxes.
[lvdot_detector_main-8] [WARN] [1776996094.833307020] [lvdot_detector_node.rclcpp]: failed to send response to /onboard_detector/get_dynamic_obstacles (timeout): client will not receive response, at ./src/rmw_response.cpp:153, at ./src/rcl/service.c:400
[lvdot_detector_main-8] [INFO] [1776996105.288929407] [lvdot_detector_node]: Input health: depth=47 color=50 lidar=4 pose=86 odom=86 yolo=44 depth_pose_sync=0 lidar_pose_sync=0 depth_odom_sync=0 lidar_odom_sync=0
[lvdot_detector_main-8] [INFO] [1776996105.292282503] [lvdot_detector_node]: Stage timers: detection=121 lidar_detection=121 tracking=121 classification=121 vis=0
[lvdot_detector_main-8] [INFO] [1776996105.293015852] [lvdot_detector_node]: Processing phases: detection=idle lidar_detection=waiting_new_lidar tracking=idle classification=idle
[lvdot_detector_main-8] [INFO] [1776996105.293760724] [lvdot_detector_node]: Pipeline stats: depth_samples=1400/71300 u_map=2 depth_boxes=0 u_map_merge=0 u_map_db=0 u_map_visual=0 u_map_fused=0 u_map_filtered=0 lidar_samples=3023/133090 uv=0 db=11 lidar=20 fused=20 filtered=20 tracks=22 dynamic=0 dyn_points=0 raw_dyn_points=0 service=4/1 split=20->0 (20 outputs) fusion_components=20 visual_only=0 lidar_only=20 yolo_in=2 yolo_match3d=0 yolo_match_det=0 yolo_human=0 fixed_size=0 size_reject=0
[lvdot_detector_main-8] [INFO] [1776996107.860937870] [lvdot_detector_node]: get_dynamic_obstacles responded with 2 obstacles from 2 tracked dynamic boxes.
[lvdot_detector_main-8] [WARN] [1776996107.965287509] [lvdot_detector_node.rclcpp]: failed to send response to /onboard_detector/get_dynamic_obstacles (timeout): client will not receive response, at ./src/rmw_response.cpp:153, at ./src/rcl/service.c:400
[lvdot_detector_main-8] [INFO] [1776996110.600809093] [lvdot_detector_node]: Input health: depth=49 color=52 lidar=4 pose=88 odom=88 yolo=46 depth_pose_sync=0 lidar_pose_sync=0 depth_odom_sync=0 lidar_odom_sync=0
[lvdot_detector_main-8] [INFO] [1776996110.601819572] [lvdot_detector_node]: Stage timers: detection=123 lidar_detection=123 tracking=123 classification=123 vis=0
[lvdot_detector_main-8] [INFO] [1776996110.602660922] [lvdot_detector_node]: Processing phases: detection=idle lidar_detection=waiting_new_lidar tracking=idle classification=idle
[lvdot_detector_main-8] [INFO] [1776996110.603465653] [lvdot_detector_node]: Pipeline stats: depth_samples=1202/71300 u_map=2 depth_boxes=0 u_map_merge=0 u_map_db=0 u_map_visual=0 u_map_fused=0 u_map_filtered=0 lidar_samples=3023/133090 uv=2 db=11 lidar=20 fused=22 filtered=22 tracks=22 dynamic=0 dyn_points=0 raw_dyn_points=0 service=5/2 split=22->0 (22 outputs) fusion_components=22 visual_only=2 lidar_only=20 yolo_in=0 yolo_match3d=0 yolo_match_det=0 yolo_human=0 fixed_size=0 size_reject=0
[lvdot_detector_main-8] [INFO] [1776996113.350803040] [lvdot_detector_node]: get_dynamic_obstacles responded with 1 obstacles from 1 tracked dynamic boxes.
[lvdot_detector_main-8] [WARN] [1776996113.453950811] [lvdot_detector_node.rclcpp]: failed to send response to /onboard_detector/get_dynamic_obstacles (timeout): client will not receive response, at ./src/rmw_response.cpp:153, at ./src/rcl/service.c:400
[lvdot_detector_main-8] [INFO] [1776996116.049543419] [lvdot_detector_node]: Input health: depth=51 color=54 lidar=4 pose=90 odom=90 yolo=48 depth_pose_sync=0 lidar_pose_sync=0 depth_odom_sync=0 lidar_odom_sync=0
[lvdot_detector_main-8] [INFO] [1776996116.050819706] [lvdot_detector_node]: Stage timers: detection=125 lidar_detection=125 tracking=125 classification=125 vis=0
[lvdot_detector_main-8] [INFO] [1776996116.051561009] [lvdot_detector_node]: Processing phases: detection=idle lidar_detection=waiting_new_lidar tracking=idle classification=idle
[lvdot_detector_main-8] [INFO] [1776996116.051590009] [lvdot_detector_node]: Pipeline stats: depth_samples=1280/71300 u_map=3 depth_boxes=0 u_map_merge=0 u_map_db=0 u_map_visual=0 u_map_fused=0 u_map_filtered=0 lidar_samples=3023/133090 uv=1 db=7 lidar=20 fused=21 filtered=21 tracks=21 dynamic=0 dyn_points=0 raw_dyn_points=0 service=6/1 split=21->1 (21 outputs) fusion_components=21 visual_only=1 lidar_only=20 yolo_in=2 yolo_match3d=1 yolo_match_det=2 yolo_human=1 fixed_size=1 size_reject=0
[lvdot_detector_main-8] [INFO] [1776996120.911415705] [lvdot_detector_node]: get_dynamic_obstacles responded with 1 obstacles from 1 tracked dynamic boxes.
[lvdot_detector_main-8] [WARN] [1776996121.012679095] [lvdot_detector_node.rclcpp]: failed to send response to /onboard_detector/get_dynamic_obstacles (timeout): client will not receive response, at ./src/rmw_response.cpp:153, at ./src/rcl/service.c:400
[lvdot_detector_main-8] [INFO] [1776996125.479801490] [lvdot_detector_node]: Input health: depth=55 color=58 lidar=4 pose=94 odom=94 yolo=52 depth_pose_sync=0 lidar_pose_sync=0 depth_odom_sync=0 lidar_odom_sync=0
[lvdot_detector_main-8] [INFO] [1776996125.479873256] [lvdot_detector_node]: Stage timers: detection=129 lidar_detection=129 tracking=129 classification=129 vis=0
[lvdot_detector_main-8] [INFO] [1776996125.479884094] [lvdot_detector_node]: Processing phases: detection=idle lidar_detection=waiting_new_lidar tracking=idle classification=idle
[lvdot_detector_main-8] [INFO] [1776996125.479893175] [lvdot_detector_node]: Pipeline stats: depth_samples=1320/71300 u_map=3 depth_boxes=0 u_map_merge=0 u_map_db=0 u_map_visual=0 u_map_fused=0 u_map_filtered=0 lidar_samples=3023/133090 uv=2 db=9 lidar=20 fused=22 filtered=22 tracks=21 dynamic=1 dyn_points=0 raw_dyn_points=0 service=7/1 split=22->0 (22 outputs) fusion_components=22 visual_only=2 lidar_only=20 yolo_in=0 yolo_match3d=0 yolo_match_det=0 yolo_human=0 fixed_size=19 size_reject=0
[lvdot_detector_main-8] [INFO] [1776996127.893781342] [lvdot_detector_node]: get_dynamic_obstacles responded with 1 obstacles from 1 tracked dynamic boxes.
[lvdot_detector_main-8] [WARN] [1776996127.994264821] [lvdot_detector_node.rclcpp]: failed to send response to /onboard_detector/get_dynamic_obstacles (timeout): client will not receive response, at ./src/rmw_response.cpp:153, at ./src/rcl/service.c:400
[lvdot_detector_main-8] [INFO] [1776996131.198464423] [lvdot_detector_node]: Input health: depth=57 color=60 lidar=4 pose=96 odom=96 yolo=54 depth_pose_sync=0 lidar_pose_sync=0 depth_odom_sync=0 lidar_odom_sync=0
[lvdot_detector_main-8] [INFO] [1776996131.199472047] [lvdot_detector_node]: Stage timers: detection=131 lidar_detection=131 tracking=131 classification=131 vis=0
[lvdot_detector_main-8] [INFO] [1776996131.201954537] [lvdot_detector_node]: Processing phases: detection=idle lidar_detection=waiting_new_lidar tracking=idle classification=idle
[lvdot_detector_main-8] [INFO] [1776996131.201989592] [lvdot_detector_node]: Pipeline stats: depth_samples=1521/71300 u_map=3 depth_boxes=0 u_map_merge=0 u_map_db=0 u_map_visual=0 u_map_fused=0 u_map_filtered=0 lidar_samples=3023/133090 uv=2 db=13 lidar=20 fused=22 filtered=22 tracks=22 dynamic=0 dyn_points=0 raw_dyn_points=0 service=8/1 split=22->0 (22 outputs) fusion_components=22 visual_only=2 lidar_only=20 yolo_in=1 yolo_match3d=1 yolo_match_det=1 yolo_human=1 fixed_size=19 size_reject=0
[lvdot_detector_main-8] [INFO] [1776996137.243568460] [lvdot_detector_node]: Input health: depth=59 color=62 lidar=4 pose=98 odom=98 yolo=56 depth_pose_sync=0 lidar_pose_sync=0 depth_odom_sync=0 lidar_odom_sync=0
[lvdot_detector_main-8] [INFO] [1776996137.247600459] [lvdot_detector_node]: Stage timers: detection=133 lidar_detection=133 tracking=133 classification=133 vis=0
[lvdot_detector_main-8] [INFO] [1776996137.247669872] [lvdot_detector_node]: Processing phases: detection=idle lidar_detection=waiting_new_lidar tracking=idle classification=idle
[lvdot_detector_main-8] [INFO] [1776996137.247697305] [lvdot_detector_node]: Pipeline stats: depth_samples=1456/71300 u_map=2 depth_boxes=0 u_map_merge=0 u_map_db=0 u_map_visual=0 u_map_fused=0 u_map_filtered=0 lidar_samples=3023/133090 uv=0 db=13 lidar=20 fused=20 filtered=20 tracks=21 dynamic=1 dyn_points=0 raw_dyn_points=0 service=8/1 split=20->0 (20 outputs) fusion_components=20 visual_only=0 lidar_only=20 yolo_in=3 yolo_match3d=0 yolo_match_det=0 yolo_human=0 fixed_size=19 size_reject=0
[lvdot_detector_main-8] [INFO] [1776996142.691713342] [lvdot_detector_node]: Input health: depth=61 color=64 lidar=4 pose=100 odom=100 yolo=58 depth_pose_sync=0 lidar_pose_sync=0 depth_odom_sync=0 lidar_odom_sync=0
[lvdot_detector_main-8] [INFO] [1776996142.695633362] [lvdot_detector_node]: Stage timers: detection=135 lidar_detection=135 tracking=135 classification=135 vis=0
[lvdot_detector_main-8] [INFO] [1776996142.699372676] [lvdot_detector_node]: Processing phases: detection=idle lidar_detection=waiting_new_lidar tracking=idle classification=idle
[lvdot_detector_main-8] [INFO] [1776996142.699391810] [lvdot_detector_node]: Pipeline stats: depth_samples=1383/71300 u_map=1 depth_boxes=0 u_map_merge=0 u_map_db=0 u_map_visual=0 u_map_fused=0 u_map_filtered=0 lidar_samples=3023/133090 uv=1 db=10 lidar=20 fused=21 filtered=21 tracks=21 dynamic=0 dyn_points=0 raw_dyn_points=0 service=8/1 split=21->0 (21 outputs) fusion_components=21 visual_only=1 lidar_only=20 yolo_in=1 yolo_match3d=0 yolo_match_det=0 yolo_human=0 fixed_size=19 size_reject=0
[lvdot_detector_main-8] [INFO] [1776996142.708382876] [lvdot_detector_node]: get_dynamic_obstacles responded with 0 obstacles from 0 tracked dynamic boxes.
[lvdot_detector_main-8] [WARN] [1776996142.812468398] [lvdot_detector_node.rclcpp]: failed to send response to /onboard_detector/get_dynamic_obstacles (timeout): client will not receive response, at ./src/rmw_response.cpp:153, at ./src/rcl/service.c:400
[lvdot_detector_main-8] [INFO] [1776996155.281833571] [lvdot_detector_node]: Input health: depth=63 color=66 lidar=5 pose=102 odom=102 yolo=60 depth_pose_sync=0 lidar_pose_sync=0 depth_odom_sync=0 lidar_odom_sync=0
[lvdot_detector_main-8] [INFO] [1776996155.282358043] [lvdot_detector_node]: Stage timers: detection=137 lidar_detection=137 tracking=137 classification=137 vis=0
[lvdot_detector_main-8] [INFO] [1776996155.282371126] [lvdot_detector_node]: Processing phases: detection=idle lidar_detection=waiting_new_lidar tracking=idle classification=idle
[lvdot_detector_main-8] [INFO] [1776996155.282380205] [lvdot_detector_node]: Pipeline stats: depth_samples=1369/71300 u_map=0 depth_boxes=0 u_map_merge=0 u_map_db=0 u_map_visual=0 u_map_fused=0 u_map_filtered=0 lidar_samples=3052/134814 uv=0 db=10 lidar=12 fused=12 filtered=12 tracks=12 dynamic=0 dyn_points=0 raw_dyn_points=0 service=9/0 split=12->0 (12 outputs) fusion_components=12 visual_only=0 lidar_only=12 yolo_in=0 yolo_match3d=0 yolo_match_det=0 yolo_human=0 fixed_size=0 size_reject=0
[lvdot_detector_main-8] [INFO] [1776996160.667725159] [lvdot_detector_node]: Input health: depth=65 color=68 lidar=5 pose=104 odom=104 yolo=62 depth_pose_sync=0 lidar_pose_sync=0 depth_odom_sync=0 lidar_odom_sync=0
[lvdot_detector_main-8] [INFO] [1776996160.667811000] [lvdot_detector_node]: Stage timers: detection=139 lidar_detection=139 tracking=139 classification=139 vis=0
[lvdot_detector_main-8] [INFO] [1776996160.667827699] [lvdot_detector_node]: Processing phases: detection=idle lidar_detection=waiting_new_lidar tracking=idle classification=idle
[lvdot_detector_main-8] [INFO] [1776996160.667946157] [lvdot_detector_node]: Pipeline stats: depth_samples=1529/71300 u_map=3 depth_boxes=0 u_map_merge=0 u_map_db=0 u_map_visual=0 u_map_fused=0 u_map_filtered=0 lidar_samples=3052/134814 uv=1 db=14 lidar=12 fused=13 filtered=13 tracks=12 dynamic=0 dyn_points=0 raw_dyn_points=0 service=9/0 split=13->0 (13 outputs) fusion_components=13 visual_only=1 lidar_only=12 yolo_in=4 yolo_match3d=1 yolo_match_det=1 yolo_human=1 fixed_size=0 size_reject=0
[lvdot_detector_main-8] [INFO] [1776996160.672369348] [lvdot_detector_node]: get_dynamic_obstacles responded with 0 obstacles from 0 tracked dynamic boxes.
[lvdot_detector_main-8] [INFO] [1776996167.405641415] [lvdot_detector_node]: Input health: depth=67 color=70 lidar=5 pose=106 odom=106 yolo=64 depth_pose_sync=0 lidar_pose_sync=0 depth_odom_sync=0 lidar_odom_sync=0
[lvdot_detector_main-8] [INFO] [1776996167.414739361] [lvdot_detector_node]: Stage timers: detection=141 lidar_detection=141 tracking=141 classification=141 vis=0
[lvdot_detector_main-8] [INFO] [1776996167.414770904] [lvdot_detector_node]: Processing phases: detection=idle lidar_detection=waiting_new_lidar tracking=idle classification=idle
[lvdot_detector_main-8] [INFO] [1776996167.414784088] [lvdot_detector_node]: Pipeline stats: depth_samples=1448/71300 u_map=4 depth_boxes=0 u_map_merge=0 u_map_db=0 u_map_visual=0 u_map_fused=0 u_map_filtered=0 lidar_samples=3052/134814 uv=1 db=10 lidar=12 fused=13 filtered=13 tracks=13 dynamic=1 dyn_points=0 raw_dyn_points=0 service=10/0 split=13->0 (13 outputs) fusion_components=13 visual_only=1 lidar_only=12 yolo_in=3 yolo_match3d=0 yolo_match_det=0 yolo_human=0 fixed_size=0 size_reject=0
[lvdot_detector_main-8] [INFO] [1776996172.356720013] [lvdot_detector_node]: get_dynamic_obstacles responded with 0 obstacles from 0 tracked dynamic boxes.
[lvdot_detector_main-8] [WARN] [1776996172.468455883] [lvdot_detector_node.rclcpp]: failed to send response to /onboard_detector/get_dynamic_obstacles (timeout): client will not receive response, at ./src/rmw_response.cpp:153, at ./src/rcl/service.c:400
[lvdot_detector_main-8] [INFO] [1776996177.427302135] [lvdot_detector_node]: Input health: depth=71 color=74 lidar=5 pose=110 odom=110 yolo=68 depth_pose_sync=0 lidar_pose_sync=0 depth_odom_sync=0 lidar_odom_sync=0
[lvdot_detector_main-8] [INFO] [1776996177.427387450] [lvdot_detector_node]: Stage timers: detection=145 lidar_detection=145 tracking=145 classification=145 vis=0
[lvdot_detector_main-8] [INFO] [1776996177.427403849] [lvdot_detector_node]: Processing phases: detection=idle lidar_detection=waiting_new_lidar tracking=idle classification=idle
[lvdot_detector_main-8] [INFO] [1776996177.427412927] [lvdot_detector_node]: Pipeline stats: depth_samples=1464/71300 u_map=2 depth_boxes=0 u_map_merge=0 u_map_db=0 u_map_visual=0 u_map_fused=0 u_map_filtered=0 lidar_samples=3052/134814 uv=2 db=13 lidar=12 fused=14 filtered=14 tracks=14 dynamic=0 dyn_points=0 raw_dyn_points=0 service=11/0 split=14->1 (14 outputs) fusion_components=14 visual_only=2 lidar_only=12 yolo_in=3 yolo_match3d=1 yolo_match_det=3 yolo_human=0 fixed_size=0 size_reject=0
[lvdot_detector_main-8] [INFO] [1776996183.481690771] [lvdot_detector_node]: Input health: depth=73 color=76 lidar=5 pose=112 odom=112 yolo=70 depth_pose_sync=0 lidar_pose_sync=0 depth_odom_sync=0 lidar_odom_sync=0
[lvdot_detector_main-8] [INFO] [1776996183.481760956] [lvdot_detector_node]: Stage timers: detection=147 lidar_detection=147 tracking=147 classification=147 vis=0
[lvdot_detector_main-8] [INFO] [1776996183.481773548] [lvdot_detector_node]: Processing phases: detection=idle lidar_detection=waiting_new_lidar tracking=idle classification=idle
[lvdot_detector_main-8] [INFO] [1776996183.481783407] [lvdot_detector_node]: Pipeline stats: depth_samples=1761/71300 u_map=4 depth_boxes=0 u_map_merge=0 u_map_db=0 u_map_visual=0 u_map_fused=0 u_map_filtered=0 lidar_samples=3052/134814 uv=2 db=12 lidar=12 fused=14 filtered=15 tracks=15 dynamic=0 dyn_points=0 raw_dyn_points=0 service=11/0 split=14->1 (15 outputs) fusion_components=14 visual_only=2 lidar_only=12 yolo_in=5 yolo_match3d=1 yolo_match_det=4 yolo_human=2 fixed_size=12 size_reject=0
[lvdot_detector_main-8] [INFO] [1776996186.044194541] [lvdot_detector_node]: get_dynamic_obstacles responded with 0 obstacles from 0 tracked dynamic boxes.
[lvdot_detector_main-8] [WARN] [1776996186.168395923] [lvdot_detector_node.rclcpp]: failed to send response to /onboard_detector/get_dynamic_obstacles (timeout): client will not receive response, at ./src/rmw_response.cpp:153, at ./src/rcl/service.c:400
[lvdot_detector_main-8] [INFO] [1776996189.157781744] [lvdot_detector_node]: Input health: depth=75 color=78 lidar=5 pose=114 odom=114 yolo=72 depth_pose_sync=0 lidar_pose_sync=0 depth_odom_sync=0 lidar_odom_sync=0
[lvdot_detector_main-8] [INFO] [1776996189.157850569] [lvdot_detector_node]: Stage timers: detection=149 lidar_detection=149 tracking=149 classification=149 vis=0
[lvdot_detector_main-8] [INFO] [1776996189.157863162] [lvdot_detector_node]: Processing phases: detection=idle lidar_detection=waiting_new_lidar tracking=idle classification=idle
[lvdot_detector_main-8] [INFO] [1776996189.157873510] [lvdot_detector_node]: Pipeline stats: depth_samples=1472/71300 u_map=2 depth_boxes=0 u_map_merge=0 u_map_db=0 u_map_visual=0 u_map_fused=0 u_map_filtered=0 lidar_samples=3052/134814 uv=1 db=12 lidar=12 fused=13 filtered=13 tracks=12 dynamic=0 dyn_points=0 raw_dyn_points=0 service=12/0 split=13->0 (13 outputs) fusion_components=13 visual_only=1 lidar_only=12 yolo_in=1 yolo_match3d=0 yolo_match_det=0 yolo_human=0 fixed_size=12 size_reject=2
[lvdot_detector_main-8] [INFO] [1776996194.615379078] [lvdot_detector_node]: Input health: depth=77 color=80 lidar=5 pose=116 odom=116 yolo=74 depth_pose_sync=0 lidar_pose_sync=0 depth_odom_sync=0 lidar_odom_sync=0
[lvdot_detector_main-8] [INFO] [1776996194.615459735] [lvdot_detector_node]: Stage timers: detection=151 lidar_detection=151 tracking=151 classification=151 vis=0
[lvdot_detector_main-8] [INFO] [1776996194.615478581] [lvdot_detector_node]: Processing phases: detection=idle lidar_detection=waiting_new_lidar tracking=idle classification=idle
[lvdot_detector_main-8] [INFO] [1776996194.615490494] [lvdot_detector_node]: Pipeline stats: depth_samples=1332/71300 u_map=1 depth_boxes=0 u_map_merge=0 u_map_db=0 u_map_visual=0 u_map_fused=0 u_map_filtered=0 lidar_samples=3052/134814 uv=0 db=11 lidar=12 fused=12 filtered=12 tracks=13 dynamic=0 dyn_points=0 raw_dyn_points=0 service=12/0 split=12->1 (12 outputs) fusion_components=12 visual_only=0 lidar_only=12 yolo_in=5 yolo_match3d=1 yolo_match_det=2 yolo_human=1 fixed_size=12 size_reject=0
[lvdot_detector_main-8] [INFO] [1776996194.616198049] [lvdot_detector_node]: get_dynamic_obstacles responded with 0 obstacles from 0 tracked dynamic boxes.
[lvdot_detector_main-8] [WARN] [1776996194.716338720] [lvdot_detector_node.rclcpp]: failed to send response to /onboard_detector/get_dynamic_obstacles (timeout): client will not receive response, at ./src/rmw_response.cpp:153, at ./src/rcl/service.c:400
[uav_trajectory_controller-4] [WARN] [1776996198.261929109] [uav_trajectory_controller]: SetEntityPose request timed out after 0.80s on /world/pedestrian_prototype/set_pose; dropping the pending request and retrying.
[lvdot_detector_main-8] [INFO] [1776996200.696429326] [lvdot_detector_node]: Input health: depth=79 color=82 lidar=5 pose=118 odom=118 yolo=76 depth_pose_sync=0 lidar_pose_sync=0 depth_odom_sync=0 lidar_odom_sync=0
[lvdot_detector_main-8] [INFO] [1776996200.696926646] [lvdot_detector_node]: Stage timers: detection=153 lidar_detection=153 tracking=153 classification=153 vis=0
[lvdot_detector_main-8] [INFO] [1776996200.696939828] [lvdot_detector_node]: Processing phases: detection=idle lidar_detection=waiting_new_lidar tracking=idle classification=idle
[lvdot_detector_main-8] [INFO] [1776996200.696948812] [lvdot_detector_node]: Pipeline stats: depth_samples=1349/71300 u_map=0 depth_boxes=0 u_map_merge=0 u_map_db=0 u_map_visual=0 u_map_fused=0 u_map_filtered=0 lidar_samples=3052/134814 uv=0 db=9 lidar=12 fused=12 filtered=12 tracks=14 dynamic=1 dyn_points=0 raw_dyn_points=0 service=13/0 split=12->0 (12 outputs) fusion_components=12 visual_only=0 lidar_only=12 yolo_in=1 yolo_match3d=0 yolo_match_det=0 yolo_human=0 fixed_size=11 size_reject=0
[lvdot_detector_main-8] [INFO] [1776996208.804597761] [lvdot_detector_node]: get_dynamic_obstacles responded with 2 obstacles from 2 tracked dynamic boxes.
[lvdot_detector_main-8] [WARN] [1776996208.910108601] [lvdot_detector_node.rclcpp]: failed to send response to /onboard_detector/get_dynamic_obstacles (timeout): client will not receive response, at ./src/rmw_response.cpp:153, at ./src/rcl/service.c:400
[lvdot_detector_main-8] [INFO] [1776996211.794643753] [lvdot_detector_node]: Input health: depth=83 color=86 lidar=5 pose=122 odom=122 yolo=80 depth_pose_sync=0 lidar_pose_sync=0 depth_odom_sync=0 lidar_odom_sync=0
[lvdot_detector_main-8] [INFO] [1776996211.798261919] [lvdot_detector_node]: Stage timers: detection=157 lidar_detection=157 tracking=157 classification=157 vis=0
[lvdot_detector_main-8] [INFO] [1776996211.798291386] [lvdot_detector_node]: Processing phases: detection=idle lidar_detection=waiting_new_lidar tracking=idle classification=idle
[lvdot_detector_main-8] [INFO] [1776996211.798303485] [lvdot_detector_node]: Pipeline stats: depth_samples=1390/71300 u_map=2 depth_boxes=0 u_map_merge=0 u_map_db=0 u_map_visual=0 u_map_fused=0 u_map_filtered=0 lidar_samples=3052/134814 uv=1 db=11 lidar=12 fused=13 filtered=14 tracks=13 dynamic=2 dyn_points=0 raw_dyn_points=0 service=14/2 split=13->1 (14 outputs) fusion_components=13 visual_only=1 lidar_only=12 yolo_in=3 yolo_match3d=2 yolo_match_det=3 yolo_human=3 fixed_size=11 size_reject=0
[lvdot_detector_main-8] [INFO] [1776996217.135283005] [lvdot_detector_node]: Input health: depth=85 color=88 lidar=5 pose=124 odom=124 yolo=82 depth_pose_sync=0 lidar_pose_sync=0 depth_odom_sync=0 lidar_odom_sync=0
[lvdot_detector_main-8] [INFO] [1776996217.135369749] [lvdot_detector_node]: Stage timers: detection=159 lidar_detection=159 tracking=159 classification=159 vis=0
[lvdot_detector_main-8] [INFO] [1776996217.135390045] [lvdot_detector_node]: Processing phases: detection=idle lidar_detection=waiting_new_lidar tracking=idle classification=idle
[lvdot_detector_main-8] [INFO] [1776996217.135405754] [lvdot_detector_node]: Pipeline stats: depth_samples=1559/71300 u_map=3 depth_boxes=0 u_map_merge=0 u_map_db=0 u_map_visual=0 u_map_fused=0 u_map_filtered=0 lidar_samples=3052/134814 uv=1 db=14 lidar=12 fused=13 filtered=13 tracks=12 dynamic=2 dyn_points=0 raw_dyn_points=0 service=14/2 split=13->0 (13 outputs) fusion_components=13 visual_only=1 lidar_only=12 yolo_in=4 yolo_match3d=0 yolo_match_det=0 yolo_human=0 fixed_size=11 size_reject=1
[lvdot_detector_main-8] [INFO] [1776996224.297655708] [lvdot_detector_node]: Input health: depth=87 color=90 lidar=5 pose=126 odom=126 yolo=84 depth_pose_sync=0 lidar_pose_sync=0 depth_odom_sync=0 lidar_odom_sync=0
[lvdot_detector_main-8] [INFO] [1776996224.297722683] [lvdot_detector_node]: Stage timers: detection=161 lidar_detection=161 tracking=161 classification=161 vis=0
[lvdot_detector_main-8] [INFO] [1776996224.297733422] [lvdot_detector_node]: Processing phases: detection=idle lidar_detection=waiting_new_lidar tracking=idle classification=idle
[lvdot_detector_main-8] [INFO] [1776996224.297742111] [lvdot_detector_node]: Pipeline stats: depth_samples=1549/71300 u_map=3 depth_boxes=0 u_map_merge=0 u_map_db=0 u_map_visual=0 u_map_fused=0 u_map_filtered=0 lidar_samples=3052/134814 uv=2 db=13 lidar=12 fused=14 filtered=14 tracks=14 dynamic=0 dyn_points=0 raw_dyn_points=0 service=14/2 split=14->0 (14 outputs) fusion_components=14 visual_only=2 lidar_only=12 yolo_in=0 yolo_match3d=0 yolo_match_det=0 yolo_human=0 fixed_size=11 size_reject=0
[lvdot_detector_main-8] [INFO] [1776996224.298369289] [lvdot_detector_node]: get_dynamic_obstacles responded with 0 obstacles from 0 tracked dynamic boxes.
[lvdot_detector_main-8] [WARN] [1776996224.400969569] [lvdot_detector_node.rclcpp]: failed to send response to /onboard_detector/get_dynamic_obstacles (timeout): client will not receive response, at ./src/rmw_response.cpp:153, at ./src/rcl/service.c:400
[lvdot_detector_main-8] [INFO] [1776996229.836262301] [lvdot_detector_node]: Input health: depth=89 color=92 lidar=5 pose=128 odom=128 yolo=86 depth_pose_sync=0 lidar_pose_sync=0 depth_odom_sync=0 lidar_odom_sync=0
[lvdot_detector_main-8] [INFO] [1776996229.836346568] [lvdot_detector_node]: Stage timers: detection=163 lidar_detection=163 tracking=163 classification=163 vis=0
[lvdot_detector_main-8] [INFO] [1776996229.836359457] [lvdot_detector_node]: Processing phases: detection=idle lidar_detection=waiting_new_lidar tracking=idle classification=idle
[lvdot_detector_main-8] [INFO] [1776996229.836368537] [lvdot_detector_node]: Pipeline stats: depth_samples=1519/68080 u_map=2 depth_boxes=0 u_map_merge=0 u_map_db=0 u_map_visual=0 u_map_fused=0 u_map_filtered=0 lidar_samples=3052/134814 uv=2 db=13 lidar=12 fused=14 filtered=14 tracks=12 dynamic=0 dyn_points=0 raw_dyn_points=0 service=15/0 split=14->0 (14 outputs) fusion_components=14 visual_only=2 lidar_only=12 yolo_in=4 yolo_match3d=1 yolo_match_det=1 yolo_human=1 fixed_size=12 size_reject=0
[lvdot_detector_main-8] [INFO] [1776996236.414257054] [lvdot_detector_node]: Input health: depth=91 color=94 lidar=5 pose=130 odom=130 yolo=88 depth_pose_sync=0 lidar_pose_sync=0 depth_odom_sync=0 lidar_odom_sync=0
[lvdot_detector_main-8] [INFO] [1776996236.415268605] [lvdot_detector_node]: Stage timers: detection=165 lidar_detection=165 tracking=165 classification=165 vis=0
[lvdot_detector_main-8] [INFO] [1776996236.415303739] [lvdot_detector_node]: Processing phases: detection=idle lidar_detection=waiting_new_lidar tracking=idle classification=idle
[lvdot_detector_main-8] [INFO] [1776996236.415316523] [lvdot_detector_node]: Pipeline stats: depth_samples=1478/71300 u_map=1 depth_boxes=0 u_map_merge=0 u_map_db=0 u_map_visual=0 u_map_fused=0 u_map_filtered=0 lidar_samples=3052/134814 uv=1 db=11 lidar=12 fused=13 filtered=13 tracks=16 dynamic=1 dyn_points=0 raw_dyn_points=0 service=15/0 split=13->1 (13 outputs) fusion_components=13 visual_only=1 lidar_only=12 yolo_in=4 yolo_match3d=3 yolo_match_det=4 yolo_human=3 fixed_size=11 size_reject=0
[lvdot_detector_main-8] [INFO] [1776996241.823290038] [lvdot_detector_node]: Input health: depth=93 color=96 lidar=5 pose=132 odom=132 yolo=90 depth_pose_sync=0 lidar_pose_sync=0 depth_odom_sync=0 lidar_odom_sync=0
[lvdot_detector_main-8] [INFO] [1776996241.823886624] [lvdot_detector_node]: Stage timers: detection=167 lidar_detection=167 tracking=167 classification=167 vis=0
[lvdot_detector_main-8] [INFO] [1776996241.824699085] [lvdot_detector_node]: Processing phases: detection=idle lidar_detection=waiting_new_lidar tracking=idle classification=idle
[lvdot_detector_main-8] [INFO] [1776996241.824803021] [lvdot_detector_node]: Pipeline stats: depth_samples=1488/71300 u_map=2 depth_boxes=0 u_map_merge=0 u_map_db=0 u_map_visual=0 u_map_fused=0 u_map_filtered=0 lidar_samples=3052/134814 uv=1 db=13 lidar=12 fused=13 filtered=13 tracks=13 dynamic=3 dyn_points=0 raw_dyn_points=0 service=15/0 split=13->0 (13 outputs) fusion_components=13 visual_only=1 lidar_only=12 yolo_in=0 yolo_match3d=0 yolo_match_det=0 yolo_human=0 fixed_size=11 size_reject=0
[lvdot_detector_main-8] [INFO] [1776996251.220064465] [lvdot_detector_node]: Input health: depth=97 color=100 lidar=5 pose=136 odom=136 yolo=94 depth_pose_sync=0 lidar_pose_sync=0 depth_odom_sync=0 lidar_odom_sync=0
[lvdot_detector_main-8] [INFO] [1776996251.223043097] [lvdot_detector_node]: Stage timers: detection=171 lidar_detection=171 tracking=171 classification=171 vis=0
[lvdot_detector_main-8] [INFO] [1776996251.223057937] [lvdot_detector_node]: Processing phases: detection=idle lidar_detection=waiting_new_lidar tracking=idle classification=idle
[lvdot_detector_main-8] [INFO] [1776996251.223067505] [lvdot_detector_node]: Pipeline stats: depth_samples=1149/71300 u_map=1 depth_boxes=0 u_map_merge=0 u_map_db=0 u_map_visual=0 u_map_fused=0 u_map_filtered=0 lidar_samples=3052/134814 uv=1 db=13 lidar=12 fused=13 filtered=14 tracks=13 dynamic=0 dyn_points=0 raw_dyn_points=0 service=15/0 split=13->1 (14 outputs) fusion_components=13 visual_only=1 lidar_only=12 yolo_in=3 yolo_match3d=2 yolo_match_det=3 yolo_human=3 fixed_size=11 size_reject=0
[lvdot_detector_main-8] [INFO] [1776996251.225405773] [lvdot_detector_node]: get_dynamic_obstacles responded with 0 obstacles from 0 tracked dynamic boxes.
[lvdot_detector_main-8] [INFO] [1776996260.463003312] [lvdot_detector_node]: Input health: depth=101 color=104 lidar=5 pose=140 odom=140 yolo=98 depth_pose_sync=0 lidar_pose_sync=0 depth_odom_sync=0 lidar_odom_sync=0
[lvdot_detector_main-8] [INFO] [1776996260.463496465] [lvdot_detector_node]: Stage timers: detection=175 lidar_detection=175 tracking=175 classification=175 vis=0
[lvdot_detector_main-8] [INFO] [1776996260.463509939] [lvdot_detector_node]: Processing phases: detection=idle lidar_detection=waiting_new_lidar tracking=idle classification=idle
[lvdot_detector_main-8] [INFO] [1776996260.463519019] [lvdot_detector_node]: Pipeline stats: depth_samples=1537/71300 u_map=4 depth_boxes=0 u_map_merge=0 u_map_db=0 u_map_visual=0 u_map_fused=0 u_map_filtered=0 lidar_samples=3052/134814 uv=1 db=12 lidar=12 fused=13 filtered=13 tracks=13 dynamic=2 dyn_points=0 raw_dyn_points=0 service=16/0 split=13->0 (13 outputs) fusion_components=13 visual_only=1 lidar_only=12 yolo_in=2 yolo_match3d=1 yolo_match_det=1 yolo_human=1 fixed_size=10 size_reject=0
[lvdot_detector_main-8] [INFO] [1776996260.467416597] [lvdot_detector_node]: get_dynamic_obstacles responded with 2 obstacles from 2 tracked dynamic boxes.
[lvdot_detector_main-8] [WARN] [1776996260.568342294] [lvdot_detector_node.rclcpp]: failed to send response to /onboard_detector/get_dynamic_obstacles (timeout): client will not receive response, at ./src/rmw_response.cpp:153, at ./src/rcl/service.c:400
[lvdot_detector_main-8] [INFO] [1776996273.661314983] [lvdot_detector_node]: Input health: depth=103 color=106 lidar=6 pose=142 odom=142 yolo=100 depth_pose_sync=0 lidar_pose_sync=0 depth_odom_sync=0 lidar_odom_sync=0
[lvdot_detector_main-8] [INFO] [1776996273.661392667] [lvdot_detector_node]: Stage timers: detection=177 lidar_detection=177 tracking=177 classification=177 vis=0
[lvdot_detector_main-8] [INFO] [1776996273.661405143] [lvdot_detector_node]: Processing phases: detection=idle lidar_detection=idle tracking=idle classification=idle
[lvdot_detector_main-8] [INFO] [1776996273.661414987] [lvdot_detector_node]: Pipeline stats: depth_samples=1218/55660 u_map=2 depth_boxes=0 u_map_merge=0 u_map_db=0 u_map_visual=0 u_map_fused=0 u_map_filtered=0 lidar_samples=3408/108086 uv=1 db=10 lidar=12 fused=13 filtered=13 tracks=12 dynamic=1 dyn_points=0 raw_dyn_points=0 service=17/2 split=13->0 (13 outputs) fusion_components=13 visual_only=1 lidar_only=12 yolo_in=2 yolo_match3d=0 yolo_match_det=0 yolo_human=0 fixed_size=11 size_reject=0
[lvdot_detector_main-8] [INFO] [1776996276.376940699] [lvdot_detector_node]: get_dynamic_obstacles responded with 0 obstacles from 0 tracked dynamic boxes.
[lvdot_detector_main-8] [WARN] [1776996276.477266046] [lvdot_detector_node.rclcpp]: failed to send response to /onboard_detector/get_dynamic_obstacles (timeout): client will not receive response, at ./src/rmw_response.cpp:153, at ./src/rcl/service.c:400
[lvdot_detector_main-8] [INFO] [1776996279.039441119] [lvdot_detector_node]: Input health: depth=105 color=108 lidar=6 pose=144 odom=144 yolo=102 depth_pose_sync=0 lidar_pose_sync=0 depth_odom_sync=0 lidar_odom_sync=0
[lvdot_detector_main-8] [INFO] [1776996279.054614660] [lvdot_detector_node]: Stage timers: detection=179 lidar_detection=179 tracking=179 classification=179 vis=0
[lvdot_detector_main-8] [INFO] [1776996279.055344292] [lvdot_detector_node]: Processing phases: detection=idle lidar_detection=waiting_new_lidar tracking=idle classification=idle
[lvdot_detector_main-8] [INFO] [1776996279.055369993] [lvdot_detector_node]: Pipeline stats: depth_samples=1436/71300 u_map=3 depth_boxes=0 u_map_merge=0 u_map_db=0 u_map_visual=0 u_map_fused=0 u_map_filtered=0 lidar_samples=3408/108086 uv=2 db=13 lidar=12 fused=14 filtered=14 tracks=15 dynamic=0 dyn_points=0 raw_dyn_points=0 service=18/0 split=14->1 (14 outputs) fusion_components=14 visual_only=2 lidar_only=12 yolo_in=4 yolo_match3d=1 yolo_match_det=2 yolo_human=1 fixed_size=0 size_reject=0
[lvdot_detector_main-8] [INFO] [1776996291.430623846] [lvdot_detector_node]: Input health: depth=107 color=110 lidar=7 pose=146 odom=146 yolo=104 depth_pose_sync=0 lidar_pose_sync=0 depth_odom_sync=0 lidar_odom_sync=0
[lvdot_detector_main-8] [INFO] [1776996291.431686855] [lvdot_detector_node]: Stage timers: detection=181 lidar_detection=181 tracking=181 classification=181 vis=0
[lvdot_detector_main-8] [INFO] [1776996291.432032467] [lvdot_detector_node]: Processing phases: detection=idle lidar_detection=waiting_new_lidar tracking=idle classification=idle
[lvdot_detector_main-8] [INFO] [1776996291.432045358] [lvdot_detector_node]: Pipeline stats: depth_samples=1463/71300 u_map=3 depth_boxes=0 u_map_merge=0 u_map_db=0 u_map_visual=0 u_map_fused=0 u_map_filtered=0 lidar_samples=3317/123945 uv=1 db=11 lidar=74 fused=75 filtered=75 tracks=74 dynamic=1 dyn_points=0 raw_dyn_points=0 service=18/0 split=75->0 (75 outputs) fusion_components=75 visual_only=1 lidar_only=74 yolo_in=2 yolo_match3d=1 yolo_match_det=1 yolo_human=1 fixed_size=0 size_reject=0
[uav_trajectory_controller-4] [WARN] [1776996297.430914428] [uav_trajectory_controller]: SetEntityPose request timed out after 0.85s on /world/pedestrian_prototype/set_pose; dropping the pending request and retrying.
[lvdot_detector_main-8] [INFO] [1776996308.916494242] [lvdot_detector_node]: Input health: depth=111 color=114 lidar=8 pose=150 odom=150 yolo=108 depth_pose_sync=0 lidar_pose_sync=0 depth_odom_sync=0 lidar_odom_sync=0
[lvdot_detector_main-8] [INFO] [1776996308.919797279] [lvdot_detector_node]: Stage timers: detection=185 lidar_detection=185 tracking=185 classification=185 vis=0
[lvdot_detector_main-8] [INFO] [1776996308.920134959] [lvdot_detector_node]: Processing phases: detection=idle lidar_detection=idle tracking=idle classification=idle
[lvdot_detector_main-8] [INFO] [1776996308.920618794] [lvdot_detector_node]: Pipeline stats: depth_samples=1473/71300 u_map=2 depth_boxes=0 u_map_merge=0 u_map_db=0 u_map_visual=0 u_map_fused=0 u_map_filtered=0 lidar_samples=3318/121095 uv=1 db=10 lidar=18 fused=18 filtered=18 tracks=75 dynamic=0 dyn_points=0 raw_dyn_points=0 service=18/0 split=18->0 (18 outputs) fusion_components=18 visual_only=0 lidar_only=17 yolo_in=3 yolo_match3d=3 yolo_match_det=3 yolo_human=3 fixed_size=0 size_reject=0
[lvdot_detector_main-8] [INFO] [1776996325.744074953] [lvdot_detector_node]: Input health: depth=115 color=118 lidar=9 pose=154 odom=154 yolo=112 depth_pose_sync=0 lidar_pose_sync=0 depth_odom_sync=0 lidar_odom_sync=0
[lvdot_detector_main-8] [INFO] [1776996325.744151878] [lvdot_detector_node]: Stage timers: detection=189 lidar_detection=189 tracking=189 classification=189 vis=0
[lvdot_detector_main-8] [INFO] [1776996325.744164291] [lvdot_detector_node]: Processing phases: detection=idle lidar_detection=idle tracking=idle classification=idle
[lvdot_detector_main-8] [INFO] [1776996325.744174066] [lvdot_detector_node]: Pipeline stats: depth_samples=1380/71300 u_map=2 depth_boxes=0 u_map_merge=0 u_map_db=0 u_map_visual=0 u_map_fused=0 u_map_filtered=0 lidar_samples=3250/127399 uv=0 db=11 lidar=22 fused=22 filtered=22 tracks=18 dynamic=2 dyn_points=0 raw_dyn_points=0 service=18/0 split=22->0 (22 outputs) fusion_components=22 visual_only=0 lidar_only=22 yolo_in=3 yolo_match3d=2 yolo_match_det=2 yolo_human=2 fixed_size=0 size_reject=0
[lvdot_detector_main-8] [INFO] [1776996331.446135077] [lvdot_detector_node]: Input health: depth=117 color=120 lidar=9 pose=156 odom=156 yolo=114 depth_pose_sync=0 lidar_pose_sync=0 depth_odom_sync=0 lidar_odom_sync=0
[lvdot_detector_main-8] [INFO] [1776996331.446201153] [lvdot_detector_node]: Stage timers: detection=191 lidar_detection=191 tracking=191 classification=191 vis=0
[lvdot_detector_main-8] [INFO] [1776996331.446211709] [lvdot_detector_node]: Processing phases: detection=idle lidar_detection=waiting_new_lidar tracking=idle classification=idle
[lvdot_detector_main-8] [INFO] [1776996331.446220701] [lvdot_detector_node]: Pipeline stats: depth_samples=1438/71300 u_map=4 depth_boxes=0 u_map_merge=0 u_map_db=0 u_map_visual=0 u_map_fused=0 u_map_filtered=0 lidar_samples=3250/127399 uv=3 db=18 lidar=22 fused=25 filtered=25 tracks=27 dynamic=2 dyn_points=0 raw_dyn_points=0 service=18/0 split=25->0 (25 outputs) fusion_components=25 visual_only=3 lidar_only=22 yolo_in=0 yolo_match3d=0 yolo_match_det=0 yolo_human=0 fixed_size=0 size_reject=0
[lvdot_detector_main-8] [INFO] [1776996336.579216048] [lvdot_detector_node]: Input health: depth=119 color=122 lidar=9 pose=158 odom=158 yolo=116 depth_pose_sync=0 lidar_pose_sync=0 depth_odom_sync=0 lidar_odom_sync=0
[lvdot_detector_main-8] [INFO] [1776996336.581550011] [lvdot_detector_node]: Stage timers: detection=193 lidar_detection=193 tracking=193 classification=193 vis=0
[lvdot_detector_main-8] [INFO] [1776996336.581565035] [lvdot_detector_node]: Processing phases: detection=idle lidar_detection=waiting_new_lidar tracking=idle classification=idle
[lvdot_detector_main-8] [INFO] [1776996336.581574401] [lvdot_detector_node]: Pipeline stats: depth_samples=1369/71300 u_map=0 depth_boxes=0 u_map_merge=0 u_map_db=0 u_map_visual=0 u_map_fused=0 u_map_filtered=0 lidar_samples=3250/127399 uv=0 db=10 lidar=22 fused=22 filtered=22 tracks=23 dynamic=0 dyn_points=0 raw_dyn_points=0 service=18/0 split=22->1 (22 outputs) fusion_components=22 visual_only=0 lidar_only=22 yolo_in=3 yolo_match3d=1 yolo_match_det=2 yolo_human=1 fixed_size=0 size_reject=0
[lvdot_detector_main-8] [INFO] [1776996346.430481438] [lvdot_detector_node]: Input health: depth=123 color=126 lidar=9 pose=162 odom=162 yolo=120 depth_pose_sync=0 lidar_pose_sync=0 depth_odom_sync=0 lidar_odom_sync=0
[lvdot_detector_main-8] [INFO] [1776996346.430575916] [lvdot_detector_node]: Stage timers: detection=197 lidar_detection=197 tracking=197 classification=197 vis=0
[lvdot_detector_main-8] [INFO] [1776996346.430591500] [lvdot_detector_node]: Processing phases: detection=idle lidar_detection=waiting_new_lidar tracking=idle classification=idle
[lvdot_detector_main-8] [INFO] [1776996346.430602799] [lvdot_detector_node]: Pipeline stats: depth_samples=1326/71300 u_map=0 depth_boxes=0 u_map_merge=0 u_map_db=0 u_map_visual=0 u_map_fused=0 u_map_filtered=0 lidar_samples=3250/127399 uv=0 db=12 lidar=22 fused=22 filtered=22 tracks=23 dynamic=2 dyn_points=0 raw_dyn_points=0 service=18/0 split=22->0 (22 outputs) fusion_components=22 visual_only=0 lidar_only=22 yolo_in=1 yolo_match3d=0 yolo_match_det=0 yolo_human=0 fixed_size=0 size_reject=0
[lvdot_detector_main-8] [INFO] [1776996356.561384174] [lvdot_detector_node]: Input health: depth=127 color=130 lidar=9 pose=166 odom=166 yolo=124 depth_pose_sync=0 lidar_pose_sync=0 depth_odom_sync=0 lidar_odom_sync=0
[lvdot_detector_main-8] [INFO] [1776996356.561923595] [lvdot_detector_node]: Stage timers: detection=201 lidar_detection=201 tracking=201 classification=201 vis=0
[lvdot_detector_main-8] [INFO] [1776996356.561937849] [lvdot_detector_node]: Processing phases: detection=idle lidar_detection=waiting_new_lidar tracking=idle classification=idle
[lvdot_detector_main-8] [INFO] [1776996356.561947320] [lvdot_detector_node]: Pipeline stats: depth_samples=1227/71300 u_map=2 depth_boxes=0 u_map_merge=0 u_map_db=0 u_map_visual=0 u_map_fused=0 u_map_filtered=0 lidar_samples=3250/127399 uv=1 db=10 lidar=22 fused=23 filtered=23 tracks=22 dynamic=1 dyn_points=0 raw_dyn_points=0 service=18/0 split=23->0 (23 outputs) fusion_components=23 visual_only=1 lidar_only=22 yolo_in=0 yolo_match3d=0 yolo_match_det=0 yolo_human=0 fixed_size=21 size_reject=0
[uav_trajectory_controller-4] [WARN] [1776996363.542749720] [uav_trajectory_controller]: SetEntityPose request timed out after 0.83s on /world/pedestrian_prototype/set_pose; dropping the pending request and retrying.
[lvdot_detector_main-8] [INFO] [1776996367.205996964] [lvdot_detector_node]: Input health: depth=131 color=134 lidar=9 pose=170 odom=170 yolo=128 depth_pose_sync=0 lidar_pose_sync=0 depth_odom_sync=0 lidar_odom_sync=0
[lvdot_detector_main-8] [INFO] [1776996367.206090984] [lvdot_detector_node]: Stage timers: detection=205 lidar_detection=205 tracking=205 classification=205 vis=0
[lvdot_detector_main-8] [INFO] [1776996367.206103507] [lvdot_detector_node]: Processing phases: detection=idle lidar_detection=waiting_new_lidar tracking=idle classification=idle
[lvdot_detector_main-8] [INFO] [1776996367.206112801] [lvdot_detector_node]: Pipeline stats: depth_samples=1457/71300 u_map=3 depth_boxes=0 u_map_merge=0 u_map_db=0 u_map_visual=0 u_map_fused=0 u_map_filtered=0 lidar_samples=3250/127399 uv=3 db=9 lidar=22 fused=25 filtered=25 tracks=23 dynamic=1 dyn_points=0 raw_dyn_points=0 service=18/0 split=25->0 (25 outputs) fusion_components=25 visual_only=3 lidar_only=22 yolo_in=2 yolo_match3d=2 yolo_match_det=2 yolo_human=2 fixed_size=22 size_reject=0
[lvdot_detector_main-8] [INFO] [1776996372.651270841] [lvdot_detector_node]: Input health: depth=133 color=136 lidar=9 pose=172 odom=172 yolo=130 depth_pose_sync=0 lidar_pose_sync=0 depth_odom_sync=0 lidar_odom_sync=0
[lvdot_detector_main-8] [INFO] [1776996372.651330129] [lvdot_detector_node]: Stage timers: detection=207 lidar_detection=207 tracking=207 classification=207 vis=0
[lvdot_detector_main-8] [INFO] [1776996372.651340793] [lvdot_detector_node]: Processing phases: detection=idle lidar_detection=waiting_new_lidar tracking=idle classification=idle
[lvdot_detector_main-8] [INFO] [1776996372.651349990] [lvdot_detector_node]: Pipeline stats: depth_samples=1467/71300 u_map=2 depth_boxes=0 u_map_merge=0 u_map_db=0 u_map_visual=0 u_map_fused=0 u_map_filtered=0 lidar_samples=3250/127399 uv=2 db=12 lidar=22 fused=24 filtered=24 tracks=23 dynamic=2 dyn_points=0 raw_dyn_points=0 service=18/0 split=24->0 (24 outputs) fusion_components=24 visual_only=2 lidar_only=22 yolo_in=1 yolo_match3d=1 yolo_match_det=1 yolo_human=1 fixed_size=22 size_reject=0
[lvdot_detector_main-8] [INFO] [1776996377.798054822] [lvdot_detector_node]: Input health: depth=135 color=138 lidar=9 pose=174 odom=174 yolo=132 depth_pose_sync=0 lidar_pose_sync=0 depth_odom_sync=0 lidar_odom_sync=0
[lvdot_detector_main-8] [INFO] [1776996377.798115830] [lvdot_detector_node]: Stage timers: detection=209 lidar_detection=209 tracking=209 classification=209 vis=0
[lvdot_detector_main-8] [INFO] [1776996377.798126470] [lvdot_detector_node]: Processing phases: detection=idle lidar_detection=waiting_new_lidar tracking=idle classification=idle
[lvdot_detector_main-8] [INFO] [1776996377.798135255] [lvdot_detector_node]: Pipeline stats: depth_samples=1385/71300 u_map=1 depth_boxes=0 u_map_merge=0 u_map_db=0 u_map_visual=0 u_map_fused=0 u_map_filtered=0 lidar_samples=3250/127399 uv=0 db=11 lidar=22 fused=22 filtered=22 tracks=22 dynamic=1 dyn_points=0 raw_dyn_points=0 service=18/0 split=22->0 (22 outputs) fusion_components=22 visual_only=0 lidar_only=22 yolo_in=1 yolo_match3d=0 yolo_match_det=0 yolo_human=0 fixed_size=22 size_reject=0
[lvdot_detector_main-8] [INFO] [1776996382.455120088] [lvdot_detector_node]: get_dynamic_obstacles responded with 0 obstacles from 0 tracked dynamic boxes.
[lvdot_detector_main-8] [INFO] [1776996387.509648949] [lvdot_detector_node]: Input health: depth=139 color=142 lidar=9 pose=178 odom=178 yolo=136 depth_pose_sync=0 lidar_pose_sync=0 depth_odom_sync=0 lidar_odom_sync=0
[lvdot_detector_main-8] [INFO] [1776996387.509721036] [lvdot_detector_node]: Stage timers: detection=213 lidar_detection=213 tracking=213 classification=213 vis=0
[lvdot_detector_main-8] [INFO] [1776996387.509733734] [lvdot_detector_node]: Processing phases: detection=idle lidar_detection=waiting_new_lidar tracking=idle classification=idle
[lvdot_detector_main-8] [INFO] [1776996387.509743404] [lvdot_detector_node]: Pipeline stats: depth_samples=1391/71300 u_map=2 depth_boxes=0 u_map_merge=0 u_map_db=0 u_map_visual=0 u_map_fused=0 u_map_filtered=0 lidar_samples=3250/127399 uv=1 db=10 lidar=22 fused=23 filtered=23 tracks=22 dynamic=0 dyn_points=0 raw_dyn_points=0 service=19/0 split=23->0 (23 outputs) fusion_components=23 visual_only=1 lidar_only=22 yolo_in=3 yolo_match3d=0 yolo_match_det=0 yolo_human=0 fixed_size=22 size_reject=0
[lvdot_detector_main-8] [INFO] [1776996392.666732221] [lvdot_detector_node]: Input health: depth=141 color=144 lidar=9 pose=180 odom=180 yolo=138 depth_pose_sync=0 lidar_pose_sync=0 depth_odom_sync=0 lidar_odom_sync=0
[lvdot_detector_main-8] [INFO] [1776996392.667411493] [lvdot_detector_node]: Stage timers: detection=215 lidar_detection=215 tracking=215 classification=215 vis=0
[lvdot_detector_main-8] [INFO] [1776996392.667437225] [lvdot_detector_node]: Processing phases: detection=idle lidar_detection=waiting_new_lidar tracking=idle classification=idle
[lvdot_detector_main-8] [INFO] [1776996392.667446972] [lvdot_detector_node]: Pipeline stats: depth_samples=1349/71300 u_map=2 depth_boxes=0 u_map_merge=0 u_map_db=0 u_map_visual=0 u_map_fused=0 u_map_filtered=0 lidar_samples=3250/127399 uv=0 db=12 lidar=22 fused=22 filtered=22 tracks=22 dynamic=0 dyn_points=0 raw_dyn_points=0 service=19/0 split=22->0 (22 outputs) fusion_components=22 visual_only=0 lidar_only=22 yolo_in=1 yolo_match3d=1 yolo_match_det=1 yolo_human=1 fixed_size=22 size_reject=0
[uav_trajectory_controller-4] [WARN] [1776996396.521725506] [uav_trajectory_controller]: SetEntityPose request timed out after 0.81s on /world/pedestrian_prototype/set_pose; dropping the pending request and retrying.
[lvdot_detector_main-8] [INFO] [1776996398.003766442] [lvdot_detector_node]: Input health: depth=143 color=146 lidar=9 pose=182 odom=182 yolo=140 depth_pose_sync=0 lidar_pose_sync=0 depth_odom_sync=0 lidar_odom_sync=0
[lvdot_detector_main-8] [INFO] [1776996398.009261925] [lvdot_detector_node]: Stage timers: detection=217 lidar_detection=217 tracking=217 classification=217 vis=0
[lvdot_detector_main-8] [INFO] [1776996398.009293700] [lvdot_detector_node]: Processing phases: detection=idle lidar_detection=waiting_new_lidar tracking=idle classification=idle
[lvdot_detector_main-8] [INFO] [1776996398.009303642] [lvdot_detector_node]: Pipeline stats: depth_samples=1406/71300 u_map=2 depth_boxes=0 u_map_merge=0 u_map_db=0 u_map_visual=0 u_map_fused=0 u_map_filtered=0 lidar_samples=3250/127399 uv=2 db=11 lidar=22 fused=24 filtered=24 tracks=23 dynamic=0 dyn_points=0 raw_dyn_points=0 service=19/0 split=24->0 (24 outputs) fusion_components=24 visual_only=2 lidar_only=22 yolo_in=3 yolo_match3d=1 yolo_match_det=1 yolo_human=1 fixed_size=22 size_reject=1
[lvdot_detector_main-8] [INFO] [1776996407.724629895] [lvdot_detector_node]: Input health: depth=147 color=150 lidar=9 pose=186 odom=186 yolo=144 depth_pose_sync=0 lidar_pose_sync=0 depth_odom_sync=0 lidar_odom_sync=0
[lvdot_detector_main-8] [INFO] [1776996407.727819089] [lvdot_detector_node]: Stage timers: detection=221 lidar_detection=221 tracking=221 classification=221 vis=0
[lvdot_detector_main-8] [INFO] [1776996407.727868524] [lvdot_detector_node]: Processing phases: detection=idle lidar_detection=waiting_new_lidar tracking=idle classification=idle
[lvdot_detector_main-8] [INFO] [1776996407.727884424] [lvdot_detector_node]: Pipeline stats: depth_samples=1448/71300 u_map=2 depth_boxes=0 u_map_merge=0 u_map_db=0 u_map_visual=0 u_map_fused=0 u_map_filtered=0 lidar_samples=3250/127399 uv=0 db=13 lidar=22 fused=22 filtered=22 tracks=24 dynamic=0 dyn_points=0 raw_dyn_points=0 service=19/0 split=22->0 (22 outputs) fusion_components=22 visual_only=0 lidar_only=22 yolo_in=3 yolo_match3d=0 yolo_match_det=0 yolo_human=0 fixed_size=22 size_reject=0
