[INFO] [launch]: All log files can be found below /home/skbt2/.ros/log/2026-04-24-11-10-39-867735-DESKTOP-90MQDL6-51047
[INFO] [launch]: Default logging verbosity is set to INFO
[INFO] [gazebo-1]: process started with pid [51091]
[INFO] [parameter_bridge-2]: process started with pid [51092]
[INFO] [pedestrian_state_publisher-3]: process started with pid [51093]
[INFO] [uav_trajectory_controller-4]: process started with pid [51094]
[INFO] [image_pointcloud_relay-5]: process started with pid [51095]
[INFO] [image_pointcloud_relay-6]: process started with pid [51096]
[INFO] [lvdot_yolo_node-7]: process started with pid [51097]
[INFO] [lvdot_detector_main-8]: process started with pid [51098]
[parameter_bridge-2] [INFO] [1777000240.166868699] [ros_gz_bridge]: Creating GZ->ROS Bridge: [/rgbd_camera/image (gz.msgs.Image) -> /rgbd_camera/image (sensor_msgs/msg/Image)] (Lazy 0)
[parameter_bridge-2] [INFO] [1777000240.174777556] [ros_gz_bridge]: Creating GZ->ROS Bridge: [/rgbd_camera/camera_info (gz.msgs.CameraInfo) -> /rgbd_camera/camera_info (sensor_msgs/msg/CameraInfo)] (Lazy 0)
[parameter_bridge-2] [INFO] [1777000240.177429307] [ros_gz_bridge]: Creating GZ->ROS Bridge: [/rgbd_camera/depth_image (gz.msgs.Image) -> /rgbd_camera/depth_image (sensor_msgs/msg/Image)] (Lazy 0)
[parameter_bridge-2] [INFO] [1777000240.179760088] [ros_gz_bridge]: Creating GZ->ROS Bridge: [/rgbd_camera/points (gz.msgs.PointCloudPacked) -> /rgbd_camera/points (sensor_msgs/msg/PointCloud2)] (Lazy 0)
[parameter_bridge-2] [INFO] [1777000240.182696812] [ros_gz_bridge]: Creating GZ->ROS Bridge: [/camera/imu (gz.msgs.IMU) -> /camera/imu (sensor_msgs/msg/Imu)] (Lazy 0)
[parameter_bridge-2] [INFO] [1777000240.185167880] [ros_gz_bridge]: Creating ROS->GZ service bridge [/world/pedestrian_prototype/set_pose (ros_gz_interfaces/srv/SetEntityPose -> /)]
[parameter_bridge-2] [INFO] [1777000240.188360380] [ros_gz_bridge]: Creating ROS->GZ service bridge [/world/pedestrian_prototype/set_pose/blocking (ros_gz_interfaces/srv/SetEntityPose -> /)]
[lvdot_detector_main-8] [INFO] [1777000240.484251387] [lvdot_detector_node]: Config loaded: localization_mode=0 dt=0.033 image=640x480 depth_range=[0.50, 5.00] stage_timers=true vis_stage=false executor_threads=1
[lvdot_detector_main-8] [INFO] [1777000240.528556226] [lvdot_detector_node]: LV-DOT ROS2 skeleton started. depth=/camera/depth/image_rect_raw color=/camera/color/image_raw lidar=/pointcloud pose=/mavros/local_position/pose odom=/mavros/local_position/odom yolo=/yolo_detector/detected_bounding_boxes
[lvdot_detector_main-8] [INFO] [1777000240.528643118] [lvdot_detector_node]: Starting executor with executor_threads=1
[lvdot_detector_main-8] [WARN] [1777000240.528739709] [rclcpp]: MultiThreadedExecutor is used with a single thread.
[lvdot_detector_main-8] Use the SingleThreadedExecutor instead.
[uav_trajectory_controller-4] [WARN] [1777000242.025111588] [uav_trajectory_controller]: SetEntityPose request timed out after 0.50s on /world/pedestrian_prototype/set_pose/blocking; dropping the pending request and retrying.
[uav_trajectory_controller-4] [WARN] [1777000242.026046814] [uav_trajectory_controller]: Falling back from /world/pedestrian_prototype/set_pose/blocking to /world/pedestrian_prototype/set_pose.
[gazebo-1] [INFO] [1777000242.419410490] [pedestrian_pose_sync_system]: Configured pedestrian pose sync plugin on topic [/pedestrian_sim/agent_states] for 8 models.
[uav_trajectory_controller-4] [WARN] [1777000242.729757629] [uav_trajectory_controller]: SetEntityPose request timed out after 0.63s on /world/pedestrian_prototype/set_pose; dropping the pending request and retrying.
[lvdot_detector_main-8] [INFO] [1777000243.615248379] [lvdot_detector_node]: Input health: depth=1 color=1 lidar=0 pose=5 odom=5 yolo=2 depth_pose_sync=0 lidar_pose_sync=0 depth_odom_sync=0 lidar_odom_sync=0
[lvdot_detector_main-8] [INFO] [1777000243.615470787] [lvdot_detector_node]: Stage timers: detection=40 lidar_detection=40 tracking=40 classification=40 vis=0
[lvdot_detector_main-8] [INFO] [1777000243.615505805] [lvdot_detector_node]: Processing phases: detection=idle lidar_detection=waiting_new_lidar tracking=idle classification=waiting_new_tracking_update
[lvdot_detector_main-8] [INFO] [1777000243.615525446] [lvdot_detector_node]: Pipeline stats: depth_samples=1516/71300 u_map=3 depth_boxes=0 u_map_merge=0 u_map_db=0 u_map_visual=0 u_map_fused=0 u_map_filtered=0 lidar_samples=0/0 uv=3 db=11 lidar=0 fused=3 filtered=3 tracks=3 dynamic=0 dyn_points=0 raw_dyn_points=0 service=0/0 split=3->1 (3 outputs) fusion_components=3 visual_only=3 lidar_only=0 yolo_in=4 yolo_match3d=2 yolo_match_det=4 yolo_human=2 fixed_size=0 size_reject=0
[lvdot_detector_main-8] [INFO] [1777000255.953363405] [lvdot_detector_node]: Input health: depth=5 color=5 lidar=3 pose=9 odom=9 yolo=6 depth_pose_sync=0 lidar_pose_sync=0 depth_odom_sync=0 lidar_odom_sync=0
[lvdot_detector_main-8] [INFO] [1777000255.954228966] [lvdot_detector_node]: Stage timers: detection=44 lidar_detection=44 tracking=44 classification=44 vis=0
[lvdot_detector_main-8] [INFO] [1777000255.954254207] [lvdot_detector_node]: Processing phases: detection=idle lidar_detection=idle tracking=idle classification=idle
[lvdot_detector_main-8] [INFO] [1777000255.954267875] [lvdot_detector_node]: Pipeline stats: depth_samples=923/49952 u_map=1 depth_boxes=0 u_map_merge=0 u_map_db=0 u_map_visual=0 u_map_fused=0 u_map_filtered=0 lidar_samples=3244/125976 uv=0 db=7 lidar=21 fused=21 filtered=21 tracks=24 dynamic=2 dyn_points=0 raw_dyn_points=0 service=0/0 split=21->0 (21 outputs) fusion_components=21 visual_only=0 lidar_only=21 yolo_in=0 yolo_match3d=0 yolo_match_det=0 yolo_human=0 fixed_size=0 size_reject=0
[lvdot_detector_main-8] [INFO] [1777000264.202506343] [lvdot_detector_node]: Input health: depth=7 color=7 lidar=5 pose=11 odom=11 yolo=8 depth_pose_sync=0 lidar_pose_sync=0 depth_odom_sync=0 lidar_odom_sync=0
[lvdot_detector_main-8] [INFO] [1777000264.204276017] [lvdot_detector_node]: Stage timers: detection=46 lidar_detection=46 tracking=46 classification=46 vis=0
[lvdot_detector_main-8] [INFO] [1777000264.204294295] [lvdot_detector_node]: Processing phases: detection=idle lidar_detection=idle tracking=idle classification=idle
[lvdot_detector_main-8] [INFO] [1777000264.204303484] [lvdot_detector_node]: Pipeline stats: depth_samples=1459/71300 u_map=1 depth_boxes=0 u_map_merge=0 u_map_db=0 u_map_visual=0 u_map_fused=0 u_map_filtered=0 lidar_samples=3241/126216 uv=1 db=10 lidar=21 fused=22 filtered=22 tracks=25 dynamic=0 dyn_points=0 raw_dyn_points=0 service=0/0 split=22->0 (22 outputs) fusion_components=22 visual_only=1 lidar_only=21 yolo_in=4 yolo_match3d=4 yolo_match_det=4 yolo_human=4 fixed_size=0 size_reject=0
[lvdot_detector_main-8] [INFO] [1777000269.808415102] [lvdot_detector_node]: Input health: depth=9 color=9 lidar=6 pose=13 odom=13 yolo=10 depth_pose_sync=0 lidar_pose_sync=0 depth_odom_sync=0 lidar_odom_sync=0
[lvdot_detector_main-8] [INFO] [1777000269.808491536] [lvdot_detector_node]: Stage timers: detection=48 lidar_detection=48 tracking=48 classification=48 vis=0
[lvdot_detector_main-8] [INFO] [1777000269.808502355] [lvdot_detector_node]: Processing phases: detection=idle lidar_detection=waiting_new_lidar tracking=idle classification=idle
[lvdot_detector_main-8] [INFO] [1777000269.808720138] [lvdot_detector_node]: Pipeline stats: depth_samples=1574/71300 u_map=3 depth_boxes=0 u_map_merge=0 u_map_db=0 u_map_visual=0 u_map_fused=0 u_map_filtered=0 lidar_samples=3228/137568 uv=1 db=12 lidar=62 fused=63 filtered=63 tracks=64 dynamic=4 dyn_points=0 raw_dyn_points=0 service=0/0 split=63->0 (63 outputs) fusion_components=63 visual_only=1 lidar_only=62 yolo_in=3 yolo_match3d=2 yolo_match_det=2 yolo_human=2 fixed_size=0 size_reject=0
[lvdot_detector_main-8] [INFO] [1777000280.396175637] [lvdot_detector_node]: Input health: depth=13 color=13 lidar=8 pose=17 odom=17 yolo=14 depth_pose_sync=0 lidar_pose_sync=0 depth_odom_sync=0 lidar_odom_sync=0
[lvdot_detector_main-8] [INFO] [1777000280.397237684] [lvdot_detector_node]: Stage timers: detection=52 lidar_detection=52 tracking=52 classification=52 vis=0
[lvdot_detector_main-8] [INFO] [1777000280.397255783] [lvdot_detector_node]: Processing phases: detection=idle lidar_detection=idle tracking=idle classification=idle
[lvdot_detector_main-8] [INFO] [1777000280.397265083] [lvdot_detector_node]: Pipeline stats: depth_samples=1516/71300 u_map=1 depth_boxes=0 u_map_merge=0 u_map_db=0 u_map_visual=0 u_map_fused=0 u_map_filtered=0 lidar_samples=3048/128123 uv=1 db=10 lidar=14 fused=15 filtered=15 tracks=3 dynamic=1 dyn_points=0 raw_dyn_points=0 service=0/0 split=15->0 (15 outputs) fusion_components=15 visual_only=1 lidar_only=14 yolo_in=1 yolo_match3d=0 yolo_match_det=0 yolo_human=0 fixed_size=0 size_reject=3
[lvdot_detector_main-8] [INFO] [1777000287.446102034] [lvdot_detector_node]: Input health: depth=17 color=17 lidar=9 pose=21 odom=21 yolo=18 depth_pose_sync=0 lidar_pose_sync=0 depth_odom_sync=0 lidar_odom_sync=0
[lvdot_detector_main-8] [INFO] [1777000287.446209196] [lvdot_detector_node]: Stage timers: detection=56 lidar_detection=56 tracking=56 classification=56 vis=0
[lvdot_detector_main-8] [INFO] [1777000287.446224219] [lvdot_detector_node]: Processing phases: detection=idle lidar_detection=waiting_new_lidar tracking=idle classification=idle
[lvdot_detector_main-8] [INFO] [1777000287.446235736] [lvdot_detector_node]: Pipeline stats: depth_samples=1508/71300 u_map=1 depth_boxes=0 u_map_merge=0 u_map_db=0 u_map_visual=0 u_map_fused=0 u_map_filtered=0 lidar_samples=3335/118981 uv=1 db=13 lidar=24 fused=25 filtered=25 tracks=24 dynamic=0 dyn_points=0 raw_dyn_points=0 service=0/0 split=25->0 (25 outputs) fusion_components=25 visual_only=1 lidar_only=24 yolo_in=2 yolo_match3d=0 yolo_match_det=0 yolo_human=0 fixed_size=0 size_reject=0
[lvdot_detector_main-8] [WARN] [1777000287.554711428] [lvdot_detector_node.rclcpp]: failed to send response to /lvdot_detector_node/get_parameters (timeout): client will not receive response, at ./src/rmw_response.cpp:153, at ./src/rcl/service.c:400
[lvdot_detector_main-8] [INFO] [1777000293.033969854] [lvdot_detector_node]: Input health: depth=19 color=19 lidar=10 pose=23 odom=23 yolo=20 depth_pose_sync=0 lidar_pose_sync=0 depth_odom_sync=0 lidar_odom_sync=0
[lvdot_detector_main-8] [INFO] [1777000293.034905375] [lvdot_detector_node]: Stage timers: detection=58 lidar_detection=58 tracking=58 classification=58 vis=0
[lvdot_detector_main-8] [INFO] [1777000293.034962333] [lvdot_detector_node]: Processing phases: detection=idle lidar_detection=waiting_new_lidar tracking=idle classification=idle
[lvdot_detector_main-8] [INFO] [1777000293.034971826] [lvdot_detector_node]: Pipeline stats: depth_samples=1322/71300 u_map=0 depth_boxes=0 u_map_merge=0 u_map_db=0 u_map_visual=0 u_map_fused=0 u_map_filtered=0 lidar_samples=3462/120514 uv=0 db=14 lidar=19 fused=19 filtered=19 tracks=20 dynamic=0 dyn_points=0 raw_dyn_points=0 service=0/0 split=19->0 (19 outputs) fusion_components=19 visual_only=0 lidar_only=19 yolo_in=3 yolo_match3d=1 yolo_match_det=1 yolo_human=1 fixed_size=0 size_reject=0
[lvdot_detector_main-8] [WARN] [1777000293.137668710] [lvdot_detector_node.rclcpp]: failed to send response to /lvdot_detector_node/get_parameters (timeout): client will not receive response, at ./src/rmw_response.cpp:153, at ./src/rcl/service.c:400
[lvdot_detector_main-8] [INFO] [1777000297.192437719] [lvdot_detector_node]: get_dynamic_obstacles responded with 0 obstacles from 0 tracked dynamic boxes.
[lvdot_detector_main-8] [INFO] [1777000298.249420215] [lvdot_detector_node]: Input health: depth=24 color=24 lidar=10 pose=28 odom=28 yolo=25 depth_pose_sync=0 lidar_pose_sync=0 depth_odom_sync=0 lidar_odom_sync=0
[lvdot_detector_main-8] [INFO] [1777000298.249495208] [lvdot_detector_node]: Stage timers: detection=63 lidar_detection=63 tracking=63 classification=63 vis=0
[lvdot_detector_main-8] [INFO] [1777000298.249507407] [lvdot_detector_node]: Processing phases: detection=idle lidar_detection=waiting_new_lidar tracking=idle classification=idle
[lvdot_detector_main-8] [INFO] [1777000298.249516506] [lvdot_detector_node]: Pipeline stats: depth_samples=1369/71300 u_map=0 depth_boxes=0 u_map_merge=0 u_map_db=0 u_map_visual=0 u_map_fused=0 u_map_filtered=0 lidar_samples=3462/120514 uv=0 db=10 lidar=19 fused=19 filtered=19 tracks=19 dynamic=0 dyn_points=0 raw_dyn_points=0 service=1/0 split=19->0 (19 outputs) fusion_components=19 visual_only=0 lidar_only=19 yolo_in=0 yolo_match3d=0 yolo_match_det=0 yolo_human=0 fixed_size=0 size_reject=0
[lvdot_detector_main-8] [INFO] [1777000302.751273633] [lvdot_detector_node]: get_dynamic_obstacles responded with 0 obstacles from 0 tracked dynamic boxes.
[lvdot_detector_main-8] [INFO] [1777000303.877700744] [lvdot_detector_node]: Input health: depth=29 color=29 lidar=10 pose=33 odom=33 yolo=30 depth_pose_sync=0 lidar_pose_sync=0 depth_odom_sync=0 lidar_odom_sync=0
[lvdot_detector_main-8] [INFO] [1777000303.877775342] [lvdot_detector_node]: Stage timers: detection=68 lidar_detection=68 tracking=68 classification=68 vis=0
[lvdot_detector_main-8] [INFO] [1777000303.877785841] [lvdot_detector_node]: Processing phases: detection=idle lidar_detection=waiting_new_lidar tracking=idle classification=idle
[lvdot_detector_main-8] [INFO] [1777000303.877795141] [lvdot_detector_node]: Pipeline stats: depth_samples=1509/71300 u_map=2 depth_boxes=0 u_map_merge=0 u_map_db=0 u_map_visual=0 u_map_fused=0 u_map_filtered=0 lidar_samples=3462/120514 uv=1 db=11 lidar=19 fused=20 filtered=20 tracks=19 dynamic=0 dyn_points=0 raw_dyn_points=0 service=2/0 split=20->0 (20 outputs) fusion_components=20 visual_only=1 lidar_only=19 yolo_in=5 yolo_match3d=0 yolo_match_det=0 yolo_human=0 fixed_size=19 size_reject=0
[lvdot_detector_main-8] [INFO] [1777000312.748376810] [lvdot_detector_node]: get_dynamic_obstacles responded with 4 obstacles from 4 tracked dynamic boxes.
[lvdot_detector_main-8] [WARN] [1777000312.851319999] [lvdot_detector_node.rclcpp]: failed to send response to /onboard_detector/get_dynamic_obstacles (timeout): client will not receive response, at ./src/rmw_response.cpp:153, at ./src/rcl/service.c:400
[lvdot_detector_main-8] [INFO] [1777000313.895174131] [lvdot_detector_node]: Input health: depth=35 color=35 lidar=11 pose=39 odom=39 yolo=36 depth_pose_sync=0 lidar_pose_sync=0 depth_odom_sync=0 lidar_odom_sync=0
[lvdot_detector_main-8] [INFO] [1777000313.896064191] [lvdot_detector_node]: Stage timers: detection=74 lidar_detection=74 tracking=74 classification=74 vis=0
[lvdot_detector_main-8] [INFO] [1777000313.896636188] [lvdot_detector_node]: Processing phases: detection=idle lidar_detection=waiting_new_lidar tracking=idle classification=idle
[lvdot_detector_main-8] [INFO] [1777000313.897235967] [lvdot_detector_node]: Pipeline stats: depth_samples=1349/71300 u_map=0 depth_boxes=0 u_map_merge=0 u_map_db=0 u_map_visual=0 u_map_fused=0 u_map_filtered=0 lidar_samples=3371/132492 uv=0 db=9 lidar=5 fused=5 filtered=5 tracks=7 dynamic=2 dyn_points=0 raw_dyn_points=0 service=3/4 split=5->0 (5 outputs) fusion_components=5 visual_only=0 lidar_only=5 yolo_in=5 yolo_match3d=0 yolo_match_det=0 yolo_human=0 fixed_size=0 size_reject=0
[lvdot_detector_main-8] [INFO] [1777000319.655145598] [lvdot_detector_node]: Input health: depth=41 color=41 lidar=11 pose=45 odom=45 yolo=42 depth_pose_sync=0 lidar_pose_sync=0 depth_odom_sync=0 lidar_odom_sync=0
[lvdot_detector_main-8] [INFO] [1777000319.655212121] [lvdot_detector_node]: Stage timers: detection=80 lidar_detection=80 tracking=80 classification=80 vis=0
[lvdot_detector_main-8] [INFO] [1777000319.655222594] [lvdot_detector_node]: Processing phases: detection=idle lidar_detection=waiting_new_lidar tracking=idle classification=idle
[lvdot_detector_main-8] [INFO] [1777000319.655231669] [lvdot_detector_node]: Pipeline stats: depth_samples=1444/71300 u_map=3 depth_boxes=0 u_map_merge=0 u_map_db=0 u_map_visual=0 u_map_fused=0 u_map_filtered=0 lidar_samples=3371/132492 uv=1 db=9 lidar=5 fused=6 filtered=6 tracks=6 dynamic=0 dyn_points=0 raw_dyn_points=0 service=4/0 split=6->1 (6 outputs) fusion_components=6 visual_only=1 lidar_only=5 yolo_in=6 yolo_match3d=1 yolo_match_det=2 yolo_human=1 fixed_size=0 size_reject=0
[lvdot_detector_main-8] [INFO] [1777000320.641728541] [lvdot_detector_node]: get_dynamic_obstacles responded with 1 obstacles from 1 tracked dynamic boxes.
[lvdot_detector_main-8] [INFO] [1777000326.264202641] [lvdot_detector_node]: Input health: depth=47 color=47 lidar=11 pose=51 odom=51 yolo=48 depth_pose_sync=0 lidar_pose_sync=0 depth_odom_sync=0 lidar_odom_sync=0
[lvdot_detector_main-8] [INFO] [1777000326.264272258] [lvdot_detector_node]: Stage timers: detection=86 lidar_detection=86 tracking=86 classification=86 vis=0
[lvdot_detector_main-8] [INFO] [1777000326.264282691] [lvdot_detector_node]: Processing phases: detection=idle lidar_detection=waiting_new_lidar tracking=idle classification=idle
[lvdot_detector_main-8] [INFO] [1777000326.264292020] [lvdot_detector_node]: Pipeline stats: depth_samples=1502/71300 u_map=1 depth_boxes=0 u_map_merge=0 u_map_db=0 u_map_visual=0 u_map_fused=0 u_map_filtered=0 lidar_samples=3371/132492 uv=1 db=13 lidar=5 fused=6 filtered=6 tracks=6 dynamic=1 dyn_points=0 raw_dyn_points=0 service=5/1 split=6->0 (6 outputs) fusion_components=6 visual_only=1 lidar_only=5 yolo_in=3 yolo_match3d=0 yolo_match_det=0 yolo_human=0 fixed_size=5 size_reject=0
[lvdot_detector_main-8] [INFO] [1777000327.335534226] [lvdot_detector_node]: get_dynamic_obstacles responded with 1 obstacles from 1 tracked dynamic boxes.
[lvdot_detector_main-8] [INFO] [1777000334.973513743] [lvdot_detector_node]: Input health: depth=52 color=52 lidar=12 pose=56 odom=56 yolo=53 depth_pose_sync=0 lidar_pose_sync=0 depth_odom_sync=0 lidar_odom_sync=0
[lvdot_detector_main-8] [INFO] [1777000334.973583484] [lvdot_detector_node]: Stage timers: detection=91 lidar_detection=91 tracking=91 classification=91 vis=0
[lvdot_detector_main-8] [INFO] [1777000334.973593805] [lvdot_detector_node]: Processing phases: detection=idle lidar_detection=idle tracking=idle classification=idle
[lvdot_detector_main-8] [INFO] [1777000334.973602923] [lvdot_detector_node]: Pipeline stats: depth_samples=1349/71300 u_map=0 depth_boxes=0 u_map_merge=0 u_map_db=0 u_map_visual=0 u_map_fused=0 u_map_filtered=0 lidar_samples=3420/107860 uv=0 db=9 lidar=10 fused=10 filtered=10 tracks=6 dynamic=0 dyn_points=0 raw_dyn_points=0 service=6/1 split=10->0 (10 outputs) fusion_components=10 visual_only=0 lidar_only=10 yolo_in=1 yolo_match3d=0 yolo_match_det=0 yolo_human=0 fixed_size=5 size_reject=2
[lvdot_detector_main-8] [INFO] [1777000339.240812587] [lvdot_detector_node]: get_dynamic_obstacles responded with 0 obstacles from 0 tracked dynamic boxes.
[lvdot_detector_main-8] [WARN] [1777000339.341495418] [lvdot_detector_node.rclcpp]: failed to send response to /onboard_detector/get_dynamic_obstacles (timeout): client will not receive response, at ./src/rmw_response.cpp:153, at ./src/rcl/service.c:400
[lvdot_detector_main-8] [INFO] [1777000344.098569298] [lvdot_detector_node]: Input health: depth=54 color=54 lidar=14 pose=58 odom=58 yolo=55 depth_pose_sync=0 lidar_pose_sync=0 depth_odom_sync=0 lidar_odom_sync=0
[lvdot_detector_main-8] [INFO] [1777000344.099957188] [lvdot_detector_node]: Stage timers: detection=93 lidar_detection=93 tracking=93 classification=93 vis=0
[lvdot_detector_main-8] [INFO] [1777000344.100743325] [lvdot_detector_node]: Processing phases: detection=idle lidar_detection=idle tracking=idle classification=idle
[lvdot_detector_main-8] [INFO] [1777000344.101447369] [lvdot_detector_node]: Pipeline stats: depth_samples=1694/71300 u_map=5 depth_boxes=0 u_map_merge=0 u_map_db=0 u_map_visual=0 u_map_fused=0 u_map_filtered=0 lidar_samples=3493/118709 uv=1 db=16 lidar=12 fused=13 filtered=13 tracks=11 dynamic=0 dyn_points=0 raw_dyn_points=0 service=7/0 split=13->0 (13 outputs) fusion_components=13 visual_only=1 lidar_only=12 yolo_in=4 yolo_match3d=4 yolo_match_det=4 yolo_human=4 fixed_size=0 size_reject=0
[lvdot_detector_main-8] [INFO] [1777000344.102178511] [lvdot_detector_node]: get_dynamic_obstacles responded with 0 obstacles from 0 tracked dynamic boxes.
[lvdot_detector_main-8] [WARN] [1777000344.204592673] [lvdot_detector_node.rclcpp]: failed to send response to /onboard_detector/get_dynamic_obstacles (timeout): client will not receive response, at ./src/rmw_response.cpp:153, at ./src/rcl/service.c:400
[uav_trajectory_controller-4] [WARN] [1777000350.353299359] [uav_trajectory_controller]: SetEntityPose request timed out after 0.51s on /world/pedestrian_prototype/set_pose; dropping the pending request and retrying.
[lvdot_detector_main-8] [INFO] [1777000351.019272514] [lvdot_detector_node]: get_dynamic_obstacles responded with 0 obstacles from 0 tracked dynamic boxes.
[lvdot_detector_main-8] [INFO] [1777000352.004190556] [lvdot_detector_node]: Input health: depth=61 color=61 lidar=14 pose=65 odom=65 yolo=62 depth_pose_sync=0 lidar_pose_sync=0 depth_odom_sync=0 lidar_odom_sync=0
[lvdot_detector_main-8] [INFO] [1777000352.005077817] [lvdot_detector_node]: Stage timers: detection=100 lidar_detection=100 tracking=100 classification=100 vis=0
[lvdot_detector_main-8] [INFO] [1777000352.005626317] [lvdot_detector_node]: Processing phases: detection=idle lidar_detection=waiting_new_lidar tracking=idle classification=idle
[lvdot_detector_main-8] [INFO] [1777000352.006222625] [lvdot_detector_node]: Pipeline stats: depth_samples=1369/71300 u_map=0 depth_boxes=0 u_map_merge=0 u_map_db=0 u_map_visual=0 u_map_fused=0 u_map_filtered=0 lidar_samples=3493/118709 uv=0 db=10 lidar=12 fused=12 filtered=12 tracks=16 dynamic=2 dyn_points=0 raw_dyn_points=0 service=10/0 split=12->0 (12 outputs) fusion_components=12 visual_only=0 lidar_only=12 yolo_in=1 yolo_match3d=1 yolo_match_det=1 yolo_human=1 fixed_size=0 size_reject=1
[lvdot_detector_main-8] [INFO] [1777000359.618876419] [lvdot_detector_node]: Input health: depth=65 color=65 lidar=15 pose=69 odom=69 yolo=66 depth_pose_sync=0 lidar_pose_sync=0 depth_odom_sync=0 lidar_odom_sync=0
[lvdot_detector_main-8] [INFO] [1777000359.620227202] [lvdot_detector_node]: Stage timers: detection=104 lidar_detection=104 tracking=104 classification=104 vis=0
[lvdot_detector_main-8] [INFO] [1777000359.620266576] [lvdot_detector_node]: Processing phases: detection=idle lidar_detection=waiting_new_lidar tracking=idle classification=idle
[lvdot_detector_main-8] [INFO] [1777000359.620341025] [lvdot_detector_node]: Pipeline stats: depth_samples=1468/71300 u_map=3 depth_boxes=0 u_map_merge=0 u_map_db=0 u_map_visual=0 u_map_fused=0 u_map_filtered=0 lidar_samples=3177/132165 uv=0 db=12 lidar=15 fused=15 filtered=15 tracks=17 dynamic=0 dyn_points=0 raw_dyn_points=0 service=10/0 split=15->0 (15 outputs) fusion_components=15 visual_only=0 lidar_only=15 yolo_in=3 yolo_match3d=0 yolo_match_det=0 yolo_human=0 fixed_size=0 size_reject=0
[lvdot_detector_main-8] [INFO] [1777000359.623521267] [lvdot_detector_node]: get_dynamic_obstacles responded with 0 obstacles from 0 tracked dynamic boxes.
[lvdot_detector_main-8] [WARN] [1777000359.727378396] [lvdot_detector_node.rclcpp]: failed to send response to /onboard_detector/get_dynamic_obstacles (timeout): client will not receive response, at ./src/rmw_response.cpp:153, at ./src/rcl/service.c:400
[lvdot_detector_main-8] [INFO] [1777000363.128064391] [lvdot_detector_node]: get_dynamic_obstacles responded with 0 obstacles from 0 tracked dynamic boxes.
[lvdot_detector_main-8] [INFO] [1777000366.579692062] [lvdot_detector_node]: Input health: depth=71 color=71 lidar=15 pose=75 odom=75 yolo=72 depth_pose_sync=0 lidar_pose_sync=0 depth_odom_sync=0 lidar_odom_sync=0
[lvdot_detector_main-8] [INFO] [1777000366.580631958] [lvdot_detector_node]: Stage timers: detection=110 lidar_detection=110 tracking=110 classification=110 vis=0
[lvdot_detector_main-8] [INFO] [1777000366.580653154] [lvdot_detector_node]: Processing phases: detection=idle lidar_detection=waiting_new_lidar tracking=idle classification=idle
[lvdot_detector_main-8] [INFO] [1777000366.580662652] [lvdot_detector_node]: Pipeline stats: depth_samples=1437/71300 u_map=1 depth_boxes=0 u_map_merge=0 u_map_db=0 u_map_visual=0 u_map_fused=0 u_map_filtered=0 lidar_samples=3177/132165 uv=1 db=10 lidar=15 fused=16 filtered=16 tracks=16 dynamic=0 dyn_points=0 raw_dyn_points=0 service=12/0 split=16->0 (16 outputs) fusion_components=16 visual_only=1 lidar_only=15 yolo_in=1 yolo_match3d=0 yolo_match_det=0 yolo_human=0 fixed_size=1 size_reject=0
[lvdot_detector_main-8] [INFO] [1777000368.702963250] [lvdot_detector_node]: get_dynamic_obstacles responded with 0 obstacles from 0 tracked dynamic boxes.
[lvdot_detector_main-8] [INFO] [1777000374.765318120] [lvdot_detector_node]: Input health: depth=76 color=76 lidar=16 pose=80 odom=80 yolo=77 depth_pose_sync=0 lidar_pose_sync=0 depth_odom_sync=0 lidar_odom_sync=0
[lvdot_detector_main-8] [INFO] [1777000374.765454358] [lvdot_detector_node]: Stage timers: detection=115 lidar_detection=115 tracking=115 classification=115 vis=0
[lvdot_detector_main-8] [INFO] [1777000374.765475142] [lvdot_detector_node]: Processing phases: detection=idle lidar_detection=idle tracking=idle classification=idle
[lvdot_detector_main-8] [INFO] [1777000374.765485981] [lvdot_detector_node]: Pipeline stats: depth_samples=1494/71300 u_map=1 depth_boxes=0 u_map_merge=0 u_map_db=0 u_map_visual=0 u_map_fused=0 u_map_filtered=0 lidar_samples=3356/117022 uv=1 db=12 lidar=14 fused=15 filtered=15 tracks=16 dynamic=0 dyn_points=0 raw_dyn_points=0 service=13/0 split=15->0 (15 outputs) fusion_components=15 visual_only=1 lidar_only=14 yolo_in=0 yolo_match3d=0 yolo_match_det=0 yolo_human=0 fixed_size=15 size_reject=0
[lvdot_detector_main-8] [INFO] [1777000378.905968267] [lvdot_detector_node]: get_dynamic_obstacles responded with 0 obstacles from 0 tracked dynamic boxes.
[lvdot_detector_main-8] [WARN] [1777000379.006801383] [lvdot_detector_node.rclcpp]: failed to send response to /onboard_detector/get_dynamic_obstacles (timeout): client will not receive response, at ./src/rmw_response.cpp:153, at ./src/rcl/service.c:400
[lvdot_detector_main-8] [INFO] [1777000383.586383764] [lvdot_detector_node]: Input health: depth=78 color=78 lidar=18 pose=82 odom=82 yolo=79 depth_pose_sync=0 lidar_pose_sync=0 depth_odom_sync=0 lidar_odom_sync=0
[lvdot_detector_main-8] [INFO] [1777000383.586484082] [lvdot_detector_node]: Stage timers: detection=117 lidar_detection=117 tracking=117 classification=117 vis=0
[lvdot_detector_main-8] [INFO] [1777000383.586496347] [lvdot_detector_node]: Processing phases: detection=idle lidar_detection=idle tracking=idle classification=idle
[lvdot_detector_main-8] [INFO] [1777000383.586505422] [lvdot_detector_node]: Pipeline stats: depth_samples=1384/71300 u_map=1 depth_boxes=0 u_map_merge=0 u_map_db=0 u_map_visual=0 u_map_fused=0 u_map_filtered=0 lidar_samples=3446/148648 uv=1 db=10 lidar=16 fused=17 filtered=17 tracks=15 dynamic=0 dyn_points=0 raw_dyn_points=0 service=14/0 split=17->0 (17 outputs) fusion_components=17 visual_only=1 lidar_only=16 yolo_in=1 yolo_match3d=1 yolo_match_det=1 yolo_human=1 fixed_size=0 size_reject=0
[lvdot_detector_main-8] [INFO] [1777000388.194069076] [lvdot_detector_node]: get_dynamic_obstacles responded with 1 obstacles from 1 tracked dynamic boxes.
[lvdot_detector_main-8] [WARN] [1777000388.294786340] [lvdot_detector_node.rclcpp]: failed to send response to /onboard_detector/get_dynamic_obstacles (timeout): client will not receive response, at ./src/rmw_response.cpp:153, at ./src/rcl/service.c:400
[lvdot_detector_main-8] [INFO] [1777000392.715116938] [lvdot_detector_node]: Input health: depth=80 color=80 lidar=20 pose=84 odom=84 yolo=81 depth_pose_sync=0 lidar_pose_sync=0 depth_odom_sync=0 lidar_odom_sync=0
[lvdot_detector_main-8] [INFO] [1777000392.716645253] [lvdot_detector_node]: Stage timers: detection=119 lidar_detection=119 tracking=119 classification=119 vis=0
[lvdot_detector_main-8] [INFO] [1777000392.717409810] [lvdot_detector_node]: Processing phases: detection=idle lidar_detection=idle tracking=idle classification=idle
[lvdot_detector_main-8] [INFO] [1777000392.717666160] [lvdot_detector_node]: Pipeline stats: depth_samples=1442/71300 u_map=3 depth_boxes=0 u_map_merge=0 u_map_db=0 u_map_visual=0 u_map_fused=0 u_map_filtered=0 lidar_samples=3354/130451 uv=1 db=10 lidar=58 fused=59 filtered=59 tracks=38 dynamic=0 dyn_points=0 raw_dyn_points=0 service=15/1 split=59->0 (59 outputs) fusion_components=59 visual_only=1 lidar_only=58 yolo_in=3 yolo_match3d=3 yolo_match_det=3 yolo_human=3 fixed_size=0 size_reject=1
[lvdot_detector_main-8] [INFO] [1777000392.721005006] [lvdot_detector_node]: get_dynamic_obstacles responded with 0 obstacles from 0 tracked dynamic boxes.
[lvdot_detector_main-8] [WARN] [1777000392.821210214] [lvdot_detector_node.rclcpp]: failed to send response to /onboard_detector/get_dynamic_obstacles (timeout): client will not receive response, at ./src/rmw_response.cpp:153, at ./src/rcl/service.c:400
[lvdot_detector_main-8] [INFO] [1777000401.311527255] [lvdot_detector_node]: Input health: depth=82 color=82 lidar=22 pose=86 odom=86 yolo=83 depth_pose_sync=0 lidar_pose_sync=0 depth_odom_sync=0 lidar_odom_sync=0
[lvdot_detector_main-8] [INFO] [1777000401.312495134] [lvdot_detector_node]: Stage timers: detection=121 lidar_detection=121 tracking=121 classification=121 vis=0
[lvdot_detector_main-8] [INFO] [1777000401.313044815] [lvdot_detector_node]: Processing phases: detection=idle lidar_detection=idle tracking=idle classification=idle
[lvdot_detector_main-8] [INFO] [1777000401.313548196] [lvdot_detector_node]: Pipeline stats: depth_samples=659/58926 u_map=1 depth_boxes=0 u_map_merge=0 u_map_db=0 u_map_visual=0 u_map_fused=0 u_map_filtered=0 lidar_samples=3381/132061 uv=1 db=5 lidar=66 fused=67 filtered=67 tracks=57 dynamic=1 dyn_points=0 raw_dyn_points=0 service=16/0 split=67->0 (67 outputs) fusion_components=67 visual_only=1 lidar_only=66 yolo_in=1 yolo_match3d=1 yolo_match_det=1 yolo_human=1 fixed_size=0 size_reject=2
[lvdot_detector_main-8] [INFO] [1777000401.316794569] [lvdot_detector_node]: get_dynamic_obstacles responded with 1 obstacles from 1 tracked dynamic boxes.
[lvdot_detector_main-8] [WARN] [1777000401.421380421] [lvdot_detector_node.rclcpp]: failed to send response to /onboard_detector/get_dynamic_obstacles (timeout): client will not receive response, at ./src/rmw_response.cpp:153, at ./src/rcl/service.c:400
[lvdot_detector_main-8] [INFO] [1777000405.951307276] [lvdot_detector_node]: get_dynamic_obstacles responded with 1 obstacles from 1 tracked dynamic boxes.
[lvdot_detector_main-8] [WARN] [1777000406.054701196] [lvdot_detector_node.rclcpp]: failed to send response to /onboard_detector/get_dynamic_obstacles (timeout): client will not receive response, at ./src/rmw_response.cpp:153, at ./src/rcl/service.c:400
[lvdot_detector_main-8] [INFO] [1777000408.853478715] [lvdot_detector_node]: Input health: depth=84 color=84 lidar=24 pose=88 odom=88 yolo=85 depth_pose_sync=0 lidar_pose_sync=0 depth_odom_sync=0 lidar_odom_sync=0
[lvdot_detector_main-8] [INFO] [1777000408.854496282] [lvdot_detector_node]: Stage timers: detection=123 lidar_detection=123 tracking=123 classification=123 vis=0
[lvdot_detector_main-8] [INFO] [1777000408.855152996] [lvdot_detector_node]: Processing phases: detection=idle lidar_detection=idle tracking=idle classification=idle
[lvdot_detector_main-8] [INFO] [1777000408.855482453] [lvdot_detector_node]: Pipeline stats: depth_samples=1485/71300 u_map=3 depth_boxes=0 u_map_merge=0 u_map_db=0 u_map_visual=0 u_map_fused=0 u_map_filtered=0 lidar_samples=2014/115183 uv=1 db=12 lidar=3 fused=4 filtered=4 tracks=16 dynamic=1 dyn_points=0 raw_dyn_points=0 service=18/1 split=4->0 (4 outputs) fusion_components=4 visual_only=1 lidar_only=3 yolo_in=0 yolo_match3d=0 yolo_match_det=0 yolo_human=0 fixed_size=0 size_reject=0
[lvdot_detector_main-8] [INFO] [1777000413.578933371] [lvdot_detector_node]: get_dynamic_obstacles responded with 2 obstacles from 2 tracked dynamic boxes.
[lvdot_detector_main-8] [WARN] [1777000413.680061752] [lvdot_detector_node.rclcpp]: failed to send response to /onboard_detector/get_dynamic_obstacles (timeout): client will not receive response, at ./src/rmw_response.cpp:153, at ./src/rcl/service.c:400
[lvdot_detector_main-8] [INFO] [1777000418.476622446] [lvdot_detector_node]: Input health: depth=86 color=86 lidar=26 pose=90 odom=90 yolo=87 depth_pose_sync=0 lidar_pose_sync=0 depth_odom_sync=0 lidar_odom_sync=0
[lvdot_detector_main-8] [INFO] [1777000418.476695689] [lvdot_detector_node]: Stage timers: detection=125 lidar_detection=125 tracking=125 classification=125 vis=0
[lvdot_detector_main-8] [INFO] [1777000418.476709178] [lvdot_detector_node]: Processing phases: detection=idle lidar_detection=idle tracking=idle classification=idle
[lvdot_detector_main-8] [INFO] [1777000418.476715973] [lvdot_detector_node]: Pipeline stats: depth_samples=1436/71300 u_map=1 depth_boxes=0 u_map_merge=0 u_map_db=0 u_map_visual=0 u_map_fused=0 u_map_filtered=0 lidar_samples=3428/125294 uv=1 db=13 lidar=66 fused=67 filtered=68 tracks=70 dynamic=0 dyn_points=0 raw_dyn_points=0 service=19/2 split=67->1 (68 outputs) fusion_components=67 visual_only=1 lidar_only=66 yolo_in=5 yolo_match3d=1 yolo_match_det=5 yolo_human=2 fixed_size=0 size_reject=0
[lvdot_detector_main-8] [INFO] [1777000418.478988887] [lvdot_detector_node]: get_dynamic_obstacles responded with 0 obstacles from 0 tracked dynamic boxes.
[lvdot_detector_main-8] [WARN] [1777000418.583087202] [lvdot_detector_node.rclcpp]: failed to send response to /onboard_detector/get_dynamic_obstacles (timeout): client will not receive response, at ./src/rmw_response.cpp:153, at ./src/rcl/service.c:400
[lvdot_detector_main-8] [INFO] [1777000428.508003021] [lvdot_detector_node]: Input health: depth=89 color=89 lidar=28 pose=93 odom=93 yolo=90 depth_pose_sync=0 lidar_pose_sync=0 depth_odom_sync=0 lidar_odom_sync=0
[lvdot_detector_main-8] [INFO] [1777000428.508089993] [lvdot_detector_node]: Stage timers: detection=128 lidar_detection=128 tracking=128 classification=128 vis=0
[lvdot_detector_main-8] [INFO] [1777000428.508099790] [lvdot_detector_node]: Processing phases: detection=idle lidar_detection=waiting_new_lidar tracking=idle classification=idle
[lvdot_detector_main-8] [INFO] [1777000428.508123782] [lvdot_detector_node]: Pipeline stats: depth_samples=1483/71300 u_map=1 depth_boxes=0 u_map_merge=0 u_map_db=0 u_map_visual=0 u_map_fused=0 u_map_filtered=0 lidar_samples=3402/117457 uv=1 db=11 lidar=16 fused=17 filtered=17 tracks=16 dynamic=2 dyn_points=0 raw_dyn_points=0 service=20/0 split=17->0 (17 outputs) fusion_components=17 visual_only=1 lidar_only=16 yolo_in=0 yolo_match3d=0 yolo_match_det=0 yolo_human=0 fixed_size=0 size_reject=0
[lvdot_detector_main-8] [INFO] [1777000430.741493760] [lvdot_detector_node]: get_dynamic_obstacles responded with 0 obstacles from 0 tracked dynamic boxes.
[lvdot_detector_main-8] [WARN] [1777000430.841749985] [lvdot_detector_node.rclcpp]: failed to send response to /onboard_detector/get_dynamic_obstacles (timeout): client will not receive response, at ./src/rmw_response.cpp:153, at ./src/rcl/service.c:400
[lvdot_detector_main-8] [INFO] [1777000434.408672536] [lvdot_detector_node]: Input health: depth=94 color=94 lidar=28 pose=98 odom=98 yolo=95 depth_pose_sync=0 lidar_pose_sync=0 depth_odom_sync=0 lidar_odom_sync=0
[lvdot_detector_main-8] [INFO] [1777000434.408787652] [lvdot_detector_node]: Stage timers: detection=133 lidar_detection=133 tracking=133 classification=133 vis=0
[lvdot_detector_main-8] [INFO] [1777000434.408803499] [lvdot_detector_node]: Processing phases: detection=idle lidar_detection=waiting_new_lidar tracking=idle classification=idle
[lvdot_detector_main-8] [INFO] [1777000434.408813266] [lvdot_detector_node]: Pipeline stats: depth_samples=1358/71300 u_map=3 depth_boxes=0 u_map_merge=0 u_map_db=0 u_map_visual=0 u_map_fused=0 u_map_filtered=0 lidar_samples=3402/117457 uv=1 db=13 lidar=16 fused=17 filtered=17 tracks=18 dynamic=0 dyn_points=0 raw_dyn_points=0 service=21/0 split=17->0 (17 outputs) fusion_components=17 visual_only=1 lidar_only=16 yolo_in=2 yolo_match3d=0 yolo_match_det=0 yolo_human=0 fixed_size=0 size_reject=0
[lvdot_detector_main-8] [INFO] [1777000435.666137329] [lvdot_detector_node]: get_dynamic_obstacles responded with 0 obstacles from 0 tracked dynamic boxes.
[lvdot_detector_main-8] [INFO] [1777000439.713100758] [lvdot_detector_node]: Input health: depth=99 color=99 lidar=28 pose=103 odom=103 yolo=100 depth_pose_sync=0 lidar_pose_sync=0 depth_odom_sync=0 lidar_odom_sync=0
[lvdot_detector_main-8] [INFO] [1777000439.713804811] [lvdot_detector_node]: Stage timers: detection=138 lidar_detection=138 tracking=138 classification=138 vis=0
[lvdot_detector_main-8] [INFO] [1777000439.713822223] [lvdot_detector_node]: Processing phases: detection=idle lidar_detection=waiting_new_lidar tracking=idle classification=idle
[lvdot_detector_main-8] [INFO] [1777000439.713832869] [lvdot_detector_node]: Pipeline stats: depth_samples=1187/70840 u_map=1 depth_boxes=0 u_map_merge=0 u_map_db=0 u_map_visual=0 u_map_fused=0 u_map_filtered=0 lidar_samples=3402/117457 uv=0 db=10 lidar=16 fused=16 filtered=16 tracks=17 dynamic=0 dyn_points=0 raw_dyn_points=0 service=22/0 split=16->0 (16 outputs) fusion_components=16 visual_only=0 lidar_only=16 yolo_in=2 yolo_match3d=2 yolo_match_det=2 yolo_human=2 fixed_size=16 size_reject=0
[lvdot_detector_main-8] [INFO] [1777000441.788809956] [lvdot_detector_node]: get_dynamic_obstacles responded with 2 obstacles from 2 tracked dynamic boxes.
[lvdot_detector_main-8] [INFO] [1777000447.162213584] [lvdot_detector_node]: Input health: depth=103 color=103 lidar=29 pose=107 odom=107 yolo=104 depth_pose_sync=0 lidar_pose_sync=0 depth_odom_sync=0 lidar_odom_sync=0
[lvdot_detector_main-8] [INFO] [1777000447.162358287] [lvdot_detector_node]: Stage timers: detection=142 lidar_detection=142 tracking=142 classification=142 vis=0
[lvdot_detector_main-8] [INFO] [1777000447.162383418] [lvdot_detector_node]: Processing phases: detection=idle lidar_detection=waiting_new_lidar tracking=idle classification=idle
[lvdot_detector_main-8] [INFO] [1777000447.162393291] [lvdot_detector_node]: Pipeline stats: depth_samples=1454/71300 u_map=1 depth_boxes=0 u_map_merge=0 u_map_db=0 u_map_visual=0 u_map_fused=0 u_map_filtered=0 lidar_samples=3419/118140 uv=0 db=13 lidar=16 fused=16 filtered=18 tracks=16 dynamic=1 dyn_points=0 raw_dyn_points=0 service=23/2 split=16->1 (18 outputs) fusion_components=16 visual_only=0 lidar_only=16 yolo_in=3 yolo_match3d=1 yolo_match_det=3 yolo_human=3 fixed_size=0 size_reject=0
[lvdot_detector_main-8] [INFO] [1777000447.164534217] [lvdot_detector_node]: get_dynamic_obstacles responded with 1 obstacles from 1 tracked dynamic boxes.
[lvdot_detector_main-8] [INFO] [1777000452.348919194] [lvdot_detector_node]: Input health: depth=105 color=105 lidar=30 pose=109 odom=109 yolo=106 depth_pose_sync=0 lidar_pose_sync=0 depth_odom_sync=0 lidar_odom_sync=0
[lvdot_detector_main-8] [INFO] [1777000452.350023505] [lvdot_detector_node]: Stage timers: detection=144 lidar_detection=144 tracking=144 classification=144 vis=0
[lvdot_detector_main-8] [INFO] [1777000452.350557769] [lvdot_detector_node]: Processing phases: detection=idle lidar_detection=waiting_new_lidar tracking=idle classification=idle
[lvdot_detector_main-8] [INFO] [1777000452.350872413] [lvdot_detector_node]: Pipeline stats: depth_samples=1097/71300 u_map=2 depth_boxes=0 u_map_merge=0 u_map_db=0 u_map_visual=0 u_map_fused=0 u_map_filtered=0 lidar_samples=3241/150283 uv=1 db=11 lidar=67 fused=68 filtered=68 tracks=70 dynamic=3 dyn_points=0 raw_dyn_points=0 service=24/1 split=68->0 (68 outputs) fusion_components=68 visual_only=1 lidar_only=67 yolo_in=2 yolo_match3d=1 yolo_match_det=1 yolo_human=1 fixed_size=0 size_reject=0
[lvdot_detector_main-8] [INFO] [1777000453.464643055] [lvdot_detector_node]: get_dynamic_obstacles responded with 0 obstacles from 0 tracked dynamic boxes.
[lvdot_detector_main-8] [INFO] [1777000458.188650827] [lvdot_detector_node]: Input health: depth=110 color=110 lidar=30 pose=114 odom=114 yolo=111 depth_pose_sync=0 lidar_pose_sync=0 depth_odom_sync=0 lidar_odom_sync=0
[lvdot_detector_main-8] [INFO] [1777000458.189531819] [lvdot_detector_node]: Stage timers: detection=149 lidar_detection=149 tracking=149 classification=149 vis=0
[lvdot_detector_main-8] [INFO] [1777000458.189922310] [lvdot_detector_node]: Processing phases: detection=idle lidar_detection=waiting_new_lidar tracking=idle classification=idle
[lvdot_detector_main-8] [INFO] [1777000458.189937186] [lvdot_detector_node]: Pipeline stats: depth_samples=1349/71300 u_map=0 depth_boxes=0 u_map_merge=0 u_map_db=0 u_map_visual=0 u_map_fused=0 u_map_filtered=0 lidar_samples=3241/150283 uv=0 db=9 lidar=67 fused=67 filtered=67 tracks=67 dynamic=1 dyn_points=0 raw_dyn_points=0 service=25/0 split=67->0 (67 outputs) fusion_components=67 visual_only=0 lidar_only=67 yolo_in=5 yolo_match3d=2 yolo_match_det=2 yolo_human=2 fixed_size=0 size_reject=0
[lvdot_detector_main-8] [INFO] [1777000458.192110365] [lvdot_detector_node]: get_dynamic_obstacles responded with 1 obstacles from 1 tracked dynamic boxes.
[lvdot_detector_main-8] [INFO] [1777000463.856987310] [lvdot_detector_node]: Input health: depth=112 color=112 lidar=31 pose=116 odom=116 yolo=113 depth_pose_sync=0 lidar_pose_sync=0 depth_odom_sync=0 lidar_odom_sync=0
[lvdot_detector_main-8] [INFO] [1777000463.857054269] [lvdot_detector_node]: Stage timers: detection=151 lidar_detection=151 tracking=151 classification=151 vis=0
[lvdot_detector_main-8] [INFO] [1777000463.857065362] [lvdot_detector_node]: Processing phases: detection=idle lidar_detection=waiting_new_lidar tracking=idle classification=idle
[lvdot_detector_main-8] [INFO] [1777000463.857074756] [lvdot_detector_node]: Pipeline stats: depth_samples=1385/71300 u_map=3 depth_boxes=0 u_map_merge=0 u_map_db=0 u_map_visual=0 u_map_fused=0 u_map_filtered=0 lidar_samples=3452/108022 uv=2 db=10 lidar=4 fused=6 filtered=6 tracks=4 dynamic=0 dyn_points=0 raw_dyn_points=0 service=26/1 split=6->0 (6 outputs) fusion_components=6 visual_only=2 lidar_only=4 yolo_in=0 yolo_match3d=0 yolo_match_det=0 yolo_human=0 fixed_size=0 size_reject=2
[lvdot_detector_main-8] [INFO] [1777000465.707522993] [lvdot_detector_node]: get_dynamic_obstacles responded with 0 obstacles from 0 tracked dynamic boxes.
[lvdot_detector_main-8] [WARN] [1777000465.808562297] [lvdot_detector_node.rclcpp]: failed to send response to /onboard_detector/get_dynamic_obstacles (timeout): client will not receive response, at ./src/rmw_response.cpp:153, at ./src/rcl/service.c:400
[lvdot_detector_main-8] [INFO] [1777000470.634266195] [lvdot_detector_node]: Input health: depth=118 color=118 lidar=31 pose=122 odom=122 yolo=119 depth_pose_sync=0 lidar_pose_sync=0 depth_odom_sync=0 lidar_odom_sync=0
[lvdot_detector_main-8] [INFO] [1777000470.634790776] [lvdot_detector_node]: Stage timers: detection=157 lidar_detection=157 tracking=157 classification=157 vis=0
[lvdot_detector_main-8] [INFO] [1777000470.634808660] [lvdot_detector_node]: Processing phases: detection=idle lidar_detection=waiting_new_lidar tracking=idle classification=idle
[lvdot_detector_main-8] [INFO] [1777000470.634820617] [lvdot_detector_node]: Pipeline stats: depth_samples=1555/71300 u_map=3 depth_boxes=0 u_map_merge=0 u_map_db=0 u_map_visual=0 u_map_fused=0 u_map_filtered=0 lidar_samples=3452/108022 uv=2 db=15 lidar=4 fused=6 filtered=6 tracks=6 dynamic=0 dyn_points=0 raw_dyn_points=0 service=27/0 split=6->0 (6 outputs) fusion_components=6 visual_only=2 lidar_only=4 yolo_in=2 yolo_match3d=1 yolo_match_det=1 yolo_human=1 fixed_size=0 size_reject=0
[lvdot_detector_main-8] [INFO] [1777000470.636650772] [lvdot_detector_node]: get_dynamic_obstacles responded with 0 obstacles from 0 tracked dynamic boxes.
[lvdot_detector_main-8] [INFO] [1777000475.829358276] [lvdot_detector_node]: Input health: depth=123 color=123 lidar=31 pose=127 odom=127 yolo=124 depth_pose_sync=0 lidar_pose_sync=0 depth_odom_sync=0 lidar_odom_sync=0
[lvdot_detector_main-8] [INFO] [1777000475.829436996] [lvdot_detector_node]: Stage timers: detection=162 lidar_detection=162 tracking=162 classification=162 vis=0
[lvdot_detector_main-8] [INFO] [1777000475.829453743] [lvdot_detector_node]: Processing phases: detection=idle lidar_detection=waiting_new_lidar tracking=idle classification=idle
[lvdot_detector_main-8] [INFO] [1777000475.829465876] [lvdot_detector_node]: Pipeline stats: depth_samples=1498/71300 u_map=4 depth_boxes=0 u_map_merge=0 u_map_db=0 u_map_visual=0 u_map_fused=0 u_map_filtered=0 lidar_samples=3452/108022 uv=4 db=14 lidar=4 fused=8 filtered=8 tracks=4 dynamic=1 dyn_points=0 raw_dyn_points=0 service=28/0 split=8->0 (8 outputs) fusion_components=8 visual_only=4 lidar_only=4 yolo_in=4 yolo_match3d=3 yolo_match_det=3 yolo_human=3 fixed_size=4 size_reject=0
[lvdot_detector_main-8] [INFO] [1777000481.096935528] [lvdot_detector_node]: Input health: depth=125 color=125 lidar=32 pose=129 odom=129 yolo=126 depth_pose_sync=0 lidar_pose_sync=0 depth_odom_sync=0 lidar_odom_sync=0
[lvdot_detector_main-8] [INFO] [1777000481.098773783] [lvdot_detector_node]: Stage timers: detection=164 lidar_detection=164 tracking=164 classification=164 vis=0
[lvdot_detector_main-8] [INFO] [1777000481.098814990] [lvdot_detector_node]: Processing phases: detection=idle lidar_detection=idle tracking=idle classification=idle
[lvdot_detector_main-8] [INFO] [1777000481.098829093] [lvdot_detector_node]: Pipeline stats: depth_samples=1249/71300 u_map=4 depth_boxes=0 u_map_merge=0 u_map_db=0 u_map_visual=0 u_map_fused=0 u_map_filtered=0 lidar_samples=3490/138777 uv=1 db=10 lidar=85 fused=86 filtered=86 tracks=4 dynamic=3 dyn_points=0 raw_dyn_points=0 service=28/0 split=86->0 (86 outputs) fusion_components=86 visual_only=1 lidar_only=85 yolo_in=2 yolo_match3d=2 yolo_match_det=2 yolo_human=2 fixed_size=4 size_reject=0
[lvdot_detector_main-8] [INFO] [1777000481.101283567] [lvdot_detector_node]: get_dynamic_obstacles responded with 3 obstacles from 3 tracked dynamic boxes.
[lvdot_detector_main-8] [WARN] [1777000481.202831055] [lvdot_detector_node.rclcpp]: failed to send response to /onboard_detector/get_dynamic_obstacles (timeout): client will not receive response, at ./src/rmw_response.cpp:153, at ./src/rcl/service.c:400
[lvdot_detector_main-8] [INFO] [1777000486.156480586] [lvdot_detector_node]: Input health: depth=127 color=127 lidar=33 pose=131 odom=131 yolo=128 depth_pose_sync=0 lidar_pose_sync=0 depth_odom_sync=0 lidar_odom_sync=0
[lvdot_detector_main-8] [INFO] [1777000486.158522421] [lvdot_detector_node]: Stage timers: detection=166 lidar_detection=166 tracking=166 classification=166 vis=0
[lvdot_detector_main-8] [INFO] [1777000486.158735680] [lvdot_detector_node]: Processing phases: detection=idle lidar_detection=waiting_new_lidar tracking=idle classification=idle
[lvdot_detector_main-8] [INFO] [1777000486.158751654] [lvdot_detector_node]: Pipeline stats: depth_samples=959/52971 u_map=1 depth_boxes=0 u_map_merge=0 u_map_db=0 u_map_visual=0 u_map_fused=0 u_map_filtered=0 lidar_samples=3438/119199 uv=1 db=7 lidar=16 fused=17 filtered=17 tracks=17 dynamic=1 dyn_points=0 raw_dyn_points=0 service=29/3 split=17->1 (17 outputs) fusion_components=17 visual_only=1 lidar_only=16 yolo_in=3 yolo_match3d=1 yolo_match_det=2 yolo_human=1 fixed_size=0 size_reject=1
[lvdot_detector_main-8] [INFO] [1777000491.444729137] [lvdot_detector_node]: Input health: depth=129 color=129 lidar=34 pose=133 odom=133 yolo=130 depth_pose_sync=0 lidar_pose_sync=0 depth_odom_sync=0 lidar_odom_sync=0
[lvdot_detector_main-8] [INFO] [1777000491.444793831] [lvdot_detector_node]: Stage timers: detection=168 lidar_detection=168 tracking=168 classification=168 vis=0
[lvdot_detector_main-8] [INFO] [1777000491.444804530] [lvdot_detector_node]: Processing phases: detection=idle lidar_detection=waiting_new_lidar tracking=idle classification=idle
[lvdot_detector_main-8] [INFO] [1777000491.444813529] [lvdot_detector_node]: Pipeline stats: depth_samples=1185/71300 u_map=2 depth_boxes=0 u_map_merge=0 u_map_db=0 u_map_visual=0 u_map_fused=0 u_map_filtered=0 lidar_samples=3036/188991 uv=2 db=8 lidar=3 fused=5 filtered=5 tracks=5 dynamic=0 dyn_points=0 raw_dyn_points=0 service=29/3 split=5->0 (5 outputs) fusion_components=5 visual_only=2 lidar_only=3 yolo_in=2 yolo_match3d=1 yolo_match_det=1 yolo_human=1 fixed_size=0 size_reject=1
[lvdot_detector_main-8] [INFO] [1777000496.506150315] [lvdot_detector_node]: Input health: depth=131 color=131 lidar=35 pose=135 odom=135 yolo=132 depth_pose_sync=0 lidar_pose_sync=0 depth_odom_sync=0 lidar_odom_sync=0
[lvdot_detector_main-8] [INFO] [1777000496.507473467] [lvdot_detector_node]: Stage timers: detection=170 lidar_detection=170 tracking=170 classification=170 vis=0
[lvdot_detector_main-8] [INFO] [1777000496.507495567] [lvdot_detector_node]: Processing phases: detection=idle lidar_detection=waiting_new_lidar tracking=idle classification=idle
[lvdot_detector_main-8] [INFO] [1777000496.507503366] [lvdot_detector_node]: Pipeline stats: depth_samples=1562/71300 u_map=6 depth_boxes=0 u_map_merge=0 u_map_db=0 u_map_visual=0 u_map_fused=0 u_map_filtered=0 lidar_samples=3440/107821 uv=3 db=11 lidar=9 fused=12 filtered=12 tracks=9 dynamic=1 dyn_points=0 raw_dyn_points=0 service=29/3 split=12->1 (12 outputs) fusion_components=12 visual_only=3 lidar_only=9 yolo_in=5 yolo_match3d=2 yolo_match_det=4 yolo_human=1 fixed_size=0 size_reject=0
[lvdot_detector_main-8] [INFO] [1777000503.731365791] [lvdot_detector_node]: Input health: depth=135 color=135 lidar=36 pose=139 odom=139 yolo=136 depth_pose_sync=0 lidar_pose_sync=0 depth_odom_sync=0 lidar_odom_sync=0
[lvdot_detector_main-8] [INFO] [1777000503.732821056] [lvdot_detector_node]: Stage timers: detection=174 lidar_detection=174 tracking=174 classification=174 vis=0
[lvdot_detector_main-8] [INFO] [1777000503.732839363] [lvdot_detector_node]: Processing phases: detection=idle lidar_detection=idle tracking=idle classification=idle
[lvdot_detector_main-8] [INFO] [1777000503.732850806] [lvdot_detector_node]: Pipeline stats: depth_samples=1182/71300 u_map=2 depth_boxes=0 u_map_merge=0 u_map_db=0 u_map_visual=0 u_map_fused=0 u_map_filtered=0 lidar_samples=3304/136482 uv=2 db=8 lidar=72 fused=73 filtered=75 tracks=11 dynamic=0 dyn_points=0 raw_dyn_points=0 service=29/3 split=73->2 (75 outputs) fusion_components=73 visual_only=1 lidar_only=71 yolo_in=5 yolo_match3d=2 yolo_match_det=5 yolo_human=4 fixed_size=0 size_reject=0
[lvdot_detector_main-8] [INFO] [1777000513.295477030] [lvdot_detector_node]: Input health: depth=141 color=141 lidar=38 pose=145 odom=145 yolo=142 depth_pose_sync=0 lidar_pose_sync=0 depth_odom_sync=0 lidar_odom_sync=0
[lvdot_detector_main-8] [INFO] [1777000513.296414626] [lvdot_detector_node]: Stage timers: detection=180 lidar_detection=180 tracking=180 classification=180 vis=0
[lvdot_detector_main-8] [INFO] [1777000513.297146428] [lvdot_detector_node]: Processing phases: detection=idle lidar_detection=idle tracking=idle classification=idle
[lvdot_detector_main-8] [INFO] [1777000513.297464845] [lvdot_detector_node]: Pipeline stats: depth_samples=1440/71300 u_map=3 depth_boxes=0 u_map_merge=0 u_map_db=0 u_map_visual=0 u_map_fused=0 u_map_filtered=0 lidar_samples=3329/122459 uv=3 db=11 lidar=20 fused=23 filtered=23 tracks=1 dynamic=0 dyn_points=0 raw_dyn_points=0 service=29/3 split=23->0 (23 outputs) fusion_components=23 visual_only=3 lidar_only=20 yolo_in=1 yolo_match3d=1 yolo_match_det=1 yolo_human=1 fixed_size=0 size_reject=0
[lvdot_detector_main-8] [INFO] [1777000520.123274876] [lvdot_detector_node]: Input health: depth=144 color=144 lidar=39 pose=148 odom=148 yolo=145 depth_pose_sync=0 lidar_pose_sync=0 depth_odom_sync=0 lidar_odom_sync=0
[lvdot_detector_main-8] [INFO] [1777000520.124483105] [lvdot_detector_node]: Stage timers: detection=183 lidar_detection=183 tracking=183 classification=183 vis=0
[lvdot_detector_main-8] [INFO] [1777000520.125287259] [lvdot_detector_node]: Processing phases: detection=idle lidar_detection=waiting_new_lidar tracking=idle classification=idle
[lvdot_detector_main-8] [INFO] [1777000520.125959985] [lvdot_detector_node]: Pipeline stats: depth_samples=1693/71300 u_map=4 depth_boxes=0 u_map_merge=0 u_map_db=0 u_map_visual=0 u_map_fused=0 u_map_filtered=0 lidar_samples=3379/162275 uv=2 db=15 lidar=53 fused=55 filtered=55 tracks=54 dynamic=0 dyn_points=0 raw_dyn_points=0 service=29/3 split=55->0 (55 outputs) fusion_components=55 visual_only=2 lidar_only=53 yolo_in=0 yolo_match3d=0 yolo_match_det=0 yolo_human=0 fixed_size=0 size_reject=0
[lvdot_detector_main-8] [INFO] [1777000525.174630202] [lvdot_detector_node]: Input health: depth=146 color=146 lidar=40 pose=150 odom=150 yolo=147 depth_pose_sync=0 lidar_pose_sync=0 depth_odom_sync=0 lidar_odom_sync=0
[lvdot_detector_main-8] [INFO] [1777000525.174694183] [lvdot_detector_node]: Stage timers: detection=185 lidar_detection=185 tracking=185 classification=185 vis=0
[lvdot_detector_main-8] [INFO] [1777000525.174710003] [lvdot_detector_node]: Processing phases: detection=idle lidar_detection=waiting_new_lidar tracking=idle classification=idle
[lvdot_detector_main-8] [INFO] [1777000525.174732632] [lvdot_detector_node]: Pipeline stats: depth_samples=1264/71300 u_map=1 depth_boxes=0 u_map_merge=0 u_map_db=0 u_map_visual=0 u_map_fused=0 u_map_filtered=0 lidar_samples=3205/127165 uv=1 db=12 lidar=20 fused=21 filtered=21 tracks=23 dynamic=0 dyn_points=0 raw_dyn_points=0 service=29/3 split=21->1 (21 outputs) fusion_components=21 visual_only=1 lidar_only=20 yolo_in=4 yolo_match3d=1 yolo_match_det=4 yolo_human=0 fixed_size=0 size_reject=0
[lvdot_detector_main-8] [INFO] [1777000534.166180816] [lvdot_detector_node]: Input health: depth=150 color=150 lidar=42 pose=154 odom=154 yolo=151 depth_pose_sync=0 lidar_pose_sync=0 depth_odom_sync=0 lidar_odom_sync=0
[lvdot_detector_main-8] [INFO] [1777000534.166264700] [lvdot_detector_node]: Stage timers: detection=189 lidar_detection=189 tracking=189 classification=189 vis=0
[lvdot_detector_main-8] [INFO] [1777000534.166274598] [lvdot_detector_node]: Processing phases: detection=idle lidar_detection=waiting_new_lidar tracking=idle classification=idle
[lvdot_detector_main-8] [INFO] [1777000534.166281797] [lvdot_detector_node]: Pipeline stats: depth_samples=1391/71300 u_map=4 depth_boxes=0 u_map_merge=0 u_map_db=0 u_map_visual=0 u_map_fused=0 u_map_filtered=0 lidar_samples=3362/124668 uv=4 db=9 lidar=22 fused=26 filtered=26 tracks=23 dynamic=0 dyn_points=0 raw_dyn_points=0 service=29/3 split=26->0 (26 outputs) fusion_components=26 visual_only=4 lidar_only=22 yolo_in=0 yolo_match3d=0 yolo_match_det=0 yolo_human=0 fixed_size=0 size_reject=0
[lvdot_detector_main-8] [INFO] [1777000541.890192859] [lvdot_detector_node]: Input health: depth=154 color=154 lidar=43 pose=158 odom=158 yolo=155 depth_pose_sync=0 lidar_pose_sync=0 depth_odom_sync=0 lidar_odom_sync=0
[lvdot_detector_main-8] [INFO] [1777000541.890357120] [lvdot_detector_node]: Stage timers: detection=193 lidar_detection=193 tracking=193 classification=193 vis=0
[lvdot_detector_main-8] [INFO] [1777000541.890377878] [lvdot_detector_node]: Processing phases: detection=idle lidar_detection=idle tracking=idle classification=idle
[lvdot_detector_main-8] [INFO] [1777000541.890393422] [lvdot_detector_node]: Pipeline stats: depth_samples=1440/71300 u_map=3 depth_boxes=0 u_map_merge=0 u_map_db=0 u_map_visual=0 u_map_fused=0 u_map_filtered=0 lidar_samples=3089/162458 uv=3 db=13 lidar=73 fused=76 filtered=76 tracks=24 dynamic=0 dyn_points=0 raw_dyn_points=0 service=29/3 split=76->0 (76 outputs) fusion_components=76 visual_only=3 lidar_only=73 yolo_in=3 yolo_match3d=3 yolo_match_det=3 yolo_human=3 fixed_size=0 size_reject=0
[lvdot_detector_main-8] [INFO] [1777000547.053059086] [lvdot_detector_node]: Input health: depth=156 color=156 lidar=44 pose=160 odom=160 yolo=157 depth_pose_sync=0 lidar_pose_sync=0 depth_odom_sync=0 lidar_odom_sync=0
[lvdot_detector_main-8] [INFO] [1777000547.053134355] [lvdot_detector_node]: Stage timers: detection=195 lidar_detection=195 tracking=195 classification=195 vis=0
[lvdot_detector_main-8] [INFO] [1777000547.053146050] [lvdot_detector_node]: Processing phases: detection=idle lidar_detection=idle tracking=idle classification=idle
[lvdot_detector_main-8] [INFO] [1777000547.053155346] [lvdot_detector_node]: Pipeline stats: depth_samples=1221/71300 u_map=1 depth_boxes=0 u_map_merge=0 u_map_db=0 u_map_visual=0 u_map_fused=0 u_map_filtered=0 lidar_samples=3301/121979 uv=1 db=11 lidar=13 fused=14 filtered=14 tracks=74 dynamic=3 dyn_points=0 raw_dyn_points=0 service=29/3 split=14->0 (14 outputs) fusion_components=14 visual_only=1 lidar_only=13 yolo_in=2 yolo_match3d=2 yolo_match_det=2 yolo_human=2 fixed_size=0 size_reject=0
[lvdot_detector_main-8] [INFO] [1777000555.559460149] [lvdot_detector_node]: Input health: depth=161 color=161 lidar=45 pose=165 odom=165 yolo=162 depth_pose_sync=0 lidar_pose_sync=0 depth_odom_sync=0 lidar_odom_sync=0
[lvdot_detector_main-8] [INFO] [1777000555.559767779] [lvdot_detector_node]: Stage timers: detection=200 lidar_detection=200 tracking=200 classification=200 vis=0
[lvdot_detector_main-8] [INFO] [1777000555.559787468] [lvdot_detector_node]: Processing phases: detection=idle lidar_detection=waiting_new_lidar tracking=idle classification=idle
[lvdot_detector_main-8] [INFO] [1777000555.559797362] [lvdot_detector_node]: Pipeline stats: depth_samples=1170/71300 u_map=5 depth_boxes=0 u_map_merge=0 u_map_db=0 u_map_visual=0 u_map_fused=0 u_map_filtered=0 lidar_samples=3345/120884 uv=2 db=12 lidar=17 fused=19 filtered=19 tracks=18 dynamic=0 dyn_points=0 raw_dyn_points=0 service=29/3 split=19->1 (19 outputs) fusion_components=19 visual_only=2 lidar_only=17 yolo_in=4 yolo_match3d=2 yolo_match_det=4 yolo_human=2 fixed_size=0 size_reject=0
[lvdot_detector_main-8] [INFO] [1777000562.022444014] [lvdot_detector_node]: Input health: depth=167 color=167 lidar=45 pose=171 odom=171 yolo=168 depth_pose_sync=0 lidar_pose_sync=0 depth_odom_sync=0 lidar_odom_sync=0
[lvdot_detector_main-8] [INFO] [1777000562.023965897] [lvdot_detector_node]: Stage timers: detection=206 lidar_detection=206 tracking=206 classification=206 vis=0
[lvdot_detector_main-8] [INFO] [1777000562.023996309] [lvdot_detector_node]: Processing phases: detection=idle lidar_detection=waiting_new_lidar tracking=idle classification=idle
[lvdot_detector_main-8] [INFO] [1777000562.024006579] [lvdot_detector_node]: Pipeline stats: depth_samples=1437/71300 u_map=1 depth_boxes=0 u_map_merge=0 u_map_db=0 u_map_visual=0 u_map_fused=0 u_map_filtered=0 lidar_samples=3345/120884 uv=1 db=10 lidar=17 fused=18 filtered=18 tracks=18 dynamic=0 dyn_points=0 raw_dyn_points=0 service=29/3 split=18->0 (18 outputs) fusion_components=18 visual_only=1 lidar_only=17 yolo_in=3 yolo_match3d=1 yolo_match_det=1 yolo_human=1 fixed_size=0 size_reject=0
[uav_trajectory_controller-4] [WARN] [1777000564.977553741] [uav_trajectory_controller]: SetEntityPose request timed out after 0.62s on /world/pedestrian_prototype/set_pose; dropping the pending request and retrying.
[uav_trajectory_controller-4] [WARN] [1777000565.727680379] [uav_trajectory_controller]: SetEntityPose request timed out after 0.62s on /world/pedestrian_prototype/set_pose; dropping the pending request and retrying.
[lvdot_detector_main-8] [INFO] [1777000570.045831835] [lvdot_detector_node]: Input health: depth=172 color=172 lidar=46 pose=176 odom=176 yolo=173 depth_pose_sync=0 lidar_pose_sync=0 depth_odom_sync=0 lidar_odom_sync=0
[lvdot_detector_main-8] [INFO] [1777000570.045906875] [lvdot_detector_node]: Stage timers: detection=211 lidar_detection=211 tracking=211 classification=211 vis=0
[lvdot_detector_main-8] [INFO] [1777000570.045920709] [lvdot_detector_node]: Processing phases: detection=idle lidar_detection=waiting_new_lidar tracking=idle classification=idle
[lvdot_detector_main-8] [INFO] [1777000570.045930960] [lvdot_detector_node]: Pipeline stats: depth_samples=1465/71300 u_map=1 depth_boxes=0 u_map_merge=0 u_map_db=0 u_map_visual=0 u_map_fused=0 u_map_filtered=0 lidar_samples=3482/108091 uv=0 db=13 lidar=3 fused=3 filtered=3 tracks=3 dynamic=0 dyn_points=0 raw_dyn_points=0 service=29/3 split=3->0 (3 outputs) fusion_components=3 visual_only=0 lidar_only=3 yolo_in=1 yolo_match3d=0 yolo_match_det=0 yolo_human=0 fixed_size=0 size_reject=0
[lvdot_detector_main-8] [INFO] [1777000577.916474060] [lvdot_detector_node]: Input health: depth=176 color=176 lidar=47 pose=180 odom=180 yolo=177 depth_pose_sync=0 lidar_pose_sync=0 depth_odom_sync=0 lidar_odom_sync=0
[lvdot_detector_main-8] [INFO] [1777000577.917484523] [lvdot_detector_node]: Stage timers: detection=215 lidar_detection=215 tracking=215 classification=215 vis=0
[lvdot_detector_main-8] [INFO] [1777000577.917509650] [lvdot_detector_node]: Processing phases: detection=idle lidar_detection=waiting_new_lidar tracking=idle classification=idle
[lvdot_detector_main-8] [INFO] [1777000577.917532783] [lvdot_detector_node]: Pipeline stats: depth_samples=1250/71300 u_map=2 depth_boxes=0 u_map_merge=0 u_map_db=0 u_map_visual=0 u_map_fused=0 u_map_filtered=0 lidar_samples=3383/119785 uv=1 db=9 lidar=21 fused=22 filtered=22 tracks=21 dynamic=0 dyn_points=0 raw_dyn_points=0 service=29/3 split=22->0 (22 outputs) fusion_components=22 visual_only=1 lidar_only=21 yolo_in=4 yolo_match3d=3 yolo_match_det=3 yolo_human=3 fixed_size=0 size_reject=0
[lvdot_detector_main-8] [INFO] [1777000577.918496482] [lvdot_detector_node]: get_dynamic_obstacles responded with 0 obstacles from 0 tracked dynamic boxes.
[lvdot_detector_main-8] [INFO] [1777000584.380584789] [lvdot_detector_node]: Input health: depth=182 color=182 lidar=47 pose=186 odom=186 yolo=183 depth_pose_sync=0 lidar_pose_sync=0 depth_odom_sync=0 lidar_odom_sync=0
[lvdot_detector_main-8] [INFO] [1777000584.380684421] [lvdot_detector_node]: Stage timers: detection=221 lidar_detection=221 tracking=221 classification=221 vis=0
[lvdot_detector_main-8] [INFO] [1777000584.380708979] [lvdot_detector_node]: Processing phases: detection=idle lidar_detection=waiting_new_lidar tracking=idle classification=idle
[lvdot_detector_main-8] [INFO] [1777000584.380729245] [lvdot_detector_node]: Pipeline stats: depth_samples=1369/71300 u_map=0 depth_boxes=0 u_map_merge=0 u_map_db=0 u_map_visual=0 u_map_fused=0 u_map_filtered=0 lidar_samples=3383/119785 uv=0 db=10 lidar=21 fused=21 filtered=21 tracks=21 dynamic=0 dyn_points=0 raw_dyn_points=0 service=30/0 split=21->0 (21 outputs) fusion_components=21 visual_only=0 lidar_only=21 yolo_in=1 yolo_match3d=0 yolo_match_det=0 yolo_human=0 fixed_size=0 size_reject=0
[lvdot_detector_main-8] [INFO] [1777000590.602848509] [lvdot_detector_node]: Input health: depth=188 color=188 lidar=47 pose=192 odom=192 yolo=189 depth_pose_sync=0 lidar_pose_sync=0 depth_odom_sync=0 lidar_odom_sync=0
[lvdot_detector_main-8] [INFO] [1777000590.602999918] [lvdot_detector_node]: Stage timers: detection=227 lidar_detection=227 tracking=227 classification=227 vis=0
[lvdot_detector_main-8] [INFO] [1777000590.603017407] [lvdot_detector_node]: Processing phases: detection=idle lidar_detection=waiting_new_lidar tracking=idle classification=idle
[lvdot_detector_main-8] [INFO] [1777000590.603027202] [lvdot_detector_node]: Pipeline stats: depth_samples=1479/71300 u_map=2 depth_boxes=0 u_map_merge=0 u_map_db=0 u_map_visual=0 u_map_fused=0 u_map_filtered=0 lidar_samples=3383/119785 uv=1 db=10 lidar=21 fused=22 filtered=22 tracks=22 dynamic=0 dyn_points=0 raw_dyn_points=0 service=30/0 split=22->0 (22 outputs) fusion_components=22 visual_only=1 lidar_only=21 yolo_in=3 yolo_match3d=2 yolo_match_det=2 yolo_human=2 fixed_size=21 size_reject=1
