[INFO] [launch]: All log files can be found below /home/skbt2/.ros/log/2026-04-23-22-42-07-654044-DESKTOP-90MQDL6-142241
[INFO] [launch]: Default logging verbosity is set to INFO
[INFO] [gazebo-1]: process started with pid [142280]
[INFO] [parameter_bridge-2]: process started with pid [142281]
[INFO] [pedestrian_state_publisher-3]: process started with pid [142282]
[INFO] [uav_trajectory_controller-4]: process started with pid [142283]
[INFO] [image_pointcloud_relay-5]: process started with pid [142284]
[INFO] [lvdot_yolo_node-6]: process started with pid [142285]
[INFO] [lvdot_detector_main-7]: process started with pid [142286]
[parameter_bridge-2] [INFO] [1776955327.923283182] [ros_gz_bridge]: Creating GZ->ROS Bridge: [/rgbd_camera/image (gz.msgs.Image) -> /rgbd_camera/image (sensor_msgs/msg/Image)] (Lazy 0)
[parameter_bridge-2] [INFO] [1776955327.928704559] [ros_gz_bridge]: Creating GZ->ROS Bridge: [/rgbd_camera/camera_info (gz.msgs.CameraInfo) -> /rgbd_camera/camera_info (sensor_msgs/msg/CameraInfo)] (Lazy 0)
[parameter_bridge-2] [INFO] [1776955327.929882932] [ros_gz_bridge]: Creating GZ->ROS Bridge: [/rgbd_camera/depth_image (gz.msgs.Image) -> /rgbd_camera/depth_image (sensor_msgs/msg/Image)] (Lazy 0)
[parameter_bridge-2] [INFO] [1776955327.930662034] [ros_gz_bridge]: Creating GZ->ROS Bridge: [/rgbd_camera/points (gz.msgs.PointCloudPacked) -> /rgbd_camera/points (sensor_msgs/msg/PointCloud2)] (Lazy 0)
[parameter_bridge-2] [INFO] [1776955327.931529842] [ros_gz_bridge]: Creating GZ->ROS Bridge: [/camera/imu (gz.msgs.IMU) -> /camera/imu (sensor_msgs/msg/Imu)] (Lazy 0)
[parameter_bridge-2] [INFO] [1776955327.932333074] [ros_gz_bridge]: Creating ROS->GZ service bridge [/world/pedestrian_prototype/set_pose (ros_gz_interfaces/srv/SetEntityPose -> /)]
[parameter_bridge-2] [INFO] [1776955327.934102979] [ros_gz_bridge]: Creating ROS->GZ service bridge [/world/pedestrian_prototype/set_pose/blocking (ros_gz_interfaces/srv/SetEntityPose -> /)]
[lvdot_detector_main-7] [INFO] [1776955328.076860542] [lvdot_detector_node]: Config loaded: localization_mode=0 dt=0.033 image=640x480 depth_range=[0.20, 12.00] stage_timers=true
[lvdot_detector_main-7] [INFO] [1776955328.129495987] [lvdot_detector_node]: LV-DOT ROS2 skeleton started. depth=/camera/depth/image_rect_raw color=/camera/color/image_raw lidar=/rgbd_camera/points pose=/mavros/local_position/pose odom=/mavros/local_position/odom yolo=/yolo_detector/detected_bounding_boxes
[gazebo-1] [INFO] [1776955328.992392393] [pedestrian_pose_sync_system]: Configured pedestrian pose sync plugin on topic [/pedestrian_sim/agent_states] for 8 models.
[uav_trajectory_controller-4] [WARN] [1776955329.507886891] [uav_trajectory_controller]: SetEntityPose request timed out after 0.62s on /world/pedestrian_prototype/set_pose/blocking; dropping the pending request and retrying.
[uav_trajectory_controller-4] [WARN] [1776955329.508668729] [uav_trajectory_controller]: Falling back from /world/pedestrian_prototype/set_pose/blocking to /world/pedestrian_prototype/set_pose.
[lvdot_detector_main-7] [INFO] [1776955330.129906072] [lvdot_detector_node]: Input health: depth=0 color=0 lidar=0 pose=0 odom=0 yolo=0 depth_pose_sync=0 lidar_pose_sync=0 depth_odom_sync=0 lidar_odom_sync=0
[lvdot_detector_main-7] [INFO] [1776955330.130016758] [lvdot_detector_node]: Stage timers: detection=60 lidar_detection=60 tracking=60 classification=60 vis=60
[lvdot_detector_main-7] [INFO] [1776955330.130030337] [lvdot_detector_node]: Processing phases: detection=waiting_sensor_pose lidar_detection=waiting_new_lidar tracking=waiting_new_filtered_update classification=waiting_new_tracking_update
[lvdot_detector_main-7] [INFO] [1776955330.130037567] [lvdot_detector_node]: Pipeline stats: depth_samples=0/0 u_map=0 depth_boxes=0 u_map_merge=0 u_map_db=0 u_map_visual=0 u_map_fused=0 u_map_filtered=0 lidar_samples=0/0 uv=0 db=0 lidar=0 fused=0 filtered=0 tracks=0 dynamic=0 dyn_points=0 raw_dyn_points=0 service=0/0 split=0->0 (0 outputs) fusion_components=0 visual_only=0 lidar_only=0 yolo_in=0 yolo_match3d=0 yolo_match_det=0 yolo_human=0 fixed_size=0 size_reject=0
[lvdot_detector_main-7] [INFO] [1776955336.130189880] [lvdot_detector_node]: Input health: depth=13 color=10 lidar=15 pose=49 odom=49 yolo=9 depth_pose_sync=0 lidar_pose_sync=0 depth_odom_sync=0 lidar_odom_sync=0
[lvdot_detector_main-7] [INFO] [1776955336.130328637] [lvdot_detector_node]: Stage timers: detection=135 lidar_detection=129 tracking=242 classification=242 vis=239
[lvdot_detector_main-7] [INFO] [1776955336.130343015] [lvdot_detector_node]: Processing phases: detection=run_core lidar_detection=run_lidar_detector/dbscan tracking=waiting_new_filtered_update classification=waiting_new_tracking_update
[lvdot_detector_main-7] [INFO] [1776955336.130356900] [lvdot_detector_node]: Pipeline stats: depth_samples=1511/71300 u_map=3 depth_boxes=0 u_map_merge=0 u_map_db=0 u_map_visual=0 u_map_fused=0 u_map_filtered=0 lidar_samples=3150/121336 uv=2 db=8 lidar=8 fused=10 filtered=10 tracks=10 dynamic=0 dyn_points=0 raw_dyn_points=0 service=0/0 split=10->0 (10 outputs) fusion_components=10 visual_only=2 lidar_only=8 yolo_in=0 yolo_match3d=0 yolo_match_det=0 yolo_human=0 fixed_size=0 size_reject=0
[lvdot_detector_main-7] [INFO] [1776955342.158165777] [lvdot_detector_node]: Input health: depth=34 color=22 lidar=34 pose=97 odom=97 yolo=23 depth_pose_sync=0 lidar_pose_sync=0 depth_odom_sync=0 lidar_odom_sync=0
[lvdot_detector_main-7] [INFO] [1776955342.158251858] [lvdot_detector_node]: Stage timers: detection=142 lidar_detection=131 tracking=420 classification=420 vis=409
[lvdot_detector_main-7] [INFO] [1776955342.158262927] [lvdot_detector_node]: Processing phases: detection=run_core lidar_detection=run_lidar_detector/dbscan tracking=waiting_new_filtered_update classification=run_core
[lvdot_detector_main-7] [INFO] [1776955342.158272810] [lvdot_detector_node]: Pipeline stats: depth_samples=1176/71300 u_map=3 depth_boxes=0 u_map_merge=0 u_map_db=0 u_map_visual=0 u_map_fused=0 u_map_filtered=0 lidar_samples=3372/127911 uv=1 db=13 lidar=65 fused=66 filtered=66 tracks=66 dynamic=0 dyn_points=0 raw_dyn_points=0 service=0/0 split=66->1 (66 outputs) fusion_components=66 visual_only=1 lidar_only=65 yolo_in=2 yolo_match3d=1 yolo_match_det=2 yolo_human=1 fixed_size=0 size_reject=1
[lvdot_detector_main-7] [INFO] [1776955348.148749738] [lvdot_detector_node]: Input health: depth=59 color=42 lidar=57 pose=145 odom=145 yolo=37 depth_pose_sync=0 lidar_pose_sync=0 depth_odom_sync=0 lidar_odom_sync=0
[lvdot_detector_main-7] [INFO] [1776955348.149901026] [lvdot_detector_node]: Stage timers: detection=149 lidar_detection=133 tracking=601 classification=596 vis=574
[lvdot_detector_main-7] [INFO] [1776955348.150614514] [lvdot_detector_node]: Processing phases: detection=run_core lidar_detection=run_lidar_detector/dbscan tracking=waiting_new_filtered_update classification=waiting_new_tracking_update
[lvdot_detector_main-7] [INFO] [1776955348.150945652] [lvdot_detector_node]: Pipeline stats: depth_samples=1536/71300 u_map=0 depth_boxes=0 u_map_merge=0 u_map_db=0 u_map_visual=0 u_map_fused=0 u_map_filtered=0 lidar_samples=3335/126745 uv=0 db=9 lidar=65 fused=65 filtered=65 tracks=65 dynamic=0 dyn_points=0 raw_dyn_points=0 service=0/0 split=65->0 (65 outputs) fusion_components=65 visual_only=0 lidar_only=65 yolo_in=0 yolo_match3d=0 yolo_match_det=0 yolo_human=0 fixed_size=0 size_reject=0
[lvdot_detector_main-7] [INFO] [1776955354.138846004] [lvdot_detector_node]: Input health: depth=73 color=59 lidar=72 pose=192 odom=192 yolo=55 depth_pose_sync=0 lidar_pose_sync=0 depth_odom_sync=0 lidar_odom_sync=0
[lvdot_detector_main-7] [INFO] [1776955354.138927994] [lvdot_detector_node]: Stage timers: detection=155 lidar_detection=136 tracking=781 classification=777 vis=750
[lvdot_detector_main-7] [INFO] [1776955354.138943268] [lvdot_detector_node]: Processing phases: detection=run_core lidar_detection=run_lidar_detector/project tracking=waiting_new_filtered_update classification=waiting_new_tracking_update
[lvdot_detector_main-7] [INFO] [1776955354.138954699] [lvdot_detector_node]: Pipeline stats: depth_samples=1538/71300 u_map=3 depth_boxes=0 u_map_merge=0 u_map_db=0 u_map_visual=0 u_map_fused=0 u_map_filtered=0 lidar_samples=3380/125793 uv=1 db=8 lidar=24 fused=25 filtered=25 tracks=25 dynamic=0 dyn_points=0 raw_dyn_points=0 service=0/0 split=25->0 (25 outputs) fusion_components=25 visual_only=1 lidar_only=24 yolo_in=4 yolo_match3d=1 yolo_match_det=1 yolo_human=1 fixed_size=0 size_reject=1
[lvdot_detector_main-7] [INFO] [1776955360.823806624] [lvdot_detector_node]: Input health: depth=91 color=79 lidar=88 pose=241 odom=241 yolo=68 depth_pose_sync=0 lidar_pose_sync=0 depth_odom_sync=0 lidar_odom_sync=0
[lvdot_detector_main-7] [INFO] [1776955360.823872824] [lvdot_detector_node]: Stage timers: detection=162 lidar_detection=138 tracking=963 classification=959 vis=904
[lvdot_detector_main-7] [INFO] [1776955360.823883124] [lvdot_detector_node]: Processing phases: detection=run_core lidar_detection=run_lidar_detector/project tracking=waiting_new_filtered_update classification=waiting_new_tracking_update
[lvdot_detector_main-7] [INFO] [1776955360.823893024] [lvdot_detector_node]: Pipeline stats: depth_samples=1295/71300 u_map=2 depth_boxes=0 u_map_merge=0 u_map_db=0 u_map_visual=0 u_map_fused=0 u_map_filtered=0 lidar_samples=3455/157643 uv=1 db=15 lidar=23 fused=24 filtered=24 tracks=24 dynamic=2 dyn_points=194 raw_dyn_points=35223 service=0/0 split=24->0 (24 outputs) fusion_components=24 visual_only=1 lidar_only=23 yolo_in=2 yolo_match3d=2 yolo_match_det=2 yolo_human=2 fixed_size=0 size_reject=0
[lvdot_detector_main-7] [INFO] [1776955366.822411880] [lvdot_detector_node]: Input health: depth=117 color=101 lidar=106 pose=289 odom=289 yolo=86 depth_pose_sync=0 lidar_pose_sync=0 depth_odom_sync=0 lidar_odom_sync=0
[lvdot_detector_main-7] [INFO] [1776955366.822527380] [lvdot_detector_node]: Stage timers: detection=170 lidar_detection=140 tracking=1142 classification=1139 vis=1073
[lvdot_detector_main-7] [INFO] [1776955366.822543422] [lvdot_detector_node]: Processing phases: detection=run_core lidar_detection=run_lidar_detector/dbscan tracking=waiting_new_filtered_update classification=waiting_new_tracking_update
[lvdot_detector_main-7] [INFO] [1776955366.822557172] [lvdot_detector_node]: Pipeline stats: depth_samples=1510/71300 u_map=0 depth_boxes=0 u_map_merge=0 u_map_db=0 u_map_visual=0 u_map_fused=0 u_map_filtered=0 lidar_samples=3445/155859 uv=0 db=7 lidar=20 fused=20 filtered=20 tracks=20 dynamic=0 dyn_points=0 raw_dyn_points=0 service=0/0 split=20->0 (20 outputs) fusion_components=20 visual_only=0 lidar_only=20 yolo_in=0 yolo_match3d=0 yolo_match_det=0 yolo_human=0 fixed_size=0 size_reject=0
[lvdot_detector_main-7] [INFO] [1776955372.825071591] [lvdot_detector_node]: Input health: depth=132 color=118 lidar=125 pose=337 odom=337 yolo=103 depth_pose_sync=0 lidar_pose_sync=0 depth_odom_sync=0 lidar_odom_sync=0
[lvdot_detector_main-7] [INFO] [1776955372.825146581] [lvdot_detector_node]: Stage timers: detection=177 lidar_detection=142 tracking=1322 classification=1321 vis=1249
[lvdot_detector_main-7] [INFO] [1776955372.825158271] [lvdot_detector_node]: Processing phases: detection=run_core lidar_detection=run_lidar_detector/cluster_convert tracking=waiting_new_filtered_update classification=waiting_new_tracking_update
[lvdot_detector_main-7] [INFO] [1776955372.825168474] [lvdot_detector_node]: Pipeline stats: depth_samples=1379/71300 u_map=4 depth_boxes=0 u_map_merge=0 u_map_db=0 u_map_visual=0 u_map_fused=0 u_map_filtered=0 lidar_samples=3318/119352 uv=1 db=10 lidar=17 fused=18 filtered=18 tracks=18 dynamic=0 dyn_points=0 raw_dyn_points=0 service=0/0 split=18->0 (18 outputs) fusion_components=18 visual_only=1 lidar_only=17 yolo_in=5 yolo_match3d=0 yolo_match_det=0 yolo_human=0 fixed_size=0 size_reject=0
[lvdot_detector_main-7] [INFO] [1776955378.840071859] [lvdot_detector_node]: Input health: depth=157 color=136 lidar=138 pose=385 odom=385 yolo=118 depth_pose_sync=0 lidar_pose_sync=0 depth_odom_sync=0 lidar_odom_sync=0
[lvdot_detector_main-7] [INFO] [1776955378.840148533] [lvdot_detector_node]: Stage timers: detection=184 lidar_detection=145 tracking=1502 classification=1500 vis=1402
[lvdot_detector_main-7] [INFO] [1776955378.840160421] [lvdot_detector_node]: Processing phases: detection=run_core lidar_detection=run_lidar_detector/project tracking=waiting_new_filtered_update classification=waiting_new_tracking_update
[lvdot_detector_main-7] [INFO] [1776955378.840169138] [lvdot_detector_node]: Pipeline stats: depth_samples=1254/71300 u_map=3 depth_boxes=0 u_map_merge=0 u_map_db=0 u_map_visual=0 u_map_fused=0 u_map_filtered=0 lidar_samples=2516/196559 uv=1 db=13 lidar=4 fused=61 filtered=61 tracks=61 dynamic=0 dyn_points=0 raw_dyn_points=0 service=0/0 split=61->0 (61 outputs) fusion_components=61 visual_only=1 lidar_only=60 yolo_in=1 yolo_match3d=0 yolo_match_det=0 yolo_human=0 fixed_size=0 size_reject=0
[lvdot_detector_main-7] [INFO] [1776955384.825884577] [lvdot_detector_node]: Input health: depth=183 color=165 lidar=157 pose=433 odom=433 yolo=137 depth_pose_sync=0 lidar_pose_sync=0 depth_odom_sync=0 lidar_odom_sync=0
[lvdot_detector_main-7] [INFO] [1776955384.825945896] [lvdot_detector_node]: Stage timers: detection=192 lidar_detection=147 tracking=1682 classification=1681 vis=1559
[lvdot_detector_main-7] [INFO] [1776955384.825956786] [lvdot_detector_node]: Processing phases: detection=run_core lidar_detection=run_lidar_detector/dbscan tracking=waiting_new_filtered_update classification=waiting_new_tracking_update
[lvdot_detector_main-7] [INFO] [1776955384.825965616] [lvdot_detector_node]: Pipeline stats: depth_samples=1510/71300 u_map=0 depth_boxes=0 u_map_merge=0 u_map_db=0 u_map_visual=0 u_map_fused=0 u_map_filtered=0 lidar_samples=3354/107983 uv=0 db=7 lidar=7 fused=7 filtered=7 tracks=7 dynamic=0 dyn_points=0 raw_dyn_points=0 service=0/0 split=7->0 (7 outputs) fusion_components=7 visual_only=0 lidar_only=7 yolo_in=4 yolo_match3d=0 yolo_match_det=0 yolo_human=0 fixed_size=0 size_reject=0
[lvdot_detector_main-7] [INFO] [1776955391.422227278] [lvdot_detector_node]: Input health: depth=197 color=184 lidar=173 pose=482 odom=482 yolo=153 depth_pose_sync=0 lidar_pose_sync=0 depth_odom_sync=0 lidar_odom_sync=0
[lvdot_detector_main-7] [INFO] [1776955391.422348618] [lvdot_detector_node]: Stage timers: detection=199 lidar_detection=149 tracking=1864 classification=1863 vis=1736
[lvdot_detector_main-7] [INFO] [1776955391.422361979] [lvdot_detector_node]: Processing phases: detection=run_core lidar_detection=run_lidar_detector/dbscan tracking=waiting_new_filtered_update classification=waiting_new_tracking_update
[lvdot_detector_main-7] [INFO] [1776955391.422372371] [lvdot_detector_node]: Pipeline stats: depth_samples=1426/71300 u_map=4 depth_boxes=0 u_map_merge=0 u_map_db=0 u_map_visual=0 u_map_fused=0 u_map_filtered=0 lidar_samples=3342/133669 uv=2 db=12 lidar=17 fused=19 filtered=19 tracks=19 dynamic=2 dyn_points=78 raw_dyn_points=78 service=0/0 split=19->1 (19 outputs) fusion_components=19 visual_only=2 lidar_only=17 yolo_in=3 yolo_match3d=2 yolo_match_det=3 yolo_human=2 fixed_size=0 size_reject=0
[lvdot_detector_main-7] [INFO] [1776955397.422042847] [lvdot_detector_node]: Input health: depth=214 color=200 lidar=193 pose=530 odom=530 yolo=168 depth_pose_sync=0 lidar_pose_sync=0 depth_odom_sync=0 lidar_odom_sync=0
[lvdot_detector_main-7] [INFO] [1776955397.422138364] [lvdot_detector_node]: Stage timers: detection=206 lidar_detection=152 tracking=2046 classification=2044 vis=1895
[lvdot_detector_main-7] [INFO] [1776955397.422153489] [lvdot_detector_node]: Processing phases: detection=run_core lidar_detection=run_lidar_detector/downsample tracking=waiting_new_filtered_update classification=waiting_new_tracking_update
[lvdot_detector_main-7] [INFO] [1776955397.422160272] [lvdot_detector_node]: Pipeline stats: depth_samples=1500/71300 u_map=2 depth_boxes=0 u_map_merge=0 u_map_db=0 u_map_visual=0 u_map_fused=0 u_map_filtered=0 lidar_samples=3108/132888 uv=2 db=14 lidar=15 fused=12 filtered=12 tracks=12 dynamic=0 dyn_points=0 raw_dyn_points=0 service=0/0 split=12->0 (12 outputs) fusion_components=12 visual_only=2 lidar_only=10 yolo_in=0 yolo_match3d=0 yolo_match_det=0 yolo_human=0 fixed_size=0 size_reject=0
[lvdot_detector_main-7] [INFO] [1776955403.431647666] [lvdot_detector_node]: Input health: depth=243 color=225 lidar=214 pose=578 odom=578 yolo=184 depth_pose_sync=0 lidar_pose_sync=0 depth_odom_sync=0 lidar_odom_sync=0
[lvdot_detector_main-7] [INFO] [1776955403.431715566] [lvdot_detector_node]: Stage timers: detection=214 lidar_detection=154 tracking=2228 classification=2226 vis=2072
[lvdot_detector_main-7] [INFO] [1776955403.431726966] [lvdot_detector_node]: Processing phases: detection=run_core lidar_detection=run_lidar_detector/dbscan tracking=waiting_new_filtered_update classification=waiting_new_tracking_update
[lvdot_detector_main-7] [INFO] [1776955403.431735766] [lvdot_detector_node]: Pipeline stats: depth_samples=1558/71300 u_map=3 depth_boxes=0 u_map_merge=0 u_map_db=0 u_map_visual=0 u_map_fused=0 u_map_filtered=0 lidar_samples=3312/116803 uv=2 db=10 lidar=7 fused=9 filtered=9 tracks=9 dynamic=1 dyn_points=0 raw_dyn_points=0 service=0/0 split=9->0 (9 outputs) fusion_components=9 visual_only=2 lidar_only=7 yolo_in=1 yolo_match3d=1 yolo_match_det=1 yolo_human=1 fixed_size=0 size_reject=0
[lvdot_detector_main-7] [INFO] [1776955409.430287873] [lvdot_detector_node]: Input health: depth=260 color=244 lidar=236 pose=626 odom=626 yolo=202 depth_pose_sync=0 lidar_pose_sync=0 depth_odom_sync=0 lidar_odom_sync=0
[lvdot_detector_main-7] [INFO] [1776955409.431292128] [lvdot_detector_node]: Stage timers: detection=221 lidar_detection=157 tracking=2410 classification=2408 vis=2248
[lvdot_detector_main-7] [INFO] [1776955409.431319164] [lvdot_detector_node]: Processing phases: detection=run_core lidar_detection=run_lidar_detector/downsample tracking=waiting_new_filtered_update classification=waiting_new_tracking_update
[lvdot_detector_main-7] [INFO] [1776955409.431332141] [lvdot_detector_node]: Pipeline stats: depth_samples=1514/71300 u_map=3 depth_boxes=0 u_map_merge=0 u_map_db=0 u_map_visual=0 u_map_fused=0 u_map_filtered=0 lidar_samples=3243/164565 uv=1 db=9 lidar=74 fused=16 filtered=16 tracks=16 dynamic=1 dyn_points=116 raw_dyn_points=175 service=0/0 split=16->0 (16 outputs) fusion_components=16 visual_only=1 lidar_only=15 yolo_in=3 yolo_match3d=1 yolo_match_det=1 yolo_human=1 fixed_size=0 size_reject=0
[lvdot_detector_main-7] [INFO] [1776955415.441130425] [lvdot_detector_node]: Input health: depth=284 color=259 lidar=252 pose=674 odom=674 yolo=218 depth_pose_sync=0 lidar_pose_sync=0 depth_odom_sync=0 lidar_odom_sync=0
[lvdot_detector_main-7] [INFO] [1776955415.441285566] [lvdot_detector_node]: Stage timers: detection=228 lidar_detection=159 tracking=2586 classification=2583 vis=2410
[lvdot_detector_main-7] [INFO] [1776955415.441302405] [lvdot_detector_node]: Processing phases: detection=run_core lidar_detection=run_lidar_detector/dbscan tracking=waiting_new_filtered_update classification=waiting_new_tracking_update
[lvdot_detector_main-7] [INFO] [1776955415.441309580] [lvdot_detector_node]: Pipeline stats: depth_samples=1492/71300 u_map=3 depth_boxes=0 u_map_merge=0 u_map_db=0 u_map_visual=0 u_map_fused=0 u_map_filtered=0 lidar_samples=2650/105434 uv=1 db=18 lidar=2 fused=3 filtered=3 tracks=3 dynamic=0 dyn_points=0 raw_dyn_points=0 service=0/0 split=3->0 (3 outputs) fusion_components=3 visual_only=1 lidar_only=2 yolo_in=1 yolo_match3d=0 yolo_match_det=0 yolo_human=0 fixed_size=0 size_reject=0
[lvdot_detector_main-7] [INFO] [1776955421.422053677] [lvdot_detector_node]: Input health: depth=305 color=275 lidar=266 pose=722 odom=722 yolo=234 depth_pose_sync=0 lidar_pose_sync=0 depth_odom_sync=0 lidar_odom_sync=0
[lvdot_detector_main-7] [INFO] [1776955421.422149136] [lvdot_detector_node]: Stage timers: detection=236 lidar_detection=162 tracking=2764 classification=2760 vis=2581
[lvdot_detector_main-7] [INFO] [1776955421.422163699] [lvdot_detector_node]: Processing phases: detection=run_core lidar_detection=run_lidar_detector/project tracking=waiting_new_filtered_update classification=waiting_new_tracking_update
[lvdot_detector_main-7] [INFO] [1776955421.422174072] [lvdot_detector_node]: Pipeline stats: depth_samples=1520/71300 u_map=3 depth_boxes=0 u_map_merge=0 u_map_db=0 u_map_visual=0 u_map_fused=0 u_map_filtered=0 lidar_samples=3418/107932 uv=0 db=9 lidar=4 fused=4 filtered=4 tracks=4 dynamic=0 dyn_points=0 raw_dyn_points=0 service=0/0 split=4->0 (4 outputs) fusion_components=4 visual_only=0 lidar_only=4 yolo_in=0 yolo_match3d=0 yolo_match_det=0 yolo_human=0 fixed_size=0 size_reject=0
[lvdot_detector_main-7] [INFO] [1776955428.057481626] [lvdot_detector_node]: Input health: depth=323 color=293 lidar=283 pose=770 odom=770 yolo=251 depth_pose_sync=0 lidar_pose_sync=0 depth_odom_sync=0 lidar_odom_sync=0
[lvdot_detector_main-7] [INFO] [1776955428.057578681] [lvdot_detector_node]: Stage timers: detection=243 lidar_detection=164 tracking=2946 classification=2941 vis=2749
[lvdot_detector_main-7] [INFO] [1776955428.057592147] [lvdot_detector_node]: Processing phases: detection=run_core lidar_detection=run_lidar_detector/dbscan tracking=waiting_new_filtered_update classification=waiting_new_tracking_update
[lvdot_detector_main-7] [INFO] [1776955428.057602221] [lvdot_detector_node]: Pipeline stats: depth_samples=1802/71300 u_map=2 depth_boxes=0 u_map_merge=0 u_map_db=0 u_map_visual=0 u_map_fused=0 u_map_filtered=0 lidar_samples=3171/131413 uv=1 db=12 lidar=25 fused=18 filtered=18 tracks=18 dynamic=1 dyn_points=52 raw_dyn_points=0 service=0/0 split=18->0 (18 outputs) fusion_components=18 visual_only=1 lidar_only=17 yolo_in=2 yolo_match3d=1 yolo_match_det=1 yolo_human=1 fixed_size=0 size_reject=0
[lvdot_detector_main-7] [INFO] [1776955434.060029649] [lvdot_detector_node]: Input health: depth=345 color=309 lidar=289 pose=818 odom=818 yolo=262 depth_pose_sync=0 lidar_pose_sync=0 depth_odom_sync=0 lidar_odom_sync=0
[lvdot_detector_main-7] [INFO] [1776955434.060093149] [lvdot_detector_node]: Stage timers: detection=250 lidar_detection=174 tracking=3126 classification=3121 vis=2911
[lvdot_detector_main-7] [INFO] [1776955434.060104649] [lvdot_detector_node]: Processing phases: detection=run_core lidar_detection=run_lidar_detector/dbscan tracking=waiting_new_filtered_update classification=waiting_new_tracking_update
[lvdot_detector_main-7] [INFO] [1776955434.060113349] [lvdot_detector_node]: Pipeline stats: depth_samples=1348/71300 u_map=2 depth_boxes=0 u_map_merge=0 u_map_db=0 u_map_visual=0 u_map_fused=0 u_map_filtered=0 lidar_samples=2901/135778 uv=1 db=8 lidar=1 fused=2 filtered=2 tracks=2 dynamic=1 dyn_points=76 raw_dyn_points=1147 service=0/0 split=2->0 (2 outputs) fusion_components=2 visual_only=1 lidar_only=1 yolo_in=1 yolo_match3d=1 yolo_match_det=1 yolo_human=1 fixed_size=0 size_reject=0
[lvdot_detector_main-7] [INFO] [1776955440.059850277] [lvdot_detector_node]: Input health: depth=365 color=327 lidar=307 pose=865 odom=865 yolo=277 depth_pose_sync=0 lidar_pose_sync=0 depth_odom_sync=0 lidar_odom_sync=0
[lvdot_detector_main-7] [INFO] [1776955440.059968325] [lvdot_detector_node]: Stage timers: detection=257 lidar_detection=177 tracking=3308 classification=3302 vis=3077
[lvdot_detector_main-7] [INFO] [1776955440.059984898] [lvdot_detector_node]: Processing phases: detection=run_core lidar_detection=run_lidar_detector/decode tracking=idle classification=waiting_new_tracking_update
[lvdot_detector_main-7] [INFO] [1776955440.059996722] [lvdot_detector_node]: Pipeline stats: depth_samples=1618/71300 u_map=3 depth_boxes=0 u_map_merge=0 u_map_db=0 u_map_visual=0 u_map_fused=0 u_map_filtered=0 lidar_samples=3446/107959 uv=0 db=11 lidar=5 fused=5 filtered=5 tracks=5 dynamic=0 dyn_points=0 raw_dyn_points=0 service=0/0 split=5->0 (5 outputs) fusion_components=5 visual_only=0 lidar_only=5 yolo_in=0 yolo_match3d=0 yolo_match_det=0 yolo_human=0 fixed_size=0 size_reject=0
[lvdot_detector_main-7] [INFO] [1776955446.059275086] [lvdot_detector_node]: Input health: depth=376 color=338 lidar=316 pose=913 odom=913 yolo=287 depth_pose_sync=0 lidar_pose_sync=0 depth_odom_sync=0 lidar_odom_sync=0
[lvdot_detector_main-7] [INFO] [1776955446.059529317] [lvdot_detector_node]: Stage timers: detection=264 lidar_detection=179 tracking=3488 classification=3483 vis=3242
[lvdot_detector_main-7] [INFO] [1776955446.059556743] [lvdot_detector_node]: Processing phases: detection=run_core lidar_detection=run_lidar_detector/project tracking=waiting_new_filtered_update classification=waiting_new_tracking_update
[lvdot_detector_main-7] [INFO] [1776955446.059567398] [lvdot_detector_node]: Pipeline stats: depth_samples=1707/71300 u_map=3 depth_boxes=0 u_map_merge=0 u_map_db=0 u_map_visual=0 u_map_fused=0 u_map_filtered=0 lidar_samples=3078/133140 uv=0 db=13 lidar=22 fused=19 filtered=20 tracks=20 dynamic=1 dyn_points=11 raw_dyn_points=0 service=0/0 split=19->1 (20 outputs) fusion_components=19 visual_only=0 lidar_only=19 yolo_in=3 yolo_match3d=1 yolo_match_det=2 yolo_human=2 fixed_size=0 size_reject=1
[lvdot_detector_main-7] [INFO] [1776955452.054728013] [lvdot_detector_node]: Input health: depth=391 color=356 lidar=326 pose=960 odom=960 yolo=300 depth_pose_sync=0 lidar_pose_sync=0 depth_odom_sync=0 lidar_odom_sync=0
[lvdot_detector_main-7] [INFO] [1776955452.054791941] [lvdot_detector_node]: Stage timers: detection=271 lidar_detection=181 tracking=3667 classification=3661 vis=3385
[lvdot_detector_main-7] [INFO] [1776955452.054802990] [lvdot_detector_node]: Processing phases: detection=run_core lidar_detection=run_lidar_detector/dbscan tracking=waiting_new_filtered_update classification=idle
[lvdot_detector_main-7] [INFO] [1776955452.054812165] [lvdot_detector_node]: Pipeline stats: depth_samples=1407/71300 u_map=1 depth_boxes=0 u_map_merge=0 u_map_db=0 u_map_visual=0 u_map_fused=0 u_map_filtered=0 lidar_samples=3152/123172 uv=1 db=10 lidar=19 fused=20 filtered=20 tracks=20 dynamic=0 dyn_points=0 raw_dyn_points=0 service=0/0 split=20->0 (20 outputs) fusion_components=20 visual_only=1 lidar_only=19 yolo_in=0 yolo_match3d=0 yolo_match_det=0 yolo_human=0 fixed_size=0 size_reject=0
[lvdot_detector_main-7] [INFO] [1776955458.704313786] [lvdot_detector_node]: Input health: depth=407 color=371 lidar=335 pose=1006 odom=1006 yolo=308 depth_pose_sync=0 lidar_pose_sync=0 depth_odom_sync=0 lidar_odom_sync=0
[lvdot_detector_main-7] [INFO] [1776955458.705222239] [lvdot_detector_node]: Stage timers: detection=277 lidar_detection=183 tracking=3849 classification=3842 vis=3557
[lvdot_detector_main-7] [INFO] [1776955458.705254013] [lvdot_detector_node]: Processing phases: detection=run_core lidar_detection=run_lidar_detector/dbscan tracking=waiting_new_filtered_update classification=waiting_new_tracking_update
[lvdot_detector_main-7] [INFO] [1776955458.705265403] [lvdot_detector_node]: Pipeline stats: depth_samples=1554/71300 u_map=3 depth_boxes=0 u_map_merge=0 u_map_db=0 u_map_visual=0 u_map_fused=0 u_map_filtered=0 lidar_samples=3381/107848 uv=2 db=9 lidar=7 fused=9 filtered=9 tracks=9 dynamic=0 dyn_points=0 raw_dyn_points=0 service=0/0 split=9->0 (9 outputs) fusion_components=9 visual_only=2 lidar_only=7 yolo_in=0 yolo_match3d=0 yolo_match_det=0 yolo_human=0 fixed_size=0 size_reject=0
[lvdot_detector_main-7] [INFO] [1776955464.709485219] [lvdot_detector_node]: Input health: depth=416 color=385 lidar=343 pose=1054 odom=1054 yolo=320 depth_pose_sync=0 lidar_pose_sync=0 depth_odom_sync=0 lidar_odom_sync=0
[lvdot_detector_main-7] [INFO] [1776955464.709676005] [lvdot_detector_node]: Stage timers: detection=284 lidar_detection=185 tracking=4027 classification=4023 vis=3701
[lvdot_detector_main-7] [INFO] [1776955464.709694268] [lvdot_detector_node]: Processing phases: detection=run_core lidar_detection=run_lidar_detector/dbscan tracking=waiting_new_filtered_update classification=waiting_new_tracking_update
[lvdot_detector_main-7] [INFO] [1776955464.709701845] [lvdot_detector_node]: Pipeline stats: depth_samples=1339/71300 u_map=4 depth_boxes=0 u_map_merge=0 u_map_db=0 u_map_visual=0 u_map_fused=0 u_map_filtered=0 lidar_samples=3028/167226 uv=1 db=9 lidar=52 fused=53 filtered=53 tracks=53 dynamic=1 dyn_points=64 raw_dyn_points=0 service=0/0 split=53->1 (53 outputs) fusion_components=53 visual_only=1 lidar_only=52 yolo_in=5 yolo_match3d=1 yolo_match_det=3 yolo_human=1 fixed_size=0 size_reject=0
[lvdot_detector_main-7] [INFO] [1776955468.599649331] [lvdot_detector_node]: get_dynamic_obstacles responded with 0 obstacles from 0 tracked dynamic boxes.
